1.765: [GC 1.765: [ParNew: 13184K->1600K(14784K), 0.0340210 secs] 13184K->2246K(63936K), 0.0341540 secs] [Times: user=0.06 sys=0.01, real=0.04 secs] 
4.291: [GC 4.291: [ParNew: 14784K->1600K(14784K), 0.0555070 secs] 15430K->4757K(63936K), 0.0556510 secs] [Times: user=0.09 sys=0.00, real=0.06 secs] 
6.978: [GC 6.978: [ParNew: 14784K->1600K(14784K), 0.0195570 secs] 17941K->6097K(63936K), 0.0196620 secs] [Times: user=0.04 sys=0.00, real=0.02 secs] 
7.305: [Full GC 7.305: [CMS: 4497K->5286K(49152K), 0.1446440 secs] 9703K->5286K(63936K), [CMS Perm : 16383K->16374K(16384K)], 0.1448420 secs] [Times: user=0.18 sys=0.01, real=0.15 secs] 
9.020: [GC 9.021: [ParNew: 13184K->1372K(14784K), 0.0177190 secs] 18470K->6658K(63936K), 0.0178940 secs] [Times: user=0.03 sys=0.00, real=0.02 secs] 
10.432: [GC 10.432: [ParNew: 14556K->1600K(14784K), 0.0318860 secs] 19842K->7943K(63936K), 0.0320590 secs] [Times: user=0.04 sys=0.00, real=0.03 secs] 
11.044: [GC 11.044: [ParNew: 14784K->649K(14784K), 0.0210230 secs] 21127K->7872K(63936K), 0.0212070 secs] [Times: user=0.03 sys=0.00, real=0.02 secs] 
11.237: [Full GC 11.237: [CMS: 7222K->6959K(49152K), 0.2612110 secs] 13529K->6959K(63936K), [CMS Perm : 27248K->27240K(27292K)], 0.2616380 secs] [Times: user=0.25 sys=0.01, real=0.26 secs] 
12.212: [GC 12.212: [ParNew: 13184K->1477K(14784K), 0.0091810 secs] 20143K->8436K(63936K), 0.0092940 secs] [Times: user=0.02 sys=0.00, real=0.01 secs] 
13.015: [GC 13.015: [ParNew: 14562K->1600K(14784K), 0.0296220 secs] 21522K->10373K(63936K), 0.0297370 secs] [Times: user=0.05 sys=0.00, real=0.02 secs] 
14.096: [GC 14.096: [ParNew: 14784K->1600K(14784K), 0.0731850 secs] 23557K->12736K(63936K), 0.0733480 secs] [Times: user=0.13 sys=0.01, real=0.07 secs] 
15.339: [GC 15.339: [ParNew: 14784K->1600K(14784K), 0.0350570 secs] 25920K->14869K(63936K), 0.0351630 secs] [Times: user=0.04 sys=0.00, real=0.04 secs] 
17.452: [GC 17.452: [ParNew: 14784K->1600K(14784K), 0.0252600 secs] 28053K->17100K(63936K), 0.0253720 secs] [Times: user=0.04 sys=0.00, real=0.03 secs] 
18.684: [GC 18.684: [ParNew: 14784K->1600K(14784K), 0.0312450 secs] 30284K->19286K(63936K), 0.0313960 secs] [Times: user=0.04 sys=0.02, real=0.04 secs] 
24.179: [GC 24.179: [ParNew: 14784K->1600K(14784K), 0.0208290 secs] 32470K->21276K(63936K), 0.0209430 secs] [Times: user=0.04 sys=0.00, real=0.02 secs] 
30.850: [GC 30.850: [ParNew: 14784K->1600K(14784K), 0.0098790 secs] 34460K->22337K(63936K), 0.0099910 secs] [Times: user=0.01 sys=0.00, real=0.01 secs] 
31.498: [GC 31.498: [ParNew: 14784K->1192K(14784K), 0.0036160 secs] 35521K->21930K(63936K), 0.0037280 secs] [Times: user=0.01 sys=0.00, real=0.00 secs] 
32.096: [GC 32.096: [ParNew: 14376K->1112K(14784K), 0.0031110 secs] 35114K->21849K(63936K), 0.0032070 secs] [Times: user=0.00 sys=0.00, real=0.00 secs] 
55.684: [GC 55.684: [ParNew: 14296K->1164K(14784K), 0.0061400 secs] 35033K->21901K(63936K), 0.0063060 secs] [Times: user=0.01 sys=0.00, real=0.00 secs] 
151.714: [GC 151.714: [ParNew: 14348K->811K(14784K), 0.0108010 secs] 35085K->22255K(63936K), 0.0109850 secs] [Times: user=0.01 sys=0.00, real=0.01 secs] 
248.972: [GC 248.973: [ParNew: 13995K->258K(14784K), 0.0031860 secs] 35439K->21703K(63936K), 0.0033380 secs] [Times: user=0.01 sys=0.00, real=0.00 secs] 
348.089: [GC 348.089: [ParNew: 13442K->224K(14784K), 0.0020860 secs] 34887K->21668K(63936K), 0.0021980 secs] [Times: user=0.01 sys=0.00, real=0.00 secs] 
446.651: [GC 446.651: [ParNew: 13408K->170K(14784K), 0.0021580 secs] 34852K->21627K(63936K), 0.0022550 secs] [Times: user=0.01 sys=0.00, real=0.00 secs] 
544.129: [GC 544.129: [ParNew: 13354K->170K(14784K), 0.0019230 secs] 34811K->21626K(63936K), 0.0020140 secs] [Times: user=0.01 sys=0.00, real=0.00 secs] 
642.059: [GC 642.059: [ParNew: 13354K->171K(14784K), 0.0028770 secs] 34810K->21628K(63936K), 0.0030250 secs] [Times: user=0.00 sys=0.00, real=0.00 secs] 
744.623: [GC 744.623: [ParNew: 13355K->179K(14784K), 0.0016430 secs] 34812K->21635K(63936K), 0.0018020 secs] [Times: user=0.00 sys=0.01, real=0.00 secs] 
845.931: [GC 845.931: [ParNew: 13363K->177K(14784K), 0.0015670 secs] 34819K->21634K(63936K), 0.0016620 secs] [Times: user=0.00 sys=0.01, real=0.00 secs] 
951.376: [GC 951.376: [ParNew: 13361K->173K(14784K), 0.0016240 secs] 34818K->21630K(63936K), 0.0017080 secs] [Times: user=0.00 sys=0.00, real=0.00 secs] 
1051.090: [GC 1051.090: [ParNew: 13357K->176K(14784K), 0.0028480 secs] 34814K->21633K(63936K), 0.0030000 secs] [Times: user=0.01 sys=0.00, real=0.01 secs] 
1149.696: [GC 1149.697: [ParNew: 13360K->214K(14784K), 0.0030260 secs] 34817K->21671K(63936K), 0.0031750 secs] [Times: user=0.00 sys=0.00, real=0.00 secs] 
1247.120: [GC 1247.120: [ParNew: 13398K->159K(14784K), 0.0030830 secs] 34855K->21616K(63936K), 0.0032320 secs] [Times: user=0.00 sys=0.00, real=0.00 secs] 
1344.620: [GC 1344.620: [ParNew: 13343K->198K(14784K), 0.0030050 secs] 34800K->21655K(63936K), 0.0031570 secs] [Times: user=0.00 sys=0.00, real=0.01 secs] 
1443.150: [GC 1443.150: [ParNew: 13382K->147K(14784K), 0.0029390 secs] 34839K->21604K(63936K), 0.0030850 secs] [Times: user=0.00 sys=0.00, real=0.00 secs] 
1541.983: [GC 1541.983: [ParNew: 13331K->197K(14784K), 0.0028800 secs] 34788K->21654K(63936K), 0.0030240 secs] [Times: user=0.00 sys=0.00, real=0.00 secs] 
1641.179: [GC 1641.179: [ParNew: 13381K->149K(14784K), 0.0029320 secs] 34838K->21606K(63936K), 0.0030740 secs] [Times: user=0.00 sys=0.00, real=0.00 secs] 
1740.813: [GC 1740.813: [ParNew: 13333K->196K(14784K), 0.0028860 secs] 34790K->21654K(63936K), 0.0030300 secs] [Times: user=0.00 sys=0.00, real=0.00 secs] 
1840.512: [GC 1840.512: [ParNew: 13380K->149K(14784K), 0.0029370 secs] 34838K->21607K(63936K), 0.0031060 secs] [Times: user=0.01 sys=0.00, real=0.00 secs] 
1938.566: [GC 1938.566: [ParNew: 13333K->169K(14784K), 0.0028830 secs] 34791K->21627K(63936K), 0.0030330 secs] [Times: user=0.01 sys=0.00, real=0.01 secs] 
2035.883: [GC 2035.883: [ParNew: 13353K->170K(14784K), 0.0028060 secs] 34811K->21627K(63936K), 0.0029520 secs] [Times: user=0.00 sys=0.01, real=0.00 secs] 
2133.255: [GC 2133.255: [ParNew: 13354K->175K(14784K), 0.0028560 secs] 34811K->21633K(63936K), 0.0030030 secs] [Times: user=0.00 sys=0.00, real=0.00 secs] 
2231.269: [GC 2231.269: [ParNew: 13359K->171K(14784K), 0.0034520 secs] 34817K->21629K(63936K), 0.0036060 secs] [Times: user=0.00 sys=0.00, real=0.00 secs] 
2329.284: [GC 2329.284: [ParNew: 13355K->169K(14784K), 0.0028240 secs] 34813K->21627K(63936K), 0.0029680 secs] [Times: user=0.00 sys=0.00, real=0.00 secs] 
2427.299: [GC 2427.299: [ParNew: 13353K->169K(14784K), 0.0028030 secs] 34811K->21627K(63936K), 0.0029490 secs] [Times: user=0.01 sys=0.01, real=0.00 secs] 
2528.538: [GC 2528.538: [ParNew: 13353K->210K(14784K), 0.0016230 secs] 34811K->21668K(63936K), 0.0017130 secs] [Times: user=0.00 sys=0.00, real=0.01 secs] 
2629.017: [GC 2629.017: [ParNew: 13394K->160K(14784K), 0.0030910 secs] 34852K->21617K(63936K), 0.0032490 secs] [Times: user=0.00 sys=0.00, real=0.00 secs] 
2728.767: [GC 2728.767: [ParNew: 13344K->198K(14784K), 0.0028900 secs] 34801K->21656K(63936K), 0.0030360 secs] [Times: user=0.01 sys=0.00, real=0.00 secs] 
2831.365: [GC 2831.365: [ParNew: 13382K->174K(14784K), 0.0030370 secs] 34840K->21632K(63936K), 0.0031850 secs] [Times: user=0.01 sys=0.00, real=0.00 secs] 
2929.592: [GC 2929.592: [ParNew: 13358K->194K(14784K), 0.0028740 secs] 34816K->21652K(63936K), 0.0030180 secs] [Times: user=0.01 sys=0.00, real=0.01 secs] 
3027.396: [GC 3027.396: [ParNew: 13378K->147K(14784K), 0.0025470 secs] 34836K->21605K(63936K), 0.0026400 secs] [Times: user=0.01 sys=0.00, real=0.01 secs] 
3127.411: [GC 3127.411: [ParNew: 13331K->194K(14784K), 0.0028130 secs] 34789K->21652K(63936K), 0.0029520 secs] [Times: user=0.00 sys=0.01, real=0.00 secs] 
3225.424: [GC 3225.425: [ParNew: 13378K->148K(14784K), 0.0028280 secs] 34836K->21606K(63936K), 0.0029760 secs] [Times: user=0.01 sys=0.00, real=0.01 secs] 
3324.075: [GC 3324.075: [ParNew: 13332K->195K(14784K), 0.0028750 secs] 34790K->21653K(63936K), 0.0030220 secs] [Times: user=0.00 sys=0.00, real=0.00 secs] 
3425.455: [GC 3425.455: [ParNew: 13379K->148K(14784K), 0.0030040 secs] 34837K->21606K(63936K), 0.0031570 secs] [Times: user=0.00 sys=0.00, real=0.00 secs] 
3527.471: [GC 3527.471: [ParNew: 13332K->158K(14784K), 0.0027960 secs] 34790K->21616K(63936K), 0.0029470 secs] [Times: user=0.00 sys=0.00, real=0.00 secs] 
3625.486: [GC 3625.486: [ParNew: 13342K->167K(14784K), 0.0028470 secs] 34800K->21625K(63936K), 0.0029940 secs] [Times: user=0.00 sys=0.00, real=0.00 secs] 
3725.218: [GC 3725.218: [ParNew: 13351K->170K(14784K), 0.0028490 secs] 34809K->21628K(63936K), 0.0030000 secs] [Times: user=0.01 sys=0.00, real=0.00 secs] 
3823.515: [GC 3823.515: [ParNew: 13354K->174K(14784K), 0.0028760 secs] 34812K->21632K(63936K), 0.0030230 secs] [Times: user=0.00 sys=0.00, real=0.01 secs] 
3920.237: [GC 3920.238: [ParNew: 13358K->172K(14784K), 0.0022320 secs] 34816K->21630K(63936K), 0.0023280 secs] [Times: user=0.00 sys=0.00, real=0.00 secs] 
