2.549: [GC 2.549: [ParNew: 26240K->3264K(29504K), 0.0339310 secs] 26240K->4836K(62272K), 0.0340160 secs] [Times: user=0.03 sys=0.00, real=0.03 secs] 
3.767: [Full GC 3.767: [CMS: 1572K->5933K(32768K), 0.1074880 secs] 22112K->5933K(62272K), [CMS Perm : 16383K->16374K(16384K)], 0.1075940 secs] [Times: user=0.09 sys=0.01, real=0.10 secs] 
3.876: [Full GC 3.876: [CMS: 5933K->5925K(32768K), 0.0760160 secs] 6196K->5925K(62336K), [CMS Perm : 16383K->16383K(16384K)], 0.0760900 secs] [Times: user=0.07 sys=0.00, real=0.08 secs] 
3.952: [Full GC 3.952: [CMS: 5925K->4889K(32768K), 0.0827740 secs] 5925K->4889K(62336K), [CMS Perm : 16383K->16270K(16512K)], 0.0828360 secs] [Times: user=0.08 sys=0.00, real=0.08 secs] 
4.050: [Full GC 4.050: [CMS: 4889K->4924K(32768K), 0.0916110 secs] 5152K->4924K(62336K), [CMS Perm : 16511K->16511K(16512K)], 0.0916940 secs] [Times: user=0.08 sys=0.00, real=0.09 secs] 
4.142: [Full GC 4.142: [CMS: 4924K->4924K(32768K), 0.0874330 secs] 4924K->4924K(62336K), [CMS Perm : 16511K->16511K(16640K)], 0.0875060 secs] [Times: user=0.08 sys=0.00, real=0.09 secs] 
4.239: [Full GC 4.239: [CMS: 4924K->4926K(32768K), 0.0755020 secs] 5188K->4926K(62336K), [CMS Perm : 16639K->16639K(16640K)], 0.0755740 secs] [Times: user=0.08 sys=0.00, real=0.07 secs] 
4.315: [Full GC 4.315: [CMS: 4926K->4910K(32768K), 0.0667890 secs] 4926K->4910K(62336K), [CMS Perm : 16639K->16628K(16768K)], 0.0668580 secs] [Times: user=0.06 sys=0.00, real=0.07 secs] 
4.389: [Full GC 4.389: [CMS: 4910K->4912K(32768K), 0.0749560 secs] 5173K->4912K(62336K), [CMS Perm : 16767K->16767K(16768K)], 0.0750520 secs] [Times: user=0.07 sys=0.00, real=0.07 secs] 
4.464: [Full GC 4.464: [CMS: 4912K->4912K(32768K), 0.0737860 secs] 4912K->4912K(62336K), [CMS Perm : 16767K->16767K(16896K)], 0.0738630 secs] [Times: user=0.07 sys=0.00, real=0.08 secs] 
4.546: [Full GC 4.546: [CMS: 4912K->4954K(32768K), 0.0736290 secs] 5175K->4954K(62336K), [CMS Perm : 16895K->16895K(16896K)], 0.0737020 secs] [Times: user=0.06 sys=0.00, real=0.07 secs] 
4.620: [Full GC 4.620: [CMS: 4954K->4954K(32768K), 0.0728530 secs] 4954K->4954K(62336K), [CMS Perm : 16896K->16896K(16896K)], 0.0729300 secs] [Times: user=0.07 sys=0.00, real=0.07 secs] 
4.693: [Full GC 4.693: [CMS: 4954K->4954K(32768K), 0.0727850 secs] 4954K->4954K(62336K), [CMS Perm : 16896K->16896K(17024K)], 0.0728670 secs] [Times: user=0.07 sys=0.00, real=0.08 secs] 
4.776: [Full GC 4.776: [CMS: 4954K->4958K(32768K), 0.0754840 secs] 5218K->4958K(62336K), [CMS Perm : 17023K->17023K(17024K)], 0.0755580 secs] [Times: user=0.08 sys=0.00, real=0.08 secs] 
4.853: [Full GC 4.853: [CMS: 4958K->4937K(32768K), 0.0767500 secs] 4958K->4937K(62336K), [CMS Perm : 17023K->17008K(17152K)], 0.0768240 secs] [Times: user=0.07 sys=0.00, real=0.08 secs] 
4.942: [Full GC 4.942: [CMS: 4937K->4949K(32768K), 0.0797770 secs] 5201K->4949K(62336K), [CMS Perm : 17151K->17151K(17152K)], 0.0798550 secs] [Times: user=0.08 sys=0.00, real=0.08 secs] 
5.022: [Full GC 5.022: [CMS: 4949K->4948K(32768K), 0.0742710 secs] 4949K->4948K(62336K), [CMS Perm : 17151K->17151K(17280K)], 0.0743390 secs] [Times: user=0.07 sys=0.00, real=0.07 secs] 
5.108: [Full GC 5.108: [CMS: 4948K->4961K(32768K), 0.0765200 secs] 5212K->4961K(62336K), [CMS Perm : 17279K->17279K(17280K)], 0.0765920 secs] [Times: user=0.07 sys=0.00, real=0.07 secs] 
5.185: [Full GC 5.185: [CMS: 4961K->4959K(32768K), 0.0736210 secs] 4961K->4959K(62336K), [CMS Perm : 17279K->17279K(17408K)], 0.0736900 secs] [Times: user=0.07 sys=0.00, real=0.07 secs] 
5.264: [Full GC 5.264: [CMS: 4959K->4964K(32768K), 0.0774960 secs] 5223K->4964K(62336K), [CMS Perm : 17407K->17407K(17408K)], 0.0775700 secs] [Times: user=0.07 sys=0.00, real=0.08 secs] 
5.341: [Full GC 5.341: [CMS: 4964K->4964K(32768K), 0.0822380 secs] 4964K->4964K(62336K), [CMS Perm : 17407K->17407K(17536K)], 0.0823000 secs] [Times: user=0.08 sys=0.00, real=0.08 secs] 
5.429: [Full GC 5.429: [CMS: 4964K->4965K(32768K), 0.0761320 secs] 5227K->4965K(62336K), [CMS Perm : 17535K->17535K(17536K)], 0.0762050 secs] [Times: user=0.08 sys=0.00, real=0.08 secs] 
5.506: [Full GC 5.506: [CMS: 4965K->4964K(32768K), 0.0750560 secs] 4965K->4964K(62336K), [CMS Perm : 17535K->17535K(17664K)], 0.0751390 secs] [Times: user=0.07 sys=0.00, real=0.07 secs] 
5.585: [Full GC 5.585: [CMS: 4964K->4971K(32768K), 0.0772150 secs] 5228K->4971K(62336K), [CMS Perm : 17663K->17663K(17664K)], 0.0772880 secs] [Times: user=0.07 sys=0.00, real=0.08 secs] 
5.662: [Full GC 5.662: [CMS: 4971K->4971K(32768K), 0.0739500 secs] 4971K->4971K(62336K), [CMS Perm : 17663K->17663K(17792K)], 0.0740130 secs] [Times: user=0.07 sys=0.00, real=0.07 secs] 
5.747: [Full GC 5.747: [CMS: 4971K->5003K(32768K), 0.0789430 secs] 5234K->5003K(62336K), [CMS Perm : 17791K->17791K(17792K)], 0.0790100 secs] [Times: user=0.07 sys=0.00, real=0.08 secs] 
5.826: [Full GC 5.826: [CMS: 5003K->4986K(32768K), 0.0915490 secs] 5003K->4986K(62336K), [CMS Perm : 17791K->17780K(17920K)], 0.0916100 secs] [Times: user=0.08 sys=0.00, real=0.09 secs] 
5.930: [Full GC 5.930: [CMS: 4986K->5000K(32768K), 0.0810750 secs] 5250K->5000K(62336K), [CMS Perm : 17919K->17919K(17920K)], 0.0811820 secs] [Times: user=0.08 sys=0.00, real=0.08 secs] 
6.012: [Full GC 6.012: [CMS: 5000K->4999K(32768K), 0.0758010 secs] 5000K->4999K(62336K), [CMS Perm : 17919K->17919K(18048K)], 0.0758660 secs] [Times: user=0.08 sys=0.00, real=0.08 secs] 
6.104: [Full GC 6.104: [CMS: 4999K->5024K(32768K), 0.0770980 secs] 5262K->5024K(62336K), [CMS Perm : 18048K->18047K(18048K)], 0.0771770 secs] [Times: user=0.08 sys=0.00, real=0.08 secs] 
6.181: [Full GC 6.181: [CMS: 5024K->5018K(32768K), 0.0768440 secs] 5024K->5018K(62336K), [CMS Perm : 18047K->18047K(18176K)], 0.0769150 secs] [Times: user=0.06 sys=0.01, real=0.08 secs] 
6.366: [Full GC 6.366: [CMS: 5018K->5524K(32768K), 0.0894590 secs] 11822K->5524K(62336K), [CMS Perm : 18175K->18175K(18176K)], 0.0895380 secs] [Times: user=0.08 sys=0.00, real=0.08 secs] 
6.456: [Full GC 6.456: [CMS: 5524K->5522K(32768K), 0.0814340 secs] 5524K->5522K(62336K), [CMS Perm : 18175K->18175K(18304K)], 0.0814990 secs] [Times: user=0.08 sys=0.00, real=0.09 secs] 
6.619: [Full GC 6.619: [CMS: 5522K->5647K(32768K), 0.0849560 secs] 8867K->5647K(62336K), [CMS Perm : 18303K->18303K(18304K)], 0.0850330 secs] [Times: user=0.09 sys=0.00, real=0.08 secs] 
6.705: [Full GC 6.705: [CMS: 5647K->5631K(32768K), 0.0815580 secs] 5647K->5631K(62336K), [CMS Perm : 18303K->18292K(18432K)], 0.0816280 secs] [Times: user=0.08 sys=0.00, real=0.08 secs] 
40.792: [Full GC 40.792: [CMS: 13506K->13506K(32768K), 0.1569350 secs] 13769K->13506K(62336K), [CMS Perm : 34560K->34560K(34688K)], 0.1570090 secs] [Times: user=0.15 sys=0.00, real=0.16 secs] 
41.084: [GC 41.084: [ParNew: 1813K->2812K(29568K), 0.0016060 secs] 15319K->16319K(62336K), 0.0016760 secs] [Times: user=0.00 sys=0.00, real=0.01 secs] 
48.778: [Full GC 48.778: [CMS: 15096K->16031K(32768K), 0.1946960 secs] 29169K->16031K(62336K), [CMS Perm : 36479K->36478K(36480K)], 0.1947750 secs] [Times: user=0.19 sys=0.00, real=0.20 secs] 
50.426: [GC 50.426: [ParNew: 26304K->1031K(29568K), 0.0019130 secs] 42335K->17062K(62336K), 0.0019930 secs] [Times: user=0.00 sys=0.00, real=0.00 secs] 
116.701: [GC 116.701: [ParNew: 27335K->1250K(29568K), 0.0048630 secs] 43366K->17281K(62336K), 0.0049310 secs] [Times: user=0.01 sys=0.00, real=0.01 secs] 
149.562: [Full GC 149.562: [CMS: 16031K->16708K(32768K), 0.2150060 secs] 21975K->16708K(62336K), [CMS Perm : 36573K->36573K(36608K)], 0.2151340 secs] [Times: user=0.21 sys=0.00, real=0.22 secs] 
149.777: [GC [1 CMS-initial-mark: 16708K(32768K)] 16708K(62336K), 0.0015900 secs] [Times: user=0.00 sys=0.00, real=0.00 secs] 
149.779: [CMS-concurrent-mark-start]
149.789: [Full GC 149.789: [CMS149.912: [CMS-concurrent-mark: 0.132/0.133 secs] [Times: user=0.12 sys=0.00, real=0.13 secs] 
 (concurrent mode failure): 16708K->16747K(32768K), 0.3653060 secs] 16862K->16747K(62336K), [CMS Perm : 36607K->36607K(36608K)], 0.3653900 secs] [Times: user=0.32 sys=0.00, real=0.36 secs] 
150.155: [Full GC 150.155: [CMS: 16747K->16754K(32768K), 0.2146130 secs] 16811K->16754K(62336K), [CMS Perm : 36613K->36613K(36736K)], 0.2146870 secs] [Times: user=0.22 sys=0.00, real=0.22 secs] 
150.370: [GC [1 CMS-initial-mark: 16754K(32768K)] 16860K(62336K), 0.0015990 secs] [Times: user=0.00 sys=0.00, real=0.00 secs] 
150.372: [CMS-concurrent-mark-start]
150.536: [CMS-concurrent-mark: 0.164/0.164 secs] [Times: user=0.26 sys=0.00, real=0.16 secs] 
150.536: [CMS-concurrent-preclean-start]
150.537: [CMS-concurrent-preclean: 0.002/0.002 secs] [Times: user=0.01 sys=0.00, real=0.01 secs] 
150.538: [GC[YG occupancy: 1573 K (29568 K)]150.538: [Rescan (parallel) , 0.0021110 secs]150.540: [weak refs processing, 0.0000260 secs] [1 CMS-remark: 16754K(32768K)] 18327K(62336K), 0.0022510 secs] [Times: user=0.00 sys=0.00, real=0.00 secs] 
150.540: [CMS-concurrent-sweep-start]
150.552: [CMS-concurrent-sweep: 0.012/0.012 secs] [Times: user=0.02 sys=0.00, real=0.01 secs] 
150.552: [CMS-concurrent-reset-start]
150.555: [CMS-concurrent-reset: 0.004/0.004 secs] [Times: user=0.00 sys=0.00, real=0.00 secs] 
153.080: [Full GC 153.080: [CMS: 16754K->21456K(32768K), 0.2015650 secs] 33708K->21456K(62336K), [CMS Perm : 36735K->36734K(36736K)], 0.2016380 secs] [Times: user=0.20 sys=0.00, real=0.20 secs] 
154.206: [Full GC 154.207: [CMS: 21456K->21439K(32768K), 0.1919270 secs] 22061K->21439K(62336K), [CMS Perm : 36735K->36735K(36736K)], 0.1920040 secs] [Times: user=0.19 sys=0.00, real=0.20 secs] 
1427148.896: [GC 1427148.896: [DefNew (promotion failed) : 1173076K->1150629K(1228800K), 0.5152270 secs]1427149.411: [Tenured: 1310719K->1031593K(1310720K), 2.6800290 secs] 2474868K->1031593K(2539520K), [Perm : 185208K->185208K(185344K)], 3.1954800 secs] [Times: user=3.18 sys=0.00, real=3.20 secs] 
