2012-01-06T17:31:01.743+0100: 2.825: [GC 2.825: [ParNew: 26240K->3264K(29504K), 0.0186520 secs] 26240K->4831K(258880K), 0.0187260 secs] [Times: user=0.02 sys=0.00, real=0.01 secs] 
2012-01-06T17:31:02.891+0100: 3.973: [Full GC 3.973: [CMS: 1567K->5946K(229376K), 0.1130900 secs] 22105K->5946K(258880K), [CMS Perm : 16383K->16374K(16384K)], 0.1132290 secs] [Times: user=0.14 sys=0.01, real=0.11 secs] 
2012-01-06T17:31:04.395+0100: 5.477: [GC 5.477: [ParNew: 26240K->2813K(29504K), 0.0117440 secs] 32186K->8760K(258880K), 0.0118240 secs] [Times: user=0.02 sys=0.00, real=0.01 secs] 
2012-01-06T17:31:05.261+0100: 6.343: [Full GC 6.343: [CMS: 5946K->8246K(229376K), 0.1384810 secs] 30267K->8246K(258880K), [CMS Perm : 27232K->27224K(27292K)], 0.1386220 secs] [Times: user=0.14 sys=0.01, real=0.14 secs] 
2012-01-06T17:31:06.218+0100: 7.300: [GC 7.300: [ParNew: 26231K->3264K(29504K), 0.0100010 secs] 34478K->11521K(258880K), 0.0100640 secs] [Times: user=0.02 sys=0.00, real=0.01 secs] 
2012-01-06T17:31:07.670+0100: 8.751: [GC 8.751: [ParNew: 29504K->3264K(29504K), 0.0318080 secs] 37761K->14991K(258880K), 0.0318740 secs] [Times: user=0.05 sys=0.00, real=0.03 secs] 
2012-01-06T17:31:10.250+0100: 11.332: [GC 11.332: [ParNew: 29504K->3264K(29504K), 0.0285930 secs] 41231K->19628K(258880K), 0.0286650 secs] [Times: user=0.04 sys=0.01, real=0.03 secs] 
2012-01-06T17:31:13.347+0100: 14.429: [GC 14.429: [ParNew: 29504K->3264K(29504K), 0.0294160 secs] 45868K->21932K(258880K), 0.0295000 secs] [Times: user=0.04 sys=0.00, real=0.03 secs] 
2012-01-06T17:31:17.941+0100: 19.022: [GC 19.022: [ParNew: 29504K->2858K(29504K), 0.0145190 secs] 48172K->23814K(258880K), 0.0146070 secs] [Times: user=0.03 sys=0.00, real=0.01 secs] 
2012-01-06T17:31:18.979+0100: 20.060: [GC 20.060: [ParNew: 29098K->2527K(29504K), 0.0030350 secs] 50054K->23482K(258880K), 0.0031160 secs] [Times: user=0.01 sys=0.00, real=0.01 secs] 
2012-01-06T17:32:40.595+0100: 101.677: [GC 101.677: [ParNew: 28767K->2156K(29504K), 0.0033030 secs] 49722K->23111K(258880K), 0.0033850 secs] [Times: user=0.00 sys=0.01, real=0.00 secs] 
2012-01-06T17:34:51.856+0100: 232.938: [GC 232.938: [ParNew: 28396K->2611K(29504K), 0.0038580 secs] 49351K->23566K(258880K), 0.0039340 secs] [Times: user=0.00 sys=0.00, real=0.01 secs] 
2012-01-06T17:36:59.393+0100: 360.475: [GC 360.475: [ParNew: 28851K->922K(29504K), 0.0049400 secs] 49806K->23185K(258880K), 0.0050140 secs] [Times: user=0.00 sys=0.00, real=0.01 secs] 
2012-01-06T17:38:59.334+0100: 480.416: [GC 480.416: [ParNew: 27162K->301K(29504K), 0.0012800 secs] 49425K->22563K(258880K), 0.0013600 secs] [Times: user=0.01 sys=0.00, real=0.00 secs] 
2012-01-06T17:40:15.443+0100: 556.525: [GC 556.525: [ParNew: 26541K->1295K(29504K), 0.0049480 secs] 48803K->23586K(258880K), 0.0050230 secs] [Times: user=0.01 sys=0.00, real=0.01 secs] 
2012-01-06T17:42:39.658+0100: 700.740: [GC 700.740: [ParNew: 27535K->1943K(29504K), 0.0028630 secs] 49826K->24233K(258880K), 0.0029370 secs] [Times: user=0.00 sys=0.00, real=0.01 secs] 
2012-01-06T17:44:42.686+0100: 823.767: [GC 823.767: [ParNew: 28183K->2492K(29504K), 0.0028880 secs] 50473K->24782K(258880K), 0.0029620 secs] [Times: user=0.01 sys=0.00, real=0.00 secs] 
2012-01-06T17:46:45.714+0100: 946.795: [GC 946.795: [ParNew: 28732K->1656K(29504K), 0.0029040 secs] 51022K->23946K(258880K), 0.0029860 secs] [Times: user=0.01 sys=0.00, real=0.00 secs] 
2012-01-06T17:48:47.517+0100: 1068.599: [GC 1068.599: [ParNew: 27896K->1285K(29504K), 0.0066380 secs] 50186K->24757K(258880K), 0.0067130 secs] [Times: user=0.01 sys=0.00, real=0.01 secs] 
2012-01-06T17:50:29.790+0100: 1170.871: [GC 1170.871: [ParNew: 27525K->566K(29504K), 0.0028330 secs] 50997K->24074K(258880K), 0.0029010 secs] [Times: user=0.00 sys=0.00, real=0.00 secs] 
2012-01-06T17:52:02.873+0100: 1263.955: [GC 1263.955: [ParNew: 26806K->1337K(29504K), 0.0044370 secs] 50314K->24846K(258880K), 0.0045080 secs] [Times: user=0.01 sys=0.00, real=0.00 secs] 
2012-01-06T17:55:06.177+0100: 1447.259: [GC 1447.259: [ParNew: 27577K->1382K(29504K), 0.0029230 secs] 51086K->24936K(258880K), 0.0029950 secs] [Times: user=0.00 sys=0.00, real=0.00 secs] 
2012-01-06T17:57:39.782+0100: 1600.864: [GC 1600.864: [ParNew: 27622K->1565K(29504K), 0.0031900 secs] 51176K->25118K(258880K), 0.0032590 secs] [Times: user=0.01 sys=0.00, real=0.00 secs] 
2012-01-06T18:00:44.039+0100: 1785.121: [GC 1785.121: [ParNew: 27805K->1006K(29504K), 0.0030950 secs] 51358K->24702K(258880K), 0.0031650 secs] [Times: user=0.00 sys=0.00, real=0.00 secs] 
2012-01-06T18:03:50.273+0100: 1971.355: [GC 1971.355: [ParNew: 27246K->896K(29504K), 0.0035740 secs] 50942K->24958K(258880K), 0.0036450 secs] [Times: user=0.01 sys=0.00, real=0.00 secs] 
2012-01-06T18:06:56.439+0100: 2157.521: [GC 2157.521: [ParNew: 27136K->551K(29504K), 0.0024790 secs] 51198K->24663K(258880K), 0.0025520 secs] [Times: user=0.00 sys=0.00, real=0.00 secs] 
2012-01-06T18:10:04.177+0100: 2345.259: [GC 2345.259: [ParNew: 26791K->399K(29504K), 0.0018500 secs] 50903K->24694K(258880K), 0.0019340 secs] [Times: user=0.01 sys=0.00, real=0.00 secs] 
2012-01-06T18:13:11.865+0100: 2532.946: [GC 2532.946: [ParNew: 26639K->449K(29504K), 0.0028820 secs] 50934K->24745K(258880K), 0.0029580 secs] [Times: user=0.01 sys=0.00, real=0.00 secs] 
2012-01-06T18:14:43.338+0100: 2624.420: [GC 2624.420: [ParNew: 26689K->526K(29504K), 0.0020750 secs] 50985K->24858K(258880K), 0.0021510 secs] [Times: user=0.01 sys=0.00, real=0.00 secs] 
2012-01-06T18:17:10.776+0100: 2771.858: [GC 2771.858: [ParNew: 26766K->521K(29504K), 0.0017560 secs] 51098K->24853K(258880K), 0.0018350 secs] [Times: user=0.01 sys=0.00, real=0.00 secs] 
