2011-02-26T05:59:23.700+0000: 13.000: [GC 13.000: [ParNew: 2516608K->189286K(2831168K), 0.0606490 secs] 2516608K->189286K(12268352K), 0.0608080 secs] [Times: user=0.25 sys=0.16, real=0.06 secs] 
2011-02-26T05:59:26.088+0000: 15.387: [GC 15.388: [ParNew: 2705894K->65122K(2831168K), 0.2617450 secs] 2705894K->226100K(12268352K), 0.2709040 secs] [Times: user=0.73 sys=0.17, real=0.27 secs] 
2011-02-26T05:59:31.299+0000: 20.598: [GC 20.598: [ParNew: 2581730K->134401K(2831168K), 0.0544680 secs] 2742708K->298864K(12268352K), 0.0546370 secs] [Times: user=0.65 sys=0.00, real=0.05 secs] 
2011-02-26T05:59:37.003+0000: 26.302: [GC 26.302: [ParNew: 2651009K->218639K(2831168K), 0.2164420 secs] 2815472K->518664K(12268352K), 0.2166630 secs] [Times: user=2.13 sys=0.10, real=0.22 secs] 
2011-02-26T05:59:40.070+0000: 29.369: [GC 29.369: [ParNew: 2735247K->314560K(2831168K), 0.3265560 secs] 3035272K->945797K(12268352K), 0.3267320 secs] [Times: user=2.70 sys=0.13, real=0.32 secs] 
2011-02-26T05:59:45.154+0000: 34.453: [GC 34.453: [ParNew: 2831168K->229295K(2831168K), 0.1859250 secs] 3462405K->1013928K(12268352K), 0.1861920 secs] [Times: user=1.59 sys=0.04, real=0.19 secs] 
2011-02-26T05:59:51.355+0000: 40.654: [GC 40.654: [ParNew: 2745903K->71067K(2831168K), 0.0627810 secs] 3530536K->950101K(12268352K), 0.0630460 secs] [Times: user=0.73 sys=0.01, real=0.07 secs] 
2011-02-26T06:00:04.403+0000: 53.702: [GC 53.702: [ParNew: 2587675K->129023K(2831168K), 0.1004320 secs] 3466709K->1060520K(12268352K), 0.1007270 secs] [Times: user=1.09 sys=0.01, real=0.10 secs] 
2011-02-26T06:00:08.627+0000: 57.926: [GC 57.927: [ParNew: 2645631K->123713K(2831168K), 0.1152740 secs] 3577128K->1148921K(12268352K), 0.1155430 secs] [Times: user=0.94 sys=0.06, real=0.12 secs] 
2011-02-26T06:00:11.791+0000: 61.090: [GC 61.090: [ParNew: 2640321K->78569K(2831168K), 0.0488190 secs] 3665529K->1129434K(12268352K), 0.0491070 secs] [Times: user=0.50 sys=0.01, real=0.05 secs] 
2011-02-26T06:00:14.602+0000: 63.901: [GC 63.901: [ParNew: 2595177K->62764K(2831168K), 0.0409700 secs] 3646042K->1138545K(12268352K), 0.0412670 secs] [Times: user=0.35 sys=0.00, real=0.04 secs] 
2011-02-26T06:00:25.091+0000: 74.390: [GC 74.390: [ParNew: 2579372K->58544K(2831168K), 0.0482210 secs] 3655153K->1149159K(12268352K), 0.0485200 secs] [Times: user=0.50 sys=0.01, real=0.05 secs] 
2011-02-26T06:00:35.357+0000: 84.656: [GC 84.656: [ParNew: 2575152K->176988K(2831168K), 0.1292410 secs] 3665767K->1316440K(12268352K), 0.1295030 secs] [Times: user=1.44 sys=0.04, real=0.13 secs] 
2011-02-26T06:00:54.256+0000: 103.555: [GC 103.555: [ParNew: 2693596K->124399K(2831168K), 0.2354340 secs] 3833048K->1415722K(12268352K), 0.2357150 secs] [Times: user=1.75 sys=0.05, real=0.24 secs] 
2011-02-26T06:01:05.361+0000: 114.660: [GC 114.660: [ParNew: 2641007K->94830K(2831168K), 0.1155750 secs] 3932330K->1470727K(12268352K), 0.4202340 secs] [Times: user=1.06 sys=0.04, real=0.42 secs] 
2011-02-26T06:01:06.932+0000: 116.231: [Full GC 116.231: [CMS: 1375896K->686223K(9437184K), 2.7135500 secs] 3351161K->686223K(12268352K), [CMS Perm : 21247K->21208K(21248K)], 2.7139100 secs] [Times: user=2.64 sys=0.07, real=2.71 secs] 
2011-02-26T06:01:14.954+0000: 124.253: [GC 124.253: [ParNew: 2516608K->31400K(2831168K), 0.0153520 secs] 3202831K->717624K(12268352K), 0.0156140 secs] [Times: user=0.20 sys=0.00, real=0.02 secs] 
2011-02-26T06:01:32.831+0000: 142.130: [GC 142.130: [ParNew: 2548008K->88626K(2831168K), 0.0729330 secs] 3234232K->792109K(12268352K), 0.0732010 secs] [Times: user=0.78 sys=0.01, real=0.07 secs] 
2011-02-26T06:01:47.586+0000: 156.885: [GC 156.885: [ParNew: 2605234K->88414K(2831168K), 0.0991660 secs] 3308717K->856633K(12268352K), 0.0994330 secs] [Times: user=1.11 sys=0.00, real=0.10 secs] 
2011-02-26T06:02:04.781+0000: 174.080: [GC 174.080: [ParNew: 2605022K->70150K(2831168K), 0.0802790 secs] 3373241K->888014K(12268352K), 0.0805490 secs] [Times: user=0.85 sys=0.01, real=0.08 secs] 
2011-02-26T06:02:07.191+0000: 176.490: [GC 176.490: [ParNew: 2586758K->31714K(2831168K), 0.0385070 secs] 3404622K->883681K(12268352K), 0.0387690 secs] [Times: user=0.40 sys=0.00, real=0.04 secs] 
2011-02-26T06:02:16.555+0000: 185.854: [GC 185.854: [ParNew: 2548322K->41050K(2831168K), 0.0234590 secs] 3400289K->897430K(12268352K), 0.0237240 secs] [Times: user=0.27 sys=0.00, real=0.03 secs] 
2011-02-26T06:02:34.589+0000: 203.888: [GC 203.888: [ParNew: 2557658K->80574K(2831168K), 0.0719840 secs] 3414038K->955647K(12268352K), 0.0723010 secs] [Times: user=0.72 sys=0.00, real=0.07 secs] 
2011-02-26T06:02:49.226+0000: 218.525: [GC 218.525: [ParNew: 2597182K->80421K(2831168K), 0.1063960 secs] 3472255K->1006007K(12268352K), 0.1066530 secs] [Times: user=1.15 sys=0.00, real=0.11 secs] 
2011-02-26T06:02:55.777+0000: 225.076: [GC 225.076: [ParNew: 2597029K->285514K(2831168K), 0.1177000 secs] 3522615K->1328754K(12268352K), 0.1179640 secs] [Times: user=1.18 sys=0.01, real=0.11 secs] 
2011-02-26T06:02:58.533+0000: 227.832: [GC 227.832: [ParNew: 2802122K->51311K(2831168K), 0.0753630 secs] 3845362K->1348583K(12268352K), 0.0756520 secs] [Times: user=0.78 sys=0.00, real=0.08 secs] 
2011-02-26T06:03:05.643+0000: 234.942: [GC 234.943: [ParNew: 2567919K->63673K(2831168K), 0.0765420 secs] 3865191K->1398793K(12268352K), 0.0768100 secs] [Times: user=0.82 sys=0.00, real=0.08 secs] 
2011-02-26T06:03:07.430+0000: 236.729: [GC 236.729: [ParNew: 2580281K->41747K(2831168K), 0.0505820 secs] 3915401K->1419637K(12268352K), 0.0508400 secs] [Times: user=0.46 sys=0.03, real=0.05 secs] 
2011-02-26T06:03:25.853+0000: 255.152: [GC 255.152: [ParNew: 2558355K->109915K(2831168K), 0.0638330 secs] 3936245K->1495466K(12268352K), 0.0640970 secs] [Times: user=0.77 sys=0.00, real=0.06 secs] 
2011-02-26T06:03:36.220+0000: 265.519: [GC 265.519: [ParNew: 2626523K->191160K(2831168K), 0.2076160 secs] 4012074K->1687307K(12268352K), 0.2078710 secs] [Times: user=1.88 sys=0.03, real=0.21 secs] 
2011-02-26T06:03:55.954+0000: 285.253: [GC 285.253: [ParNew: 2707768K->188625K(2831168K), 0.2377720 secs] 4203915K->1848875K(12268352K), 0.2380380 secs] [Times: user=2.06 sys=0.03, real=0.24 secs] 
2011-02-26T06:04:05.492+0000: 294.791: [GC 294.791: [ParNew: 2705233K->135684K(2831168K), 0.1623590 secs] 4365483K->1932791K(12268352K), 0.1626260 secs] [Times: user=1.36 sys=0.01, real=0.16 secs] 
2011-02-26T06:04:07.361+0000: 296.660: [GC 296.660: [ParNew: 2652292K->38529K(2831168K), 0.0319180 secs] 4449399K->1857073K(12268352K), 0.0322120 secs] [Times: user=0.22 sys=0.03, real=0.03 secs] 
2011-02-26T06:04:25.814+0000: 315.113: [GC 315.113: [ParNew: 2555137K->61605K(2831168K), 0.0325880 secs] 4373681K->1884389K(12268352K), 0.0328770 secs] [Times: user=0.38 sys=0.01, real=0.03 secs] 
2011-02-26T06:04:35.178+0000: 324.477: [GC 324.477: [ParNew: 2578213K->100524K(2831168K), 0.0812170 secs] 4400997K->1958396K(12268352K), 0.0815140 secs] [Times: user=0.92 sys=0.04, real=0.08 secs] 
2011-02-26T06:04:54.029+0000: 343.328: [GC 343.328: [ParNew: 2617132K->66499K(2831168K), 0.1067780 secs] 4475004K->1990897K(12268352K), 0.1070510 secs] [Times: user=0.98 sys=0.00, real=0.10 secs] 
2011-02-26T06:05:05.421+0000: 354.720: [GC 354.720: [ParNew: 2583107K->52071K(2831168K), 0.0637900 secs] 4507505K->2017504K(12268352K), 0.0640990 secs] [Times: user=0.59 sys=0.01, real=0.06 secs] 
2011-02-26T06:05:07.123+0000: 356.422: [GC 356.422: [ParNew: 2568671K->26157K(2831168K), 0.0335310 secs] 4534104K->2011856K(12268352K), 0.0338310 secs] [Times: user=0.38 sys=0.00, real=0.03 secs] 
2011-02-26T06:05:25.037+0000: 374.336: [GC 374.336: [ParNew: 2542765K->70520K(2831168K), 0.0300150 secs] 4528464K->2058153K(12268352K), 0.0303080 secs] [Times: user=0.35 sys=0.01, real=0.04 secs] 
2011-02-26T06:05:34.715+0000: 384.014: [GC 384.015: [ParNew: 2587128K->81799K(2831168K), 0.1081880 secs] 4574761K->2102837K(12268352K), 0.1085020 secs] [Times: user=0.84 sys=0.00, real=0.11 secs] 
2011-02-26T06:05:52.912+0000: 402.211: [GC 402.211: [ParNew: 2598407K->62403K(2831168K), 0.1457670 secs] 4619445K->2142663K(12268352K), 0.1460520 secs] [Times: user=0.87 sys=0.00, real=0.15 secs] 
2011-02-26T06:06:05.070+0000: 414.369: [GC 414.369: [ParNew: 2579011K->54145K(2831168K), 0.0607420 secs] 4659271K->2172686K(12268352K), 0.0610710 secs] [Times: user=0.53 sys=0.02, real=0.06 secs] 
2011-02-26T06:06:06.824+0000: 416.123: [GC 416.123: [ParNew: 2570753K->38910K(2831168K), 0.0366330 secs] 4689294K->2184910K(12268352K), 0.0369320 secs] [Times: user=0.36 sys=0.00, real=0.04 secs] 
2011-02-26T06:06:09.806+0000: 419.105: [GC 419.105: [ParNew: 2555518K->260984K(2831168K), 0.0477460 secs] 4701518K->2409095K(12268352K), 0.0480480 secs] [Times: user=0.58 sys=0.01, real=0.05 secs] 
2011-02-26T06:06:14.216+0000: 423.515: [GC 423.515: [ParNew: 2777592K->127102K(2831168K), 0.0740560 secs] 4925703K->2305851K(12268352K), 0.0743510 secs] [Times: user=0.82 sys=0.01, real=0.08 secs] 
2011-02-26T06:06:20.249+0000: 429.548: [GC 429.548: [ParNew: 2643710K->41918K(2831168K), 0.0707970 secs] 4822459K->2263327K(12268352K), 0.0710930 secs] [Times: user=0.62 sys=0.02, real=0.07 secs] 
2011-02-26T06:06:33.350+0000: 442.649: [GC 442.649: [ParNew: 2558526K->158379K(2831168K), 0.1482530 secs] 4779935K->2406977K(12268352K), 0.1485640 secs] [Times: user=1.19 sys=0.02, real=0.15 secs] 
2011-02-26T06:06:50.625+0000: 459.924: [GC 459.924: [ParNew: 2674987K->230788K(2831168K), 0.2205350 secs] 4923585K->2624984K(12268352K), 0.2208200 secs] [Times: user=2.06 sys=0.04, real=0.22 secs] 
2011-02-26T06:07:04.831+0000: 474.130: [GC 474.131: [ParNew: 2747396K->148031K(2831168K), 0.1903090 secs] 5141592K->2682341K(12268352K), 0.1906370 secs] [Times: user=1.73 sys=0.06, real=0.19 secs] 
2011-02-26T06:07:08.839+0000: 478.139: [GC 478.139: [ParNew: 2664639K->110905K(2831168K), 0.1198710 secs] 5198949K->2742057K(12268352K), 0.1201350 secs] [Times: user=1.10 sys=0.02, real=0.12 secs] 
2011-02-26T06:07:17.663+0000: 486.962: [GC 486.962: [ParNew: 2627513K->38786K(2831168K), 0.0424420 secs] 5258665K->2691412K(12268352K), 0.0427040 secs] [Times: user=0.45 sys=0.00, real=0.04 secs] 
2011-02-26T06:07:33.061+0000: 502.360: [GC 502.360: [ParNew: 2555394K->85992K(2831168K), 0.0770960 secs] 5208020K->2756767K(12268352K), 0.0774370 secs] [Times: user=0.79 sys=0.01, real=0.08 secs] 
2011-02-26T06:07:49.377+0000: 518.676: [GC 518.676: [ParNew: 2602600K->63691K(2831168K), 0.1049300 secs] 5273375K->2799431K(12268352K), 0.1052230 secs] [Times: user=1.00 sys=0.04, real=0.11 secs] 
2011-02-26T06:08:04.681+0000: 533.980: [GC 533.980: [ParNew: 2580299K->62065K(2831168K), 0.0735630 secs] 5316039K->2840173K(12268352K), 0.0738370 secs] [Times: user=0.70 sys=0.02, real=0.07 secs] 
2011-02-26T06:08:11.792+0000: 541.092: [GC 541.092: [ParNew: 2578673K->41143K(2831168K), 0.0490510 secs] 5356781K->2851629K(12268352K), 0.0493260 secs] [Times: user=0.51 sys=0.00, real=0.05 secs] 
2011-02-26T06:08:17.767+0000: 547.066: [GC 547.066: [ParNew: 2557751K->14107K(2831168K), 0.0227770 secs] 5368237K->2834071K(12268352K), 0.0230420 secs] [Times: user=0.22 sys=0.01, real=0.03 secs] 
2011-02-26T06:08:32.860+0000: 562.159: [GC 562.159: [ParNew: 2530715K->84664K(2831168K), 0.0888920 secs] 5350679K->2912876K(12268352K), 0.0891800 secs] [Times: user=0.73 sys=0.01, real=0.09 secs] 
2011-02-26T06:08:49.322+0000: 578.621: [GC 578.621: [ParNew: 2601272K->57718K(2831168K), 0.1021590 secs] 5429484K->2944538K(12268352K), 0.1024450 secs] [Times: user=0.98 sys=0.03, real=0.10 secs] 
2011-02-26T06:09:08.880+0000: 598.179: [GC 598.179: [ParNew: 2574326K->56255K(2831168K), 0.0738310 secs] 5461146K->2985042K(12268352K), 0.0741370 secs] [Times: user=0.70 sys=0.01, real=0.07 secs] 
2011-02-26T06:09:21.201+0000: 610.500: [GC 610.500: [ParNew: 2572863K->44593K(2831168K), 0.0482880 secs] 5501650K->3006453K(12268352K), 0.0485590 secs] [Times: user=0.50 sys=0.00, real=0.04 secs] 
2011-02-26T06:09:24.611+0000: 613.910: [GC 613.910: [ParNew: 2561201K->17486K(2831168K), 0.0297580 secs] 5523061K->3000652K(12268352K), 0.0300260 secs] [Times: user=0.24 sys=0.01, real=0.03 secs] 
2011-02-26T06:09:29.933+0000: 619.232: [GC 619.232: [ParNew: 2534094K->254271K(2831168K), 0.0602760 secs] 5517260K->3240562K(12268352K), 0.0605410 secs] [Times: user=0.69 sys=0.00, real=0.06 secs] 
2011-02-26T06:09:32.280+0000: 621.579: [GC 621.579: [ParNew: 2770879K->148775K(2831168K), 0.1224780 secs] 5757170K->3312537K(12268352K), 0.1227590 secs] [Times: user=0.87 sys=0.02, real=0.12 secs] 
2011-02-26T06:09:34.700+0000: 623.999: [GC 623.999: [ParNew: 2665383K->175908K(2831168K), 0.1498000 secs] 5829145K->3480104K(12268352K), 0.1500760 secs] [Times: user=1.31 sys=0.04, real=0.15 secs] 
2011-02-26T06:09:37.279+0000: 626.578: [GC 626.578: [ParNew: 2692516K->66681K(2831168K), 0.1361570 secs] 5996712K->3519119K(12268352K), 0.1906010 secs] [Times: user=0.87 sys=0.08, real=0.19 secs] 
2011-02-26T06:09:44.537+0000: 633.836: [GC 633.836: [ParNew: 2583289K->53994K(2831168K), 0.0807200 secs] 6035727K->3527111K(12268352K), 0.0810150 secs] [Times: user=0.63 sys=0.01, real=0.09 secs] 
2011-02-26T06:10:05.069+0000: 654.368: [GC 654.368: [ParNew: 2570602K->163841K(2831168K), 0.1281310 secs] 6043719K->3679309K(12268352K), 0.1284000 secs] [Times: user=1.32 sys=0.01, real=0.12 secs] 
2011-02-26T06:10:14.627+0000: 663.926: [GC 663.926: [ParNew: 2680449K->115498K(2831168K), 0.2095150 secs] 6195917K->3771997K(12268352K), 0.2097840 secs] [Times: user=1.53 sys=0.01, real=0.20 secs] 
2011-02-26T06:10:17.862+0000: 667.162: [GC 667.162: [ParNew: 2632106K->50504K(2831168K), 0.0781680 secs] 6288605K->3763513K(12268352K), 0.0784650 secs] [Times: user=0.69 sys=0.03, real=0.08 secs] 
2011-02-26T06:10:33.491+0000: 682.790: [GC 682.790: [ParNew: 2567112K->114466K(2831168K), 0.0832460 secs] 6280121K->3840835K(12268352K), 0.0835280 secs] [Times: user=0.96 sys=0.01, real=0.08 secs] 
2011-02-26T06:10:55.208+0000: 704.507: [GC 704.507: [ParNew: 2631074K->73242K(2831168K), 0.1732650 secs] 6357443K->3897469K(12268352K), 0.1735420 secs] [Times: user=1.25 sys=0.02, real=0.17 secs] 
2011-02-26T06:11:10.967+0000: 720.266: [GC 720.267: [ParNew: 2589850K->46989K(2831168K), 0.0683300 secs] 6414077K->3908732K(12268352K), 0.0686070 secs] [Times: user=0.59 sys=0.02, real=0.07 secs] 
2011-02-26T06:11:15.123+0000: 724.422: [GC 724.422: [ParNew: 2563597K->34542K(2831168K), 0.0516780 secs] 6425340K->3925282K(12268352K), 0.0519620 secs] [Times: user=0.43 sys=0.00, real=0.05 secs] 
2011-02-26T06:11:31.770+0000: 741.069: [GC 741.069: [ParNew: 2551150K->56126K(2831168K), 0.0395450 secs] 6441890K->3951462K(12268352K), 0.0398090 secs] [Times: user=0.37 sys=0.00, real=0.04 secs] 
2011-02-26T06:11:45.113+0000: 754.412: [GC 754.412: [ParNew: 2572734K->84670K(2831168K), 0.0774770 secs] 6468070K->4010856K(12268352K), 0.0777340 secs] [Times: user=0.89 sys=0.02, real=0.08 secs] 
2011-02-26T06:12:04.595+0000: 773.894: [GC 773.895: [ParNew: 2601278K->56952K(2831168K), 0.1077720 secs] 6527464K->4042203K(12268352K), 0.1080540 secs] [Times: user=0.97 sys=0.04, real=0.11 secs] 
2011-02-26T06:12:07.645+0000: 776.944: [GC 776.944: [ParNew: 2573560K->52041K(2831168K), 0.0593070 secs] 6558811K->4078167K(12268352K), 0.0596080 secs] [Times: user=0.46 sys=0.04, real=0.06 secs] 
2011-02-26T06:12:15.109+0000: 784.408: [GC 784.408: [ParNew: 2568649K->21485K(2831168K), 0.0230900 secs] 6594775K->4055189K(12268352K), 0.0233730 secs] [Times: user=0.29 sys=0.02, real=0.02 secs] 
2011-02-26T06:12:34.500+0000: 803.799: [GC 803.799: [ParNew: 2538093K->59141K(2831168K), 0.0757160 secs] 6571797K->4107642K(12268352K), 0.0759950 secs] [Times: user=0.73 sys=0.00, real=0.07 secs] 
2011-02-26T06:12:36.981+0000: 806.280: [GC 806.280: [ParNew: 2575749K->305085K(2831168K), 0.1100010 secs] 6624250K->4398840K(12268352K), 0.1102740 secs] [Times: user=1.04 sys=0.00, real=0.11 secs] 
2011-02-26T06:12:46.026+0000: 815.325: [GC 815.325: [ParNew: 2821693K->117826K(2831168K), 0.1323720 secs] 6915448K->4282642K(12268352K), 0.1326530 secs] [Times: user=1.32 sys=0.02, real=0.14 secs] 
2011-02-26T06:13:04.650+0000: 833.949: [GC 833.950: [ParNew: 2634426K->164148K(2831168K), 0.1612290 secs] 6799242K->4406905K(12268352K), 0.1615020 secs] [Times: user=1.61 sys=0.02, real=0.16 secs] 
2011-02-26T06:13:21.555+0000: 850.854: [GC 850.854: [ParNew: 2680697K->137970K(2831168K), 0.1922220 secs] 6923455K->4514435K(12268352K), 0.1925190 secs] [Times: user=1.76 sys=0.03, real=0.20 secs] 
2011-02-26T06:13:32.242+0000: 861.541: [GC 861.542: [ParNew: 2654578K->106844K(2831168K), 0.1532570 secs] 7031043K->4575648K(12268352K), 0.1535280 secs] [Times: user=1.53 sys=0.02, real=0.15 secs] 
2011-02-26T06:13:42.348+0000: 871.647: [GC 871.647: [ParNew: 2623452K->101247K(2831168K), 0.1520380 secs] 7092256K->4662298K(12268352K), 0.1523500 secs] [Times: user=1.44 sys=0.01, real=0.15 secs] 
2011-02-26T06:13:53.874+0000: 883.173: [GC 883.173: [ParNew: 2617855K->75282K(2831168K), 0.0948840 secs] 7178906K->4704745K(12268352K), 0.0951850 secs] [Times: user=0.95 sys=0.01, real=0.10 secs] 
2011-02-26T06:14:04.536+0000: 893.836: [GC 893.836: [ParNew: 2591890K->25915K(2831168K), 0.0492950 secs] 7221353K->4682796K(12268352K), 0.0496030 secs] [Times: user=0.56 sys=0.01, real=0.05 secs] 
2011-02-26T06:14:07.964+0000: 897.264: [GC 897.264: [ParNew: 2542523K->26797K(2831168K), 0.0358060 secs] 7199404K->4701792K(12268352K), 0.0360870 secs] [Times: user=0.39 sys=0.01, real=0.04 secs] 
2011-02-26T06:14:11.239+0000: 900.538: [GC 900.539: [ParNew: 2543405K->11064K(2831168K), 0.0211650 secs] 7218400K->4690977K(12268352K), 0.0214470 secs] [Times: user=0.20 sys=0.00, real=0.02 secs] 
2011-02-26T06:14:31.732+0000: 921.031: [GC 921.032: [ParNew: 2527719K->73728K(2831168K), 0.0524580 secs] 7207632K->4759722K(12268352K), 0.0527160 secs] [Times: user=0.62 sys=0.00, real=0.05 secs] 
2011-02-26T06:14:31.787+0000: 921.086: [GC 921.086: [ParNew: 77595K->38877K(2831168K), 0.0955180 secs] 4763589K->4780468K(12268352K), 0.0957930 secs] [Times: user=0.57 sys=0.02, real=0.10 secs] 
2011-02-26T06:14:37.660+0000: 926.959: [GC 926.959: [ParNew: 2555485K->159593K(2831168K), 0.0554610 secs] 7297076K->4901198K(12268352K), 0.0557210 secs] [Times: user=0.59 sys=0.01, real=0.05 secs] 
2011-02-26T06:14:53.949+0000: 943.248: [GC 943.249: [ParNew: 2676201K->50116K(2831168K), 0.0917070 secs] 7417806K->4837740K(12268352K), 0.0919730 secs] [Times: user=0.79 sys=0.02, real=0.09 secs] 
2011-02-26T06:15:05.253+0000: 954.552: [GC 954.553: [ParNew: 2566724K->49010K(2831168K), 0.0575510 secs] 7354348K->4874888K(12268352K), 0.0578230 secs] [Times: user=0.58 sys=0.02, real=0.06 secs] 
2011-02-26T06:15:08.544+0000: 957.843: [GC 957.843: [ParNew: 2565618K->33144K(2831168K), 0.0371520 secs] 7391496K->4884031K(12268352K), 0.0374210 secs] [Times: user=0.32 sys=0.01, real=0.04 secs] 
2011-02-26T06:15:23.169+0000: 972.468: [GC 972.469: [ParNew: 2549752K->43246K(2831168K), 0.0336740 secs] 7400639K->4899081K(12268352K), 0.0339670 secs] [Times: user=0.37 sys=0.00, real=0.03 secs] 
2011-02-26T06:15:33.825+0000: 983.124: [GC 983.125: [ParNew: 2559854K->102171K(2831168K), 0.0722990 secs] 7415689K->4985995K(12268352K), 0.0725610 secs] [Times: user=0.85 sys=0.01, real=0.08 secs] 
2011-02-26T06:15:44.216+0000: 993.515: [GC 993.515: [ParNew: 2618779K->289399K(2831168K), 0.1109690 secs] 7502603K->5227164K(12268352K), 0.1112250 secs] [Times: user=1.14 sys=0.01, real=0.12 secs] 
2011-02-26T06:15:47.914+0000: 997.213: [GC 997.213: [ParNew: 2806007K->144441K(2831168K), 0.0915810 secs] 7743772K->5191835K(12268352K), 0.0918380 secs] [Times: user=0.96 sys=0.05, real=0.09 secs] 
2011-02-26T06:15:50.232+0000: 999.531: [GC 999.531: [ParNew: 2661049K->121406K(2831168K), 0.0917270 secs] 7708443K->5292712K(12268352K), 0.0920230 secs] [Times: user=0.87 sys=0.03, real=0.09 secs] 
2011-02-26T06:15:52.553+0000: 1001.852: [GC 1001.853: [ParNew: 2638014K->29897K(2831168K), 0.0678820 secs] 7809320K->5299669K(12268352K), 0.0681770 secs] [Times: user=0.55 sys=0.00, real=0.07 secs] 
2011-02-26T06:16:04.681+0000: 1013.980: [GC 1013.980: [ParNew: 2546505K->96899K(2831168K), 0.0766210 secs] 7816277K->5386911K(12268352K), 0.0769300 secs] [Times: user=0.75 sys=0.00, real=0.08 secs] 
2011-02-26T06:16:06.489+0000: 1015.788: [GC 1015.789: [ParNew: 2613476K->69985K(2831168K), 0.1114770 secs] 7903488K->5442234K(12268352K), 0.1117650 secs] [Times: user=0.81 sys=0.02, real=0.11 secs] 
2011-02-26T06:16:12.835+0000: 1022.134: [GC 1022.135: [ParNew: 2586593K->58433K(2831168K), 0.0452010 secs] 7958842K->5438923K(12268352K), 0.0455110 secs] [Times: user=0.53 sys=0.00, real=0.05 secs] 
2011-02-26T06:16:32.160+0000: 1041.459: [GC 1041.459: [ParNew: 2575041K->161296K(2831168K), 0.1215170 secs] 7955531K->5586011K(12268352K), 0.1218210 secs] [Times: user=1.34 sys=0.02, real=0.12 secs] 
2011-02-26T06:16:46.920+0000: 1056.219: [GC 1056.219: [ParNew: 2677904K->207931K(2831168K), 0.2074080 secs] 8102619K->5770107K(12268352K), 0.2076650 secs] [Times: user=1.98 sys=0.03, real=0.21 secs] 
2011-02-26T06:17:04.216+0000: 1073.515: [GC 1073.515: [ParNew: 2724539K->121841K(2831168K), 0.1524240 secs] 8286715K->5808728K(12268352K), 0.1526880 secs] [Times: user=1.43 sys=0.04, real=0.16 secs] 
2011-02-26T06:17:06.449+0000: 1075.748: [GC 1075.748: [ParNew: 2638449K->43554K(2831168K), 0.0533080 secs] 8325336K->5769877K(12268352K), 0.0535910 secs] [Times: user=0.44 sys=0.00, real=0.05 secs] 
2011-02-26T06:17:10.534+0000: 1079.833: [GC 1079.833: [ParNew: 2560162K->12034K(2831168K), 0.0179970 secs] 8286485K->5740548K(12268352K), 0.0182610 secs] [Times: user=0.25 sys=0.00, real=0.02 secs] 
2011-02-26T06:17:31.206+0000: 1100.505: [GC 1100.505: [ParNew: 2528642K->58553K(2831168K), 0.0464200 secs] 8257156K->5794477K(12268352K), 0.0466840 secs] [Times: user=0.60 sys=0.00, real=0.05 secs] 
2011-02-26T06:17:42.575+0000: 1111.874: [GC 1111.874: [ParNew: 2575161K->80411K(2831168K), 0.0972270 secs] 8311085K->5861129K(12268352K), 0.0974910 secs] [Times: user=1.09 sys=0.00, real=0.10 secs] 
2011-02-26T06:18:01.046+0000: 1130.345: [GC 1130.345: [ParNew: 2597019K->66624K(2831168K), 0.0973180 secs] 8377737K->5909308K(12268352K), 0.0975850 secs] [Times: user=0.96 sys=0.00, real=0.10 secs] 
2011-02-26T06:18:06.220+0000: 1135.519: [GC 1135.519: [ParNew: 2583232K->44970K(2831168K), 0.0559520 secs] 8425916K->5928930K(12268352K), 0.0562530 secs] [Times: user=0.46 sys=0.02, real=0.05 secs] 
2011-02-26T06:18:08.171+0000: 1137.470: [GC 1137.471: [ParNew: 2561578K->15138K(2831168K), 0.0212760 secs] 8445538K->5906454K(12268352K), 0.0215500 secs] [Times: user=0.24 sys=0.01, real=0.02 secs] 
2011-02-26T06:18:30.550+0000: 1159.849: [GC 1159.850: [ParNew: 2531746K->68304K(2831168K), 0.0388770 secs] 8423062K->5962388K(12268352K), 0.0391770 secs] [Times: user=0.42 sys=0.00, real=0.04 secs] 
2011-02-26T06:18:40.677+0000: 1169.976: [GC 1169.976: [ParNew: 2584912K->67570K(2831168K), 0.0921590 secs] 8478996K->6002098K(12268352K), 0.0924600 secs] [Times: user=1.00 sys=0.01, real=0.10 secs] 
2011-02-26T06:18:53.951+0000: 1183.250: [GC 1183.250: [ParNew: 2584178K->139020K(2831168K), 0.1186620 secs] 8518706K->6135761K(12268352K), 0.1189650 secs] [Times: user=1.02 sys=0.02, real=0.12 secs] 
2011-02-26T06:18:57.110+0000: 1186.409: [GC 1186.409: [ParNew: 2655628K->204167K(2831168K), 0.0842060 secs] 8652369K->6242152K(12268352K), 0.0845040 secs] [Times: user=0.87 sys=0.00, real=0.08 secs] 
2011-02-26T06:19:05.505+0000: 1194.804: [GC 1194.804: [ParNew: 2720774K->75011K(2831168K), 0.0883060 secs] 8758759K->6158932K(12268352K), 0.0885820 secs] [Times: user=0.96 sys=0.03, real=0.09 secs] 
2011-02-26T06:19:07.311+0000: 1196.610: [GC 1196.611: [ParNew: 2591567K->53583K(2831168K), 0.0694960 secs] 8675489K->6189987K(12268352K), 0.0697860 secs] [Times: user=0.56 sys=0.04, real=0.07 secs] 
2011-02-26T06:19:22.309+0000: 1211.608: [GC 1211.608: [ParNew: 2570191K->95454K(2831168K), 0.0644750 secs] 8706595K->6239830K(12268352K), 0.0647790 secs] [Times: user=0.80 sys=0.00, real=0.06 secs] 
2011-02-26T06:19:33.683+0000: 1222.982: [GC 1222.983: [ParNew: 2612062K->182945K(2831168K), 0.1913810 secs] 8756438K->6411624K(12268352K), 0.1916870 secs] [Times: user=1.79 sys=0.01, real=0.19 secs] 
2011-02-26T06:19:53.221+0000: 1242.520: [GC 1242.520: [ParNew: 2699553K->170888K(2831168K), 0.2242700 secs] 8928232K->6551002K(12268352K), 0.2245720 secs] [Times: user=2.18 sys=0.01, real=0.22 secs] 
2011-02-26T06:20:05.233+0000: 1254.532: [GC 1254.533: [ParNew: 2687496K->136857K(2831168K), 0.1806940 secs] 9067610K->6653439K(12268352K), 0.1810020 secs] [Times: user=1.50 sys=0.01, real=0.18 secs] 
2011-02-26T06:20:07.269+0000: 1256.568: [GC 1256.568: [ParNew: 2653465K->46600K(2831168K), 0.0506120 secs] 9170047K->6594702K(12268352K), 0.3485580 secs] [Times: user=0.47 sys=0.00, real=0.35 secs] 
2011-02-26T06:20:20.056+0000: 1269.355: [GC 1269.355: [ParNew: 2563208K->27981K(2831168K), 0.0286210 secs] 9111310K->6578489K(12268352K), 0.0288840 secs] [Times: user=0.38 sys=0.00, real=0.03 secs] 
2011-02-26T06:20:33.061+0000: 1282.360: [GC 1282.360: [ParNew: 2544589K->91942K(2831168K), 0.0762810 secs] 9095097K->6661266K(12268352K), 0.0765430 secs] [Times: user=0.90 sys=0.00, real=0.08 secs] 
2011-02-26T06:20:49.624+0000: 1298.923: [GC 1298.924: [ParNew: 2608550K->71383K(2831168K), 0.1042810 secs] 9177874K->6704518K(12268352K), 0.1045810 secs] [Times: user=1.07 sys=0.00, real=0.11 secs] 
2011-02-26T06:21:04.966+0000: 1314.265: [GC 1314.265: [ParNew: 2587991K->53816K(2831168K), 0.0657550 secs] 9221126K->6731465K(12268352K), 0.0660740 secs] [Times: user=0.70 sys=0.01, real=0.07 secs] 
2011-02-26T06:21:06.657+0000: 1315.956: [GC 1315.956: [ParNew: 2570424K->38838K(2831168K), 0.0438790 secs] 9248073K->6745489K(12268352K), 0.0441870 secs] [Times: user=0.46 sys=0.03, real=0.05 secs] 
2011-02-26T06:21:13.210+0000: 1322.509: [GC 1322.509: [ParNew: 2555446K->72158K(2831168K), 0.0262280 secs] 9262097K->6780838K(12268352K), 0.0265280 secs] [Times: user=0.26 sys=0.00, real=0.02 secs] 
2011-02-26T06:21:33.547+0000: 1342.846: [GC 1342.846: [ParNew: 2588766K->54931K(2831168K), 0.0779480 secs] 9297446K->6782459K(12268352K), 0.0782450 secs] [Times: user=0.70 sys=0.01, real=0.07 secs] 
2011-02-26T06:21:47.026+0000: 1356.325: [GC 1356.325: [ParNew: 2571539K->78284K(2831168K), 0.0936470 secs] 9299067K->6850905K(12268352K), 0.0939460 secs] [Times: user=1.00 sys=0.01, real=0.10 secs] 
2011-02-26T06:22:07.760+0000: 1377.059: [GC 1377.060: [ParNew: 2594892K->141157K(2831168K), 0.0956150 secs] 9367513K->6969491K(12268352K), 0.0958890 secs] [Times: user=0.96 sys=0.00, real=0.09 secs] 
2011-02-26T06:22:11.101+0000: 1380.400: [GC 1380.400: [ParNew: 2657765K->198957K(2831168K), 0.0959580 secs] 9486099K->7138291K(12268352K), 0.0962250 secs] [Times: user=0.99 sys=0.03, real=0.09 secs] 
2011-02-26T06:22:14.209+0000: 1383.508: [GC 1383.508: [ParNew: 2715565K->120407K(2831168K), 0.0790920 secs] 9654899K->7097222K(12268352K), 0.0793640 secs] [Times: user=0.73 sys=0.02, real=0.08 secs] 
2011-02-26T06:22:17.949+0000: 1387.248: [GC 1387.248: [ParNew: 2637015K->30336K(2831168K), 0.0702970 secs] 9613830K->7112347K(12268352K), 0.0705680 secs] [Times: user=0.66 sys=0.05, real=0.07 secs] 
2011-02-26T06:22:18.021+0000: 1387.320: [GC [1 CMS-initial-mark: 7082011K(9437184K)] 7113507K(12268352K), 0.0227610 secs] [Times: user=0.02 sys=0.00, real=0.02 secs] 
2011-02-26T06:22:18.044+0000: 1387.343: [CMS-concurrent-mark-start]
2011-02-26T06:22:18.185+0000: 1387.484: [CMS-concurrent-mark: 0.133/0.141 secs] [Times: user=0.89 sys=0.10, real=0.14 secs] 
2011-02-26T06:22:18.185+0000: 1387.484: [CMS-concurrent-preclean-start]
2011-02-26T06:22:18.221+0000: 1387.520: [CMS-concurrent-preclean: 0.034/0.036 secs] [Times: user=0.15 sys=0.04, real=0.04 secs] 
2011-02-26T06:22:18.221+0000: 1387.520: [CMS-concurrent-abortable-preclean-start]
2011-02-26T06:22:19.150+0000: 1388.449: [CMS-concurrent-abortable-preclean: 0.926/0.929 secs] [Times: user=2.86 sys=0.49, real=0.93 secs] 
2011-02-26T06:22:19.151+0000: 1388.450: [GC[YG occupancy: 1295191 K (2831168 K)]1388.451: [Rescan (parallel) , 0.1232920 secs]1388.574: [weak refs processing, 0.0194180 secs] [1 CMS-remark: 7082011K(9437184K)] 8377203K(12268352K), 0.1429890 secs] [Times: user=1.39 sys=0.00, real=0.14 secs] 
2011-02-26T06:22:19.295+0000: 1388.594: [CMS-concurrent-sweep-start]
2011-02-26T06:22:20.188+0000: 1389.487: [GC 1389.487: [ParNew: 2546944K->18243K(2831168K), 0.0393290 secs] 9300748K->6786553K(12268352K), 0.0396060 secs] [Times: user=0.31 sys=0.01, real=0.04 secs] 
2011-02-26T06:22:29.477+0000: 1398.776: [GC 1398.776: [ParNew: 2534851K->49025K(2831168K), 0.0449150 secs] 5707484K->3230289K(12268352K), 0.0451800 secs] [Times: user=0.44 sys=0.00, real=0.05 secs] 
2011-02-26T06:22:39.421+0000: 1408.720: [CMS-concurrent-sweep: 20.008/20.126 secs] [Times: user=40.81 sys=7.39, real=20.13 secs] 
2011-02-26T06:22:39.421+0000: 1408.720: [CMS-concurrent-reset-start]
2011-02-26T06:22:39.440+0000: 1408.739: [CMS-concurrent-reset: 0.020/0.020 secs] [Times: user=0.03 sys=0.01, real=0.02 secs] 
2011-02-26T06:22:41.613+0000: 1410.912: [GC 1410.912: [ParNew: 2565633K->175725K(2831168K), 0.1418000 secs] 2988148K->640019K(12268352K), 0.1420590 secs] [Times: user=1.56 sys=0.01, real=0.14 secs] 
2011-02-26T06:23:02.610+0000: 1431.909: [GC 1431.909: [ParNew: 2692333K->247391K(2831168K), 0.2227990 secs] 3156627K->867008K(12268352K), 0.2230840 secs] [Times: user=2.34 sys=0.00, real=0.22 secs] 
2011-02-26T06:23:11.970+0000: 1441.269: [GC 1441.269: [ParNew: 2763999K->145666K(2831168K), 0.1789090 secs] 3383616K->919771K(12268352K), 0.1791920 secs] [Times: user=1.67 sys=0.01, real=0.18 secs] 
2011-02-26T06:23:15.426+0000: 1444.725: [GC 1444.725: [ParNew: 2662225K->48033K(2831168K), 0.0555820 secs] 3436330K->858141K(12268352K), 0.0558520 secs] [Times: user=0.64 sys=0.00, real=0.06 secs] 
2011-02-26T06:23:32.884+0000: 1462.183: [GC 1462.183: [ParNew: 2564641K->71849K(2831168K), 0.0785220 secs] 3374749K->889724K(12268352K), 0.0788030 secs] [Times: user=0.76 sys=0.00, real=0.08 secs] 
2011-02-26T06:23:51.400+0000: 1480.699: [GC 1480.699: [ParNew: 2588457K->66243K(2831168K), 0.1254880 secs] 3406332K->944422K(12268352K), 0.1257520 secs] [Times: user=0.95 sys=0.00, real=0.12 secs] 
2011-02-26T06:24:09.991+0000: 1499.290: [GC 1499.290: [ParNew: 2582851K->52157K(2831168K), 0.0763290 secs] 3461030K->972258K(12268352K), 0.0766150 secs] [Times: user=0.80 sys=0.01, real=0.08 secs] 
2011-02-26T06:24:16.590+0000: 1505.889: [GC 1505.889: [ParNew: 2568765K->38250K(2831168K), 0.0508450 secs] 3488866K->988987K(12268352K), 0.0511160 secs] [Times: user=0.53 sys=0.00, real=0.05 secs] 
2011-02-26T06:24:28.526+0000: 1517.825: [GC 1517.826: [ParNew: 2554858K->41655K(2831168K), 0.0271150 secs] 3505595K->999934K(12268352K), 0.0273830 secs] [Times: user=0.35 sys=0.00, real=0.03 secs] 
2011-02-26T06:24:38.868+0000: 1528.167: [GC 1528.167: [ParNew: 2558263K->90140K(2831168K), 0.0679260 secs] 3516542K->1064273K(12268352K), 0.0681820 secs] [Times: user=0.80 sys=0.00, real=0.06 secs] 
2011-02-26T06:24:57.298+0000: 1546.597: [GC 1546.597: [ParNew: 2606748K->62672K(2831168K), 0.1095660 secs] 3580881K->1099638K(12268352K), 0.1098430 secs] [Times: user=1.22 sys=0.00, real=0.11 secs] 
2011-02-26T06:25:05.923+0000: 1555.222: [GC 1555.222: [ParNew: 2579280K->49167K(2831168K), 0.0618840 secs] 3616246K->1126224K(12268352K), 0.0621550 secs] [Times: user=0.65 sys=0.01, real=0.06 secs] 
2011-02-26T06:25:07.875+0000: 1557.174: [GC 1557.174: [ParNew: 2565775K->15600K(2831168K), 0.0300390 secs] 3642832K->1106228K(12268352K), 0.0303130 secs] [Times: user=0.38 sys=0.00, real=0.03 secs] 
2011-02-26T06:25:25.938+0000: 1575.237: [GC 1575.238: [ParNew: 2532208K->142712K(2831168K), 0.0493320 secs] 3622836K->1236259K(12268352K), 0.0496350 secs] [Times: user=0.58 sys=0.00, real=0.05 secs] 
2011-02-26T06:25:31.137+0000: 1580.437: [GC 1580.437: [ParNew: 2659320K->210579K(2831168K), 0.0910750 secs] 3752867K->1341263K(12268352K), 0.0913730 secs] [Times: user=0.79 sys=0.01, real=0.09 secs] 
2011-02-26T06:25:34.325+0000: 1583.624: [GC 1583.624: [ParNew: 2727187K->201838K(2831168K), 0.1232240 secs] 3857871K->1381535K(12268352K), 0.1234840 secs] [Times: user=1.34 sys=0.00, real=0.13 secs] 
2011-02-26T06:25:38.815+0000: 1588.114: [GC 1588.114: [ParNew: 2718446K->87630K(2831168K), 0.1415350 secs] 3898143K->1449928K(12268352K), 0.1417910 secs] [Times: user=1.41 sys=0.01, real=0.14 secs] 
2011-02-26T06:25:53.870+0000: 1603.169: [GC 1603.169: [ParNew: 2604238K->202839K(2831168K), 0.1179680 secs] 3966536K->1597049K(12268352K), 0.1182310 secs] [Times: user=1.17 sys=0.00, real=0.12 secs] 
2011-02-26T06:26:06.913+0000: 1616.212: [GC 1616.213: [ParNew: 2719447K->127285K(2831168K), 0.1565060 secs] 4113657K->1632026K(12268352K), 0.1567770 secs] [Times: user=1.70 sys=0.01, real=0.16 secs] 
2011-02-26T06:26:23.323+0000: 1632.622: [GC 1632.622: [ParNew: 2643893K->116809K(2831168K), 0.1366600 secs] 4148634K->1708743K(12268352K), 0.1369690 secs] [Times: user=1.46 sys=0.00, real=0.14 secs] 
2011-02-26T06:26:32.673+0000: 1641.972: [GC 1641.972: [ParNew: 2633417K->96921K(2831168K), 0.1410780 secs] 4225351K->1777863K(12268352K), 0.1414150 secs] [Times: user=1.33 sys=0.03, real=0.14 secs] 
2011-02-26T06:26:43.463+0000: 1652.762: [GC 1652.762: [ParNew: 2613529K->72656K(2831168K), 0.0984450 secs] 4294471K->1818809K(12268352K), 0.0987530 secs] [Times: user=1.03 sys=0.01, real=0.10 secs] 
2011-02-26T06:26:54.395+0000: 1663.695: [GC 1663.695: [ParNew: 2589264K->36452K(2831168K), 0.0680710 secs] 4335417K->1823520K(12268352K), 0.0683780 secs] [Times: user=0.77 sys=0.00, real=0.07 secs] 
2011-02-26T06:27:04.273+0000: 1673.572: [GC 1673.572: [ParNew: 2553060K->65297K(2831168K), 0.0518420 secs] 4340128K->1875299K(12268352K), 0.0521280 secs] [Times: user=0.58 sys=0.00, real=0.05 secs] 
2011-02-26T06:27:07.155+0000: 1676.454: [GC 1676.454: [ParNew: 2581905K->24606K(2831168K), 0.0363050 secs] 4391907K->1858110K(12268352K), 0.0366580 secs] [Times: user=0.40 sys=0.00, real=0.04 secs] 
2011-02-26T06:27:09.716+0000: 1679.015: [GC 1679.015: [ParNew: 2541214K->9108K(2831168K), 0.0221070 secs] 4374718K->1846595K(12268352K), 0.0223950 secs] [Times: user=0.26 sys=0.01, real=0.03 secs] 
2011-02-26T06:27:31.203+0000: 1700.502: [GC 1700.503: [ParNew: 2525716K->74288K(2831168K), 0.0488110 secs] 4363203K->1916845K(12268352K), 0.0490800 secs] [Times: user=0.65 sys=0.00, real=0.05 secs] 
2011-02-26T06:27:42.450+0000: 1711.749: [GC 1711.749: [ParNew: 2590896K->75804K(2831168K), 0.0925960 secs] 4433453K->1962743K(12268352K), 0.0928960 secs] [Times: user=1.03 sys=0.01, real=0.09 secs] 
2011-02-26T06:28:00.321+0000: 1729.620: [GC 1729.620: [ParNew: 2592412K->61227K(2831168K), 0.0907330 secs] 4479351K->2004427K(12268352K), 0.0910360 secs] [Times: user=0.96 sys=0.02, real=0.09 secs] 
2011-02-26T06:28:05.842+0000: 1735.141: [GC 1735.142: [ParNew: 2577835K->42094K(2831168K), 0.0625720 secs] 4521035K->2023661K(12268352K), 0.0628860 secs] [Times: user=0.57 sys=0.00, real=0.06 secs] 
2011-02-26T06:28:07.804+0000: 1737.103: [GC 1737.103: [ParNew: 2558702K->45066K(2831168K), 0.0250700 secs] 4540269K->2035020K(12268352K), 0.0253740 secs] [Times: user=0.27 sys=0.00, real=0.03 secs] 
2011-02-26T06:28:29.343+0000: 1758.642: [GC 1758.643: [ParNew: 2561674K->43805K(2831168K), 0.0411090 secs] 4551628K->2040355K(12268352K), 0.0414150 secs] [Times: user=0.52 sys=0.00, real=0.04 secs] 
2011-02-26T06:28:33.695+0000: 1762.994: [GC 1762.994: [ParNew: 2560413K->309634K(2831168K), 0.0960250 secs] 4556963K->2342048K(12268352K), 0.0963210 secs] [Times: user=1.14 sys=0.00, real=0.10 secs] 
2011-02-26T06:28:36.413+0000: 1765.712: [GC 1765.713: [ParNew: 2826242K->62828K(2831168K), 0.1345250 secs] 4858656K->2391369K(12268352K), 0.1348270 secs] [Times: user=1.44 sys=0.00, real=0.14 secs] 
2011-02-26T06:28:41.703+0000: 1771.002: [GC 1771.002: [ParNew: 2579436K->125695K(2831168K), 0.0848900 secs] 4907977K->2495884K(12268352K), 0.0863690 secs] [Times: user=0.91 sys=0.01, real=0.09 secs] 
2011-02-26T06:28:53.933+0000: 1783.232: [GC 1783.232: [ParNew: 2642303K->107596K(2831168K), 0.0896580 secs] 5012492K->2508053K(12268352K), 0.0899350 secs] [Times: user=1.04 sys=0.00, real=0.09 secs] 
2011-02-26T06:29:05.417+0000: 1794.716: [GC 1794.716: [ParNew: 2624204K->107720K(2831168K), 0.1449500 secs] 5024661K->2606908K(12268352K), 0.1606630 secs] [Times: user=1.38 sys=0.00, real=0.17 secs] 
2011-02-26T06:29:07.668+0000: 1796.967: [GC 1796.967: [ParNew: 2624328K->80181K(2831168K), 0.0952190 secs] 5123516K->2656287K(12268352K), 0.0954880 secs] [Times: user=0.87 sys=0.00, real=0.09 secs] 
2011-02-26T06:29:19.146+0000: 1808.445: [GC 1808.445: [ParNew: 2596789K->102526K(2831168K), 0.0654240 secs] 5172895K->2690041K(12268352K), 0.0656950 secs] [Times: user=0.80 sys=0.00, real=0.07 secs] 
2011-02-26T06:29:33.206+0000: 1822.505: [GC 1822.505: [ParNew: 2619134K->166076K(2831168K), 0.1823600 secs] 5206649K->2824883K(12268352K), 0.1826760 secs] [Times: user=1.62 sys=0.02, real=0.19 secs] 
2011-02-26T06:29:49.640+0000: 1838.939: [GC 1838.939: [ParNew: 2682684K->115654K(2831168K), 0.1673900 secs] 5341491K->2908644K(12268352K), 0.1676920 secs] [Times: user=1.68 sys=0.00, real=0.17 secs] 
2011-02-26T06:30:04.873+0000: 1854.172: [GC 1854.172: [ParNew: 2632262K->55147K(2831168K), 0.0697760 secs] 5425252K->2890509K(12268352K), 0.0700840 secs] [Times: user=0.73 sys=0.00, real=0.07 secs] 
2011-02-26T06:30:07.261+0000: 1856.560: [GC 1856.561: [ParNew: 2571755K->39900K(2831168K), 0.0442170 secs] 5407117K->2907209K(12268352K), 0.0445200 secs] [Times: user=0.42 sys=0.00, real=0.04 secs] 
2011-02-26T06:30:13.645+0000: 1862.944: [GC 1862.944: [ParNew: 2556508K->52612K(2831168K), 0.0256380 secs] 5423817K->2922478K(12268352K), 0.0258990 secs] [Times: user=0.34 sys=0.01, real=0.03 secs] 
2011-02-26T06:30:32.430+0000: 1881.729: [GC 1881.729: [ParNew: 2569220K->87223K(2831168K), 0.0637280 secs] 5439086K->2973037K(12268352K), 0.0640160 secs] [Times: user=0.74 sys=0.02, real=0.06 secs] 
2011-02-26T06:30:45.902+0000: 1895.201: [GC 1895.201: [ParNew: 2603831K->80772K(2831168K), 0.1009470 secs] 5489645K->3023580K(12268352K), 0.1012070 secs] [Times: user=1.04 sys=0.01, real=0.10 secs] 
2011-02-26T06:31:03.919+0000: 1913.218: [GC 1913.219: [ParNew: 2597380K->63223K(2831168K), 0.0860670 secs] 5540188K->3056851K(12268352K), 0.0863360 secs] [Times: user=0.92 sys=0.00, real=0.08 secs] 
2011-02-26T06:31:07.425+0000: 1916.725: [GC 1916.725: [ParNew: 2579831K->45460K(2831168K), 0.0505930 secs] 5573459K->3077289K(12268352K), 0.0509160 secs] [Times: user=0.53 sys=0.00, real=0.05 secs] 
2011-02-26T06:31:09.548+0000: 1918.847: [GC 1918.847: [ParNew: 2562068K->15072K(2831168K), 0.0210520 secs] 5593897K->3051390K(12268352K), 0.0213110 secs] [Times: user=0.20 sys=0.00, real=0.02 secs] 
2011-02-26T06:31:30.793+0000: 1940.092: [GC 1940.092: [ParNew: 2531680K->143286K(2831168K), 0.0548090 secs] 5567998K->3183039K(12268352K), 0.0550890 secs] [Times: user=0.66 sys=0.00, real=0.06 secs] 
2011-02-26T06:31:38.389+0000: 1947.688: [GC 1947.688: [ParNew: 2659894K->154714K(2831168K), 0.1203410 secs] 5699647K->3233781K(12268352K), 0.1206350 secs] [Times: user=1.10 sys=0.00, real=0.12 secs] 
2011-02-26T06:31:44.632+0000: 1953.931: [GC 1953.931: [ParNew: 2671322K->221334K(2831168K), 0.1333840 secs] 5750389K->3361109K(12268352K), 0.1336640 secs] [Times: user=1.51 sys=0.01, real=0.13 secs] 
2011-02-26T06:31:54.955+0000: 1964.254: [GC 1964.254: [ParNew: 2737942K->121269K(2831168K), 0.1065730 secs] 5877717K->3306119K(12268352K), 0.1068260 secs] [Times: user=1.22 sys=0.01, real=0.11 secs] 
2011-02-26T06:32:05.398+0000: 1974.697: [GC 1974.698: [ParNew: 2637877K->108139K(2831168K), 0.1343870 secs] 5822727K->3385071K(12268352K), 0.1496910 secs] [Times: user=1.46 sys=0.00, real=0.15 secs] 
2011-02-26T06:32:07.531+0000: 1976.830: [GC 1976.830: [ParNew: 2624747K->74603K(2831168K), 0.1001220 secs] 5901679K->3418781K(12268352K), 0.1003600 secs] [Times: user=0.81 sys=0.00, real=0.10 secs] 
2011-02-26T06:32:20.272+0000: 1989.571: [GC 1989.571: [ParNew: 2591211K->78151K(2831168K), 0.0589170 secs] 5935389K->3431584K(12268352K), 0.0591880 secs] [Times: user=0.65 sys=0.01, real=0.06 secs] 
2011-02-26T06:32:33.424+0000: 2002.723: [GC 2002.723: [ParNew: 2594759K->175479K(2831168K), 0.2020740 secs] 5948192K->3595518K(12268352K), 0.2024080 secs] [Times: user=1.66 sys=0.02, real=0.20 secs] 
2011-02-26T06:32:50.975+0000: 2020.274: [GC 2020.274: [ParNew: 2692087K->123280K(2831168K), 0.2012440 secs] 6112126K->3689210K(12268352K), 0.2015320 secs] [Times: user=2.09 sys=0.00, real=0.20 secs] 
2011-02-26T06:33:05.088+0000: 2034.387: [GC 2034.387: [ParNew: 2639888K->102513K(2831168K), 0.1170040 secs] 6205818K->3763499K(12268352K), 0.1173030 secs] [Times: user=1.22 sys=0.00, real=0.11 secs] 
2011-02-26T06:33:07.290+0000: 2036.589: [GC 2036.589: [ParNew: 2619083K->38748K(2831168K), 0.0389230 secs] 6280068K->3727038K(12268352K), 0.0392120 secs] [Times: user=0.39 sys=0.00, real=0.04 secs] 
2011-02-26T06:33:13.969+0000: 2043.269: [GC 2043.269: [ParNew: 2555356K->20730K(2831168K), 0.0235780 secs] 6243646K->3711779K(12268352K), 0.0238630 secs] [Times: user=0.25 sys=0.01, real=0.02 secs] 
2011-02-26T06:33:32.763+0000: 2062.062: [GC 2062.062: [ParNew: 2537338K->68212K(2831168K), 0.0984320 secs] 6228387K->3771138K(12268352K), 0.0987580 secs] [Times: user=0.87 sys=0.00, real=0.10 secs] 
2011-02-26T06:33:46.982+0000: 2076.281: [GC 2076.281: [ParNew: 2584820K->86169K(2831168K), 0.1009350 secs] 6287746K->3845975K(12268352K), 0.1012420 secs] [Times: user=1.04 sys=0.00, real=0.10 secs] 
2011-02-26T06:34:04.603+0000: 2093.902: [GC 2093.902: [ParNew: 2602777K->57466K(2831168K), 0.0868700 secs] 6362583K->3866904K(12268352K), 0.0871710 secs] [Times: user=0.93 sys=0.00, real=0.09 secs] 
2011-02-26T06:34:06.680+0000: 2095.979: [GC 2095.979: [ParNew: 2574074K->34664K(2831168K), 0.0539820 secs] 6383512K->3881848K(12268352K), 0.0542870 secs] [Times: user=0.48 sys=0.00, real=0.05 secs] 
2011-02-26T06:34:08.853+0000: 2098.152: [GC 2098.153: [ParNew: 2551272K->9796K(2831168K), 0.0166240 secs] 6398456K->3859396K(12268352K), 0.0169320 secs] [Times: user=0.20 sys=0.00, real=0.02 secs] 
2011-02-26T06:34:31.092+0000: 2120.392: [GC 2120.392: [ParNew: 2526419K->72158K(2831168K), 0.0501430 secs] 6376020K->3925207K(12268352K), 0.0504350 secs] [Times: user=0.64 sys=0.01, real=0.05 secs] 
2011-02-26T06:34:31.148+0000: 2120.447: [GC 2120.447: [ParNew: 92770K->31978K(2831168K), 0.0642810 secs] 3945819K->3930425K(12268352K), 0.0645620 secs] [Times: user=0.62 sys=0.00, real=0.06 secs] 
2011-02-26T06:34:37.282+0000: 2126.581: [GC 2126.582: [ParNew: 2548586K->169152K(2831168K), 0.0590700 secs] 6447033K->4067867K(12268352K), 0.0593980 secs] [Times: user=0.70 sys=0.00, real=0.06 secs] 
2011-02-26T06:34:51.568+0000: 2140.867: [GC 2140.868: [ParNew: 2685760K->123133K(2831168K), 0.0876830 secs] 6584475K->4072907K(12268352K), 0.0879370 secs] [Times: user=0.91 sys=0.00, real=0.08 secs] 
2011-02-26T06:34:55.673+0000: 2144.972: [GC 2144.973: [ParNew: 2639741K->290384K(2831168K), 0.0902280 secs] 6589515K->4277986K(12268352K), 0.0904800 secs] [Times: user=0.97 sys=0.03, real=0.09 secs] 
2011-02-26T06:34:58.405+0000: 2147.704: [GC 2147.704: [ParNew: 2806992K->46823K(2831168K), 0.1197530 secs] 6794594K->4285647K(12268352K), 0.1199860 secs] [Times: user=1.25 sys=0.02, real=0.12 secs] 
2011-02-26T06:35:01.148+0000: 2150.447: [GC 2150.447: [ParNew: 2563431K->114922K(2831168K), 0.0713490 secs] 6802255K->4384980K(12268352K), 0.0715740 secs] [Times: user=0.76 sys=0.01, real=0.07 secs] 
2011-02-26T06:35:03.864+0000: 2153.163: [GC 2153.163: [ParNew: 2631530K->21212K(2831168K), 0.0639220 secs] 6901588K->4390628K(12268352K), 0.0641870 secs] [Times: user=0.55 sys=0.00, real=0.07 secs] 
2011-02-26T06:35:07.259+0000: 2156.558: [GC 2156.558: [ParNew: 2537820K->24473K(2831168K), 0.0330960 secs] 6907236K->4406754K(12268352K), 0.0333340 secs] [Times: user=0.31 sys=0.00, real=0.03 secs] 
2011-02-26T06:35:09.179+0000: 2158.478: [GC 2158.478: [ParNew: 2541081K->25194K(2831168K), 0.0358660 secs] 6923362K->4423558K(12268352K), 0.0361000 secs] [Times: user=0.39 sys=0.00, real=0.03 secs] 
2011-02-26T06:35:30.833+0000: 2180.132: [GC 2180.132: [ParNew: 2541802K->123070K(2831168K), 0.0859250 secs] 6940166K->4536726K(12268352K), 0.0862180 secs] [Times: user=1.04 sys=0.00, real=0.09 secs] 
2011-02-26T06:35:41.039+0000: 2190.338: [GC 2190.338: [ParNew: 2639678K->203823K(2831168K), 0.1939040 secs] 7053334K->4732607K(12268352K), 0.1941910 secs] [Times: user=2.08 sys=0.01, real=0.19 secs] 
2011-02-26T06:35:58.938+0000: 2208.237: [GC 2208.237: [ParNew: 2720431K->158198K(2831168K), 0.2285500 secs] 7249215K->4840143K(12268352K), 0.2289220 secs] [Times: user=2.18 sys=0.01, real=0.23 secs] 
2011-02-26T06:36:06.089+0000: 2215.388: [GC 2215.388: [ParNew: 2674806K->128123K(2831168K), 0.1261950 secs] 7356751K->4923305K(12268352K), 0.1264920 secs] [Times: user=1.19 sys=0.00, real=0.12 secs] 
2011-02-26T06:36:08.156+0000: 2217.455: [GC 2217.455: [ParNew: 2644731K->34486K(2831168K), 0.0267920 secs] 7439913K->4839715K(12268352K), 0.0270820 secs] [Times: user=0.32 sys=0.00, real=0.03 secs] 
2011-02-26T06:36:28.509+0000: 2237.808: [GC 2237.808: [ParNew: 2551094K->60977K(2831168K), 0.0429210 secs] 7356323K->4869180K(12268352K), 0.0432140 secs] [Times: user=0.53 sys=0.01, real=0.04 secs] 
2011-02-26T06:36:37.219+0000: 2246.518: [GC 2246.518: [ParNew: 2577585K->113218K(2831168K), 0.0863000 secs] 7385788K->4956065K(12268352K), 0.0865820 secs] [Times: user=0.94 sys=0.01, real=0.08 secs] 
2011-02-26T06:36:55.879+0000: 2265.178: [GC 2265.178: [ParNew: 2629826K->60961K(2831168K), 0.1050820 secs] 7472673K->4970797K(12268352K), 0.1053700 secs] [Times: user=1.00 sys=0.00, real=0.10 secs] 
2011-02-26T06:37:05.559+0000: 2274.858: [GC 2274.858: [ParNew: 2577569K->42797K(2831168K), 0.0631670 secs] 7487405K->4991027K(12268352K), 0.0782750 secs] [Times: user=0.63 sys=0.00, real=0.08 secs] 
2011-02-26T06:37:07.674+0000: 2276.973: [GC 2276.973: [ParNew: 2559405K->37561K(2831168K), 0.0319310 secs] 7507635K->5001819K(12268352K), 0.0322480 secs] [Times: user=0.38 sys=0.00, real=0.03 secs] 
2011-02-26T06:37:24.239+0000: 2293.538: [GC 2293.539: [ParNew: 2554169K->35976K(2831168K), 0.0397010 secs] 7518427K->5007031K(12268352K), 0.0400100 secs] [Times: user=0.42 sys=0.01, real=0.04 secs] 
2011-02-26T06:37:33.696+0000: 2302.995: [GC 2302.995: [ParNew: 2552584K->81584K(2831168K), 0.1027920 secs] 7523639K->5081222K(12268352K), 0.1030920 secs] [Times: user=0.91 sys=0.00, real=0.11 secs] 
2011-02-26T06:37:51.615+0000: 2320.914: [GC 2320.914: [ParNew: 2598192K->76428K(2831168K), 0.1284080 secs] 7597830K->5136392K(12268352K), 0.1287210 secs] [Times: user=1.30 sys=0.01, real=0.13 secs] 
2011-02-26T06:38:04.382+0000: 2333.681: [GC 2333.681: [ParNew: 2593036K->145533K(2831168K), 0.0788240 secs] 7653000K->5246591K(12268352K), 0.0790630 secs] [Times: user=0.90 sys=0.00, real=0.08 secs] 
2011-02-26T06:38:06.576+0000: 2335.875: [GC 2335.875: [ParNew: 2662141K->29604K(2831168K), 0.0707880 secs] 7763199K->5235072K(12268352K), 0.0710280 secs] [Times: user=0.79 sys=0.00, real=0.07 secs] 
2011-02-26T06:38:10.481+0000: 2339.780: [GC 2339.780: [ParNew: 2546212K->193943K(2831168K), 0.0563600 secs] 7751680K->5406371K(12268352K), 0.0566280 secs] [Times: user=0.65 sys=0.00, real=0.06 secs] 
2011-02-26T06:38:13.575+0000: 2342.874: [GC 2342.874: [ParNew: 2710551K->113807K(2831168K), 0.0740660 secs] 7922979K->5367458K(12268352K), 0.0744170 secs] [Times: user=0.76 sys=0.02, real=0.08 secs] 
2011-02-26T06:38:17.218+0000: 2346.517: [GC 2346.517: [ParNew: 2630415K->30304K(2831168K), 0.0706460 secs] 7884066K->5389096K(12268352K), 0.0709820 secs] [Times: user=0.65 sys=0.00, real=0.07 secs] 
2011-02-26T06:38:32.828+0000: 2362.127: [GC 2362.127: [ParNew: 2546912K->138388K(2831168K), 0.0954340 secs] 7905704K->5514257K(12268352K), 0.0957160 secs] [Times: user=1.09 sys=0.01, real=0.09 secs] 
2011-02-26T06:38:47.731+0000: 2377.030: [GC 2377.031: [ParNew: 2654996K->202631K(2831168K), 0.2018630 secs] 8030865K->5709023K(12268352K), 0.2020910 secs] [Times: user=2.00 sys=0.00, real=0.20 secs] 
2011-02-26T06:39:04.811+0000: 2394.110: [GC 2394.111: [ParNew: 2719239K->151407K(2831168K), 0.2197380 secs] 8225631K->5799163K(12268352K), 0.2200260 secs] [Times: user=2.11 sys=0.01, real=0.22 secs] 
2011-02-26T06:39:07.595+0000: 2396.894: [GC 2396.894: [ParNew: 2667994K->123249K(2831168K), 0.1356190 secs] 8315750K->5888016K(12268352K), 0.1358870 secs] [Times: user=1.28 sys=0.01, real=0.14 secs] 
2011-02-26T06:39:11.092+0000: 2400.392: [GC 2400.392: [ParNew: 2639857K->32947K(2831168K), 0.0604990 secs] 8404624K->5807491K(12268352K), 0.0607830 secs] [Times: user=0.44 sys=0.01, real=0.06 secs] 
2011-02-26T06:39:31.628+0000: 2420.927: [GC 2420.927: [ParNew: 2549573K->92740K(2831168K), 0.0597500 secs] 8324117K->5876567K(12268352K), 0.0600330 secs] [Times: user=0.71 sys=0.00, real=0.06 secs] 
2011-02-26T06:39:31.689+0000: 2420.988: [GC 2420.988: [ParNew: 94918K->34187K(2831168K), 0.0832280 secs] 5878746K->5874643K(12268352K), 0.0834490 secs] [Times: user=0.73 sys=0.00, real=0.08 secs] 
2011-02-26T06:39:44.967+0000: 2434.266: [GC 2434.267: [ParNew: 2550795K->99492K(2831168K), 0.0546560 secs] 8391251K->5939953K(12268352K), 0.0550130 secs] [Times: user=0.72 sys=0.02, real=0.05 secs] 
2011-02-26T06:40:02.445+0000: 2451.744: [GC 2451.745: [ParNew: 2616100K->49635K(2831168K), 0.0910300 secs] 8456561K->5947314K(12268352K), 0.0913210 secs] [Times: user=1.02 sys=0.02, real=0.09 secs] 
2011-02-26T06:40:09.105+0000: 2458.404: [GC 2458.404: [ParNew: 2566243K->37587K(2831168K), 0.0562040 secs] 8463922K->5971714K(12268352K), 0.0564430 secs] [Times: user=0.65 sys=0.01, real=0.06 secs] 
2011-02-26T06:40:11.317+0000: 2460.616: [GC 2460.616: [ParNew: 2554195K->15787K(2831168K), 0.0252240 secs] 8488322K->5960546K(12268352K), 0.0254640 secs] [Times: user=0.30 sys=0.00, real=0.03 secs] 
2011-02-26T06:40:30.998+0000: 2480.297: [GC 2480.297: [ParNew: 2532395K->64430K(2831168K), 0.0373490 secs] 8477154K->6013140K(12268352K), 0.0376360 secs] [Times: user=0.47 sys=0.00, real=0.03 secs] 
2011-02-26T06:40:40.157+0000: 2489.456: [GC 2489.456: [ParNew: 2581038K->91336K(2831168K), 0.0861800 secs] 8529748K->6075683K(12268352K), 0.0864620 secs] [Times: user=0.94 sys=0.01, real=0.09 secs] 
2011-02-26T06:40:58.102+0000: 2507.401: [GC 2507.401: [ParNew: 2607946K->59916K(2831168K), 0.1048790 secs] 8592293K->6104240K(12268352K), 0.1093870 secs] [Times: user=1.14 sys=0.03, real=0.11 secs] 
2011-02-26T06:41:05.705+0000: 2515.004: [GC 2515.004: [ParNew: 2576524K->47050K(2831168K), 0.0592200 secs] 8620848K->6132492K(12268352K), 0.0594680 secs] [Times: user=0.62 sys=0.00, real=0.06 secs] 
2011-02-26T06:41:07.789+0000: 2517.088: [GC 2517.088: [ParNew: 2563658K->19144K(2831168K), 0.0335210 secs] 8649100K->6116839K(12268352K), 0.0338190 secs] [Times: user=0.35 sys=0.00, real=0.03 secs] 
2011-02-26T06:41:19.120+0000: 2528.419: [GC 2528.419: [ParNew: 2535752K->136026K(2831168K), 0.0580870 secs] 8633447K->6236224K(12268352K), 0.0583790 secs] [Times: user=0.62 sys=0.00, real=0.06 secs] 
2011-02-26T06:41:28.212+0000: 2537.511: [GC 2537.511: [ParNew: 2652634K->203558K(2831168K), 0.0935010 secs] 8752832K->6336890K(12268352K), 0.0937370 secs] [Times: user=1.04 sys=0.00, real=0.09 secs] 
2011-02-26T06:41:33.927+0000: 2543.226: [GC 2543.226: [ParNew: 2720166K->145085K(2831168K), 0.1677750 secs] 8853498K->6324958K(12268352K), 0.1681020 secs] [Times: user=1.38 sys=0.00, real=0.17 secs] 
2011-02-26T06:41:54.475+0000: 2563.774: [GC 2563.774: [ParNew: 2661693K->208114K(2831168K), 0.1979220 secs] 8841566K->6515040K(12268352K), 0.1981530 secs] [Times: user=2.07 sys=0.01, real=0.20 secs] 
2011-02-26T06:42:06.359+0000: 2575.658: [GC 2575.659: [ParNew: 2724722K->137437K(2831168K), 0.1843440 secs] 9031648K->6593286K(12268352K), 0.1846000 secs] [Times: user=1.83 sys=0.00, real=0.18 secs] 
2011-02-26T06:42:10.936+0000: 2580.235: [GC 2580.235: [ParNew: 2654045K->64698K(2831168K), 0.1056770 secs] 9109894K->6597261K(12268352K), 0.1059100 secs] [Times: user=1.18 sys=0.00, real=0.11 secs] 
2011-02-26T06:42:20.237+0000: 2589.536: [GC 2589.536: [ParNew: 2581306K->58611K(2831168K), 0.0744210 secs] 9113869K->6624431K(12268352K), 0.0746580 secs] [Times: user=0.80 sys=0.00, real=0.08 secs] 
2011-02-26T06:42:33.218+0000: 2602.517: [GC 2602.518: [ParNew: 2575219K->96024K(2831168K), 0.1012210 secs] 9141039K->6703568K(12268352K), 0.1015120 secs] [Times: user=1.12 sys=0.01, real=0.10 secs] 
2011-02-26T06:42:51.264+0000: 2620.563: [GC 2620.563: [ParNew: 2612632K->74851K(2831168K), 0.1164470 secs] 9220176K->6761085K(12268352K), 0.1167380 secs] [Times: user=1.16 sys=0.00, real=0.12 secs] 
2011-02-26T06:43:04.924+0000: 2634.223: [GC 2634.223: [ParNew: 2591459K->44511K(2831168K), 0.0679460 secs] 9277693K->6768745K(12268352K), 0.0682450 secs] [Times: user=0.79 sys=0.00, real=0.07 secs] 
2011-02-26T06:43:06.685+0000: 2635.984: [GC 2635.984: [ParNew: 2561119K->35232K(2831168K), 0.0489430 secs] 9285353K->6790372K(12268352K), 0.0492360 secs] [Times: user=0.51 sys=0.01, real=0.05 secs] 
2011-02-26T06:43:13.133+0000: 2642.432: [GC 2642.433: [ParNew: 2551843K->20336K(2831168K), 0.0237100 secs] 9306984K->6777440K(12268352K), 0.0239380 secs] [Times: user=0.26 sys=0.00, real=0.03 secs] 
2011-02-26T06:43:13.158+0000: 2642.457: [GC 2642.458: [ParNew: 21380K->8495K(2831168K), 0.0265930 secs] 6778484K->6778696K(12268352K), 0.0267710 secs] [Times: user=0.30 sys=0.01, real=0.02 secs] 
2011-02-26T06:43:30.911+0000: 2660.210: [GC 2660.210: [ParNew: 2525103K->134370K(2831168K), 0.0478430 secs] 9295304K->6904572K(12268352K), 0.0481340 secs] [Times: user=0.54 sys=0.00, real=0.05 secs] 
2011-02-26T06:43:38.269+0000: 2667.568: [GC 2667.569: [ParNew: 2650978K->81842K(2831168K), 0.0807580 secs] 9421180K->6882883K(12268352K), 0.0809900 secs] [Times: user=0.90 sys=0.01, real=0.08 secs] 
2011-02-26T06:43:56.972+0000: 2686.271: [GC 2686.271: [ParNew: 2598450K->54261K(2831168K), 0.1171400 secs] 9399491K->6913633K(12268352K), 0.1173750 secs] [Times: user=1.04 sys=0.00, real=0.12 secs] 
2011-02-26T06:44:06.037+0000: 2695.336: [GC 2695.336: [ParNew: 2570869K->50400K(2831168K), 0.0636490 secs] 9430241K->6949505K(12268352K), 0.0638870 secs] [Times: user=0.70 sys=0.00, real=0.06 secs] 
2011-02-26T06:44:08.591+0000: 2697.890: [GC 2697.890: [ParNew: 2567008K->19797K(2831168K), 0.0316740 secs] 9466113K->6939168K(12268352K), 0.0319060 secs] [Times: user=0.31 sys=0.01, real=0.03 secs] 
2011-02-26T06:44:23.504+0000: 2712.803: [GC 2712.804: [ParNew: 2536405K->27354K(2831168K), 0.0321470 secs] 9455776K->6950690K(12268352K), 0.0323810 secs] [Times: user=0.38 sys=0.01, real=0.03 secs] 
2011-02-26T06:44:32.747+0000: 2722.046: [GC 2722.047: [ParNew: 2543962K->311573K(2831168K), 0.0902220 secs] 9467298K->7258380K(12268352K), 0.0904530 secs] [Times: user=1.00 sys=0.05, real=0.09 secs] 
2011-02-26T06:44:35.130+0000: 2724.429: [GC 2724.429: [ParNew: 2828181K->90023K(2831168K), 0.1434420 secs] 9774988K->7321962K(12268352K), 0.1436610 secs] [Times: user=1.25 sys=0.06, real=0.14 secs] 
2011-02-26T06:44:35.275+0000: 2724.574: [GC [1 CMS-initial-mark: 7231938K(9437184K)] 7330507K(12268352K), 0.0905030 secs] [Times: user=0.09 sys=0.00, real=0.09 secs] 
2011-02-26T06:44:35.366+0000: 2724.665: [CMS-concurrent-mark-start]
2011-02-26T06:44:35.998+0000: 2725.297: [CMS-concurrent-mark: 0.631/0.632 secs] [Times: user=4.38 sys=0.74, real=0.64 secs] 
2011-02-26T06:44:35.998+0000: 2725.297: [CMS-concurrent-preclean-start]
2011-02-26T06:44:36.060+0000: 2725.359: [CMS-concurrent-preclean: 0.059/0.062 secs] [Times: user=0.25 sys=0.15, real=0.06 secs] 
2011-02-26T06:44:36.060+0000: 2725.359: [CMS-concurrent-abortable-preclean-start]
2011-02-26T06:44:40.476+0000: 2729.775: [GC 2729.775: [ParNew: 2606631K->143072K(2831168K), 0.1332540 secs] 9838570K->7441063K(12268352K), 0.1334750 secs] [Times: user=1.32 sys=0.02, real=0.14 secs] 
 CMS: abort preclean due to time 2011-02-26T06:44:41.146+0000: 2730.445: [CMS-concurrent-abortable-preclean: 4.833/5.086 secs] [Times: user=12.59 sys=2.43, real=5.08 secs] 
2011-02-26T06:44:41.147+0000: 2730.446: [GC[YG occupancy: 499953 K (2831168 K)]2730.446: [Rescan (parallel) , 0.0627040 secs]2730.509: [weak refs processing, 0.0269890 secs] [1 CMS-remark: 7297991K(9437184K)] 7797944K(12268352K), 0.0899180 secs] [Times: user=0.82 sys=0.01, real=0.09 secs] 
2011-02-26T06:44:41.237+0000: 2730.536: [CMS-concurrent-sweep-start]
2011-02-26T06:44:49.691+0000: 2738.990: [GC 2738.990: [ParNew: 2659680K->99768K(2831168K), 0.0924860 secs] 6939652K->4418440K(12268352K), 0.0927130 secs] [Times: user=1.00 sys=0.00, real=0.09 secs] 
2011-02-26T06:45:01.542+0000: 2750.841: [CMS-concurrent-sweep: 20.177/20.305 secs] [Times: user=39.19 sys=6.75, real=20.30 secs] 
2011-02-26T06:45:01.542+0000: 2750.841: [CMS-concurrent-reset-start]
2011-02-26T06:45:01.565+0000: 2750.864: [CMS-concurrent-reset: 0.022/0.022 secs] [Times: user=0.05 sys=0.00, real=0.02 secs] 
2011-02-26T06:45:04.925+0000: 2754.224: [GC 2754.224: [ParNew: 2616376K->149652K(2831168K), 0.1389620 secs] 3880694K->1484014K(12268352K), 0.1392060 secs] [Times: user=1.44 sys=0.00, real=0.14 secs] 
2011-02-26T06:45:07.024+0000: 2756.323: [GC 2756.323: [ParNew: 2666260K->100436K(2831168K), 0.1793170 secs] 4000622K->1544941K(12268352K), 0.1795520 secs] [Times: user=1.23 sys=0.01, real=0.18 secs] 
2011-02-26T06:45:10.457+0000: 2759.756: [GC 2759.756: [ParNew: 2617044K->33569K(2831168K), 0.0447270 secs] 4061549K->1487345K(12268352K), 0.0449640 secs] [Times: user=0.46 sys=0.00, real=0.05 secs] 
2011-02-26T06:45:31.801+0000: 2781.101: [GC 2781.101: [ParNew: 2550177K->140299K(2831168K), 0.1591010 secs] 4003953K->1620733K(12268352K), 0.1593680 secs] [Times: user=1.47 sys=0.00, real=0.16 secs] 
2011-02-26T06:45:43.648+0000: 2792.947: [GC 2792.947: [ParNew: 2656907K->102089K(2831168K), 0.2248520 secs] 4137341K->1709397K(12268352K), 0.2251430 secs] [Times: user=1.82 sys=0.01, real=0.22 secs] 
2011-02-26T06:46:01.196+0000: 2810.495: [GC 2810.495: [ParNew: 2618697K->76334K(2831168K), 0.1099980 secs] 4226005K->1750546K(12268352K), 0.1102910 secs] [Times: user=1.14 sys=0.00, real=0.11 secs] 
2011-02-26T06:46:06.132+0000: 2815.431: [GC 2815.431: [ParNew: 2592942K->33616K(2831168K), 0.0567930 secs] 4267154K->1745909K(12268352K), 0.0570320 secs] [Times: user=0.64 sys=0.00, real=0.06 secs] 
2011-02-26T06:46:21.179+0000: 2830.478: [GC 2830.478: [ParNew: 2550215K->66000K(2831168K), 0.0389540 secs] 4262507K->1784762K(12268352K), 0.0392410 secs] [Times: user=0.40 sys=0.00, real=0.04 secs] 
2011-02-26T06:46:30.748+0000: 2840.047: [GC 2840.047: [ParNew: 2582626K->23706K(2831168K), 0.0522750 secs] 4301387K->1763962K(12268352K), 0.0526230 secs] [Times: user=0.57 sys=0.00, real=0.05 secs] 
2011-02-26T06:46:30.805+0000: 2840.104: [GC 2840.105: [ParNew: 29223K->16499K(2831168K), 0.0406640 secs] 1769479K->1777488K(12268352K), 0.0409370 secs] [Times: user=0.40 sys=0.00, real=0.04 secs] 
2011-02-26T06:46:40.875+0000: 2850.174: [GC 2850.174: [ParNew: 2533107K->93387K(2831168K), 0.0644400 secs] 4294096K->1854482K(12268352K), 0.0647170 secs] [Times: user=0.85 sys=0.00, real=0.07 secs] 
2011-02-26T06:46:56.060+0000: 2865.359: [GC 2865.359: [ParNew: 2609995K->55899K(2831168K), 0.1234720 secs] 4371090K->1883023K(12268352K), 0.1237760 secs] [Times: user=1.16 sys=0.02, real=0.12 secs] 
2011-02-26T06:47:05.583+0000: 2874.882: [GC 2874.882: [ParNew: 2572507K->39135K(2831168K), 0.0527410 secs] 4399631K->1901839K(12268352K), 0.0530370 secs] [Times: user=0.53 sys=0.00, real=0.05 secs] 
2011-02-26T06:47:07.603+0000: 2876.902: [GC 2876.902: [ParNew: 2555743K->18707K(2831168K), 0.0324670 secs] 4418447K->1897451K(12268352K), 0.0327010 secs] [Times: user=0.36 sys=0.00, real=0.03 secs] 
2011-02-26T06:47:20.195+0000: 2889.494: [GC 2889.494: [ParNew: 2535315K->55371K(2831168K), 0.0307590 secs] 4414059K->1936265K(12268352K), 0.0309910 secs] [Times: user=0.38 sys=0.01, real=0.03 secs] 
2011-02-26T06:47:33.347+0000: 2902.646: [GC 2902.647: [ParNew: 2571979K->69577K(2831168K), 0.0893930 secs] 4452873K->1977254K(12268352K), 0.0896230 secs] [Times: user=0.90 sys=0.00, real=0.09 secs] 
2011-02-26T06:47:38.498+0000: 2907.797: [GC 2907.797: [ParNew: 2586185K->285641K(2831168K), 0.1069300 secs] 4493862K->2248697K(12268352K), 0.1071610 secs] [Times: user=1.25 sys=0.01, real=0.10 secs] 
2011-02-26T06:47:40.965+0000: 2910.264: [GC 2910.264: [ParNew: 2802249K->52451K(2831168K), 0.1247240 secs] 4765305K->2288125K(12268352K), 0.1249490 secs] [Times: user=1.40 sys=0.02, real=0.13 secs] 
2011-02-26T06:47:44.189+0000: 2913.488: [GC 2913.488: [ParNew: 2569059K->116792K(2831168K), 0.0661640 secs] 4804733K->2373461K(12268352K), 0.0663910 secs] [Times: user=0.73 sys=0.00, real=0.06 secs] 
2011-02-26T06:47:46.660+0000: 2915.959: [GC 2915.960: [ParNew: 2633400K->28206K(2831168K), 0.0713080 secs] 4890069K->2390115K(12268352K), 0.0715650 secs] [Times: user=0.74 sys=0.00, real=0.07 secs] 
2011-02-26T06:47:51.675+0000: 2920.974: [GC 2920.975: [ParNew: 2544814K->129484K(2831168K), 0.0714270 secs] 4906723K->2512398K(12268352K), 0.0716690 secs] [Times: user=0.78 sys=0.00, real=0.08 secs] 
2011-02-26T06:47:56.573+0000: 2925.872: [GC 2925.872: [ParNew: 2646092K->53328K(2831168K), 0.0918380 secs] 5029006K->2559600K(12268352K), 0.0920690 secs] [Times: user=0.80 sys=0.00, real=0.09 secs] 
2011-02-26T06:48:02.584+0000: 2931.884: [GC 2931.884: [ParNew: 2569936K->55596K(2831168K), 0.0702610 secs] 5076208K->2599493K(12268352K), 0.0705210 secs] [Times: user=0.78 sys=0.00, real=0.07 secs] 
2011-02-26T06:48:05.858+0000: 2935.157: [GC 2935.157: [ParNew: 2572204K->40372K(2831168K), 0.0599560 secs] 5116101K->2625514K(12268352K), 0.0602060 secs] [Times: user=0.55 sys=0.00, real=0.06 secs] 
2011-02-26T06:48:09.600+0000: 2938.900: [GC 2938.900: [ParNew: 2556980K->35467K(2831168K), 0.0455590 secs] 5142122K->2632833K(12268352K), 0.0458530 secs] [Times: user=0.49 sys=0.02, real=0.04 secs] 
2011-02-26T06:48:13.049+0000: 2942.348: [GC 2942.348: [ParNew: 2552075K->36305K(2831168K), 0.0512640 secs] 5149441K->2658813K(12268352K), 0.0514970 secs] [Times: user=0.55 sys=0.00, real=0.05 secs] 
2011-02-26T06:48:18.423+0000: 2947.722: [GC 2947.722: [ParNew: 2552913K->33647K(2831168K), 0.0504320 secs] 5175421K->2683026K(12268352K), 0.0506730 secs] [Times: user=0.53 sys=0.00, real=0.05 secs] 
2011-02-26T06:48:32.798+0000: 2962.097: [GC 2962.097: [ParNew: 2550255K->154955K(2831168K), 0.1088020 secs] 5199634K->2827690K(12268352K), 0.1090260 secs] [Times: user=1.24 sys=0.01, real=0.11 secs] 
2011-02-26T06:48:48.533+0000: 2977.832: [GC 2977.832: [ParNew: 2671563K->131767K(2831168K), 0.1804510 secs] 5344298K->2934643K(12268352K), 0.1806760 secs] [Times: user=1.91 sys=0.02, real=0.18 secs] 
2011-02-26T06:49:04.668+0000: 2993.967: [GC 2993.967: [ParNew: 2648375K->90966K(2831168K), 0.1184250 secs] 5451251K->2980552K(12268352K), 0.1186680 secs] [Times: user=1.22 sys=0.00, real=0.12 secs] 
2011-02-26T06:49:07.209+0000: 2996.508: [GC 2996.508: [ParNew: 2607574K->33768K(2831168K), 0.0484960 secs] 5497160K->2957145K(12268352K), 0.0487400 secs] [Times: user=0.48 sys=0.02, real=0.06 secs] 
2011-02-26T06:49:15.816+0000: 3005.115: [GC 3005.116: [ParNew: 2550376K->18443K(2831168K), 0.0257600 secs] 5473753K->2944596K(12268352K), 0.0259990 secs] [Times: user=0.37 sys=0.00, real=0.03 secs] 
2011-02-26T06:49:32.818+0000: 3022.117: [GC 3022.117: [ParNew: 2535051K->69184K(2831168K), 0.0850090 secs] 5461204K->3009435K(12268352K), 0.0852350 secs] [Times: user=0.86 sys=0.01, real=0.08 secs] 
2011-02-26T06:49:47.123+0000: 3036.422: [GC 3036.422: [ParNew: 2585792K->70521K(2831168K), 0.1105180 secs] 5526043K->3067571K(12268352K), 0.1107500 secs] [Times: user=1.21 sys=0.01, real=0.11 secs] 
2011-02-26T06:50:04.485+0000: 3053.784: [GC 3053.785: [ParNew: 2587129K->67636K(2831168K), 0.0806340 secs] 5584179K->3112751K(12268352K), 0.0808760 secs] [Times: user=0.90 sys=0.02, real=0.08 secs] 
2011-02-26T06:50:06.873+0000: 3056.172: [GC 3056.172: [ParNew: 2584244K->45442K(2831168K), 0.0543060 secs] 5629359K->3130780K(12268352K), 0.0545510 secs] [Times: user=0.52 sys=0.00, real=0.06 secs] 
2011-02-26T06:50:12.938+0000: 3062.237: [GC 3062.238: [ParNew: 2562050K->43376K(2831168K), 0.0245080 secs] 5647388K->3131347K(12268352K), 0.0247900 secs] [Times: user=0.32 sys=0.00, real=0.02 secs] 
2011-02-26T06:50:33.891+0000: 3083.190: [GC 3083.190: [ParNew: 2559984K->74029K(2831168K), 0.0696900 secs] 5647955K->3177980K(12268352K), 0.0699210 secs] [Times: user=0.76 sys=0.00, real=0.07 secs] 
2011-02-26T06:50:45.232+0000: 3094.531: [GC 3094.531: [ParNew: 2590637K->157499K(2831168K), 0.0970090 secs] 5694588K->3309517K(12268352K), 0.0972970 secs] [Times: user=1.06 sys=0.00, real=0.10 secs] 
2011-02-26T06:50:50.909+0000: 3100.208: [GC 3100.209: [ParNew: 2674107K->211084K(2831168K), 0.1027570 secs] 5826125K->3421716K(12268352K), 0.1030450 secs] [Times: user=1.07 sys=0.00, real=0.10 secs] 
2011-02-26T06:51:00.664+0000: 3109.963: [GC 3109.963: [ParNew: 2727692K->107857K(2831168K), 0.1054240 secs] 5938324K->3365250K(12268352K), 0.1057150 secs] [Times: user=1.19 sys=0.00, real=0.11 secs] 
2011-02-26T06:51:06.266+0000: 3115.565: [GC 3115.565: [ParNew: 2624465K->75608K(2831168K), 0.1236650 secs] 5881858K->3417944K(12268352K), 0.1239840 secs] [Times: user=1.29 sys=0.01, real=0.13 secs] 
2011-02-26T06:51:08.409+0000: 3117.708: [GC 3117.708: [ParNew: 2592216K->28304K(2831168K), 0.0465880 secs] 5934552K->3398588K(12268352K), 0.0468270 secs] [Times: user=0.42 sys=0.01, real=0.04 secs] 
2011-02-26T06:51:30.887+0000: 3140.186: [GC 3140.187: [ParNew: 2544912K->132629K(2831168K), 0.0964300 secs] 5915196K->3516497K(12268352K), 0.0966710 secs] [Times: user=1.18 sys=0.02, real=0.09 secs] 
2011-02-26T06:51:41.007+0000: 3150.306: [GC 3150.306: [ParNew: 2649237K->198141K(2831168K), 0.1923970 secs] 6033105K->3702252K(12268352K), 0.1926300 secs] [Times: user=2.09 sys=0.00, real=0.20 secs] 
2011-02-26T06:51:58.772+0000: 3168.071: [GC 3168.071: [ParNew: 2714749K->135575K(2831168K), 0.1950890 secs] 6218860K->3790420K(12268352K), 0.1953190 secs] [Times: user=2.02 sys=0.01, real=0.20 secs] 
2011-02-26T06:52:06.212+0000: 3175.511: [GC 3175.511: [ParNew: 2652183K->97221K(2831168K), 0.0982210 secs] 6307028K->3836233K(12268352K), 0.0984570 secs] [Times: user=1.02 sys=0.01, real=0.10 secs] 
2011-02-26T06:52:08.602+0000: 3177.901: [GC 3177.901: [ParNew: 2613829K->26815K(2831168K), 0.0313050 secs] 6352841K->3777183K(12268352K), 0.0315390 secs] [Times: user=0.35 sys=0.00, real=0.03 secs] 
2011-02-26T06:52:30.936+0000: 3200.235: [GC 3200.235: [ParNew: 2543423K->67153K(2831168K), 0.0638440 secs] 6293791K->3821182K(12268352K), 0.0640670 secs] [Times: user=0.72 sys=0.00, real=0.07 secs] 
2011-02-26T06:52:41.690+0000: 3210.989: [GC 3210.989: [ParNew: 2583761K->73843K(2831168K), 0.0923340 secs] 6337790K->3866709K(12268352K), 0.0925640 secs] [Times: user=1.03 sys=0.00, real=0.09 secs] 
2011-02-26T06:52:52.974+0000: 3222.273: [GC 3222.273: [ParNew: 2590451K->63087K(2831168K), 0.0887250 secs] 6383317K->3918330K(12268352K), 0.0889560 secs] [Times: user=0.94 sys=0.00, real=0.09 secs] 
2011-02-26T06:53:06.386+0000: 3235.685: [GC 3235.685: [ParNew: 2579695K->62667K(2831168K), 0.0471480 secs] 6434938K->3945826K(12268352K), 0.0473840 secs] [Times: user=0.52 sys=0.00, real=0.05 secs] 
2011-02-26T06:53:09.675+0000: 3238.974: [GC 3238.975: [ParNew: 2579275K->27776K(2831168K), 0.0407490 secs] 6462434K->3940779K(12268352K), 0.0409880 secs] [Times: user=0.47 sys=0.00, real=0.04 secs] 
2011-02-26T06:53:22.063+0000: 3251.362: [GC 3251.362: [ParNew: 2544384K->26052K(2831168K), 0.0323820 secs] 6457387K->3944753K(12268352K), 0.0326110 secs] [Times: user=0.39 sys=0.00, real=0.03 secs] 
2011-02-26T06:53:34.207+0000: 3263.506: [GC 3263.506: [ParNew: 2542660K->152938K(2831168K), 0.1133090 secs] 6461361K->4090566K(12268352K), 0.1135990 secs] [Times: user=1.44 sys=0.00, real=0.12 secs] 
2011-02-26T06:53:51.685+0000: 3280.984: [GC 3280.984: [ParNew: 2669546K->77499K(2831168K), 0.1006020 secs] 6607174K->4082335K(12268352K), 0.1008930 secs] [Times: user=1.07 sys=0.00, real=0.10 secs] 
2011-02-26T06:54:00.993+0000: 3290.292: [GC 3290.292: [ParNew: 2594107K->117130K(2831168K), 0.0800050 secs] 6598943K->4159495K(12268352K), 0.0802940 secs] [Times: user=0.88 sys=0.02, real=0.08 secs] 
2011-02-26T06:54:05.026+0000: 3294.325: [GC 3294.325: [ParNew: 2633738K->194972K(2831168K), 0.0848050 secs] 6676103K->4277193K(12268352K), 0.0850790 secs] [Times: user=0.94 sys=0.02, real=0.09 secs] 
2011-02-26T06:54:07.723+0000: 3297.022: [GC 3297.022: [ParNew: 2711580K->112227K(2831168K), 0.0567620 secs] 6793801K->4224757K(12268352K), 0.0569980 secs] [Times: user=0.66 sys=0.00, real=0.06 secs] 
2011-02-26T06:54:09.262+0000: 3298.561: [GC 3298.561: [ParNew: 2628835K->25572K(2831168K), 0.0550550 secs] 6741365K->4234938K(12268352K), 0.0554510 secs] [Times: user=0.64 sys=0.00, real=0.06 secs] 
2011-02-26T06:54:13.253+0000: 3302.552: [GC 3302.552: [ParNew: 2542180K->38879K(2831168K), 0.0424350 secs] 6751546K->4262475K(12268352K), 0.0427250 secs] [Times: user=0.50 sys=0.00, real=0.04 secs] 
2011-02-26T06:54:32.630+0000: 3321.929: [GC 3321.929: [ParNew: 2555487K->143687K(2831168K), 0.1108120 secs] 6779083K->4398121K(12268352K), 0.1111230 secs] [Times: user=1.25 sys=0.00, real=0.11 secs] 
2011-02-26T06:54:46.898+0000: 3336.197: [GC 3336.197: [ParNew: 2660295K->209932K(2831168K), 0.2054940 secs] 6914729K->4594656K(12268352K), 0.2057380 secs] [Times: user=2.19 sys=0.02, real=0.20 secs] 
2011-02-26T06:55:04.305+0000: 3353.604: [GC 3353.604: [ParNew: 2726540K->158412K(2831168K), 0.1997510 secs] 7111264K->4691291K(12268352K), 0.2000240 secs] [Times: user=2.06 sys=0.02, real=0.20 secs] 
2011-02-26T06:55:07.021+0000: 3356.320: [GC 3356.320: [ParNew: 2675020K->118139K(2831168K), 0.1227760 secs] 7207899K->4762049K(12268352K), 0.1230230 secs] [Times: user=1.18 sys=0.01, real=0.12 secs] 
2011-02-26T06:55:12.249+0000: 3361.548: [GC 3361.548: [ParNew: 2634747K->44743K(2831168K), 0.0246160 secs] 7278657K->4691350K(12268352K), 0.0248520 secs] [Times: user=0.27 sys=0.00, real=0.02 secs] 
2011-02-26T06:55:31.892+0000: 3381.191: [GC 3381.191: [ParNew: 2561351K->70577K(2831168K), 0.0546580 secs] 7207958K->4733218K(12268352K), 0.0550100 secs] [Times: user=0.64 sys=0.00, real=0.06 secs] 
2011-02-26T06:55:43.140+0000: 3392.439: [GC 3392.439: [ParNew: 2587185K->85252K(2831168K), 0.0896110 secs] 7249826K->4793923K(12268352K), 0.0899040 secs] [Times: user=0.97 sys=0.00, real=0.09 secs] 
2011-02-26T06:56:00.114+0000: 3409.413: [GC 3409.413: [ParNew: 2601860K->72439K(2831168K), 0.0918850 secs] 7310531K->4837898K(12268352K), 0.0921710 secs] [Times: user=1.04 sys=0.01, real=0.09 secs] 
2011-02-26T06:56:06.003+0000: 3415.302: [GC 3415.303: [ParNew: 2589047K->28089K(2831168K), 0.0575490 secs] 7354506K->4833155K(12268352K), 0.0578400 secs] [Times: user=0.64 sys=0.01, real=0.06 secs] 
2011-02-26T06:56:08.026+0000: 3417.325: [GC 3417.325: [ParNew: 2544697K->11912K(2831168K), 0.0242410 secs] 7349763K->4826784K(12268352K), 0.0245320 secs] [Times: user=0.27 sys=0.00, real=0.03 secs] 
2011-02-26T06:56:30.069+0000: 3439.368: [GC 3439.368: [ParNew: 2528520K->65494K(2831168K), 0.0384900 secs] 7343392K->4883290K(12268352K), 0.0387830 secs] [Times: user=0.41 sys=0.00, real=0.04 secs] 
2011-02-26T06:56:39.830+0000: 3449.129: [GC 3449.129: [ParNew: 2582102K->69364K(2831168K), 0.0869900 secs] 7399898K->4928397K(12268352K), 0.0872760 secs] [Times: user=0.91 sys=0.02, real=0.09 secs] 
2011-02-26T06:56:57.490+0000: 3466.789: [GC 3466.789: [ParNew: 2585972K->62909K(2831168K), 0.1033780 secs] 7445005K->4982073K(12268352K), 0.1036070 secs] [Times: user=1.06 sys=0.01, real=0.10 secs] 
2011-02-26T06:57:05.782+0000: 3475.081: [GC 3475.081: [ParNew: 2579517K->51473K(2831168K), 0.0808900 secs] 7498681K->5011468K(12268352K), 0.0812300 secs] [Times: user=0.75 sys=0.00, real=0.08 secs] 
2011-02-26T06:57:10.948+0000: 3480.247: [GC 3480.248: [ParNew: 2568081K->102390K(2831168K), 0.0528670 secs] 7528076K->5079867K(12268352K), 0.0531650 secs] [Times: user=0.53 sys=0.00, real=0.06 secs] 
2011-02-26T06:57:15.226+0000: 3484.525: [GC 3484.525: [ParNew: 2618998K->31866K(2831168K), 0.0582820 secs] 7596475K->5090635K(12268352K), 0.0585790 secs] [Times: user=0.69 sys=0.02, real=0.06 secs] 
2011-02-26T06:57:23.594+0000: 3492.893: [GC 3492.893: [ParNew: 2548474K->124181K(2831168K), 0.0784110 secs] 7607243K->5202240K(12268352K), 0.0787090 secs] [Times: user=0.90 sys=0.02, real=0.08 secs] 
2011-02-26T06:57:27.853+0000: 3497.152: [GC 3497.152: [ParNew: 2640789K->119429K(2831168K), 0.0734030 secs] 7718848K->5244590K(12268352K), 0.0736840 secs] [Times: user=0.79 sys=0.00, real=0.08 secs] 
2011-02-26T06:57:35.016+0000: 3504.315: [GC 3504.315: [ParNew: 2636037K->143682K(2831168K), 0.0968160 secs] 7761198K->5291360K(12268352K), 0.0971050 secs] [Times: user=1.15 sys=0.01, real=0.10 secs] 
2011-02-26T06:57:54.367+0000: 3523.666: [GC 3523.666: [ParNew: 2660290K->211418K(2831168K), 0.2024060 secs] 7807968K->5494120K(12268352K), 0.2026410 secs] [Times: user=2.15 sys=0.01, real=0.21 secs] 
2011-02-26T06:58:05.639+0000: 3534.938: [GC 3534.938: [ParNew: 2728026K->143213K(2831168K), 0.1775310 secs] 8010728K->5568523K(12268352K), 0.1777740 secs] [Times: user=1.77 sys=0.01, real=0.17 secs] 
2011-02-26T06:58:07.792+0000: 3537.091: [GC 3537.091: [ParNew: 2659681K->62692K(2831168K), 0.0909680 secs] 8084991K->5558215K(12268352K), 0.0912010 secs] [Times: user=0.91 sys=0.00, real=0.09 secs] 
2011-02-26T06:58:18.483+0000: 3547.782: [GC 3547.782: [ParNew: 2579300K->63402K(2831168K), 0.0623920 secs] 8074823K->5572348K(12268352K), 0.0757570 secs] [Times: user=0.79 sys=0.00, real=0.08 secs] 
2011-02-26T06:58:32.929+0000: 3562.228: [GC 3562.228: [ParNew: 2580010K->96532K(2831168K), 0.1139090 secs] 8088956K->5660151K(12268352K), 0.1141440 secs] [Times: user=1.11 sys=0.01, real=0.11 secs] 
2011-02-26T06:58:48.283+0000: 3577.582: [GC 3577.582: [ParNew: 2613140K->74666K(2831168K), 0.1051030 secs] 8176759K->5698163K(12268352K), 0.1053450 secs] [Times: user=1.06 sys=0.00, real=0.11 secs] 
2011-02-26T06:59:06.288+0000: 3595.587: [GC 3595.588: [ParNew: 2591274K->63478K(2831168K), 0.0859150 secs] 8214771K->5740192K(12268352K), 0.0861610 secs] [Times: user=0.96 sys=0.01, real=0.08 secs] 
2011-02-26T06:59:09.647+0000: 3598.946: [GC 3598.946: [ParNew: 2579709K->43498K(2831168K), 0.0584030 secs] 8256423K->5758460K(12268352K), 0.0586370 secs] [Times: user=0.60 sys=0.00, real=0.06 secs] 
2011-02-26T06:59:11.640+0000: 3600.939: [GC 3600.940: [ParNew: 2560106K->49686K(2831168K), 0.0258670 secs] 8275068K->5770588K(12268352K), 0.0261320 secs] [Times: user=0.25 sys=0.00, real=0.02 secs] 
2011-02-26T06:59:33.107+0000: 3622.406: [GC 3622.406: [ParNew: 2566294K->43773K(2831168K), 0.0632540 secs] 8287196K->5772734K(12268352K), 0.0634870 secs] [Times: user=0.53 sys=0.00, real=0.07 secs] 
2011-02-26T06:59:43.553+0000: 3632.852: [GC 3632.852: [ParNew: 2560381K->75456K(2831168K), 0.0933300 secs] 8289342K->5839913K(12268352K), 0.0936160 secs] [Times: user=0.99 sys=0.01, real=0.09 secs] 
2011-02-26T07:00:01.546+0000: 3650.845: [GC 3650.845: [ParNew: 2592064K->63543K(2831168K), 0.1064980 secs] 8356521K->5893022K(12268352K), 0.1067880 secs] [Times: user=1.11 sys=0.01, real=0.11 secs] 
2011-02-26T07:00:06.281+0000: 3655.580: [GC 3655.580: [ParNew: 2580151K->48941K(2831168K), 0.0579680 secs] 8409630K->5920224K(12268352K), 0.0825080 secs] [Times: user=0.65 sys=0.00, real=0.08 secs] 
2011-02-26T07:00:08.497+0000: 3657.796: [GC 3657.797: [ParNew: 2565549K->19493K(2831168K), 0.0279130 secs] 8436832K->5898531K(12268352K), 0.0282040 secs] [Times: user=0.33 sys=0.00, real=0.03 secs] 
2011-02-26T07:00:29.476+0000: 3678.775: [GC 3678.775: [ParNew: 2536101K->133031K(2831168K), 0.0605590 secs] 8415139K->6015865K(12268352K), 0.0607950 secs] [Times: user=0.72 sys=0.00, real=0.06 secs] 
2011-02-26T07:00:32.721+0000: 3682.021: [GC 3682.021: [ParNew: 2649639K->229253K(2831168K), 0.1297360 secs] 8532473K->6230666K(12268352K), 0.1299640 secs] [Times: user=1.29 sys=0.00, real=0.13 secs] 
2011-02-26T07:00:35.094+0000: 3684.393: [GC 3684.393: [ParNew: 2745861K->196889K(2831168K), 0.1708570 secs] 8747274K->6412599K(12268352K), 0.1710880 secs] [Times: user=1.93 sys=0.00, real=0.17 secs] 
2011-02-26T07:00:39.210+0000: 3688.509: [GC 3688.509: [ParNew: 2713497K->78159K(2831168K), 0.1182400 secs] 8929207K->6439722K(12268352K), 0.1184830 secs] [Times: user=1.20 sys=0.02, real=0.12 secs] 
2011-02-26T07:00:47.828+0000: 3697.127: [GC 3697.127: [ParNew: 2594767K->78270K(2831168K), 0.0973330 secs] 8956330K->6474799K(12268352K), 0.0975640 secs] [Times: user=0.81 sys=0.00, real=0.09 secs] 
2011-02-26T07:01:05.324+0000: 3714.623: [GC 3714.623: [ParNew: 2594878K->170507K(2831168K), 0.1335170 secs] 8991407K->6626095K(12268352K), 0.1338150 secs] [Times: user=1.54 sys=0.00, real=0.14 secs] 
2011-02-26T07:01:07.614+0000: 3716.913: [GC 3716.913: [ParNew: 2687115K->112224K(2831168K), 0.1306190 secs] 9142703K->6695115K(12268352K), 0.1309160 secs] [Times: user=1.30 sys=0.00, real=0.13 secs] 
2011-02-26T07:01:14.908+0000: 3724.207: [GC 3724.207: [ParNew: 2628832K->66656K(2831168K), 0.0517770 secs] 9211723K->6657827K(12268352K), 0.0520680 secs] [Times: user=0.59 sys=0.00, real=0.05 secs] 
2011-02-26T07:01:32.768+0000: 3742.067: [GC 3742.067: [ParNew: 2535805K->150416K(2831168K), 0.1234590 secs] 9126976K->6791414K(12268352K), 0.1237460 secs] [Times: user=1.37 sys=0.03, real=0.12 secs] 
2011-02-26T07:01:40.907+0000: 3750.206: [GC 3750.206: [ParNew: 2667024K->93700K(2831168K), 0.1575660 secs] 9308022K->6844374K(12268352K), 0.1578620 secs] [Times: user=1.37 sys=0.01, real=0.16 secs] 
2011-02-26T07:01:57.701+0000: 3767.000: [GC 3767.000: [ParNew: 2610308K->53532K(2831168K), 0.0674630 secs] 9360982K->6843982K(12268352K), 0.0677490 secs] [Times: user=0.74 sys=0.00, real=0.07 secs] 
2011-02-26T07:02:05.844+0000: 3775.143: [GC 3775.143: [ParNew: 2570140K->50723K(2831168K), 0.0592180 secs] 9360590K->6880249K(12268352K), 0.0595810 secs] [Times: user=0.61 sys=0.00, real=0.06 secs] 
2011-02-26T07:02:09.454+0000: 3778.753: [GC 3778.753: [ParNew: 2567331K->20216K(2831168K), 0.0418890 secs] 9396857K->6869884K(12268352K), 0.0422640 secs] [Times: user=0.44 sys=0.02, real=0.04 secs] 
2011-02-26T07:02:28.578+0000: 3797.877: [GC 3797.877: [ParNew: 2536824K->55717K(2831168K), 0.0416370 secs] 9386492K->6911218K(12268352K), 0.0419410 secs] [Times: user=0.49 sys=0.00, real=0.04 secs] 
2011-02-26T07:02:36.884+0000: 3806.183: [GC 3806.183: [ParNew: 2572325K->120459K(2831168K), 0.0856160 secs] 9427826K->7007591K(12268352K), 0.0859020 secs] [Times: user=1.03 sys=0.00, real=0.09 secs] 
2011-02-26T07:02:55.169+0000: 3824.468: [GC 3824.468: [ParNew: 2637070K->61974K(2831168K), 0.1017300 secs] 9524202K->7017324K(12268352K), 0.1019670 secs] [Times: user=1.05 sys=0.01, real=0.10 secs] 
2011-02-26T07:03:05.546+0000: 3834.846: [GC 3834.846: [ParNew: 2578572K->42341K(2831168K), 0.0666960 secs] 9533921K->7035766K(12268352K), 0.0669390 secs] [Times: user=0.63 sys=0.00, real=0.07 secs] 
2011-02-26T07:03:08.119+0000: 3837.418: [GC 3837.418: [ParNew: 2558949K->42033K(2831168K), 0.0366330 secs] 9552374K->7054030K(12268352K), 0.0368700 secs] [Times: user=0.37 sys=0.00, real=0.04 secs] 
2011-02-26T07:03:24.871+0000: 3854.170: [GC 3854.170: [ParNew: 2558641K->56056K(2831168K), 0.0355840 secs] 9570638K->7073355K(12268352K), 0.0358160 secs] [Times: user=0.39 sys=0.00, real=0.03 secs] 
2011-02-26T07:03:33.724+0000: 3863.023: [GC 3863.023: [ParNew: 2572664K->200679K(2831168K), 0.1186640 secs] 9589963K->7248103K(12268352K), 0.1188960 secs] [Times: user=1.39 sys=0.01, real=0.12 secs] 
2011-02-26T07:03:36.449+0000: 3865.748: [GC 3865.749: [ParNew: 2717287K->228158K(2831168K), 0.1154430 secs] 9764711K->7412345K(12268352K), 0.1156750 secs] [Times: user=1.15 sys=0.03, real=0.11 secs] 
2011-02-26T07:03:36.566+0000: 3865.865: [GC [1 CMS-initial-mark: 7184186K(9437184K)] 7421482K(12268352K), 0.0697200 secs] [Times: user=0.04 sys=0.00, real=0.07 secs] 
2011-02-26T07:03:36.636+0000: 3865.935: [CMS-concurrent-mark-start]
2011-02-26T07:03:37.377+0000: 3866.676: [CMS-concurrent-mark: 0.740/0.741 secs] [Times: user=4.86 sys=1.00, real=0.75 secs] 
2011-02-26T07:03:37.377+0000: 3866.676: [CMS-concurrent-preclean-start]
2011-02-26T07:03:37.444+0000: 3866.743: [CMS-concurrent-preclean: 0.063/0.066 secs] [Times: user=0.25 sys=0.14, real=0.06 secs] 
2011-02-26T07:03:37.444+0000: 3866.743: [CMS-concurrent-abortable-preclean-start]
2011-02-26T07:03:41.803+0000: 3871.102: [GC 3871.102: [ParNew: 2744766K->119576K(2831168K), 0.0844600 secs] 9928953K->7348268K(12268352K), 0.0856470 secs] [Times: user=0.91 sys=0.00, real=0.09 secs] 
 CMS: abort preclean due to time 2011-02-26T07:03:42.455+0000: 3871.754: [CMS-concurrent-abortable-preclean: 4.903/5.011 secs] [Times: user=12.05 sys=1.82, real=5.01 secs] 
2011-02-26T07:03:42.456+0000: 3871.755: [GC[YG occupancy: 509574 K (2831168 K)]3871.755: [Rescan (parallel) , 0.0769470 secs]3871.832: [weak refs processing, 0.0307770 secs] [1 CMS-remark: 7228692K(9437184K)] 7738267K(12268352K), 0.1079740 secs] [Times: user=0.98 sys=0.01, real=0.11 secs] 
2011-02-26T07:03:42.565+0000: 3871.864: [CMS-concurrent-sweep-start]
2011-02-26T07:03:51.512+0000: 3880.811: [GC 3880.811: [ParNew: 2636184K->95735K(2831168K), 0.0934140 secs] 8177651K->5671510K(12268352K), 0.0936380 secs] [Times: user=1.04 sys=0.00, real=0.09 secs] 
2011-02-26T07:04:05.983+0000: 3895.282: [GC 3895.282: [ParNew: 2612329K->145541K(2831168K), 0.1438100 secs] 6070780K->3680759K(12268352K), 0.1441530 secs] [Times: user=1.48 sys=0.02, real=0.15 secs] 
2011-02-26T07:04:09.089+0000: 3898.388: [GC 3898.388: [ParNew: 2662149K->93879K(2831168K), 0.1476880 secs] 5587818K->3118990K(12268352K), 0.1479730 secs] [Times: user=1.21 sys=0.01, real=0.15 secs] 
2011-02-26T07:04:15.201+0000: 3904.500: [GC 3904.500: [ParNew: 2610487K->59320K(2831168K), 0.0771120 secs] 4829438K->2299787K(12268352K), 0.0773760 secs] [Times: user=0.82 sys=0.01, real=0.08 secs] 
2011-02-26T07:04:19.788+0000: 3909.087: [CMS-concurrent-sweep: 36.689/37.224 secs] [Times: user=75.23 sys=13.33, real=37.23 secs] 
2011-02-26T07:04:19.788+0000: 3909.087: [CMS-concurrent-reset-start]
2011-02-26T07:04:19.810+0000: 3909.109: [CMS-concurrent-reset: 0.021/0.021 secs] [Times: user=0.03 sys=0.00, real=0.02 secs] 
2011-02-26T07:04:32.326+0000: 3921.625: [GC 3921.626: [ParNew: 2575928K->133337K(2831168K), 0.1169750 secs] 3907980K->1507726K(12268352K), 0.1172070 secs] [Times: user=1.37 sys=0.01, real=0.12 secs] 
2011-02-26T07:04:47.021+0000: 3936.320: [GC 3936.321: [ParNew: 2649945K->119619K(2831168K), 0.2339270 secs] 4024334K->1619231K(12268352K), 0.2342210 secs] [Times: user=1.79 sys=0.00, real=0.23 secs] 
2011-02-26T07:05:04.392+0000: 3953.691: [GC 3953.692: [ParNew: 2636192K->84602K(2831168K), 0.1690540 secs] 4135804K->1661581K(12268352K), 0.1693550 secs] [Times: user=1.17 sys=0.00, real=0.17 secs] 
2011-02-26T07:05:06.793+0000: 3956.092: [GC 3956.092: [ParNew: 2601210K->36320K(2831168K), 0.0526130 secs] 4178189K->1652197K(12268352K), 0.0529090 secs] [Times: user=0.51 sys=0.01, real=0.05 secs] 
2011-02-26T07:05:11.460+0000: 3960.759: [GC 3960.759: [ParNew: 2548771K->12995K(2831168K), 0.0237730 secs] 4164649K->1631792K(12268352K), 0.0240660 secs] [Times: user=0.26 sys=0.00, real=0.02 secs] 
2011-02-26T07:05:31.625+0000: 3980.924: [GC 3980.924: [ParNew: 2529603K->97323K(2831168K), 0.0652340 secs] 4148400K->1725333K(12268352K), 0.0654670 secs] [Times: user=0.75 sys=0.00, real=0.07 secs] 
2011-02-26T07:05:44.029+0000: 3993.328: [GC 3993.328: [ParNew: 2613931K->83475K(2831168K), 0.1006830 secs] 4241941K->1761368K(12268352K), 0.1009100 secs] [Times: user=1.08 sys=0.01, real=0.10 secs] 
2011-02-26T07:06:00.906+0000: 4010.205: [GC 4010.205: [ParNew: 2600083K->68345K(2831168K), 0.0990880 secs] 4277976K->1804920K(12268352K), 0.0993700 secs] [Times: user=1.11 sys=0.03, real=0.10 secs] 
2011-02-26T07:06:06.118+0000: 4015.417: [GC 4015.417: [ParNew: 2584953K->49603K(2831168K), 0.0575830 secs] 4321528K->1829062K(12268352K), 0.0578830 secs] [Times: user=0.58 sys=0.01, real=0.06 secs] 
2011-02-26T07:06:07.917+0000: 4017.216: [GC 4017.216: [ParNew: 2566211K->15650K(2831168K), 0.0325280 secs] 4345670K->1802050K(12268352K), 0.0328090 secs] [Times: user=0.35 sys=0.01, real=0.04 secs] 
2011-02-26T07:06:30.131+0000: 4039.430: [GC 4039.430: [ParNew: 2532258K->80555K(2831168K), 0.0450290 secs] 4318658K->1869754K(12268352K), 0.0453280 secs] [Times: user=0.51 sys=0.00, real=0.04 secs] 
2011-02-26T07:06:38.539+0000: 4047.838: [GC 4047.838: [ParNew: 2597163K->142437K(2831168K), 0.1033370 secs] 4386362K->1971096K(12268352K), 0.1036540 secs] [Times: user=1.13 sys=0.01, real=0.10 secs] 
2011-02-26T07:06:47.414+0000: 4056.713: [GC 4056.713: [ParNew: 2659045K->211017K(2831168K), 0.1099210 secs] 4487704K->2098948K(12268352K), 0.1102100 secs] [Times: user=1.21 sys=0.01, real=0.11 secs] 
2011-02-26T07:06:51.824+0000: 4061.123: [GC 4061.123: [ParNew: 2727625K->149156K(2831168K), 0.0950510 secs] 4615556K->2085810K(12268352K), 0.0953430 secs] [Times: user=1.02 sys=0.00, real=0.10 secs] 
2011-02-26T07:06:56.184+0000: 4065.483: [GC 4065.483: [ParNew: 2665764K->51032K(2831168K), 0.0940530 secs] 4602418K->2115283K(12268352K), 0.0943410 secs] [Times: user=1.04 sys=0.00, real=0.10 secs] 
2011-02-26T07:07:01.661+0000: 4070.960: [GC 4070.960: [ParNew: 2567640K->141273K(2831168K), 0.1011970 secs] 4631891K->2241628K(12268352K), 0.1014790 secs] [Times: user=0.82 sys=0.01, real=0.10 secs] 
2011-02-26T07:07:05.168+0000: 4074.467: [GC 4074.468: [ParNew: 2657881K->39954K(2831168K), 0.0755950 secs] 4758236K->2259959K(12268352K), 0.0758890 secs] [Times: user=0.60 sys=0.00, real=0.07 secs] 
2011-02-26T07:07:06.792+0000: 4076.091: [GC 4076.091: [ParNew: 2556562K->21044K(2831168K), 0.0325810 secs] 4776567K->2257221K(12268352K), 0.0328180 secs] [Times: user=0.36 sys=0.00, real=0.03 secs] 
2011-02-26T07:07:08.440+0000: 4077.739: [GC 4077.739: [ParNew: 2537652K->20556K(2831168K), 0.0273850 secs] 4773829K->2263320K(12268352K), 0.0276330 secs] [Times: user=0.26 sys=0.00, real=0.03 secs] 
2011-02-26T07:07:15.293+0000: 4084.592: [GC 4084.592: [ParNew: 2537164K->138572K(2831168K), 0.0592700 secs] 4779928K->2392047K(12268352K), 0.0595080 secs] [Times: user=0.69 sys=0.00, real=0.06 secs] 
2011-02-26T07:07:21.084+0000: 4090.383: [GC 4090.384: [ParNew: 2655180K->44830K(2831168K), 0.0835250 secs] 4908655K->2425461K(12268352K), 0.0838010 secs] [Times: user=0.90 sys=0.01, real=0.09 secs] 
2011-02-26T07:07:27.563+0000: 4096.862: [GC 4096.862: [ParNew: 2561438K->59761K(2831168K), 0.0551250 secs] 4942069K->2465908K(12268352K), 0.0554050 secs] [Times: user=0.63 sys=0.00, real=0.06 secs] 
2011-02-26T07:07:32.572+0000: 4101.871: [GC 4101.872: [ParNew: 2576369K->95257K(2831168K), 0.0851190 secs] 4982516K->2532277K(12268352K), 0.0854010 secs] [Times: user=0.99 sys=0.00, real=0.09 secs] 
2011-02-26T07:07:37.179+0000: 4106.478: [GC 4106.478: [ParNew: 2611865K->126906K(2831168K), 0.1251450 secs] 5048885K->2641564K(12268352K), 0.1254310 secs] [Times: user=1.32 sys=0.00, real=0.12 secs] 
2011-02-26T07:07:43.978+0000: 4113.277: [GC 4113.277: [ParNew: 2643514K->74829K(2831168K), 0.1097890 secs] 5158172K->2668214K(12268352K), 0.1100930 secs] [Times: user=1.14 sys=0.01, real=0.11 secs] 
2011-02-26T07:07:54.367+0000: 4123.666: [GC 4123.666: [ParNew: 2591437K->70199K(2831168K), 0.0686280 secs] 5184822K->2694985K(12268352K), 0.0689110 secs] [Times: user=0.76 sys=0.00, real=0.07 secs] 
2011-02-26T07:08:05.398+0000: 4134.697: [GC 4134.697: [ParNew: 2586807K->39921K(2831168K), 0.0622350 secs] 5211593K->2706968K(12268352K), 0.0625370 secs] [Times: user=0.70 sys=0.01, real=0.06 secs] 
2011-02-26T07:08:07.775+0000: 4137.074: [GC 4137.384: [ParNew: 2556529K->22280K(2831168K), 0.0434160 secs] 5223576K->2709571K(12268352K), 0.0437650 secs] [Times: user=0.52 sys=0.00, real=0.36 secs] 
2011-02-26T07:08:21.169+0000: 4150.468: [GC 4150.468: [ParNew: 2538888K->54261K(2831168K), 0.0323600 secs] 5226179K->2744769K(12268352K), 0.0325940 secs] [Times: user=0.39 sys=0.00, real=0.03 secs] 
2011-02-26T07:08:33.464+0000: 4162.763: [GC 4162.763: [ParNew: 2570869K->91213K(2831168K), 0.0814110 secs] 5261377K->2807604K(12268352K), 0.0816360 secs] [Times: user=0.96 sys=0.01, real=0.08 secs] 
2011-02-26T07:08:50.838+0000: 4180.137: [GC 4180.138: [ParNew: 2607821K->62136K(2831168K), 0.1105120 secs] 5324212K->2846834K(12268352K), 0.1108250 secs] [Times: user=1.09 sys=0.00, real=0.11 secs] 
2011-02-26T07:09:04.973+0000: 4194.272: [GC 4194.272: [ParNew: 2578744K->60889K(2831168K), 0.0701550 secs] 5363442K->2883780K(12268352K), 0.0704570 secs] [Times: user=0.79 sys=0.00, real=0.07 secs] 
2011-02-26T07:09:07.284+0000: 4196.583: [GC 4196.583: [ParNew: 2577497K->41278K(2831168K), 0.0423530 secs] 5400388K->2896556K(12268352K), 0.0426450 secs] [Times: user=0.44 sys=0.00, real=0.04 secs] 
2011-02-26T07:09:15.090+0000: 4204.389: [GC 4204.389: [ParNew: 2557886K->21533K(2831168K), 0.0236630 secs] 5413164K->2879585K(12268352K), 0.0239540 secs] [Times: user=0.26 sys=0.00, real=0.02 secs] 
2011-02-26T07:09:33.993+0000: 4223.292: [GC 4223.292: [ParNew: 2538141K->92854K(2831168K), 0.0627880 secs] 5396193K->2964388K(12268352K), 0.0630730 secs] [Times: user=0.73 sys=0.01, real=0.06 secs] 
2011-02-26T07:09:47.178+0000: 4236.477: [GC 4236.477: [ParNew: 2609462K->87728K(2831168K), 0.0951970 secs] 5480996K->3008240K(12268352K), 0.0954850 secs] [Times: user=1.06 sys=0.01, real=0.10 secs] 
2011-02-26T07:09:56.144+0000: 4245.443: [GC 4245.443: [ParNew: 2604336K->63873K(2831168K), 0.0947820 secs] 5524848K->3040194K(12268352K), 0.0996130 secs] [Times: user=1.02 sys=0.00, real=0.10 secs] 
2011-02-26T07:10:02.165+0000: 4251.464: [GC 4251.464: [ParNew: 2580481K->142827K(2831168K), 0.0977090 secs] 5556802K->3160736K(12268352K), 0.0979380 secs] [Times: user=0.99 sys=0.00, real=0.10 secs] 
2011-02-26T07:10:09.179+0000: 4258.478: [GC 4258.478: [ParNew: 2659435K->137953K(2831168K), 0.0891000 secs] 5677344K->3210204K(12268352K), 0.0893360 secs] [Times: user=0.92 sys=0.01, real=0.09 secs] 
2011-02-26T07:10:11.639+0000: 4260.938: [GC 4260.938: [ParNew: 2654561K->44876K(2831168K), 0.0735490 secs] 5726812K->3235577K(12268352K), 0.0737830 secs] [Times: user=0.78 sys=0.01, real=0.07 secs] 
2011-02-26T07:10:19.755+0000: 4269.054: [GC 4269.054: [ParNew: 2561484K->45501K(2831168K), 0.0505410 secs] 5752185K->3257972K(12268352K), 0.0507790 secs] [Times: user=0.59 sys=0.02, real=0.05 secs] 
2011-02-26T07:10:33.240+0000: 4282.539: [GC 4282.539: [ParNew: 2562109K->169050K(2831168K), 0.1259550 secs] 5774580K->3418222K(12268352K), 0.1261810 secs] [Times: user=1.38 sys=0.00, real=0.12 secs] 
2011-02-26T07:10:50.836+0000: 4300.135: [GC 4300.135: [ParNew: 2685658K->228453K(2831168K), 0.2142870 secs] 5934830K->3625492K(12268352K), 0.2145190 secs] [Times: user=2.29 sys=0.01, real=0.22 secs] 
2011-02-26T07:11:04.881+0000: 4314.180: [GC 4314.180: [ParNew: 2745061K->133424K(2831168K), 0.1740660 secs] 6142100K->3669254K(12268352K), 0.1743700 secs] [Times: user=1.74 sys=0.00, real=0.19 secs] 
2011-02-26T07:11:07.118+0000: 4316.417: [GC 4316.417: [ParNew: 2650032K->57603K(2831168K), 0.0747290 secs] 6185862K->3655048K(12268352K), 0.0750060 secs] [Times: user=0.72 sys=0.01, real=0.08 secs] 
2011-02-26T07:11:14.209+0000: 4323.508: [GC 4323.508: [ParNew: 2574211K->18989K(2831168K), 0.0242160 secs] 6171656K->3618958K(12268352K), 0.0245050 secs] [Times: user=0.28 sys=0.00, real=0.02 secs] 
2011-02-26T07:11:32.451+0000: 4341.750: [GC 4341.750: [ParNew: 2535597K->92314K(2831168K), 0.0647560 secs] 6135566K->3705325K(12268352K), 0.0650590 secs] [Times: user=0.78 sys=0.00, real=0.06 secs] 
2011-02-26T07:11:46.879+0000: 4356.178: [GC 4356.178: [ParNew: 2608922K->79660K(2831168K), 0.1024200 secs] 6221933K->3749442K(12268352K), 0.1027100 secs] [Times: user=1.07 sys=0.00, real=0.10 secs] 
2011-02-26T07:12:04.279+0000: 4373.578: [GC 4373.579: [ParNew: 2596268K->63059K(2831168K), 0.0897190 secs] 6266050K->3785271K(12268352K), 0.0899700 secs] [Times: user=0.93 sys=0.00, real=0.09 secs] 
2011-02-26T07:12:06.483+0000: 4375.783: [GC 4375.783: [ParNew: 2579667K->47806K(2831168K), 0.0538020 secs] 6301879K->3807308K(12268352K), 0.0540330 secs] [Times: user=0.50 sys=0.03, real=0.06 secs] 
2011-02-26T07:12:08.863+0000: 4378.162: [GC 4378.163: [ParNew: 2564414K->31278K(2831168K), 0.0175130 secs] 6323916K->3793439K(12268352K), 0.0177460 secs] [Times: user=0.23 sys=0.00, real=0.02 secs] 
2011-02-26T07:12:31.031+0000: 4400.330: [GC 4400.330: [ParNew: 2547886K->76488K(2831168K), 0.0561940 secs] 6310047K->3844480K(12268352K), 0.0564230 secs] [Times: user=0.61 sys=0.00, real=0.06 secs] 
2011-02-26T07:12:41.202+0000: 4410.501: [GC 4410.501: [ParNew: 2591982K->82075K(2831168K), 0.0960400 secs] 6359974K->3894052K(12268352K), 0.0962920 secs] [Times: user=1.04 sys=0.01, real=0.10 secs] 
2011-02-26T07:12:58.471+0000: 4427.770: [GC 4427.770: [ParNew: 2598683K->71370K(2831168K), 0.1019700 secs] 6410660K->3943960K(12268352K), 0.1022660 secs] [Times: user=1.08 sys=0.00, real=0.10 secs] 
2011-02-26T07:13:05.024+0000: 4434.323: [GC 4434.323: [ParNew: 2587978K->115955K(2831168K), 0.0716610 secs] 6460568K->4030278K(12268352K), 0.0719580 secs] [Times: user=0.78 sys=0.01, real=0.07 secs] 
2011-02-26T07:13:06.359+0000: 4435.658: [GC 4435.658: [ParNew: 2632563K->29999K(2831168K), 0.0592110 secs] 6546886K->4051074K(12268352K), 0.0594930 secs] [Times: user=0.64 sys=0.01, real=0.06 secs] 
2011-02-26T07:13:07.870+0000: 4437.169: [GC 4437.169: [ParNew: 2546607K->12193K(2831168K), 0.0200480 secs] 6567682K->4036915K(12268352K), 0.0203370 secs] [Times: user=0.18 sys=0.00, real=0.02 secs] 
2011-02-26T07:13:10.431+0000: 4439.730: [GC 4439.730: [ParNew: 2479956K->38483K(2831168K), 0.0234820 secs] 6504678K->4069447K(12268352K), 0.0238290 secs] [Times: user=0.26 sys=0.00, real=0.02 secs] 
2011-02-26T07:13:12.748+0000: 4442.047: [GC 4442.047: [ParNew: 2555091K->165251K(2831168K), 0.0576700 secs] 6586055K->4229792K(12268352K), 0.0579580 secs] [Times: user=0.73 sys=0.00, real=0.05 secs] 
2011-02-26T07:13:17.071+0000: 4446.370: [GC 4446.370: [ParNew: 2681859K->119363K(2831168K), 0.0823530 secs] 6746400K->4277286K(12268352K), 0.0826620 secs] [Times: user=0.91 sys=0.00, real=0.08 secs] 
2011-02-26T07:13:30.555+0000: 4459.854: [GC 4459.854: [ParNew: 2635971K->85461K(2831168K), 0.0753380 secs] 6793894K->4270889K(12268352K), 0.0756190 secs] [Times: user=0.92 sys=0.00, real=0.08 secs] 
2011-02-26T07:13:40.033+0000: 4469.332: [GC 4469.332: [ParNew: 2602069K->186505K(2831168K), 0.1445500 secs] 6787497K->4439123K(12268352K), 0.1447810 secs] [Times: user=1.62 sys=0.00, real=0.15 secs] 
2011-02-26T07:13:58.843+0000: 4488.142: [GC 4488.142: [ParNew: 2703113K->216973K(2831168K), 0.2172390 secs] 6955731K->4622074K(12268352K), 0.2174650 secs] [Times: user=2.34 sys=0.01, real=0.22 secs] 
2011-02-26T07:14:07.387+0000: 4496.686: [GC 4496.686: [ParNew: 2733563K->140065K(2831168K), 0.1647440 secs] 7138663K->4690000K(12268352K), 0.1649790 secs] [Times: user=1.69 sys=0.00, real=0.17 secs] 
2011-02-26T07:14:09.815+0000: 4499.114: [GC 4499.114: [ParNew: 2656673K->48794K(2831168K), 0.0603980 secs] 7206608K->4636809K(12268352K), 0.0606360 secs] [Times: user=0.66 sys=0.00, real=0.06 secs] 
2011-02-26T07:14:28.419+0000: 4517.718: [GC 4517.718: [ParNew: 2565402K->62846K(2831168K), 0.0500900 secs] 7153417K->4666832K(12268352K), 0.0503280 secs] [Times: user=0.57 sys=0.00, real=0.05 secs] 
2011-02-26T07:14:36.601+0000: 4525.900: [GC 4525.900: [ParNew: 2579454K->83525K(2831168K), 0.0969560 secs] 7183440K->4723660K(12268352K), 0.0972400 secs] [Times: user=0.93 sys=0.01, real=0.10 secs] 
2011-02-26T07:14:55.342+0000: 4544.641: [GC 4544.642: [ParNew: 2600133K->71676K(2831168K), 0.1058530 secs] 7240268K->4779452K(12268352K), 0.1061400 secs] [Times: user=1.19 sys=0.00, real=0.11 secs] 
2011-02-26T07:15:05.765+0000: 4555.064: [GC 4555.064: [ParNew: 2588284K->37282K(2831168K), 0.0802210 secs] 7296060K->4785453K(12268352K), 0.0869490 secs] [Times: user=0.82 sys=0.02, real=0.09 secs] 
2011-02-26T07:15:07.891+0000: 4557.190: [GC 4557.190: [ParNew: 2553890K->28370K(2831168K), 0.0388300 secs] 7302061K->4798095K(12268352K), 0.0391520 secs] [Times: user=0.40 sys=0.00, real=0.04 secs] 
2011-02-26T07:15:25.665+0000: 4574.964: [GC 4574.964: [ParNew: 2544978K->45439K(2831168K), 0.0364350 secs] 7314703K->4818127K(12268352K), 0.0367270 secs] [Times: user=0.48 sys=0.00, real=0.04 secs] 
2011-02-26T07:15:34.662+0000: 4583.961: [GC 4583.961: [ParNew: 2562047K->103958K(2831168K), 0.0918910 secs] 7334735K->4905241K(12268352K), 0.0921850 secs] [Times: user=1.04 sys=0.00, real=0.09 secs] 
2011-02-26T07:15:53.641+0000: 4602.940: [GC 4602.941: [ParNew: 2620566K->59786K(2831168K), 0.1426200 secs] 7421849K->4924538K(12268352K), 0.1429090 secs] [Times: user=1.09 sys=0.02, real=0.14 secs] 
2011-02-26T07:16:07.376+0000: 4616.675: [GC 4616.676: [ParNew: 2576394K->47919K(2831168K), 0.0728330 secs] 7441146K->4952967K(12268352K), 0.0731020 secs] [Times: user=0.83 sys=0.00, real=0.08 secs] 
2011-02-26T07:16:09.643+0000: 4618.943: [GC 4618.943: [ParNew: 2564527K->28376K(2831168K), 0.0510770 secs] 7469575K->4957668K(12268352K), 0.0513830 secs] [Times: user=0.44 sys=0.00, real=0.05 secs] 
2011-02-26T07:16:13.363+0000: 4622.662: [GC 4622.662: [ParNew: 2544984K->91074K(2831168K), 0.0383360 secs] 7474276K->5029068K(12268352K), 0.0386040 secs] [Times: user=0.47 sys=0.01, real=0.04 secs] 
2011-02-26T07:16:28.230+0000: 4637.529: [GC 4637.529: [ParNew: 2607682K->207397K(2831168K), 0.0657100 secs] 7545676K->5159350K(12268352K), 0.0659400 secs] [Times: user=0.75 sys=0.02, real=0.06 secs] 
2011-02-26T07:16:32.300+0000: 4641.599: [GC 4641.599: [ParNew: 2724005K->93317K(2831168K), 0.1357490 secs] 7675958K->5165582K(12268352K), 0.1359740 secs] [Times: user=1.49 sys=0.00, real=0.13 secs] 
2011-02-26T07:16:46.043+0000: 4655.342: [GC 4655.342: [ParNew: 2609925K->168472K(2831168K), 0.1633780 secs] 7682190K->5319577K(12268352K), 0.1636780 secs] [Times: user=1.77 sys=0.00, real=0.16 secs] 
2011-02-26T07:17:04.211+0000: 4673.510: [GC 4673.510: [ParNew: 2685080K->227233K(2831168K), 0.2038960 secs] 7836185K->5519273K(12268352K), 0.2041610 secs] [Times: user=2.13 sys=0.01, real=0.20 secs] 
2011-02-26T07:17:06.904+0000: 4676.203: [GC 4676.203: [ParNew: 2743781K->135874K(2831168K), 0.1456420 secs] 8035821K->5565575K(12268352K), 0.1458890 secs] [Times: user=1.43 sys=0.00, real=0.15 secs] 
2011-02-26T07:17:08.887+0000: 4678.186: [GC 4678.186: [ParNew: 2652482K->39202K(2831168K), 0.0358500 secs] 8082183K->5480277K(12268352K), 0.0360810 secs] [Times: user=0.45 sys=0.00, real=0.04 secs] 
2011-02-26T07:17:30.862+0000: 4700.161: [GC 4700.161: [ParNew: 2555810K->111116K(2831168K), 0.0882830 secs] 7996885K->5568403K(12268352K), 0.0885230 secs] [Times: user=1.04 sys=0.00, real=0.09 secs] 
2011-02-26T07:17:42.477+0000: 4711.776: [GC 4711.776: [ParNew: 2627724K->86007K(2831168K), 0.1407750 secs] 8085011K->5642921K(12268352K), 0.1410050 secs] [Times: user=1.49 sys=0.01, real=0.15 secs] 
2011-02-26T07:17:59.050+0000: 4728.349: [GC 4728.349: [ParNew: 2602615K->73993K(2831168K), 0.1022990 secs] 8159529K->5690651K(12268352K), 0.1026080 secs] [Times: user=1.07 sys=0.00, real=0.10 secs] 
2011-02-26T07:18:05.902+0000: 4735.201: [GC 4735.201: [ParNew: 2590601K->33533K(2831168K), 0.0566490 secs] 8207259K->5689976K(12268352K), 0.0569430 secs] [Times: user=0.61 sys=0.00, real=0.06 secs] 
2011-02-26T07:18:07.879+0000: 4737.178: [GC 4737.178: [ParNew: 2550141K->16202K(2831168K), 0.0283010 secs] 8206584K->5682838K(12268352K), 0.0285950 secs] [Times: user=0.29 sys=0.00, real=0.03 secs] 
2011-02-26T07:18:29.264+0000: 4758.563: [GC 4758.563: [ParNew: 2532810K->56112K(2831168K), 0.0422250 secs] 8199446K->5725738K(12268352K), 0.0425190 secs] [Times: user=0.47 sys=0.00, real=0.04 secs] 
2011-02-26T07:18:37.761+0000: 4767.060: [GC 4767.061: [ParNew: 2572720K->97281K(2831168K), 0.0883830 secs] 8242346K->5801965K(12268352K), 0.0886700 secs] [Times: user=1.03 sys=0.00, real=0.09 secs] 
2011-02-26T07:18:55.086+0000: 4784.385: [GC 4784.385: [ParNew: 2613889K->129957K(2831168K), 0.0964450 secs] 8318573K->5896389K(12268352K), 0.0967510 secs] [Times: user=1.05 sys=0.00, real=0.10 secs] 
2011-02-26T07:19:04.915+0000: 4794.214: [GC 4794.214: [ParNew: 2646565K->50948K(2831168K), 0.0589320 secs] 8412997K->5853176K(12268352K), 0.0592320 secs] [Times: user=0.66 sys=0.00, real=0.06 secs] 
2011-02-26T07:19:07.506+0000: 4796.805: [GC 4796.805: [ParNew: 2567556K->21243K(2831168K), 0.0371930 secs] 8369784K->5848220K(12268352K), 0.0374930 secs] [Times: user=0.37 sys=0.00, real=0.04 secs] 
2011-02-26T07:19:13.131+0000: 4802.430: [GC 4802.430: [ParNew: 2537851K->13866K(2831168K), 0.0246850 secs] 8364828K->5844121K(12268352K), 0.0249850 secs] [Times: user=0.26 sys=0.01, real=0.02 secs] 
2011-02-26T07:19:31.856+0000: 4821.155: [GC 4821.156: [ParNew: 2530474K->147316K(2831168K), 0.0794810 secs] 8360729K->5988505K(12268352K), 0.0797950 secs] [Times: user=0.80 sys=0.00, real=0.08 secs] 
2011-02-26T07:19:34.094+0000: 4823.393: [GC 4823.393: [ParNew: 2663924K->248567K(2831168K), 0.1168340 secs] 8505113K->6215645K(12268352K), 0.1171220 secs] [Times: user=1.22 sys=0.03, real=0.12 secs] 
2011-02-26T07:19:38.314+0000: 4827.613: [GC 4827.613: [ParNew: 2765175K->140541K(2831168K), 0.1199550 secs] 8732253K->6186533K(12268352K), 0.1201910 secs] [Times: user=1.30 sys=0.01, real=0.12 secs] 
2011-02-26T07:19:45.040+0000: 4834.339: [GC 4834.339: [ParNew: 2657149K->52395K(2831168K), 0.0844210 secs] 8703141K->6141478K(12268352K), 0.0846470 secs] [Times: user=0.92 sys=0.01, real=0.08 secs] 
2011-02-26T07:20:03.662+0000: 4852.961: [GC 4852.961: [ParNew: 2569003K->161529K(2831168K), 0.1242360 secs] 8658086K->6292316K(12268352K), 0.1244720 secs] [Times: user=1.38 sys=0.00, real=0.12 secs] 
2011-02-26T07:20:06.112+0000: 4855.411: [GC 4855.411: [ParNew: 2678137K->117435K(2831168K), 0.1423380 secs] 8808924K->6389912K(12268352K), 0.1425730 secs] [Times: user=1.30 sys=0.01, real=0.14 secs] 
2011-02-26T07:20:07.966+0000: 4857.265: [GC 4857.266: [ParNew: 2634043K->40526K(2831168K), 0.0316980 secs] 8906520K->6327848K(12268352K), 0.0319300 secs] [Times: user=0.37 sys=0.00, real=0.04 secs] 
2011-02-26T07:20:29.489+0000: 4878.788: [GC 4878.788: [ParNew: 2557134K->118437K(2831168K), 0.0868030 secs] 8844456K->6416558K(12268352K), 0.0870700 secs] [Times: user=1.03 sys=0.01, real=0.08 secs] 
2011-02-26T07:20:38.556+0000: 4887.856: [GC 4887.856: [ParNew: 2635045K->147532K(2831168K), 0.1718890 secs] 8933166K->6556899K(12268352K), 0.1721170 secs] [Times: user=1.84 sys=0.01, real=0.18 secs] 
2011-02-26T07:20:56.701+0000: 4906.001: [GC 4906.001: [ParNew: 2664140K->95948K(2831168K), 0.1402240 secs] 9073507K->6603766K(12268352K), 0.1405750 secs] [Times: user=1.38 sys=0.02, real=0.14 secs] 
2011-02-26T07:21:05.625+0000: 4914.924: [GC 4914.924: [ParNew: 2612556K->47575K(2831168K), 0.0625190 secs] 9120374K->6593592K(12268352K), 0.0628020 secs] [Times: user=0.68 sys=0.00, real=0.07 secs] 
2011-02-26T07:21:07.714+0000: 4917.013: [GC 4917.013: [ParNew: 2564183K->19741K(2831168K), 0.0383510 secs] 9110200K->6582797K(12268352K), 0.0386470 secs] [Times: user=0.30 sys=0.00, real=0.04 secs] 
2011-02-26T07:21:23.264+0000: 4932.563: [GC 4932.563: [ParNew: 2536349K->52610K(2831168K), 0.0343690 secs] 9099405K->6618186K(12268352K), 0.0346600 secs] [Times: user=0.39 sys=0.01, real=0.04 secs] 
2011-02-26T07:21:34.455+0000: 4943.754: [GC 4943.754: [ParNew: 2569218K->98007K(2831168K), 0.0790130 secs] 9134794K->6691125K(12268352K), 0.0793010 secs] [Times: user=0.91 sys=0.01, real=0.08 secs] 
2011-02-26T07:21:52.312+0000: 4961.611: [GC 4961.611: [ParNew: 2614615K->56461K(2831168K), 0.1001900 secs] 9207733K->6713647K(12268352K), 0.1004840 secs] [Times: user=1.06 sys=0.00, real=0.10 secs] 
2011-02-26T07:22:05.037+0000: 4974.336: [GC 4974.336: [ParNew: 2573069K->55745K(2831168K), 0.0624020 secs] 9230255K->6749349K(12268352K), 0.0627550 secs] [Times: user=0.61 sys=0.00, real=0.07 secs] 
2011-02-26T07:22:07.101+0000: 4976.400: [GC 4976.400: [ParNew: 2572353K->24349K(2831168K), 0.0403810 secs] 9265957K->6746869K(12268352K), 0.0406560 secs] [Times: user=0.39 sys=0.00, real=0.04 secs] 
2011-02-26T07:22:17.288+0000: 4986.587: [GC 4986.587: [ParNew: 2540957K->41596K(2831168K), 0.0287970 secs] 9263477K->6766313K(12268352K), 0.0291010 secs] [Times: user=0.33 sys=0.01, real=0.02 secs] 
2011-02-26T07:22:32.711+0000: 5002.010: [GC 5002.010: [ParNew: 2558204K->93446K(2831168K), 0.0699040 secs] 9282921K->6836665K(12268352K), 0.0702520 secs] [Times: user=0.73 sys=0.00, real=0.07 secs] 
2011-02-26T07:22:39.944+0000: 5009.243: [GC 5009.243: [ParNew: 2610054K->78281K(2831168K), 0.1062700 secs] 9353273K->6877056K(12268352K), 0.1065910 secs] [Times: user=1.16 sys=0.01, real=0.11 secs] 
2011-02-26T07:22:45.290+0000: 5014.589: [GC 5014.589: [ParNew: 2594889K->149045K(2831168K), 0.0977380 secs] 9393664K->6999502K(12268352K), 0.0980390 secs] [Times: user=1.01 sys=0.00, real=0.10 secs] 
2011-02-26T07:22:49.568+0000: 5018.867: [GC 5018.867: [ParNew: 2665653K->51597K(2831168K), 0.0901060 secs] 9516110K->7031324K(12268352K), 0.0903940 secs] [Times: user=0.96 sys=0.01, real=0.09 secs] 
2011-02-26T07:23:04.797+0000: 5034.096: [GC 5034.096: [ParNew: 2568205K->122515K(2831168K), 0.0948990 secs] 9547932K->7132818K(12268352K), 0.0951440 secs] [Times: user=1.15 sys=0.00, real=0.10 secs] 
2011-02-26T07:23:07.544+0000: 5036.843: [GC 5036.843: [ParNew: 2639123K->89883K(2831168K), 0.1284180 secs] 9649426K->7207491K(12268352K), 0.1287450 secs] [Times: user=1.14 sys=0.00, real=0.13 secs] 
2011-02-26T07:23:07.679+0000: 5036.978: [GC [1 CMS-initial-mark: 7117607K(9437184K)] 7240093K(12268352K), 0.0281530 secs] [Times: user=0.03 sys=0.00, real=0.03 secs] 
2011-02-26T07:23:07.708+0000: 5037.007: [CMS-concurrent-mark-start]
2011-02-26T07:23:08.022+0000: 5037.321: [CMS-concurrent-mark: 0.312/0.314 secs] [Times: user=2.08 sys=0.34, real=0.31 secs] 
2011-02-26T07:23:08.022+0000: 5037.321: [CMS-concurrent-preclean-start]
2011-02-26T07:23:08.078+0000: 5037.377: [CMS-concurrent-preclean: 0.053/0.056 secs] [Times: user=0.21 sys=0.05, real=0.06 secs] 
2011-02-26T07:23:08.078+0000: 5037.377: [CMS-concurrent-abortable-preclean-start]
2011-02-26T07:23:09.657+0000: 5038.956: [GC 5038.956: [ParNew: 2606491K->27526K(2831168K), 0.0378640 secs] 9724099K->7157698K(12268352K), 0.0381590 secs] [Times: user=0.50 sys=0.01, real=0.04 secs] 
 CMS: abort preclean due to time 2011-02-26T07:23:13.128+0000: 5042.427: [CMS-concurrent-abortable-preclean: 4.969/5.050 secs] [Times: user=11.55 sys=2.49, real=5.05 secs] 
2011-02-26T07:23:13.129+0000: 5042.428: [GC[YG occupancy: 512416 K (2831168 K)]5042.429: [Rescan (parallel) , 0.0585450 secs]5042.487: [weak refs processing, 0.0341660 secs] [1 CMS-remark: 7130171K(9437184K)] 7642588K(12268352K), 0.0929720 secs] [Times: user=0.70 sys=0.01, real=0.09 secs] 
2011-02-26T07:23:13.223+0000: 5042.522: [CMS-concurrent-sweep-start]
2011-02-26T07:23:31.241+0000: 5060.540: [GC 5060.540: [ParNew: 2544134K->162249K(2831168K), 0.1003250 secs] 6544360K->4180936K(12268352K), 0.1005530 secs] [Times: user=1.12 sys=0.03, real=0.10 secs] 
2011-02-26T07:23:43.197+0000: 5072.496: [GC 5072.496: [ParNew: 2678857K->195569K(2831168K), 0.1910760 secs] 4981783K->2627997K(12268352K), 0.1913100 secs] [Times: user=2.07 sys=0.00, real=0.19 secs] 
2011-02-26T07:23:54.270+0000: 5083.569: [CMS-concurrent-sweep: 40.681/41.047 secs] [Times: user=77.64 sys=14.04, real=41.05 secs] 
2011-02-26T07:23:54.270+0000: 5083.569: [CMS-concurrent-reset-start]
2011-02-26T07:23:54.291+0000: 5083.590: [CMS-concurrent-reset: 0.020/0.020 secs] [Times: user=0.02 sys=0.00, real=0.02 secs] 
2011-02-26T07:24:00.420+0000: 5089.719: [GC 5089.719: [ParNew: 2712177K->125795K(2831168K), 0.1483510 secs] 3375212K->911868K(12268352K), 0.1485800 secs] [Times: user=1.43 sys=0.00, real=0.15 secs] 
2011-02-26T07:24:06.123+0000: 5095.422: [GC 5095.422: [ParNew: 2642403K->40208K(2831168K), 0.0507850 secs] 3428476K->869744K(12268352K), 0.0510240 secs] [Times: user=0.53 sys=0.00, real=0.05 secs] 
2011-02-26T07:24:07.729+0000: 5097.029: [GC 5097.029: [ParNew: 2556816K->12666K(2831168K), 0.0235070 secs] 3386352K->850451K(12268352K), 0.0237420 secs] [Times: user=0.19 sys=0.00, real=0.02 secs] 
2011-02-26T07:24:26.333+0000: 5115.632: [GC 5115.632: [ParNew: 2529274K->45537K(2831168K), 0.0372200 secs] 3367059K->885415K(12268352K), 0.0374570 secs] [Times: user=0.40 sys=0.00, real=0.04 secs] 
2011-02-26T07:24:35.811+0000: 5125.110: [GC 5125.110: [ParNew: 2562145K->86737K(2831168K), 0.0939490 secs] 3402023K->960940K(12268352K), 0.0941740 secs] [Times: user=1.01 sys=0.00, real=0.09 secs] 
2011-02-26T07:24:54.318+0000: 5143.617: [GC 5143.617: [ParNew: 2603345K->61461K(2831168K), 0.1017550 secs] 3477548K->999934K(12268352K), 0.1019900 secs] [Times: user=1.12 sys=0.01, real=0.10 secs] 
2011-02-26T07:25:05.363+0000: 5154.662: [GC 5154.662: [ParNew: 2578069K->47448K(2831168K), 0.0597160 secs] 3516542K->1024628K(12268352K), 0.0599590 secs] [Times: user=0.66 sys=0.00, real=0.06 secs] 
2011-02-26T07:25:07.316+0000: 5156.615: [GC 5156.615: [ParNew: 2564056K->26738K(2831168K), 0.0373950 secs] 3541236K->1022707K(12268352K), 0.0376790 secs] [Times: user=0.40 sys=0.00, real=0.04 secs] 
2011-02-26T07:25:15.205+0000: 5164.504: [GC 5164.504: [ParNew: 2543346K->46568K(2831168K), 0.0308110 secs] 3539315K->1044894K(12268352K), 0.0311030 secs] [Times: user=0.36 sys=0.00, real=0.03 secs] 
2011-02-26T07:25:32.801+0000: 5182.100: [GC 5182.100: [ParNew: 2563176K->70372K(2831168K), 0.0701580 secs] 3561502K->1087411K(12268352K), 0.0705100 secs] [Times: user=0.74 sys=0.00, real=0.07 secs] 
2011-02-26T07:25:45.242+0000: 5194.541: [GC 5194.541: [ParNew: 2586980K->156225K(2831168K), 0.0969910 secs] 3604019K->1227387K(12268352K), 0.0972200 secs] [Times: user=1.00 sys=0.01, real=0.10 secs] 
2011-02-26T07:25:50.533+0000: 5199.832: [GC 5199.832: [ParNew: 2672833K->133280K(2831168K), 0.0801740 secs] 3743995K->1258035K(12268352K), 0.0804040 secs] [Times: user=0.90 sys=0.01, real=0.08 secs] 
2011-02-26T07:25:53.703+0000: 5203.002: [GC 5203.003: [ParNew: 2649888K->191095K(2831168K), 0.0925980 secs] 3774643K->1423838K(12268352K), 0.0928670 secs] [Times: user=1.03 sys=0.01, real=0.09 secs] 
2011-02-26T07:25:56.427+0000: 5205.726: [GC 5205.726: [ParNew: 2707703K->42507K(2831168K), 0.0755950 secs] 3940446K->1443823K(12268352K), 0.0758780 secs] [Times: user=0.85 sys=0.00, real=0.07 secs] 
2011-02-26T07:26:06.689+0000: 5215.988: [GC 5215.988: [ParNew: 2559115K->82040K(2831168K), 0.0843520 secs] 3960431K->1515136K(12268352K), 0.0846570 secs] [Times: user=0.90 sys=0.02, real=0.09 secs] 
2011-02-26T07:26:08.693+0000: 5217.993: [GC 5217.993: [ParNew: 2598648K->58227K(2831168K), 0.0787780 secs] 4031744K->1552518K(12268352K), 0.0790710 secs] [Times: user=0.78 sys=0.01, real=0.08 secs] 
2011-02-26T07:26:22.775+0000: 5232.074: [GC 5232.074: [ParNew: 2574835K->84938K(2831168K), 0.0656230 secs] 4069126K->1594323K(12268352K), 0.0659240 secs] [Times: user=0.77 sys=0.02, real=0.07 secs] 
2011-02-26T07:26:34.064+0000: 5243.363: [GC 5243.363: [ParNew: 2601546K->183847K(2831168K), 0.1614090 secs] 4110931K->1766429K(12268352K), 0.1683780 secs] [Times: user=1.67 sys=0.01, real=0.17 secs] 
2011-02-26T07:26:53.449+0000: 5262.748: [GC 5262.748: [ParNew: 2700473K->167827K(2831168K), 0.2049340 secs] 4283056K->1902395K(12268352K), 0.2051830 secs] [Times: user=2.13 sys=0.00, real=0.20 secs] 
2011-02-26T07:26:53.656+0000: 5262.955: [GC 5262.955: [ParNew: 176899K->122958K(2831168K), 0.1262460 secs] 1911467K->1979791K(12268352K), 0.1264400 secs] [Times: user=1.32 sys=0.01, real=0.13 secs] 
2011-02-26T07:27:05.238+0000: 5274.537: [GC 5274.538: [ParNew: 2639566K->40502K(2831168K), 0.0285330 secs] 4496399K->1897342K(12268352K), 0.0288350 secs] [Times: user=0.30 sys=0.00, real=0.04 secs] 
2011-02-26T07:27:07.228+0000: 5276.527: [GC 5276.527: [ParNew: 2557066K->29226K(2831168K), 0.0385090 secs] 4413906K->1911563K(12268352K), 0.0387450 secs] [Times: user=0.41 sys=0.01, real=0.03 secs] 
2011-02-26T07:27:17.737+0000: 5287.036: [GC 5287.036: [ParNew: 2545834K->51493K(2831168K), 0.0289470 secs] 4428171K->1935935K(12268352K), 0.0291790 secs] [Times: user=0.38 sys=0.01, real=0.03 secs] 
2011-02-26T07:27:33.215+0000: 5302.514: [GC 5302.514: [ParNew: 2568247K->100678K(2831168K), 0.1099430 secs] 4452689K->2007470K(12268352K), 0.1101990 secs] [Times: user=1.03 sys=0.00, real=0.11 secs] 
2011-02-26T07:27:33.327+0000: 5302.627: [GC 5302.627: [ParNew: 103181K->56323K(2831168K), 0.1092280 secs] 2009973K->2039323K(12268352K), 0.1094330 secs] [Times: user=1.04 sys=0.01, real=0.10 secs] 
2011-02-26T07:27:49.674+0000: 5318.973: [GC 5318.973: [ParNew: 2572931K->73423K(2831168K), 0.0449390 secs] 4555931K->2056436K(12268352K), 0.0452240 secs] [Times: user=0.57 sys=0.00, real=0.05 secs] 
2011-02-26T07:28:04.922+0000: 5334.221: [GC 5334.221: [ParNew: 2589300K->52803K(2831168K), 0.0814280 secs] 4572312K->2079750K(12268352K), 0.0817180 secs] [Times: user=0.78 sys=0.01, real=0.08 secs] 
2011-02-26T07:28:06.957+0000: 5336.256: [GC 5336.256: [ParNew: 2569355K->41355K(2831168K), 0.0470070 secs] 4596301K->2102204K(12268352K), 0.0473030 secs] [Times: user=0.41 sys=0.00, real=0.05 secs] 
2011-02-26T07:28:10.399+0000: 5339.698: [GC 5339.698: [ParNew: 2557963K->90309K(2831168K), 0.0395360 secs] 4618812K->2153314K(12268352K), 0.0397730 secs] [Times: user=0.39 sys=0.00, real=0.04 secs] 
2011-02-26T07:28:30.514+0000: 5359.813: [GC 5359.813: [ParNew: 2606917K->56071K(2831168K), 0.0381420 secs] 4669922K->2126602K(12268352K), 0.0383670 secs] [Times: user=0.50 sys=0.00, real=0.04 secs] 
2011-02-26T07:28:39.670+0000: 5368.969: [GC 5368.970: [ParNew: 2572679K->103414K(2831168K), 0.0858850 secs] 4643210K->2208986K(12268352K), 0.0861130 secs] [Times: user=0.92 sys=0.00, real=0.08 secs] 
2011-02-26T07:28:55.634+0000: 5384.933: [GC 5384.934: [ParNew: 2620022K->138038K(2831168K), 0.1057230 secs] 4725594K->2307650K(12268352K), 0.1059580 secs] [Times: user=1.11 sys=0.00, real=0.11 secs] 
2011-02-26T07:29:04.819+0000: 5394.118: [GC 5394.118: [ParNew: 2654646K->53503K(2831168K), 0.0727320 secs] 4824258K->2265473K(12268352K), 0.0729770 secs] [Times: user=0.73 sys=0.01, real=0.07 secs] 
2011-02-26T07:29:08.354+0000: 5397.654: [GC 5397.654: [ParNew: 2570111K->198180K(2831168K), 0.0909290 secs] 4782081K->2449334K(12268352K), 0.0911680 secs] [Times: user=1.04 sys=0.00, real=0.09 secs] 
2011-02-26T07:29:12.348+0000: 5401.647: [GC 5401.647: [ParNew: 2714788K->130206K(2831168K), 0.0701970 secs] 4965942K->2410846K(12268352K), 0.0704710 secs] [Times: user=0.83 sys=0.01, real=0.07 secs] 
2011-02-26T07:29:14.118+0000: 5403.417: [GC 5403.417: [ParNew: 2646814K->34762K(2831168K), 0.0681300 secs] 4927454K->2434480K(12268352K), 0.0683620 secs] [Times: user=0.70 sys=0.02, real=0.06 secs] 
2011-02-26T07:29:22.015+0000: 5411.314: [GC 5411.314: [ParNew: 2551370K->37657K(2831168K), 0.0362810 secs] 4951088K->2444354K(12268352K), 0.0365160 secs] [Times: user=0.42 sys=0.00, real=0.04 secs] 
2011-02-26T07:29:33.777+0000: 5423.076: [GC 5423.076: [ParNew: 2554265K->203562K(2831168K), 0.1445870 secs] 4960962K->2641350K(12268352K), 0.1448770 secs] [Times: user=1.78 sys=0.00, real=0.15 secs] 
2011-02-26T07:29:51.691+0000: 5440.990: [GC 5440.990: [ParNew: 2720170K->208106K(2831168K), 0.2188910 secs] 5157958K->2794787K(12268352K), 0.2191200 secs] [Times: user=2.33 sys=0.01, real=0.22 secs] 
2011-02-26T07:30:05.318+0000: 5454.617: [GC 5454.617: [ParNew: 2724714K->140200K(2831168K), 0.1846960 secs] 5311395K->2866438K(12268352K), 0.1849460 secs] [Times: user=1.88 sys=0.01, real=0.19 secs] 
2011-02-26T07:30:07.442+0000: 5456.741: [GC 5456.896: [ParNew: 2656808K->66356K(2831168K), 0.1069270 secs] 5383046K->2873757K(12268352K), 0.1072200 secs] [Times: user=1.03 sys=0.01, real=0.26 secs] 
2011-02-26T07:30:16.005+0000: 5465.304: [GC 5465.304: [ParNew: 2582964K->37041K(2831168K), 0.0409340 secs] 5390365K->2849959K(12268352K), 0.0412090 secs] [Times: user=0.44 sys=0.00, real=0.04 secs] 
2011-02-26T07:30:32.864+0000: 5482.163: [GC 5482.163: [ParNew: 2553649K->65713K(2831168K), 0.0766250 secs] 5366567K->2898190K(12268352K), 0.0769250 secs] [Times: user=0.85 sys=0.00, real=0.08 secs] 
2011-02-26T07:30:47.749+0000: 5497.048: [GC 5497.048: [ParNew: 2582321K->82568K(2831168K), 0.1133000 secs] 5414798K->2968527K(12268352K), 0.1136010 secs] [Times: user=1.07 sys=0.00, real=0.11 secs] 
2011-02-26T07:31:04.261+0000: 5513.560: [GC 5513.560: [ParNew: 2599176K->65690K(2831168K), 0.0903860 secs] 5485135K->3003283K(12268352K), 0.0907130 secs] [Times: user=0.90 sys=0.00, real=0.09 secs] 
2011-02-26T07:31:09.776+0000: 5519.075: [GC 5519.076: [ParNew: 2582298K->31524K(2831168K), 0.0520900 secs] 5519891K->3004945K(12268352K), 0.0523330 secs] [Times: user=0.61 sys=0.00, real=0.06 secs] 
2011-02-26T07:31:11.819+0000: 5521.118: [GC 5521.119: [ParNew: 2548132K->12937K(2831168K), 0.0212160 secs] 5521553K->2994217K(12268352K), 0.0214900 secs] [Times: user=0.18 sys=0.00, real=0.02 secs] 
2011-02-26T07:31:30.879+0000: 5540.178: [GC 5540.178: [ParNew: 2529545K->46723K(2831168K), 0.0398110 secs] 5510825K->3032013K(12268352K), 0.0400530 secs] [Times: user=0.43 sys=0.00, real=0.04 secs] 
2011-02-26T07:31:40.720+0000: 5550.019: [GC 5550.019: [ParNew: 2563331K->68494K(2831168K), 0.0833590 secs] 5548621K->3093024K(12268352K), 0.0835860 secs] [Times: user=0.89 sys=0.02, real=0.08 secs] 
2011-02-26T07:31:58.093+0000: 5567.392: [GC 5567.392: [ParNew: 2585102K->65781K(2831168K), 0.1054980 secs] 5609632K->3147163K(12268352K), 0.1058500 secs] [Times: user=1.07 sys=0.00, real=0.11 secs] 
2011-02-26T07:32:07.523+0000: 5576.823: [GC 5576.823: [ParNew: 2582389K->49712K(2831168K), 0.0602570 secs] 5663771K->3172565K(12268352K), 0.0605600 secs] [Times: user=0.66 sys=0.00, real=0.06 secs] 
2011-02-26T07:32:09.876+0000: 5579.175: [GC 5579.176: [ParNew: 2566320K->97049K(2831168K), 0.0472050 secs] 5689173K->3237766K(12268352K), 0.0475030 secs] [Times: user=0.53 sys=0.00, real=0.05 secs] 
2011-02-26T07:32:13.028+0000: 5582.327: [GC 5582.327: [ParNew: 2613657K->24690K(2831168K), 0.0461140 secs] 5754374K->3182225K(12268352K), 0.0464070 secs] [Times: user=0.38 sys=0.00, real=0.04 secs] 
2011-02-26T07:32:24.915+0000: 5594.214: [GC 5594.215: [ParNew: 2541298K->209442K(2831168K), 0.0761090 secs] 5698833K->3382761K(12268352K), 0.0764390 secs] [Times: user=0.90 sys=0.01, real=0.08 secs] 
2011-02-26T07:32:29.664+0000: 5598.963: [GC 5598.964: [ParNew: 2726050K->122053K(2831168K), 0.0863200 secs] 5899369K->3348514K(12268352K), 0.0866250 secs] [Times: user=0.93 sys=0.00, real=0.09 secs] 
2011-02-26T07:32:33.461+0000: 5602.760: [GC 5602.760: [ParNew: 2638661K->122547K(2831168K), 0.0958990 secs] 5865122K->3379064K(12268352K), 0.0961240 secs] [Times: user=1.11 sys=0.01, real=0.10 secs] 
2011-02-26T07:32:51.819+0000: 5621.118: [GC 5621.118: [ParNew: 2639155K->189461K(2831168K), 0.1820290 secs] 5895672K->3551702K(12268352K), 0.1823730 secs] [Times: user=1.88 sys=0.01, real=0.18 secs] 
2011-02-26T07:33:05.301+0000: 5634.600: [GC 5634.600: [ParNew: 2706069K->136292K(2831168K), 0.1819980 secs] 6068310K->3638028K(12268352K), 0.1823040 secs] [Times: user=1.85 sys=0.01, real=0.18 secs] 
2011-02-26T07:33:08.201+0000: 5637.500: [GC 5637.500: [ParNew: 2652887K->101451K(2831168K), 0.1205610 secs] 6154623K->3694993K(12268352K), 0.1208560 secs] [Times: user=1.02 sys=0.01, real=0.12 secs] 
2011-02-26T07:33:11.179+0000: 5640.478: [GC 5640.478: [ParNew: 2618059K->28513K(2831168K), 0.0439090 secs] 6211601K->3637198K(12268352K), 0.0441710 secs] [Times: user=0.47 sys=0.00, real=0.04 secs] 
2011-02-26T07:33:31.811+0000: 5661.110: [GC 5661.110: [ParNew: 2545121K->110581K(2831168K), 0.0920840 secs] 6153806K->3736582K(12268352K), 0.0923150 secs] [Times: user=0.98 sys=0.00, real=0.09 secs] 
2011-02-26T07:33:44.945+0000: 5674.244: [GC 5674.244: [ParNew: 2627189K->71817K(2831168K), 0.1272040 secs] 6253190K->3779181K(12268352K), 0.1275220 secs] [Times: user=1.37 sys=0.00, real=0.13 secs] 
2011-02-26T07:34:00.476+0000: 5689.775: [GC 5689.775: [ParNew: 2588425K->138582K(2831168K), 0.0924200 secs] 6295789K->3898978K(12268352K), 0.1005990 secs] [Times: user=1.04 sys=0.00, real=0.10 secs] 
2011-02-26T07:34:05.664+0000: 5694.963: [GC 5694.963: [ParNew: 2655190K->47568K(2831168K), 0.0522450 secs] 6415586K->3845017K(12268352K), 0.0574750 secs] [Times: user=0.56 sys=0.00, real=0.06 secs] 
2011-02-26T07:34:07.406+0000: 5696.705: [GC 5696.705: [ParNew: 2564176K->29287K(2831168K), 0.0213510 secs] 6361625K->3835127K(12268352K), 0.0216450 secs] [Times: user=0.26 sys=0.00, real=0.03 secs] 
2011-02-26T07:34:25.703+0000: 5715.002: [GC 5715.002: [ParNew: 2545895K->47171K(2831168K), 0.0348880 secs] 6351735K->3854999K(12268352K), 0.0352020 secs] [Times: user=0.39 sys=0.00, real=0.04 secs] 
2011-02-26T07:34:35.120+0000: 5724.419: [GC 5724.419: [ParNew: 2563779K->91924K(2831168K), 0.0858340 secs] 6371607K->3933608K(12268352K), 0.0862030 secs] [Times: user=0.92 sys=0.00, real=0.08 secs] 
2011-02-26T07:34:54.225+0000: 5743.524: [GC 5743.524: [ParNew: 2608532K->62092K(2831168K), 0.1004300 secs] 6450216K->3967936K(12268352K), 0.1006810 secs] [Times: user=1.10 sys=0.01, real=0.10 secs] 
2011-02-26T07:35:05.284+0000: 5754.583: [GC 5754.584: [ParNew: 2578700K->56690K(2831168K), 0.0778600 secs] 6484544K->4003697K(12268352K), 0.0781020 secs] [Times: user=0.83 sys=0.00, real=0.08 secs] 
2011-02-26T07:35:07.158+0000: 5756.457: [GC 5756.458: [ParNew: 2573298K->38760K(2831168K), 0.0359160 secs] 6520305K->4010183K(12268352K), 0.0361500 secs] [Times: user=0.37 sys=0.00, real=0.03 secs] 
2011-02-26T07:35:15.240+0000: 5764.539: [GC 5764.539: [ParNew: 2555368K->22220K(2831168K), 0.0258890 secs] 6526791K->3995544K(12268352K), 0.0262520 secs] [Times: user=0.26 sys=0.00, real=0.02 secs] 
2011-02-26T07:35:29.356+0000: 5778.655: [GC 5778.655: [ParNew: 2538828K->65722K(2831168K), 0.0519280 secs] 6512152K->4053910K(12268352K), 0.0521570 secs] [Times: user=0.65 sys=0.01, real=0.06 secs] 
2011-02-26T07:35:33.429+0000: 5782.728: [GC 5782.728: [ParNew: 2582330K->264839K(2831168K), 0.1173380 secs] 6570518K->4294430K(12268352K), 0.1176110 secs] [Times: user=1.35 sys=0.00, real=0.11 secs] 
2011-02-26T07:35:45.284+0000: 5794.583: [GC 5794.583: [ParNew: 2781447K->147884K(2831168K), 0.1761250 secs] 6811038K->4274102K(12268352K), 0.1764220 secs] [Times: user=1.74 sys=0.00, real=0.18 secs] 
2011-02-26T07:36:04.012+0000: 5813.311: [GC 5813.311: [ParNew: 2664492K->187708K(2831168K), 0.1774800 secs] 6790710K->4408389K(12268352K), 0.1777070 secs] [Times: user=1.96 sys=0.00, real=0.18 secs] 
2011-02-26T07:36:05.960+0000: 5815.259: [GC 5815.259: [ParNew: 2704316K->129199K(2831168K), 0.1414470 secs] 6924997K->4493053K(12268352K), 0.1416820 secs] [Times: user=1.34 sys=0.01, real=0.14 secs] 
2011-02-26T07:36:07.382+0000: 5816.681: [GC 5816.681: [ParNew: 2645807K->34286K(2831168K), 0.0276060 secs] 7009661K->4406901K(12268352K), 0.0278370 secs] [Times: user=0.27 sys=0.00, real=0.03 secs] 
2011-02-26T07:36:26.095+0000: 5835.394: [GC 5835.394: [ParNew: 2550894K->104718K(2831168K), 0.0768520 secs] 6923509K->4482497K(12268352K), 0.0770910 secs] [Times: user=1.03 sys=0.00, real=0.08 secs] 
2011-02-26T07:36:35.639+0000: 5844.938: [GC 5844.938: [ParNew: 2621326K->147996K(2831168K), 0.1712980 secs] 6999105K->4624496K(12268352K), 0.1715290 secs] [Times: user=1.70 sys=0.02, real=0.17 secs] 
2011-02-26T07:36:53.445+0000: 5862.744: [GC 5862.744: [ParNew: 2664604K->154444K(2831168K), 0.1480480 secs] 7141104K->4723350K(12268352K), 0.1483420 secs] [Times: user=1.38 sys=0.00, real=0.15 secs] 
2011-02-26T07:37:04.589+0000: 5873.888: [GC 5873.889: [ParNew: 2671052K->51161K(2831168K), 0.0748350 secs] 7239958K->4655849K(12268352K), 0.0750720 secs] [Times: user=0.75 sys=0.00, real=0.07 secs] 
2011-02-26T07:37:06.214+0000: 5875.513: [GC 5875.513: [ParNew: 2567769K->31837K(2831168K), 0.0407700 secs] 7172457K->4664589K(12268352K), 0.0410470 secs] [Times: user=0.39 sys=0.00, real=0.04 secs] 
2011-02-26T07:37:08.139+0000: 5877.439: [GC 5877.439: [ParNew: 2548445K->8688K(2831168K), 0.0162130 secs] 7181197K->4643486K(12268352K), 0.0164850 secs] [Times: user=0.14 sys=0.00, real=0.01 secs] 
2011-02-26T07:37:30.623+0000: 5899.922: [GC 5899.922: [ParNew: 2525296K->68099K(2831168K), 0.0458790 secs] 7160094K->4705915K(12268352K), 0.0461010 secs] [Times: user=0.53 sys=0.00, real=0.05 secs] 
2011-02-26T07:37:40.068+0000: 5909.367: [GC 5909.367: [ParNew: 2584707K->81199K(2831168K), 0.0968120 secs] 7222523K->4759900K(12268352K), 0.0971000 secs] [Times: user=1.05 sys=0.01, real=0.09 secs] 
2011-02-26T07:37:57.876+0000: 5927.175: [GC 5927.175: [ParNew: 2597807K->65512K(2831168K), 0.1053020 secs] 7276508K->4811278K(12268352K), 0.1055870 secs] [Times: user=1.14 sys=0.00, real=0.11 secs] 
2011-02-26T07:38:05.781+0000: 5935.080: [GC 5935.080: [ParNew: 2582120K->47949K(2831168K), 0.0620780 secs] 7327886K->4833315K(12268352K), 0.0623170 secs] [Times: user=0.65 sys=0.01, real=0.06 secs] 
2011-02-26T07:38:08.541+0000: 5937.840: [GC 5937.840: [ParNew: 2564557K->22396K(2831168K), 0.0325260 secs] 7349923K->4821919K(12268352K), 0.0327620 secs] [Times: user=0.37 sys=0.00, real=0.03 secs] 
2011-02-26T07:38:20.384+0000: 5949.683: [GC 5949.683: [ParNew: 2539004K->64819K(2831168K), 0.0327640 secs] 7338527K->4869042K(12268352K), 0.0330000 secs] [Times: user=0.39 sys=0.00, real=0.04 secs] 
2011-02-26T07:38:32.963+0000: 5962.262: [GC 5962.262: [ParNew: 2581427K->150568K(2831168K), 0.0854400 secs] 7385650K->4978077K(12268352K), 0.0857560 secs] [Times: user=0.93 sys=0.00, real=0.09 secs] 
2011-02-26T07:38:37.071+0000: 5966.371: [GC 5966.371: [ParNew: 2667176K->218434K(2831168K), 0.1387590 secs] 7494685K->5168306K(12268352K), 0.1392110 secs] [Times: user=1.36 sys=0.01, real=0.14 secs] 
2011-02-26T07:38:39.488+0000: 5968.787: [GC 5968.788: [ParNew: 2735042K->132797K(2831168K), 0.1127430 secs] 7684914K->5286278K(12268352K), 0.1129840 secs] [Times: user=1.24 sys=0.00, real=0.11 secs] 
2011-02-26T07:38:42.515+0000: 5971.814: [GC 5971.814: [ParNew: 2649405K->104627K(2831168K), 0.0701890 secs] 7802886K->5359087K(12268352K), 0.0704180 secs] [Times: user=0.83 sys=0.00, real=0.07 secs] 
2011-02-26T07:38:45.178+0000: 5974.477: [GC 5974.477: [ParNew: 2621235K->34242K(2831168K), 0.0529600 secs] 7875695K->5384581K(12268352K), 0.0532460 secs] [Times: user=0.56 sys=0.00, real=0.05 secs] 
2011-02-26T07:38:50.700+0000: 5979.999: [GC 5979.999: [ParNew: 2550850K->135297K(2831168K), 0.0720590 secs] 7901189K->5509116K(12268352K), 0.0722860 secs] [Times: user=0.71 sys=0.00, real=0.07 secs] 
2011-02-26T07:38:55.753+0000: 5985.052: [GC 5985.052: [ParNew: 2651905K->52634K(2831168K), 0.0846970 secs] 8025724K->5551027K(12268352K), 0.0849270 secs] [Times: user=0.88 sys=0.01, real=0.09 secs] 
2011-02-26T07:39:01.748+0000: 5991.047: [GC 5991.047: [ParNew: 2569242K->66326K(2831168K), 0.0766710 secs] 8067635K->5605794K(12268352K), 0.0769020 secs] [Times: user=0.75 sys=0.01, real=0.07 secs] 
2011-02-26T07:39:05.934+0000: 5995.233: [GC 5995.234: [ParNew: 2582934K->53919K(2831168K), 0.0690720 secs] 8122402K->5637095K(12268352K), 0.0693140 secs] [Times: user=0.70 sys=0.01, real=0.07 secs] 
2011-02-26T07:39:07.618+0000: 5996.917: [GC 5996.917: [ParNew: 2570527K->41139K(2831168K), 0.0507990 secs] 8153703K->5644341K(12268352K), 0.0510440 secs] [Times: user=0.58 sys=0.01, real=0.05 secs] 
2011-02-26T07:39:10.210+0000: 5999.510: [GC 5999.510: [ParNew: 2557747K->31464K(2831168K), 0.0324080 secs] 8160949K->5641628K(12268352K), 0.0326340 secs] [Times: user=0.39 sys=0.00, real=0.03 secs] 
2011-02-26T07:39:17.284+0000: 6006.583: [GC 6006.584: [ParNew: 2548072K->55027K(2831168K), 0.0581690 secs] 8158236K->5685328K(12268352K), 0.0583950 secs] [Times: user=0.66 sys=0.00, real=0.06 secs] 
2011-02-26T07:39:33.313+0000: 6022.613: [GC 6022.613: [ParNew: 2571635K->156713K(2831168K), 0.1352140 secs] 8201936K->5830754K(12268352K), 0.1354710 secs] [Times: user=1.52 sys=0.00, real=0.14 secs] 
2011-02-26T07:39:49.273+0000: 6038.572: [GC 6038.572: [ParNew: 2673321K->125604K(2831168K), 0.1851980 secs] 8347362K->5935206K(12268352K), 0.1854270 secs] [Times: user=1.93 sys=0.01, real=0.19 secs] 
2011-02-26T07:40:04.675+0000: 6053.974: [GC 6053.974: [ParNew: 2642212K->86223K(2831168K), 0.0936220 secs] 8451814K->5961168K(12268352K), 0.0938750 secs] [Times: user=1.06 sys=0.00, real=0.10 secs] 
2011-02-26T07:40:06.402+0000: 6055.701: [GC 6055.701: [ParNew: 2602831K->35033K(2831168K), 0.0409930 secs] 8477776K->5944012K(12268352K), 0.0412280 secs] [Times: user=0.40 sys=0.00, real=0.04 secs] 
2011-02-26T07:40:13.424+0000: 6062.723: [GC 6062.723: [ParNew: 2551641K->31457K(2831168K), 0.0265120 secs] 8460620K->5942437K(12268352K), 0.0267480 secs] [Times: user=0.34 sys=0.01, real=0.03 secs] 
2011-02-26T07:40:32.522+0000: 6081.821: [GC 6081.821: [ParNew: 2548065K->83955K(2831168K), 0.0656770 secs] 8459045K->6010229K(12268352K), 0.0659060 secs] [Times: user=0.78 sys=0.00, real=0.07 secs] 
2011-02-26T07:40:46.106+0000: 6095.405: [GC 6095.405: [ParNew: 2600563K->67436K(2831168K), 0.1028230 secs] 8526837K->6049873K(12268352K), 0.1030530 secs] [Times: user=1.06 sys=0.00, real=0.11 secs] 
2011-02-26T07:41:04.211+0000: 6113.510: [GC 6113.510: [ParNew: 2584044K->55669K(2831168K), 0.0831160 secs] 8566481K->6088447K(12268352K), 0.0833530 secs] [Times: user=0.92 sys=0.00, real=0.08 secs] 
2011-02-26T07:41:06.356+0000: 6115.655: [GC 6115.655: [ParNew: 2572277K->43889K(2831168K), 0.0548620 secs] 8605055K->6115657K(12268352K), 0.0551020 secs] [Times: user=0.59 sys=0.00, real=0.06 secs] 
2011-02-26T07:41:10.840+0000: 6120.139: [GC 6120.139: [ParNew: 2560497K->12735K(2831168K), 0.0234210 secs] 8632265K->6090774K(12268352K), 0.0236510 secs] [Times: user=0.26 sys=0.00, real=0.02 secs] 
2011-02-26T07:41:32.174+0000: 6141.473: [GC 6141.473: [ParNew: 2529343K->79529K(2831168K), 0.0621410 secs] 8607382K->6165873K(12268352K), 0.0624610 secs] [Times: user=0.77 sys=0.00, real=0.06 secs] 
2011-02-26T07:41:38.885+0000: 6148.184: [GC 6148.184: [ParNew: 2596137K->153175K(2831168K), 0.0917290 secs] 8682481K->6287486K(12268352K), 0.0919820 secs] [Times: user=1.03 sys=0.02, real=0.10 secs] 
2011-02-26T07:41:50.255+0000: 6159.554: [GC 6159.554: [ParNew: 2669783K->238007K(2831168K), 0.1320350 secs] 8804094K->6427644K(12268352K), 0.1322800 secs] [Times: user=1.20 sys=0.00, real=0.14 secs] 
2011-02-26T07:41:55.048+0000: 6164.347: [GC 6164.347: [ParNew: 2754615K->146849K(2831168K), 0.1007240 secs] 8944252K->6396765K(12268352K), 0.1009540 secs] [Times: user=1.05 sys=0.01, real=0.10 secs] 
2011-02-26T07:42:00.267+0000: 6169.566: [GC 6169.566: [ParNew: 2663457K->72302K(2831168K), 0.0995910 secs] 8913373K->6370207K(12268352K), 0.0998230 secs] [Times: user=0.84 sys=0.00, real=0.10 secs] 
2011-02-26T07:42:05.779+0000: 6175.078: [GC 6175.078: [ParNew: 2588910K->44353K(2831168K), 0.0700760 secs] 8886815K->6384300K(12268352K), 0.0703860 secs] [Times: user=0.66 sys=0.02, real=0.07 secs] 
2011-02-26T07:42:07.448+0000: 6176.747: [GC 6176.748: [ParNew: 2560961K->34247K(2831168K), 0.0477390 secs] 8900908K->6403025K(12268352K), 0.0480320 secs] [Times: user=0.45 sys=0.01, real=0.05 secs] 
2011-02-26T07:42:30.115+0000: 6199.414: [GC 6199.414: [ParNew: 2550855K->126112K(2831168K), 0.0810600 secs] 8919633K->6503093K(12268352K), 0.0813560 secs] [Times: user=1.04 sys=0.00, real=0.08 secs] 
2011-02-26T07:42:39.031+0000: 6208.330: [GC 6208.331: [ParNew: 2642720K->199206K(2831168K), 0.1925740 secs] 9019701K->6693438K(12268352K), 0.1928040 secs] [Times: user=2.10 sys=0.01, real=0.19 secs] 
2011-02-26T07:42:56.082+0000: 6225.381: [GC 6225.382: [ParNew: 2715814K->144960K(2831168K), 0.1975890 secs] 9210046K->6789134K(12268352K), 0.1978280 secs] [Times: user=2.07 sys=0.02, real=0.20 secs] 
2011-02-26T07:43:05.428+0000: 6234.727: [GC 6234.727: [ParNew: 2661568K->66919K(2831168K), 0.0900110 secs] 9305742K->6786412K(12268352K), 0.0902630 secs] [Times: user=0.94 sys=0.01, real=0.10 secs] 
2011-02-26T07:43:07.134+0000: 6236.433: [GC 6236.433: [ParNew: 2583527K->22079K(2831168K), 0.0296710 secs] 9303020K->6758307K(12268352K), 0.0299080 secs] [Times: user=0.33 sys=0.00, real=0.03 secs] 
2011-02-26T07:43:25.302+0000: 6254.602: [GC 6254.602: [ParNew: 2538687K->67963K(2831168K), 0.0367040 secs] 9274915K->6806098K(12268352K), 0.0369370 secs] [Times: user=0.43 sys=0.00, real=0.04 secs] 
2011-02-26T07:43:35.429+0000: 6264.728: [GC 6264.729: [ParNew: 2584571K->107321K(2831168K), 0.0860070 secs] 9322706K->6879504K(12268352K), 0.0862570 secs] [Times: user=0.93 sys=0.00, real=0.08 secs] 
2011-02-26T07:43:54.582+0000: 6283.881: [GC 6283.881: [ParNew: 2623929K->66187K(2831168K), 0.0988310 secs] 9396112K->6904677K(12268352K), 0.0990640 secs] [Times: user=1.04 sys=0.01, real=0.10 secs] 
2011-02-26T07:44:06.503+0000: 6295.802: [GC 6295.802: [ParNew: 2582795K->53661K(2831168K), 0.0620970 secs] 9421285K->6932979K(12268352K), 0.0623360 secs] [Times: user=0.66 sys=0.00, real=0.06 secs] 
2011-02-26T07:44:08.314+0000: 6297.613: [GC 6297.613: [ParNew: 2570269K->26046K(2831168K), 0.0363380 secs] 9449587K->6929330K(12268352K), 0.0366380 secs] [Times: user=0.40 sys=0.00, real=0.04 secs] 
2011-02-26T07:44:22.401+0000: 6311.700: [GC 6311.701: [ParNew: 2542654K->50460K(2831168K), 0.0335050 secs] 9445938K->6956294K(12268352K), 0.0338380 secs] [Times: user=0.38 sys=0.01, real=0.03 secs] 
2011-02-26T07:44:34.224+0000: 6323.523: [GC 6323.524: [ParNew: 2567068K->124762K(2831168K), 0.1132290 secs] 9472902K->7056449K(12268352K), 0.1134740 secs] [Times: user=1.35 sys=0.02, real=0.12 secs] 
2011-02-26T07:44:49.942+0000: 6339.241: [GC 6339.241: [ParNew: 2641370K->157026K(2831168K), 0.1062950 secs] 9573057K->7153151K(12268352K), 0.1065890 secs] [Times: user=1.18 sys=0.01, real=0.11 secs] 
2011-02-26T07:45:00.434+0000: 6349.733: [GC 6349.733: [ParNew: 2673634K->221104K(2831168K), 0.0889450 secs] 9669759K->7257241K(12268352K), 0.0892390 secs] [Times: user=1.02 sys=0.00, real=0.09 secs] 
2011-02-26T07:45:04.761+0000: 6354.060: [GC 6354.061: [ParNew: 2737715K->55742K(2831168K), 0.1071500 secs] 9773852K->7214415K(12268352K), 0.1074440 secs] [Times: user=1.17 sys=0.02, real=0.11 secs] 
2011-02-26T07:45:04.870+0000: 6354.169: [GC [1 CMS-initial-mark: 7158673K(9437184K)] 7218043K(12268352K), 0.0523320 secs] [Times: user=0.05 sys=0.00, real=0.05 secs] 
2011-02-26T07:45:04.923+0000: 6354.222: [CMS-concurrent-mark-start]
2011-02-26T07:45:05.390+0000: 6354.690: [CMS-concurrent-mark: 0.466/0.468 secs] [Times: user=3.02 sys=0.37, real=0.47 secs] 
2011-02-26T07:45:05.391+0000: 6354.690: [CMS-concurrent-preclean-start]
2011-02-26T07:45:05.423+0000: 6354.722: [CMS-concurrent-preclean: 0.032/0.033 secs] [Times: user=0.13 sys=0.03, real=0.03 secs] 
2011-02-26T07:45:05.423+0000: 6354.722: [CMS-concurrent-abortable-preclean-start]
2011-02-26T07:45:06.662+0000: 6355.961: [GC 6355.961: [ParNew: 2572350K->43155K(2831168K), 0.0757780 secs] 9731023K->7237375K(12268352K), 0.0760890 secs] [Times: user=0.81 sys=0.00, real=0.08 secs] 
2011-02-26T07:45:07.421+0000: 6356.720: [CMS-concurrent-abortable-preclean: 1.906/1.998 secs] [Times: user=7.91 sys=1.68, real=2.00 secs] 
2011-02-26T07:45:07.423+0000: 6356.722: [GC[YG occupancy: 1368958 K (2831168 K)]6356.722: [Rescan (parallel) , 0.0593330 secs]6356.781: [weak refs processing, 0.0306290 secs] [1 CMS-remark: 7194220K(9437184K)] 8563178K(12268352K), 0.0902580 secs] [Times: user=0.78 sys=0.01, real=0.09 secs] 
2011-02-26T07:45:07.513+0000: 6356.812: [CMS-concurrent-sweep-start]
2011-02-26T07:45:12.164+0000: 6361.463: [GC 6361.463: [ParNew: 2559768K->50405K(2831168K), 0.0477160 secs] 8808801K->6308127K(12268352K), 0.0480050 secs] [Times: user=0.47 sys=0.00, real=0.05 secs] 
2011-02-26T07:45:12.213+0000: 6361.512: [GC 6361.512: [ParNew: 50992K->24569K(2831168K), 0.0498390 secs] 6308706K->6325685K(12268352K), 0.0500580 secs] [Times: user=0.51 sys=0.00, real=0.05 secs] 
2011-02-26T07:45:32.315+0000: 6381.614: [GC 6381.614: [ParNew: 2541177K->129824K(2831168K), 0.0913400 secs] 5756811K->3345461K(12268352K), 0.0916730 secs] [Times: user=1.02 sys=0.00, real=0.09 secs] 
2011-02-26T07:45:46.082+0000: 6395.381: [GC 6395.381: [ParNew: 2646432K->205288K(2831168K), 0.1989320 secs] 3919426K->1603906K(12268352K), 0.1992170 secs] [Times: user=2.07 sys=0.01, real=0.20 secs] 
2011-02-26T07:45:47.462+0000: 6396.761: [CMS-concurrent-sweep: 39.472/39.949 secs] [Times: user=76.88 sys=12.70, real=39.95 secs] 
2011-02-26T07:45:47.462+0000: 6396.761: [CMS-concurrent-reset-start]
2011-02-26T07:45:47.482+0000: 6396.781: [CMS-concurrent-reset: 0.020/0.020 secs] [Times: user=0.03 sys=0.00, real=0.02 secs] 
2011-02-26T07:45:57.511+0000: 6406.810: [GC 6406.811: [ParNew: 2721896K->200881K(2831168K), 0.2234050 secs] 3620294K->1248178K(12268352K), 0.2236960 secs] [Times: user=1.97 sys=0.03, real=0.22 secs] 
2011-02-26T07:46:06.064+0000: 6415.363: [GC 6415.363: [ParNew: 2717489K->74061K(2831168K), 0.1779890 secs] 3764786K->1202249K(12268352K), 0.1782890 secs] [Times: user=1.18 sys=0.00, real=0.18 secs] 
2011-02-26T07:46:08.137+0000: 6417.436: [GC 6417.436: [ParNew: 2590669K->29077K(2831168K), 0.0680380 secs] 3718857K->1186944K(12268352K), 0.0683310 secs] [Times: user=0.49 sys=0.00, real=0.07 secs] 
2011-02-26T07:46:26.226+0000: 6435.525: [GC 6435.525: [ParNew: 2545685K->35089K(2831168K), 0.0352000 secs] 3703552K->1195993K(12268352K), 0.0354860 secs] [Times: user=0.43 sys=0.00, real=0.04 secs] 
2011-02-26T07:46:35.062+0000: 6444.361: [GC 6444.361: [ParNew: 2551697K->103342K(2831168K), 0.1151530 secs] 3712601K->1292570K(12268352K), 0.1154730 secs] [Times: user=0.93 sys=0.00, real=0.12 secs] 
2011-02-26T07:46:54.075+0000: 6463.374: [GC 6463.374: [ParNew: 2619950K->67182K(2831168K), 0.1990150 secs] 3809178K->1321801K(12268352K), 0.1992370 secs] [Times: user=1.35 sys=0.00, real=0.20 secs] 
2011-02-26T07:47:05.366+0000: 6474.665: [GC 6474.665: [ParNew: 2583790K->43926K(2831168K), 0.1062240 secs] 3838409K->1340613K(12268352K), 0.1064680 secs] [Times: user=0.82 sys=0.00, real=0.11 secs] 
2011-02-26T07:47:11.555+0000: 6480.854: [GC 6480.854: [ParNew: 2560534K->34375K(2831168K), 0.0529410 secs] 3857221K->1350129K(12268352K), 0.0531790 secs] [Times: user=0.53 sys=0.00, real=0.06 secs] 
2011-02-26T07:47:19.599+0000: 6488.898: [GC 6488.898: [ParNew: 2550983K->39830K(2831168K), 0.0389140 secs] 3866737K->1368883K(12268352K), 0.0391470 secs] [Times: user=0.39 sys=0.00, real=0.04 secs] 
2011-02-26T07:47:35.360+0000: 6504.659: [GC 6504.659: [ParNew: 2556438K->79595K(2831168K), 0.0840410 secs] 3885491K->1423961K(12268352K), 0.0842680 secs] [Times: user=0.88 sys=0.00, real=0.08 secs] 
2011-02-26T07:47:50.882+0000: 6520.181: [GC 6520.181: [ParNew: 2596203K->79037K(2831168K), 0.1189700 secs] 3940569K->1475097K(12268352K), 0.1192010 secs] [Times: user=1.31 sys=0.00, real=0.12 secs] 
2011-02-26T07:48:02.795+0000: 6532.094: [GC 6532.094: [ParNew: 2595645K->137490K(2831168K), 0.0947920 secs] 3991705K->1581875K(12268352K), 0.0950490 secs] [Times: user=1.08 sys=0.00, real=0.10 secs] 
2011-02-26T07:48:06.424+0000: 6535.723: [GC 6535.723: [ParNew: 2654098K->47987K(2831168K), 0.0665750 secs] 4098483K->1531394K(12268352K), 0.0668420 secs] [Times: user=0.78 sys=0.00, real=0.07 secs] 
2011-02-26T07:48:07.879+0000: 6537.178: [GC 6537.179: [ParNew: 2564595K->19406K(2831168K), 0.0305700 secs] 4048002K->1514464K(12268352K), 0.0308670 secs] [Times: user=0.26 sys=0.00, real=0.03 secs] 
2011-02-26T07:48:17.414+0000: 6546.713: [GC 6546.713: [ParNew: 2536014K->201902K(2831168K), 0.0675410 secs] 4031072K->1702752K(12268352K), 0.0678420 secs] [Times: user=0.84 sys=0.00, real=0.07 secs] 
2011-02-26T07:48:22.257+0000: 6551.556: [GC 6551.556: [ParNew: 2718510K->123490K(2831168K), 0.0853200 secs] 4219360K->1671535K(12268352K), 0.0856040 secs] [Times: user=0.94 sys=0.01, real=0.09 secs] 
2011-02-26T07:48:31.791+0000: 6561.090: [GC 6561.090: [ParNew: 2640098K->91673K(2831168K), 0.1024390 secs] 4188143K->1671275K(12268352K), 0.1026950 secs] [Times: user=1.09 sys=0.00, real=0.10 secs] 
2011-02-26T07:48:45.284+0000: 6574.583: [GC 6574.583: [ParNew: 2608281K->170524K(2831168K), 0.1568810 secs] 4187883K->1825338K(12268352K), 0.1571080 secs] [Times: user=1.68 sys=0.01, real=0.16 secs] 
2011-02-26T07:49:00.424+0000: 6589.723: [GC 6589.723: [ParNew: 2687132K->181870K(2831168K), 0.1998980 secs] 4341946K->1981020K(12268352K), 0.2001940 secs] [Times: user=2.09 sys=0.00, real=0.20 secs] 
2011-02-26T07:49:06.073+0000: 6595.372: [GC 6595.372: [ParNew: 2698478K->125117K(2831168K), 0.1354390 secs] 4497628K->2050158K(12268352K), 0.1356800 secs] [Times: user=1.31 sys=0.00, real=0.14 secs] 
2011-02-26T07:49:07.719+0000: 6597.018: [GC 6597.018: [ParNew: 2641725K->46592K(2831168K), 0.0479890 secs] 4566766K->1994134K(12268352K), 0.0482310 secs] [Times: user=0.53 sys=0.00, real=0.04 secs] 
2011-02-26T07:49:30.133+0000: 6619.432: [GC 6619.432: [ParNew: 2563200K->98504K(2831168K), 0.0594500 secs] 4510742K->2052044K(12268352K), 0.0597470 secs] [Times: user=0.75 sys=0.00, real=0.06 secs] 
2011-02-26T07:49:40.129+0000: 6629.428: [GC 6629.428: [ParNew: 2615112K->106596K(2831168K), 0.1147360 secs] 4568652K->2128030K(12268352K), 0.1149680 secs] [Times: user=1.22 sys=0.00, real=0.11 secs] 
2011-02-26T07:49:57.360+0000: 6646.659: [GC 6646.659: [ParNew: 2623204K->62316K(2831168K), 0.1028400 secs] 4644638K->2148489K(12268352K), 0.1030730 secs] [Times: user=1.06 sys=0.00, real=0.10 secs] 
2011-02-26T07:50:05.638+0000: 6654.937: [GC 6654.937: [ParNew: 2578924K->49454K(2831168K), 0.0613430 secs] 4665097K->2174905K(12268352K), 0.0616280 secs] [Times: user=0.61 sys=0.00, real=0.07 secs] 
2011-02-26T07:50:07.461+0000: 6656.760: [GC 6656.760: [ParNew: 2566062K->22098K(2831168K), 0.0285450 secs] 4691513K->2160917K(12268352K), 0.0626090 secs] [Times: user=0.35 sys=0.00, real=0.06 secs] 
2011-02-26T07:50:26.094+0000: 6675.393: [GC 6675.393: [ParNew: 2538706K->74660K(2831168K), 0.0369720 secs] 4677525K->2215402K(12268352K), 0.0372890 secs] [Times: user=0.51 sys=0.00, real=0.04 secs] 
2011-02-26T07:50:35.620+0000: 6684.919: [GC 6684.919: [ParNew: 2591268K->92231K(2831168K), 0.1116920 secs] 4732010K->2267577K(12268352K), 0.1119820 secs] [Times: user=1.01 sys=0.00, real=0.11 secs] 
2011-02-26T07:50:54.575+0000: 6703.874: [GC 6703.874: [ParNew: 2608839K->64703K(2831168K), 0.1062550 secs] 4784185K->2302787K(12268352K), 0.1065670 secs] [Times: user=1.14 sys=0.02, real=0.11 secs] 
2011-02-26T07:51:05.006+0000: 6714.305: [GC 6714.305: [ParNew: 2581311K->55996K(2831168K), 0.0630880 secs] 4819395K->2333734K(12268352K), 0.0633310 secs] [Times: user=0.76 sys=0.00, real=0.07 secs] 
2011-02-26T07:51:06.983+0000: 6716.282: [GC 6716.282: [ParNew: 2572604K->26427K(2831168K), 0.0371570 secs] 4850342K->2326956K(12268352K), 0.0373930 secs] [Times: user=0.38 sys=0.00, real=0.04 secs] 
2011-02-26T07:51:16.870+0000: 6726.169: [GC 6726.169: [ParNew: 2543035K->99462K(2831168K), 0.0388180 secs] 4843564K->2402239K(12268352K), 0.0390500 secs] [Times: user=0.42 sys=0.00, real=0.04 secs] 
2011-02-26T07:51:23.010+0000: 6732.309: [GC 6732.309: [ParNew: 2616070K->123515K(2831168K), 0.0644520 secs] 4918847K->2446568K(12268352K), 0.0646840 secs] [Times: user=0.63 sys=0.00, real=0.06 secs] 
2011-02-26T07:51:27.860+0000: 6737.159: [GC 6737.159: [ParNew: 2640123K->23681K(2831168K), 0.0744720 secs] 4963176K->2453864K(12268352K), 0.0746980 secs] [Times: user=0.72 sys=0.00, real=0.07 secs] 
2011-02-26T07:51:33.046+0000: 6742.345: [GC 6742.345: [ParNew: 2540289K->225888K(2831168K), 0.0805780 secs] 4970472K->2668723K(12268352K), 0.0808020 secs] [Times: user=0.87 sys=0.03, real=0.08 secs] 
2011-02-26T07:51:36.738+0000: 6746.037: [GC 6746.037: [ParNew: 2742502K->180960K(2831168K), 0.1478490 secs] 5185337K->2762683K(12268352K), 0.1480710 secs] [Times: user=1.41 sys=0.00, real=0.14 secs] 
2011-02-26T07:51:41.405+0000: 6750.704: [GC 6750.704: [ParNew: 2697568K->74621K(2831168K), 0.1104170 secs] 5279291K->2815694K(12268352K), 0.1106510 secs] [Times: user=1.19 sys=0.00, real=0.11 secs] 
2011-02-26T07:51:58.033+0000: 6767.332: [GC 6767.332: [ParNew: 2590846K->153919K(2831168K), 0.0941910 secs] 5331919K->2912311K(12268352K), 0.0944230 secs] [Times: user=1.17 sys=0.00, real=0.10 secs] 
2011-02-26T07:52:06.288+0000: 6775.587: [GC 6775.587: [ParNew: 2670527K->112649K(2831168K), 0.1529050 secs] 5428919K->3007540K(12268352K), 0.1532070 secs] [Times: user=1.52 sys=0.00, real=0.15 secs] 
2011-02-26T07:52:09.263+0000: 6778.562: [GC 6778.562: [ParNew: 2629257K->43211K(2831168K), 0.0687260 secs] 5524148K->2983059K(12268352K), 0.0690310 secs] [Times: user=0.70 sys=0.00, real=0.07 secs] 
2011-02-26T07:52:28.988+0000: 6798.287: [GC 6798.288: [ParNew: 2559819K->95140K(2831168K), 0.0814820 secs] 5499667K->3053629K(12268352K), 0.0817380 secs] [Times: user=0.92 sys=0.00, real=0.08 secs] 
2011-02-26T07:52:37.964+0000: 6807.263: [GC 6807.264: [ParNew: 2611748K->143269K(2831168K), 0.1523710 secs] 5570237K->3186926K(12268352K), 0.1526520 secs] [Times: user=1.70 sys=0.00, real=0.16 secs] 
2011-02-26T07:52:55.907+0000: 6825.206: [GC 6825.207: [ParNew: 2659877K->88412K(2831168K), 0.1242400 secs] 5703534K->3219653K(12268352K), 0.1245370 secs] [Times: user=1.29 sys=0.01, real=0.12 secs] 
2011-02-26T07:53:05.345+0000: 6834.644: [GC 6834.645: [ParNew: 2604957K->51107K(2831168K), 0.0615050 secs] 5736197K->3221964K(12268352K), 0.0618040 secs] [Times: user=0.63 sys=0.01, real=0.07 secs] 
2011-02-26T07:53:07.213+0000: 6836.512: [GC 6836.512: [ParNew: 2567715K->23908K(2831168K), 0.0354230 secs] 5738572K->3215584K(12268352K), 0.0357220 secs] [Times: user=0.37 sys=0.01, real=0.04 secs] 
2011-02-26T07:53:22.622+0000: 6851.921: [GC 6851.922: [ParNew: 2540516K->29791K(2831168K), 0.0321450 secs] 5732192K->3223504K(12268352K), 0.0323800 secs] [Times: user=0.39 sys=0.00, real=0.03 secs] 
2011-02-26T07:53:33.979+0000: 6863.278: [GC 6863.278: [ParNew: 2546399K->93763K(2831168K), 0.0771820 secs] 5740112K->3311700K(12268352K), 0.0774890 secs] [Times: user=0.86 sys=0.01, real=0.07 secs] 
2011-02-26T07:53:52.884+0000: 6882.183: [GC 6882.184: [ParNew: 2610371K->64276K(2831168K), 0.1023800 secs] 5828308K->3342819K(12268352K), 0.1027440 secs] [Times: user=1.09 sys=0.01, real=0.11 secs] 
2011-02-26T07:54:05.969+0000: 6895.268: [GC 6895.268: [ParNew: 2580867K->49678K(2831168K), 0.0673100 secs] 5859409K->3370165K(12268352K), 0.0675510 secs] [Times: user=0.67 sys=0.00, real=0.06 secs] 
2011-02-26T07:54:08.000+0000: 6897.299: [GC 6897.299: [ParNew: 2566286K->24556K(2831168K), 0.0428420 secs] 5886773K->3369975K(12268352K), 0.0430790 secs] [Times: user=0.39 sys=0.01, real=0.04 secs] 
2011-02-26T07:54:19.714+0000: 6909.013: [GC 6909.014: [ParNew: 2541176K->47707K(2831168K), 0.0352950 secs] 5886595K->3395727K(12268352K), 0.0355780 secs] [Times: user=0.43 sys=0.00, real=0.04 secs] 
2011-02-26T07:54:19.752+0000: 6909.051: [GC 6909.051: [ParNew: 48785K->10113K(2831168K), 0.0345600 secs] 3396804K->3381637K(12268352K), 0.0347790 secs] [Times: user=0.39 sys=0.00, real=0.03 secs] 
2011-02-26T07:54:32.665+0000: 6921.964: [GC 6921.964: [ParNew: 2526721K->167309K(2831168K), 0.0745670 secs] 5898245K->3538832K(12268352K), 0.0748570 secs] [Times: user=0.89 sys=0.01, real=0.08 secs] 
2011-02-26T07:54:35.803+0000: 6925.102: [GC 6925.102: [ParNew: 2683917K->233604K(2831168K), 0.1336240 secs] 6055440K->3733625K(12268352K), 0.1338940 secs] [Times: user=1.46 sys=0.01, real=0.13 secs] 
2011-02-26T07:54:43.953+0000: 6933.252: [GC 6933.252: [ParNew: 2750212K->167506K(2831168K), 0.1049260 secs] 6250233K->3725172K(12268352K), 0.1052150 secs] [Times: user=1.17 sys=0.00, real=0.11 secs] 
2011-02-26T07:54:57.928+0000: 6947.227: [GC 6947.227: [ParNew: 2684114K->135490K(2831168K), 0.1321980 secs] 6241780K->3751885K(12268352K), 0.1324510 secs] [Times: user=1.43 sys=0.03, real=0.13 secs] 
2011-02-26T07:55:05.551+0000: 6954.850: [GC 6954.850: [ParNew: 2652098K->106710K(2831168K), 0.1363830 secs] 6268493K->3835638K(12268352K), 0.1366250 secs] [Times: user=1.28 sys=0.01, real=0.14 secs] 
2011-02-26T07:55:07.292+0000: 6956.591: [GC 6956.591: [ParNew: 2623318K->45114K(2831168K), 0.0638100 secs] 6352246K->3820995K(12268352K), 0.0641160 secs] [Times: user=0.57 sys=0.01, real=0.06 secs] 
2011-02-26T07:55:24.507+0000: 6973.806: [GC 6973.806: [ParNew: 2561722K->113275K(2831168K), 0.0707820 secs] 6337603K->3896670K(12268352K), 0.0711160 secs] [Times: user=0.87 sys=0.00, real=0.07 secs] 
2011-02-26T07:55:35.175+0000: 6984.474: [GC 6984.474: [ParNew: 2629883K->156616K(2831168K), 0.1895520 secs] 6413278K->4035815K(12268352K), 0.1898540 secs] [Times: user=1.88 sys=0.02, real=0.19 secs] 
2011-02-26T07:55:53.665+0000: 7002.964: [GC 7002.964: [ParNew: 2673224K->116998K(2831168K), 0.1702670 secs] 6552423K->4127560K(12268352K), 0.1705560 secs] [Times: user=1.64 sys=0.02, real=0.17 secs] 
2011-02-26T07:56:05.372+0000: 7014.671: [GC 7014.672: [ParNew: 2633606K->49871K(2831168K), 0.0622320 secs] 6644168K->4097463K(12268352K), 0.0625410 secs] [Times: user=0.66 sys=0.00, real=0.06 secs] 
2011-02-26T07:56:07.599+0000: 7016.898: [GC 7016.898: [ParNew: 2566434K->20472K(2831168K), 0.0355920 secs] 6614026K->4091262K(12268352K), 0.0358300 secs] [Times: user=0.38 sys=0.02, real=0.03 secs] 
2011-02-26T07:56:21.014+0000: 7030.313: [GC 7030.313: [ParNew: 2537080K->54729K(2831168K), 0.0314890 secs] 6607870K->4127839K(12268352K), 0.0317790 secs] [Times: user=0.39 sys=0.00, real=0.03 secs] 
2011-02-26T07:56:35.158+0000: 7044.457: [GC 7044.457: [ParNew: 2571337K->96147K(2831168K), 0.0866710 secs] 6644447K->4196671K(12268352K), 0.0869640 secs] [Times: user=0.97 sys=0.00, real=0.08 secs] 
2011-02-26T07:56:51.731+0000: 7061.030: [GC 7061.030: [ParNew: 2612755K->65383K(2831168K), 0.1088000 secs] 6713279K->4226911K(12268352K), 0.1091060 secs] [Times: user=1.04 sys=0.00, real=0.11 secs] 
2011-02-26T07:57:05.251+0000: 7074.550: [GC 7074.550: [ParNew: 2581991K->55284K(2831168K), 0.0727190 secs] 6743519K->4259067K(12268352K), 0.0730460 secs] [Times: user=0.77 sys=0.00, real=0.07 secs] 
2011-02-26T07:57:07.355+0000: 7076.654: [GC 7076.655: [ParNew: 2571892K->24655K(2831168K), 0.0406300 secs] 6775675K->4255418K(12268352K), 0.0409260 secs] [Times: user=0.47 sys=0.00, real=0.04 secs] 
2011-02-26T07:57:18.825+0000: 7088.124: [GC 7088.125: [ParNew: 2541263K->21760K(2831168K), 0.0285260 secs] 6772026K->4254908K(12268352K), 0.0288210 secs] [Times: user=0.39 sys=0.00, real=0.03 secs] 
2011-02-26T07:57:33.116+0000: 7102.415: [GC 7102.415: [ParNew: 2538368K->94693K(2831168K), 0.0728660 secs] 6771516K->4345218K(12268352K), 0.0731530 secs] [Times: user=0.88 sys=0.00, real=0.08 secs] 
2011-02-26T07:57:42.074+0000: 7111.373: [GC 7111.373: [ParNew: 2611301K->58392K(2831168K), 0.0980670 secs] 6861826K->4368323K(12268352K), 0.0983570 secs] [Times: user=1.06 sys=0.00, real=0.10 secs] 
2011-02-26T07:57:50.979+0000: 7120.278: [GC 7120.278: [ParNew: 2575000K->235233K(2831168K), 0.0963790 secs] 6884931K->4590375K(12268352K), 0.0966560 secs] [Times: user=1.08 sys=0.00, real=0.09 secs] 
2011-02-26T07:57:55.484+0000: 7124.783: [GC 7124.783: [ParNew: 2751841K->146813K(2831168K), 0.0975730 secs] 7106983K->4564397K(12268352K), 0.0978570 secs] [Times: user=1.06 sys=0.00, real=0.10 secs] 
2011-02-26T07:58:04.359+0000: 7133.658: [GC 7133.658: [ParNew: 2663421K->96333K(2831168K), 0.0875120 secs] 7081005K->4557441K(12268352K), 0.1032020 secs] [Times: user=0.96 sys=0.00, real=0.10 secs] 
2011-02-26T07:58:06.123+0000: 7135.422: [GC 7135.422: [ParNew: 2612941K->58158K(2831168K), 0.0693480 secs] 7074049K->4579564K(12268352K), 0.0695890 secs] [Times: user=0.67 sys=0.00, real=0.07 secs] 
2011-02-26T07:58:08.364+0000: 7137.663: [GC 7137.664: [ParNew: 2574766K->20270K(2831168K), 0.0265910 secs] 7096172K->4549479K(12268352K), 0.0268960 secs] [Times: user=0.30 sys=0.00, real=0.03 secs] 
2011-02-26T07:58:31.018+0000: 7160.317: [GC 7160.317: [ParNew: 2536905K->136835K(2831168K), 0.0918130 secs] 7066114K->4678449K(12268352K), 0.0920460 secs] [Times: user=1.06 sys=0.00, real=0.09 secs] 
2011-02-26T07:58:31.112+0000: 7160.411: [GC 7160.411: [ParNew: 141179K->98124K(2831168K), 0.1356400 secs] 4682793K->4769245K(12268352K), 0.1358340 secs] [Times: user=1.16 sys=0.01, real=0.14 secs] 
2011-02-26T07:58:41.985+0000: 7171.284: [GC 7171.284: [ParNew: 2614732K->175583K(2831168K), 0.0914340 secs] 7285853K->4846739K(12268352K), 0.0916610 secs] [Times: user=1.13 sys=0.00, real=0.09 secs] 
2011-02-26T07:58:58.892+0000: 7188.191: [GC 7188.191: [ParNew: 2692191K->110196K(2831168K), 0.1883980 secs] 7363347K->4924004K(12268352K), 0.1886330 secs] [Times: user=1.97 sys=0.00, real=0.19 secs] 
2011-02-26T07:59:05.818+0000: 7195.117: [GC 7195.117: [ParNew: 2626804K->82818K(2831168K), 0.1075950 secs] 7440612K->4968776K(12268352K), 0.1079140 secs] [Times: user=0.88 sys=0.00, real=0.11 secs] 
2011-02-26T07:59:07.640+0000: 7196.939: [GC 7196.939: [ParNew: 2599426K->29332K(2831168K), 0.0271950 secs] 7485384K->4925453K(12268352K), 0.0275120 secs] [Times: user=0.26 sys=0.00, real=0.02 secs] 
2011-02-26T07:59:25.225+0000: 7214.524: [GC 7214.524: [ParNew: 2545940K->61346K(2831168K), 0.0380480 secs] 7442061K->4959560K(12268352K), 0.0383440 secs] [Times: user=0.52 sys=0.00, real=0.04 secs] 
2011-02-26T07:59:35.034+0000: 7224.333: [GC 7224.333: [ParNew: 2577954K->111729K(2831168K), 0.0888720 secs] 7476168K->5041282K(12268352K), 0.0891600 secs] [Times: user=1.03 sys=0.00, real=0.09 secs] 
2011-02-26T07:59:54.129+0000: 7243.428: [GC 7243.428: [ParNew: 2628337K->67329K(2831168K), 0.1091940 secs] 7557890K->5064660K(12268352K), 0.1094290 secs] [Times: user=1.10 sys=0.00, real=0.11 secs] 
2011-02-26T08:00:05.348+0000: 7254.647: [GC 7254.647: [ParNew: 2583937K->58235K(2831168K), 0.0768090 secs] 7581268K->5095595K(12268352K), 0.0770460 secs] [Times: user=0.73 sys=0.00, real=0.08 secs] 
2011-02-26T08:00:07.438+0000: 7256.737: [GC 7256.737: [ParNew: 2574843K->24418K(2831168K), 0.0394450 secs] 7612203K->5087467K(12268352K), 0.0396810 secs] [Times: user=0.42 sys=0.00, real=0.04 secs] 
2011-02-26T08:00:18.516+0000: 7267.815: [GC 7267.815: [ParNew: 2541026K->25396K(2831168K), 0.0369970 secs] 7604075K->5090921K(12268352K), 0.0372280 secs] [Times: user=0.46 sys=0.00, real=0.04 secs] 
2011-02-26T08:00:33.229+0000: 7282.528: [GC 7282.739: [ParNew: 2542004K->101906K(2831168K), 0.1162470 secs] 7607529K->5187151K(12268352K), 0.1166520 secs] [Times: user=0.88 sys=0.02, real=0.32 secs] 
2011-02-26T08:00:48.008+0000: 7297.307: [GC 7297.307: [ParNew: 2589908K->83802K(2831168K), 0.1150700 secs] 7675153K->5224389K(12268352K), 0.1153760 secs] [Times: user=1.03 sys=0.00, real=0.11 secs] 
2011-02-26T08:00:56.884+0000: 7306.183: [GC 7306.183: [ParNew: 2600410K->74591K(2831168K), 0.0943930 secs] 7740997K->5271636K(12268352K), 0.0946290 secs] [Times: user=1.04 sys=0.01, real=0.10 secs] 
2011-02-26T08:01:03.369+0000: 7312.668: [GC 7312.668: [ParNew: 2591199K->220362K(2831168K), 0.1086440 secs] 7788244K->5469047K(12268352K), 0.1088700 secs] [Times: user=1.20 sys=0.00, real=0.11 secs] 
2011-02-26T08:01:05.461+0000: 7314.760: [GC 7314.760: [ParNew: 2736970K->133797K(2831168K), 0.0769920 secs] 7985655K->5433132K(12268352K), 0.0772350 secs] [Times: user=0.79 sys=0.00, real=0.08 secs] 
2011-02-26T08:01:06.854+0000: 7316.153: [GC 7316.153: [ParNew: 2650405K->27006K(2831168K), 0.0482210 secs] 7949740K->5419380K(12268352K), 0.0484570 secs] [Times: user=0.48 sys=0.00, real=0.05 secs] 
2011-02-26T08:01:08.650+0000: 7317.949: [GC 7317.949: [ParNew: 2543614K->18058K(2831168K), 0.0293440 secs] 7935988K->5417510K(12268352K), 0.0295760 secs] [Times: user=0.24 sys=0.00, real=0.03 secs] 
2011-02-26T08:01:25.912+0000: 7335.212: [GC 7335.212: [ParNew: 2534666K->95775K(2831168K), 0.0716860 secs] 7934118K->5508631K(12268352K), 0.0719760 secs] [Times: user=0.78 sys=0.01, real=0.07 secs] 
2011-02-26T08:01:35.793+0000: 7345.092: [GC 7345.093: [ParNew: 2612383K->177192K(2831168K), 0.1729140 secs] 8025239K->5678016K(12268352K), 0.1732140 secs] [Times: user=1.83 sys=0.01, real=0.17 secs] 
2011-02-26T08:01:55.182+0000: 7364.481: [GC 7364.482: [ParNew: 2693800K->163031K(2831168K), 0.2122740 secs] 8194624K->5817227K(12268352K), 0.2125610 secs] [Times: user=2.24 sys=0.00, real=0.21 secs] 
2011-02-26T08:02:05.283+0000: 7374.582: [GC 7374.582: [ParNew: 2679639K->127439K(2831168K), 0.1530640 secs] 8333835K->5906928K(12268352K), 0.1533050 secs] [Times: user=1.55 sys=0.02, real=0.15 secs] 
2011-02-26T08:02:07.008+0000: 7376.307: [GC 7376.307: [ParNew: 2644047K->48656K(2831168K), 0.0556640 secs] 8423536K->5869289K(12268352K), 0.0685670 secs] [Times: user=0.53 sys=0.00, real=0.06 secs] 
2011-02-26T08:02:19.228+0000: 7388.527: [GC 7388.527: [ParNew: 2565264K->29747K(2831168K), 0.0305510 secs] 8385897K->5856384K(12268352K), 0.0308710 secs] [Times: user=0.31 sys=0.01, real=0.03 secs] 
2011-02-26T08:02:34.020+0000: 7403.319: [GC 7403.320: [ParNew: 2546355K->102566K(2831168K), 0.0766770 secs] 8372992K->5947503K(12268352K), 0.0770930 secs] [Times: user=0.82 sys=0.00, real=0.08 secs] 
2011-02-26T08:02:50.427+0000: 7419.726: [GC 7419.726: [ParNew: 2619174K->59787K(2831168K), 0.0975870 secs] 8464111K->5964004K(12268352K), 0.0978180 secs] [Times: user=1.15 sys=0.00, real=0.10 secs] 
2011-02-26T08:03:04.793+0000: 7434.092: [GC 7434.092: [ParNew: 2576395K->59731K(2831168K), 0.0771120 secs] 8480612K->6007851K(12268352K), 0.0773530 secs] [Times: user=0.83 sys=0.00, real=0.08 secs] 
2011-02-26T08:03:06.448+0000: 7435.747: [GC 7435.748: [ParNew: 2576339K->42841K(2831168K), 0.0420580 secs] 8524459K->6021286K(12268352K), 0.0422930 secs] [Times: user=0.43 sys=0.00, real=0.04 secs] 
2011-02-26T08:03:11.432+0000: 7440.731: [GC 7440.731: [ParNew: 2559449K->15094K(2831168K), 0.0219030 secs] 8537894K->5997536K(12268352K), 0.0263900 secs] [Times: user=0.26 sys=0.00, real=0.03 secs] 
2011-02-26T08:03:30.644+0000: 7459.943: [GC 7459.943: [ParNew: 2531702K->121456K(2831168K), 0.0652380 secs] 8514144K->6112647K(12268352K), 0.0654670 secs] [Times: user=0.58 sys=0.00, real=0.07 secs] 
2011-02-26T08:03:38.265+0000: 7467.564: [GC 7467.564: [ParNew: 2638064K->93085K(2831168K), 0.0867600 secs] 8629255K->6116725K(12268352K), 0.0869910 secs] [Times: user=0.92 sys=0.00, real=0.09 secs] 
2011-02-26T08:03:56.833+0000: 7486.132: [GC 7486.133: [ParNew: 2609693K->55363K(2831168K), 0.0959970 secs] 8633333K->6137140K(12268352K), 0.0962290 secs] [Times: user=1.03 sys=0.01, real=0.10 secs] 
2011-02-26T08:04:04.561+0000: 7493.860: [GC 7493.860: [ParNew: 2571971K->138888K(2831168K), 0.0719150 secs] 8653748K->6258585K(12268352K), 0.0721600 secs] [Times: user=0.78 sys=0.00, real=0.07 secs] 
2011-02-26T08:04:06.211+0000: 7495.511: [GC 7495.511: [ParNew: 2655496K->45194K(2831168K), 0.0603100 secs] 8775193K->6279566K(12268352K), 0.0605480 secs] [Times: user=0.66 sys=0.00, real=0.06 secs] 
2011-02-26T08:04:07.439+0000: 7496.738: [GC 7496.738: [ParNew: 2561802K->14551K(2831168K), 0.0186200 secs] 8796174K->6254261K(12268352K), 0.0188530 secs] [Times: user=0.14 sys=0.01, real=0.01 secs] 
2011-02-26T08:04:10.072+0000: 7499.371: [GC 7499.371: [ParNew: 2531159K->16641K(2831168K), 0.0221840 secs] 8770869K->6259525K(12268352K), 0.0224150 secs] [Times: user=0.26 sys=0.00, real=0.02 secs] 
2011-02-26T08:04:18.007+0000: 7507.306: [GC 7507.306: [ParNew: 2533249K->190782K(2831168K), 0.0629040 secs] 8776133K->6446679K(12268352K), 0.0631340 secs] [Times: user=0.70 sys=0.00, real=0.07 secs] 
2011-02-26T08:04:30.115+0000: 7519.414: [GC 7519.414: [ParNew: 2707390K->80353K(2831168K), 0.0999180 secs] 8963287K->6371073K(12268352K), 0.1002780 secs] [Times: user=0.97 sys=0.01, real=0.10 secs] 
2011-02-26T08:04:40.265+0000: 7529.564: [GC 7529.564: [ParNew: 2596961K->185191K(2831168K), 0.1947830 secs] 8887681K->6544773K(12268352K), 0.1951070 secs] [Times: user=1.80 sys=0.02, real=0.20 secs] 
2011-02-26T08:04:57.273+0000: 7546.572: [GC 7546.572: [ParNew: 2701799K->167879K(2831168K), 0.2102050 secs] 9061381K->6679569K(12268352K), 0.2104700 secs] [Times: user=2.23 sys=0.02, real=0.21 secs] 
2011-02-26T08:05:05.756+0000: 7555.055: [GC 7555.055: [ParNew: 2684487K->132755K(2831168K), 0.1695390 secs] 9196177K->6778857K(12268352K), 0.1697860 secs] [Times: user=1.66 sys=0.01, real=0.17 secs] 
2011-02-26T08:05:07.533+0000: 7556.832: [GC 7556.833: [ParNew: 2649363K->48376K(2831168K), 0.0604820 secs] 9295465K->6736271K(12268352K), 0.0607200 secs] [Times: user=0.63 sys=0.00, real=0.06 secs] 
2011-02-26T08:05:25.379+0000: 7574.678: [GC 7574.678: [ParNew: 2564984K->91895K(2831168K), 0.0592600 secs] 9252879K->6785821K(12268352K), 0.0594950 secs] [Times: user=0.66 sys=0.00, real=0.06 secs] 
2011-02-26T08:05:35.275+0000: 7584.574: [GC 7584.574: [ParNew: 2608503K->104486K(2831168K), 0.1181530 secs] 9302429K->6865811K(12268352K), 0.1184680 secs] [Times: user=1.31 sys=0.00, real=0.12 secs] 
2011-02-26T08:05:54.525+0000: 7603.825: [GC 7603.825: [ParNew: 2621116K->66417K(2831168K), 0.1095220 secs] 9382441K->6892065K(12268352K), 0.1097520 secs] [Times: user=1.21 sys=0.00, real=0.11 secs] 
2011-02-26T08:06:05.130+0000: 7614.429: [GC 7614.429: [ParNew: 2583025K->50226K(2831168K), 0.0642000 secs] 9408673K->6915874K(12268352K), 0.0644490 secs] [Times: user=0.66 sys=0.00, real=0.06 secs] 
2011-02-26T08:06:06.918+0000: 7616.217: [GC 7616.217: [ParNew: 2566834K->21739K(2831168K), 0.0368280 secs] 9432482K->6905345K(12268352K), 0.0370660 secs] [Times: user=0.38 sys=0.01, real=0.04 secs] 
2011-02-26T08:06:19.332+0000: 7628.631: [GC 7628.632: [ParNew: 2538347K->53160K(2831168K), 0.0364630 secs] 9421953K->6938705K(12268352K), 0.0366990 secs] [Times: user=0.41 sys=0.00, real=0.04 secs] 
2011-02-26T08:06:34.780+0000: 7644.080: [GC 7644.080: [ParNew: 2569768K->77402K(2831168K), 0.0819510 secs] 9455313K->6987223K(12268352K), 0.0821920 secs] [Times: user=0.79 sys=0.01, real=0.08 secs] 
2011-02-26T08:06:49.629+0000: 7658.928: [GC 7658.928: [ParNew: 2594010K->83057K(2831168K), 0.0969380 secs] 9503831K->7043648K(12268352K), 0.0971740 secs] [Times: user=1.00 sys=0.01, real=0.09 secs] 
2011-02-26T08:07:04.818+0000: 7674.117: [GC 7674.117: [ParNew: 2599665K->57616K(2831168K), 0.0911120 secs] 9560256K->7070086K(12268352K), 0.0913970 secs] [Times: user=0.86 sys=0.00, real=0.09 secs] 
2011-02-26T08:07:06.676+0000: 7675.975: [GC 7675.976: [ParNew: 2574224K->40232K(2831168K), 0.0464270 secs] 9586694K->7086514K(12268352K), 0.0467140 secs] [Times: user=0.50 sys=0.01, real=0.05 secs] 
2011-02-26T08:07:11.698+0000: 7680.997: [GC 7680.997: [ParNew: 2556840K->12199K(2831168K), 0.0230660 secs] 9603122K->7060665K(12268352K), 0.0233560 secs] [Times: user=0.25 sys=0.00, real=0.02 secs] 
2011-02-26T08:07:25.907+0000: 7695.206: [GC 7695.206: [ParNew: 2528807K->62138K(2831168K), 0.0516740 secs] 9577273K->7120541K(12268352K), 0.0519610 secs] [Times: user=0.59 sys=0.00, real=0.06 secs] 
2011-02-26T08:07:32.975+0000: 7702.274: [GC 7702.274: [ParNew: 2578746K->257821K(2831168K), 0.1251910 secs] 9637149K->7363024K(12268352K), 0.1254790 secs] [Times: user=1.28 sys=0.01, real=0.13 secs] 
2011-02-26T08:07:33.102+0000: 7702.401: [GC [1 CMS-initial-mark: 7105203K(9437184K)] 7366147K(12268352K), 0.1125470 secs] [Times: user=0.11 sys=0.00, real=0.11 secs] 
2011-02-26T08:07:33.215+0000: 7702.514: [CMS-concurrent-mark-start]
2011-02-26T08:07:33.722+0000: 7703.021: [CMS-concurrent-mark: 0.507/0.507 secs] [Times: user=3.94 sys=0.59, real=0.51 secs] 
2011-02-26T08:07:33.722+0000: 7703.021: [CMS-concurrent-preclean-start]
2011-02-26T08:07:33.769+0000: 7703.068: [CMS-concurrent-preclean: 0.045/0.047 secs] [Times: user=0.15 sys=0.05, real=0.05 secs] 
2011-02-26T08:07:33.769+0000: 7703.068: [CMS-concurrent-abortable-preclean-start]
2011-02-26T08:07:37.195+0000: 7706.494: [GC 7706.494: [ParNew: 2774429K->171682K(2831168K), 0.1507120 secs] 9879632K->7369431K(12268352K), 0.1510320 secs] [Times: user=1.57 sys=0.00, real=0.15 secs] 
 CMS: abort preclean due to time 2011-02-26T08:07:38.838+0000: 7708.137: [CMS-concurrent-abortable-preclean: 4.884/5.069 secs] [Times: user=15.48 sys=3.14, real=5.07 secs] 
2011-02-26T08:07:38.839+0000: 7708.138: [GC[YG occupancy: 1077814 K (2831168 K)]7708.138: [Rescan (parallel) , 0.1528980 secs]7708.291: [weak refs processing, 0.0265930 secs] [1 CMS-remark: 7197748K(9437184K)] 8275563K(12268352K), 0.1797630 secs] [Times: user=1.89 sys=0.01, real=0.18 secs] 
2011-02-26T08:07:39.019+0000: 7708.318: [CMS-concurrent-sweep-start]
2011-02-26T08:07:42.578+0000: 7711.877: [GC 7711.877: [ParNew: 2688290K->71495K(2831168K), 0.1103550 secs] 9306315K->6821158K(12268352K), 0.1106500 secs] [Times: user=1.06 sys=0.02, real=0.11 secs] 
2011-02-26T08:08:00.238+0000: 7729.537: [GC 7729.538: [ParNew: 2588103K->153575K(2831168K), 0.1090920 secs] 7222296K->4816395K(12268352K), 0.1093900 secs] [Times: user=1.26 sys=0.00, real=0.11 secs] 
2011-02-26T08:08:05.795+0000: 7735.094: [GC 7735.094: [ParNew: 2670183K->113425K(2831168K), 0.1581150 secs] 6660693K->4246236K(12268352K), 0.1584200 secs] [Times: user=1.52 sys=0.00, real=0.16 secs] 
2011-02-26T08:08:07.766+0000: 7737.065: [GC 7737.066: [ParNew: 2630033K->36642K(2831168K), 0.0517650 secs] 6515520K->3953239K(12268352K), 0.0520030 secs] [Times: user=0.51 sys=0.00, real=0.06 secs] 
2011-02-26T08:08:26.838+0000: 7756.137: [GC 7756.137: [ParNew: 2553250K->95960K(2831168K), 0.0764680 secs] 4278702K->1829832K(12268352K), 0.0767090 secs] [Times: user=0.93 sys=0.00, real=0.07 secs] 
2011-02-26T08:08:33.018+0000: 7762.317: [CMS-concurrent-sweep: 53.386/53.999 secs] [Times: user=108.89 sys=20.20, real=54.00 secs] 
2011-02-26T08:08:33.018+0000: 7762.317: [CMS-concurrent-reset-start]
2011-02-26T08:08:33.046+0000: 7762.345: [CMS-concurrent-reset: 0.027/0.027 secs] [Times: user=0.07 sys=0.03, real=0.02 secs] 
2011-02-26T08:08:36.650+0000: 7765.949: [GC 7765.949: [ParNew: 2612568K->140392K(2831168K), 0.1568180 secs] 3728956K->1346136K(12268352K), 0.1570550 secs] [Times: user=1.57 sys=0.00, real=0.15 secs] 
2011-02-26T08:08:55.391+0000: 7784.690: [GC 7784.690: [ParNew: 2657000K->85396K(2831168K), 0.1323120 secs] 3862744K->1381040K(12268352K), 0.1326130 secs] [Times: user=1.20 sys=0.01, real=0.13 secs] 
2011-02-26T08:09:05.390+0000: 7794.689: [GC 7794.690: [ParNew: 2602004K->50033K(2831168K), 0.0854810 secs] 3897648K->1385387K(12268352K), 0.0857990 secs] [Times: user=0.66 sys=0.01, real=0.08 secs] 
2011-02-26T08:09:07.127+0000: 7796.426: [GC 7796.426: [ParNew: 2566449K->25631K(2831168K), 0.0575970 secs] 3901802K->1382124K(12268352K), 0.0579080 secs] [Times: user=0.42 sys=0.00, real=0.06 secs] 
2011-02-26T08:09:18.830+0000: 7808.129: [GC 7808.129: [ParNew: 2542239K->98929K(2831168K), 0.0533650 secs] 3898732K->1457472K(12268352K), 0.0536590 secs] [Times: user=0.44 sys=0.00, real=0.05 secs] 
2011-02-26T08:09:32.804+0000: 7822.103: [GC 7822.103: [ParNew: 2615537K->88093K(2831168K), 0.1118110 secs] 3974080K->1466608K(12268352K), 0.1120480 secs] [Times: user=0.98 sys=0.00, real=0.11 secs] 
2011-02-26T08:09:49.433+0000: 7838.732: [GC 7838.732: [ParNew: 2604701K->65089K(2831168K), 0.1709910 secs] 3983216K->1506940K(12268352K), 0.1712210 secs] [Times: user=1.19 sys=0.01, real=0.17 secs] 
2011-02-26T08:10:04.810+0000: 7854.109: [GC 7854.109: [ParNew: 2581697K->62310K(2831168K), 0.1117630 secs] 4023548K->1548076K(12268352K), 0.1120720 secs] [Times: user=0.86 sys=0.00, real=0.11 secs] 
2011-02-26T08:10:06.655+0000: 7855.954: [GC 7855.954: [ParNew: 2578918K->41597K(2831168K), 0.0551880 secs] 4064684K->1563953K(12268352K), 0.0555250 secs] [Times: user=0.54 sys=0.00, real=0.06 secs] 
2011-02-26T08:10:11.507+0000: 7860.806: [GC 7860.806: [ParNew: 2558205K->38090K(2831168K), 0.0248860 secs] 4080561K->1562907K(12268352K), 0.0252070 secs] [Times: user=0.36 sys=0.00, real=0.03 secs] 
2011-02-26T08:10:31.614+0000: 7880.913: [GC 7880.913: [ParNew: 2554698K->130095K(2831168K), 0.0913700 secs] 4079515K->1669809K(12268352K), 0.0917140 secs] [Times: user=0.85 sys=0.00, real=0.09 secs] 
2011-02-26T08:10:34.823+0000: 7884.122: [GC 7884.122: [ParNew: 2603685K->177007K(2831168K), 0.1242240 secs] 4143398K->1841700K(12268352K), 0.1245640 secs] [Times: user=1.19 sys=0.01, real=0.13 secs] 
2011-02-26T08:10:39.410+0000: 7888.709: [GC 7888.709: [ParNew: 2693615K->152759K(2831168K), 0.1383300 secs] 4358308K->1889715K(12268352K), 0.1385610 secs] [Times: user=1.36 sys=0.00, real=0.14 secs] 
2011-02-26T08:10:43.637+0000: 7892.936: [GC 7892.936: [ParNew: 2669367K->59210K(2831168K), 0.0961760 secs] 4406323K->1921853K(12268352K), 0.0964100 secs] [Times: user=1.11 sys=0.00, real=0.09 secs] 
2011-02-26T08:10:59.260+0000: 7908.559: [GC 7908.559: [ParNew: 2575819K->147243K(2831168K), 0.1016460 secs] 4438461K->2036923K(12268352K), 0.1018780 secs] [Times: user=1.14 sys=0.00, real=0.10 secs] 
2011-02-26T08:11:09.017+0000: 7918.316: [GC 7918.316: [ParNew: 2663851K->100365K(2831168K), 0.1557630 secs] 4553531K->2118227K(12268352K), 0.1560090 secs] [Times: user=1.54 sys=0.01, real=0.16 secs] 
2011-02-26T08:11:10.712+0000: 7920.011: [GC 7920.011: [ParNew: 2616973K->71484K(2831168K), 0.0887990 secs] 4634835K->2147938K(12268352K), 0.0890370 secs] [Times: user=0.90 sys=0.00, real=0.09 secs] 
2011-02-26T08:11:24.134+0000: 7933.433: [GC 7933.433: [ParNew: 2588092K->92256K(2831168K), 0.0652280 secs] 4664546K->2182824K(12268352K), 0.0654680 secs] [Times: user=0.78 sys=0.00, real=0.07 secs] 
2011-02-26T08:11:34.203+0000: 7943.502: [GC 7943.502: [ParNew: 2608864K->177446K(2831168K), 0.1534170 secs] 4699432K->2337671K(12268352K), 0.1536430 secs] [Times: user=1.75 sys=0.00, real=0.15 secs] 
2011-02-26T08:11:53.230+0000: 7962.529: [GC 7962.529: [ParNew: 2694054K->120214K(2831168K), 0.1801080 secs] 4854279K->2422147K(12268352K), 0.1803400 secs] [Times: user=1.86 sys=0.00, real=0.18 secs] 
2011-02-26T08:12:05.083+0000: 7974.382: [GC 7974.382: [ParNew: 2636822K->65708K(2831168K), 0.0750990 secs] 4938755K->2412930K(12268352K), 0.0753440 secs] [Times: user=0.80 sys=0.00, real=0.08 secs] 
2011-02-26T08:12:06.861+0000: 7976.160: [GC 7976.160: [ParNew: 2582316K->30036K(2831168K), 0.0439260 secs] 4929538K->2406069K(12268352K), 0.0441680 secs] [Times: user=0.43 sys=0.00, real=0.04 secs] 
2011-02-26T08:12:14.110+0000: 7983.409: [GC 7983.409: [ParNew: 2546644K->40512K(2831168K), 0.0346810 secs] 4922677K->2418794K(12268352K), 0.0349770 secs] [Times: user=0.40 sys=0.00, real=0.03 secs] 
2011-02-26T08:12:30.613+0000: 7999.912: [GC 7999.912: [ParNew: 2557120K->68151K(2831168K), 0.0510950 secs] 4935402K->2463742K(12268352K), 0.0513890 secs] [Times: user=0.60 sys=0.01, real=0.05 secs] 
2011-02-26T08:12:40.210+0000: 8009.509: [GC 8009.509: [ParNew: 2584759K->103026K(2831168K), 0.0910460 secs] 4980350K->2531802K(12268352K), 0.0913200 secs] [Times: user=1.06 sys=0.00, real=0.09 secs] 
2011-02-26T08:12:57.481+0000: 8026.780: [GC 8026.780: [ParNew: 2619634K->72567K(2831168K), 0.1115690 secs] 5048410K->2575091K(12268352K), 0.1118680 secs] [Times: user=1.18 sys=0.00, real=0.11 secs] 
2011-02-26T08:13:05.741+0000: 8035.040: [GC 8035.040: [ParNew: 2589175K->54593K(2831168K), 0.0621550 secs] 5091699K->2600185K(12268352K), 0.0624570 secs] [Times: user=0.65 sys=0.00, real=0.06 secs] 
2011-02-26T08:13:07.730+0000: 8037.029: [GC 8037.030: [ParNew: 2571201K->25927K(2831168K), 0.0319520 secs] 5116793K->2591547K(12268352K), 0.0322510 secs] [Times: user=0.29 sys=0.01, real=0.03 secs] 
2011-02-26T08:13:21.081+0000: 8050.380: [GC 8050.380: [ParNew: 2542535K->48298K(2831168K), 0.0340350 secs] 5108155K->2616981K(12268352K), 0.0342680 secs] [Times: user=0.39 sys=0.00, real=0.03 secs] 
2011-02-26T08:13:33.306+0000: 8062.605: [GC 8062.605: [ParNew: 2564906K->87655K(2831168K), 0.0826160 secs] 5133589K->2683003K(12268352K), 0.0828450 secs] [Times: user=1.03 sys=0.00, real=0.09 secs] 
2011-02-26T08:13:42.599+0000: 8071.898: [GC 8071.898: [ParNew: 2604263K->80038K(2831168K), 0.1162870 secs] 5199611K->2741003K(12268352K), 0.1165700 secs] [Times: user=1.13 sys=0.01, real=0.11 secs] 
2011-02-26T08:13:50.278+0000: 8079.577: [GC 8079.577: [ParNew: 2596646K->223317K(2831168K), 0.1155000 secs] 5257611K->2941390K(12268352K), 0.1158220 secs] [Times: user=1.25 sys=0.00, real=0.11 secs] 
2011-02-26T08:14:04.501+0000: 8093.800: [GC 8093.800: [ParNew: 2739925K->139248K(2831168K), 0.1295710 secs] 5457998K->2920169K(12268352K), 0.1298160 secs] [Times: user=1.42 sys=0.00, real=0.13 secs] 
2011-02-26T08:14:07.667+0000: 8096.966: [GC 8096.966: [ParNew: 2655856K->98499K(2831168K), 0.1342460 secs] 5436777K->2989598K(12268352K), 0.1345570 secs] [Times: user=1.15 sys=0.00, real=0.14 secs] 
2011-02-26T08:14:09.595+0000: 8098.894: [GC 8098.894: [ParNew: 2615107K->37905K(2831168K), 0.0376450 secs] 5506206K->2942092K(12268352K), 0.0378820 secs] [Times: user=0.44 sys=0.00, real=0.04 secs] 
2011-02-26T08:14:29.516+0000: 8118.815: [GC 8118.815: [ParNew: 2554513K->122346K(2831168K), 0.0872050 secs] 5458700K->3045827K(12268352K), 0.0874460 secs] [Times: user=1.05 sys=0.00, real=0.09 secs] 
2011-02-26T08:14:39.117+0000: 8128.416: [GC 8128.416: [ParNew: 2638954K->185034K(2831168K), 0.2110550 secs] 5562435K->3213663K(12268352K), 0.2112840 secs] [Times: user=1.98 sys=0.00, real=0.21 secs] 
2011-02-26T08:14:57.169+0000: 8146.468: [GC 8146.468: [ParNew: 2701642K->132948K(2831168K), 0.1879610 secs] 5730271K->3310086K(12268352K), 0.1882050 secs] [Times: user=1.93 sys=0.00, real=0.18 secs] 
2011-02-26T08:15:05.642+0000: 8154.941: [GC 8154.942: [ParNew: 2649556K->67271K(2831168K), 0.1022060 secs] 5826694K->3321677K(12268352K), 0.1024510 secs] [Times: user=0.94 sys=0.00, real=0.10 secs] 
2011-02-26T08:15:07.964+0000: 8157.263: [GC 8157.263: [ParNew: 2583879K->27466K(2831168K), 0.0319390 secs] 5838285K->3296840K(12268352K), 0.0321850 secs] [Times: user=0.38 sys=0.01, real=0.03 secs] 
2011-02-26T08:15:16.959+0000: 8166.258: [GC 8166.259: [ParNew: 2544074K->51853K(2831168K), 0.0309550 secs] 5813448K->3324765K(12268352K), 0.0311970 secs] [Times: user=0.34 sys=0.00, real=0.03 secs] 
2011-02-26T08:15:34.517+0000: 8183.816: [GC 8183.816: [ParNew: 2568461K->100100K(2831168K), 0.0679900 secs] 5841373K->3395906K(12268352K), 0.0682970 secs] [Times: user=0.72 sys=0.01, real=0.07 secs] 
2011-02-26T08:15:49.468+0000: 8198.767: [GC 8198.768: [ParNew: 2616708K->84352K(2831168K), 0.1060990 secs] 5912514K->3443888K(12268352K), 0.1063940 secs] [Times: user=1.15 sys=0.00, real=0.10 secs] 
2011-02-26T08:16:04.717+0000: 8214.016: [GC 8214.016: [ParNew: 2600960K->72366K(2831168K), 0.0886940 secs] 5960496K->3488005K(12268352K), 0.0889960 secs] [Times: user=1.01 sys=0.00, real=0.09 secs] 
2011-02-26T08:16:06.705+0000: 8216.004: [GC 8216.004: [ParNew: 2588974K->49629K(2831168K), 0.0477050 secs] 6004613K->3504333K(12268352K), 0.0480060 secs] [Times: user=0.53 sys=0.00, real=0.05 secs] 
2011-02-26T08:16:09.449+0000: 8218.748: [GC 8218.748: [ParNew: 2566237K->13444K(2831168K), 0.0177400 secs] 6020941K->3470277K(12268352K), 0.0180450 secs] [Times: user=0.16 sys=0.00, real=0.01 secs] 
2011-02-26T08:16:31.091+0000: 8240.390: [GC 8240.390: [ParNew: 2530052K->79323K(2831168K), 0.0668550 secs] 5986885K->3542206K(12268352K), 0.0670860 secs] [Times: user=0.74 sys=0.00, real=0.07 secs] 
2011-02-26T08:16:42.423+0000: 8251.722: [GC 8251.722: [ParNew: 2595931K->96814K(2831168K), 0.0991440 secs] 6058814K->3610054K(12268352K), 0.0993760 secs] [Times: user=1.12 sys=0.00, real=0.10 secs] 
2011-02-26T08:16:50.061+0000: 8259.360: [GC 8259.360: [ParNew: 2613422K->149200K(2831168K), 0.1088600 secs] 6126662K->3726095K(12268352K), 0.1091510 secs] [Times: user=1.19 sys=0.00, real=0.11 secs] 
2011-02-26T08:16:54.433+0000: 8263.732: [GC 8263.732: [ParNew: 2665808K->52914K(2831168K), 0.0826380 secs] 6242703K->3754242K(12268352K), 0.0829300 secs] [Times: user=0.89 sys=0.00, real=0.08 secs] 
2011-02-26T08:16:59.235+0000: 8268.534: [GC 8268.534: [ParNew: 2569522K->193613K(2831168K), 0.0742560 secs] 6270850K->3916812K(12268352K), 0.0745530 secs] [Times: user=0.83 sys=0.00, real=0.08 secs] 
2011-02-26T08:17:04.207+0000: 8273.506: [GC 8273.506: [ParNew: 2710221K->135677K(2831168K), 0.0734150 secs] 6433420K->3890133K(12268352K), 0.0737100 secs] [Times: user=0.81 sys=0.00, real=0.07 secs] 
2011-02-26T08:17:05.746+0000: 8275.045: [GC 8275.045: [ParNew: 2652285K->40022K(2831168K), 0.0878820 secs] 6406741K->3917857K(12268352K), 0.0881840 secs] [Times: user=0.98 sys=0.02, real=0.09 secs] 
2011-02-26T08:17:07.448+0000: 8276.747: [GC 8276.747: [ParNew: 2556630K->18850K(2831168K), 0.0240530 secs] 6434465K->3904559K(12268352K), 0.0243500 secs] [Times: user=0.25 sys=0.01, real=0.03 secs] 
2011-02-26T08:17:10.943+0000: 8280.242: [GC 8280.242: [ParNew: 2535458K->37657K(2831168K), 0.0362880 secs] 6421167K->3930935K(12268352K), 0.0365800 secs] [Times: user=0.40 sys=0.00, real=0.04 secs] 
2011-02-26T08:17:31.618+0000: 8300.917: [GC 8300.917: [ParNew: 2554265K->156757K(2831168K), 0.1109020 secs] 6447543K->4080556K(12268352K), 0.1111960 secs] [Times: user=1.31 sys=0.00, real=0.11 secs] 
2011-02-26T08:17:45.391+0000: 8314.690: [GC 8314.691: [ParNew: 2673365K->221158K(2831168K), 0.2087310 secs] 6597164K->4279401K(12268352K), 0.2089620 secs] [Times: user=2.24 sys=0.00, real=0.21 secs] 
2011-02-26T08:18:03.523+0000: 8332.822: [GC 8332.823: [ParNew: 2737766K->153931K(2831168K), 0.2099550 secs] 6796009K->4367125K(12268352K), 0.2101890 secs] [Times: user=2.23 sys=0.00, real=0.21 secs] 
2011-02-26T08:18:06.227+0000: 8335.526: [GC 8335.526: [ParNew: 2670522K->115466K(2831168K), 0.1140650 secs] 6883716K->4435238K(12268352K), 0.1143070 secs] [Times: user=1.15 sys=0.00, real=0.12 secs] 
2011-02-26T08:18:08.563+0000: 8337.862: [GC 8337.862: [ParNew: 2632021K->30124K(2831168K), 0.0244130 secs] 6951793K->4353684K(12268352K), 0.0247350 secs] [Times: user=0.24 sys=0.01, real=0.02 secs] 
2011-02-26T08:18:29.295+0000: 8358.594: [GC 8358.594: [ParNew: 2546732K->43412K(2831168K), 0.0378040 secs] 6870292K->4370802K(12268352K), 0.0381040 secs] [Times: user=0.52 sys=0.00, real=0.04 secs] 
2011-02-26T08:18:37.025+0000: 8366.324: [GC 8366.325: [ParNew: 2560020K->103315K(2831168K), 0.0966130 secs] 6887410K->4468902K(12268352K), 0.0968980 secs] [Times: user=1.16 sys=0.01, real=0.10 secs] 
2011-02-26T08:18:56.377+0000: 8385.676: [GC 8385.676: [ParNew: 2619923K->73220K(2831168K), 0.1142450 secs] 6985510K->4515923K(12268352K), 0.1144840 secs] [Times: user=1.28 sys=0.01, real=0.11 secs] 
2011-02-26T08:19:05.913+0000: 8395.212: [GC 8395.213: [ParNew: 2589828K->53878K(2831168K), 0.0701300 secs] 7032531K->4540949K(12268352K), 0.0703730 secs] [Times: user=0.77 sys=0.00, real=0.07 secs] 
2011-02-26T08:19:27.021+0000: 8416.321: [GC 8416.321: [ParNew: 2570486K->49285K(2831168K), 0.0505780 secs] 7057557K->4556630K(12268352K), 0.0508820 secs] [Times: user=0.52 sys=0.00, real=0.05 secs] 
2011-02-26T08:19:31.787+0000: 8421.086: [GC 8421.086: [ParNew: 2565893K->28088K(2831168K), 0.0545920 secs] 7073238K->4565774K(12268352K), 0.0548780 secs] [Times: user=0.59 sys=0.01, real=0.06 secs] 
2011-02-26T08:19:38.657+0000: 8427.956: [GC 8427.956: [ParNew: 2544696K->92629K(2831168K), 0.0694090 secs] 7082382K->4648078K(12268352K), 0.0697000 secs] [Times: user=0.88 sys=0.00, real=0.07 secs] 
2011-02-26T08:19:56.446+0000: 8445.745: [GC 8445.745: [ParNew: 2589717K->70620K(2831168K), 0.0949020 secs] 7145166K->4676482K(12268352K), 0.0951400 secs] [Times: user=1.11 sys=0.00, real=0.10 secs] 
2011-02-26T08:20:04.587+0000: 8453.886: [GC 8453.887: [ParNew: 2587228K->64402K(2831168K), 0.0746530 secs] 7193090K->4715149K(12268352K), 0.0748950 secs] [Times: user=0.88 sys=0.00, real=0.08 secs] 
2011-02-26T08:20:06.299+0000: 8455.599: [GC 8455.599: [ParNew: 2581010K->44171K(2831168K), 0.0622800 secs] 7231757K->4737616K(12268352K), 0.0976370 secs] [Times: user=0.66 sys=0.00, real=0.10 secs] 
2011-02-26T08:20:08.575+0000: 8457.874: [GC 8457.874: [ParNew: 2560779K->17213K(2831168K), 0.0269310 secs] 7254224K->4715349K(12268352K), 0.0272220 secs] [Times: user=0.36 sys=0.00, real=0.03 secs] 
2011-02-26T08:20:16.986+0000: 8466.285: [GC 8466.285: [ParNew: 2533821K->208712K(2831168K), 0.0781520 secs] 7231957K->4916499K(12268352K), 0.0835060 secs] [Times: user=0.91 sys=0.00, real=0.09 secs] 
2011-02-26T08:20:21.949+0000: 8471.249: [GC 8471.249: [ParNew: 2725320K->122607K(2831168K), 0.0860740 secs] 7433107K->4884894K(12268352K), 0.0863460 secs] [Times: user=0.88 sys=0.00, real=0.08 secs] 
2011-02-26T08:20:32.590+0000: 8481.889: [GC 8481.889: [ParNew: 2639215K->129649K(2831168K), 0.1024180 secs] 7401502K->4918127K(12268352K), 0.1026980 secs] [Times: user=1.10 sys=0.00, real=0.10 secs] 
2011-02-26T08:20:48.686+0000: 8497.985: [GC 8497.986: [ParNew: 2646257K->197691K(2831168K), 0.1888780 secs] 7434735K->5097599K(12268352K), 0.1891700 secs] [Times: user=2.11 sys=0.00, real=0.19 secs] 
2011-02-26T08:21:04.581+0000: 8513.880: [GC 8513.880: [ParNew: 2714299K->151735K(2831168K), 0.2207800 secs] 7614207K->5208689K(12268352K), 0.2210290 secs] [Times: user=2.16 sys=0.02, real=0.22 secs] 
2011-02-26T08:21:06.709+0000: 8516.008: [GC 8516.008: [ParNew: 2668299K->116011K(2831168K), 0.1220390 secs] 7725253K->5280703K(12268352K), 0.1222820 secs] [Times: user=1.21 sys=0.01, real=0.12 secs] 
2011-02-26T08:21:09.536+0000: 8518.835: [GC 8518.835: [ParNew: 2632619K->33793K(2831168K), 0.0426730 secs] 7797311K->5207155K(12268352K), 0.0429070 secs] [Times: user=0.50 sys=0.01, real=0.05 secs] 
2011-02-26T08:21:31.568+0000: 8540.868: [GC 8540.868: [ParNew: 2550401K->82897K(2831168K), 0.0882110 secs] 7723763K->5274410K(12268352K), 0.0885050 secs] [Times: user=0.90 sys=0.00, real=0.09 secs] 
2011-02-26T08:21:44.378+0000: 8553.677: [GC 8553.677: [ParNew: 2599505K->101078K(2831168K), 0.1254950 secs] 7791018K->5363416K(12268352K), 0.1257930 secs] [Times: user=1.29 sys=0.01, real=0.12 secs] 
2011-02-26T08:21:55.642+0000: 8564.941: [GC 8564.941: [ParNew: 2617686K->68186K(2831168K), 0.0963840 secs] 7880024K->5395483K(12268352K), 0.0966750 secs] [Times: user=1.01 sys=0.00, real=0.10 secs] 
2011-02-26T08:22:05.518+0000: 8574.817: [GC 8574.817: [ParNew: 2584794K->36574K(2831168K), 0.0587520 secs] 7912091K->5395211K(12268352K), 0.0590540 secs] [Times: user=0.61 sys=0.00, real=0.05 secs] 
2011-02-26T08:22:07.937+0000: 8577.236: [GC 8577.236: [ParNew: 2553172K->31956K(2831168K), 0.0378980 secs] 7911808K->5411012K(12268352K), 0.0381980 secs] [Times: user=0.39 sys=0.00, real=0.04 secs] 
2011-02-26T08:22:16.471+0000: 8585.770: [GC 8585.770: [ParNew: 2548564K->28477K(2831168K), 0.0365980 secs] 7927620K->5415695K(12268352K), 0.0368370 secs] [Times: user=0.33 sys=0.01, real=0.04 secs] 
2011-02-26T08:22:32.952+0000: 8602.251: [GC 8602.251: [ParNew: 2545085K->73951K(2831168K), 0.0796840 secs] 7932303K->5480359K(12268352K), 0.0799780 secs] [Times: user=0.79 sys=0.00, real=0.08 secs] 
2011-02-26T08:22:48.570+0000: 8617.869: [GC 8617.870: [ParNew: 2590559K->78347K(2831168K), 0.1056910 secs] 7996967K->5544809K(12268352K), 0.1059820 secs] [Times: user=1.17 sys=0.00, real=0.10 secs] 
2011-02-26T08:23:05.003+0000: 8634.302: [GC 8634.302: [ParNew: 2594955K->66737K(2831168K), 0.0934850 secs] 8061417K->5588219K(12268352K), 0.0938070 secs] [Times: user=1.03 sys=0.00, real=0.09 secs] 
2011-02-26T08:23:08.217+0000: 8637.516: [GC 8637.516: [ParNew: 2583345K->47233K(2831168K), 0.0544470 secs] 8104827K->5607654K(12268352K), 0.0547850 secs] [Times: user=0.63 sys=0.01, real=0.06 secs] 
2011-02-26T08:23:11.483+0000: 8640.782: [GC 8640.782: [ParNew: 2563841K->98005K(2831168K), 0.0384330 secs] 8124262K->5663934K(12268352K), 0.0387290 secs] [Times: user=0.44 sys=0.00, real=0.04 secs] 
2011-02-26T08:23:23.474+0000: 8652.773: [GC 8652.773: [ParNew: 2614613K->81777K(2831168K), 0.0549770 secs] 8180542K->5664044K(12268352K), 0.0552780 secs] [Times: user=0.66 sys=0.00, real=0.06 secs] 
2011-02-26T08:23:32.693+0000: 8661.992: [GC 8661.992: [ParNew: 2598385K->258369K(2831168K), 0.1157730 secs] 8180652K->5884965K(12268352K), 0.1160600 secs] [Times: user=1.26 sys=0.01, real=0.12 secs] 
2011-02-26T08:23:40.990+0000: 8670.289: [GC 8670.290: [ParNew: 2774977K->150840K(2831168K), 0.1557210 secs] 8401573K->5868144K(12268352K), 0.1560350 secs] [Times: user=1.68 sys=0.02, real=0.15 secs] 
2011-02-26T08:23:58.936+0000: 8688.236: [GC 8688.236: [ParNew: 2667448K->202249K(2831168K), 0.1909710 secs] 8384752K->6022840K(12268352K), 0.1912640 secs] [Times: user=2.11 sys=0.03, real=0.20 secs] 
2011-02-26T08:24:05.868+0000: 8695.167: [GC 8695.167: [ParNew: 2718857K->136920K(2831168K), 0.1782790 secs] 8539448K->6108307K(12268352K), 0.1785630 secs] [Times: user=1.70 sys=0.00, real=0.18 secs] 
2011-02-26T08:24:08.430+0000: 8697.729: [GC 8697.730: [ParNew: 2653528K->47924K(2831168K), 0.0617510 secs] 8624915K->6057522K(12268352K), 0.0621880 secs] [Times: user=0.65 sys=0.00, real=0.06 secs] 
2011-02-26T08:24:20.379+0000: 8709.678: [GC 8709.679: [ParNew: 2564532K->63791K(2831168K), 0.0633270 secs] 8574130K->6088399K(12268352K), 0.0635660 secs] [Times: user=0.70 sys=0.00, real=0.06 secs] 
2011-02-26T08:24:33.241+0000: 8722.540: [GC 8722.540: [ParNew: 2580399K->122475K(2831168K), 0.1285390 secs] 8605007K->6204303K(12268352K), 0.1288330 secs] [Times: user=1.43 sys=0.00, real=0.13 secs] 
2011-02-26T08:24:49.799+0000: 8739.098: [GC 8739.098: [ParNew: 2639083K->93028K(2831168K), 0.1393000 secs] 8720911K->6282189K(12268352K), 0.1395950 secs] [Times: user=1.43 sys=0.01, real=0.14 secs] 
2011-02-26T08:25:04.720+0000: 8754.019: [GC 8754.019: [ParNew: 2609636K->56096K(2831168K), 0.0694420 secs] 8798797K->6289790K(12268352K), 0.0697490 secs] [Times: user=0.73 sys=0.00, real=0.07 secs] 
2011-02-26T08:25:06.629+0000: 8755.928: [GC 8755.928: [ParNew: 2572704K->42846K(2831168K), 0.0481240 secs] 8806398K->6314314K(12268352K), 0.0484360 secs] [Times: user=0.45 sys=0.01, real=0.05 secs] 
2011-02-26T08:25:09.368+0000: 8758.667: [GC 8758.667: [ParNew: 2559454K->12280K(2831168K), 0.0193040 secs] 8830922K->6286723K(12268352K), 0.0195940 secs] [Times: user=0.20 sys=0.00, real=0.02 secs] 
2011-02-26T08:25:32.083+0000: 8781.382: [GC 8781.382: [ParNew: 2528888K->68329K(2831168K), 0.0470110 secs] 8803331K->6348449K(12268352K), 0.0473270 secs] [Times: user=0.52 sys=0.00, real=0.05 secs] 
2011-02-26T08:25:42.521+0000: 8791.820: [GC 8791.820: [ParNew: 2584937K->84296K(2831168K), 0.0975800 secs] 8865057K->6409654K(12268352K), 0.0979030 secs] [Times: user=1.05 sys=0.00, real=0.10 secs] 
2011-02-26T08:26:00.163+0000: 8809.462: [GC 8809.462: [ParNew: 2600904K->75144K(2831168K), 0.1075760 secs] 8926262K->6469577K(12268352K), 0.1079020 secs] [Times: user=1.18 sys=0.01, real=0.11 secs] 
2011-02-26T08:26:05.852+0000: 8815.151: [GC 8815.151: [ParNew: 2591749K->55227K(2831168K), 0.0644950 secs] 8986182K->6497057K(12268352K), 0.0648350 secs] [Times: user=0.64 sys=0.00, real=0.07 secs] 
2011-02-26T08:26:07.398+0000: 8816.697: [GC 8816.697: [ParNew: 2571835K->20383K(2831168K), 0.0243670 secs] 9013665K->6473183K(12268352K), 0.0247040 secs] [Times: user=0.26 sys=0.00, real=0.03 secs] 
2011-02-26T08:26:23.028+0000: 8832.327: [GC 8832.327: [ParNew: 2536991K->57305K(2831168K), 0.0359440 secs] 8989791K->6512073K(12268352K), 0.0362980 secs] [Times: user=0.44 sys=0.00, real=0.03 secs] 
2011-02-26T08:26:32.331+0000: 8841.630: [GC 8841.630: [ParNew: 2573913K->163809K(2831168K), 0.0798880 secs] 9028681K->6651584K(12268352K), 0.0801900 secs] [Times: user=0.89 sys=0.00, real=0.08 secs] 
2011-02-26T08:26:36.302+0000: 8845.601: [GC 8845.601: [ParNew: 2680417K->252932K(2831168K), 0.1296750 secs] 9168192K->6801375K(12268352K), 0.1299550 secs] [Times: user=1.32 sys=0.00, real=0.13 secs] 
2011-02-26T08:26:41.269+0000: 8850.568: [GC 8850.568: [ParNew: 2769540K->144874K(2831168K), 0.1172500 secs] 9317983K->6770713K(12268352K), 0.1174880 secs] [Times: user=1.07 sys=0.00, real=0.11 secs] 
2011-02-26T08:26:48.898+0000: 8858.197: [GC 8858.197: [ParNew: 2661482K->74674K(2831168K), 0.0968430 secs] 9287321K->6736454K(12268352K), 0.0971770 secs] [Times: user=1.00 sys=0.01, real=0.09 secs] 
2011-02-26T08:27:06.123+0000: 8875.422: [GC 8875.422: [ParNew: 2591282K->142847K(2831168K), 0.1337520 secs] 9253062K->6865902K(12268352K), 0.1339910 secs] [Times: user=1.56 sys=0.00, real=0.13 secs] 
2011-02-26T08:27:08.712+0000: 8878.011: [GC 8878.011: [ParNew: 2659421K->107068K(2831168K), 0.1349420 secs] 9382477K->6954082K(12268352K), 0.1351790 secs] [Times: user=1.32 sys=0.00, real=0.14 secs] 
2011-02-26T08:27:10.655+0000: 8879.954: [GC 8879.954: [ParNew: 2623676K->32958K(2831168K), 0.0418220 secs] 9470690K->6897195K(12268352K), 0.0421050 secs] [Times: user=0.52 sys=0.00, real=0.05 secs] 
2011-02-26T08:27:31.069+0000: 8900.368: [GC 8900.369: [ParNew: 2549566K->147797K(2831168K), 0.0980340 secs] 9413803K->7029180K(12268352K), 0.0982810 secs] [Times: user=1.17 sys=0.00, real=0.10 secs] 
2011-02-26T08:27:42.125+0000: 8911.424: [GC 8911.424: [ParNew: 2664405K->124467K(2831168K), 0.1704560 secs] 9545788K->7122267K(12268352K), 0.1707330 secs] [Times: user=1.83 sys=0.00, real=0.17 secs] 
2011-02-26T08:27:59.698+0000: 8928.997: [GC 8928.997: [ParNew: 2641075K->96091K(2831168K), 0.1278690 secs] 9638875K->7191223K(12268352K), 0.1281610 secs] [Times: user=1.22 sys=0.00, real=0.12 secs] 
2011-02-26T08:27:59.828+0000: 8929.127: [GC [1 CMS-initial-mark: 7095131K(9437184K)] 7197851K(12268352K), 0.0420900 secs] [Times: user=0.04 sys=0.00, real=0.04 secs] 
2011-02-26T08:27:59.870+0000: 8929.169: [CMS-concurrent-mark-start]
2011-02-26T08:28:00.420+0000: 8929.719: [CMS-concurrent-mark: 0.545/0.549 secs] [Times: user=2.92 sys=0.31, real=0.55 secs] 
2011-02-26T08:28:00.420+0000: 8929.719: [CMS-concurrent-preclean-start]
2011-02-26T08:28:00.472+0000: 8929.771: [CMS-concurrent-preclean: 0.050/0.052 secs] [Times: user=0.10 sys=0.03, real=0.05 secs] 
2011-02-26T08:28:00.472+0000: 8929.771: [CMS-concurrent-abortable-preclean-start]
2011-02-26T08:28:04.952+0000: 8934.251: [CMS-concurrent-abortable-preclean: 4.461/4.480 secs] [Times: user=7.97 sys=1.59, real=4.48 secs] 
2011-02-26T08:28:04.953+0000: 8934.252: [GC[YG occupancy: 1440658 K (2831168 K)]8934.252: [Rescan (parallel) , 0.1684290 secs]8934.421: [weak refs processing, 0.0250320 secs] [1 CMS-remark: 7095131K(9437184K)] 8535790K(12268352K), 0.1937490 secs] [Times: user=2.06 sys=0.03, real=0.20 secs] 
2011-02-26T08:28:05.147+0000: 8934.446: [CMS-concurrent-sweep-start]
2011-02-26T08:28:05.732+0000: 8935.031: [GC 8935.031: [ParNew: 2612699K->53407K(2831168K), 0.0615650 secs] 9432767K->6917760K(12268352K), 0.0618720 secs] [Times: user=0.64 sys=0.01, real=0.06 secs] 
2011-02-26T08:28:07.649+0000: 8936.948: [GC 8936.948: [ParNew: 2570015K->21560K(2831168K), 0.0280980 secs] 9222874K->6688203K(12268352K), 0.0283930 secs] [Times: user=0.27 sys=0.00, real=0.03 secs] 
2011-02-26T08:28:19.998+0000: 8949.297: [GC 8949.297: [ParNew: 2538168K->59228K(2831168K), 0.0354050 secs] 8111943K->5635576K(12268352K), 0.0357050 secs] [Times: user=0.43 sys=0.00, real=0.03 secs] 
2011-02-26T08:28:33.080+0000: 8962.379: [GC 8962.380: [ParNew: 2575836K->88783K(2831168K), 0.0807570 secs] 6963787K->4505387K(12268352K), 0.0809890 secs] [Times: user=0.90 sys=0.00, real=0.08 secs] 
2011-02-26T08:28:51.145+0000: 8980.444: [GC 8980.444: [ParNew: 2605391K->67878K(2831168K), 0.1125400 secs] 5540693K->3072807K(12268352K), 0.1127740 secs] [Times: user=1.23 sys=0.00, real=0.12 secs] 
2011-02-26T08:29:04.925+0000: 8994.224: [GC 8994.224: [ParNew: 2584486K->62035K(2831168K), 0.0732690 secs] 4411962K->1936550K(12268352K), 0.0735140 secs] [Times: user=0.79 sys=0.01, real=0.08 secs] 
2011-02-26T08:29:06.530+0000: 8995.829: [GC 8995.829: [ParNew: 2578643K->39951K(2831168K), 0.0494310 secs] 4313400K->1807980K(12268352K), 0.0496680 secs] [Times: user=0.51 sys=0.00, real=0.05 secs] 
2011-02-26T08:29:09.012+0000: 8998.311: [GC 8998.311: [ParNew: 2556559K->11027K(2831168K), 0.0182080 secs] 4130730K->1587861K(12268352K), 0.0184440 secs] [Times: user=0.21 sys=0.00, real=0.02 secs] 
2011-02-26T08:29:15.375+0000: 9004.674: [CMS-concurrent-sweep: 69.635/70.227 secs] [Times: user=144.83 sys=26.97, real=70.22 secs] 
2011-02-26T08:29:15.375+0000: 9004.674: [CMS-concurrent-reset-start]
2011-02-26T08:29:15.397+0000: 9004.696: [CMS-concurrent-reset: 0.022/0.022 secs] [Times: user=0.02 sys=0.00, real=0.02 secs] 
2011-02-26T08:29:31.065+0000: 9020.364: [GC 9020.364: [ParNew: 2527635K->68935K(2831168K), 0.0630250 secs] 3535912K->1082259K(12268352K), 0.0633440 secs] [Times: user=0.73 sys=0.00, real=0.07 secs] 
2011-02-26T08:29:35.466+0000: 9024.765: [GC 9024.765: [ParNew: 2585543K->161332K(2831168K), 0.1039880 secs] 3598867K->1228156K(12268352K), 0.1042910 secs] [Times: user=1.13 sys=0.01, real=0.11 secs] 
2011-02-26T08:29:41.280+0000: 9030.579: [GC 9030.579: [ParNew: 2677940K->139438K(2831168K), 0.0902210 secs] 3744764K->1273470K(12268352K), 0.0904570 secs] [Times: user=0.88 sys=0.00, real=0.09 secs] 
2011-02-26T08:29:45.791+0000: 9035.090: [GC 9035.090: [ParNew: 2656046K->30915K(2831168K), 0.0632650 secs] 3790078K->1267103K(12268352K), 0.0634950 secs] [Times: user=0.65 sys=0.00, real=0.06 secs] 
2011-02-26T08:29:49.441+0000: 9038.740: [GC 9038.741: [ParNew: 2547523K->281733K(2831168K), 0.1003390 secs] 3783711K->1537946K(12268352K), 0.1006550 secs] [Times: user=0.97 sys=0.00, real=0.10 secs] 
2011-02-26T08:29:52.575+0000: 9041.875: [GC 9041.875: [ParNew: 2798341K->131919K(2831168K), 0.0863540 secs] 4054554K->1508677K(12268352K), 0.0866440 secs] [Times: user=0.91 sys=0.00, real=0.09 secs] 
2011-02-26T08:29:55.277+0000: 9044.577: [GC 9044.577: [ParNew: 2648527K->33918K(2831168K), 0.0787590 secs] 4025285K->1522602K(12268352K), 0.0790530 secs] [Times: user=0.82 sys=0.01, real=0.07 secs] 
2011-02-26T08:29:59.718+0000: 9049.017: [GC 9049.017: [ParNew: 2550526K->52541K(2831168K), 0.0509160 secs] 4039210K->1564563K(12268352K), 0.0512020 secs] [Times: user=0.57 sys=0.01, real=0.05 secs] 
2011-02-26T08:30:04.946+0000: 9054.245: [GC 9054.245: [ParNew: 2569149K->44575K(2831168K), 0.0704550 secs] 4081171K->1590499K(12268352K), 0.0707610 secs] [Times: user=0.69 sys=0.01, real=0.07 secs] 
2011-02-26T08:30:06.499+0000: 9055.798: [GC 9055.798: [ParNew: 2561183K->43939K(2831168K), 0.0867480 secs] 4107107K->1621468K(12268352K), 0.0870400 secs] [Times: user=0.53 sys=0.00, real=0.08 secs] 
2011-02-26T08:30:09.654+0000: 9058.953: [GC 9058.953: [ParNew: 2560547K->27495K(2831168K), 0.0387270 secs] 4138076K->1612042K(12268352K), 0.0390170 secs] [Times: user=0.40 sys=0.00, real=0.04 secs] 
2011-02-26T08:30:14.031+0000: 9063.330: [GC 9063.330: [ParNew: 2544103K->59969K(2831168K), 0.0623040 secs] 4128650K->1664609K(12268352K), 0.0626000 secs] [Times: user=0.56 sys=0.01, real=0.06 secs] 
2011-02-26T08:30:24.567+0000: 9073.867: [GC 9073.867: [ParNew: 2576577K->141626K(2831168K), 0.0815950 secs] 4181217K->1779916K(12268352K), 0.0818930 secs] [Times: user=0.94 sys=0.00, real=0.08 secs] 
2011-02-26T08:30:30.905+0000: 9080.204: [GC 9080.204: [ParNew: 2658234K->47142K(2831168K), 0.0930070 secs] 4296524K->1813688K(12268352K), 0.0932960 secs] [Times: user=1.05 sys=0.00, real=0.10 secs] 
2011-02-26T08:30:34.229+0000: 9083.528: [GC 9083.528: [ParNew: 2563750K->127015K(2831168K), 0.1189330 secs] 4330296K->1929424K(12268352K), 0.1276190 secs] [Times: user=1.19 sys=0.01, real=0.12 secs] 
2011-02-26T08:30:39.686+0000: 9088.985: [GC 9088.985: [ParNew: 2643623K->174141K(2831168K), 0.1592190 secs] 4446032K->2083848K(12268352K), 0.1594630 secs] [Times: user=1.45 sys=0.00, real=0.16 secs] 
2011-02-26T08:30:46.626+0000: 9095.925: [GC 9095.925: [ParNew: 2690749K->56705K(2831168K), 0.0718200 secs] 4600456K->2001306K(12268352K), 0.0720510 secs] [Times: user=0.82 sys=0.00, real=0.08 secs] 
2011-02-26T08:30:53.345+0000: 9102.644: [GC 9102.645: [ParNew: 2573313K->47851K(2831168K), 0.0677450 secs] 4517914K->2035450K(12268352K), 0.0679770 secs] [Times: user=0.78 sys=0.00, real=0.07 secs] 
2011-02-26T08:31:00.367+0000: 9109.666: [GC 9109.666: [ParNew: 2564459K->23740K(2831168K), 0.0437040 secs] 4552058K->2035368K(12268352K), 0.0439360 secs] [Times: user=0.48 sys=0.00, real=0.05 secs] 
2011-02-26T08:31:08.913+0000: 9118.212: [GC 9118.212: [ParNew: 2540348K->20184K(2831168K), 0.0472200 secs] 4551976K->2048055K(12268352K), 0.0474530 secs] [Times: user=0.50 sys=0.00, real=0.05 secs] 
2011-02-26T08:31:12.490+0000: 9121.789: [GC 9121.789: [ParNew: 2536792K->43000K(2831168K), 0.0369120 secs] 4564663K->2085725K(12268352K), 0.0371520 secs] [Times: user=0.35 sys=0.01, real=0.03 secs] 
2011-02-26T08:31:15.639+0000: 9124.938: [GC 9124.938: [ParNew: 2559608K->19033K(2831168K), 0.0256650 secs] 4602333K->2074574K(12268352K), 0.0259000 secs] [Times: user=0.30 sys=0.00, real=0.02 secs] 
2011-02-26T08:31:22.211+0000: 9131.510: [GC 9131.510: [ParNew: 2535641K->24264K(2831168K), 0.0242570 secs] 4591182K->2084514K(12268352K), 0.0245780 secs] [Times: user=0.26 sys=0.00, real=0.02 secs] 
2011-02-26T08:31:29.970+0000: 9139.269: [GC 9139.269: [ParNew: 2540872K->21410K(2831168K), 0.0358160 secs] 4601122K->2094055K(12268352K), 0.0361020 secs] [Times: user=0.37 sys=0.00, real=0.03 secs] 
2011-02-26T08:31:33.758+0000: 9143.057: [GC 9143.057: [ParNew: 2538167K->77335K(2831168K), 0.0708810 secs] 4610812K->2163803K(12268352K), 0.0711840 secs] [Times: user=0.82 sys=0.00, real=0.07 secs] 
2011-02-26T08:31:33.831+0000: 9143.130: [GC 9143.130: [ParNew: 77782K->28235K(2831168K), 0.0771650 secs] 2164251K->2175777K(12268352K), 0.0773910 secs] [Times: user=0.78 sys=0.00, real=0.08 secs] 
2011-02-26T08:31:42.860+0000: 9152.159: [GC 9152.159: [ParNew: 2544843K->42257K(2831168K), 0.0280700 secs] 4692385K->2189799K(12268352K), 0.0284090 secs] [Times: user=0.30 sys=0.00, real=0.03 secs] 
2011-02-26T08:31:50.416+0000: 9159.715: [GC 9159.715: [ParNew: 2558865K->35960K(2831168K), 0.0453130 secs] 4706407K->2206189K(12268352K), 0.0455550 secs] [Times: user=0.53 sys=0.00, real=0.05 secs] 
2011-02-26T08:31:57.472+0000: 9166.771: [GC 9166.772: [ParNew: 2552568K->46560K(2831168K), 0.0460100 secs] 4722797K->2236281K(12268352K), 0.0462480 secs] [Times: user=0.52 sys=0.00, real=0.05 secs] 
2011-02-26T08:32:04.646+0000: 9173.945: [GC 9173.945: [ParNew: 2563141K->21771K(2831168K), 0.0447540 secs] 4752862K->2232166K(12268352K), 0.0449960 secs] [Times: user=0.40 sys=0.00, real=0.05 secs] 
2011-02-26T08:32:07.166+0000: 9176.465: [GC 9176.465: [ParNew: 2538379K->19555K(2831168K), 0.0339930 secs] 4748774K->2243370K(12268352K), 0.0342320 secs] [Times: user=0.32 sys=0.00, real=0.04 secs] 
2011-02-26T08:32:10.100+0000: 9179.399: [GC 9179.399: [ParNew: 2536163K->14880K(2831168K), 0.0216870 secs] 4759978K->2242409K(12268352K), 0.0219810 secs] [Times: user=0.24 sys=0.01, real=0.02 secs] 
2011-02-26T08:32:15.343+0000: 9184.642: [GC 9184.642: [ParNew: 2531488K->16218K(2831168K), 0.0259240 secs] 4759017K->2250813K(12268352K), 0.0261990 secs] [Times: user=0.28 sys=0.01, real=0.03 secs] 
2011-02-26T08:32:25.707+0000: 9195.006: [GC 9195.006: [ParNew: 2532826K->48002K(2831168K), 0.0341170 secs] 4767421K->2292100K(12268352K), 0.0344060 secs] [Times: user=0.36 sys=0.00, real=0.04 secs] 
2011-02-26T08:32:32.073+0000: 9201.373: [GC 9201.373: [ParNew: 2564610K->39236K(2831168K), 0.0643110 secs] 4808708K->2304090K(12268352K), 0.0645440 secs] [Times: user=0.66 sys=0.00, real=0.07 secs] 
2011-02-26T08:32:36.517+0000: 9205.816: [GC 9205.816: [ParNew: 2555844K->55567K(2831168K), 0.0789070 secs] 4820698K->2347880K(12268352K), 0.0791370 secs] [Times: user=0.78 sys=0.01, real=0.08 secs] 
2011-02-26T08:32:43.624+0000: 9212.923: [GC 9212.924: [ParNew: 2572175K->112359K(2831168K), 0.0732540 secs] 4864488K->2448774K(12268352K), 0.0735300 secs] [Times: user=0.79 sys=0.00, real=0.08 secs] 
2011-02-26T08:32:50.607+0000: 9219.906: [GC 9219.906: [ParNew: 2628967K->55623K(2831168K), 0.0763370 secs] 4965382K->2484457K(12268352K), 0.0779680 secs] [Times: user=0.86 sys=0.01, real=0.08 secs] 
2011-02-26T08:32:57.259+0000: 9226.558: [GC 9226.558: [ParNew: 2572231K->127307K(2831168K), 0.0863560 secs] 5001065K->2600664K(12268352K), 0.0865900 secs] [Times: user=0.86 sys=0.01, real=0.08 secs] 
2011-02-26T08:33:00.563+0000: 9229.862: [GC 9229.862: [ParNew: 2643915K->203392K(2831168K), 0.0970460 secs] 5117272K->2789204K(12268352K), 0.0972810 secs] [Times: user=1.04 sys=0.04, real=0.10 secs] 
2011-02-26T08:33:07.053+0000: 9236.352: [GC 9236.352: [ParNew: 2720000K->93078K(2831168K), 0.0822980 secs] 5305812K->2718096K(12268352K), 0.0826450 secs] [Times: user=0.71 sys=0.02, real=0.08 secs] 
2011-02-26T08:33:09.123+0000: 9238.422: [GC 9238.423: [ParNew: 2609686K->68928K(2831168K), 0.0628480 secs] 5234704K->2728475K(12268352K), 0.0631380 secs] [Times: user=0.64 sys=0.01, real=0.06 secs] 
2011-02-26T08:33:11.066+0000: 9240.365: [GC 9240.365: [ParNew: 2585536K->30428K(2831168K), 0.0377070 secs] 5245083K->2706478K(12268352K), 0.0380080 secs] [Times: user=0.43 sys=0.01, real=0.04 secs] 
2011-02-26T08:33:20.503+0000: 9249.802: [GC 9249.802: [ParNew: 2547036K->54288K(2831168K), 0.0545050 secs] 5223086K->2747578K(12268352K), 0.0548060 secs] [Times: user=0.66 sys=0.00, real=0.05 secs] 
2011-02-26T08:33:30.226+0000: 9259.525: [GC 9259.525: [ParNew: 2570896K->74785K(2831168K), 0.0909940 secs] 5264186K->2814366K(12268352K), 0.0912300 secs] [Times: user=0.93 sys=0.00, real=0.09 secs] 
2011-02-26T08:33:35.423+0000: 9264.722: [GC 9264.722: [ParNew: 2591393K->155200K(2831168K), 0.1214070 secs] 5330974K->2946954K(12268352K), 0.1216480 secs] [Times: user=1.44 sys=0.00, real=0.12 secs] 
2011-02-26T08:33:43.730+0000: 9273.029: [GC 9273.029: [ParNew: 2671808K->107660K(2831168K), 0.1689050 secs] 5463562K->3016358K(12268352K), 0.1691470 secs] [Times: user=1.49 sys=0.02, real=0.17 secs] 
2011-02-26T08:33:51.876+0000: 9281.176: [GC 9281.176: [ParNew: 2624268K->83193K(2831168K), 0.1086200 secs] 5532966K->3055591K(12268352K), 0.1088600 secs] [Times: user=1.16 sys=0.02, real=0.11 secs] 
2011-02-26T08:33:59.803+0000: 9289.102: [GC 9289.102: [ParNew: 2599801K->67892K(2831168K), 0.0927870 secs] 5572199K->3096749K(12268352K), 0.0930220 secs] [Times: user=1.03 sys=0.00, real=0.09 secs] 
2011-02-26T08:34:05.323+0000: 9294.622: [GC 9294.622: [ParNew: 2584500K->64283K(2831168K), 0.0667950 secs] 5613357K->3140016K(12268352K), 0.0670440 secs] [Times: user=0.65 sys=0.01, real=0.07 secs] 
2011-02-26T08:34:11.440+0000: 9300.739: [GC 9300.739: [ParNew: 2580891K->57951K(2831168K), 0.0465910 secs] 5656624K->3148402K(12268352K), 0.0468340 secs] [Times: user=0.43 sys=0.00, real=0.05 secs] 
2011-02-26T08:34:16.376+0000: 9305.675: [GC 9305.676: [ParNew: 2574559K->41870K(2831168K), 0.0324470 secs] 5665010K->3144738K(12268352K), 0.0326860 secs] [Times: user=0.33 sys=0.00, real=0.04 secs] 
2011-02-26T08:34:24.345+0000: 9313.644: [GC 9313.644: [ParNew: 2558478K->18046K(2831168K), 0.0303810 secs] 5661346K->3129642K(12268352K), 0.0306160 secs] [Times: user=0.37 sys=0.01, real=0.03 secs] 
2011-02-26T08:34:32.740+0000: 9322.039: [GC 9322.039: [ParNew: 2534654K->60451K(2831168K), 0.0418840 secs] 5646250K->3185078K(12268352K), 0.0421250 secs] [Times: user=0.44 sys=0.01, real=0.04 secs] 
2011-02-26T08:34:36.835+0000: 9326.135: [GC 9326.135: [ParNew: 2577059K->89106K(2831168K), 0.0847940 secs] 5701686K->3234423K(12268352K), 0.0850440 secs] [Times: user=0.88 sys=0.01, real=0.09 secs] 
2011-02-26T08:34:46.952+0000: 9336.251: [GC 9336.251: [ParNew: 2605714K->45316K(2831168K), 0.1076770 secs] 5751031K->3252704K(12268352K), 0.1079220 secs] [Times: user=0.92 sys=0.01, real=0.11 secs] 
2011-02-26T08:34:54.528+0000: 9343.827: [GC 9343.828: [ParNew: 2561924K->50037K(2831168K), 0.0475960 secs] 5769312K->3276904K(12268352K), 0.0478310 secs] [Times: user=0.53 sys=0.00, real=0.04 secs] 
2011-02-26T08:35:02.698+0000: 9351.997: [GC 9351.997: [ParNew: 2566645K->36831K(2831168K), 0.0586890 secs] 5793512K->3286197K(12268352K), 0.0589330 secs] [Times: user=0.65 sys=0.00, real=0.05 secs] 
2011-02-26T08:35:06.167+0000: 9355.466: [GC 9355.466: [ParNew: 2553439K->49163K(2831168K), 0.0471290 secs] 5802805K->3318501K(12268352K), 0.0473760 secs] [Times: user=0.45 sys=0.01, real=0.05 secs] 
2011-02-26T08:35:08.253+0000: 9357.552: [GC 9357.552: [ParNew: 2565771K->34271K(2831168K), 0.0275090 secs] 5835109K->3308983K(12268352K), 0.0277450 secs] [Times: user=0.26 sys=0.00, real=0.03 secs] 
2011-02-26T08:35:16.236+0000: 9365.535: [GC 9365.535: [ParNew: 2550879K->46892K(2831168K), 0.0397820 secs] 5825591K->3325366K(12268352K), 0.0400150 secs] [Times: user=0.44 sys=0.00, real=0.04 secs] 
2011-02-26T08:35:27.641+0000: 9376.940: [GC 9376.940: [ParNew: 2563500K->31343K(2831168K), 0.0453470 secs] 5841974K->3330041K(12268352K), 0.0455840 secs] [Times: user=0.47 sys=0.00, real=0.04 secs] 
2011-02-26T08:35:32.943+0000: 9382.242: [GC 9382.242: [ParNew: 2547951K->81248K(2831168K), 0.0783390 secs] 5846649K->3397875K(12268352K), 0.0786260 secs] [Times: user=0.84 sys=0.02, real=0.08 secs] 
2011-02-26T08:35:39.904+0000: 9389.203: [GC 9389.203: [ParNew: 2597856K->44094K(2831168K), 0.0915340 secs] 5914483K->3408684K(12268352K), 0.0918380 secs] [Times: user=0.88 sys=0.00, real=0.09 secs] 
2011-02-26T08:35:48.087+0000: 9397.386: [GC 9397.387: [ParNew: 2560699K->39575K(2831168K), 0.0544910 secs] 5925288K->3430964K(12268352K), 0.0547850 secs] [Times: user=0.57 sys=0.00, real=0.05 secs] 
2011-02-26T08:35:54.858+0000: 9404.157: [GC 9404.158: [ParNew: 2556183K->108100K(2831168K), 0.0630210 secs] 5947572K->3519991K(12268352K), 0.0633540 secs] [Times: user=0.65 sys=0.02, real=0.06 secs] 
2011-02-26T08:36:02.497+0000: 9411.796: [GC 9411.796: [ParNew: 2624708K->67225K(2831168K), 0.0614960 secs] 6036599K->3503707K(12268352K), 0.0617830 secs] [Times: user=0.71 sys=0.00, real=0.06 secs] 
2011-02-26T08:36:06.007+0000: 9415.306: [GC 9415.306: [ParNew: 2583833K->42564K(2831168K), 0.0744640 secs] 6020315K->3520941K(12268352K), 0.0747750 secs] [Times: user=0.62 sys=0.01, real=0.07 secs] 
2011-02-26T08:36:07.919+0000: 9417.219: [GC 9417.219: [ParNew: 2559172K->27833K(2831168K), 0.0307740 secs] 6037549K->3516211K(12268352K), 0.0310680 secs] [Times: user=0.28 sys=0.01, real=0.03 secs] 
2011-02-26T08:36:13.183+0000: 9422.482: [GC 9422.483: [ParNew: 2544441K->189722K(2831168K), 0.0560030 secs] 6032819K->3685093K(12268352K), 0.1477360 secs] [Times: user=0.69 sys=0.00, real=0.15 secs] 
2011-02-26T08:36:17.489+0000: 9426.788: [GC 9426.788: [ParNew: 2706330K->114949K(2831168K), 0.0744720 secs] 6201701K->3644326K(12268352K), 0.0748140 secs] [Times: user=0.75 sys=0.01, real=0.07 secs] 
2011-02-26T08:36:20.847+0000: 9430.147: [GC 9430.147: [ParNew: 2631557K->27305K(2831168K), 0.0737410 secs] 6160934K->3662961K(12268352K), 0.0740310 secs] [Times: user=0.82 sys=0.03, real=0.07 secs] 
2011-02-26T08:36:28.513+0000: 9437.812: [GC 9437.812: [ParNew: 2543913K->44529K(2831168K), 0.0488310 secs] 6179569K->3697200K(12268352K), 0.0491220 secs] [Times: user=0.52 sys=0.00, real=0.05 secs] 
2011-02-26T08:36:33.205+0000: 9442.504: [GC 9442.505: [ParNew: 2561137K->127590K(2831168K), 0.1079590 secs] 6213808K->3814830K(12268352K), 0.1082530 secs] [Times: user=1.22 sys=0.02, real=0.11 secs] 
2011-02-26T08:36:42.277+0000: 9451.576: [GC 9451.576: [ParNew: 2644198K->99678K(2831168K), 0.1587520 secs] 6331438K->3899685K(12268352K), 0.1590010 secs] [Times: user=1.48 sys=0.02, real=0.16 secs] 
2011-02-26T08:36:50.309+0000: 9459.608: [GC 9459.609: [ParNew: 2616286K->90385K(2831168K), 0.1231070 secs] 6416293K->3963370K(12268352K), 0.1234010 secs] [Times: user=1.31 sys=0.00, real=0.12 secs] 
2011-02-26T08:36:57.983+0000: 9467.282: [GC 9467.283: [ParNew: 2606993K->79495K(2831168K), 0.1071700 secs] 6479978K->4023979K(12268352K), 0.1074690 secs] [Times: user=1.18 sys=0.01, real=0.11 secs] 
2011-02-26T08:37:04.980+0000: 9474.279: [GC 9474.279: [ParNew: 2596103K->74414K(2831168K), 0.0964530 secs] 6540587K->4074501K(12268352K), 0.0967660 secs] [Times: user=0.99 sys=0.00, real=0.09 secs] 
2011-02-26T08:37:06.999+0000: 9476.298: [GC 9476.298: [ParNew: 2591022K->70341K(2831168K), 0.0612260 secs] 6591109K->4110108K(12268352K), 0.0616130 secs] [Times: user=0.56 sys=0.00, real=0.06 secs] 
2011-02-26T08:37:10.212+0000: 9479.511: [GC 9479.511: [ParNew: 2586949K->29835K(2831168K), 0.0335900 secs] 6626716K->4076228K(12268352K), 0.0338810 secs] [Times: user=0.39 sys=0.00, real=0.03 secs] 
2011-02-26T08:37:21.217+0000: 9490.516: [GC 9490.516: [ParNew: 2546443K->56202K(2831168K), 0.0582020 secs] 6592836K->4124101K(12268352K), 0.0584980 secs] [Times: user=0.65 sys=0.00, real=0.06 secs] 
2011-02-26T08:37:30.247+0000: 9499.546: [GC 9499.547: [ParNew: 2572810K->28141K(2831168K), 0.0582640 secs] 6640709K->4128964K(12268352K), 0.0585640 secs] [Times: user=0.59 sys=0.01, real=0.05 secs] 
2011-02-26T08:37:34.578+0000: 9503.877: [GC 9503.878: [ParNew: 2544799K->92885K(2831168K), 0.0693280 secs] 6645622K->4209916K(12268352K), 0.0695570 secs] [Times: user=0.80 sys=0.01, real=0.07 secs] 
2011-02-26T08:37:43.228+0000: 9512.527: [GC 9512.527: [ParNew: 2609493K->45779K(2831168K), 0.0979140 secs] 6726524K->4222416K(12268352K), 0.0981470 secs] [Times: user=0.90 sys=0.01, real=0.09 secs] 
2011-02-26T08:37:52.856+0000: 9522.155: [GC 9522.155: [ParNew: 2562387K->61773K(2831168K), 0.0481540 secs] 6739024K->4255138K(12268352K), 0.0483870 secs] [Times: user=0.60 sys=0.01, real=0.05 secs] 
2011-02-26T08:38:00.496+0000: 9529.795: [GC 9529.796: [ParNew: 2578381K->25451K(2831168K), 0.0482950 secs] 6771746K->4245750K(12268352K), 0.0485260 secs] [Times: user=0.56 sys=0.00, real=0.05 secs] 
2011-02-26T08:38:05.530+0000: 9534.829: [GC 9534.830: [ParNew: 2542059K->25864K(2831168K), 0.0388100 secs] 6762358K->4264627K(12268352K), 0.0390560 secs] [Times: user=0.40 sys=0.00, real=0.04 secs] 
2011-02-26T08:38:07.569+0000: 9536.868: [GC 9536.868: [ParNew: 2542472K->30055K(2831168K), 0.0260910 secs] 6781235K->4277126K(12268352K), 0.0263980 secs] [Times: user=0.28 sys=0.00, real=0.02 secs] 
2011-02-26T08:38:12.846+0000: 9542.145: [GC 9542.145: [ParNew: 2546663K->20849K(2831168K), 0.0247790 secs] 6793734K->4274354K(12268352K), 0.0250130 secs] [Times: user=0.33 sys=0.01, real=0.03 secs] 
2011-02-26T08:38:21.811+0000: 9551.110: [GC 9551.110: [ParNew: 2537457K->23509K(2831168K), 0.0351270 secs] 6790962K->4291298K(12268352K), 0.0353580 secs] [Times: user=0.37 sys=0.02, real=0.03 secs] 
2011-02-26T08:38:31.197+0000: 9560.496: [GC 9560.497: [ParNew: 2540117K->37467K(2831168K), 0.0481190 secs] 6807906K->4319553K(12268352K), 0.0483510 secs] [Times: user=0.54 sys=0.00, real=0.04 secs] 
2011-02-26T08:38:36.802+0000: 9566.101: [GC 9566.101: [ParNew: 2554075K->62743K(2831168K), 0.0704490 secs] 6836161K->4369708K(12268352K), 0.0706810 secs] [Times: user=0.79 sys=0.00, real=0.07 secs] 
2011-02-26T08:38:45.319+0000: 9574.618: [GC 9574.618: [ParNew: 2579351K->49786K(2831168K), 0.0813910 secs] 6886316K->4406806K(12268352K), 0.0816240 secs] [Times: user=0.80 sys=0.00, real=0.08 secs] 
2011-02-26T08:38:53.187+0000: 9582.486: [GC 9582.486: [ParNew: 2566394K->23839K(2831168K), 0.0461700 secs] 6923414K->4402305K(12268352K), 0.0464010 secs] [Times: user=0.53 sys=0.00, real=0.05 secs] 
2011-02-26T08:39:00.835+0000: 9590.134: [GC 9590.134: [ParNew: 2540447K->51483K(2831168K), 0.0497180 secs] 6918913K->4447694K(12268352K), 0.0499470 secs] [Times: user=0.61 sys=0.01, real=0.05 secs] 
2011-02-26T08:39:07.238+0000: 9596.538: [GC 9596.538: [ParNew: 2568091K->43338K(2831168K), 0.0455380 secs] 6964302K->4461651K(12268352K), 0.0459650 secs] [Times: user=0.48 sys=0.00, real=0.04 secs] 
2011-02-26T08:39:12.230+0000: 9601.529: [GC 9601.529: [ParNew: 2559946K->122311K(2831168K), 0.0493880 secs] 6978259K->4550605K(12268352K), 0.0496240 secs] [Times: user=0.49 sys=0.00, real=0.05 secs] 
2011-02-26T08:39:14.263+0000: 9603.562: [GC 9603.562: [ParNew: 2638919K->36707K(2831168K), 0.0558510 secs] 7067213K->4564425K(12268352K), 0.0560910 secs] [Times: user=0.62 sys=0.02, real=0.06 secs] 
2011-02-26T08:39:21.147+0000: 9610.446: [GC 9610.446: [ParNew: 2553315K->26313K(2831168K), 0.0454660 secs] 7081033K->4566507K(12268352K), 0.0457320 secs] [Times: user=0.52 sys=0.01, real=0.04 secs] 
2011-02-26T08:39:30.162+0000: 9619.461: [GC 9619.461: [ParNew: 2542921K->38228K(2831168K), 0.0566990 secs] 7083115K->4598590K(12268352K), 0.0569350 secs] [Times: user=0.61 sys=0.00, real=0.06 secs] 
2011-02-26T08:39:32.839+0000: 9622.138: [GC 9622.138: [ParNew: 2554923K->249309K(2831168K), 0.1212440 secs] 7115285K->4836934K(12268352K), 0.1214880 secs] [Times: user=1.23 sys=0.01, real=0.12 secs] 
2011-02-26T08:39:32.962+0000: 9622.261: [GC 9622.261: [ParNew: 267520K->60893K(2831168K), 0.1407870 secs] 4855145K->4880630K(12268352K), 0.1410030 secs] [Times: user=0.91 sys=0.06, real=0.14 secs] 
2011-02-26T08:39:36.377+0000: 9625.676: [GC 9625.676: [ParNew: 2577501K->163546K(2831168K), 0.0796170 secs] 7397238K->4983301K(12268352K), 0.0798950 secs] [Times: user=0.97 sys=0.00, real=0.08 secs] 
2011-02-26T08:39:39.679+0000: 9628.978: [GC 9628.978: [ParNew: 2680154K->62994K(2831168K), 0.1213990 secs] 7499909K->5029129K(12268352K), 0.1217530 secs] [Times: user=1.08 sys=0.01, real=0.12 secs] 
2011-02-26T08:39:44.555+0000: 9633.854: [GC 9633.854: [ParNew: 2579602K->142183K(2831168K), 0.0660890 secs] 7545737K->5128302K(12268352K), 0.0664060 secs] [Times: user=0.73 sys=0.01, real=0.07 secs] 
2011-02-26T08:39:53.487+0000: 9642.786: [GC 9642.786: [ParNew: 2658791K->95644K(2831168K), 0.0928180 secs] 7644910K->5117248K(12268352K), 0.0931110 secs] [Times: user=0.97 sys=0.00, real=0.10 secs] 
2011-02-26T08:40:01.541+0000: 9650.840: [GC 9650.840: [ParNew: 2612252K->90766K(2831168K), 0.1162580 secs] 7633856K->5188821K(12268352K), 0.1165480 secs] [Times: user=1.19 sys=0.00, real=0.12 secs] 
2011-02-26T08:40:05.930+0000: 9655.229: [GC 9655.229: [ParNew: 2607374K->71530K(2831168K), 0.0886110 secs] 7705429K->5236323K(12268352K), 0.0889170 secs] [Times: user=0.92 sys=0.02, real=0.09 secs] 
2011-02-26T08:40:10.585+0000: 9659.884: [GC 9659.885: [ParNew: 2588138K->53778K(2831168K), 0.0512970 secs] 7752931K->5238780K(12268352K), 0.0515990 secs] [Times: user=0.61 sys=0.01, real=0.06 secs] 
2011-02-26T08:40:13.091+0000: 9662.391: [GC 9662.391: [ParNew: 2570386K->36104K(2831168K), 0.0537740 secs] 7755388K->5251485K(12268352K), 0.0540700 secs] [Times: user=0.53 sys=0.00, real=0.05 secs] 
2011-02-26T08:40:22.441+0000: 9671.740: [GC 9671.740: [ParNew: 2552712K->50279K(2831168K), 0.0498720 secs] 7768093K->5281511K(12268352K), 0.0501620 secs] [Times: user=0.54 sys=0.00, real=0.05 secs] 
2011-02-26T08:40:31.058+0000: 9680.357: [GC 9680.357: [ParNew: 2566918K->61757K(2831168K), 0.0779640 secs] 7798150K->5330421K(12268352K), 0.0782550 secs] [Times: user=0.83 sys=0.00, real=0.07 secs] 
2011-02-26T08:40:36.851+0000: 9686.150: [GC 9686.150: [ParNew: 2578365K->90185K(2831168K), 0.0999810 secs] 7847029K->5401490K(12268352K), 0.1040060 secs] [Times: user=1.16 sys=0.01, real=0.10 secs] 
2011-02-26T08:40:45.371+0000: 9694.670: [GC 9694.670: [ParNew: 2606793K->61060K(2831168K), 0.1020640 secs] 7918098K->5439570K(12268352K), 0.1023510 secs] [Times: user=0.92 sys=0.00, real=0.10 secs] 
2011-02-26T08:40:53.261+0000: 9702.560: [GC 9702.560: [ParNew: 2577668K->39320K(2831168K), 0.0418140 secs] 7956178K->5438298K(12268352K), 0.0421070 secs] [Times: user=0.44 sys=0.00, real=0.04 secs] 
2011-02-26T08:41:01.117+0000: 9710.416: [GC 9710.416: [ParNew: 2555928K->41128K(2831168K), 0.0462500 secs] 7954906K->5460796K(12268352K), 0.0465900 secs] [Times: user=0.51 sys=0.00, real=0.05 secs] 
2011-02-26T08:41:05.973+0000: 9715.272: [GC 9715.272: [ParNew: 2557736K->27554K(2831168K), 0.0392380 secs] 7977404K->5470378K(12268352K), 0.0396120 secs] [Times: user=0.40 sys=0.00, real=0.04 secs] 
2011-02-26T08:41:08.463+0000: 9717.762: [GC 9717.762: [ParNew: 2544099K->13296K(2831168K), 0.0236790 secs] 7986923K->5463325K(12268352K), 0.0239750 secs] [Times: user=0.26 sys=0.00, real=0.02 secs] 
2011-02-26T08:41:13.075+0000: 9722.374: [GC 9722.374: [ParNew: 2529904K->14365K(2831168K), 0.0304230 secs] 7979933K->5468907K(12268352K), 0.0307120 secs] [Times: user=0.32 sys=0.00, real=0.03 secs] 
2011-02-26T08:41:24.444+0000: 9733.743: [GC 9733.743: [ParNew: 2530973K->38548K(2831168K), 0.0459420 secs] 7985515K->5503657K(12268352K), 0.0462160 secs] [Times: user=0.42 sys=0.00, real=0.05 secs] 
2011-02-26T08:41:32.352+0000: 9741.651: [GC 9741.651: [ParNew: 2555156K->61539K(2831168K), 0.0706580 secs] 8020265K->5548921K(12268352K), 0.0709680 secs] [Times: user=0.74 sys=0.00, real=0.07 secs] 
2011-02-26T08:41:36.768+0000: 9746.067: [GC 9746.068: [ParNew: 2578147K->79505K(2831168K), 0.0734840 secs] 8065529K->5592841K(12268352K), 0.0737180 secs] [Times: user=0.84 sys=0.00, real=0.07 secs] 
2011-02-26T08:41:45.636+0000: 9754.935: [GC 9754.935: [ParNew: 2596113K->47186K(2831168K), 0.0751970 secs] 8109449K->5610449K(12268352K), 0.0754270 secs] [Times: user=0.83 sys=0.00, real=0.08 secs] 
2011-02-26T08:41:53.308+0000: 9762.607: [GC 9762.607: [ParNew: 2563794K->62243K(2831168K), 0.0479640 secs] 8127057K->5640867K(12268352K), 0.0482600 secs] [Times: user=0.57 sys=0.01, real=0.04 secs] 
2011-02-26T08:42:03.442+0000: 9772.741: [GC 9772.742: [ParNew: 2578851K->34572K(2831168K), 0.0495210 secs] 8157475K->5637660K(12268352K), 0.0498860 secs] [Times: user=0.53 sys=0.00, real=0.05 secs] 
2011-02-26T08:42:06.751+0000: 9776.050: [GC 9776.051: [ParNew: 2551180K->24844K(2831168K), 0.0399490 secs] 8154268K->5649753K(12268352K), 0.0402530 secs] [Times: user=0.40 sys=0.00, real=0.04 secs] 
2011-02-26T08:42:09.168+0000: 9778.467: [GC 9778.468: [ParNew: 2541452K->49313K(2831168K), 0.0238600 secs] 8166361K->5678780K(12268352K), 0.0241670 secs] [Times: user=0.30 sys=0.00, real=0.02 secs] 
2011-02-26T08:42:15.068+0000: 9784.367: [GC 9784.367: [ParNew: 2565921K->17863K(2831168K), 0.0284950 secs] 8195388K->5656339K(12268352K), 0.0287900 secs] [Times: user=0.34 sys=0.00, real=0.02 secs] 
2011-02-26T08:42:24.320+0000: 9793.619: [GC 9793.619: [ParNew: 2534471K->25330K(2831168K), 0.0372000 secs] 8172947K->5674833K(12268352K), 0.0375100 secs] [Times: user=0.40 sys=0.01, real=0.04 secs] 
2011-02-26T08:42:29.417+0000: 9798.717: [GC 9798.717: [ParNew: 2541938K->106494K(2831168K), 0.0621400 secs] 8191441K->5770430K(12268352K), 0.0625200 secs] [Times: user=0.71 sys=0.00, real=0.06 secs] 
2011-02-26T08:42:35.363+0000: 9804.662: [GC 9804.662: [ParNew: 2621942K->258738K(2831168K), 0.1289610 secs] 8285878K->5946194K(12268352K), 0.1292970 secs] [Times: user=0.98 sys=0.00, real=0.13 secs] 
2011-02-26T08:42:37.198+0000: 9806.497: [GC 9806.497: [ParNew: 2775346K->162718K(2831168K), 0.7857660 secs] 8462802K->6078614K(12268352K), 0.7860560 secs] [Times: user=5.23 sys=1.29, real=0.78 secs] 
2011-02-26T08:42:41.149+0000: 9810.448: [GC 9810.448: [ParNew: 2679326K->57207K(2831168K), 0.1575770 secs] 8595222K->6091772K(12268352K), 0.1578880 secs] [Times: user=1.52 sys=0.06, real=0.16 secs] 
2011-02-26T08:42:45.082+0000: 9814.381: [GC 9814.381: [ParNew: 2573815K->51089K(2831168K), 0.0608710 secs] 8608380K->6110392K(12268352K), 0.0611630 secs] [Times: user=0.65 sys=0.01, real=0.06 secs] 
2011-02-26T08:42:53.411+0000: 9822.710: [GC 9822.710: [ParNew: 2567697K->94655K(2831168K), 0.0805250 secs] 8627000K->6185355K(12268352K), 0.0808210 secs] [Times: user=0.92 sys=0.00, real=0.08 secs] 
2011-02-26T08:43:01.212+0000: 9830.511: [GC 9830.511: [ParNew: 2611263K->77154K(2831168K), 0.1242870 secs] 8701963K->6240834K(12268352K), 0.1246110 secs] [Times: user=1.20 sys=0.00, real=0.12 secs] 
2011-02-26T08:43:08.867+0000: 9838.166: [GC 9838.166: [ParNew: 2593762K->63183K(2831168K), 0.0953360 secs] 8757442K->6290180K(12268352K), 0.0956360 secs] [Times: user=1.02 sys=0.01, real=0.10 secs] 
2011-02-26T08:43:13.857+0000: 9843.156: [GC 9843.156: [ParNew: 2579791K->58233K(2831168K), 0.0766010 secs] 8806788K->6326553K(12268352K), 0.0769220 secs] [Times: user=0.86 sys=0.01, real=0.08 secs] 
2011-02-26T08:43:16.218+0000: 9845.517: [GC 9845.517: [ParNew: 2574841K->42347K(2831168K), 0.0536340 secs] 8843161K->6348611K(12268352K), 0.0539320 secs] [Times: user=0.56 sys=0.01, real=0.05 secs] 
2011-02-26T08:43:25.527+0000: 9854.826: [GC 9854.826: [ParNew: 2558955K->51594K(2831168K), 0.0721730 secs] 8865219K->6369510K(12268352K), 0.0724110 secs] [Times: user=0.79 sys=0.00, real=0.08 secs] 
2011-02-26T08:43:32.250+0000: 9861.549: [GC 9861.549: [ParNew: 2568202K->88725K(2831168K), 0.1082570 secs] 8886118K->6448192K(12268352K), 0.1084840 secs] [Times: user=0.92 sys=0.00, real=0.11 secs] 
2011-02-26T08:43:38.872+0000: 9868.171: [GC 9868.171: [ParNew: 2605333K->76332K(2831168K), 0.1154490 secs] 8964800K->6506161K(12268352K), 0.1157320 secs] [Times: user=1.25 sys=0.00, real=0.12 secs] 
2011-02-26T08:43:48.299+0000: 9877.598: [GC 9877.598: [ParNew: 2592940K->58550K(2831168K), 0.0871010 secs] 9022769K->6544907K(12268352K), 0.0873860 secs] [Times: user=0.82 sys=0.00, real=0.08 secs] 
2011-02-26T08:43:56.681+0000: 9885.980: [GC 9885.980: [ParNew: 2575158K->133698K(2831168K), 0.0620680 secs] 9061515K->6640347K(12268352K), 0.0664810 secs] [Times: user=0.72 sys=0.02, real=0.07 secs] 
2011-02-26T08:44:04.614+0000: 9893.913: [GC 9893.913: [ParNew: 2650306K->38219K(2831168K), 0.2455070 secs] 9156955K->6650571K(12268352K), 0.2457610 secs] [Times: user=2.38 sys=0.18, real=0.25 secs] 
2011-02-26T08:44:08.854+0000: 9898.153: [GC 9898.153: [ParNew: 2554798K->22055K(2831168K), 0.0397790 secs] 9167149K->6652498K(12268352K), 0.0400190 secs] [Times: user=0.35 sys=0.01, real=0.05 secs] 
2011-02-26T08:44:16.087+0000: 9905.386: [GC 9905.387: [ParNew: 2538663K->61795K(2831168K), 0.0342500 secs] 9169106K->6699809K(12268352K), 0.0344890 secs] [Times: user=0.41 sys=0.03, real=0.03 secs] 
2011-02-26T08:44:25.326+0000: 9914.626: [GC 9914.626: [ParNew: 2578403K->22961K(2831168K), 0.0376010 secs] 9216417K->6678634K(12268352K), 0.0378990 secs] [Times: user=0.45 sys=0.00, real=0.04 secs] 
2011-02-26T08:44:34.368+0000: 9923.667: [GC 9923.667: [ParNew: 2539569K->60796K(2831168K), 0.0696490 secs] 9195242K->6731737K(12268352K), 0.0699350 secs] [Times: user=0.82 sys=0.00, real=0.07 secs] 
2011-02-26T08:44:40.721+0000: 9930.020: [GC 9930.020: [ParNew: 2577404K->63052K(2831168K), 0.0841470 secs] 9248345K->6771778K(12268352K), 0.0844400 secs] [Times: user=0.91 sys=0.00, real=0.08 secs] 
2011-02-26T08:44:49.655+0000: 9938.954: [GC 9938.954: [ParNew: 2579660K->42742K(2831168K), 0.0763720 secs] 9288386K->6797340K(12268352K), 0.0766740 secs] [Times: user=0.83 sys=0.01, real=0.08 secs] 
2011-02-26T08:44:58.023+0000: 9947.322: [GC 9947.322: [ParNew: 2559350K->32525K(2831168K), 0.0465400 secs] 9313948K->6808187K(12268352K), 0.0468670 secs] [Times: user=0.53 sys=0.00, real=0.05 secs] 
2011-02-26T08:45:07.472+0000: 9956.771: [GC 9956.771: [ParNew: 2549133K->45676K(2831168K), 0.0480170 secs] 9324795K->6840515K(12268352K), 0.0482560 secs] [Times: user=0.53 sys=0.00, real=0.05 secs] 
2011-02-26T08:45:11.739+0000: 9961.038: [GC 9961.038: [ParNew: 2562284K->60777K(2831168K), 0.0437430 secs] 9357123K->6876486K(12268352K), 0.0439760 secs] [Times: user=0.44 sys=0.00, real=0.04 secs] 
2011-02-26T08:45:16.720+0000: 9966.019: [GC 9966.020: [ParNew: 2577385K->40252K(2831168K), 0.0317590 secs] 9393094K->6868064K(12268352K), 0.0319960 secs] [Times: user=0.32 sys=0.00, real=0.03 secs] 
2011-02-26T08:45:26.650+0000: 9975.949: [GC 9975.949: [ParNew: 2556860K->34516K(2831168K), 0.0362230 secs] 9384672K->6869525K(12268352K), 0.0364630 secs] [Times: user=0.39 sys=0.00, real=0.03 secs] 
2011-02-26T08:45:32.970+0000: 9982.269: [GC 9982.269: [ParNew: 2551124K->123809K(2831168K), 0.0790760 secs] 9386133K->6978511K(12268352K), 0.0793750 secs] [Times: user=0.82 sys=0.00, real=0.08 secs] 
2011-02-26T08:45:36.293+0000: 9985.592: [GC 9985.592: [ParNew: 2640417K->70447K(2831168K), 0.0933370 secs] 9495119K->7038055K(12268352K), 0.0936360 secs] [Times: user=0.97 sys=0.02, real=0.09 secs] 
2011-02-26T08:45:46.349+0000: 9995.648: [GC 9995.648: [ParNew: 2558387K->218554K(2831168K), 0.1049860 secs] 9525995K->7238348K(12268352K), 0.1053430 secs] [Times: user=1.04 sys=0.02, real=0.10 secs] 
2011-02-26T08:45:49.426+0000: 9998.725: [GC 9998.725: [ParNew: 2735162K->122726K(2831168K), 0.0966810 secs] 9754956K->7265201K(12268352K), 0.0969950 secs] [Times: user=1.05 sys=0.02, real=0.10 secs] 
2011-02-26T08:45:49.525+0000: 9998.824: [GC [1 CMS-initial-mark: 7142474K(9437184K)] 7274870K(12268352K), 0.0686120 secs] [Times: user=0.07 sys=0.00, real=0.07 secs] 
2011-02-26T08:45:49.594+0000: 9998.893: [CMS-concurrent-mark-start]
2011-02-26T08:45:50.085+0000: 9999.384: [CMS-concurrent-mark: 0.491/0.491 secs] [Times: user=2.88 sys=0.48, real=0.49 secs] 
2011-02-26T08:45:50.085+0000: 9999.384: [CMS-concurrent-preclean-start]
2011-02-26T08:45:50.132+0000: 9999.431: [CMS-concurrent-preclean: 0.043/0.047 secs] [Times: user=0.16 sys=0.02, real=0.05 secs] 
2011-02-26T08:45:50.132+0000: 9999.431: [CMS-concurrent-abortable-preclean-start]
2011-02-26T08:45:52.082+0000: 10001.381: [CMS-concurrent-abortable-preclean: 1.943/1.950 secs] [Times: user=5.37 sys=0.87, real=1.95 secs] 
2011-02-26T08:45:52.084+0000: 10001.383: [GC[YG occupancy: 1399347 K (2831168 K)]10001.383: [Rescan (parallel) , 0.1916170 secs]10001.575: [weak refs processing, 0.0376370 secs] [1 CMS-remark: 7142474K(9437184K)] 8541822K(12268352K), 0.2295430 secs] [Times: user=2.38 sys=0.00, real=0.23 secs] 
2011-02-26T08:45:52.314+0000: 10001.613: [CMS-concurrent-sweep-start]
2011-02-26T08:45:53.990+0000: 10003.289: [GC 10003.290: [ParNew: 2639334K->141005K(2831168K), 0.0899490 secs] 9233224K->6844880K(12268352K), 0.0902680 secs] [Times: user=0.92 sys=0.01, real=0.09 secs] 
2011-02-26T08:45:58.587+0000: 10007.887: [GC 10007.887: [ParNew: 2657613K->48917K(2831168K), 0.0709940 secs] 8760841K->6194042K(12268352K), 0.0712700 secs] [Times: user=0.74 sys=0.01, real=0.07 secs] 
2011-02-26T08:46:05.809+0000: 10015.108: [GC 10015.108: [ParNew: 2565525K->83141K(2831168K), 0.0750170 secs] 7828644K->5386983K(12268352K), 0.0753030 secs] [Times: user=0.80 sys=0.01, real=0.07 secs] 
2011-02-26T08:46:10.282+0000: 10019.581: [GC 10019.581: [ParNew: 2599749K->63302K(2831168K), 0.0678410 secs] 7255156K->4759116K(12268352K), 0.0681410 secs] [Times: user=0.70 sys=0.00, real=0.07 secs] 
2011-02-26T08:46:15.534+0000: 10024.833: [GC 10024.833: [ParNew: 2579910K->41799K(2831168K), 0.0649860 secs] 6636195K->4131448K(12268352K), 0.0652780 secs] [Times: user=0.79 sys=0.00, real=0.07 secs] 
2011-02-26T08:46:26.427+0000: 10035.726: [GC 10035.726: [ParNew: 2558407K->63935K(2831168K), 0.0741270 secs] 5163656K->2700024K(12268352K), 0.0744190 secs] [Times: user=0.84 sys=0.02, real=0.07 secs] 
2011-02-26T08:46:32.993+0000: 10042.292: [CMS-concurrent-sweep: 40.149/40.679 secs] [Times: user=107.56 sys=16.08, real=40.68 secs] 
2011-02-26T08:46:32.994+0000: 10042.293: [CMS-concurrent-reset-start]
2011-02-26T08:46:33.016+0000: 10042.315: [CMS-concurrent-reset: 0.023/0.023 secs] [Times: user=0.08 sys=0.00, real=0.02 secs] 
2011-02-26T08:46:33.288+0000: 10042.587: [GC 10042.587: [ParNew: 2580543K->135755K(2831168K), 0.1260210 secs] 3762379K->1368616K(12268352K), 0.1263150 secs] [Times: user=1.32 sys=0.02, real=0.12 secs] 
2011-02-26T08:46:41.169+0000: 10050.468: [GC 10050.468: [ParNew: 2652363K->93843K(2831168K), 0.1524860 secs] 3885224K->1433987K(12268352K), 0.1527680 secs] [Times: user=1.52 sys=0.01, real=0.15 secs] 
2011-02-26T08:46:49.846+0000: 10059.145: [GC 10059.146: [ParNew: 2610451K->80583K(2831168K), 0.1041680 secs] 3950595K->1488248K(12268352K), 0.1044610 secs] [Times: user=1.05 sys=0.00, real=0.11 secs] 
2011-02-26T08:46:58.126+0000: 10067.425: [GC 10067.425: [ParNew: 2597191K->39382K(2831168K), 0.0697830 secs] 4004856K->1492677K(12268352K), 0.0700730 secs] [Times: user=0.72 sys=0.00, real=0.07 secs] 
2011-02-26T08:47:06.685+0000: 10075.984: [GC 10075.984: [ParNew: 2555990K->21655K(2831168K), 0.0426430 secs] 4009285K->1495452K(12268352K), 0.0428850 secs] [Times: user=0.51 sys=0.00, real=0.05 secs] 
2011-02-26T08:47:10.766+0000: 10080.065: [GC 10080.065: [ParNew: 2538263K->67462K(2831168K), 0.0482350 secs] 4012060K->1557147K(12268352K), 0.0484730 secs] [Times: user=0.45 sys=0.01, real=0.05 secs] 
2011-02-26T08:47:16.419+0000: 10085.718: [GC 10085.718: [ParNew: 2584070K->31522K(2831168K), 0.0317690 secs] 4073755K->1533865K(12268352K), 0.0320070 secs] [Times: user=0.29 sys=0.01, real=0.03 secs] 
2011-02-26T08:47:26.770+0000: 10096.069: [GC 10096.069: [ParNew: 2548130K->24596K(2831168K), 0.0387400 secs] 4050473K->1539253K(12268352K), 0.0390170 secs] [Times: user=0.38 sys=0.01, real=0.04 secs] 
2011-02-26T08:47:33.392+0000: 10102.691: [GC 10102.691: [ParNew: 2541204K->77033K(2831168K), 0.0712460 secs] 4055861K->1608211K(12268352K), 0.0715380 secs] [Times: user=0.75 sys=0.00, real=0.07 secs] 
2011-02-26T08:47:40.880+0000: 10110.179: [GC 10110.179: [ParNew: 2593641K->50978K(2831168K), 0.1177800 secs] 4124819K->1629511K(12268352K), 0.1180920 secs] [Times: user=0.93 sys=0.00, real=0.12 secs] 
2011-02-26T08:47:51.332+0000: 10120.631: [GC 10120.631: [ParNew: 2567586K->41386K(2831168K), 0.1053380 secs] 4146119K->1657180K(12268352K), 0.1056320 secs] [Times: user=0.82 sys=0.00, real=0.11 secs] 
2011-02-26T08:48:00.060+0000: 10129.359: [GC 10129.359: [ParNew: 2557994K->40659K(2831168K), 0.0842510 secs] 4173788K->1681193K(12268352K), 0.0845470 secs] [Times: user=0.57 sys=0.00, real=0.08 secs] 
2011-02-26T08:48:06.087+0000: 10135.386: [GC 10135.386: [ParNew: 2557267K->63509K(2831168K), 0.0734100 secs] 4197801K->1727870K(12268352K), 0.0737300 secs] [Times: user=0.56 sys=0.02, real=0.07 secs] 
2011-02-26T08:48:09.943+0000: 10139.242: [GC 10139.242: [ParNew: 2580117K->53622K(2831168K), 0.0489190 secs] 4244478K->1728847K(12268352K), 0.0492300 secs] [Times: user=0.40 sys=0.00, real=0.05 secs] 
2011-02-26T08:48:17.223+0000: 10146.522: [GC 10146.523: [ParNew: 2570230K->35777K(2831168K), 0.0475610 secs] 4245455K->1718384K(12268352K), 0.0479090 secs] [Times: user=0.42 sys=0.00, real=0.05 secs] 
2011-02-26T08:48:28.958+0000: 10158.257: [GC 10158.257: [ParNew: 2552385K->52340K(2831168K), 0.0564830 secs] 4234992K->1746674K(12268352K), 0.0567800 secs] [Times: user=0.46 sys=0.00, real=0.05 secs] 
2011-02-26T08:48:33.652+0000: 10162.951: [GC 10162.951: [ParNew: 2568948K->88236K(2831168K), 0.0928250 secs] 4263282K->1804690K(12268352K), 0.0931150 secs] [Times: user=0.82 sys=0.00, real=0.09 secs] 
2011-02-26T08:48:40.771+0000: 10170.070: [GC 10170.070: [ParNew: 2604844K->187160K(2831168K), 0.1443720 secs] 4321298K->1959170K(12268352K), 0.1446630 secs] [Times: user=1.08 sys=0.02, real=0.14 secs] 
2011-02-26T08:48:44.538+0000: 10173.837: [GC 10173.837: [ParNew: 2703768K->112453K(2831168K), 0.0774780 secs] 4475778K->1906829K(12268352K), 0.0777200 secs] [Times: user=0.74 sys=0.02, real=0.07 secs] 
2011-02-26T08:48:53.057+0000: 10182.357: [GC 10182.357: [ParNew: 2629061K->59311K(2831168K), 0.0737180 secs] 4423437K->1876087K(12268352K), 0.0739580 secs] [Times: user=0.66 sys=0.01, real=0.07 secs] 
2011-02-26T08:48:59.023+0000: 10188.322: [GC 10188.322: [ParNew: 2575919K->223422K(2831168K), 0.0901200 secs] 4392695K->2084330K(12268352K), 0.0904280 secs] [Times: user=0.96 sys=0.00, real=0.09 secs] 
2011-02-26T08:49:05.202+0000: 10194.501: [GC 10194.501: [ParNew: 2740030K->167004K(2831168K), 0.0939000 secs] 4600938K->2071694K(12268352K), 0.0941980 secs] [Times: user=0.99 sys=0.01, real=0.09 secs] 
2011-02-26T08:49:07.116+0000: 10196.415: [GC 10196.415: [ParNew: 2683612K->91805K(2831168K), 0.0868430 secs] 4588302K->2120201K(12268352K), 0.0871430 secs] [Times: user=0.94 sys=0.00, real=0.09 secs] 
2011-02-26T08:49:09.215+0000: 10198.514: [GC 10198.515: [ParNew: 2608413K->65607K(2831168K), 0.0397470 secs] 4636809K->2105225K(12268352K), 0.0443550 secs] [Times: user=0.39 sys=0.00, real=0.05 secs] 
2011-02-26T08:49:13.360+0000: 10202.659: [GC 10202.659: [ParNew: 2582215K->44492K(2831168K), 0.0495150 secs] 4621833K->2099899K(12268352K), 0.0497530 secs] [Times: user=0.49 sys=0.01, real=0.05 secs] 
2011-02-26T08:49:24.265+0000: 10213.564: [GC 10213.564: [ParNew: 2561100K->74524K(2831168K), 0.0656600 secs] 4616507K->2161454K(12268352K), 0.0658930 secs] [Times: user=0.78 sys=0.00, real=0.07 secs] 
2011-02-26T08:49:32.202+0000: 10221.501: [GC 10221.501: [ParNew: 2591132K->94760K(2831168K), 0.0980450 secs] 4678062K->2226806K(12268352K), 0.0982730 secs] [Times: user=1.05 sys=0.00, real=0.10 secs] 
2011-02-26T08:49:38.014+0000: 10227.314: [GC 10227.314: [ParNew: 2611368K->145826K(2831168K), 0.1421940 secs] 4743414K->2358935K(12268352K), 0.1424820 secs] [Times: user=1.57 sys=0.00, real=0.14 secs] 
2011-02-26T08:49:49.120+0000: 10238.419: [GC 10238.419: [ParNew: 2662434K->96999K(2831168K), 0.1442670 secs] 4875543K->2414495K(12268352K), 0.1445620 secs] [Times: user=1.43 sys=0.01, real=0.14 secs] 
2011-02-26T08:49:57.559+0000: 10246.858: [GC 10246.858: [ParNew: 2613607K->90442K(2831168K), 0.1161090 secs] 4931103K->2472392K(12268352K), 0.1163990 secs] [Times: user=1.21 sys=0.00, real=0.11 secs] 
2011-02-26T08:50:05.252+0000: 10254.551: [GC 10254.551: [ParNew: 2607001K->83903K(2831168K), 0.0871280 secs] 4988952K->2525434K(12268352K), 0.0874460 secs] [Times: user=0.93 sys=0.00, real=0.09 secs] 
2011-02-26T08:50:08.558+0000: 10257.857: [GC 10257.857: [ParNew: 2600511K->59155K(2831168K), 0.0474550 secs] 5042042K->2522620K(12268352K), 0.0477520 secs] [Times: user=0.49 sys=0.01, real=0.04 secs] 
2011-02-26T08:50:13.513+0000: 10262.812: [GC 10262.812: [ParNew: 2575712K->39242K(2831168K), 0.0333760 secs] 5039177K->2508255K(12268352K), 0.0336670 secs] [Times: user=0.36 sys=0.01, real=0.03 secs] 
2011-02-26T08:50:25.218+0000: 10274.517: [GC 10274.518: [ParNew: 2555850K->27391K(2831168K), 0.0389630 secs] 5024863K->2507265K(12268352K), 0.0392890 secs] [Times: user=0.41 sys=0.01, real=0.04 secs] 
2011-02-26T08:50:32.704+0000: 10282.003: [GC 10282.003: [ParNew: 2543999K->76653K(2831168K), 0.0595270 secs] 5023873K->2575128K(12268352K), 0.0598180 secs] [Times: user=0.67 sys=0.00, real=0.06 secs] 
2011-02-26T08:50:39.033+0000: 10288.332: [GC 10288.332: [ParNew: 2593261K->68924K(2831168K), 0.0813020 secs] 5091736K->2611701K(12268352K), 0.0815840 secs] [Times: user=0.91 sys=0.01, real=0.08 secs] 
2011-02-26T08:50:47.850+0000: 10297.149: [GC 10297.149: [ParNew: 2585532K->41562K(2831168K), 0.0670260 secs] 5128309K->2626286K(12268352K), 0.0673230 secs] [Times: user=0.67 sys=0.00, real=0.07 secs] 
2011-02-26T08:50:56.201+0000: 10305.500: [GC 10305.500: [ParNew: 2558170K->52360K(2831168K), 0.0502480 secs] 5142894K->2655298K(12268352K), 0.0505450 secs] [Times: user=0.52 sys=0.01, real=0.05 secs] 
2011-02-26T08:51:05.286+0000: 10314.585: [GC 10314.586: [ParNew: 2568928K->57633K(2831168K), 0.0511640 secs] 5171867K->2684494K(12268352K), 0.0514010 secs] [Times: user=0.63 sys=0.00, real=0.06 secs] 
2011-02-26T08:51:08.469+0000: 10317.768: [GC 10317.768: [ParNew: 2574186K->46820K(2831168K), 0.0383150 secs] 5201047K->2693677K(12268352K), 0.0385520 secs] [Times: user=0.41 sys=0.00, real=0.03 secs] 
2011-02-26T08:51:13.400+0000: 10322.699: [GC 10322.699: [ParNew: 2563428K->33646K(2831168K), 0.0277660 secs] 5210285K->2685849K(12268352K), 0.0279990 secs] [Times: user=0.26 sys=0.00, real=0.03 secs] 
2011-02-26T08:51:23.871+0000: 10333.170: [GC 10333.170: [ParNew: 2550254K->26587K(2831168K), 0.0357160 secs] 5202457K->2693691K(12268352K), 0.0359440 secs] [Times: user=0.39 sys=0.00, real=0.04 secs] 
2011-02-26T08:51:32.020+0000: 10341.319: [GC 10341.319: [ParNew: 2543195K->32595K(2831168K), 0.0526950 secs] 5210299K->2714991K(12268352K), 0.0529300 secs] [Times: user=0.55 sys=0.00, real=0.05 secs] 
2011-02-26T08:51:39.201+0000: 10348.500: [GC 10348.501: [ParNew: 2549203K->87747K(2831168K), 0.1032390 secs] 5231599K->2795537K(12268352K), 0.1034780 secs] [Times: user=0.91 sys=0.00, real=0.10 secs] 
2011-02-26T08:51:47.503+0000: 10356.802: [GC 10356.803: [ParNew: 2604355K->51598K(2831168K), 0.1000490 secs] 5312145K->2812028K(12268352K), 0.1003280 secs] [Times: user=0.91 sys=0.01, real=0.10 secs] 
2011-02-26T08:51:54.035+0000: 10363.334: [GC 10363.334: [ParNew: 2568206K->109126K(2831168K), 0.0518310 secs] 5328636K->2892145K(12268352K), 0.0521230 secs] [Times: user=0.63 sys=0.01, real=0.05 secs] 
2011-02-26T08:52:00.370+0000: 10369.669: [GC 10369.669: [ParNew: 2625734K->73897K(2831168K), 0.0653110 secs] 5408753K->2881921K(12268352K), 0.0656000 secs] [Times: user=0.69 sys=0.00, real=0.06 secs] 
2011-02-26T08:52:06.682+0000: 10375.981: [GC 10375.981: [ParNew: 2590487K->40551K(2831168K), 0.0710450 secs] 5398511K->2887679K(12268352K), 0.0713500 secs] [Times: user=0.68 sys=0.01, real=0.07 secs] 
2011-02-26T08:52:09.739+0000: 10379.038: [GC 10379.039: [ParNew: 2557159K->42998K(2831168K), 0.0539620 secs] 5404287K->2910131K(12268352K), 0.0542620 secs] [Times: user=0.45 sys=0.01, real=0.06 secs] 
2011-02-26T08:52:14.435+0000: 10383.734: [GC 10383.734: [ParNew: 2559606K->198287K(2831168K), 0.0641960 secs] 5426739K->3078456K(12268352K), 0.0644700 secs] [Times: user=0.73 sys=0.00, real=0.07 secs] 
2011-02-26T08:52:20.953+0000: 10390.252: [GC 10390.252: [ParNew: 2714895K->58525K(2831168K), 0.0661610 secs] 5595064K->2969581K(12268352K), 0.0663930 secs] [Times: user=0.76 sys=0.00, real=0.07 secs] 
2011-02-26T08:52:30.925+0000: 10400.224: [GC 10400.225: [ParNew: 2575133K->74053K(2831168K), 0.0872690 secs] 5486189K->3024329K(12268352K), 0.0875070 secs] [Times: user=1.05 sys=0.00, real=0.09 secs] 
2011-02-26T08:52:35.310+0000: 10404.609: [GC 10404.609: [ParNew: 2590661K->155594K(2831168K), 0.1271920 secs] 5540937K->3161329K(12268352K), 0.1274680 secs] [Times: user=1.39 sys=0.00, real=0.13 secs] 
2011-02-26T08:52:44.703+0000: 10414.002: [GC 10414.002: [ParNew: 2672202K->105269K(2831168K), 0.1553160 secs] 5677937K->3234204K(12268352K), 0.1556010 secs] [Times: user=1.58 sys=0.01, real=0.16 secs] 
2011-02-26T08:52:53.494+0000: 10422.794: [GC 10422.794: [ParNew: 2621877K->96367K(2831168K), 0.1136310 secs] 5750812K->3286809K(12268352K), 0.1139100 secs] [Times: user=1.27 sys=0.03, real=0.12 secs] 
2011-02-26T08:53:03.687+0000: 10432.986: [GC 10432.986: [ParNew: 2612975K->80808K(2831168K), 0.1214070 secs] 5803417K->3346095K(12268352K), 0.1217010 secs] [Times: user=1.37 sys=0.00, real=0.13 secs] 
2011-02-26T08:53:07.143+0000: 10436.442: [GC 10436.442: [ParNew: 2597416K->75780K(2831168K), 0.0881230 secs] 5862703K->3403427K(12268352K), 0.0884240 secs] [Times: user=0.87 sys=0.01, real=0.09 secs] 
2011-02-26T08:53:09.716+0000: 10439.015: [GC 10439.015: [ParNew: 2592388K->33988K(2831168K), 0.0386950 secs] 5920035K->3374696K(12268352K), 0.0389330 secs] [Times: user=0.51 sys=0.00, real=0.04 secs] 
2011-02-26T08:53:19.715+0000: 10449.014: [GC 10449.014: [ParNew: 2550596K->44483K(2831168K), 0.0519170 secs] 5891304K->3402289K(12268352K), 0.0521480 secs] [Times: user=0.65 sys=0.00, real=0.06 secs] 
2011-02-26T08:53:30.044+0000: 10459.343: [GC 10459.343: [ParNew: 2561091K->33199K(2831168K), 0.0584760 secs] 5918897K->3423162K(12268352K), 0.0587100 secs] [Times: user=0.63 sys=0.00, real=0.06 secs] 
2011-02-26T08:53:35.869+0000: 10465.168: [GC 10465.169: [ParNew: 2549807K->94478K(2831168K), 0.0737610 secs] 5939770K->3505952K(12268352K), 0.0739870 secs] [Times: user=0.84 sys=0.00, real=0.07 secs] 
2011-02-26T08:53:44.978+0000: 10474.277: [GC 10474.277: [ParNew: 2611086K->50721K(2831168K), 0.0933200 secs] 6022560K->3526818K(12268352K), 0.0935540 secs] [Times: user=0.95 sys=0.00, real=0.09 secs] 
2011-02-26T08:53:53.581+0000: 10482.880: [GC 10482.880: [ParNew: 2567329K->52758K(2831168K), 0.0520740 secs] 6043426K->3548941K(12268352K), 0.0523600 secs] [Times: user=0.53 sys=0.00, real=0.05 secs] 
2011-02-26T08:54:02.295+0000: 10491.594: [GC 10491.594: [ParNew: 2569366K->29857K(2831168K), 0.0487230 secs] 6065549K->3550446K(12268352K), 0.0490260 secs] [Times: user=0.55 sys=0.00, real=0.05 secs] 
2011-02-26T08:54:09.167+0000: 10498.466: [GC 10498.466: [ParNew: 2546465K->84333K(2831168K), 0.0448550 secs] 6067054K->3624212K(12268352K), 0.0451580 secs] [Times: user=0.48 sys=0.02, real=0.05 secs] 
2011-02-26T08:54:11.813+0000: 10501.112: [GC 10501.113: [ParNew: 2600941K->53573K(2831168K), 0.0345380 secs] 6140820K->3609571K(12268352K), 0.0348080 secs] [Times: user=0.39 sys=0.01, real=0.04 secs] 
2011-02-26T08:54:20.099+0000: 10509.398: [GC 10509.398: [ParNew: 2570181K->23474K(2831168K), 0.0281330 secs] 6126179K->3587477K(12268352K), 0.0284700 secs] [Times: user=0.27 sys=0.01, real=0.03 secs] 
2011-02-26T08:54:30.092+0000: 10519.391: [GC 10519.391: [ParNew: 2540082K->23560K(2831168K), 0.0400950 secs] 6104085K->3600218K(12268352K), 0.0404120 secs] [Times: user=0.39 sys=0.01, real=0.04 secs] 
2011-02-26T08:54:34.647+0000: 10523.946: [GC 10523.946: [ParNew: 2540168K->89529K(2831168K), 0.0664790 secs] 6116826K->3682266K(12268352K), 0.0667730 secs] [Times: user=0.80 sys=0.01, real=0.07 secs] 
2011-02-26T08:54:44.564+0000: 10533.863: [GC 10533.863: [ParNew: 2606137K->49117K(2831168K), 0.0845840 secs] 6198874K->3696824K(12268352K), 0.0848720 secs] [Times: user=0.90 sys=0.01, real=0.09 secs] 
2011-02-26T08:54:53.346+0000: 10542.645: [GC 10542.645: [ParNew: 2565725K->38185K(2831168K), 0.0459280 secs] 6213432K->3713174K(12268352K), 0.0462240 secs] [Times: user=0.52 sys=0.01, real=0.05 secs] 
2011-02-26T08:55:01.858+0000: 10551.157: [GC 10551.158: [ParNew: 2554793K->55337K(2831168K), 0.0552470 secs] 6229782K->3749848K(12268352K), 0.0554840 secs] [Times: user=0.57 sys=0.00, real=0.05 secs] 
2011-02-26T08:55:06.641+0000: 10555.940: [GC 10555.940: [ParNew: 2571945K->99310K(2831168K), 0.0525830 secs] 6266456K->3818176K(12268352K), 0.0528870 secs] [Times: user=0.47 sys=0.00, real=0.05 secs] 
2011-02-26T08:55:11.098+0000: 10560.398: [GC 10560.398: [ParNew: 2615918K->145829K(2831168K), 0.0590970 secs] 6334784K->3877062K(12268352K), 0.0593940 secs] [Times: user=0.64 sys=0.01, real=0.06 secs] 
2011-02-26T08:55:13.808+0000: 10563.107: [GC 10563.107: [ParNew: 2662437K->64481K(2831168K), 0.0646720 secs] 6393670K->3901578K(12268352K), 0.0650040 secs] [Times: user=0.66 sys=0.00, real=0.07 secs] 
2011-02-26T08:55:15.508+0000: 10564.807: [GC 10564.807: [ParNew: 2581089K->35298K(2831168K), 0.0278960 secs] 6418186K->3885731K(12268352K), 0.0281810 secs] [Times: user=0.31 sys=0.00, real=0.02 secs] 
2011-02-26T08:55:19.433+0000: 10568.732: [GC 10568.732: [ParNew: 2551906K->22605K(2831168K), 0.0240350 secs] 6402339K->3878714K(12268352K), 0.0243210 secs] [Times: user=0.26 sys=0.00, real=0.03 secs] 
2011-02-26T08:55:30.541+0000: 10579.840: [GC 10579.840: [ParNew: 2539213K->43881K(2831168K), 0.0405220 secs] 6395322K->3910849K(12268352K), 0.0408390 secs] [Times: user=0.42 sys=0.00, real=0.04 secs] 
2011-02-26T08:55:33.032+0000: 10582.331: [GC 10582.331: [ParNew: 2560489K->244472K(2831168K), 0.1057370 secs] 6427457K->4147373K(12268352K), 0.1060300 secs] [Times: user=1.11 sys=0.00, real=0.11 secs] 
2011-02-26T08:55:36.392+0000: 10585.691: [GC 10585.691: [ParNew: 2761080K->164489K(2831168K), 0.1456920 secs] 6663981K->4150846K(12268352K), 0.1460120 secs] [Times: user=1.43 sys=0.00, real=0.15 secs] 
2011-02-26T08:55:39.841+0000: 10589.140: [GC 10589.140: [ParNew: 2681097K->68800K(2831168K), 0.1098580 secs] 6667454K->4200007K(12268352K), 0.1101500 secs] [Times: user=1.15 sys=0.02, real=0.11 secs] 
2011-02-26T08:55:47.699+0000: 10596.998: [GC 10596.999: [ParNew: 2585408K->74069K(2831168K), 0.0664520 secs] 6716615K->4227484K(12268352K), 0.0666820 secs] [Times: user=0.77 sys=0.00, real=0.06 secs] 
2011-02-26T08:55:56.306+0000: 10605.606: [GC 10605.606: [ParNew: 2590677K->104433K(2831168K), 0.1223190 secs] 6744092K->4316049K(12268352K), 0.1226050 secs] [Times: user=1.20 sys=0.00, real=0.13 secs] 
2011-02-26T08:56:05.352+0000: 10614.651: [GC 10614.651: [ParNew: 2621041K->111391K(2831168K), 0.1238150 secs] 6832657K->4397959K(12268352K), 0.1240570 secs] [Times: user=1.21 sys=0.00, real=0.12 secs] 
2011-02-26T08:56:08.632+0000: 10617.931: [GC 10617.932: [ParNew: 2627999K->83653K(2831168K), 0.0842140 secs] 6914567K->4429459K(12268352K), 0.0844520 secs] [Times: user=0.91 sys=0.00, real=0.08 secs] 
2011-02-26T08:56:14.056+0000: 10623.355: [GC 10623.355: [ParNew: 2600261K->53495K(2831168K), 0.0514150 secs] 6946067K->4415346K(12268352K), 0.0516510 secs] [Times: user=0.64 sys=0.01, real=0.06 secs] 
2011-02-26T08:56:24.911+0000: 10634.210: [GC 10634.211: [ParNew: 2570103K->66170K(2831168K), 0.0706390 secs] 6931954K->4460564K(12268352K), 0.0709160 secs] [Times: user=0.77 sys=0.00, real=0.07 secs] 
2011-02-26T08:56:32.295+0000: 10641.594: [GC 10641.594: [ParNew: 2582778K->94345K(2831168K), 0.1144440 secs] 6977172K->4531863K(12268352K), 0.1147510 secs] [Times: user=1.31 sys=0.00, real=0.12 secs] 
2011-02-26T08:56:40.490+0000: 10649.789: [GC 10649.789: [ParNew: 2610953K->66046K(2831168K), 0.1036760 secs] 7048471K->4564420K(12268352K), 0.1039610 secs] [Times: user=1.02 sys=0.01, real=0.10 secs] 
2011-02-26T08:56:49.583+0000: 10658.882: [GC 10658.882: [ParNew: 2582654K->60241K(2831168K), 0.0896040 secs] 7081028K->4599662K(12268352K), 0.0898850 secs] [Times: user=0.85 sys=0.01, real=0.09 secs] 
2011-02-26T08:56:57.743+0000: 10667.042: [GC 10667.043: [ParNew: 2576849K->25731K(2831168K), 0.0524380 secs] 7116270K->4590694K(12268352K), 0.0527470 secs] [Times: user=0.64 sys=0.05, real=0.05 secs] 
2011-02-26T08:57:06.067+0000: 10675.366: [GC 10675.366: [ParNew: 2542339K->49758K(2831168K), 0.0590400 secs] 7107302K->4634838K(12268352K), 0.0593390 secs] [Times: user=0.60 sys=0.00, real=0.06 secs] 
2011-02-26T08:57:10.043+0000: 10679.342: [GC 10679.342: [ParNew: 2566366K->35737K(2831168K), 0.0374830 secs] 7151446K->4640225K(12268352K), 0.0377210 secs] [Times: user=0.39 sys=0.00, real=0.04 secs] 
2011-02-26T08:57:13.614+0000: 10682.913: [GC 10682.913: [ParNew: 2552345K->25505K(2831168K), 0.0266810 secs] 7156833K->4638312K(12268352K), 0.0269260 secs] [Times: user=0.30 sys=0.00, real=0.03 secs] 
2011-02-26T08:57:25.950+0000: 10695.249: [GC 10695.249: [ParNew: 2542113K->61362K(2831168K), 0.0402360 secs] 7154920K->4681271K(12268352K), 0.0406070 secs] [Times: user=0.40 sys=0.00, real=0.04 secs] 
2011-02-26T08:57:32.923+0000: 10702.222: [GC 10702.222: [ParNew: 2577970K->57812K(2831168K), 0.0586030 secs] 7197879K->4700781K(12268352K), 0.0588330 secs] [Times: user=0.66 sys=0.00, real=0.06 secs] 
2011-02-26T08:57:39.659+0000: 10708.958: [GC 10708.958: [ParNew: 2574420K->63691K(2831168K), 0.0765980 secs] 7217389K->4743350K(12268352K), 0.0769000 secs] [Times: user=0.80 sys=0.00, real=0.07 secs] 
2011-02-26T08:57:48.075+0000: 10717.374: [GC 10717.374: [ParNew: 2580299K->111508K(2831168K), 0.0682890 secs] 7259958K->4829757K(12268352K), 0.0685840 secs] [Times: user=0.79 sys=0.00, real=0.07 secs] 
2011-02-26T08:57:54.281+0000: 10723.580: [GC 10723.580: [ParNew: 2628116K->54356K(2831168K), 0.0438730 secs] 7346365K->4789966K(12268352K), 0.0442230 secs] [Times: user=0.46 sys=0.00, real=0.04 secs] 
2011-02-26T08:58:04.605+0000: 10733.904: [GC 10733.904: [ParNew: 2570964K->46677K(2831168K), 0.0456010 secs] 7306574K->4803473K(12268352K), 0.0458940 secs] [Times: user=0.53 sys=0.00, real=0.05 secs] 
2011-02-26T08:58:07.718+0000: 10737.017: [GC 10737.017: [ParNew: 2563285K->53773K(2831168K), 0.0501240 secs] 7320081K->4833436K(12268352K), 0.0504580 secs] [Times: user=0.48 sys=0.01, real=0.05 secs] 
2011-02-26T08:58:11.610+0000: 10740.909: [GC 10740.909: [ParNew: 2570449K->42350K(2831168K), 0.0279780 secs] 7350112K->4825986K(12268352K), 0.0282700 secs] [Times: user=0.27 sys=0.00, real=0.02 secs] 
2011-02-26T08:58:11.640+0000: 10740.939: [GC 10740.939: [ParNew: 44133K->9386K(2831168K), 0.0245840 secs] 4827769K->4808913K(12268352K), 0.0248240 secs] [Times: user=0.27 sys=0.00, real=0.02 secs] 
2011-02-26T08:58:21.023+0000: 10750.323: [GC 10750.323: [ParNew: 2525994K->96749K(2831168K), 0.0393400 secs] 7325521K->4896282K(12268352K), 0.0396290 secs] [Times: user=0.48 sys=0.00, real=0.04 secs] 
2011-02-26T08:58:27.612+0000: 10756.911: [GC 10756.911: [ParNew: 2613357K->35748K(2831168K), 0.0580390 secs] 7412890K->4855567K(12268352K), 0.0583220 secs] [Times: user=0.62 sys=0.00, real=0.06 secs] 
2011-02-26T08:58:33.310+0000: 10762.609: [GC 10762.610: [ParNew: 2552356K->104341K(2831168K), 0.0857820 secs] 7372175K->4950291K(12268352K), 0.0860800 secs] [Times: user=0.87 sys=0.02, real=0.08 secs] 
2011-02-26T08:58:35.993+0000: 10765.292: [GC 10765.292: [ParNew: 2620949K->233416K(2831168K), 0.1368940 secs] 7466899K->5148661K(12268352K), 0.1371800 secs] [Times: user=1.31 sys=0.00, real=0.14 secs] 
2011-02-26T08:58:40.463+0000: 10769.762: [GC 10769.763: [ParNew: 2750024K->143364K(2831168K), 0.0945750 secs] 7665269K->5118635K(12268352K), 0.0948740 secs] [Times: user=1.02 sys=0.01, real=0.10 secs] 
2011-02-26T08:58:46.255+0000: 10775.554: [GC 10775.554: [ParNew: 2659972K->60885K(2831168K), 0.0721310 secs] 7635243K->5067979K(12268352K), 0.0724360 secs] [Times: user=0.80 sys=0.00, real=0.08 secs] 
2011-02-26T08:58:54.774+0000: 10784.073: [GC 10784.073: [ParNew: 2577493K->97089K(2831168K), 0.0958420 secs] 7584587K->5149349K(12268352K), 0.0961100 secs] [Times: user=1.03 sys=0.00, real=0.10 secs] 
2011-02-26T08:59:03.719+0000: 10793.018: [GC 10793.018: [ParNew: 2613697K->80534K(2831168K), 0.1138900 secs] 7665957K->5205215K(12268352K), 0.1142220 secs] [Times: user=1.18 sys=0.01, real=0.11 secs] 
2011-02-26T08:59:08.133+0000: 10797.432: [GC 10797.432: [ParNew: 2597142K->88987K(2831168K), 0.0957440 secs] 7721823K->5276931K(12268352K), 0.0960490 secs] [Times: user=1.04 sys=0.00, real=0.10 secs] 
2011-02-26T08:59:10.688+0000: 10799.987: [GC 10799.988: [ParNew: 2605595K->74834K(2831168K), 0.0548030 secs] 7793539K->5286538K(12268352K), 0.0551170 secs] [Times: user=0.57 sys=0.02, real=0.05 secs] 
2011-02-26T08:59:20.253+0000: 10809.552: [GC 10809.552: [ParNew: 2591442K->67254K(2831168K), 0.0681920 secs] 7803146K->5304792K(12268352K), 0.0684880 secs] [Times: user=0.79 sys=0.00, real=0.07 secs] 
2011-02-26T08:59:30.277+0000: 10819.576: [GC 10819.576: [ParNew: 2583862K->57070K(2831168K), 0.0932630 secs] 7821400K->5345627K(12268352K), 0.0935560 secs] [Times: user=0.99 sys=0.00, real=0.10 secs] 
2011-02-26T08:59:34.699+0000: 10823.998: [GC 10823.998: [ParNew: 2573678K->105009K(2831168K), 0.1091720 secs] 7862235K->5435723K(12268352K), 0.1094620 secs] [Times: user=1.22 sys=0.00, real=0.11 secs] 
2011-02-26T08:59:44.027+0000: 10833.326: [GC 10833.326: [ParNew: 2621617K->80759K(2831168K), 0.1286040 secs] 7952331K->5504949K(12268352K), 0.1289130 secs] [Times: user=1.26 sys=0.01, real=0.12 secs] 
2011-02-26T08:59:54.071+0000: 10843.370: [GC 10843.370: [ParNew: 2597367K->57252K(2831168K), 0.0493800 secs] 8021557K->5498731K(12268352K), 0.0496660 secs] [Times: user=0.50 sys=0.01, real=0.05 secs] 
2011-02-26T09:00:03.202+0000: 10852.501: [GC 10852.502: [ParNew: 2573860K->41148K(2831168K), 0.0528890 secs] 8015339K->5510122K(12268352K), 0.0531710 secs] [Times: user=0.58 sys=0.00, real=0.05 secs] 
2011-02-26T09:00:06.938+0000: 10856.237: [GC 10856.237: [ParNew: 2557756K->43931K(2831168K), 0.0423760 secs] 8026730K->5534401K(12268352K), 0.1577450 secs] [Times: user=0.46 sys=0.00, real=0.15 secs] 
2011-02-26T09:00:09.829+0000: 10859.128: [GC 10859.129: [ParNew: 2560539K->31086K(2831168K), 0.0287330 secs] 8051009K->5528373K(12268352K), 0.0289670 secs] [Times: user=0.28 sys=0.00, real=0.03 secs] 
2011-02-26T09:00:19.410+0000: 10868.709: [GC 10868.709: [ParNew: 2547694K->43179K(2831168K), 0.0372450 secs] 8044981K->5547294K(12268352K), 0.0376030 secs] [Times: user=0.40 sys=0.00, real=0.04 secs] 
2011-02-26T09:00:29.694+0000: 10878.993: [GC 10878.993: [ParNew: 2559787K->39733K(2831168K), 0.0496930 secs] 8063902K->5565307K(12268352K), 0.0500050 secs] [Times: user=0.53 sys=0.00, real=0.05 secs] 
2011-02-26T09:00:35.518+0000: 10884.817: [GC 10884.817: [ParNew: 2556341K->101013K(2831168K), 0.0838690 secs] 8081915K->5647107K(12268352K), 0.0841570 secs] [Times: user=0.94 sys=0.00, real=0.08 secs] 
2011-02-26T09:00:44.806+0000: 10894.105: [GC 10894.105: [ParNew: 2611777K->52909K(2831168K), 0.0996080 secs] 8157871K->5666470K(12268352K), 0.0998390 secs] [Times: user=1.02 sys=0.00, real=0.10 secs] 
2011-02-26T09:00:52.798+0000: 10902.097: [GC 10902.097: [ParNew: 2569517K->38888K(2831168K), 0.0493060 secs] 8183078K->5674747K(12268352K), 0.0495510 secs] [Times: user=0.58 sys=0.01, real=0.05 secs] 
2011-02-26T09:00:52.849+0000: 10902.148: [GC 10902.148: [ParNew: 39677K->12980K(2831168K), 0.0357200 secs] 5675536K->5675648K(12268352K), 0.0358990 secs] [Times: user=0.34 sys=0.01, real=0.03 secs] 
2011-02-26T09:01:01.521+0000: 10910.820: [GC 10910.820: [ParNew: 2529588K->30934K(2831168K), 0.0415750 secs] 8192256K->5693603K(12268352K), 0.0418010 secs] [Times: user=0.40 sys=0.00, real=0.04 secs] 
2011-02-26T09:01:06.240+0000: 10915.539: [GC 10915.540: [ParNew: 2547542K->41106K(2831168K), 0.0454230 secs] 8210211K->5728897K(12268352K), 0.0456670 secs] [Times: user=0.42 sys=0.00, real=0.04 secs] 
2011-02-26T09:01:09.062+0000: 10918.361: [GC 10918.361: [ParNew: 2557714K->29680K(2831168K), 0.0243630 secs] 8245505K->5727326K(12268352K), 0.0246000 secs] [Times: user=0.26 sys=0.00, real=0.02 secs] 
2011-02-26T09:01:19.080+0000: 10928.379: [GC 10928.380: [ParNew: 2546288K->36831K(2831168K), 0.0291090 secs] 8243934K->5740260K(12268352K), 0.0293440 secs] [Times: user=0.28 sys=0.00, real=0.03 secs] 
2011-02-26T09:01:29.326+0000: 10938.625: [GC 10938.625: [ParNew: 2553439K->35559K(2831168K), 0.0427970 secs] 8256868K->5759149K(12268352K), 0.0430950 secs] [Times: user=0.51 sys=0.00, real=0.05 secs] 
2011-02-26T09:01:33.277+0000: 10942.576: [GC 10942.576: [ParNew: 2552167K->153534K(2831168K), 0.0740970 secs] 8275757K->5896242K(12268352K), 0.0743340 secs] [Times: user=0.87 sys=0.01, real=0.07 secs] 
2011-02-26T09:01:38.395+0000: 10947.694: [GC 10947.695: [ParNew: 2670142K->64914K(2831168K), 0.1166940 secs] 8412850K->5870851K(12268352K), 0.1170100 secs] [Times: user=1.29 sys=0.01, real=0.12 secs] 
2011-02-26T09:01:45.323+0000: 10954.622: [GC 10954.622: [ParNew: 2581522K->205511K(2831168K), 0.0914830 secs] 8387459K->6054789K(12268352K), 0.0917940 secs] [Times: user=1.04 sys=0.01, real=0.09 secs] 
2011-02-26T09:01:51.448+0000: 10960.747: [GC 10960.747: [ParNew: 2722119K->87146K(2831168K), 0.0880070 secs] 8571397K->5975681K(12268352K), 0.0882990 secs] [Times: user=0.95 sys=0.01, real=0.08 secs] 
2011-02-26T09:02:00.292+0000: 10969.591: [GC 10969.592: [ParNew: 2603754K->116106K(2831168K), 0.1145950 secs] 8492289K->6066786K(12268352K), 0.1148300 secs] [Times: user=1.29 sys=0.00, real=0.12 secs] 
2011-02-26T09:02:05.986+0000: 10975.285: [GC 10975.285: [ParNew: 2632714K->97034K(2831168K), 0.1014940 secs] 8583394K->6121367K(12268352K), 0.1017490 secs] [Times: user=1.08 sys=0.02, real=0.11 secs] 
2011-02-26T09:02:08.612+0000: 10977.911: [GC 10977.911: [ParNew: 2613642K->85251K(2831168K), 0.0586530 secs] 8637975K->6139669K(12268352K), 0.0588920 secs] [Times: user=0.66 sys=0.00, real=0.06 secs] 
2011-02-26T09:02:14.742+0000: 10984.041: [GC 10984.042: [ParNew: 2601859K->68101K(2831168K), 0.0589520 secs] 8656277K->6138688K(12268352K), 0.0592140 secs] [Times: user=0.65 sys=0.00, real=0.06 secs] 
2011-02-26T09:02:25.160+0000: 10994.459: [GC 10994.459: [ParNew: 2584709K->78427K(2831168K), 0.0830860 secs] 8655296K->6191412K(12268352K), 0.0833250 secs] [Times: user=0.92 sys=0.00, real=0.08 secs] 
2011-02-26T09:02:33.151+0000: 11002.450: [GC 11002.451: [ParNew: 2595035K->139412K(2831168K), 0.1221930 secs] 8708020K->6299524K(12268352K), 0.1224440 secs] [Times: user=1.29 sys=0.00, real=0.12 secs] 
2011-02-26T09:02:40.842+0000: 11010.141: [GC 11010.141: [ParNew: 2656020K->104170K(2831168K), 0.1515370 secs] 8816132K->6368880K(12268352K), 0.1517700 secs] [Times: user=1.54 sys=0.01, real=0.15 secs] 
2011-02-26T09:02:49.768+0000: 11019.067: [GC 11019.067: [ParNew: 2620778K->77465K(2831168K), 0.1100910 secs] 8885488K->6413892K(12268352K), 0.1103610 secs] [Times: user=1.14 sys=0.00, real=0.11 secs] 
2011-02-26T09:02:58.139+0000: 11027.438: [GC 11027.438: [ParNew: 2594073K->33231K(2831168K), 0.0603180 secs] 8930500K->6405394K(12268352K), 0.0606190 secs] [Times: user=0.67 sys=0.00, real=0.06 secs] 
2011-02-26T09:03:06.480+0000: 11035.779: [GC 11035.779: [ParNew: 2549839K->78667K(2831168K), 0.0532410 secs] 8922002K->6469958K(12268352K), 0.0535420 secs] [Times: user=0.52 sys=0.01, real=0.05 secs] 
2011-02-26T09:03:09.114+0000: 11038.413: [GC 11038.413: [ParNew: 2595275K->65883K(2831168K), 0.0372640 secs] 8986566K->6476278K(12268352K), 0.0375580 secs] [Times: user=0.39 sys=0.01, real=0.04 secs] 
2011-02-26T09:03:14.213+0000: 11043.512: [GC 11043.512: [ParNew: 2582491K->42636K(2831168K), 0.0260770 secs] 8992886K->6460187K(12268352K), 0.0263710 secs] [Times: user=0.26 sys=0.00, real=0.03 secs] 
2011-02-26T09:03:24.070+0000: 11053.369: [GC 11053.369: [ParNew: 2559244K->24729K(2831168K), 0.0352650 secs] 8976795K->6452519K(12268352K), 0.0355620 secs] [Times: user=0.39 sys=0.00, real=0.03 secs] 
2011-02-26T09:03:33.301+0000: 11062.600: [GC 11062.600: [ParNew: 2541337K->51855K(2831168K), 0.0627320 secs] 8969127K->6494636K(12268352K), 0.0630850 secs] [Times: user=0.50 sys=0.00, real=0.06 secs] 
2011-02-26T09:03:37.694+0000: 11066.993: [GC 11066.993: [ParNew: 2568463K->90667K(2831168K), 0.0780030 secs] 9011244K->6554919K(12268352K), 0.0782940 secs] [Times: user=0.86 sys=0.01, real=0.08 secs] 
2011-02-26T09:03:48.828+0000: 11078.127: [GC 11078.127: [ParNew: 2607275K->47878K(2831168K), 0.0962920 secs] 9071527K->6575191K(12268352K), 0.0965840 secs] [Times: user=0.98 sys=0.05, real=0.09 secs] 
2011-02-26T09:03:56.796+0000: 11086.095: [GC 11086.095: [ParNew: 2564486K->43234K(2831168K), 0.0485720 secs] 9091799K->6591635K(12268352K), 0.0488640 secs] [Times: user=0.56 sys=0.00, real=0.05 secs] 
2011-02-26T09:04:04.946+0000: 11094.245: [GC 11094.245: [ParNew: 2559842K->61295K(2831168K), 0.0491100 secs] 9108243K->6632890K(12268352K), 0.0494060 secs] [Times: user=0.48 sys=0.00, real=0.05 secs] 
2011-02-26T09:04:07.677+0000: 11096.976: [GC 11096.977: [ParNew: 2577903K->62612K(2831168K), 0.0337590 secs] 9149498K->6650974K(12268352K), 0.0340520 secs] [Times: user=0.35 sys=0.01, real=0.04 secs] 
2011-02-26T09:04:11.388+0000: 11100.687: [GC 11100.687: [ParNew: 2579220K->43277K(2831168K), 0.0369930 secs] 9167582K->6635770K(12268352K), 0.0372820 secs] [Times: user=0.41 sys=0.01, real=0.03 secs] 
2011-02-26T09:04:23.000+0000: 11112.299: [GC 11112.299: [ParNew: 2559885K->59956K(2831168K), 0.0435860 secs] 9152378K->6661513K(12268352K), 0.0438610 secs] [Times: user=0.48 sys=0.00, real=0.04 secs] 
2011-02-26T09:04:31.798+0000: 11121.097: [GC 11121.098: [ParNew: 2576564K->41849K(2831168K), 0.0655140 secs] 9178121K->6670086K(12268352K), 0.0657470 secs] [Times: user=0.64 sys=0.01, real=0.06 secs] 
2011-02-26T09:04:35.728+0000: 11125.028: [GC 11125.028: [ParNew: 2558457K->138307K(2831168K), 0.0806220 secs] 9186694K->6790897K(12268352K), 0.0808510 secs] [Times: user=0.94 sys=0.01, real=0.08 secs] 
2011-02-26T09:04:42.465+0000: 11131.764: [GC 11131.765: [ParNew: 2654915K->48399K(2831168K), 0.0847610 secs] 9307505K->6753820K(12268352K), 0.0849920 secs] [Times: user=0.88 sys=0.02, real=0.09 secs] 
2011-02-26T09:04:50.685+0000: 11139.984: [GC 11139.984: [ParNew: 2565007K->76316K(2831168K), 0.0691010 secs] 9270428K->6808953K(12268352K), 0.0694250 secs] [Times: user=0.79 sys=0.01, real=0.07 secs] 
2011-02-26T09:04:56.287+0000: 11145.586: [GC 11145.587: [ParNew: 2592924K->211128K(2831168K), 0.0912560 secs] 9325561K->6989831K(12268352K), 0.0915480 secs] [Times: user=0.98 sys=0.01, real=0.09 secs] 
2011-02-26T09:05:02.313+0000: 11151.612: [GC 11151.612: [ParNew: 2727736K->163938K(2831168K), 0.0885040 secs] 9506439K->6987232K(12268352K), 0.0887900 secs] [Times: user=1.05 sys=0.00, real=0.09 secs] 
2011-02-26T09:05:05.184+0000: 11154.483: [GC 11154.483: [ParNew: 2680546K->67882K(2831168K), 0.0865850 secs] 9503840K->7023740K(12268352K), 0.0868850 secs] [Times: user=0.93 sys=0.00, real=0.09 secs] 
2011-02-26T09:05:07.021+0000: 11156.320: [GC 11156.320: [ParNew: 2584133K->44982K(2831168K), 0.0334590 secs] 9539991K->7015164K(12268352K), 0.0382490 secs] [Times: user=0.40 sys=0.00, real=0.04 secs] 
2011-02-26T09:05:10.229+0000: 11159.528: [GC 11159.528: [ParNew: 2561590K->57516K(2831168K), 0.0410170 secs] 9531772K->7036352K(12268352K), 0.0413250 secs] [Times: user=0.40 sys=0.00, real=0.04 secs] 
2011-02-26T09:05:18.427+0000: 11167.726: [GC 11167.727: [ParNew: 2574124K->79544K(2831168K), 0.0701510 secs] 9552960K->7083056K(12268352K), 0.0704680 secs] [Times: user=0.85 sys=0.01, real=0.07 secs] 
2011-02-26T09:05:28.689+0000: 11177.988: [GC 11177.988: [ParNew: 2596152K->59424K(2831168K), 0.0912640 secs] 9599664K->7111478K(12268352K), 0.0915830 secs] [Times: user=0.94 sys=0.00, real=0.09 secs] 
2011-02-26T09:05:33.504+0000: 11182.803: [GC 11182.803: [ParNew: 2576032K->149542K(2831168K), 0.1188690 secs] 9628086K->7249493K(12268352K), 0.1191570 secs] [Times: user=1.40 sys=0.00, real=0.12 secs] 
2011-02-26T09:05:33.624+0000: 11182.923: [GC [1 CMS-initial-mark: 7099951K(9437184K)] 7252952K(12268352K), 0.1596940 secs] [Times: user=0.16 sys=0.00, real=0.16 secs] 
2011-02-26T09:05:33.784+0000: 11183.083: [CMS-concurrent-mark-start]
2011-02-26T09:05:34.171+0000: 11183.470: [CMS-concurrent-mark: 0.387/0.387 secs] [Times: user=2.77 sys=0.27, real=0.39 secs] 
2011-02-26T09:05:34.171+0000: 11183.470: [CMS-concurrent-preclean-start]
2011-02-26T09:05:34.228+0000: 11183.527: [CMS-concurrent-preclean: 0.054/0.057 secs] [Times: user=0.18 sys=0.03, real=0.06 secs] 
2011-02-26T09:05:34.228+0000: 11183.527: [CMS-concurrent-abortable-preclean-start]
2011-02-26T09:05:37.712+0000: 11187.011: [CMS-concurrent-abortable-preclean: 3.463/3.483 secs] [Times: user=8.92 sys=1.42, real=3.48 secs] 
2011-02-26T09:05:37.713+0000: 11187.012: [GC[YG occupancy: 1438847 K (2831168 K)]11187.012: [Rescan (parallel) , 0.3272210 secs]11187.339: [weak refs processing, 0.0278570 secs] [1 CMS-remark: 7099951K(9437184K)] 8538798K(12268352K), 0.3554080 secs] [Times: user=3.87 sys=0.07, real=0.36 secs] 
2011-02-26T09:05:38.068+0000: 11187.367: [CMS-concurrent-sweep-start]
2011-02-26T09:05:43.830+0000: 11193.129: [GC 11193.129: [ParNew: 2666150K->102966K(2831168K), 0.1663650 secs] 8608878K->6164249K(12268352K), 0.1666000 secs] [Times: user=1.57 sys=0.00, real=0.16 secs] 
2011-02-26T09:05:52.373+0000: 11201.672: [GC 11201.672: [ParNew: 2619574K->91670K(2831168K), 0.1182260 secs] 7446223K->4982248K(12268352K), 0.1185450 secs] [Times: user=1.17 sys=0.00, real=0.12 secs] 
2011-02-26T09:06:00.982+0000: 11210.281: [GC 11210.281: [ParNew: 2608278K->69815K(2831168K), 0.0939230 secs] 6207117K->3728526K(12268352K), 0.0942160 secs] [Times: user=0.96 sys=0.00, real=0.09 secs] 
2011-02-26T09:06:07.378+0000: 11216.677: [GC 11216.677: [ParNew: 2586423K->52593K(2831168K), 0.0556990 secs] 5246297K->2747712K(12268352K), 0.0559350 secs] [Times: user=0.52 sys=0.01, real=0.05 secs] 
2011-02-26T09:06:13.574+0000: 11222.873: [GC 11222.873: [ParNew: 2569201K->56276K(2831168K), 0.0343580 secs] 4472085K->1968002K(12268352K), 0.0345980 secs] [Times: user=0.35 sys=0.00, real=0.04 secs] 
2011-02-26T09:06:18.320+0000: 11227.619: [GC 11227.620: [ParNew: 2572884K->40062K(2831168K), 0.0304950 secs] 3898400K->1377894K(12268352K), 0.0307350 secs] [Times: user=0.27 sys=0.00, real=0.03 secs] 
2011-02-26T09:06:20.109+0000: 11229.408: [CMS-concurrent-sweep: 41.452/42.040 secs] [Times: user=106.75 sys=14.85, real=42.04 secs] 
2011-02-26T09:06:20.109+0000: 11229.408: [CMS-concurrent-reset-start]
2011-02-26T09:06:20.130+0000: 11229.429: [CMS-concurrent-reset: 0.021/0.021 secs] [Times: user=0.07 sys=0.01, real=0.02 secs] 
2011-02-26T09:06:28.453+0000: 11237.752: [GC 11237.752: [ParNew: 2556670K->51222K(2831168K), 0.0309680 secs] 3521565K->1022132K(12268352K), 0.0312640 secs] [Times: user=0.39 sys=0.00, real=0.03 secs] 
2011-02-26T09:06:33.438+0000: 11242.737: [GC 11242.737: [ParNew: 2567830K->93537K(2831168K), 0.0994000 secs] 3538740K->1083982K(12268352K), 0.0996870 secs] [Times: user=1.02 sys=0.00, real=0.10 secs] 
2011-02-26T09:06:42.535+0000: 11251.834: [GC 11251.834: [ParNew: 2610145K->44646K(2831168K), 0.0846330 secs] 3600590K->1094441K(12268352K), 0.0849200 secs] [Times: user=0.79 sys=0.00, real=0.09 secs] 
2011-02-26T09:06:50.853+0000: 11260.152: [GC 11260.153: [ParNew: 2561254K->50543K(2831168K), 0.0518630 secs] 3611049K->1119364K(12268352K), 0.0521530 secs] [Times: user=0.58 sys=0.00, real=0.05 secs] 
2011-02-26T09:06:58.088+0000: 11267.387: [GC 11267.387: [ParNew: 2567151K->28066K(2831168K), 0.0436220 secs] 3635972K->1120364K(12268352K), 0.0439230 secs] [Times: user=0.46 sys=0.00, real=0.04 secs] 
2011-02-26T09:07:05.219+0000: 11274.518: [GC 11274.518: [ParNew: 2544612K->58877K(2831168K), 0.0402610 secs] 3636910K->1171714K(12268352K), 0.0405720 secs] [Times: user=0.40 sys=0.00, real=0.04 secs] 
2011-02-26T09:07:07.870+0000: 11277.169: [GC 11277.169: [ParNew: 2575485K->49097K(2831168K), 0.0327940 secs] 3688322K->1175993K(12268352K), 0.0330860 secs] [Times: user=0.29 sys=0.00, real=0.03 secs] 
2011-02-26T09:07:12.273+0000: 11281.572: [GC 11281.572: [ParNew: 2565705K->19572K(2831168K), 0.0342760 secs] 3692601K->1154637K(12268352K), 0.0345770 secs] [Times: user=0.36 sys=0.01, real=0.04 secs] 
2011-02-26T09:07:22.688+0000: 11291.987: [GC 11291.988: [ParNew: 2536180K->21333K(2831168K), 0.0374780 secs] 3671245K->1166773K(12268352K), 0.0377710 secs] [Times: user=0.39 sys=0.00, real=0.03 secs] 
2011-02-26T09:07:31.713+0000: 11301.012: [GC 11301.012: [ParNew: 2537941K->55716K(2831168K), 0.0571170 secs] 3683381K->1217785K(12268352K), 0.0574290 secs] [Times: user=0.57 sys=0.00, real=0.06 secs] 
2011-02-26T09:07:38.669+0000: 11307.968: [GC 11307.968: [ParNew: 2572324K->57124K(2831168K), 0.0887410 secs] 3734393K->1253012K(12268352K), 0.0890720 secs] [Times: user=0.81 sys=0.00, real=0.09 secs] 
2011-02-26T09:07:48.058+0000: 11317.357: [GC 11317.357: [ParNew: 2573732K->44882K(2831168K), 0.0872570 secs] 3769620K->1282296K(12268352K), 0.0875380 secs] [Times: user=0.88 sys=0.00, real=0.08 secs] 
2011-02-26T09:07:54.455+0000: 11323.754: [GC 11323.754: [ParNew: 2561490K->109329K(2831168K), 0.0716930 secs] 3798904K->1369158K(12268352K), 0.0719860 secs] [Times: user=0.70 sys=0.00, real=0.07 secs] 
2011-02-26T09:07:58.843+0000: 11328.143: [GC 11328.143: [ParNew: 2625937K->101029K(2831168K), 0.0550370 secs] 3885766K->1383821K(12268352K), 0.0552910 secs] [Times: user=0.64 sys=0.01, real=0.06 secs] 
2011-02-26T09:08:02.452+0000: 11331.751: [GC 11331.751: [ParNew: 2617637K->19401K(2831168K), 0.0557400 secs] 3900429K->1396257K(12268352K), 0.0560200 secs] [Times: user=0.63 sys=0.00, real=0.06 secs] 
2011-02-26T09:08:07.504+0000: 11336.803: [GC 11336.803: [ParNew: 2536009K->80173K(2831168K), 0.0496340 secs] 3912865K->1471010K(12268352K), 0.0499210 secs] [Times: user=0.43 sys=0.01, real=0.05 secs] 
2011-02-26T09:08:14.041+0000: 11343.340: [GC 11343.340: [ParNew: 2596781K->57352K(2831168K), 0.0524010 secs] 3987618K->1470893K(12268352K), 0.0526970 secs] [Times: user=0.53 sys=0.00, real=0.05 secs] 
2011-02-26T09:08:16.157+0000: 11345.456: [GC 11345.456: [ParNew: 2573960K->218310K(2831168K), 0.0838010 secs] 3987501K->1671071K(12268352K), 0.0840980 secs] [Times: user=0.90 sys=0.01, real=0.09 secs] 
2011-02-26T09:08:19.077+0000: 11348.376: [GC 11348.376: [ParNew: 2734918K->123290K(2831168K), 0.0657480 secs] 4187679K->1604874K(12268352K), 0.0660410 secs] [Times: user=0.71 sys=0.00, real=0.07 secs] 
2011-02-26T09:08:22.422+0000: 11351.721: [GC 11351.721: [ParNew: 2639898K->34262K(2831168K), 0.0622620 secs] 4121482K->1619725K(12268352K), 0.0625570 secs] [Times: user=0.66 sys=0.00, real=0.06 secs] 
2011-02-26T09:08:30.764+0000: 11360.063: [GC 11360.063: [ParNew: 2550907K->46837K(2831168K), 0.0540980 secs] 4136371K->1648821K(12268352K), 0.0543960 secs] [Times: user=0.64 sys=0.00, real=0.06 secs] 
2011-02-26T09:08:30.820+0000: 11360.119: [GC 11360.119: [ParNew: 48413K->33433K(2831168K), 0.0509480 secs] 1650397K->1675258K(12268352K), 0.0511940 secs] [Times: user=0.47 sys=0.01, real=0.05 secs] 
2011-02-26T09:08:36.030+0000: 11365.329: [GC 11365.329: [ParNew: 2550041K->125882K(2831168K), 0.0689430 secs] 4191866K->1767716K(12268352K), 0.0692250 secs] [Times: user=0.83 sys=0.00, real=0.07 secs] 
2011-02-26T09:08:48.341+0000: 11377.640: [GC 11377.640: [ParNew: 2642490K->85192K(2831168K), 0.1454240 secs] 4284324K->1839172K(12268352K), 0.1457140 secs] [Times: user=1.41 sys=0.00, real=0.14 secs] 
2011-02-26T09:08:58.692+0000: 11387.991: [GC 11387.991: [ParNew: 2601800K->72227K(2831168K), 0.0902960 secs] 4355780K->1880560K(12268352K), 0.0905780 secs] [Times: user=0.91 sys=0.01, real=0.09 secs] 
2011-02-26T09:09:07.842+0000: 11397.141: [GC 11397.141: [ParNew: 2588835K->62556K(2831168K), 0.0800090 secs] 4397168K->1916588K(12268352K), 0.0803130 secs] [Times: user=0.90 sys=0.00, real=0.08 secs] 
2011-02-26T09:09:10.545+0000: 11399.844: [GC 11399.845: [ParNew: 2579158K->61089K(2831168K), 0.0694990 secs] 4433190K->1955957K(12268352K), 0.0697990 secs] [Times: user=0.74 sys=0.00, real=0.07 secs] 
2011-02-26T09:09:13.771+0000: 11403.070: [GC 11403.070: [ParNew: 2577697K->47203K(2831168K), 0.0475730 secs] 4472565K->1958510K(12268352K), 0.0478670 secs] [Times: user=0.53 sys=0.00, real=0.05 secs] 
2011-02-26T09:09:22.397+0000: 11411.696: [GC 11411.696: [ParNew: 2563811K->69768K(2831168K), 0.0907420 secs] 4475118K->2010206K(12268352K), 0.0910390 secs] [Times: user=0.86 sys=0.00, real=0.09 secs] 
2011-02-26T09:09:32.327+0000: 11421.626: [GC 11421.626: [ParNew: 2586376K->64625K(2831168K), 0.0946740 secs] 4526814K->2052569K(12268352K), 0.0961470 secs] [Times: user=0.99 sys=0.02, real=0.10 secs] 
2011-02-26T09:09:39.956+0000: 11429.255: [GC 11429.255: [ParNew: 2581233K->57421K(2831168K), 0.0862680 secs] 4569177K->2094715K(12268352K), 0.0865090 secs] [Times: user=1.01 sys=0.02, real=0.09 secs] 
2011-02-26T09:09:49.818+0000: 11439.117: [GC 11439.118: [ParNew: 2554671K->62654K(2831168K), 0.0743040 secs] 4591965K->2138367K(12268352K), 0.0745920 secs] [Times: user=0.83 sys=0.00, real=0.07 secs] 
2011-02-26T09:09:58.293+0000: 11447.592: [GC 11447.592: [ParNew: 2579262K->42984K(2831168K), 0.0575640 secs] 4654975K->2152341K(12268352K), 0.0578480 secs] [Times: user=0.66 sys=0.00, real=0.06 secs] 
2011-02-26T09:10:08.541+0000: 11457.840: [GC 11457.840: [ParNew: 2559592K->77614K(2831168K), 0.0559810 secs] 4668949K->2210034K(12268352K), 0.0562970 secs] [Times: user=0.62 sys=0.02, real=0.06 secs] 
2011-02-26T09:10:11.781+0000: 11461.080: [GC 11461.080: [ParNew: 2594222K->53666K(2831168K), 0.0405070 secs] 4726642K->2208993K(12268352K), 0.0408680 secs] [Times: user=0.40 sys=0.00, real=0.04 secs] 
2011-02-26T09:10:16.197+0000: 11465.496: [GC 11465.496: [ParNew: 2570274K->38257K(2831168K), 0.0290600 secs] 4725601K->2201538K(12268352K), 0.0292960 secs] [Times: user=0.36 sys=0.00, real=0.03 secs] 
2011-02-26T09:10:25.799+0000: 11475.098: [GC 11475.098: [ParNew: 2554865K->55604K(2831168K), 0.0356850 secs] 4718146K->2227521K(12268352K), 0.0359240 secs] [Times: user=0.43 sys=0.00, real=0.03 secs] 
2011-02-26T09:10:32.943+0000: 11482.242: [GC 11482.242: [ParNew: 2572212K->56330K(2831168K), 0.0712290 secs] 4744129K->2250371K(12268352K), 0.0714620 secs] [Times: user=0.77 sys=0.01, real=0.07 secs] 
2011-02-26T09:10:42.518+0000: 11491.817: [GC 11491.817: [ParNew: 2572938K->42183K(2831168K), 0.0777800 secs] 4766979K->2276154K(12268352K), 0.0780680 secs] [Times: user=0.76 sys=0.03, real=0.07 secs] 
2011-02-26T09:10:53.879+0000: 11503.178: [GC 11503.179: [ParNew: 2558791K->34998K(2831168K), 0.0585890 secs] 4792762K->2299762K(12268352K), 0.0588760 secs] [Times: user=0.63 sys=0.01, real=0.06 secs] 
2011-02-26T09:11:01.860+0000: 11511.159: [GC 11511.159: [ParNew: 2551606K->53438K(2831168K), 0.0541680 secs] 4816370K->2338497K(12268352K), 0.0544930 secs] [Times: user=0.51 sys=0.00, real=0.05 secs] 
2011-02-26T09:11:06.758+0000: 11516.057: [GC 11516.058: [ParNew: 2570046K->64617K(2831168K), 0.0509370 secs] 4855105K->2376926K(12268352K), 0.0513600 secs] [Times: user=0.50 sys=0.01, real=0.05 secs] 
2011-02-26T09:11:09.753+0000: 11519.052: [GC 11519.052: [ParNew: 2581526K->47528K(2831168K), 0.0280300 secs] 4893835K->2369501K(12268352K), 0.0283220 secs] [Times: user=0.33 sys=0.00, real=0.03 secs] 
2011-02-26T09:11:09.787+0000: 11519.086: [GC 11519.087: [ParNew: 86510K->19025K(2831168K), 0.0216600 secs] 2408482K->2356898K(12268352K), 0.0219490 secs] [Times: user=0.21 sys=0.01, real=0.02 secs] 
2011-02-26T09:11:18.404+0000: 11527.703: [GC 11527.704: [ParNew: 2535633K->21220K(2831168K), 0.0237200 secs] 4873506K->2359283K(12268352K), 0.0239580 secs] [Times: user=0.27 sys=0.02, real=0.03 secs] 
2011-02-26T09:11:28.616+0000: 11537.915: [GC 11537.915: [ParNew: 2537828K->56481K(2831168K), 0.0455980 secs] 4875891K->2410564K(12268352K), 0.0458280 secs] [Times: user=0.52 sys=0.01, real=0.05 secs] 
2011-02-26T09:11:32.714+0000: 11542.013: [GC 11542.013: [ParNew: 2573089K->135488K(2831168K), 0.0692820 secs] 4927172K->2513730K(12268352K), 0.0695240 secs] [Times: user=0.74 sys=0.00, real=0.07 secs] 
2011-02-26T09:11:39.470+0000: 11548.769: [GC 11548.769: [ParNew: 2652096K->82716K(2831168K), 0.1040900 secs] 5030338K->2511833K(12268352K), 0.1043160 secs] [Times: user=1.05 sys=0.00, real=0.10 secs] 
2011-02-26T09:11:47.420+0000: 11556.719: [GC 11556.719: [ParNew: 2599324K->205174K(2831168K), 0.0979790 secs] 5028441K->2685599K(12268352K), 0.0982330 secs] [Times: user=1.05 sys=0.01, real=0.10 secs] 
2011-02-26T09:11:53.835+0000: 11563.134: [GC 11563.134: [ParNew: 2721782K->58162K(2831168K), 0.0761220 secs] 5202207K->2570765K(12268352K), 0.0764160 secs] [Times: user=0.87 sys=0.00, real=0.08 secs] 
2011-02-26T09:12:04.555+0000: 11573.854: [GC 11573.854: [ParNew: 2574770K->118528K(2831168K), 0.1041160 secs] 5087373K->2675699K(12268352K), 0.1044150 secs] [Times: user=1.18 sys=0.01, real=0.11 secs] 
2011-02-26T09:12:08.389+0000: 11577.688: [GC 11577.689: [ParNew: 2635136K->107187K(2831168K), 0.0944810 secs] 5192307K->2734952K(12268352K), 0.0947830 secs] [Times: user=0.91 sys=0.01, real=0.09 secs] 
2011-02-26T09:12:11.099+0000: 11580.398: [GC 11580.398: [ParNew: 2623741K->86126K(2831168K), 0.0561350 secs] 5251506K->2738006K(12268352K), 0.0564550 secs] [Times: user=0.55 sys=0.00, real=0.05 secs] 
2011-02-26T09:12:20.738+0000: 11590.037: [GC 11590.037: [ParNew: 2602734K->66933K(2831168K), 0.0658880 secs] 5254614K->2741023K(12268352K), 0.0661980 secs] [Times: user=0.71 sys=0.00, real=0.06 secs] 
2011-02-26T09:12:30.436+0000: 11599.735: [GC 11599.735: [ParNew: 2583541K->62818K(2831168K), 0.0866670 secs] 5257631K->2782553K(12268352K), 0.0870000 secs] [Times: user=0.93 sys=0.00, real=0.09 secs] 
2011-02-26T09:12:35.444+0000: 11604.743: [GC 11604.743: [ParNew: 2579426K->125288K(2831168K), 0.1446050 secs] 5299161K->2894002K(12268352K), 0.1449460 secs] [Times: user=1.36 sys=0.00, real=0.15 secs] 
2011-02-26T09:12:44.677+0000: 11613.976: [GC 11613.976: [ParNew: 2641896K->98341K(2831168K), 0.1515410 secs] 5410610K->2970210K(12268352K), 0.1518300 secs] [Times: user=1.66 sys=0.00, real=0.15 secs] 
2011-02-26T09:12:53.335+0000: 11622.634: [GC 11622.634: [ParNew: 2614949K->86839K(2831168K), 0.1096340 secs] 5486818K->3034966K(12268352K), 0.1099190 secs] [Times: user=1.16 sys=0.00, real=0.11 secs] 
2011-02-26T09:13:01.990+0000: 11631.289: [GC 11631.289: [ParNew: 2603447K->42068K(2831168K), 0.0725890 secs] 5551574K->3039526K(12268352K), 0.0728850 secs] [Times: user=0.72 sys=0.00, real=0.07 secs] 
2011-02-26T09:13:06.688+0000: 11635.987: [GC 11635.987: [ParNew: 2558676K->48491K(2831168K), 0.0405770 secs] 5556134K->3067743K(12268352K), 0.0408730 secs] [Times: user=0.47 sys=0.00, real=0.04 secs] 
2011-02-26T09:13:09.468+0000: 11638.767: [GC 11638.767: [ParNew: 2565037K->42066K(2831168K), 0.0255870 secs] 5584289K->3068807K(12268352K), 0.0258890 secs] [Times: user=0.33 sys=0.00, real=0.02 secs] 
2011-02-26T09:13:19.628+0000: 11648.927: [GC 11648.928: [ParNew: 2558674K->41697K(2831168K), 0.0334820 secs] 5585415K->3074177K(12268352K), 0.0337910 secs] [Times: user=0.40 sys=0.00, real=0.03 secs] 
2011-02-26T09:13:29.767+0000: 11659.066: [GC 11659.066: [ParNew: 2558305K->29338K(2831168K), 0.0456310 secs] 5590785K->3087109K(12268352K), 0.0459230 secs] [Times: user=0.48 sys=0.00, real=0.05 secs] 
2011-02-26T09:13:34.173+0000: 11663.472: [GC 11663.472: [ParNew: 2545946K->119118K(2831168K), 0.0950880 secs] 5603717K->3194482K(12268352K), 0.0953720 secs] [Times: user=1.14 sys=0.01, real=0.10 secs] 
2011-02-26T09:13:43.292+0000: 11672.591: [GC 11672.592: [ParNew: 2635726K->66027K(2831168K), 0.0908470 secs] 5711090K->3203354K(12268352K), 0.0911370 secs] [Times: user=0.93 sys=0.00, real=0.09 secs] 
2011-02-26T09:13:52.327+0000: 11681.626: [GC 11681.626: [ParNew: 2582635K->54210K(2831168K), 0.0492250 secs] 5719962K->3210593K(12268352K), 0.0495130 secs] [Times: user=0.58 sys=0.00, real=0.05 secs] 
2011-02-26T09:14:02.030+0000: 11691.329: [GC 11691.329: [ParNew: 2570818K->47166K(2831168K), 0.0512290 secs] 5727201K->3228989K(12268352K), 0.0515520 secs] [Times: user=0.53 sys=0.01, real=0.05 secs] 
2011-02-26T09:14:07.060+0000: 11696.359: [GC 11696.359: [ParNew: 2563774K->56243K(2831168K), 0.0442460 secs] 5745597K->3263927K(12268352K), 0.0445390 secs] [Times: user=0.40 sys=0.00, real=0.04 secs] 
2011-02-26T09:14:10.505+0000: 11699.804: [GC 11699.804: [ParNew: 2572851K->52574K(2831168K), 0.0311250 secs] 5780535K->3268490K(12268352K), 0.0313600 secs] [Times: user=0.37 sys=0.00, real=0.03 secs] 
2011-02-26T09:14:17.116+0000: 11706.415: [GC 11706.415: [ParNew: 2569182K->36698K(2831168K), 0.0296310 secs] 5785098K->3260071K(12268352K), 0.0299220 secs] [Times: user=0.37 sys=0.00, real=0.03 secs] 
2011-02-26T09:14:27.540+0000: 11716.839: [GC 11716.840: [ParNew: 2553306K->58857K(2831168K), 0.0409530 secs] 5776679K->3294698K(12268352K), 0.0412590 secs] [Times: user=0.40 sys=0.00, real=0.04 secs] 
2011-02-26T09:14:33.579+0000: 11722.878: [GC 11722.878: [ParNew: 2575465K->76098K(2831168K), 0.0789330 secs] 5811306K->3334036K(12268352K), 0.0792240 secs] [Times: user=0.85 sys=0.00, real=0.08 secs] 
2011-02-26T09:14:40.285+0000: 11729.584: [GC 11729.585: [ParNew: 2592706K->121604K(2831168K), 0.0927480 secs] 5850644K->3432865K(12268352K), 0.0930350 secs] [Times: user=1.04 sys=0.00, real=0.10 secs] 
2011-02-26T09:14:47.780+0000: 11737.079: [GC 11737.080: [ParNew: 2638212K->45913K(2831168K), 0.0706060 secs] 5949473K->3382265K(12268352K), 0.0709040 secs] [Times: user=0.68 sys=0.00, real=0.07 secs] 
2011-02-26T09:14:55.878+0000: 11745.177: [GC 11745.177: [ParNew: 2562521K->62638K(2831168K), 0.0825940 secs] 5898873K->3434235K(12268352K), 0.0828940 secs] [Times: user=0.83 sys=0.01, real=0.08 secs] 
2011-02-26T09:15:00.983+0000: 11750.282: [GC 11750.282: [ParNew: 2579246K->208323K(2831168K), 0.0956620 secs] 5950843K->3622680K(12268352K), 0.0959600 secs] [Times: user=1.03 sys=0.00, real=0.10 secs] 
2011-02-26T09:15:05.596+0000: 11754.895: [GC 11754.895: [ParNew: 2724931K->77610K(2831168K), 0.0790480 secs] 6139288K->3533740K(12268352K), 0.0792890 secs] [Times: user=0.77 sys=0.00, real=0.08 secs] 
2011-02-26T09:15:10.157+0000: 11759.456: [GC 11759.456: [ParNew: 2594218K->85563K(2831168K), 0.0716380 secs] 6050348K->3571500K(12268352K), 0.0718770 secs] [Times: user=0.86 sys=0.00, real=0.08 secs] 
2011-02-26T09:15:15.462+0000: 11764.761: [GC 11764.761: [ParNew: 2602171K->77329K(2831168K), 0.0628090 secs] 6088108K->3595733K(12268352K), 0.0630490 secs] [Times: user=0.64 sys=0.00, real=0.06 secs] 
2011-02-26T09:15:24.831+0000: 11774.130: [GC 11774.130: [ParNew: 2593937K->60510K(2831168K), 0.0658390 secs] 6112341K->3611516K(12268352K), 0.0661230 secs] [Times: user=0.68 sys=0.01, real=0.07 secs] 
2011-02-26T09:15:32.274+0000: 11781.573: [GC 11781.573: [ParNew: 2577118K->96700K(2831168K), 0.0982890 secs] 6128124K->3687354K(12268352K), 0.0985800 secs] [Times: user=1.09 sys=0.00, real=0.10 secs] 
2011-02-26T09:15:38.378+0000: 11787.677: [GC 11787.678: [ParNew: 2613308K->225005K(2831168K), 0.1524570 secs] 6203962K->3901217K(12268352K), 0.1527460 secs] [Times: user=1.56 sys=0.00, real=0.15 secs] 
2011-02-26T09:15:45.125+0000: 11794.424: [GC 11794.425: [ParNew: 2741613K->91281K(2831168K), 0.1527200 secs] 6417825K->3863585K(12268352K), 0.1530270 secs] [Times: user=1.27 sys=0.00, real=0.16 secs] 
2011-02-26T09:15:55.086+0000: 11804.385: [GC 11804.386: [ParNew: 2607889K->84701K(2831168K), 0.0950210 secs] 6380193K->3892808K(12268352K), 0.0953100 secs] [Times: user=1.02 sys=0.01, real=0.10 secs] 
2011-02-26T09:16:03.948+0000: 11813.247: [GC 11813.247: [ParNew: 2601309K->63067K(2831168K), 0.1016640 secs] 6409416K->3941673K(12268352K), 0.1019490 secs] [Times: user=1.08 sys=0.00, real=0.10 secs] 
2011-02-26T09:16:07.281+0000: 11816.580: [GC 11816.580: [ParNew: 2579670K->65932K(2831168K), 0.0614460 secs] 6458276K->3982495K(12268352K), 0.0617950 secs] [Times: user=0.60 sys=0.02, real=0.06 secs] 
2011-02-26T09:16:09.733+0000: 11819.032: [GC 11819.033: [ParNew: 2582540K->34044K(2831168K), 0.0224690 secs] 6499103K->3959839K(12268352K), 0.0227270 secs] [Times: user=0.26 sys=0.00, real=0.02 secs] 
2011-02-26T09:16:18.458+0000: 11827.757: [GC 11827.758: [ParNew: 2550652K->28008K(2831168K), 0.0304150 secs] 6476447K->3959328K(12268352K), 0.0306540 secs] [Times: user=0.29 sys=0.00, real=0.03 secs] 
2011-02-26T09:16:30.280+0000: 11839.580: [GC 11839.580: [ParNew: 2544616K->51769K(2831168K), 0.0476160 secs] 6475936K->3999938K(12268352K), 0.0478530 secs] [Times: user=0.52 sys=0.01, real=0.05 secs] 
2011-02-26T09:16:34.770+0000: 11844.069: [GC 11844.069: [ParNew: 2568377K->84796K(2831168K), 0.1156340 secs] 6516546K->4056944K(12268352K), 0.1159000 secs] [Times: user=1.11 sys=0.01, real=0.11 secs] 
2011-02-26T09:16:44.429+0000: 11853.728: [GC 11853.728: [ParNew: 2601404K->50769K(2831168K), 0.1297490 secs] 6573552K->4081535K(12268352K), 0.1300470 secs] [Times: user=0.83 sys=0.01, real=0.13 secs] 
2011-02-26T09:16:53.021+0000: 11862.321: [GC 11862.321: [ParNew: 2567377K->30207K(2831168K), 0.0618350 secs] 6598143K->4081719K(12268352K), 0.0621270 secs] [Times: user=0.54 sys=0.00, real=0.06 secs] 
2011-02-26T09:17:03.589+0000: 11872.888: [GC 11872.888: [ParNew: 2546815K->62630K(2831168K), 0.0517540 secs] 6598327K->4133616K(12268352K), 0.0520360 secs] [Times: user=0.48 sys=0.01, real=0.05 secs] 
2011-02-26T09:17:06.928+0000: 11876.228: [GC 11876.228: [ParNew: 2579238K->45311K(2831168K), 0.0536950 secs] 6650224K->4145683K(12268352K), 0.0539330 secs] [Times: user=0.43 sys=0.06, real=0.05 secs] 
2011-02-26T09:17:09.535+0000: 11878.834: [GC 11878.834: [ParNew: 2561919K->49377K(2831168K), 0.0363460 secs] 6662291K->4154745K(12268352K), 0.0365750 secs] [Times: user=0.39 sys=0.00, real=0.04 secs] 
2011-02-26T09:17:17.785+0000: 11887.084: [GC 11887.084: [ParNew: 2565985K->36938K(2831168K), 0.0343540 secs] 6671353K->4147831K(12268352K), 0.0346180 secs] [Times: user=0.37 sys=0.00, real=0.04 secs] 
2011-02-26T09:17:27.965+0000: 11897.264: [GC 11897.264: [ParNew: 2553546K->28091K(2831168K), 0.0425510 secs] 6664439K->4158521K(12268352K), 0.0427870 secs] [Times: user=0.49 sys=0.00, real=0.05 secs] 
2011-02-26T09:17:33.254+0000: 11902.553: [GC 11902.553: [ParNew: 2544699K->84940K(2831168K), 0.0745380 secs] 6675129K->4231574K(12268352K), 0.0748290 secs] [Times: user=0.87 sys=0.01, real=0.08 secs] 
2011-02-26T09:17:43.672+0000: 11912.971: [GC 11912.972: [ParNew: 2601548K->43403K(2831168K), 0.0870190 secs] 6748182K->4246182K(12268352K), 0.0873110 secs] [Times: user=0.91 sys=0.00, real=0.09 secs] 
2011-02-26T09:17:51.615+0000: 11920.914: [GC 11920.914: [ParNew: 2560011K->132427K(2831168K), 0.0668430 secs] 6762790K->4357903K(12268352K), 0.0671320 secs] [Times: user=0.73 sys=0.00, real=0.07 secs] 
2011-02-26T09:17:57.302+0000: 11926.601: [GC 11926.601: [ParNew: 2649035K->49325K(2831168K), 0.0749600 secs] 6874511K->4302748K(12268352K), 0.0751930 secs] [Times: user=0.78 sys=0.00, real=0.08 secs] 
2011-02-26T09:18:05.130+0000: 11934.429: [GC 11934.430: [ParNew: 2565933K->78558K(2831168K), 0.0774600 secs] 6819356K->4365411K(12268352K), 0.0777580 secs] [Times: user=0.78 sys=0.00, real=0.08 secs] 
2011-02-26T09:18:08.440+0000: 11937.739: [GC 11937.739: [ParNew: 2595166K->67442K(2831168K), 0.0532100 secs] 6882019K->4386413K(12268352K), 0.0534930 secs] [Times: user=0.47 sys=0.02, real=0.05 secs] 
2011-02-26T09:18:10.980+0000: 11940.279: [GC 11940.279: [ParNew: 2584050K->44125K(2831168K), 0.0307560 secs] 6903021K->4374101K(12268352K), 0.0310370 secs] [Times: user=0.27 sys=0.00, real=0.03 secs] 
2011-02-26T09:18:16.713+0000: 11946.012: [GC 11946.012: [ParNew: 2560733K->191353K(2831168K), 0.0812650 secs] 6890709K->4532906K(12268352K), 0.0816010 secs] [Times: user=0.84 sys=0.00, real=0.08 secs] 
2011-02-26T09:18:20.212+0000: 11949.511: [GC 11949.511: [ParNew: 2707961K->196855K(2831168K), 0.0961760 secs] 7049514K->4572804K(12268352K), 0.0964760 secs] [Times: user=0.91 sys=0.00, real=0.10 secs] 
2011-02-26T09:18:22.545+0000: 11951.844: [GC 11951.844: [ParNew: 2713463K->26115K(2831168K), 0.0916140 secs] 7089412K->4585578K(12268352K), 0.0919040 secs] [Times: user=1.05 sys=0.00, real=0.09 secs] 
2011-02-26T09:18:27.545+0000: 11956.844: [GC 11956.844: [ParNew: 2542723K->32622K(2831168K), 0.0386500 secs] 7102186K->4603209K(12268352K), 0.0389390 secs] [Times: user=0.46 sys=0.00, real=0.04 secs] 
2011-02-26T09:18:33.274+0000: 11962.573: [GC 11962.573: [ParNew: 2549230K->167477K(2831168K), 0.1152240 secs] 7119817K->4761696K(12268352K), 0.1155220 secs] [Times: user=1.42 sys=0.00, real=0.12 secs] 
2011-02-26T09:18:41.252+0000: 11970.551: [GC 11970.551: [ParNew: 2684085K->114405K(2831168K), 0.1447530 secs] 7278304K->4820064K(12268352K), 0.1449850 secs] [Times: user=1.45 sys=0.01, real=0.15 secs] 
2011-02-26T09:18:49.947+0000: 11979.246: [GC 11979.246: [ParNew: 2631013K->115151K(2831168K), 0.1119620 secs] 7336672K->4886171K(12268352K), 0.1122430 secs] [Times: user=1.24 sys=0.02, real=0.11 secs] 
2011-02-26T09:18:58.395+0000: 11987.694: [GC 11987.695: [ParNew: 2631759K->86135K(2831168K), 0.1124070 secs] 7402779K->4931558K(12268352K), 0.1126920 secs] [Times: user=1.22 sys=0.01, real=0.12 secs] 
2011-02-26T09:19:06.426+0000: 11995.725: [GC 11995.725: [ParNew: 2602743K->102648K(2831168K), 0.0975020 secs] 7448166K->5007954K(12268352K), 0.0978100 secs] [Times: user=1.05 sys=0.00, real=0.10 secs] 
2011-02-26T09:19:09.383+0000: 11998.682: [GC 11998.682: [ParNew: 2619256K->82764K(2831168K), 0.0638740 secs] 7524562K->5028179K(12268352K), 0.0641710 secs] [Times: user=0.63 sys=0.01, real=0.07 secs] 
2011-02-26T09:19:14.509+0000: 12003.808: [GC 12003.808: [ParNew: 2599372K->48111K(2831168K), 0.0524950 secs] 7544787K->5011070K(12268352K), 0.0528170 secs] [Times: user=0.52 sys=0.00, real=0.05 secs] 
2011-02-26T09:19:24.363+0000: 12013.662: [GC 12013.662: [ParNew: 2564719K->39820K(2831168K), 0.0543390 secs] 7527678K->5032346K(12268352K), 0.0545710 secs] [Times: user=0.58 sys=0.00, real=0.06 secs] 
2011-02-26T09:19:32.160+0000: 12021.459: [GC 12021.459: [ParNew: 2556428K->53954K(2831168K), 0.0594280 secs] 7548954K->5067696K(12268352K), 0.0597010 secs] [Times: user=0.66 sys=0.00, real=0.06 secs] 
2011-02-26T09:19:38.582+0000: 12027.882: [GC 12027.882: [ParNew: 2570562K->56768K(2831168K), 0.0827130 secs] 7584304K->5109982K(12268352K), 0.0830170 secs] [Times: user=0.91 sys=0.00, real=0.08 secs] 
2011-02-26T09:19:49.490+0000: 12038.789: [GC 12038.789: [ParNew: 2573376K->43114K(2831168K), 0.0706510 secs] 7626590K->5140148K(12268352K), 0.0708810 secs] [Times: user=0.78 sys=0.00, real=0.07 secs] 
2011-02-26T09:19:57.780+0000: 12047.079: [GC 12047.079: [ParNew: 2559722K->59777K(2831168K), 0.0611890 secs] 7656756K->5179615K(12268352K), 0.0614220 secs] [Times: user=0.65 sys=0.00, real=0.06 secs] 
2011-02-26T09:20:05.365+0000: 12054.664: [GC 12054.664: [ParNew: 2576385K->37148K(2831168K), 0.0440950 secs] 7696223K->5181400K(12268352K), 0.0443400 secs] [Times: user=0.46 sys=0.00, real=0.05 secs] 
2011-02-26T09:20:08.210+0000: 12057.509: [GC 12057.509: [ParNew: 2553756K->72341K(2831168K), 0.0333240 secs] 7698008K->5229324K(12268352K), 0.0335680 secs] [Times: user=0.29 sys=0.00, real=0.03 secs] 
2011-02-26T09:20:11.551+0000: 12060.850: [GC 12060.851: [ParNew: 2588949K->34084K(2831168K), 0.0300520 secs] 7745932K->5199529K(12268352K), 0.0303420 secs] [Times: user=0.34 sys=0.00, real=0.03 secs] 
2011-02-26T09:20:21.657+0000: 12070.956: [GC 12070.956: [ParNew: 2550692K->21782K(2831168K), 0.0331470 secs] 7716137K->5197220K(12268352K), 0.0334320 secs] [Times: user=0.36 sys=0.02, real=0.04 secs] 
2011-02-26T09:20:31.739+0000: 12081.038: [GC 12081.039: [ParNew: 2538390K->70173K(2831168K), 0.0769780 secs] 7713828K->5262349K(12268352K), 0.0773020 secs] [Times: user=0.77 sys=0.00, real=0.07 secs] 
2011-02-26T09:20:37.205+0000: 12086.504: [GC 12086.504: [ParNew: 2586781K->65051K(2831168K), 0.1072340 secs] 7778957K->5292354K(12268352K), 0.1075260 secs] [Times: user=1.02 sys=0.00, real=0.11 secs] 
2011-02-26T09:20:46.854+0000: 12096.153: [GC 12096.153: [ParNew: 2581659K->57288K(2831168K), 0.0739730 secs] 7808962K->5324852K(12268352K), 0.0742550 secs] [Times: user=0.79 sys=0.00, real=0.08 secs] 
2011-02-26T09:20:55.275+0000: 12104.574: [GC 12104.575: [ParNew: 2573915K->32737K(2831168K), 0.0513990 secs] 7841479K->5322873K(12268352K), 0.0517090 secs] [Times: user=0.64 sys=0.00, real=0.06 secs] 
2011-02-26T09:20:55.328+0000: 12104.628: [GC 12104.628: [ParNew: 33745K->9911K(2831168K), 0.0352880 secs] 5323882K->5321926K(12268352K), 0.0355120 secs] [Times: user=0.33 sys=0.00, real=0.03 secs] 
2011-02-26T09:21:03.704+0000: 12113.003: [GC 12113.003: [ParNew: 2526519K->126116K(2831168K), 0.0408030 secs] 7838534K->5438131K(12268352K), 0.0410390 secs] [Times: user=0.51 sys=0.00, real=0.04 secs] 
2011-02-26T09:21:06.380+0000: 12115.679: [GC 12115.680: [ParNew: 2642724K->43199K(2831168K), 0.0557520 secs] 7954739K->5455429K(12268352K), 0.0559920 secs] [Times: user=0.55 sys=0.00, real=0.05 secs] 
2011-02-26T09:21:12.125+0000: 12121.424: [GC 12121.424: [ParNew: 2559807K->76814K(2831168K), 0.0522790 secs] 7972037K->5500588K(12268352K), 0.0525140 secs] [Times: user=0.64 sys=0.01, real=0.06 secs] 
2011-02-26T09:21:14.985+0000: 12124.284: [GC 12124.284: [ParNew: 2593422K->128717K(2831168K), 0.0609060 secs] 8017196K->5579267K(12268352K), 0.0612240 secs] [Times: user=0.60 sys=0.01, real=0.06 secs] 
2011-02-26T09:21:18.153+0000: 12127.452: [GC 12127.453: [ParNew: 2645325K->31545K(2831168K), 0.0479090 secs] 8095875K->5570616K(12268352K), 0.0482020 secs] [Times: user=0.44 sys=0.00, real=0.05 secs] 
2011-02-26T09:21:23.562+0000: 12132.861: [GC 12132.861: [ParNew: 2548153K->102109K(2831168K), 0.0555490 secs] 8087224K->5653913K(12268352K), 0.0558510 secs] [Times: user=0.57 sys=0.00, real=0.06 secs] 
2011-02-26T09:21:27.690+0000: 12136.989: [GC 12136.989: [ParNew: 2618717K->18037K(2831168K), 0.0603230 secs] 8170521K->5666381K(12268352K), 0.0676770 secs] [Times: user=0.58 sys=0.00, real=0.07 secs] 
2011-02-26T09:21:31.395+0000: 12140.694: [GC 12140.694: [ParNew: 2534645K->30824K(2831168K), 0.0455230 secs] 8182989K->5689839K(12268352K), 0.0458470 secs] [Times: user=0.44 sys=0.00, real=0.05 secs] 
2011-02-26T09:21:33.223+0000: 12142.522: [GC 12142.522: [ParNew: 2547432K->234911K(2831168K), 0.0906530 secs] 8206447K->5918006K(12268352K), 0.0909740 secs] [Times: user=1.00 sys=0.01, real=0.09 secs] 
2011-02-26T09:21:35.588+0000: 12144.887: [GC 12144.887: [ParNew: 2751519K->146514K(2831168K), 0.1437980 secs] 8434614K->6051880K(12268352K), 0.1440850 secs] [Times: user=1.60 sys=0.01, real=0.14 secs] 
2011-02-26T09:21:41.069+0000: 12150.369: [GC 12150.369: [ParNew: 2663122K->60436K(2831168K), 0.0875410 secs] 8568488K->6015323K(12268352K), 0.0878280 secs] [Times: user=0.90 sys=0.01, real=0.09 secs] 
2011-02-26T09:21:45.870+0000: 12155.169: [GC 12155.170: [ParNew: 2577044K->55833K(2831168K), 0.0822030 secs] 8531931K->6045554K(12268352K), 0.0824950 secs] [Times: user=0.76 sys=0.00, real=0.08 secs] 
2011-02-26T09:21:52.654+0000: 12161.953: [GC 12161.954: [ParNew: 2572441K->85781K(2831168K), 0.0803420 secs] 8562162K->6112422K(12268352K), 0.0806310 secs] [Times: user=0.91 sys=0.01, real=0.08 secs] 
2011-02-26T09:21:57.825+0000: 12167.124: [GC 12167.124: [ParNew: 2602407K->66985K(2831168K), 0.0983290 secs] 8629048K->6152079K(12268352K), 0.0986170 secs] [Times: user=1.05 sys=0.10, real=0.10 secs] 
2011-02-26T09:22:05.991+0000: 12175.290: [GC 12175.290: [ParNew: 2583593K->108388K(2831168K), 0.0878990 secs] 8668687K->6240703K(12268352K), 0.0881970 secs] [Times: user=0.92 sys=0.01, real=0.09 secs] 
2011-02-26T09:22:09.185+0000: 12178.484: [GC 12178.485: [ParNew: 2624996K->80968K(2831168K), 0.0755730 secs] 8757311K->6262248K(12268352K), 0.0758720 secs] [Times: user=0.76 sys=0.02, real=0.08 secs] 
2011-02-26T09:22:16.443+0000: 12185.742: [GC 12185.743: [ParNew: 2597576K->55416K(2831168K), 0.0549380 secs] 8778856K->6253450K(12268352K), 0.0552440 secs] [Times: user=0.66 sys=0.00, real=0.06 secs] 
2011-02-26T09:22:28.449+0000: 12197.748: [GC 12197.749: [ParNew: 2572024K->71678K(2831168K), 0.0783030 secs] 8770058K->6309726K(12268352K), 0.0785890 secs] [Times: user=0.81 sys=0.00, real=0.08 secs] 
2011-02-26T09:22:34.880+0000: 12204.179: [GC 12204.179: [ParNew: 2588286K->91174K(2831168K), 0.1070470 secs] 8826334K->6374187K(12268352K), 0.1073500 secs] [Times: user=1.03 sys=0.02, real=0.10 secs] 
2011-02-26T09:22:42.462+0000: 12211.761: [GC 12211.761: [ParNew: 2607782K->57946K(2831168K), 0.0978880 secs] 8890795K->6402736K(12268352K), 0.0981820 secs] [Times: user=1.04 sys=0.01, real=0.10 secs] 
2011-02-26T09:22:50.503+0000: 12219.802: [GC 12219.802: [ParNew: 2574554K->52534K(2831168K), 0.0699360 secs] 8919344K->6431307K(12268352K), 0.0702310 secs] [Times: user=0.75 sys=0.00, real=0.07 secs] 
2011-02-26T09:22:58.783+0000: 12228.082: [GC 12228.083: [ParNew: 2569142K->33102K(2831168K), 0.0588560 secs] 8947915K->6437342K(12268352K), 0.0591550 secs] [Times: user=0.56 sys=0.00, real=0.06 secs] 
2011-02-26T09:23:07.811+0000: 12237.110: [GC 12237.110: [ParNew: 2549710K->47571K(2831168K), 0.0657710 secs] 8953950K->6471691K(12268352K), 0.0660700 secs] [Times: user=0.68 sys=0.01, real=0.06 secs] 
2011-02-26T09:23:11.562+0000: 12240.861: [GC 12240.861: [ParNew: 2564179K->37176K(2831168K), 0.0412210 secs] 8988299K->6481481K(12268352K), 0.0415630 secs] [Times: user=0.40 sys=0.01, real=0.04 secs] 
2011-02-26T09:23:17.346+0000: 12246.645: [GC 12246.646: [ParNew: 2553784K->26708K(2831168K), 0.0283930 secs] 8998089K->6479980K(12268352K), 0.0286880 secs] [Times: user=0.37 sys=0.01, real=0.03 secs] 
2011-02-26T09:23:27.853+0000: 12257.152: [GC 12257.152: [ParNew: 2543316K->56536K(2831168K), 0.0367060 secs] 8996588K->6519619K(12268352K), 0.0369960 secs] [Times: user=0.40 sys=0.00, real=0.04 secs] 
2011-02-26T09:23:33.147+0000: 12262.446: [GC 12262.446: [ParNew: 2573144K->58400K(2831168K), 0.0803240 secs] 9036227K->6543267K(12268352K), 0.0806540 secs] [Times: user=0.93 sys=0.00, real=0.08 secs] 
2011-02-26T09:23:41.639+0000: 12270.938: [GC 12270.938: [ParNew: 2575008K->47206K(2831168K), 0.0902480 secs] 9059875K->6581488K(12268352K), 0.0905320 secs] [Times: user=0.92 sys=0.01, real=0.09 secs] 
2011-02-26T09:23:51.777+0000: 12281.076: [GC 12281.076: [ParNew: 2563814K->65641K(2831168K), 0.0607630 secs] 9098096K->6624015K(12268352K), 0.0609950 secs] [Times: user=0.74 sys=0.00, real=0.07 secs] 
2011-02-26T09:24:00.174+0000: 12289.473: [GC 12289.474: [ParNew: 2582249K->29224K(2831168K), 0.0541620 secs] 9140623K->6617480K(12268352K), 0.0543960 secs] [Times: user=0.65 sys=0.00, real=0.06 secs] 
2011-02-26T09:24:06.362+0000: 12295.661: [GC 12295.662: [ParNew: 2545832K->47841K(2831168K), 0.0426320 secs] 9134088K->6654728K(12268352K), 0.0428780 secs] [Times: user=0.47 sys=0.01, real=0.04 secs] 
2011-02-26T09:24:09.403+0000: 12298.702: [GC 12298.702: [ParNew: 2564449K->42518K(2831168K), 0.0297220 secs] 9171336K->6660155K(12268352K), 0.0300020 secs] [Times: user=0.35 sys=0.01, real=0.03 secs] 
2011-02-26T09:24:16.818+0000: 12306.117: [GC 12306.117: [ParNew: 2559126K->55118K(2831168K), 0.0328080 secs] 9176763K->6678681K(12268352K), 0.0331020 secs] [Times: user=0.35 sys=0.00, real=0.03 secs] 
2011-02-26T09:24:24.284+0000: 12313.583: [GC 12313.583: [ParNew: 2571726K->37172K(2831168K), 0.0564030 secs] 9195289K->6678170K(12268352K), 0.0567150 secs] [Times: user=0.62 sys=0.01, real=0.06 secs] 
2011-02-26T09:24:31.075+0000: 12320.374: [GC 12320.374: [ParNew: 2553780K->126469K(2831168K), 0.0655880 secs] 9194778K->6794107K(12268352K), 0.0658780 secs] [Times: user=0.73 sys=0.00, real=0.07 secs] 
2011-02-26T09:24:34.098+0000: 12323.397: [GC 12323.398: [ParNew: 2643077K->238768K(2831168K), 0.0913130 secs] 9310715K->6936882K(12268352K), 0.0915910 secs] [Times: user=1.11 sys=0.00, real=0.09 secs] 
2011-02-26T09:24:38.417+0000: 12327.716: [GC 12327.716: [ParNew: 2755376K->80891K(2831168K), 0.1110560 secs] 9453490K->6854927K(12268352K), 0.1113470 secs] [Times: user=1.14 sys=0.01, real=0.11 secs] 
2011-02-26T09:24:47.827+0000: 12337.126: [GC 12337.126: [ParNew: 2597499K->84655K(2831168K), 0.1058010 secs] 9371535K->6904553K(12268352K), 0.1060890 secs] [Times: user=1.16 sys=0.00, real=0.10 secs] 
2011-02-26T09:24:56.124+0000: 12345.423: [GC 12345.423: [ParNew: 2601263K->113611K(2831168K), 0.1123450 secs] 9421161K->6997314K(12268352K), 0.1126390 secs] [Times: user=1.16 sys=0.01, real=0.11 secs] 
2011-02-26T09:25:05.341+0000: 12354.640: [GC 12354.641: [ParNew: 2630219K->114670K(2831168K), 0.1171840 secs] 9513922K->7073296K(12268352K), 0.1175110 secs] [Times: user=1.23 sys=0.00, real=0.12 secs] 
2011-02-26T09:25:08.321+0000: 12357.621: [GC 12357.621: [ParNew: 2631278K->94183K(2831168K), 0.0835290 secs] 9589904K->7112895K(12268352K), 0.0838250 secs] [Times: user=0.85 sys=0.00, real=0.08 secs] 
2011-02-26T09:25:12.985+0000: 12362.284: [GC 12362.284: [ParNew: 2610791K->64446K(2831168K), 0.0675210 secs] 9629503K->7101970K(12268352K), 0.0678360 secs] [Times: user=0.66 sys=0.01, real=0.07 secs] 
2011-02-26T09:25:23.699+0000: 12372.998: [GC 12372.999: [ParNew: 2581054K->76160K(2831168K), 0.0761010 secs] 9618578K->7152778K(12268352K), 0.0763880 secs] [Times: user=0.80 sys=0.00, real=0.07 secs] 
2011-02-26T09:25:31.851+0000: 12381.150: [GC 12381.150: [ParNew: 2592768K->93452K(2831168K), 0.0969370 secs] 9669386K->7216858K(12268352K), 0.0971690 secs] [Times: user=1.03 sys=0.00, real=0.10 secs] 
2011-02-26T09:25:31.949+0000: 12381.248: [GC [1 CMS-initial-mark: 7123405K(9437184K)] 7217172K(12268352K), 0.0852650 secs] [Times: user=0.08 sys=0.00, real=0.08 secs] 
2011-02-26T09:25:32.035+0000: 12381.334: [CMS-concurrent-mark-start]
2011-02-26T09:25:32.611+0000: 12381.910: [CMS-concurrent-mark: 0.574/0.576 secs] [Times: user=4.79 sys=0.51, real=0.58 secs] 
2011-02-26T09:25:32.611+0000: 12381.910: [CMS-concurrent-preclean-start]
2011-02-26T09:25:32.709+0000: 12382.008: [CMS-concurrent-preclean: 0.092/0.098 secs] [Times: user=0.31 sys=0.03, real=0.10 secs] 
2011-02-26T09:25:32.710+0000: 12382.009: [CMS-concurrent-abortable-preclean-start]
2011-02-26T09:25:37.658+0000: 12386.957: [GC 12386.958: [ParNew: 2610060K->110482K(2831168K), 0.1612580 secs] 9733466K->7296844K(12268352K), 0.1614890 secs] [Times: user=1.61 sys=0.03, real=0.16 secs] 
 CMS: abort preclean due to time 2011-02-26T09:25:38.154+0000: 12387.454: [CMS-concurrent-abortable-preclean: 5.230/5.445 secs] [Times: user=17.98 sys=2.63, real=5.44 secs] 
2011-02-26T09:25:38.155+0000: 12387.455: [GC[YG occupancy: 220231 K (2831168 K)]12387.455: [Rescan (parallel) , 0.0463440 secs]12387.501: [weak refs processing, 0.0295830 secs] [1 CMS-remark: 7186362K(9437184K)] 7406594K(12268352K), 0.0761800 secs] [Times: user=0.66 sys=0.00, real=0.08 secs] 
2011-02-26T09:25:38.232+0000: 12387.531: [CMS-concurrent-sweep-start]
2011-02-26T09:25:48.693+0000: 12397.992: [GC 12397.992: [ParNew: 2627090K->73462K(2831168K), 0.1298940 secs] 8315108K->5838720K(12268352K), 0.1301320 secs] [Times: user=1.11 sys=0.00, real=0.13 secs] 
2011-02-26T09:25:57.478+0000: 12406.777: [GC 12406.777: [ParNew: 2590070K->52705K(2831168K), 0.0554120 secs] 7173724K->4658120K(12268352K), 0.0556990 secs] [Times: user=0.57 sys=0.00, real=0.05 secs] 
2011-02-26T09:26:05.133+0000: 12414.432: [GC 12414.432: [ParNew: 2569323K->50350K(2831168K), 0.0466310 secs] 6336302K->3843813K(12268352K), 0.0469270 secs] [Times: user=0.53 sys=0.00, real=0.05 secs] 
2011-02-26T09:26:05.182+0000: 12414.481: [GC 12414.481: [ParNew: 78510K->36776K(2831168K), 0.0353400 secs] 3871698K->3871143K(12268352K), 0.0355910 secs] [Times: user=0.32 sys=0.01, real=0.04 secs] 
2011-02-26T09:26:08.284+0000: 12417.584: [GC 12417.584: [ParNew: 2553384K->25964K(2831168K), 0.0220680 secs] 6018511K->3491133K(12268352K), 0.0223430 secs] [Times: user=0.26 sys=0.00, real=0.02 secs] 
2011-02-26T09:26:13.276+0000: 12422.575: [GC 12422.575: [ParNew: 2542572K->19432K(2831168K), 0.0281830 secs] 5309050K->2791858K(12268352K), 0.0284610 secs] [Times: user=0.39 sys=0.00, real=0.03 secs] 
2011-02-26T09:26:23.309+0000: 12432.608: [GC 12432.608: [ParNew: 2536040K->48593K(2831168K), 0.0370500 secs] 4145038K->1668509K(12268352K), 0.0373540 secs] [Times: user=0.41 sys=0.01, real=0.03 secs] 
2011-02-26T09:26:25.464+0000: 12434.763: [CMS-concurrent-sweep: 46.766/47.232 secs] [Times: user=118.34 sys=15.79, real=47.23 secs] 
2011-02-26T09:26:25.464+0000: 12434.763: [CMS-concurrent-reset-start]
2011-02-26T09:26:25.484+0000: 12434.783: [CMS-concurrent-reset: 0.020/0.020 secs] [Times: user=0.03 sys=0.00, real=0.02 secs] 
2011-02-26T09:26:32.462+0000: 12441.761: [GC 12441.761: [ParNew: 2565201K->49538K(2831168K), 0.0640160 secs] 3595129K->1097680K(12268352K), 0.0643080 secs] [Times: user=0.75 sys=0.01, real=0.06 secs] 
2011-02-26T09:26:39.010+0000: 12448.309: [GC 12448.310: [ParNew: 2566146K->63116K(2831168K), 0.0850420 secs] 3614288K->1151717K(12268352K), 0.0853310 secs] [Times: user=0.91 sys=0.00, real=0.08 secs] 
2011-02-26T09:26:48.097+0000: 12457.396: [GC 12457.396: [ParNew: 2579724K->48014K(2831168K), 0.0618800 secs] 3668325K->1178844K(12268352K), 0.0621180 secs] [Times: user=0.68 sys=0.02, real=0.07 secs] 
2011-02-26T09:26:56.426+0000: 12465.725: [GC 12465.726: [ParNew: 2564622K->32151K(2831168K), 0.0472500 secs] 3695452K->1185273K(12268352K), 0.0474850 secs] [Times: user=0.51 sys=0.00, real=0.05 secs] 
2011-02-26T09:27:05.272+0000: 12474.572: [GC 12474.572: [ParNew: 2548759K->50534K(2831168K), 0.0457000 secs] 3701881K->1222715K(12268352K), 0.0460020 secs] [Times: user=0.53 sys=0.00, real=0.05 secs] 
2011-02-26T09:27:08.355+0000: 12477.654: [GC 12477.654: [ParNew: 2567142K->22255K(2831168K), 0.0348100 secs] 3739323K->1218132K(12268352K), 0.0351050 secs] [Times: user=0.37 sys=0.01, real=0.04 secs] 
2011-02-26T09:27:13.680+0000: 12482.979: [GC 12482.979: [ParNew: 2538863K->19173K(2831168K), 0.0261050 secs] 3734740K->1219878K(12268352K), 0.0302450 secs] [Times: user=0.31 sys=0.00, real=0.03 secs] 
2011-02-26T09:27:24.247+0000: 12493.546: [GC 12493.546: [ParNew: 2535781K->25360K(2831168K), 0.0414860 secs] 3736486K->1237383K(12268352K), 0.0418820 secs] [Times: user=0.47 sys=0.00, real=0.05 secs] 
2011-02-26T09:27:31.812+0000: 12501.111: [GC 12501.112: [ParNew: 2541968K->52673K(2831168K), 0.0637290 secs] 3753991K->1279533K(12268352K), 0.0640220 secs] [Times: user=0.62 sys=0.00, real=0.06 secs] 
2011-02-26T09:27:34.458+0000: 12503.757: [GC 12503.757: [ParNew: 2569281K->173232K(2831168K), 0.0858850 secs] 3796141K->1428936K(12268352K), 0.0861920 secs] [Times: user=0.96 sys=0.00, real=0.08 secs] 
2011-02-26T09:27:44.293+0000: 12513.592: [GC 12513.593: [ParNew: 2689840K->57114K(2831168K), 0.1185860 secs] 3945544K->1380140K(12268352K), 0.1188810 secs] [Times: user=1.05 sys=0.02, real=0.12 secs] 
2011-02-26T09:27:49.100+0000: 12518.399: [GC 12518.399: [ParNew: 2573722K->211972K(2831168K), 0.1012210 secs] 3896748K->1574609K(12268352K), 0.1015080 secs] [Times: user=1.01 sys=0.00, real=0.10 secs] 
2011-02-26T09:27:52.536+0000: 12521.835: [GC 12521.835: [ParNew: 2728580K->214446K(2831168K), 0.1113020 secs] 4091217K->1621637K(12268352K), 0.1116140 secs] [Times: user=0.94 sys=0.02, real=0.12 secs] 
2011-02-26T09:27:54.682+0000: 12523.981: [GC 12523.982: [ParNew: 2731054K->41254K(2831168K), 0.0925160 secs] 4138245K->1642425K(12268352K), 0.0940820 secs] [Times: user=0.99 sys=0.00, real=0.09 secs] 
2011-02-26T09:27:57.035+0000: 12526.334: [GC 12526.334: [ParNew: 2557862K->33488K(2831168K), 0.0421280 secs] 4159033K->1650959K(12268352K), 0.0424390 secs] [Times: user=0.52 sys=0.00, real=0.05 secs] 
2011-02-26T09:28:05.088+0000: 12534.387: [GC 12534.388: [ParNew: 2550096K->89588K(2831168K), 0.0638670 secs] 4167567K->1729374K(12268352K), 0.0777700 secs] [Times: user=0.75 sys=0.01, real=0.07 secs] 
2011-02-26T09:28:08.237+0000: 12537.536: [GC 12537.537: [ParNew: 2606196K->76917K(2831168K), 0.0762980 secs] 4245982K->1771721K(12268352K), 0.0765360 secs] [Times: user=0.80 sys=0.00, real=0.08 secs] 
2011-02-26T09:28:12.041+0000: 12541.340: [GC 12541.340: [ParNew: 2593525K->53878K(2831168K), 0.0505530 secs] 4288329K->1767820K(12268352K), 0.0507880 secs] [Times: user=0.53 sys=0.00, real=0.05 secs] 
2011-02-26T09:28:22.437+0000: 12551.736: [GC 12551.736: [ParNew: 2570486K->68535K(2831168K), 0.0705180 secs] 4284428K->1813954K(12268352K), 0.0708250 secs] [Times: user=0.75 sys=0.01, real=0.07 secs] 
2011-02-26T09:28:32.077+0000: 12561.376: [GC 12561.376: [ParNew: 2585143K->115038K(2831168K), 0.1494290 secs] 4330562K->1905909K(12268352K), 0.1497840 secs] [Times: user=1.24 sys=0.00, real=0.15 secs] 
2011-02-26T09:28:38.135+0000: 12567.434: [GC 12567.434: [ParNew: 2631646K->135336K(2831168K), 0.1499160 secs] 4422517K->2014694K(12268352K), 0.1502390 secs] [Times: user=1.53 sys=0.00, real=0.15 secs] 
2011-02-26T09:28:47.176+0000: 12576.476: [GC 12576.476: [ParNew: 2651944K->85419K(2831168K), 0.1296430 secs] 4531302K->2051570K(12268352K), 0.1299310 secs] [Times: user=1.39 sys=0.01, real=0.13 secs] 
2011-02-26T09:28:55.683+0000: 12584.982: [GC 12584.982: [ParNew: 2602027K->64652K(2831168K), 0.0779520 secs] 4568178K->2080586K(12268352K), 0.0782430 secs] [Times: user=0.80 sys=0.00, real=0.08 secs] 
2011-02-26T09:29:05.055+0000: 12594.354: [GC 12594.354: [ParNew: 2581218K->34574K(2831168K), 0.0495050 secs] 4597152K->2075250K(12268352K), 0.0498750 secs] [Times: user=0.55 sys=0.00, real=0.05 secs] 
2011-02-26T09:29:07.886+0000: 12597.185: [GC 12597.185: [ParNew: 2551182K->36995K(2831168K), 0.0363560 secs] 4591858K->2096751K(12268352K), 0.0366550 secs] [Times: user=0.39 sys=0.01, real=0.04 secs] 
2011-02-26T09:29:12.185+0000: 12601.484: [GC 12601.485: [ParNew: 2553603K->47036K(2831168K), 0.0260800 secs] 4613359K->2111119K(12268352K), 0.0263730 secs] [Times: user=0.35 sys=0.00, real=0.03 secs] 
2011-02-26T09:29:22.665+0000: 12611.964: [GC 12611.964: [ParNew: 2563644K->26143K(2831168K), 0.0352210 secs] 4627727K->2106677K(12268352K), 0.0355160 secs] [Times: user=0.40 sys=0.00, real=0.04 secs] 
2011-02-26T09:29:31.518+0000: 12620.817: [GC 12620.818: [ParNew: 2542751K->36560K(2831168K), 0.0846420 secs] 4623285K->2132729K(12268352K), 0.0849650 secs] [Times: user=0.72 sys=0.00, real=0.08 secs] 
2011-02-26T09:29:36.728+0000: 12626.027: [GC 12626.027: [ParNew: 2553168K->79239K(2831168K), 0.0940780 secs] 4649337K->2201901K(12268352K), 0.0943760 secs] [Times: user=0.82 sys=0.01, real=0.09 secs] 
2011-02-26T09:29:47.243+0000: 12636.542: [GC 12636.542: [ParNew: 2595847K->50520K(2831168K), 0.0964740 secs] 4718509K->2225458K(12268352K), 0.0967670 secs] [Times: user=0.86 sys=0.00, real=0.10 secs] 
2011-02-26T09:29:55.644+0000: 12644.943: [GC 12644.943: [ParNew: 2567128K->30438K(2831168K), 0.0505650 secs] 4742066K->2232579K(12268352K), 0.0508520 secs] [Times: user=0.58 sys=0.00, real=0.05 secs] 
2011-02-26T09:30:04.462+0000: 12653.761: [GC 12653.761: [ParNew: 2547046K->56922K(2831168K), 0.0481180 secs] 4749187K->2279142K(12268352K), 0.0484140 secs] [Times: user=0.53 sys=0.00, real=0.05 secs] 
2011-02-26T09:30:07.462+0000: 12656.761: [GC 12656.761: [ParNew: 2573530K->35973K(2831168K), 0.0367200 secs] 4795750K->2280534K(12268352K), 0.2475200 secs] [Times: user=0.40 sys=0.00, real=0.25 secs] 
2011-02-26T09:30:11.922+0000: 12661.221: [GC 12661.221: [ParNew: 2552581K->19440K(2831168K), 0.0266560 secs] 4797142K->2268348K(12268352K), 0.0269450 secs] [Times: user=0.26 sys=0.01, real=0.03 secs] 
2011-02-26T09:30:20.391+0000: 12669.690: [GC 12669.691: [ParNew: 2510697K->55655K(2831168K), 0.0335470 secs] 4759606K->2315038K(12268352K), 0.0338470 secs] [Times: user=0.38 sys=0.00, real=0.03 secs] 
2011-02-26T09:30:31.025+0000: 12680.324: [GC 12680.324: [ParNew: 2572263K->45195K(2831168K), 0.0455870 secs] 4831646K->2321336K(12268352K), 0.0458790 secs] [Times: user=0.50 sys=0.00, real=0.05 secs] 
2011-02-26T09:30:35.827+0000: 12685.127: [GC 12685.127: [ParNew: 2561803K->83591K(2831168K), 0.0821880 secs] 4837944K->2389032K(12268352K), 0.0824960 secs] [Times: user=0.95 sys=0.00, real=0.08 secs] 
2011-02-26T09:30:41.034+0000: 12690.333: [GC 12690.333: [ParNew: 2600199K->48459K(2831168K), 0.0856330 secs] 4905640K->2405940K(12268352K), 0.0859230 secs] [Times: user=0.91 sys=0.00, real=0.09 secs] 
2011-02-26T09:30:49.797+0000: 12699.096: [GC 12699.096: [ParNew: 2565067K->67220K(2831168K), 0.0719830 secs] 4922548K->2450888K(12268352K), 0.0722720 secs] [Times: user=0.89 sys=0.01, real=0.08 secs] 
2011-02-26T09:30:58.910+0000: 12708.209: [GC 12708.209: [ParNew: 2579817K->75703K(2831168K), 0.0761940 secs] 4963485K->2504100K(12268352K), 0.0764770 secs] [Times: user=0.79 sys=0.00, real=0.07 secs] 
2011-02-26T09:31:02.820+0000: 12712.119: [GC 12712.119: [ParNew: 2592311K->201549K(2831168K), 0.0997720 secs] 5020708K->2678178K(12268352K), 0.1000620 secs] [Times: user=1.05 sys=0.01, real=0.10 secs] 
2011-02-26T09:31:06.636+0000: 12715.935: [GC 12715.935: [ParNew: 2718157K->74095K(2831168K), 0.0803770 secs] 5194786K->2599454K(12268352K), 0.0806760 secs] [Times: user=0.77 sys=0.03, real=0.08 secs] 
2011-02-26T09:31:09.229+0000: 12718.528: [GC 12718.528: [ParNew: 2590703K->51859K(2831168K), 0.0463760 secs] 5116062K->2597047K(12268352K), 0.0466770 secs] [Times: user=0.48 sys=0.01, real=0.04 secs] 
2011-02-26T09:31:17.877+0000: 12727.176: [GC 12727.176: [ParNew: 2568467K->62049K(2831168K), 0.0576630 secs] 5113655K->2626574K(12268352K), 0.0579610 secs] [Times: user=0.71 sys=0.01, real=0.06 secs] 
2011-02-26T09:31:28.228+0000: 12737.527: [GC 12737.527: [ParNew: 2578657K->77323K(2831168K), 0.0787580 secs] 5143182K->2685981K(12268352K), 0.0790420 secs] [Times: user=0.83 sys=0.00, real=0.08 secs] 
2011-02-26T09:31:34.782+0000: 12744.081: [GC 12744.081: [ParNew: 2593931K->121604K(2831168K), 0.1546900 secs] 5202589K->2779597K(12268352K), 0.1550000 secs] [Times: user=1.30 sys=0.00, real=0.16 secs] 
2011-02-26T09:31:41.769+0000: 12751.068: [GC 12751.068: [ParNew: 2638212K->130445K(2831168K), 0.1964810 secs] 5296205K->2885079K(12268352K), 0.1968240 secs] [Times: user=1.40 sys=0.00, real=0.19 secs] 
2011-02-26T09:31:52.215+0000: 12761.514: [GC 12761.514: [ParNew: 2647053K->113080K(2831168K), 0.1378480 secs] 5401687K->2953987K(12268352K), 0.1381420 secs] [Times: user=1.44 sys=0.01, real=0.14 secs] 
2011-02-26T09:32:00.648+0000: 12769.947: [GC 12769.948: [ParNew: 2629688K->75995K(2831168K), 0.1094300 secs] 5470595K->2988064K(12268352K), 0.1097190 secs] [Times: user=1.15 sys=0.00, real=0.11 secs] 
2011-02-26T09:32:06.231+0000: 12775.530: [GC 12775.531: [ParNew: 2592566K->87630K(2831168K), 0.0723180 secs] 5504634K->3048951K(12268352K), 0.0726440 secs] [Times: user=0.79 sys=0.00, real=0.07 secs] 
2011-02-26T09:32:11.267+0000: 12780.566: [GC 12780.566: [ParNew: 2604238K->46694K(2831168K), 0.0293260 secs] 5565559K->3020535K(12268352K), 0.0295570 secs] [Times: user=0.35 sys=0.00, real=0.02 secs] 
2011-02-26T09:32:15.906+0000: 12785.205: [GC 12785.205: [ParNew: 2563302K->18734K(2831168K), 0.0289550 secs] 5537143K->3002870K(12268352K), 0.0291860 secs] [Times: user=0.39 sys=0.00, real=0.03 secs] 
2011-02-26T09:32:27.865+0000: 12797.164: [GC 12797.164: [ParNew: 2535342K->25520K(2831168K), 0.0354680 secs] 5519478K->3017808K(12268352K), 0.0357600 secs] [Times: user=0.40 sys=0.00, real=0.04 secs] 
2011-02-26T09:32:33.258+0000: 12802.557: [GC 12802.557: [ParNew: 2542128K->98521K(2831168K), 0.0967980 secs] 5534416K->3109458K(12268352K), 0.0971090 secs] [Times: user=1.06 sys=0.00, real=0.09 secs] 
2011-02-26T09:32:42.161+0000: 12811.460: [GC 12811.460: [ParNew: 2615129K->51170K(2831168K), 0.0875300 secs] 5626066K->3121578K(12268352K), 0.0878100 secs] [Times: user=0.88 sys=0.00, real=0.09 secs] 
2011-02-26T09:32:50.703+0000: 12820.002: [GC 12820.002: [ParNew: 2567778K->35269K(2831168K), 0.0574810 secs] 5638186K->3129189K(12268352K), 0.0577730 secs] [Times: user=0.66 sys=0.00, real=0.06 secs] 
2011-02-26T09:32:58.940+0000: 12828.239: [GC 12828.240: [ParNew: 2551877K->54767K(2831168K), 0.0521570 secs] 5645797K->3168422K(12268352K), 0.0524710 secs] [Times: user=0.50 sys=0.00, real=0.05 secs] 
2011-02-26T09:33:06.012+0000: 12835.311: [GC 12835.312: [ParNew: 2571375K->65942K(2831168K), 0.0478510 secs] 5685030K->3205139K(12268352K), 0.0481330 secs] [Times: user=0.49 sys=0.00, real=0.05 secs] 
2011-02-26T09:33:11.093+0000: 12840.392: [GC 12840.393: [ParNew: 2582550K->46975K(2831168K), 0.0360890 secs] 5721747K->3198537K(12268352K), 0.0364450 secs] [Times: user=0.40 sys=0.00, real=0.04 secs] 
2011-02-26T09:33:14.586+0000: 12843.885: [GC 12843.885: [ParNew: 2563583K->111334K(2831168K), 0.0419320 secs] 5715145K->3273056K(12268352K), 0.0421690 secs] [Times: user=0.51 sys=0.00, real=0.05 secs] 
2011-02-26T09:33:22.487+0000: 12851.786: [GC 12851.786: [ParNew: 2627942K->17191K(2831168K), 0.0273920 secs] 5789664K->3189544K(12268352K), 0.0276900 secs] [Times: user=0.28 sys=0.00, real=0.02 secs] 
2011-02-26T09:33:31.551+0000: 12860.851: [GC 12860.851: [ParNew: 2533799K->30841K(2831168K), 0.0538350 secs] 5706152K->3216286K(12268352K), 0.0540650 secs] [Times: user=0.60 sys=0.00, real=0.05 secs] 
2011-02-26T09:33:37.152+0000: 12866.451: [GC 12866.451: [ParNew: 2547449K->79200K(2831168K), 0.0741750 secs] 5732894K->3288777K(12268352K), 0.0744020 secs] [Times: user=0.84 sys=0.00, real=0.07 secs] 
2011-02-26T09:33:47.365+0000: 12876.664: [GC 12876.664: [ParNew: 2595808K->49830K(2831168K), 0.0811300 secs] 5805385K->3312320K(12268352K), 0.0813620 secs] [Times: user=0.89 sys=0.00, real=0.08 secs] 
2011-02-26T09:33:52.319+0000: 12881.618: [GC 12881.618: [ParNew: 2566444K->114421K(2831168K), 0.0580020 secs] 5828934K->3400805K(12268352K), 0.0582290 secs] [Times: user=0.63 sys=0.01, real=0.06 secs] 
2011-02-26T09:33:56.372+0000: 12885.671: [GC 12885.672: [ParNew: 2631029K->108065K(2831168K), 0.0583460 secs] 5917413K->3422586K(12268352K), 0.0586320 secs] [Times: user=0.65 sys=0.01, real=0.06 secs] 
2011-02-26T09:33:59.962+0000: 12889.261: [GC 12889.262: [ParNew: 2624673K->47257K(2831168K), 0.0597430 secs] 5939194K->3461243K(12268352K), 0.0599760 secs] [Times: user=0.63 sys=0.03, real=0.06 secs] 
2011-02-26T09:34:06.294+0000: 12895.593: [GC 12895.593: [ParNew: 2563865K->36352K(2831168K), 0.0448840 secs] 5977851K->3471669K(12268352K), 0.0451260 secs] [Times: user=0.49 sys=0.00, real=0.05 secs] 
2011-02-26T09:34:10.125+0000: 12899.424: [GC 12899.424: [ParNew: 2552960K->30176K(2831168K), 0.0420140 secs] 5988277K->3488217K(12268352K), 0.0422480 secs] [Times: user=0.46 sys=0.01, real=0.05 secs] 
2011-02-26T09:34:13.822+0000: 12903.121: [GC 12903.121: [ParNew: 2546784K->52590K(2831168K), 0.0378100 secs] 6004825K->3525111K(12268352K), 0.0380440 secs] [Times: user=0.39 sys=0.00, real=0.04 secs] 
2011-02-26T09:34:18.902+0000: 12908.201: [GC 12908.201: [ParNew: 2569198K->207038K(2831168K), 0.0687590 secs] 6041719K->3693395K(12268352K), 0.0689970 secs] [Times: user=0.79 sys=0.00, real=0.07 secs] 
2011-02-26T09:34:29.398+0000: 12918.697: [GC 12918.698: [ParNew: 2723646K->81883K(2831168K), 0.0804370 secs] 6210003K->3609146K(12268352K), 0.0806910 secs] [Times: user=0.87 sys=0.00, real=0.08 secs] 
2011-02-26T09:34:34.370+0000: 12923.669: [GC 12923.670: [ParNew: 2598491K->146486K(2831168K), 0.1412520 secs] 6125754K->3725020K(12268352K), 0.1415470 secs] [Times: user=1.40 sys=0.02, real=0.14 secs] 
2011-02-26T09:34:43.758+0000: 12933.057: [GC 12933.058: [ParNew: 2663094K->107544K(2831168K), 0.1685340 secs] 6241628K->3812808K(12268352K), 0.1687640 secs] [Times: user=1.64 sys=0.00, real=0.17 secs] 
2011-02-26T09:34:51.337+0000: 12940.636: [GC 12940.636: [ParNew: 2624152K->102112K(2831168K), 0.1097770 secs] 6329416K->3871220K(12268352K), 0.1100130 secs] [Times: user=1.20 sys=0.00, real=0.11 secs] 
2011-02-26T09:35:02.099+0000: 12951.398: [GC 12951.398: [ParNew: 2618720K->114970K(2831168K), 0.1108580 secs] 6387828K->3945892K(12268352K), 0.1110970 secs] [Times: user=1.21 sys=0.00, real=0.11 secs] 
2011-02-26T09:35:10.330+0000: 12959.629: [GC 12959.629: [ParNew: 2631578K->71266K(2831168K), 0.1053470 secs] 6462500K->3977077K(12268352K), 0.1055930 secs] [Times: user=1.02 sys=0.01, real=0.10 secs] 
2011-02-26T09:35:29.374+0000: 12978.673: [GC 12978.674: [ParNew: 2587874K->68603K(2831168K), 0.0805350 secs] 6493685K->4010419K(12268352K), 0.0808330 secs] [Times: user=0.90 sys=0.00, real=0.08 secs] 
2011-02-26T09:35:37.689+0000: 12986.988: [GC 12986.988: [ParNew: 2585211K->102593K(2831168K), 0.1070010 secs] 6527027K->4090768K(12268352K), 0.1073370 secs] [Times: user=1.20 sys=0.02, real=0.10 secs] 
2011-02-26T09:35:56.664+0000: 13005.963: [GC 13005.963: [ParNew: 2619222K->67453K(2831168K), 0.1217980 secs] 6607396K->4129878K(12268352K), 0.1221020 secs] [Times: user=1.30 sys=0.00, real=0.12 secs] 
2011-02-26T09:36:07.602+0000: 13016.901: [GC 13016.901: [ParNew: 2584000K->54362K(2831168K), 0.0742320 secs] 6646425K->4160238K(12268352K), 0.0745560 secs] [Times: user=0.78 sys=0.01, real=0.07 secs] 
2011-02-26T09:36:20.246+0000: 13029.545: [GC 13029.545: [ParNew: 2570970K->32103K(2831168K), 0.0534820 secs] 6676846K->4163467K(12268352K), 0.0537840 secs] [Times: user=0.64 sys=0.00, real=0.06 secs] 
2011-02-26T09:36:33.287+0000: 13042.586: [GC 13042.586: [ParNew: 2548727K->86194K(2831168K), 0.0956310 secs] 6680091K->4239848K(12268352K), 0.0958630 secs] [Times: user=1.03 sys=0.01, real=0.10 secs] 
2011-02-26T09:36:48.784+0000: 13058.083: [GC 13058.083: [ParNew: 2602802K->69181K(2831168K), 0.0966520 secs] 6756456K->4284098K(12268352K), 0.0969450 secs] [Times: user=1.06 sys=0.00, real=0.10 secs] 
2011-02-26T09:37:01.150+0000: 13070.449: [GC 13070.449: [ParNew: 2585789K->145074K(2831168K), 0.0939940 secs] 6800706K->4410244K(12268352K), 0.0942950 secs] [Times: user=1.02 sys=0.01, real=0.09 secs] 
2011-02-26T09:37:07.433+0000: 13076.732: [GC 13076.732: [ParNew: 2661630K->49101K(2831168K), 0.0693710 secs] 6926800K->4359340K(12268352K), 0.0696730 secs] [Times: user=0.72 sys=0.00, real=0.07 secs] 
2011-02-26T09:37:18.420+0000: 13087.719: [GC 13087.719: [ParNew: 2565709K->64388K(2831168K), 0.0595080 secs] 6875948K->4395098K(12268352K), 0.0598060 secs] [Times: user=0.66 sys=0.00, real=0.06 secs] 
2011-02-26T09:37:33.560+0000: 13102.859: [GC 13102.859: [ParNew: 2580996K->289093K(2831168K), 0.1465760 secs] 6911706K->4662523K(12268352K), 0.1468690 secs] [Times: user=1.49 sys=0.01, real=0.14 secs] 
2011-02-26T09:37:36.616+0000: 13105.915: [GC 13105.915: [ParNew: 2805701K->115746K(2831168K), 0.1658890 secs] 7179131K->4738829K(12268352K), 0.1661650 secs] [Times: user=1.83 sys=0.02, real=0.17 secs] 
2011-02-26T09:37:39.541+0000: 13108.840: [GC 13108.840: [ParNew: 2632354K->239754K(2831168K), 0.1312040 secs] 7255437K->4948416K(12268352K), 0.1314930 secs] [Times: user=1.29 sys=0.02, real=0.13 secs] 
2011-02-26T09:37:41.997+0000: 13111.296: [GC 13111.296: [ParNew: 2756362K->30163K(2831168K), 0.0796450 secs] 7465024K->4920486K(12268352K), 0.0799310 secs] [Times: user=0.88 sys=0.00, real=0.08 secs] 
2011-02-26T09:37:56.261+0000: 13125.560: [GC 13125.560: [ParNew: 2546771K->133795K(2831168K), 0.0870460 secs] 7437094K->5034346K(12268352K), 0.0873120 secs] [Times: user=1.05 sys=0.00, real=0.09 secs] 
2011-02-26T09:38:06.565+0000: 13135.864: [GC 13135.864: [ParNew: 2650403K->97636K(2831168K), 0.1631890 secs] 7550954K->5119679K(12268352K), 0.1908200 secs] [Times: user=1.62 sys=0.01, real=0.19 secs] 
2011-02-26T09:38:17.471+0000: 13146.770: [GC 13146.770: [ParNew: 2614244K->80113K(2831168K), 0.1072810 secs] 7636287K->5161234K(12268352K), 0.1075190 secs] [Times: user=1.19 sys=0.00, real=0.11 secs] 
2011-02-26T09:38:33.223+0000: 13162.522: [GC 13162.522: [ParNew: 2596721K->129272K(2831168K), 0.1545450 secs] 7677842K->5266316K(12268352K), 0.1548470 secs] [Times: user=1.39 sys=0.02, real=0.16 secs] 
2011-02-26T09:38:48.889+0000: 13178.188: [GC 13178.188: [ParNew: 2645880K->91074K(2831168K), 0.1390250 secs] 7782924K->5328409K(12268352K), 0.1393080 secs] [Times: user=1.47 sys=0.00, real=0.14 secs] 
2011-02-26T09:39:05.089+0000: 13194.389: [GC 13194.389: [ParNew: 2607682K->54939K(2831168K), 0.0920540 secs] 7845017K->5344280K(12268352K), 0.0923900 secs] [Times: user=0.89 sys=0.03, real=0.09 secs] 
2011-02-26T09:39:08.849+0000: 13198.148: [GC 13198.148: [ParNew: 2571547K->39156K(2831168K), 0.0544500 secs] 7860888K->5364525K(12268352K), 0.0546830 secs] [Times: user=0.55 sys=0.00, real=0.05 secs] 
2011-02-26T09:39:30.801+0000: 13220.100: [GC 13220.100: [ParNew: 2555764K->87406K(2831168K), 0.0483800 secs] 7881133K->5418558K(12268352K), 0.0486090 secs] [Times: user=0.53 sys=0.00, real=0.05 secs] 
2011-02-26T09:39:41.310+0000: 13230.609: [GC 13230.609: [ParNew: 2604014K->77567K(2831168K), 0.0920430 secs] 7935166K->5454723K(12268352K), 0.0923170 secs] [Times: user=1.00 sys=0.00, real=0.09 secs] 
2011-02-26T09:39:58.665+0000: 13247.964: [GC 13247.964: [ParNew: 2594175K->72602K(2831168K), 0.1073830 secs] 7971331K->5515974K(12268352K), 0.1076640 secs] [Times: user=1.13 sys=0.01, real=0.11 secs] 
2011-02-26T09:40:09.737+0000: 13259.036: [GC 13259.036: [ParNew: 2589210K->56701K(2831168K), 0.0730180 secs] 8032582K->5546776K(12268352K), 0.0733210 secs] [Times: user=0.82 sys=0.00, real=0.08 secs] 
2011-02-26T09:40:15.328+0000: 13264.628: [GC 13264.628: [ParNew: 2573309K->102542K(2831168K), 0.0575450 secs] 8063384K->5617494K(12268352K), 0.0578420 secs] [Times: user=0.66 sys=0.00, real=0.05 secs] 
2011-02-26T09:40:31.414+0000: 13280.713: [GC 13280.713: [ParNew: 2619150K->87084K(2831168K), 0.0686800 secs] 8134102K->5620850K(12268352K), 0.0689720 secs] [Times: user=0.79 sys=0.01, real=0.07 secs] 
2011-02-26T09:40:35.325+0000: 13284.624: [GC 13284.624: [ParNew: 2603692K->267729K(2831168K), 0.1377750 secs] 8137458K->5868257K(12268352K), 0.1380070 secs] [Times: user=1.54 sys=0.02, real=0.14 secs] 
2011-02-26T09:40:47.837+0000: 13297.136: [GC 13297.137: [ParNew: 2784337K->153625K(2831168K), 0.1503860 secs] 8384865K->5843042K(12268352K), 0.1506220 secs] [Times: user=1.64 sys=0.00, real=0.15 secs] 
2011-02-26T09:41:04.994+0000: 13314.293: [GC 13314.293: [ParNew: 2670233K->190824K(2831168K), 0.1782370 secs] 8359650K->5980057K(12268352K), 0.1784780 secs] [Times: user=1.97 sys=0.01, real=0.18 secs] 
2011-02-26T09:41:09.332+0000: 13318.631: [GC 13318.631: [ParNew: 2707432K->117807K(2831168K), 0.1570020 secs] 8496665K->6032241K(12268352K), 0.1572430 secs] [Times: user=1.36 sys=0.00, real=0.16 secs] 
2011-02-26T09:41:28.898+0000: 13338.197: [GC 13338.197: [ParNew: 2634415K->110408K(2831168K), 0.1028550 secs] 8548849K->6049577K(12268352K), 0.1030930 secs] [Times: user=1.08 sys=0.00, real=0.10 secs] 
2011-02-26T09:41:37.567+0000: 13346.866: [GC 13346.866: [ParNew: 2627016K->158112K(2831168K), 0.1675660 secs] 8566185K->6190159K(12268352K), 0.1678580 secs] [Times: user=1.77 sys=0.01, real=0.17 secs] 
2011-02-26T09:41:56.605+0000: 13365.904: [GC 13365.904: [ParNew: 2674720K->104942K(2831168K), 0.1546130 secs] 8706767K->6249977K(12268352K), 0.1549010 secs] [Times: user=1.71 sys=0.00, real=0.16 secs] 
2011-02-26T09:42:07.034+0000: 13376.333: [GC 13376.333: [ParNew: 2621550K->43888K(2831168K), 0.0722230 secs] 8766585K->6234446K(12268352K), 0.0725240 secs] [Times: user=0.73 sys=0.00, real=0.07 secs] 
2011-02-26T09:42:16.150+0000: 13385.449: [GC 13385.449: [ParNew: 2560496K->122617K(2831168K), 0.0564000 secs] 8751054K->6332501K(12268352K), 0.0567130 secs] [Times: user=0.65 sys=0.00, real=0.05 secs] 
2011-02-26T09:42:31.305+0000: 13400.604: [GC 13400.604: [ParNew: 2639225K->42887K(2831168K), 0.0515680 secs] 8849109K->6273554K(12268352K), 0.0518630 secs] [Times: user=0.62 sys=0.01, real=0.05 secs] 
2011-02-26T09:42:42.502+0000: 13411.802: [GC 13411.802: [ParNew: 2559495K->85285K(2831168K), 0.0900790 secs] 8790162K->6347818K(12268352K), 0.0903710 secs] [Times: user=1.03 sys=0.00, real=0.09 secs] 
2011-02-26T09:42:59.133+0000: 13428.432: [GC 13428.432: [ParNew: 2601893K->80660K(2831168K), 0.1077970 secs] 8864426K->6411945K(12268352K), 0.1081120 secs] [Times: user=1.18 sys=0.00, real=0.11 secs] 
2011-02-26T09:43:07.160+0000: 13436.459: [GC 13436.459: [ParNew: 2597268K->53143K(2831168K), 0.0640440 secs] 8928553K->6435037K(12268352K), 0.0643200 secs] [Times: user=0.66 sys=0.00, real=0.06 secs] 
2011-02-26T09:43:20.513+0000: 13449.812: [GC 13449.812: [ParNew: 2569751K->36883K(2831168K), 0.0441420 secs] 8951645K->6432900K(12268352K), 0.0444380 secs] [Times: user=0.53 sys=0.00, real=0.05 secs] 
2011-02-26T09:43:32.573+0000: 13461.872: [GC 13461.873: [ParNew: 2553491K->167206K(2831168K), 0.0808700 secs] 8949508K->6588008K(12268352K), 0.0811620 secs] [Times: user=0.89 sys=0.00, real=0.08 secs] 
2011-02-26T09:43:42.633+0000: 13471.932: [GC 13471.932: [ParNew: 2683814K->103442K(2831168K), 0.1228330 secs] 9104616K->6588076K(12268352K), 0.1231230 secs] [Times: user=1.26 sys=0.01, real=0.12 secs] 
2011-02-26T09:43:48.652+0000: 13477.951: [GC 13477.951: [ParNew: 2620050K->233944K(2831168K), 0.1407580 secs] 9104684K->6795275K(12268352K), 0.1410420 secs] [Times: user=1.53 sys=0.00, real=0.14 secs] 
2011-02-26T09:44:04.778+0000: 13494.077: [GC 13494.077: [ParNew: 2750552K->156491K(2831168K), 0.1600230 secs] 9311883K->6778338K(12268352K), 0.1603240 secs] [Times: user=1.73 sys=0.00, real=0.16 secs] 
2011-02-26T09:44:10.960+0000: 13500.259: [GC 13500.260: [ParNew: 2673099K->109109K(2831168K), 0.1509830 secs] 9294946K->6855596K(12268352K), 0.1512270 secs] [Times: user=1.44 sys=0.01, real=0.15 secs] 
2011-02-26T09:44:29.978+0000: 13519.277: [GC 13519.277: [ParNew: 2625717K->113928K(2831168K), 0.1050920 secs] 9372204K->6898738K(12268352K), 0.1053290 secs] [Times: user=1.22 sys=0.00, real=0.11 secs] 
2011-02-26T09:44:38.352+0000: 13527.651: [GC 13527.651: [ParNew: 2630536K->167938K(2831168K), 0.1790080 secs] 9415346K->7040301K(12268352K), 0.1792610 secs] [Times: user=1.95 sys=0.01, real=0.18 secs] 
2011-02-26T09:44:56.630+0000: 13545.929: [GC 13545.929: [ParNew: 2684585K->122851K(2831168K), 0.1765350 secs] 9556948K->7133669K(12268352K), 0.1768250 secs] [Times: user=1.83 sys=0.00, real=0.18 secs] 
2011-02-26T09:44:56.809+0000: 13546.108: [GC 13546.108: [ParNew: 124457K->30362K(2831168K), 0.0801830 secs] 7135275K->7109946K(12268352K), 0.0804020 secs] [Times: user=0.81 sys=0.00, real=0.08 secs] 
2011-02-26T09:44:56.890+0000: 13546.189: [GC [1 CMS-initial-mark: 7079584K(9437184K)] 7115915K(12268352K), 0.0057340 secs] [Times: user=0.00 sys=0.00, real=0.00 secs] 
2011-02-26T09:44:56.896+0000: 13546.195: [CMS-concurrent-mark-start]
2011-02-26T09:44:57.530+0000: 13546.829: [CMS-concurrent-mark: 0.632/0.634 secs] [Times: user=3.28 sys=0.27, real=0.64 secs] 
2011-02-26T09:44:57.531+0000: 13546.830: [CMS-concurrent-preclean-start]
2011-02-26T09:44:57.586+0000: 13546.885: [CMS-concurrent-preclean: 0.052/0.055 secs] [Times: user=0.12 sys=0.04, real=0.05 secs] 
2011-02-26T09:44:57.586+0000: 13546.885: [CMS-concurrent-abortable-preclean-start]
 CMS: abort preclean due to time 2011-02-26T09:45:02.606+0000: 13551.905: [CMS-concurrent-abortable-preclean: 4.578/5.020 secs] [Times: user=8.33 sys=1.43, real=5.02 secs] 
2011-02-26T09:45:02.607+0000: 13551.906: [GC[YG occupancy: 846444 K (2831168 K)]13551.906: [Rescan (parallel) , 0.1647120 secs]13552.071: [weak refs processing, 0.0284250 secs] [1 CMS-remark: 7079584K(9437184K)] 7926029K(12268352K), 0.1933940 secs] [Times: user=2.16 sys=0.01, real=0.19 secs] 
2011-02-26T09:45:02.801+0000: 13552.100: [CMS-concurrent-sweep-start]
2011-02-26T09:45:06.438+0000: 13555.737: [GC 13555.737: [ParNew: 2546970K->60128K(2831168K), 0.0320610 secs] 8973592K->6486751K(12268352K), 0.0859600 secs] [Times: user=0.39 sys=0.00, real=0.09 secs] 
2011-02-26T09:45:12.947+0000: 13562.246: [GC 13562.246: [ParNew: 2576763K->21987K(2831168K), 0.0474810 secs] 8319887K->5789728K(12268352K), 0.0477150 secs] [Times: user=0.50 sys=0.04, real=0.04 secs] 
2011-02-26T09:45:32.316+0000: 13581.615: [GC 13581.615: [ParNew: 2538595K->93625K(2831168K), 0.0632620 secs] 6222237K->3791193K(12268352K), 0.0635020 secs] [Times: user=0.77 sys=0.00, real=0.07 secs] 
2011-02-26T09:45:46.588+0000: 13595.887: [GC 13595.888: [ParNew: 2610233K->77417K(2831168K), 0.1090210 secs] 4754041K->2282470K(12268352K), 0.1092800 secs] [Times: user=1.04 sys=0.01, real=0.11 secs] 
2011-02-26T09:45:55.482+0000: 13604.781: [CMS-concurrent-sweep: 52.265/52.681 secs] [Times: user=99.58 sys=18.41, real=52.68 secs] 
2011-02-26T09:45:55.482+0000: 13604.781: [CMS-concurrent-reset-start]
2011-02-26T09:45:55.505+0000: 13604.804: [CMS-concurrent-reset: 0.024/0.024 secs] [Times: user=0.06 sys=0.01, real=0.02 secs] 
2011-02-26T09:46:04.199+0000: 13613.498: [GC 13613.499: [ParNew: 2594025K->68337K(2831168K), 0.0931300 secs] 3583617K->1114378K(12268352K), 0.0934460 secs] [Times: user=0.91 sys=0.00, real=0.09 secs] 
2011-02-26T09:46:07.566+0000: 13616.866: [GC 13616.866: [ParNew: 2584894K->48339K(2831168K), 0.0561190 secs] 3630935K->1138917K(12268352K), 0.0564160 secs] [Times: user=0.63 sys=0.00, real=0.06 secs] 
2011-02-26T09:46:25.324+0000: 13634.623: [GC 13634.623: [ParNew: 2564947K->65302K(2831168K), 0.0446450 secs] 3655525K->1160553K(12268352K), 0.0448950 secs] [Times: user=0.51 sys=0.00, real=0.05 secs] 
2011-02-26T09:46:34.052+0000: 13643.351: [GC 13643.351: [ParNew: 2581910K->159692K(2831168K), 0.0981370 secs] 3677161K->1292919K(12268352K), 0.0983720 secs] [Times: user=0.94 sys=0.00, real=0.10 secs] 
2011-02-26T09:46:39.748+0000: 13649.047: [GC 13649.047: [ParNew: 2676300K->135359K(2831168K), 0.1237050 secs] 3809527K->1340022K(12268352K), 0.1239420 secs] [Times: user=1.15 sys=0.01, real=0.12 secs] 
2011-02-26T09:46:44.288+0000: 13653.587: [GC 13653.587: [ParNew: 2651967K->41593K(2831168K), 0.0859460 secs] 3856630K->1357090K(12268352K), 0.0861780 secs] [Times: user=0.83 sys=0.00, real=0.08 secs] 
2011-02-26T09:46:55.787+0000: 13665.086: [GC 13665.086: [ParNew: 2558201K->69734K(2831168K), 0.0736140 secs] 3873698K->1402653K(12268352K), 0.0738540 secs] [Times: user=0.73 sys=0.00, real=0.08 secs] 
2011-02-26T09:46:59.954+0000: 13669.253: [GC 13669.253: [ParNew: 2586342K->214494K(2831168K), 0.1421090 secs] 3919261K->1606771K(12268352K), 0.1424030 secs] [Times: user=1.34 sys=0.00, real=0.14 secs] 
2011-02-26T09:47:02.326+0000: 13671.625: [GC 13671.626: [ParNew: 2731102K->125280K(2831168K), 0.1212550 secs] 4123379K->1645563K(12268352K), 0.1215400 secs] [Times: user=1.18 sys=0.00, real=0.13 secs] 
2011-02-26T09:47:04.788+0000: 13674.087: [GC 13674.088: [ParNew: 2641888K->20172K(2831168K), 0.0560600 secs] 4162171K->1638845K(12268352K), 0.0563540 secs] [Times: user=0.52 sys=0.01, real=0.05 secs] 
2011-02-26T09:47:09.150+0000: 13678.449: [GC 13678.450: [ParNew: 2536780K->33484K(2831168K), 0.0475230 secs] 4155453K->1664420K(12268352K), 0.0478220 secs] [Times: user=0.44 sys=0.00, real=0.05 secs] 
2011-02-26T09:47:28.330+0000: 13697.629: [GC 13697.630: [ParNew: 2550092K->115550K(2831168K), 0.0871110 secs] 4181028K->1771079K(12268352K), 0.0873480 secs] [Times: user=1.03 sys=0.00, real=0.09 secs] 
2011-02-26T09:47:37.688+0000: 13706.987: [GC 13706.987: [ParNew: 2632158K->180428K(2831168K), 0.1817730 secs] 4287687K->1937746K(12268352K), 0.1820080 secs] [Times: user=2.01 sys=0.01, real=0.18 secs] 
2011-02-26T09:47:57.130+0000: 13726.429: [GC 13726.429: [ParNew: 2697036K->155952K(2831168K), 0.2335260 secs] 4454354K->2065060K(12268352K), 0.2338010 secs] [Times: user=2.44 sys=0.01, real=0.23 secs] 
2011-02-26T09:48:06.623+0000: 13735.922: [GC 13735.922: [ParNew: 2672560K->120723K(2831168K), 0.1462780 secs] 4581668K->2145330K(12268352K), 0.1465790 secs] [Times: user=1.34 sys=0.01, real=0.15 secs] 
2011-02-26T09:48:16.731+0000: 13746.031: [GC 13746.031: [ParNew: 2637331K->42423K(2831168K), 0.0460990 secs] 4661938K->2088732K(12268352K), 0.0464200 secs] [Times: user=0.53 sys=0.00, real=0.05 secs] 
2011-02-26T09:48:33.196+0000: 13762.496: [GC 13762.496: [ParNew: 2559031K->96567K(2831168K), 0.0708900 secs] 4605340K->2163021K(12268352K), 0.0711760 secs] [Times: user=0.89 sys=0.00, real=0.08 secs] 
2011-02-26T09:48:50.828+0000: 13780.127: [GC 13780.128: [ParNew: 2613175K->81921K(2831168K), 0.1569820 secs] 4679629K->2214661K(12268352K), 0.1573040 secs] [Times: user=1.18 sys=0.00, real=0.15 secs] 
2011-02-26T09:49:06.095+0000: 13795.394: [GC 13795.394: [ParNew: 2598529K->53990K(2831168K), 0.0862680 secs] 4731269K->2244682K(12268352K), 0.0865700 secs] [Times: user=0.92 sys=0.00, real=0.09 secs] 
2011-02-26T09:49:10.904+0000: 13800.203: [GC 13800.204: [ParNew: 2570598K->50142K(2831168K), 0.0568340 secs] 4761290K->2271822K(12268352K), 0.0571570 secs] [Times: user=0.65 sys=0.00, real=0.06 secs] 
2011-02-26T09:49:31.647+0000: 13820.946: [GC 13820.946: [ParNew: 2566750K->88072K(2831168K), 0.0653820 secs] 4788430K->2322306K(12268352K), 0.0656140 secs] [Times: user=0.81 sys=0.01, real=0.07 secs] 
2011-02-26T09:49:44.183+0000: 13833.482: [GC 13833.482: [ParNew: 2604680K->81430K(2831168K), 0.1050860 secs] 4838914K->2367694K(12268352K), 0.1053200 secs] [Times: user=1.05 sys=0.00, real=0.11 secs] 
2011-02-26T09:49:53.464+0000: 13842.763: [GC 13842.763: [ParNew: 2598038K->72656K(2831168K), 0.0992570 secs] 4884302K->2419608K(12268352K), 0.0995480 secs] [Times: user=1.05 sys=0.00, real=0.10 secs] 
2011-02-26T09:50:05.680+0000: 13854.979: [GC 13854.979: [ParNew: 2589264K->70705K(2831168K), 0.0950390 secs] 4936216K->2470198K(12268352K), 0.0953630 secs] [Times: user=1.02 sys=0.01, real=0.09 secs] 
2011-02-26T09:50:10.418+0000: 13859.717: [GC 13859.717: [ParNew: 2587313K->56096K(2831168K), 0.0734000 secs] 4986806K->2509750K(12268352K), 0.0736930 secs] [Times: user=0.69 sys=0.00, real=0.07 secs] 
2011-02-26T09:50:17.502+0000: 13866.801: [GC 13866.801: [ParNew: 2572704K->70467K(2831168K), 0.0694240 secs] 5026358K->2544429K(12268352K), 0.0696970 secs] [Times: user=0.79 sys=0.00, real=0.07 secs] 
2011-02-26T09:50:34.699+0000: 13883.999: [GC 13883.999: [ParNew: 2587075K->162112K(2831168K), 0.1473140 secs] 5061037K->2693717K(12268352K), 0.1475440 secs] [Times: user=1.65 sys=0.00, real=0.15 secs] 
2011-02-26T09:50:49.647+0000: 13898.946: [GC 13898.946: [ParNew: 2678720K->232434K(2831168K), 0.2151790 secs] 5210325K->2902797K(12268352K), 0.2154140 secs] [Times: user=2.19 sys=0.01, real=0.22 secs] 
2011-02-26T09:51:05.357+0000: 13914.656: [GC 13914.656: [ParNew: 2749042K->148399K(2831168K), 0.2142200 secs] 5419405K->2963414K(12268352K), 0.2144810 secs] [Times: user=2.05 sys=0.02, real=0.22 secs] 
2011-02-26T09:51:09.174+0000: 13918.473: [GC 13918.473: [ParNew: 2665007K->107155K(2831168K), 0.1152030 secs] 5480022K->3017658K(12268352K), 0.1154380 secs] [Times: user=1.17 sys=0.00, real=0.12 secs] 
2011-02-26T09:51:24.618+0000: 13933.917: [GC 13933.917: [ParNew: 2623763K->49116K(2831168K), 0.0551030 secs] 5534266K->2977143K(12268352K), 0.0553980 secs] [Times: user=0.57 sys=0.00, real=0.05 secs] 
2011-02-26T09:51:34.329+0000: 13943.628: [GC 13943.628: [ParNew: 2565724K->88905K(2831168K), 0.0893870 secs] 5493751K->3054424K(12268352K), 0.0896470 secs] [Times: user=1.00 sys=0.00, real=0.09 secs] 
2011-02-26T09:51:53.890+0000: 13963.189: [GC 13963.190: [ParNew: 2605513K->68831K(2831168K), 0.1064070 secs] 5571032K->3106236K(12268352K), 0.1066980 secs] [Times: user=1.15 sys=0.01, real=0.11 secs] 
2011-02-26T09:52:05.754+0000: 13975.053: [GC 13975.053: [ParNew: 2585439K->60143K(2831168K), 0.0740530 secs] 5622844K->3141750K(12268352K), 0.0743460 secs] [Times: user=0.74 sys=0.00, real=0.08 secs] 
2011-02-26T09:52:12.947+0000: 13982.246: [GC 13982.246: [ParNew: 2576751K->24420K(2831168K), 0.0446700 secs] 5658358K->3136263K(12268352K), 0.0449650 secs] [Times: user=0.49 sys=0.01, real=0.04 secs] 
2011-02-26T09:52:32.382+0000: 14001.681: [GC 14001.681: [ParNew: 2541028K->82135K(2831168K), 0.0693530 secs] 5652871K->3208505K(12268352K), 0.0696550 secs] [Times: user=0.76 sys=0.00, real=0.07 secs] 
2011-02-26T09:52:45.658+0000: 14014.957: [GC 14014.957: [ParNew: 2598743K->98792K(2831168K), 0.1229760 secs] 5725113K->3280982K(12268352K), 0.1232700 secs] [Times: user=0.98 sys=0.00, real=0.12 secs] 
2011-02-26T09:52:58.087+0000: 14027.386: [GC 14027.386: [ParNew: 2615400K->142903K(2831168K), 0.0996290 secs] 5797590K->3380959K(12268352K), 0.0998660 secs] [Times: user=1.12 sys=0.03, real=0.10 secs] 
2011-02-26T09:53:05.941+0000: 14035.240: [GC 14035.240: [ParNew: 2659511K->49791K(2831168K), 0.0750460 secs] 5897567K->3334269K(12268352K), 0.0753500 secs] [Times: user=0.77 sys=0.00, real=0.07 secs] 
2011-02-26T09:53:11.513+0000: 14040.812: [GC 14040.813: [ParNew: 2566399K->40886K(2831168K), 0.0596180 secs] 5850877K->3356325K(12268352K), 0.0666780 secs] [Times: user=0.65 sys=0.00, real=0.07 secs] 
2011-02-26T09:53:31.372+0000: 14060.671: [GC 14060.671: [ParNew: 2557494K->237265K(2831168K), 0.1010220 secs] 5872933K->3578905K(12268352K), 0.1013140 secs] [Times: user=0.97 sys=0.00, real=0.10 secs] 
2011-02-26T09:53:33.796+0000: 14063.095: [GC 14063.095: [ParNew: 2753873K->124890K(2831168K), 0.1575030 secs] 6095513K->3688263K(12268352K), 0.1577610 secs] [Times: user=1.63 sys=0.01, real=0.16 secs] 
2011-02-26T09:53:50.435+0000: 14079.734: [GC 14079.734: [ParNew: 2641498K->182833K(2831168K), 0.2089050 secs] 6204871K->3847991K(12268352K), 0.2091410 secs] [Times: user=1.96 sys=0.00, real=0.21 secs] 
2011-02-26T09:54:05.900+0000: 14095.199: [GC 14095.199: [ParNew: 2699441K->133424K(2831168K), 0.1878290 secs] 6364599K->3932913K(12268352K), 0.1880830 secs] [Times: user=1.98 sys=0.01, real=0.19 secs] 
2011-02-26T09:54:12.262+0000: 14101.561: [GC 14101.562: [ParNew: 2650032K->108139K(2831168K), 0.1321520 secs] 6449521K->4010193K(12268352K), 0.1323900 secs] [Times: user=1.35 sys=0.01, real=0.13 secs] 
2011-02-26T09:54:30.453+0000: 14119.752: [GC 14119.752: [ParNew: 2624747K->90895K(2831168K), 0.0950220 secs] 6526801K->4031470K(12268352K), 0.0953350 secs] [Times: user=0.99 sys=0.00, real=0.10 secs] 
2011-02-26T09:54:39.508+0000: 14128.807: [GC 14128.807: [ParNew: 2607503K->122663K(2831168K), 0.1207500 secs] 6548078K->4135281K(12268352K), 0.1210340 secs] [Times: user=1.33 sys=0.01, real=0.13 secs] 
2011-02-26T09:54:58.202+0000: 14147.501: [GC 14147.501: [ParNew: 2639271K->79703K(2831168K), 0.1118480 secs] 6651889K->4168597K(12268352K), 0.1121420 secs] [Times: user=1.19 sys=0.00, real=0.11 secs] 
2011-02-26T09:55:06.582+0000: 14155.881: [GC 14155.882: [ParNew: 2596311K->35945K(2831168K), 0.0626900 secs] 6685205K->4170546K(12268352K), 0.0629880 secs] [Times: user=0.66 sys=0.00, real=0.06 secs] 
2011-02-26T09:55:17.541+0000: 14166.840: [GC 14166.840: [ParNew: 2552553K->50840K(2831168K), 0.0442300 secs] 6687154K->4200615K(12268352K), 0.0445270 secs] [Times: user=0.52 sys=0.00, real=0.04 secs] 
2011-02-26T09:55:33.328+0000: 14182.627: [GC 14182.628: [ParNew: 2567448K->123207K(2831168K), 0.1129510 secs] 6717223K->4296169K(12268352K), 0.1133350 secs] [Times: user=1.25 sys=0.02, real=0.11 secs] 
2011-02-26T09:55:49.818+0000: 14199.118: [GC 14199.118: [ParNew: 2639815K->86505K(2831168K), 0.1089630 secs] 6812777K->4323723K(12268352K), 0.1092570 secs] [Times: user=1.20 sys=0.02, real=0.11 secs] 
2011-02-26T09:56:06.545+0000: 14215.844: [GC 14215.844: [ParNew: 2603113K->63975K(2831168K), 0.0942070 secs] 6840331K->4353894K(12268352K), 0.0945100 secs] [Times: user=0.95 sys=0.00, real=0.10 secs] 
2011-02-26T09:56:10.383+0000: 14219.682: [GC 14219.682: [ParNew: 2580583K->120873K(2831168K), 0.0683890 secs] 6870502K->4448640K(12268352K), 0.0887620 secs] [Times: user=0.68 sys=0.00, real=0.09 secs] 
2011-02-26T09:56:19.900+0000: 14229.199: [GC 14229.199: [ParNew: 2637481K->43936K(2831168K), 0.0509520 secs] 6965248K->4385073K(12268352K), 0.0512480 secs] [Times: user=0.46 sys=0.01, real=0.05 secs] 
2011-02-26T09:56:33.012+0000: 14242.311: [GC 14242.311: [ParNew: 2536938K->193742K(2831168K), 0.1625100 secs] 6878074K->4571933K(12268352K), 0.1628270 secs] [Times: user=1.25 sys=0.00, real=0.16 secs] 
2011-02-26T09:56:36.683+0000: 14245.982: [GC 14245.982: [ParNew: 2710350K->165385K(2831168K), 0.1628920 secs] 7088541K->4712570K(12268352K), 0.1631870 secs] [Times: user=1.55 sys=0.00, real=0.16 secs] 
2011-02-26T09:56:39.307+0000: 14248.607: [GC 14248.607: [ParNew: 2681993K->216890K(2831168K), 0.1167470 secs] 7229178K->4895239K(12268352K), 0.1170370 secs] [Times: user=1.20 sys=0.00, real=0.11 secs] 
2011-02-26T09:56:41.761+0000: 14251.060: [GC 14251.060: [ParNew: 2733498K->30185K(2831168K), 0.0610570 secs] 7411847K->4885869K(12268352K), 0.0613410 secs] [Times: user=0.61 sys=0.00, real=0.06 secs] 
2011-02-26T09:56:56.871+0000: 14266.170: [GC 14266.171: [ParNew: 2546793K->127489K(2831168K), 0.0965110 secs] 7402477K->4997743K(12268352K), 0.0968050 secs] [Times: user=1.07 sys=0.00, real=0.10 secs] 
2011-02-26T09:57:05.975+0000: 14275.274: [GC 14275.274: [ParNew: 2644097K->93084K(2831168K), 0.1662480 secs] 7514351K->5083423K(12268352K), 0.1665940 secs] [Times: user=1.64 sys=0.00, real=0.17 secs] 
2011-02-26T09:57:13.472+0000: 14282.771: [GC 14282.771: [ParNew: 2609692K->80274K(2831168K), 0.1045060 secs] 7600031K->5130913K(12268352K), 0.1047460 secs] [Times: user=1.13 sys=0.02, real=0.10 secs] 
2011-02-26T09:57:32.007+0000: 14301.306: [GC 14301.306: [ParNew: 2596882K->122501K(2831168K), 0.1297960 secs] 7647521K->5222476K(12268352K), 0.1300580 secs] [Times: user=1.38 sys=0.01, real=0.13 secs] 
2011-02-26T09:57:45.205+0000: 14314.504: [GC 14314.504: [ParNew: 2639109K->113717K(2831168K), 0.1709030 secs] 7739084K->5317711K(12268352K), 0.1711320 secs] [Times: user=1.72 sys=0.01, real=0.17 secs] 
2011-02-26T09:58:02.777+0000: 14332.076: [GC 14332.076: [ParNew: 2630325K->80242K(2831168K), 0.1112590 secs] 7834319K->5359270K(12268352K), 0.1115020 secs] [Times: user=1.22 sys=0.00, real=0.11 secs] 
2011-02-26T09:58:07.467+0000: 14336.766: [GC 14336.766: [ParNew: 2596850K->56809K(2831168K), 0.0599160 secs] 7875878K->5383205K(12268352K), 0.0601580 secs] [Times: user=0.62 sys=0.01, real=0.06 secs] 
2011-02-26T09:58:23.004+0000: 14352.303: [GC 14352.303: [ParNew: 2573417K->59557K(2831168K), 0.0421270 secs] 7899813K->5392604K(12268352K), 0.0423660 secs] [Times: user=0.51 sys=0.01, real=0.04 secs] 
2011-02-26T09:58:33.612+0000: 14362.911: [GC 14362.912: [ParNew: 2576181K->115993K(2831168K), 0.0971420 secs] 7909227K->5481154K(12268352K), 0.0974480 secs] [Times: user=1.16 sys=0.00, real=0.10 secs] 
2011-02-26T09:58:52.453+0000: 14381.752: [GC 14381.753: [ParNew: 2632601K->68192K(2831168K), 0.1136190 secs] 7997762K->5503835K(12268352K), 0.1139080 secs] [Times: user=1.23 sys=0.00, real=0.12 secs] 
2011-02-26T09:59:07.119+0000: 14396.418: [GC 14396.418: [ParNew: 2584777K->61356K(2831168K), 0.0846530 secs] 8020420K->5540568K(12268352K), 0.0849470 secs] [Times: user=0.85 sys=0.01, real=0.08 secs] 
2011-02-26T09:59:09.803+0000: 14399.102: [GC 14399.103: [ParNew: 2577964K->27127K(2831168K), 0.0491600 secs] 8057176K->5541388K(12268352K), 0.0494560 secs] [Times: user=0.51 sys=0.00, real=0.05 secs] 
2011-02-26T09:59:29.771+0000: 14419.070: [GC 14419.070: [ParNew: 2543735K->155209K(2831168K), 0.0611920 secs] 8057996K->5674610K(12268352K), 0.0614770 secs] [Times: user=0.74 sys=0.00, real=0.06 secs] 
2011-02-26T09:59:33.461+0000: 14422.760: [GC 14422.760: [ParNew: 2671817K->168285K(2831168K), 0.1063530 secs] 8191218K->5734098K(12268352K), 0.1066580 secs] [Times: user=1.13 sys=0.00, real=0.11 secs] 
2011-02-26T09:59:37.524+0000: 14426.823: [GC 14426.823: [ParNew: 2684893K->66270K(2831168K), 0.1180720 secs] 8250706K->5784902K(12268352K), 0.1183580 secs] [Times: user=1.19 sys=0.00, real=0.12 secs] 
2011-02-26T09:59:43.531+0000: 14432.831: [GC 14432.831: [ParNew: 2582878K->186146K(2831168K), 0.0742520 secs] 8301510K->5934838K(12268352K), 0.0745430 secs] [Times: user=0.77 sys=0.00, real=0.07 secs] 
2011-02-26T09:59:50.023+0000: 14439.322: [GC 14439.322: [ParNew: 2702754K->81018K(2831168K), 0.0860460 secs] 8451446K->5857394K(12268352K), 0.0863350 secs] [Times: user=0.94 sys=0.00, real=0.09 secs] 
2011-02-26T10:00:06.730+0000: 14456.029: [GC 14456.030: [ParNew: 2597626K->151769K(2831168K), 0.1544440 secs] 8374002K->5996443K(12268352K), 0.1909260 secs] [Times: user=1.74 sys=0.00, real=0.19 secs] 
2011-02-26T10:00:09.714+0000: 14459.013: [GC 14459.013: [ParNew: 2668377K->105907K(2831168K), 0.1273130 secs] 8513051K->6068949K(12268352K), 0.1275520 secs] [Times: user=1.30 sys=0.00, real=0.13 secs] 
2011-02-26T10:00:24.653+0000: 14473.952: [GC 14473.953: [ParNew: 2622515K->101006K(2831168K), 0.0762690 secs] 8585557K->6084140K(12268352K), 0.0765690 secs] [Times: user=0.91 sys=0.01, real=0.08 secs] 
2011-02-26T10:00:35.875+0000: 14485.175: [GC 14485.175: [ParNew: 2617614K->156691K(2831168K), 0.1570720 secs] 8600748K->6219237K(12268352K), 0.1573050 secs] [Times: user=1.83 sys=0.00, real=0.16 secs] 
2011-02-26T10:00:53.529+0000: 14502.828: [GC 14502.828: [ParNew: 2673299K->121787K(2831168K), 0.1793250 secs] 8735845K->6323479K(12268352K), 0.1795600 secs] [Times: user=1.88 sys=0.00, real=0.18 secs] 
2011-02-26T10:01:06.001+0000: 14515.300: [GC 14515.300: [ParNew: 2638395K->95081K(2831168K), 0.1045040 secs] 8840087K->6372795K(12268352K), 0.1047480 secs] [Times: user=1.05 sys=0.00, real=0.10 secs] 
2011-02-26T10:01:12.264+0000: 14521.563: [GC 14521.563: [ParNew: 2611689K->30284K(2831168K), 0.0511430 secs] 8889403K->6338738K(12268352K), 0.0513840 secs] [Times: user=0.53 sys=0.00, real=0.05 secs] 
2011-02-26T10:01:32.220+0000: 14541.519: [GC 14541.519: [ParNew: 2546892K->93035K(2831168K), 0.0678500 secs] 8855346K->6414381K(12268352K), 0.0681510 secs] [Times: user=0.77 sys=0.00, real=0.07 secs] 
2011-02-26T10:01:46.432+0000: 14555.732: [GC 14555.732: [ParNew: 2609643K->94661K(2831168K), 0.1153560 secs] 8930989K->6474937K(12268352K), 0.1156540 secs] [Times: user=1.19 sys=0.01, real=0.12 secs] 
2011-02-26T10:02:03.819+0000: 14573.118: [GC 14573.118: [ParNew: 2611269K->64497K(2831168K), 0.0947980 secs] 8991545K->6502382K(12268352K), 0.0950340 secs] [Times: user=1.01 sys=0.00, real=0.09 secs] 
2011-02-26T10:02:10.017+0000: 14579.316: [GC 14579.316: [ParNew: 2581105K->47095K(2831168K), 0.0630520 secs] 9018990K->6528305K(12268352K), 0.0632860 secs] [Times: user=0.71 sys=0.00, real=0.07 secs] 
2011-02-26T10:02:27.130+0000: 14596.429: [GC 14596.429: [ParNew: 2563703K->44969K(2831168K), 0.0452010 secs] 9044913K->6540207K(12268352K), 0.0454960 secs] [Times: user=0.52 sys=0.00, real=0.04 secs] 
2011-02-26T10:02:34.557+0000: 14603.856: [GC 14603.856: [ParNew: 2561592K->182145K(2831168K), 0.0878810 secs] 9056831K->6707642K(12268352K), 0.0881160 secs] [Times: user=1.02 sys=0.00, real=0.09 secs] 
2011-02-26T10:02:34.646+0000: 14603.945: [GC 14603.945: [ParNew: 187087K->51571K(2831168K), 0.0947250 secs] 6712584K->6723184K(12268352K), 0.0949030 secs] [Times: user=0.98 sys=0.00, real=0.10 secs] 
2011-02-26T10:02:48.066+0000: 14617.365: [GC 14617.365: [ParNew: 2568179K->94460K(2831168K), 0.0577910 secs] 9239792K->6766077K(12268352K), 0.0580200 secs] [Times: user=0.77 sys=0.01, real=0.06 secs] 
2011-02-26T10:02:57.020+0000: 14626.319: [GC 14626.319: [ParNew: 2611068K->234398K(2831168K), 0.1422650 secs] 9282685K->6971451K(12268352K), 0.1425040 secs] [Times: user=1.46 sys=0.01, real=0.14 secs] 
2011-02-26T10:03:08.606+0000: 14637.905: [GC 14637.905: [ParNew: 2751006K->120096K(2831168K), 0.1154760 secs] 9488059K->6921848K(12268352K), 0.1157200 secs] [Times: user=1.30 sys=0.00, real=0.12 secs] 
2011-02-26T10:03:14.133+0000: 14643.432: [GC 14643.433: [ParNew: 2636704K->74601K(2831168K), 0.1116190 secs] 9438456K->6955549K(12268352K), 0.1119200 secs] [Times: user=1.18 sys=0.00, real=0.11 secs] 
2011-02-26T10:03:31.407+0000: 14660.706: [GC 14660.706: [ParNew: 2591209K->109197K(2831168K), 0.1402000 secs] 9472157K->7028697K(12268352K), 0.1405470 secs] [Times: user=1.14 sys=0.00, real=0.15 secs] 
2011-02-26T10:03:42.536+0000: 14671.835: [GC 14671.835: [ParNew: 2625805K->177178K(2831168K), 0.1776690 secs] 9545305K->7190476K(12268352K), 0.1779040 secs] [Times: user=1.83 sys=0.03, real=0.18 secs] 
2011-02-26T10:04:00.070+0000: 14689.369: [GC 14689.369: [ParNew: 2693786K->137786K(2831168K), 0.2180280 secs] 9707084K->7294802K(12268352K), 0.2183210 secs] [Times: user=1.96 sys=0.00, real=0.22 secs] 
2011-02-26T10:04:00.290+0000: 14689.589: [GC [1 CMS-initial-mark: 7157015K(9437184K)] 7301978K(12268352K), 0.1245300 secs] [Times: user=0.12 sys=0.00, real=0.12 secs] 
2011-02-26T10:04:00.415+0000: 14689.714: [CMS-concurrent-mark-start]
2011-02-26T10:04:00.969+0000: 14690.268: [CMS-concurrent-mark: 0.554/0.554 secs] [Times: user=2.96 sys=0.13, real=0.56 secs] 
2011-02-26T10:04:00.971+0000: 14690.270: [CMS-concurrent-preclean-start]
2011-02-26T10:04:01.021+0000: 14690.320: [CMS-concurrent-preclean: 0.047/0.050 secs] [Times: user=0.06 sys=0.00, real=0.05 secs] 
2011-02-26T10:04:01.021+0000: 14690.320: [CMS-concurrent-abortable-preclean-start]
2011-02-26T10:04:05.564+0000: 14694.863: [CMS-concurrent-abortable-preclean: 4.524/4.543 secs] [Times: user=7.35 sys=1.13, real=4.54 secs] 
2011-02-26T10:04:05.566+0000: 14694.865: [GC[YG occupancy: 1488706 K (2831168 K)]14694.865: [Rescan (parallel) , 0.1858270 secs]14695.051: [weak refs processing, 0.0335680 secs] [1 CMS-remark: 7157015K(9437184K)] 8645721K(12268352K), 0.2196620 secs] [Times: user=2.45 sys=0.00, real=0.22 secs] 
2011-02-26T10:04:05.786+0000: 14695.085: [CMS-concurrent-sweep-start]
2011-02-26T10:04:07.107+0000: 14696.407: [GC 14696.407: [ParNew: 2654394K->108220K(2831168K), 0.1257280 secs] 9354944K->6910420K(12268352K), 0.1260770 secs] [Times: user=1.13 sys=0.02, real=0.12 secs] 
2011-02-26T10:04:20.636+0000: 14709.935: [GC 14709.936: [ParNew: 2624828K->36457K(2831168K), 0.0431950 secs] 7271625K->4695028K(12268352K), 0.0435110 secs] [Times: user=0.53 sys=0.00, real=0.05 secs] 
2011-02-26T10:04:33.415+0000: 14722.714: [GC 14722.714: [ParNew: 2553065K->93900K(2831168K), 0.0819260 secs] 5256323K->2823885K(12268352K), 0.0822210 secs] [Times: user=1.00 sys=0.00, real=0.09 secs] 
2011-02-26T10:04:43.170+0000: 14732.469: [CMS-concurrent-sweep: 37.029/37.384 secs] [Times: user=72.19 sys=13.50, real=37.39 secs] 
2011-02-26T10:04:43.170+0000: 14732.469: [CMS-concurrent-reset-start]
2011-02-26T10:04:43.193+0000: 14732.492: [CMS-concurrent-reset: 0.023/0.023 secs] [Times: user=0.09 sys=0.01, real=0.02 secs] 
2011-02-26T10:04:51.327+0000: 14740.626: [GC 14740.626: [ParNew: 2610508K->82307K(2831168K), 0.1102680 secs] 3484227K->1026323K(12268352K), 0.1105630 secs] [Times: user=1.20 sys=0.02, real=0.12 secs] 
2011-02-26T10:05:05.336+0000: 14754.635: [GC 14754.635: [ParNew: 2598890K->53664K(2831168K), 0.0751480 secs] 3542905K->1047683K(12268352K), 0.0754480 secs] [Times: user=0.86 sys=0.00, real=0.08 secs] 
2011-02-26T10:05:12.196+0000: 14761.495: [GC 14761.496: [ParNew: 2570218K->29155K(2831168K), 0.0549110 secs] 3564237K->1052572K(12268352K), 0.0551960 secs] [Times: user=0.64 sys=0.00, real=0.06 secs] 
2011-02-26T10:05:31.666+0000: 14780.965: [GC 14780.965: [ParNew: 2545763K->66785K(2831168K), 0.0693140 secs] 3569180K->1107913K(12268352K), 0.0696180 secs] [Times: user=0.83 sys=0.01, real=0.07 secs] 
2011-02-26T10:05:42.667+0000: 14791.966: [GC 14791.966: [ParNew: 2583393K->165994K(2831168K), 0.1036780 secs] 3624521K->1249349K(12268352K), 0.1039650 secs] [Times: user=1.11 sys=0.01, real=0.11 secs] 
2011-02-26T10:05:53.422+0000: 14802.721: [GC 14802.721: [ParNew: 2682602K->68477K(2831168K), 0.1194620 secs] 3765957K->1214632K(12268352K), 0.1197580 secs] [Times: user=1.20 sys=0.00, real=0.12 secs] 
2011-02-26T10:06:05.653+0000: 14814.952: [GC 14814.952: [ParNew: 2585085K->78205K(2831168K), 0.1225390 secs] 3731240K->1280191K(12268352K), 0.1228570 secs] [Times: user=1.07 sys=0.01, real=0.12 secs] 
2011-02-26T10:06:09.491+0000: 14818.790: [GC 14818.790: [ParNew: 2594813K->54371K(2831168K), 0.0826480 secs] 3796799K->1308640K(12268352K), 0.0829380 secs] [Times: user=0.67 sys=0.01, real=0.08 secs] 
2011-02-26T10:06:13.635+0000: 14822.934: [GC 14822.935: [ParNew: 2570979K->204584K(2831168K), 0.0808750 secs] 3825248K->1472517K(12268352K), 0.0811560 secs] [Times: user=0.91 sys=0.00, real=0.08 secs] 
2011-02-26T10:06:16.155+0000: 14825.454: [GC 14825.454: [ParNew: 2721192K->114301K(2831168K), 0.1031530 secs] 3989125K->1511522K(12268352K), 0.1033950 secs] [Times: user=1.05 sys=0.01, real=0.11 secs] 
2011-02-26T10:06:18.638+0000: 14827.937: [GC 14827.937: [ParNew: 2630909K->15676K(2831168K), 0.0480950 secs] 4028130K->1500813K(12268352K), 0.0483210 secs] [Times: user=0.54 sys=0.00, real=0.04 secs] 
2011-02-26T10:06:32.753+0000: 14842.052: [GC 14842.052: [ParNew: 2532284K->133932K(2831168K), 0.1217990 secs] 4017421K->1630135K(12268352K), 0.1220500 secs] [Times: user=1.11 sys=0.01, real=0.12 secs] 
2011-02-26T10:06:48.265+0000: 14857.564: [GC 14857.564: [ParNew: 2650540K->206565K(2831168K), 0.1966410 secs] 4146743K->1828488K(12268352K), 0.1968980 secs] [Times: user=2.04 sys=0.01, real=0.20 secs] 
2011-02-26T10:07:05.136+0000: 14874.435: [GC 14874.435: [ParNew: 2723173K->146532K(2831168K), 0.2257500 secs] 4345096K->1917805K(12268352K), 0.2259960 secs] [Times: user=2.21 sys=0.00, real=0.23 secs] 
2011-02-26T10:07:13.609+0000: 14882.908: [GC 14882.908: [ParNew: 2663140K->112089K(2831168K), 0.1482480 secs] 4434413K->1986382K(12268352K), 0.1485760 secs] [Times: user=1.35 sys=0.00, real=0.15 secs] 
2011-02-26T10:07:30.764+0000: 14900.063: [GC 14900.064: [ParNew: 2628697K->35971K(2831168K), 0.0623070 secs] 4502990K->1941029K(12268352K), 0.0626090 secs] [Times: user=0.71 sys=0.00, real=0.07 secs] 
2011-02-26T10:07:38.670+0000: 14907.969: [GC 14907.969: [ParNew: 2552579K->100870K(2831168K), 0.0890220 secs] 4457637K->2032755K(12268352K), 0.0893130 secs] [Times: user=1.05 sys=0.00, real=0.09 secs] 
2011-02-26T10:07:57.078+0000: 14926.377: [GC 14926.377: [ParNew: 2617478K->77891K(2831168K), 0.1135590 secs] 4549363K->2083163K(12268352K), 0.1151550 secs] [Times: user=1.18 sys=0.00, real=0.11 secs] 
2011-02-26T10:08:06.451+0000: 14935.751: [GC 14935.751: [ParNew: 2594446K->55422K(2831168K), 0.0712070 secs] 4599718K->2107174K(12268352K), 0.0714470 secs] [Times: user=0.79 sys=0.01, real=0.07 secs] 
2011-02-26T10:08:14.244+0000: 14943.543: [GC 14943.543: [ParNew: 2572030K->23283K(2831168K), 0.0419740 secs] 4623782K->2096180K(12268352K), 0.0422100 secs] [Times: user=0.52 sys=0.00, real=0.04 secs] 
2011-02-26T10:08:32.713+0000: 14962.012: [GC 14962.012: [ParNew: 2539891K->81853K(2831168K), 0.0752750 secs] 4612788K->2169866K(12268352K), 0.0755010 secs] [Times: user=0.87 sys=0.00, real=0.08 secs] 
2011-02-26T10:08:46.539+0000: 14975.838: [GC 14975.838: [ParNew: 2598461K->97396K(2831168K), 0.1044440 secs] 4686474K->2240672K(12268352K), 0.1047320 secs] [Times: user=1.08 sys=0.01, real=0.10 secs] 
2011-02-26T10:08:55.832+0000: 14985.131: [GC 14985.131: [ParNew: 2614004K->146395K(2831168K), 0.1118070 secs] 4757280K->2345262K(12268352K), 0.1121150 secs] [Times: user=1.18 sys=0.00, real=0.11 secs] 
2011-02-26T10:09:08.840+0000: 14998.139: [GC 14998.139: [ParNew: 2663003K->62669K(2831168K), 0.0859080 secs] 4861870K->2304854K(12268352K), 0.0861510 secs] [Times: user=0.89 sys=0.01, real=0.08 secs] 
2011-02-26T10:09:12.183+0000: 15001.482: [GC 15001.482: [ParNew: 2579277K->48983K(2831168K), 0.0763700 secs] 4821462K->2340166K(12268352K), 0.0766980 secs] [Times: user=0.70 sys=0.01, real=0.08 secs] 
2011-02-26T10:09:28.453+0000: 15017.752: [GC 15017.753: [ParNew: 2565591K->215107K(2831168K), 0.0719460 secs] 4856774K->2526050K(12268352K), 0.0722560 secs] [Times: user=0.90 sys=0.01, real=0.07 secs] 
2011-02-26T10:09:32.722+0000: 15022.021: [GC 15022.021: [ParNew: 2731715K->141448K(2831168K), 0.0962220 secs] 5042658K->2508203K(12268352K), 0.0965370 secs] [Times: user=1.05 sys=0.00, real=0.10 secs] 
2011-02-26T10:09:42.586+0000: 15031.885: [GC 15031.885: [ParNew: 2658056K->172840K(2831168K), 0.1503680 secs] 5024811K->2583487K(12268352K), 0.1506920 secs] [Times: user=1.64 sys=0.01, real=0.15 secs] 
2011-02-26T10:09:59.706+0000: 15049.006: [GC 15049.006: [ParNew: 2689448K->180724K(2831168K), 0.2265780 secs] 5100095K->2740789K(12268352K), 0.2268720 secs] [Times: user=2.13 sys=0.00, real=0.23 secs] 
2011-02-26T10:10:06.554+0000: 15055.853: [GC 15055.853: [ParNew: 2697332K->131819K(2831168K), 0.1564120 secs] 5257397K->2826927K(12268352K), 0.1770650 secs] [Times: user=1.55 sys=0.01, real=0.18 secs] 
2011-02-26T10:10:16.726+0000: 15066.025: [GC 15066.025: [ParNew: 2648427K->84585K(2831168K), 0.0735210 secs] 5343535K->2813418K(12268352K), 0.0738180 secs] [Times: user=0.88 sys=0.02, real=0.08 secs] 
2011-02-26T10:10:33.186+0000: 15082.485: [GC 15082.485: [ParNew: 2601193K->115593K(2831168K), 0.1272590 secs] 5330026K->2895070K(12268352K), 0.1275510 secs] [Times: user=1.46 sys=0.00, real=0.13 secs] 
2011-02-26T10:10:48.922+0000: 15098.221: [GC 15098.221: [ParNew: 2632201K->84473K(2831168K), 0.1357050 secs] 5411678K->2950945K(12268352K), 0.1360080 secs] [Times: user=1.40 sys=0.00, real=0.14 secs] 
2011-02-26T10:11:04.838+0000: 15114.137: [GC 15114.137: [ParNew: 2601081K->62836K(2831168K), 0.0913750 secs] 5467553K->2985197K(12268352K), 0.0916460 secs] [Times: user=0.97 sys=0.00, real=0.09 secs] 
2011-02-26T10:11:08.148+0000: 15117.447: [GC 15117.447: [ParNew: 2579444K->46334K(2831168K), 0.0595770 secs] 5501805K->3007677K(12268352K), 0.0598160 secs] [Times: user=0.52 sys=0.02, real=0.06 secs] 
2011-02-26T10:11:25.077+0000: 15134.376: [GC 15134.376: [ParNew: 2562942K->71320K(2831168K), 0.0424880 secs] 5524285K->3037111K(12268352K), 0.0427220 secs] [Times: user=0.50 sys=0.01, real=0.05 secs] 
2011-02-26T10:11:34.487+0000: 15143.787: [GC 15143.787: [ParNew: 2587928K->88533K(2831168K), 0.0896810 secs] 5553719K->3090397K(12268352K), 0.0899210 secs] [Times: user=0.98 sys=0.02, real=0.09 secs] 
2011-02-26T10:11:53.490+0000: 15162.790: [GC 15162.790: [ParNew: 2605141K->73453K(2831168K), 0.1113120 secs] 5607005K->3144799K(12268352K), 0.1115990 secs] [Times: user=1.19 sys=0.00, real=0.11 secs] 
2011-02-26T10:12:05.183+0000: 15174.482: [GC 15174.483: [ParNew: 2590061K->135679K(2831168K), 0.0877330 secs] 5661407K->3252415K(12268352K), 0.0880200 secs] [Times: user=0.97 sys=0.01, real=0.09 secs] 
2011-02-26T10:12:07.463+0000: 15176.762: [GC 15176.762: [ParNew: 2652287K->29452K(2831168K), 0.0740560 secs] 5769023K->3255298K(12268352K), 0.0743470 secs] [Times: user=0.76 sys=0.00, real=0.07 secs] 
2011-02-26T10:12:10.976+0000: 15180.275: [GC 15180.275: [ParNew: 2546060K->100868K(2831168K), 0.0534600 secs] 5771906K->3336027K(12268352K), 0.0536960 secs] [Times: user=0.65 sys=0.00, real=0.06 secs] 
2011-02-26T10:12:15.724+0000: 15185.023: [GC 15185.023: [ParNew: 2617476K->22108K(2831168K), 0.0571680 secs] 5852635K->3352756K(12268352K), 0.0573970 secs] [Times: user=0.64 sys=0.00, real=0.06 secs] 
2011-02-26T10:12:22.609+0000: 15191.908: [GC 15191.908: [ParNew: 2538716K->111008K(2831168K), 0.0497340 secs] 5869364K->3456635K(12268352K), 0.0499720 secs] [Times: user=0.55 sys=0.01, real=0.05 secs] 
2011-02-26T10:12:28.370+0000: 15197.669: [GC 15197.669: [ParNew: 2627616K->35851K(2831168K), 0.0571570 secs] 5973243K->3481590K(12268352K), 0.0573830 secs] [Times: user=0.60 sys=0.00, real=0.06 secs] 
2011-02-26T10:12:32.808+0000: 15202.107: [GC 15202.107: [ParNew: 2552459K->54398K(2831168K), 0.0583930 secs] 5998198K->3520418K(12268352K), 0.0586190 secs] [Times: user=0.62 sys=0.00, real=0.05 secs] 
2011-02-26T10:12:34.861+0000: 15204.160: [GC 15204.160: [ParNew: 2571006K->234166K(2831168K), 0.1025110 secs] 6037026K->3744821K(12268352K), 0.1027450 secs] [Times: user=1.17 sys=0.00, real=0.10 secs] 
2011-02-26T10:12:38.303+0000: 15207.602: [GC 15207.602: [ParNew: 2750774K->148300K(2831168K), 0.1066210 secs] 6261429K->3734530K(12268352K), 0.1068520 secs] [Times: user=1.08 sys=0.01, real=0.11 secs] 
2011-02-26T10:12:41.522+0000: 15210.821: [GC 15210.821: [ParNew: 2664908K->32456K(2831168K), 0.0747240 secs] 6251138K->3735548K(12268352K), 0.0749580 secs] [Times: user=0.77 sys=0.02, real=0.08 secs] 
2011-02-26T10:12:46.772+0000: 15216.071: [GC 15216.071: [ParNew: 2549064K->49380K(2831168K), 0.0619310 secs] 6252156K->3767422K(12268352K), 0.0621630 secs] [Times: user=0.57 sys=0.00, real=0.06 secs] 
2011-02-26T10:12:59.819+0000: 15229.118: [GC 15229.118: [ParNew: 2565988K->117793K(2831168K), 0.1081740 secs] 6284030K->3876858K(12268352K), 0.1084790 secs] [Times: user=1.16 sys=0.02, real=0.11 secs] 
2011-02-26T10:13:10.045+0000: 15239.344: [GC 15239.344: [ParNew: 2634401K->89197K(2831168K), 0.1471230 secs] 6393466K->3955644K(12268352K), 0.1474260 secs] [Times: user=1.58 sys=0.01, real=0.15 secs] 
2011-02-26T10:13:23.228+0000: 15252.527: [GC 15252.527: [ParNew: 2605805K->78597K(2831168K), 0.1049230 secs] 6472252K->4004068K(12268352K), 0.1052360 secs] [Times: user=1.12 sys=0.00, real=0.10 secs] 
2011-02-26T10:13:33.996+0000: 15263.295: [GC 15263.295: [ParNew: 2595205K->139687K(2831168K), 0.1477660 secs] 6520676K->4122287K(12268352K), 0.1480740 secs] [Times: user=1.63 sys=0.01, real=0.15 secs] 
2011-02-26T10:13:52.907+0000: 15282.206: [GC 15282.206: [ParNew: 2656295K->102600K(2831168K), 0.1479090 secs] 6638895K->4201052K(12268352K), 0.1481980 secs] [Times: user=1.50 sys=0.01, real=0.15 secs] 
2011-02-26T10:14:06.284+0000: 15295.583: [GC 15295.583: [ParNew: 2619208K->43840K(2831168K), 0.0754930 secs] 6717660K->4188110K(12268352K), 0.0757940 secs] [Times: user=0.84 sys=0.01, real=0.08 secs] 
2011-02-26T10:14:14.059+0000: 15303.358: [GC 15303.359: [ParNew: 2560448K->37011K(2831168K), 0.0579960 secs] 6704718K->4208311K(12268352K), 0.0626090 secs] [Times: user=0.65 sys=0.00, real=0.06 secs] 
2011-02-26T10:14:32.398+0000: 15321.698: [GC 15321.698: [ParNew: 2553619K->75313K(2831168K), 0.0727480 secs] 6724919K->4265646K(12268352K), 0.0730440 secs] [Times: user=0.81 sys=0.00, real=0.07 secs] 
2011-02-26T10:14:46.105+0000: 15335.404: [GC 15335.404: [ParNew: 2591921K->92853K(2831168K), 0.1080210 secs] 6782254K->4343019K(12268352K), 0.1083090 secs] [Times: user=1.20 sys=0.03, real=0.11 secs] 
2011-02-26T10:15:04.296+0000: 15353.595: [GC 15353.595: [ParNew: 2609461K->67334K(2831168K), 0.1029460 secs] 6859627K->4373620K(12268352K), 0.1032420 secs] [Times: user=1.13 sys=0.01, real=0.11 secs] 
2011-02-26T10:15:08.645+0000: 15357.944: [GC 15357.944: [ParNew: 2583919K->48255K(2831168K), 0.0593910 secs] 6890205K->4399861K(12268352K), 0.0596350 secs] [Times: user=0.63 sys=0.01, real=0.06 secs] 
2011-02-26T10:15:20.276+0000: 15369.575: [GC 15369.575: [ParNew: 2564863K->143201K(2831168K), 0.0560800 secs] 6916469K->4501150K(12268352K), 0.0563210 secs] [Times: user=0.73 sys=0.02, real=0.06 secs] 
2011-02-26T10:15:32.837+0000: 15382.136: [GC 15382.136: [ParNew: 2659809K->114574K(2831168K), 0.1120720 secs] 7017758K->4508229K(12268352K), 0.1123040 secs] [Times: user=1.16 sys=0.01, real=0.12 secs] 
2011-02-26T10:15:39.497+0000: 15388.796: [GC 15388.796: [ParNew: 2631182K->238410K(2831168K), 0.1494340 secs] 7024837K->4712509K(12268352K), 0.1496790 secs] [Times: user=1.44 sys=0.03, real=0.15 secs] 
2011-02-26T10:15:44.308+0000: 15393.607: [GC 15393.607: [ParNew: 2755018K->144392K(2831168K), 0.1008350 secs] 7229117K->4685186K(12268352K), 0.1010680 secs] [Times: user=1.11 sys=0.00, real=0.10 secs] 
2011-02-26T10:15:54.378+0000: 15403.677: [GC 15403.677: [ParNew: 2661000K->106208K(2831168K), 0.0959350 secs] 7201794K->4685275K(12268352K), 0.0961690 secs] [Times: user=1.09 sys=0.01, real=0.09 secs] 
2011-02-26T10:16:06.141+0000: 15415.440: [GC 15415.440: [ParNew: 2622773K->99789K(2831168K), 0.1305720 secs] 7201839K->4764200K(12268352K), 0.1308190 secs] [Times: user=1.35 sys=0.03, real=0.13 secs] 
2011-02-26T10:16:13.437+0000: 15422.736: [GC 15422.736: [ParNew: 2616397K->78617K(2831168K), 0.1184160 secs] 7280808K->4822146K(12268352K), 0.1186530 secs] [Times: user=1.28 sys=0.01, real=0.12 secs] 
2011-02-26T10:16:32.255+0000: 15441.554: [GC 15441.555: [ParNew: 2595225K->154032K(2831168K), 0.1487700 secs] 7338754K->4946887K(12268352K), 0.1490060 secs] [Times: user=1.59 sys=0.00, real=0.15 secs] 
2011-02-26T10:16:46.066+0000: 15455.365: [GC 15455.365: [ParNew: 2670640K->126799K(2831168K), 0.2307620 secs] 7463495K->5046195K(12268352K), 0.2309940 secs] [Times: user=1.78 sys=0.01, real=0.24 secs] 
2011-02-26T10:17:04.221+0000: 15473.520: [GC 15473.520: [ParNew: 2643407K->99787K(2831168K), 0.1553560 secs] 7562803K->5114417K(12268352K), 0.1555910 secs] [Times: user=1.25 sys=0.01, real=0.15 secs] 
2011-02-26T10:17:09.682+0000: 15478.981: [GC 15478.981: [ParNew: 2616395K->42849K(2831168K), 0.0714720 secs] 7631025K->5103600K(12268352K), 0.0717160 secs] [Times: user=0.73 sys=0.01, real=0.07 secs] 
2011-02-26T10:17:29.471+0000: 15498.770: [GC 15498.770: [ParNew: 2559457K->63034K(2831168K), 0.0514420 secs] 7620208K->5132555K(12268352K), 0.0517460 secs] [Times: user=0.59 sys=0.01, real=0.05 secs] 
2011-02-26T10:17:37.676+0000: 15506.975: [GC 15506.976: [ParNew: 2579642K->96983K(2831168K), 0.0944750 secs] 7649163K->5203846K(12268352K), 0.0947000 secs] [Times: user=1.18 sys=0.00, real=0.10 secs] 
2011-02-26T10:17:56.027+0000: 15525.326: [GC 15525.326: [ParNew: 2613591K->77422K(2831168K), 0.1194780 secs] 7720454K->5257025K(12268352K), 0.1197090 secs] [Times: user=1.32 sys=0.00, real=0.11 secs] 
2011-02-26T10:18:06.381+0000: 15535.680: [GC 15535.680: [ParNew: 2593992K->60942K(2831168K), 0.0745450 secs] 7773595K->5283241K(12268352K), 0.0747810 secs] [Times: user=0.78 sys=0.00, real=0.07 secs] 
2011-02-26T10:18:16.802+0000: 15546.101: [GC 15546.101: [ParNew: 2577550K->57078K(2831168K), 0.0614970 secs] 7799849K->5300634K(12268352K), 0.0618120 secs] [Times: user=0.65 sys=0.01, real=0.06 secs] 
2011-02-26T10:18:31.369+0000: 15560.668: [GC 15560.668: [ParNew: 2573686K->80774K(2831168K), 0.0562580 secs] 7817242K->5347835K(12268352K), 0.0564970 secs] [Times: user=0.65 sys=0.00, real=0.05 secs] 
2011-02-26T10:18:34.577+0000: 15563.877: [GC 15563.877: [ParNew: 2597382K->165617K(2831168K), 0.0911790 secs] 7864443K->5470515K(12268352K), 0.0914310 secs] [Times: user=1.06 sys=0.00, real=0.09 secs] 
2011-02-26T10:18:50.743+0000: 15580.042: [GC 15580.042: [ParNew: 2682225K->270332K(2831168K), 0.1462620 secs] 7987123K->5646412K(12268352K), 0.1465540 secs] [Times: user=1.60 sys=0.00, real=0.15 secs] 
2011-02-26T10:18:57.179+0000: 15586.478: [GC 15586.478: [ParNew: 2786940K->105492K(2831168K), 0.1355250 secs] 8163020K->5562119K(12268352K), 0.1358170 secs] [Times: user=1.24 sys=0.00, real=0.13 secs] 
2011-02-26T10:19:08.102+0000: 15597.401: [GC 15597.402: [ParNew: 2622100K->98019K(2831168K), 0.1352950 secs] 8078727K->5623094K(12268352K), 0.1355890 secs] [Times: user=1.38 sys=0.00, real=0.14 secs] 
2011-02-26T10:19:15.789+0000: 15605.088: [GC 15605.088: [ParNew: 2614627K->68458K(2831168K), 0.1358790 secs] 8139702K->5660710K(12268352K), 0.1361190 secs] [Times: user=1.03 sys=0.00, real=0.13 secs] 
2011-02-26T10:19:34.341+0000: 15623.641: [GC 15623.641: [ParNew: 2585066K->167326K(2831168K), 0.1409800 secs] 8177318K->5810306K(12268352K), 0.1413200 secs] [Times: user=1.53 sys=0.01, real=0.14 secs] 
2011-02-26T10:19:48.426+0000: 15637.725: [GC 15637.725: [ParNew: 2683934K->190925K(2831168K), 0.2012910 secs] 8326914K->5971792K(12268352K), 0.2015980 secs] [Times: user=2.18 sys=0.01, real=0.21 secs] 
2011-02-26T10:20:04.807+0000: 15654.106: [GC 15654.106: [ParNew: 2707496K->124988K(2831168K), 0.1661590 secs] 8488363K->6032344K(12268352K), 0.1664260 secs] [Times: user=1.72 sys=0.02, real=0.17 secs] 
2011-02-26T10:20:08.484+0000: 15657.784: [GC 15657.784: [ParNew: 2641596K->50081K(2831168K), 0.0626840 secs] 8548952K->6005776K(12268352K), 0.0629170 secs] [Times: user=0.66 sys=0.00, real=0.07 secs] 
2011-02-26T10:20:29.923+0000: 15679.222: [GC 15679.222: [ParNew: 2566689K->64731K(2831168K), 0.0498750 secs] 8522384K->6027170K(12268352K), 0.0501130 secs] [Times: user=0.64 sys=0.01, real=0.05 secs] 
2011-02-26T10:20:39.315+0000: 15688.614: [GC 15688.614: [ParNew: 2581339K->85039K(2831168K), 0.1008270 secs] 8543778K->6088965K(12268352K), 0.1011140 secs] [Times: user=1.14 sys=0.01, real=0.10 secs] 
2011-02-26T10:20:57.547+0000: 15706.846: [GC 15706.846: [ParNew: 2601647K->71361K(2831168K), 0.1200920 secs] 8605573K->6145490K(12268352K), 0.1204040 secs] [Times: user=1.17 sys=0.00, real=0.13 secs] 
2011-02-26T10:21:10.212+0000: 15719.511: [GC 15719.511: [ParNew: 2587969K->56156K(2831168K), 0.0701710 secs] 8662098K->6173011K(12268352K), 0.0704110 secs] [Times: user=0.79 sys=0.00, real=0.07 secs] 
2011-02-26T10:21:19.457+0000: 15728.756: [GC 15728.756: [ParNew: 2572764K->28986K(2831168K), 0.0519530 secs] 8689619K->6173016K(12268352K), 0.0522070 secs] [Times: user=0.57 sys=0.00, real=0.05 secs] 
2011-02-26T10:21:32.961+0000: 15742.260: [GC 15742.260: [ParNew: 2545594K->85834K(2831168K), 0.0859610 secs] 8689624K->6247479K(12268352K), 0.0862270 secs] [Times: user=0.82 sys=0.00, real=0.09 secs] 
2011-02-26T10:21:39.597+0000: 15748.897: [GC 15748.897: [ParNew: 2602442K->80522K(2831168K), 0.0997440 secs] 8764087K->6298631K(12268352K), 0.1000370 secs] [Times: user=1.14 sys=0.01, real=0.10 secs] 
2011-02-26T10:21:57.699+0000: 15766.998: [GC 15766.999: [ParNew: 2597130K->107117K(2831168K), 0.1277750 secs] 8815239K->6380052K(12268352K), 0.1280560 secs] [Times: user=1.17 sys=0.00, real=0.13 secs] 
2011-02-26T10:22:04.380+0000: 15773.680: [GC 15773.680: [ParNew: 2623725K->237303K(2831168K), 0.1227840 secs] 8896660K->6596318K(12268352K), 0.1230760 secs] [Times: user=1.30 sys=0.00, real=0.12 secs] 
2011-02-26T10:22:07.360+0000: 15776.659: [GC 15776.659: [ParNew: 2753911K->38577K(2831168K), 0.0684610 secs] 9112926K->6448318K(12268352K), 0.0687640 secs] [Times: user=0.66 sys=0.01, real=0.07 secs] 
2011-02-26T10:22:23.657+0000: 15792.956: [GC 15792.956: [ParNew: 2555185K->103007K(2831168K), 0.0906020 secs] 8964926K->6527164K(12268352K), 0.0908560 secs] [Times: user=0.90 sys=0.01, real=0.10 secs] 
2011-02-26T10:22:34.237+0000: 15803.536: [GC 15803.537: [ParNew: 2619615K->175941K(2831168K), 0.1916960 secs] 9043772K->6694729K(12268352K), 0.1919240 secs] [Times: user=1.97 sys=0.01, real=0.19 secs] 
2011-02-26T10:22:53.485+0000: 15822.784: [GC 15822.784: [ParNew: 2692549K->177120K(2831168K), 0.2196930 secs] 9211337K->6841742K(12268352K), 0.2199300 secs] [Times: user=2.23 sys=0.01, real=0.22 secs] 
2011-02-26T10:23:07.022+0000: 15836.321: [GC 15836.321: [ParNew: 2693728K->125236K(2831168K), 0.1621570 secs] 9358350K->6913454K(12268352K), 0.1624060 secs] [Times: user=1.61 sys=0.00, real=0.16 secs] 
2011-02-26T10:23:11.236+0000: 15840.535: [GC 15840.536: [ParNew: 2641844K->55937K(2831168K), 0.0863320 secs] 9430062K->6906515K(12268352K), 0.0865700 secs] [Times: user=0.89 sys=0.01, real=0.09 secs] 
2011-02-26T10:23:31.756+0000: 15861.055: [GC 15861.055: [ParNew: 2572545K->83664K(2831168K), 0.0902520 secs] 9423123K->6946382K(12268352K), 0.0905970 secs] [Times: user=1.02 sys=0.00, real=0.09 secs] 
2011-02-26T10:23:43.647+0000: 15872.946: [GC 15872.946: [ParNew: 2600272K->88236K(2831168K), 0.1079000 secs] 9462990K->7008456K(12268352K), 0.1081530 secs] [Times: user=1.27 sys=0.00, real=0.11 secs] 
2011-02-26T10:24:01.057+0000: 15890.356: [GC 15890.357: [ParNew: 2604844K->70099K(2831168K), 0.1119530 secs] 9525064K->7050061K(12268352K), 0.1122870 secs] [Times: user=1.14 sys=0.00, real=0.11 secs] 
2011-02-26T10:24:07.095+0000: 15896.394: [GC 15896.394: [ParNew: 2586707K->49293K(2831168K), 0.0669760 secs] 9566669K->7075258K(12268352K), 0.0672700 secs] [Times: user=0.73 sys=0.00, real=0.07 secs] 
2011-02-26T10:24:20.901+0000: 15910.200: [GC 15910.200: [ParNew: 2507383K->59581K(2831168K), 0.0404640 secs] 9533348K->7094376K(12268352K), 0.0407670 secs] [Times: user=0.39 sys=0.01, real=0.04 secs] 
2011-02-26T10:24:33.375+0000: 15922.674: [GC 15922.674: [ParNew: 2576189K->112159K(2831168K), 0.1045900 secs] 9610984K->7176011K(12268352K), 0.1048330 secs] [Times: user=1.25 sys=0.00, real=0.11 secs] 
2011-02-26T10:24:47.303+0000: 15936.602: [GC 15936.602: [ParNew: 2628767K->159527K(2831168K), 0.1021760 secs] 9692619K->7289807K(12268352K), 0.1024080 secs] [Times: user=1.13 sys=0.00, real=0.10 secs] 
2011-02-26T10:24:47.406+0000: 15936.705: [GC [1 CMS-initial-mark: 7130279K(9437184K)] 7298438K(12268352K), 0.0485370 secs] [Times: user=0.05 sys=0.00, real=0.05 secs] 
2011-02-26T10:24:47.455+0000: 15936.754: [CMS-concurrent-mark-start]
2011-02-26T10:24:48.205+0000: 15937.504: [CMS-concurrent-mark: 0.747/0.749 secs] [Times: user=4.00 sys=0.47, real=0.75 secs] 
2011-02-26T10:24:48.205+0000: 15937.504: [CMS-concurrent-preclean-start]
2011-02-26T10:24:48.260+0000: 15937.559: [CMS-concurrent-preclean: 0.053/0.056 secs] [Times: user=0.10 sys=0.04, real=0.06 secs] 
2011-02-26T10:24:48.260+0000: 15937.559: [CMS-concurrent-abortable-preclean-start]
2011-02-26T10:24:52.595+0000: 15941.894: [GC 15941.894: [ParNew: 2676135K->130461K(2831168K), 0.0815500 secs] 9806415K->7309803K(12268352K), 0.0818550 secs] [Times: user=0.91 sys=0.00, real=0.09 secs] 
 CMS: abort preclean due to time 2011-02-26T10:24:53.284+0000: 15942.583: [CMS-concurrent-abortable-preclean: 4.895/5.024 secs] [Times: user=13.63 sys=2.14, real=5.02 secs] 
2011-02-26T10:24:53.285+0000: 15942.585: [GC[YG occupancy: 521808 K (2831168 K)]15942.585: [Rescan (parallel) , 0.0486020 secs]15942.633: [weak refs processing, 0.0254290 secs] [1 CMS-remark: 7179342K(9437184K)] 7701151K(12268352K), 0.0742750 secs] [Times: user=0.68 sys=0.00, real=0.08 secs] 
2011-02-26T10:24:53.360+0000: 15942.659: [CMS-concurrent-sweep-start]
2011-02-26T10:24:57.009+0000: 15946.308: [GC 15946.308: [ParNew: 2647069K->37329K(2831168K), 0.0816320 secs] 9136386K->6636403K(12268352K), 0.0819440 secs] [Times: user=0.78 sys=0.01, real=0.08 secs] 
2011-02-26T10:25:06.445+0000: 15955.744: [GC 15955.745: [ParNew: 2553937K->51578K(2831168K), 0.0626220 secs] 8022503K->5541377K(12268352K), 0.0628690 secs] [Times: user=0.64 sys=0.02, real=0.07 secs] 
2011-02-26T10:25:10.359+0000: 15959.658: [GC 15959.658: [ParNew: 2568186K->31034K(2831168K), 0.0560060 secs] 7539765K->5041308K(12268352K), 0.0562460 secs] [Times: user=0.52 sys=0.00, real=0.05 secs] 
2011-02-26T10:25:21.153+0000: 15970.452: [GC 15970.452: [ParNew: 2547642K->212508K(2831168K), 0.0800270 secs] 6306499K->3986714K(12268352K), 0.0803330 secs] [Times: user=0.95 sys=0.00, real=0.08 secs] 
2011-02-26T10:25:24.576+0000: 15973.876: [GC 15973.876: [ParNew: 2729116K->202523K(2831168K), 0.0866130 secs] 5991228K->3519500K(12268352K), 0.0869070 secs] [Times: user=0.92 sys=0.00, real=0.09 secs] 
2011-02-26T10:25:26.994+0000: 15976.293: [GC 15976.294: [ParNew: 2719131K->21151K(2831168K), 0.0720190 secs] 5757895K->3239930K(12268352K), 0.0723160 secs] [Times: user=0.67 sys=0.00, real=0.07 secs] 
2011-02-26T10:25:33.461+0000: 15982.761: [GC 15982.761: [ParNew: 2537759K->133319K(2831168K), 0.0880030 secs] 5066379K->2675219K(12268352K), 0.0883380 secs] [Times: user=0.99 sys=0.00, real=0.09 secs] 
2011-02-26T10:25:42.149+0000: 15991.448: [CMS-concurrent-sweep: 48.148/48.789 secs] [Times: user=110.37 sys=21.02, real=48.79 secs] 
2011-02-26T10:25:42.150+0000: 15991.449: [CMS-concurrent-reset-start]
2011-02-26T10:25:42.172+0000: 15991.471: [CMS-concurrent-reset: 0.023/0.023 secs] [Times: user=0.04 sys=0.02, real=0.02 secs] 
2011-02-26T10:25:51.488+0000: 16000.787: [GC 16000.787: [ParNew: 2649927K->186035K(2831168K), 0.2054870 secs] 4102516K->1750595K(12268352K), 0.2058030 secs] [Times: user=2.02 sys=0.01, real=0.20 secs] 
2011-02-26T10:26:05.493+0000: 16014.792: [GC 16014.792: [ParNew: 2702643K->129948K(2831168K), 0.2475750 secs] 4267203K->1838497K(12268352K), 0.2631790 secs] [Times: user=2.01 sys=0.00, real=0.26 secs] 
2011-02-26T10:26:11.250+0000: 16020.549: [GC 16020.549: [ParNew: 2646556K->96977K(2831168K), 0.1546660 secs] 4355105K->1890863K(12268352K), 0.1550020 secs] [Times: user=1.19 sys=0.01, real=0.15 secs] 
2011-02-26T10:26:31.907+0000: 16041.206: [GC 16041.207: [ParNew: 2613585K->98609K(2831168K), 0.1134530 secs] 4407471K->1922433K(12268352K), 0.1138460 secs] [Times: user=1.10 sys=0.00, real=0.11 secs] 
2011-02-26T10:26:44.445+0000: 16053.744: [GC 16053.744: [ParNew: 2615217K->86790K(2831168K), 0.1609400 secs] 4439041K->1983989K(12268352K), 0.1611710 secs] [Times: user=1.46 sys=0.01, real=0.16 secs] 
2011-02-26T10:27:01.583+0000: 16070.882: [GC 16070.882: [ParNew: 2603398K->73995K(2831168K), 0.1135550 secs] 4500597K->2034289K(12268352K), 0.1139290 secs] [Times: user=1.17 sys=0.00, real=0.12 secs] 
2011-02-26T10:27:08.265+0000: 16077.564: [GC 16077.564: [ParNew: 2590603K->51061K(2831168K), 0.0705820 secs] 4550897K->2057097K(12268352K), 0.0708950 secs] [Times: user=0.78 sys=0.01, real=0.07 secs] 
2011-02-26T10:27:21.237+0000: 16090.536: [GC 16090.536: [ParNew: 2567669K->126664K(2831168K), 0.0526970 secs] 4573705K->2142602K(12268352K), 0.0529380 secs] [Times: user=0.63 sys=0.01, real=0.06 secs] 
2011-02-26T10:27:32.783+0000: 16102.082: [GC 16102.083: [ParNew: 2643272K->79852K(2831168K), 0.0791450 secs] 4659210K->2124109K(12268352K), 0.0794400 secs] [Times: user=0.78 sys=0.02, real=0.08 secs] 
2011-02-26T10:27:47.845+0000: 16117.144: [GC 16117.145: [ParNew: 2596460K->86460K(2831168K), 0.0975500 secs] 4640717K->2179365K(12268352K), 0.0978500 secs] [Times: user=1.16 sys=0.00, real=0.10 secs] 
2011-02-26T10:27:59.530+0000: 16128.829: [GC 16128.829: [ParNew: 2603068K->147844K(2831168K), 0.0964870 secs] 4695973K->2299368K(12268352K), 0.0967270 secs] [Times: user=1.03 sys=0.00, real=0.09 secs] 
2011-02-26T10:28:06.850+0000: 16136.149: [GC 16136.150: [ParNew: 2664452K->48468K(2831168K), 0.0741140 secs] 4815976K->2245615K(12268352K), 0.0744290 secs] [Times: user=0.79 sys=0.00, real=0.07 secs] 
2011-02-26T10:28:15.015+0000: 16144.314: [GC 16144.314: [ParNew: 2565076K->43241K(2831168K), 0.0602750 secs] 4762223K->2267070K(12268352K), 0.0605750 secs] [Times: user=0.66 sys=0.00, real=0.06 secs] 
2011-02-26T10:28:33.667+0000: 16162.966: [GC 16162.966: [ParNew: 2559890K->255842K(2831168K), 0.1052590 secs] 4783718K->2511198K(12268352K), 0.1055460 secs] [Times: user=1.21 sys=0.00, real=0.10 secs] 
2011-02-26T10:28:33.774+0000: 16163.073: [GC 16163.073: [ParNew: 257407K->47680K(2831168K), 0.1167160 secs] 2512764K->2537321K(12268352K), 0.1169460 secs] [Times: user=1.11 sys=0.01, real=0.12 secs] 
2011-02-26T10:28:36.281+0000: 16165.580: [GC 16165.580: [ParNew: 2564288K->128809K(2831168K), 0.0932540 secs] 5053929K->2618450K(12268352K), 0.0935370 secs] [Times: user=1.02 sys=0.03, real=0.09 secs] 
2011-02-26T10:28:52.550+0000: 16181.850: [GC 16181.850: [ParNew: 2645417K->177726K(2831168K), 0.1890830 secs] 5135058K->2771871K(12268352K), 0.1894210 secs] [Times: user=1.91 sys=0.01, real=0.19 secs] 
2011-02-26T10:29:05.986+0000: 16195.285: [GC 16195.285: [ParNew: 2694334K->130007K(2831168K), 0.2036620 secs] 5288479K->2844290K(12268352K), 0.2039770 secs] [Times: user=1.87 sys=0.01, real=0.21 secs] 
2011-02-26T10:29:12.224+0000: 16201.523: [GC 16201.523: [ParNew: 2646615K->96536K(2831168K), 0.1127800 secs] 5360898K->2899456K(12268352K), 0.1130250 secs] [Times: user=1.18 sys=0.00, real=0.12 secs] 
2011-02-26T10:29:31.904+0000: 16221.204: [GC 16221.204: [ParNew: 2613144K->120124K(2831168K), 0.1081560 secs] 5416064K->2959768K(12268352K), 0.1084040 secs] [Times: user=1.26 sys=0.00, real=0.11 secs] 
2011-02-26T10:29:44.550+0000: 16233.849: [GC 16233.849: [ParNew: 2636732K->105445K(2831168K), 0.1516600 secs] 5476376K->3043893K(12268352K), 0.1518960 secs] [Times: user=1.57 sys=0.00, real=0.15 secs] 
2011-02-26T10:30:02.181+0000: 16251.480: [GC 16251.480: [ParNew: 2622053K->76019K(2831168K), 0.1096160 secs] 5560501K->3085903K(12268352K), 0.1098500 secs] [Times: user=1.18 sys=0.01, real=0.11 secs] 
2011-02-26T10:30:07.840+0000: 16257.139: [GC 16257.139: [ParNew: 2592568K->55761K(2831168K), 0.0632940 secs] 5602452K->3113958K(12268352K), 0.0635430 secs] [Times: user=0.66 sys=0.00, real=0.06 secs] 
2011-02-26T10:30:23.978+0000: 16273.277: [GC 16273.277: [ParNew: 2572369K->54233K(2831168K), 0.0414640 secs] 5630566K->3120099K(12268352K), 0.0417060 secs] [Times: user=0.47 sys=0.00, real=0.04 secs] 
2011-02-26T10:30:33.688+0000: 16282.987: [GC 16282.987: [ParNew: 2570841K->103732K(2831168K), 0.0869410 secs] 5636707K->3200420K(12268352K), 0.0871790 secs] [Times: user=0.95 sys=0.00, real=0.08 secs] 
2011-02-26T10:30:52.370+0000: 16301.669: [GC 16301.669: [ParNew: 2620340K->70885K(2831168K), 0.1082410 secs] 5717028K->3233983K(12268352K), 0.1085560 secs] [Times: user=1.09 sys=0.00, real=0.11 secs] 
2011-02-26T10:31:05.592+0000: 16314.891: [GC 16314.891: [ParNew: 2587493K->52479K(2831168K), 0.0731460 secs] 5750591K->3265837K(12268352K), 0.0734460 secs] [Times: user=0.76 sys=0.00, real=0.07 secs] 
2011-02-26T10:31:10.707+0000: 16320.006: [GC 16320.006: [ParNew: 2569087K->24288K(2831168K), 0.0481550 secs] 5782445K->3265202K(12268352K), 0.0484590 secs] [Times: user=0.50 sys=0.01, real=0.05 secs] 
2011-02-26T10:31:24.124+0000: 16333.423: [GC 16333.423: [ParNew: 2540896K->84319K(2831168K), 0.0574010 secs] 5781810K->3335726K(12268352K), 0.0576960 secs] [Times: user=0.71 sys=0.00, real=0.06 secs] 
2011-02-26T10:31:34.330+0000: 16343.629: [GC 16343.629: [ParNew: 2600927K->120108K(2831168K), 0.1221950 secs] 5852334K->3425972K(12268352K), 0.1224730 secs] [Times: user=1.31 sys=0.01, real=0.12 secs] 
2011-02-26T10:31:40.885+0000: 16350.184: [GC 16350.184: [ParNew: 2636716K->96094K(2831168K), 0.1439610 secs] 5942580K->3500008K(12268352K), 0.1442470 secs] [Times: user=1.51 sys=0.01, real=0.15 secs] 
2011-02-26T10:31:58.297+0000: 16367.596: [GC 16367.596: [ParNew: 2612702K->161734K(2831168K), 0.1513990 secs] 6016616K->3627270K(12268352K), 0.1516870 secs] [Times: user=1.82 sys=0.01, real=0.16 secs] 
2011-02-26T10:32:06.215+0000: 16375.514: [GC 16375.514: [ParNew: 2678342K->124139K(2831168K), 0.1697470 secs] 6143878K->3733041K(12268352K), 0.1700570 secs] [Times: user=1.72 sys=0.00, real=0.17 secs] 
2011-02-26T10:32:16.650+0000: 16385.949: [GC 16385.949: [ParNew: 2640747K->85326K(2831168K), 0.0949330 secs] 6249649K->3739387K(12268352K), 0.0953130 secs] [Times: user=1.02 sys=0.00, real=0.09 secs] 
2011-02-26T10:32:32.854+0000: 16402.153: [GC 16402.153: [ParNew: 2601934K->151337K(2831168K), 0.1756660 secs] 6255995K->3867593K(12268352K), 0.1759590 secs] [Times: user=1.56 sys=0.01, real=0.18 secs] 
2011-02-26T10:32:49.032+0000: 16418.331: [GC 16418.331: [ParNew: 2667945K->116243K(2831168K), 0.1761040 secs] 6384201K->3956542K(12268352K), 0.1763870 secs] [Times: user=1.86 sys=0.00, real=0.18 secs] 
2011-02-26T10:33:05.000+0000: 16434.299: [GC 16434.299: [ParNew: 2632851K->93724K(2831168K), 0.1104650 secs] 6473150K->4004312K(12268352K), 0.1107170 secs] [Times: user=1.14 sys=0.00, real=0.11 secs] 
2011-02-26T10:33:07.561+0000: 16436.860: [GC 16436.861: [ParNew: 2610332K->40567K(2831168K), 0.0530790 secs] 6520920K->3991833K(12268352K), 0.0533260 secs] [Times: user=0.53 sys=0.00, real=0.05 secs] 
2011-02-26T10:33:26.826+0000: 16456.125: [GC 16456.125: [ParNew: 2557182K->68495K(2831168K), 0.0405730 secs] 6508447K->4023048K(12268352K), 0.0408060 secs] [Times: user=0.49 sys=0.01, real=0.04 secs] 
2011-02-26T10:33:26.869+0000: 16456.168: [GC 16456.168: [ParNew: 77251K->30308K(2831168K), 0.0507780 secs] 4031804K->4025711K(12268352K), 0.0510690 secs] [Times: user=0.42 sys=0.00, real=0.05 secs] 
2011-02-26T10:33:36.268+0000: 16465.567: [GC 16465.567: [ParNew: 2546916K->106433K(2831168K), 0.0590260 secs] 6542319K->4101851K(12268352K), 0.0593120 secs] [Times: user=0.70 sys=0.01, real=0.06 secs] 
2011-02-26T10:33:56.368+0000: 16485.667: [GC 16485.667: [ParNew: 2623041K->65391K(2831168K), 0.1127380 secs] 6618459K->4131897K(12268352K), 0.1129690 secs] [Times: user=1.20 sys=0.01, real=0.11 secs] 
2011-02-26T10:34:06.215+0000: 16495.514: [GC 16495.514: [ParNew: 2581999K->55526K(2831168K), 0.0685620 secs] 6648505K->4168532K(12268352K), 0.0688280 secs] [Times: user=0.76 sys=0.01, real=0.07 secs] 
2011-02-26T10:34:13.847+0000: 16503.146: [GC 16503.146: [ParNew: 2572134K->21990K(2831168K), 0.0444360 secs] 6685140K->4157514K(12268352K), 0.0446780 secs] [Times: user=0.50 sys=0.00, real=0.05 secs] 
2011-02-26T10:34:31.362+0000: 16520.661: [GC 16520.661: [ParNew: 2538598K->154334K(2831168K), 0.0846550 secs] 6674122K->4304563K(12268352K), 0.0848890 secs] [Times: user=0.93 sys=0.01, real=0.08 secs] 
2011-02-26T10:34:36.796+0000: 16526.095: [GC 16526.095: [ParNew: 2670942K->105310K(2831168K), 0.1203060 secs] 6821171K->4308779K(12268352K), 0.1206660 secs] [Times: user=1.16 sys=0.01, real=0.12 secs] 
2011-02-26T10:34:49.194+0000: 16538.493: [GC 16538.493: [ParNew: 2621918K->246259K(2831168K), 0.1478950 secs] 6825387K->4534469K(12268352K), 0.1481890 secs] [Times: user=1.62 sys=0.00, real=0.15 secs] 
2011-02-26T10:34:52.841+0000: 16542.140: [GC 16542.140: [ParNew: 2762867K->237029K(2831168K), 0.1119230 secs] 7051077K->4595824K(12268352K), 0.1122200 secs] [Times: user=1.15 sys=0.00, real=0.11 secs] 
2011-02-26T10:34:55.146+0000: 16544.445: [GC 16544.445: [ParNew: 2753637K->37694K(2831168K), 0.1065390 secs] 7112432K->4593150K(12268352K), 0.1068300 secs] [Times: user=1.12 sys=0.02, real=0.11 secs] 
2011-02-26T10:35:02.504+0000: 16551.803: [GC 16551.803: [ParNew: 2554302K->64899K(2831168K), 0.0698970 secs] 7109758K->4641634K(12268352K), 0.0701770 secs] [Times: user=0.70 sys=0.00, real=0.07 secs] 
2011-02-26T10:35:08.154+0000: 16557.453: [GC 16557.454: [ParNew: 2581488K->47118K(2831168K), 0.0865360 secs] 7158224K->4681014K(12268352K), 0.0868180 secs] [Times: user=0.84 sys=0.01, real=0.09 secs] 
2011-02-26T10:35:20.909+0000: 16570.208: [GC 16570.209: [ParNew: 2563726K->91324K(2831168K), 0.0832620 secs] 7197622K->4753051K(12268352K), 0.0835690 secs] [Times: user=0.90 sys=0.01, real=0.08 secs] 
2011-02-26T10:35:33.776+0000: 16583.075: [GC 16583.076: [ParNew: 2607932K->174976K(2831168K), 0.2209660 secs] 7269659K->4911248K(12268352K), 0.2213070 secs] [Times: user=1.81 sys=0.01, real=0.23 secs] 
2011-02-26T10:35:51.986+0000: 16601.285: [GC 16601.285: [ParNew: 2691584K->140777K(2831168K), 0.1956300 secs] 7427856K->5017696K(12268352K), 0.1959200 secs] [Times: user=2.08 sys=0.01, real=0.20 secs] 
2011-02-26T10:36:05.303+0000: 16614.602: [GC 16614.602: [ParNew: 2657385K->107162K(2831168K), 0.1299980 secs] 7534304K->5085565K(12268352K), 0.1303320 secs] [Times: user=1.27 sys=0.03, real=0.13 secs] 
2011-02-26T10:36:09.095+0000: 16618.394: [GC 16618.394: [ParNew: 2623770K->35161K(2831168K), 0.0458270 secs] 7602173K->5042183K(12268352K), 0.0461110 secs] [Times: user=0.54 sys=0.00, real=0.05 secs] 
2011-02-26T10:36:23.050+0000: 16632.349: [GC 16632.349: [ParNew: 2551769K->63703K(2831168K), 0.0405590 secs] 7558791K->5077341K(12268352K), 0.0408440 secs] [Times: user=0.40 sys=0.00, real=0.04 secs] 
2011-02-26T10:36:34.258+0000: 16643.557: [GC 16643.557: [ParNew: 2580311K->94745K(2831168K), 0.0920480 secs] 7593949K->5139171K(12268352K), 0.0922780 secs] [Times: user=0.99 sys=0.00, real=0.09 secs] 
2011-02-26T10:36:53.041+0000: 16662.340: [GC 16662.341: [ParNew: 2611353K->60771K(2831168K), 0.1078120 secs] 7655779K->5177632K(12268352K), 0.1081080 secs] [Times: user=1.16 sys=0.01, real=0.11 secs] 
2011-02-26T10:37:05.627+0000: 16674.926: [GC 16674.926: [ParNew: 2577379K->54970K(2831168K), 0.0739280 secs] 7694240K->5217062K(12268352K), 0.0742380 secs] [Times: user=0.83 sys=0.01, real=0.08 secs] 
2011-02-26T10:37:10.364+0000: 16679.663: [GC 16679.664: [ParNew: 2571578K->24109K(2831168K), 0.0476200 secs] 7733670K->5216294K(12268352K), 0.0479170 secs] [Times: user=0.49 sys=0.02, real=0.05 secs] 
2011-02-26T10:37:31.512+0000: 16700.811: [GC 16700.811: [ParNew: 2540717K->94933K(2831168K), 0.0696040 secs] 7732902K->5296153K(12268352K), 0.0699090 secs] [Times: user=0.74 sys=0.00, real=0.07 secs] 
2011-02-26T10:37:35.785+0000: 16705.084: [GC 16705.085: [ParNew: 2611541K->164376K(2831168K), 0.1135840 secs] 7812761K->5417714K(12268352K), 0.1138230 secs] [Times: user=0.99 sys=0.01, real=0.12 secs] 
2011-02-26T10:37:41.496+0000: 16710.796: [GC 16710.796: [ParNew: 2680984K->136673K(2831168K), 0.0977710 secs] 7934322K->5457106K(12268352K), 0.0980070 secs] [Times: user=1.02 sys=0.01, real=0.10 secs] 
2011-02-26T10:37:46.137+0000: 16715.436: [GC 16715.436: [ParNew: 2653281K->31951K(2831168K), 0.0667940 secs] 7973714K->5455752K(12268352K), 0.0670220 secs] [Times: user=0.70 sys=0.03, real=0.07 secs] 
2011-02-26T10:37:59.759+0000: 16729.058: [GC 16729.058: [ParNew: 2548559K->241845K(2831168K), 0.0950860 secs] 7972360K->5686226K(12268352K), 0.0953210 secs] [Times: user=0.88 sys=0.01, real=0.09 secs] 
2011-02-26T10:38:05.288+0000: 16734.587: [GC 16734.587: [ParNew: 2758453K->72519K(2831168K), 0.1096480 secs] 8202834K->5596086K(12268352K), 0.1099230 secs] [Times: user=1.11 sys=0.00, real=0.11 secs] 
2011-02-26T10:38:09.409+0000: 16738.708: [GC 16738.708: [ParNew: 2589127K->51235K(2831168K), 0.0795630 secs] 8112694K->5619075K(12268352K), 0.0798020 secs] [Times: user=0.81 sys=0.01, real=0.08 secs] 
2011-02-26T10:38:33.204+0000: 16762.503: [GC 16762.504: [ParNew: 2567843K->140733K(2831168K), 0.1051400 secs] 8135683K->5733941K(12268352K), 0.1053740 secs] [Times: user=1.29 sys=0.00, real=0.11 secs] 
2011-02-26T10:38:42.343+0000: 16771.642: [GC 16771.642: [ParNew: 2657341K->207939K(2831168K), 0.2028950 secs] 8250549K->5931950K(12268352K), 0.2031270 secs] [Times: user=2.21 sys=0.00, real=0.20 secs] 
2011-02-26T10:39:00.140+0000: 16789.439: [GC 16789.439: [ParNew: 2724547K->152017K(2831168K), 0.2124950 secs] 8448558K->6016831K(12268352K), 0.2127900 secs] [Times: user=2.21 sys=0.00, real=0.21 secs] 
2011-02-26T10:39:06.765+0000: 16796.064: [GC 16796.064: [ParNew: 2668625K->118278K(2831168K), 0.1435620 secs] 8533439K->6097176K(12268352K), 0.1439990 secs] [Times: user=1.41 sys=0.00, real=0.15 secs] 
2011-02-26T10:39:19.675+0000: 16808.974: [GC 16808.974: [ParNew: 2634886K->45448K(2831168K), 0.0583250 secs] 8613784K->6039463K(12268352K), 0.0586230 secs] [Times: user=0.59 sys=0.02, real=0.06 secs] 
2011-02-26T10:39:33.538+0000: 16822.837: [GC 16822.837: [ParNew: 2562056K->94126K(2831168K), 0.0896930 secs] 8556071K->6115903K(12268352K), 0.0900650 secs] [Times: user=0.98 sys=0.01, real=0.09 secs] 
2011-02-26T10:39:49.803+0000: 16839.102: [GC 16839.102: [ParNew: 2610734K->69605K(2831168K), 0.1328800 secs] 8632511K->6163826K(12268352K), 0.1331960 secs] [Times: user=1.24 sys=0.00, real=0.13 secs] 
2011-02-26T10:40:05.426+0000: 16854.725: [GC 16854.725: [ParNew: 2586213K->58507K(2831168K), 0.0798930 secs] 8680434K->6199916K(12268352K), 0.0801940 secs] [Times: user=0.90 sys=0.01, real=0.08 secs] 
2011-02-26T10:40:08.813+0000: 16858.113: [GC 16858.113: [ParNew: 2575115K->41381K(2831168K), 0.0530880 secs] 8716524K->6220358K(12268352K), 0.0533900 secs] [Times: user=0.52 sys=0.00, real=0.05 secs] 
2011-02-26T10:40:31.027+0000: 16880.326: [GC 16880.326: [ParNew: 2557994K->65761K(2831168K), 0.0525560 secs] 8736971K->6250102K(12268352K), 0.0528560 secs] [Times: user=0.57 sys=0.01, real=0.05 secs] 
2011-02-26T10:40:31.083+0000: 16880.382: [GC 16880.383: [ParNew: 76966K->35941K(2831168K), 0.0596140 secs] 6261307K->6270101K(12268352K), 0.0598920 secs] [Times: user=0.60 sys=0.00, real=0.06 secs] 
2011-02-26T10:40:40.972+0000: 16890.271: [GC 16890.271: [ParNew: 2552549K->89530K(2831168K), 0.0570790 secs] 8786709K->6323778K(12268352K), 0.0573890 secs] [Times: user=0.72 sys=0.00, real=0.06 secs] 
2011-02-26T10:40:50.361+0000: 16899.660: [GC 16899.660: [ParNew: 2606138K->81289K(2831168K), 0.1201490 secs] 8840386K->6380165K(12268352K), 0.1205190 secs] [Times: user=1.15 sys=0.00, real=0.12 secs] 
2011-02-26T10:41:05.189+0000: 16914.488: [GC 16914.488: [ParNew: 2597847K->98773K(2831168K), 0.1068230 secs] 8896722K->6454965K(12268352K), 0.1071260 secs] [Times: user=1.04 sys=0.01, real=0.10 secs] 
2011-02-26T10:41:07.458+0000: 16916.757: [GC 16916.758: [ParNew: 2615381K->63799K(2831168K), 0.0793270 secs] 8971573K->6485267K(12268352K), 0.0796280 secs] [Times: user=0.80 sys=0.00, real=0.08 secs] 
2011-02-26T10:41:14.895+0000: 16924.194: [GC 16924.194: [ParNew: 2580407K->205895K(2831168K), 0.0660000 secs] 9001875K->6634465K(12268352K), 0.0662970 secs] [Times: user=0.82 sys=0.00, real=0.07 secs] 
2011-02-26T10:41:32.327+0000: 16941.626: [GC 16941.626: [ParNew: 2722503K->149460K(2831168K), 0.1385460 secs] 9151073K->6628481K(12268352K), 0.1388380 secs] [Times: user=1.45 sys=0.03, real=0.13 secs] 
2011-02-26T10:41:46.794+0000: 16956.093: [GC 16956.093: [ParNew: 2666068K->217489K(2831168K), 0.2074620 secs] 9145089K->6828024K(12268352K), 0.2077540 secs] [Times: user=2.24 sys=0.01, real=0.21 secs] 
2011-02-26T10:42:04.415+0000: 16973.714: [GC 16973.714: [ParNew: 2734097K->169126K(2831168K), 0.2076560 secs] 9344632K->6926302K(12268352K), 0.2079580 secs] [Times: user=2.21 sys=0.00, real=0.21 secs] 
2011-02-26T10:42:07.698+0000: 16976.997: [GC 16976.997: [ParNew: 2685734K->193211K(2831168K), 0.1258370 secs] 9442910K->7063974K(12268352K), 0.1261370 secs] [Times: user=1.26 sys=0.01, real=0.12 secs] 
2011-02-26T10:42:24.992+0000: 16994.292: [GC 16994.292: [ParNew: 2709819K->76103K(2831168K), 0.0558710 secs] 9580582K->6957224K(12268352K), 0.0561730 secs] [Times: user=0.64 sys=0.01, real=0.06 secs] 
2011-02-26T10:42:35.167+0000: 17004.466: [GC 17004.467: [ParNew: 2592711K->107791K(2831168K), 0.1124930 secs] 9473832K->7046494K(12268352K), 0.1127850 secs] [Times: user=1.17 sys=0.01, real=0.11 secs] 
2011-02-26T10:42:53.988+0000: 17023.287: [GC 17023.287: [ParNew: 2624399K->74420K(2831168K), 0.1156520 secs] 9563102K->7086965K(12268352K), 0.1159560 secs] [Times: user=1.23 sys=0.01, real=0.11 secs] 
2011-02-26T10:43:07.413+0000: 17036.712: [GC 17036.712: [ParNew: 2591028K->63792K(2831168K), 0.0761790 secs] 9603573K->7120897K(12268352K), 0.0764640 secs] [Times: user=0.85 sys=0.00, real=0.08 secs] 
2011-02-26T10:43:11.437+0000: 17040.736: [GC 17040.736: [ParNew: 2580400K->25667K(2831168K), 0.0495690 secs] 9637505K->7115639K(12268352K), 0.0499320 secs] [Times: user=0.50 sys=0.00, real=0.05 secs] 
2011-02-26T10:43:11.488+0000: 17040.787: [GC [1 CMS-initial-mark: 7089971K(9437184K)] 7116437K(12268352K), 0.0167980 secs] [Times: user=0.01 sys=0.00, real=0.01 secs] 
2011-02-26T10:43:11.506+0000: 17040.805: [CMS-concurrent-mark-start]
2011-02-26T10:43:12.176+0000: 17041.475: [CMS-concurrent-mark: 0.665/0.671 secs] [Times: user=3.06 sys=0.27, real=0.67 secs] 
2011-02-26T10:43:12.179+0000: 17041.478: [CMS-concurrent-preclean-start]
2011-02-26T10:43:12.225+0000: 17041.524: [CMS-concurrent-preclean: 0.045/0.047 secs] [Times: user=0.20 sys=0.02, real=0.04 secs] 
2011-02-26T10:43:12.225+0000: 17041.524: [CMS-concurrent-abortable-preclean-start]
 CMS: abort preclean due to time 2011-02-26T10:43:17.267+0000: 17046.566: [CMS-concurrent-abortable-preclean: 4.815/5.042 secs] [Times: user=7.48 sys=1.22, real=5.05 secs] 
2011-02-26T10:43:17.268+0000: 17046.567: [GC[YG occupancy: 650950 K (2831168 K)]17046.567: [Rescan (parallel) , 0.1150200 secs]17046.683: [weak refs processing, 0.0301870 secs] [1 CMS-remark: 7089971K(9437184K)] 7740922K(12268352K), 0.1454750 secs] [Times: user=1.48 sys=0.00, real=0.14 secs] 
2011-02-26T10:43:17.415+0000: 17046.714: [CMS-concurrent-sweep-start]
2011-02-26T10:43:32.287+0000: 17061.586: [GC 17061.586: [ParNew: 2542275K->74046K(2831168K), 0.0740580 secs] 7154179K->4694740K(12268352K), 0.0743950 secs] [Times: user=0.74 sys=0.00, real=0.08 secs] 
2011-02-26T10:43:45.602+0000: 17074.901: [GC 17074.901: [ParNew: 2590654K->88449K(2831168K), 0.1040700 secs] 5345803K->2896881K(12268352K), 0.1043050 secs] [Times: user=1.05 sys=0.00, real=0.10 secs] 
2011-02-26T10:43:55.590+0000: 17084.889: [GC 17084.889: [ParNew: 2605057K->141586K(2831168K), 0.1053710 secs] 4081777K->1677084K(12268352K), 0.1072550 secs] [Times: user=1.15 sys=0.03, real=0.11 secs] 
2011-02-26T10:43:56.610+0000: 17085.909: [CMS-concurrent-sweep: 38.824/39.196 secs] [Times: user=77.38 sys=13.83, real=39.20 secs] 
2011-02-26T10:43:56.610+0000: 17085.909: [CMS-concurrent-reset-start]
2011-02-26T10:43:56.630+0000: 17085.929: [CMS-concurrent-reset: 0.020/0.020 secs] [Times: user=0.03 sys=0.01, real=0.02 secs] 
2011-02-26T10:44:06.630+0000: 17095.929: [GC 17095.929: [ParNew: 2658194K->59455K(2831168K), 0.0733030 secs] 3721690K->1168145K(12268352K), 0.0860410 secs] [Times: user=0.78 sys=0.00, real=0.08 secs] 
2011-02-26T10:44:10.918+0000: 17100.217: [GC 17100.218: [ParNew: 2576063K->44045K(2831168K), 0.0646970 secs] 3684753K->1194443K(12268352K), 0.0649950 secs] [Times: user=0.66 sys=0.01, real=0.06 secs] 
2011-02-26T10:44:31.473+0000: 17120.773: [GC 17120.773: [ParNew: 2560653K->243812K(2831168K), 0.0939330 secs] 3711051K->1411859K(12268352K), 0.0942260 secs] [Times: user=1.00 sys=0.00, real=0.10 secs] 
2011-02-26T10:44:33.924+0000: 17123.223: [GC 17123.223: [ParNew: 2760420K->134199K(2831168K), 0.1623730 secs] 3928467K->1532475K(12268352K), 0.1626640 secs] [Times: user=1.71 sys=0.01, real=0.16 secs] 
2011-02-26T10:44:37.438+0000: 17126.737: [GC 17126.737: [ParNew: 2650807K->247114K(2831168K), 0.1855280 secs] 4049083K->1746685K(12268352K), 0.1858090 secs] [Times: user=1.69 sys=0.01, real=0.18 secs] 
2011-02-26T10:44:39.920+0000: 17129.219: [GC 17129.219: [ParNew: 2763722K->41959K(2831168K), 0.1235030 secs] 4263293K->1741798K(12268352K), 0.1237380 secs] [Times: user=0.99 sys=0.00, real=0.12 secs] 
2011-02-26T10:44:50.567+0000: 17139.866: [GC 17139.866: [ParNew: 2558567K->86094K(2831168K), 0.1019790 secs] 4258406K->1800004K(12268352K), 0.1022090 secs] [Times: user=0.93 sys=0.01, real=0.11 secs] 
2011-02-26T10:45:05.552+0000: 17154.852: [GC 17154.852: [ParNew: 2602702K->138795K(2831168K), 0.1748500 secs] 4316612K->1933318K(12268352K), 0.1825520 secs] [Times: user=1.61 sys=0.00, real=0.18 secs] 
2011-02-26T10:45:09.245+0000: 17158.544: [GC 17158.544: [ParNew: 2655403K->164346K(2831168K), 0.1376550 secs] 4449926K->2055552K(12268352K), 0.1378990 secs] [Times: user=1.30 sys=0.01, real=0.14 secs] 
2011-02-26T10:45:21.257+0000: 17170.557: [GC 17170.557: [ParNew: 2680954K->74726K(2831168K), 0.0708220 secs] 4572160K->1984975K(12268352K), 0.0710600 secs] [Times: user=0.80 sys=0.00, real=0.07 secs] 
2011-02-26T10:45:33.592+0000: 17182.891: [GC 17182.891: [ParNew: 2591334K->118984K(2831168K), 0.1526680 secs] 4501583K->2086593K(12268352K), 0.1529020 secs] [Times: user=1.42 sys=0.00, real=0.15 secs] 
2011-02-26T10:45:51.356+0000: 17200.655: [GC 17200.655: [ParNew: 2635592K->84940K(2831168K), 0.1342340 secs] 4603201K->2149961K(12268352K), 0.1344650 secs] [Times: user=1.45 sys=0.01, real=0.14 secs] 
2011-02-26T10:46:05.544+0000: 17214.843: [GC 17214.844: [ParNew: 2601548K->51567K(2831168K), 0.0851250 secs] 4666569K->2163601K(12268352K), 0.0853710 secs] [Times: user=0.79 sys=0.00, real=0.09 secs] 
2011-02-26T10:46:08.697+0000: 17217.996: [GC 17217.996: [ParNew: 2568240K->36545K(2831168K), 0.0446070 secs] 4680273K->2181894K(12268352K), 0.0448520 secs] [Times: user=0.50 sys=0.00, real=0.04 secs] 
2011-02-26T10:46:08.744+0000: 17218.043: [GC 17218.043: [ParNew: 40533K->10223K(2831168K), 0.0174900 secs] 2185882K->2161357K(12268352K), 0.0176750 secs] [Times: user=0.22 sys=0.00, real=0.02 secs] 
2011-02-26T10:46:31.242+0000: 17240.541: [GC 17240.541: [ParNew: 2526831K->92409K(2831168K), 0.0532400 secs] 4677965K->2243546K(12268352K), 0.0535040 secs] [Times: user=0.62 sys=0.00, real=0.05 secs] 
2011-02-26T10:46:43.120+0000: 17252.419: [GC 17252.420: [ParNew: 2609017K->84641K(2831168K), 0.1021010 secs] 4760154K->2288659K(12268352K), 0.1024050 secs] [Times: user=1.08 sys=0.00, real=0.10 secs] 
2011-02-26T10:47:00.284+0000: 17269.583: [GC 17269.583: [ParNew: 2601249K->63678K(2831168K), 0.1055670 secs] 4805267K->2327890K(12268352K), 0.1058350 secs] [Times: user=1.10 sys=0.01, real=0.11 secs] 
2011-02-26T10:47:06.449+0000: 17275.748: [GC 17275.748: [ParNew: 2580286K->126587K(2831168K), 0.0680690 secs] 4844498K->2434696K(12268352K), 0.0683180 secs] [Times: user=0.64 sys=0.02, real=0.07 secs] 
2011-02-26T10:47:09.920+0000: 17279.219: [GC 17279.219: [ParNew: 2643195K->55273K(2831168K), 0.0462460 secs] 4951304K->2381185K(12268352K), 0.0464950 secs] [Times: user=0.53 sys=0.00, real=0.04 secs] 
2011-02-26T10:47:33.024+0000: 17302.323: [GC 17302.323: [ParNew: 2571881K->92090K(2831168K), 0.0978450 secs] 4897793K->2440545K(12268352K), 0.0981030 secs] [Times: user=0.93 sys=0.00, real=0.10 secs] 
2011-02-26T10:47:36.510+0000: 17305.809: [GC 17305.809: [ParNew: 2608698K->279045K(2831168K), 0.1766110 secs] 4957153K->2709480K(12268352K), 0.1768870 secs] [Times: user=1.69 sys=0.02, real=0.18 secs] 
2011-02-26T10:47:48.215+0000: 17317.515: [GC 17317.515: [ParNew: 2795653K->132741K(2831168K), 0.1631030 secs] 5226088K->2656856K(12268352K), 0.1633880 secs] [Times: user=1.64 sys=0.00, real=0.17 secs] 
2011-02-26T10:48:05.578+0000: 17334.877: [GC 17334.877: [ParNew: 2649349K->182394K(2831168K), 0.1674660 secs] 5173464K->2798498K(12268352K), 0.1677720 secs] [Times: user=1.88 sys=0.01, real=0.16 secs] 
2011-02-26T10:48:09.743+0000: 17339.042: [GC 17339.043: [ParNew: 2699002K->116475K(2831168K), 0.1378630 secs] 5315106K->2857989K(12268352K), 0.1381060 secs] [Times: user=1.35 sys=0.02, real=0.14 secs] 
2011-02-26T10:48:23.428+0000: 17352.727: [GC 17352.727: [ParNew: 2633083K->81695K(2831168K), 0.0706240 secs] 5374597K->2842182K(12268352K), 0.0708640 secs] [Times: user=0.84 sys=0.00, real=0.07 secs] 
2011-02-26T10:48:34.376+0000: 17363.675: [GC 17363.675: [ParNew: 2598303K->174704K(2831168K), 0.1566850 secs] 5358790K->3003101K(12268352K), 0.1569740 secs] [Times: user=1.76 sys=0.01, real=0.16 secs] 
2011-02-26T10:48:52.737+0000: 17382.036: [GC 17382.036: [ParNew: 2691312K->120580K(2831168K), 0.1622250 secs] 5519709K->3070120K(12268352K), 0.1625040 secs] [Times: user=1.66 sys=0.03, real=0.16 secs] 
2011-02-26T10:49:05.846+0000: 17395.145: [GC 17395.145: [ParNew: 2637188K->51521K(2831168K), 0.0800750 secs] 5586728K->3056337K(12268352K), 0.0804420 secs] [Times: user=0.83 sys=0.02, real=0.08 secs] 
2011-02-26T10:49:08.990+0000: 17398.289: [GC 17398.289: [ParNew: 2568129K->23131K(2831168K), 0.0434800 secs] 5572945K->3054280K(12268352K), 0.0437460 secs] [Times: user=0.41 sys=0.00, real=0.04 secs] 
2011-02-26T10:49:31.184+0000: 17420.483: [GC 17420.483: [ParNew: 2539739K->85728K(2831168K), 0.0594750 secs] 5570888K->3122232K(12268352K), 0.0597970 secs] [Times: user=0.73 sys=0.00, real=0.06 secs] 
2011-02-26T10:49:42.128+0000: 17431.427: [GC 17431.428: [ParNew: 2602336K->86690K(2831168K), 0.0992060 secs] 5638840K->3172667K(12268352K), 0.0994970 secs] [Times: user=1.10 sys=0.00, real=0.10 secs] 
2011-02-26T10:49:59.235+0000: 17448.534: [GC 17448.534: [ParNew: 2603298K->77582K(2831168K), 0.1046590 secs] 5689275K->3228643K(12268352K), 0.1049360 secs] [Times: user=1.17 sys=0.02, real=0.11 secs] 
2011-02-26T10:50:06.975+0000: 17456.274: [GC 17456.274: [ParNew: 2594190K->53405K(2831168K), 0.0658000 secs] 5745251K->3254843K(12268352K), 0.1521310 secs] [Times: user=0.66 sys=0.00, real=0.16 secs] 
2011-02-26T10:50:18.736+0000: 17468.035: [GC 17468.036: [ParNew: 2570013K->30962K(2831168K), 0.0445740 secs] 5771451K->3245619K(12268352K), 0.0449050 secs] [Times: user=0.51 sys=0.01, real=0.05 secs] 
2011-02-26T10:50:26.969+0000: 17476.268: [GC 17476.268: [ParNew: 2547570K->150030K(2831168K), 0.0626760 secs] 5762227K->3385409K(12268352K), 0.0629140 secs] [Times: user=0.66 sys=0.00, real=0.06 secs] 
2011-02-26T10:50:31.443+0000: 17480.742: [GC 17480.742: [ParNew: 2666638K->37002K(2831168K), 0.0776900 secs] 5902017K->3386160K(12268352K), 0.0779220 secs] [Times: user=0.67 sys=0.00, real=0.08 secs] 
2011-02-26T10:50:34.269+0000: 17483.568: [GC 17483.568: [ParNew: 2553610K->102119K(2831168K), 0.0770490 secs] 5902768K->3473636K(12268352K), 0.0772810 secs] [Times: user=0.87 sys=0.00, real=0.07 secs] 
2011-02-26T10:50:46.783+0000: 17496.082: [GC 17496.083: [ParNew: 2618727K->254064K(2831168K), 0.1270860 secs] 5990244K->3693190K(12268352K), 0.1273250 secs] [Times: user=1.45 sys=0.00, real=0.13 secs] 
2011-02-26T10:50:57.446+0000: 17506.745: [GC 17506.745: [ParNew: 2770672K->137702K(2831168K), 0.1330640 secs] 6209798K->3646083K(12268352K), 0.1333010 secs] [Times: user=1.57 sys=0.01, real=0.14 secs] 
2011-02-26T10:51:06.282+0000: 17515.581: [GC 17515.581: [ParNew: 2654376K->91305K(2831168K), 0.1437250 secs] 6162756K->3699885K(12268352K), 0.1439690 secs] [Times: user=1.46 sys=0.02, real=0.14 secs] 
2011-02-26T10:51:06.427+0000: 17515.726: [GC 17515.726: [ParNew: 93489K->54399K(2831168K), 0.0664200 secs] 3702068K->3718787K(12268352K), 0.0666010 secs] [Times: user=0.65 sys=0.00, real=0.06 secs] 
2011-02-26T10:51:13.132+0000: 17522.431: [GC 17522.431: [ParNew: 2571007K->59518K(2831168K), 0.0470080 secs] 6235395K->3723915K(12268352K), 0.0472470 secs] [Times: user=0.49 sys=0.00, real=0.05 secs] 
2011-02-26T10:51:32.555+0000: 17541.854: [GC 17541.854: [ParNew: 2576126K->144904K(2831168K), 0.1236260 secs] 6240523K->3857868K(12268352K), 0.1239200 secs] [Times: user=1.44 sys=0.00, real=0.13 secs] 
2011-02-26T10:51:47.106+0000: 17556.405: [GC 17556.405: [ParNew: 2661512K->176300K(2831168K), 0.1987830 secs] 6374476K->4020533K(12268352K), 0.1991170 secs] [Times: user=2.03 sys=0.02, real=0.20 secs] 
2011-02-26T10:52:04.712+0000: 17574.011: [GC 17574.011: [ParNew: 2692908K->115296K(2831168K), 0.1517880 secs] 6537141K->4076130K(12268352K), 0.1520320 secs] [Times: user=1.58 sys=0.00, real=0.15 secs] 
2011-02-26T10:52:07.595+0000: 17576.894: [GC 17576.894: [ParNew: 2631904K->49038K(2831168K), 0.0626060 secs] 6592738K->4056222K(12268352K), 0.0628500 secs] [Times: user=0.66 sys=0.00, real=0.07 secs] 
2011-02-26T10:52:26.927+0000: 17596.226: [GC 17596.227: [ParNew: 2565646K->38530K(2831168K), 0.0470940 secs] 6572830K->4053331K(12268352K), 0.0474050 secs] [Times: user=0.56 sys=0.00, real=0.04 secs] 
2011-02-26T10:52:36.393+0000: 17605.692: [GC 17605.692: [ParNew: 2555138K->92600K(2831168K), 0.0962760 secs] 6569939K->4139940K(12268352K), 0.0965680 secs] [Times: user=1.09 sys=0.00, real=0.10 secs] 
2011-02-26T10:52:55.155+0000: 17624.454: [GC 17624.454: [ParNew: 2609208K->76977K(2831168K), 0.1088360 secs] 6656548K->4196969K(12268352K), 0.1091270 secs] [Times: user=1.19 sys=0.00, real=0.11 secs] 
2011-02-26T10:53:06.105+0000: 17635.404: [GC 17635.404: [ParNew: 2593572K->52807K(2831168K), 0.0728200 secs] 6713565K->4220684K(12268352K), 0.0731190 secs] [Times: user=0.79 sys=0.00, real=0.08 secs] 
2011-02-26T10:53:13.193+0000: 17642.492: [GC 17642.492: [ParNew: 2569415K->23067K(2831168K), 0.0468810 secs] 6737292K->4214579K(12268352K), 0.0471190 secs] [Times: user=0.53 sys=0.00, real=0.05 secs] 
2011-02-26T10:53:32.339+0000: 17661.638: [GC 17661.638: [ParNew: 2498695K->96149K(2831168K), 0.0759750 secs] 6690206K->4301509K(12268352K), 0.0762090 secs] [Times: user=0.89 sys=0.00, real=0.07 secs] 
2011-02-26T10:53:36.052+0000: 17665.351: [GC 17665.352: [ParNew: 2612757K->155563K(2831168K), 0.1047880 secs] 6818117K->4425199K(12268352K), 0.1051070 secs] [Times: user=1.18 sys=0.00, real=0.11 secs] 
2011-02-26T10:53:55.165+0000: 17684.464: [GC 17684.464: [ParNew: 2672171K->120096K(2831168K), 0.1343600 secs] 6941807K->4520720K(12268352K), 0.1345930 secs] [Times: user=1.58 sys=0.00, real=0.14 secs] 
2011-02-26T10:54:00.140+0000: 17689.439: [GC 17689.439: [ParNew: 2636704K->237829K(2831168K), 0.1325000 secs] 7037328K->4722667K(12268352K), 0.1327860 secs] [Times: user=1.40 sys=0.00, real=0.13 secs] 
2011-02-26T10:54:02.562+0000: 17691.862: [GC 17691.862: [ParNew: 2754437K->145218K(2831168K), 0.0991850 secs] 7239275K->4764430K(12268352K), 0.0994720 secs] [Times: user=1.05 sys=0.00, real=0.10 secs] 
2011-02-26T10:54:04.960+0000: 17694.259: [GC 17694.259: [ParNew: 2661826K->22130K(2831168K), 0.0531520 secs] 7281038K->4741079K(12268352K), 0.0534550 secs] [Times: user=0.54 sys=0.00, real=0.05 secs] 
2011-02-26T10:54:07.865+0000: 17697.164: [GC 17697.164: [ParNew: 2538738K->19237K(2831168K), 0.0339750 secs] 7257687K->4751415K(12268352K), 0.0342920 secs] [Times: user=0.39 sys=0.00, real=0.04 secs] 
2011-02-26T10:54:12.111+0000: 17701.410: [GC 17701.410: [ParNew: 2535845K->124288K(2831168K), 0.0589450 secs] 7268023K->4869298K(12268352K), 0.0592560 secs] [Times: user=0.62 sys=0.01, real=0.06 secs] 
2011-02-26T10:54:32.363+0000: 17721.663: [GC 17721.663: [ParNew: 2640896K->148306K(2831168K), 0.1211080 secs] 7385906K->4929414K(12268352K), 0.1213350 secs] [Times: user=1.30 sys=0.00, real=0.12 secs] 
2011-02-26T10:54:44.618+0000: 17733.917: [GC 17733.917: [ParNew: 2664914K->219598K(2831168K), 0.2000380 secs] 7446022K->5130537K(12268352K), 0.2003320 secs] [Times: user=2.17 sys=0.02, real=0.20 secs] 
2011-02-26T10:55:02.821+0000: 17752.120: [GC 17752.120: [ParNew: 2736206K->151246K(2831168K), 0.1864650 secs] 7647145K->5192852K(12268352K), 0.1867660 secs] [Times: user=1.98 sys=0.01, real=0.19 secs] 
2011-02-26T10:55:07.735+0000: 17757.034: [GC 17757.034: [ParNew: 2667842K->90000K(2831168K), 0.1096880 secs] 7709449K->5226323K(12268352K), 0.1099850 secs] [Times: user=1.12 sys=0.00, real=0.11 secs] 
2011-02-26T10:55:21.610+0000: 17770.909: [GC 17770.909: [ParNew: 2606608K->52469K(2831168K), 0.0415020 secs] 7742931K->5195643K(12268352K), 0.0417450 secs] [Times: user=0.47 sys=0.00, real=0.04 secs] 
2011-02-26T10:55:33.699+0000: 17782.998: [GC 17782.998: [ParNew: 2569077K->155256K(2831168K), 0.1170960 secs] 7712251K->5325794K(12268352K), 0.1173280 secs] [Times: user=1.42 sys=0.00, real=0.11 secs] 
2011-02-26T10:55:51.874+0000: 17801.173: [GC 17801.173: [ParNew: 2671864K->82810K(2831168K), 0.1131580 secs] 7842402K->5328566K(12268352K), 0.1133910 secs] [Times: user=1.21 sys=0.00, real=0.12 secs] 
2011-02-26T10:56:05.431+0000: 17814.730: [GC 17814.730: [ParNew: 2599377K->43488K(2831168K), 0.0737060 secs] 7845133K->5333094K(12268352K), 0.0739550 secs] [Times: user=0.76 sys=0.01, real=0.07 secs] 
2011-02-26T10:56:08.478+0000: 17817.777: [GC 17817.777: [ParNew: 2560096K->31320K(2831168K), 0.0468790 secs] 7849702K->5349009K(12268352K), 0.0471200 secs] [Times: user=0.41 sys=0.01, real=0.04 secs] 
2011-02-26T10:56:31.190+0000: 17840.489: [GC 17840.489: [ParNew: 2547928K->82425K(2831168K), 0.0538330 secs] 7865617K->5404335K(12268352K), 0.0541190 secs] [Times: user=0.64 sys=0.00, real=0.05 secs] 
2011-02-26T10:56:37.146+0000: 17846.445: [GC 17846.445: [ParNew: 2599033K->159622K(2831168K), 0.0975620 secs] 7920943K->5528255K(12268352K), 0.0978500 secs] [Times: user=1.18 sys=0.00, real=0.10 secs] 
2011-02-26T10:56:50.629+0000: 17859.928: [GC 17859.928: [ParNew: 2676230K->83748K(2831168K), 0.1173240 secs] 8044863K->5518356K(12268352K), 0.1176070 secs] [Times: user=1.29 sys=0.00, real=0.11 secs] 
2011-02-26T10:57:05.043+0000: 17874.342: [GC 17874.343: [ParNew: 2600356K->87210K(2831168K), 0.1109390 secs] 8034964K->5585497K(12268352K), 0.1112460 secs] [Times: user=1.15 sys=0.00, real=0.11 secs] 
2011-02-26T10:57:07.107+0000: 17876.406: [GC 17876.407: [ParNew: 2603818K->65215K(2831168K), 0.0755430 secs] 8102105K->5628406K(12268352K), 0.0758440 secs] [Times: user=0.76 sys=0.00, real=0.08 secs] 
2011-02-26T10:57:12.277+0000: 17881.576: [GC 17881.576: [ParNew: 2581823K->202146K(2831168K), 0.0683730 secs] 8145014K->5772101K(12268352K), 0.0686990 secs] [Times: user=0.89 sys=0.00, real=0.07 secs] 
2011-02-26T10:57:31.754+0000: 17901.053: [GC 17901.053: [ParNew: 2718754K->128648K(2831168K), 0.1345410 secs] 8288709K->5743432K(12268352K), 0.1348330 secs] [Times: user=1.49 sys=0.00, real=0.14 secs] 
2011-02-26T10:57:42.073+0000: 17911.372: [GC 17911.373: [ParNew: 2645256K->187982K(2831168K), 0.2553480 secs] 8260040K->5911221K(12268352K), 0.2555780 secs] [Times: user=1.99 sys=0.01, real=0.26 secs] 
2011-02-26T10:58:00.283+0000: 17929.582: [GC 17929.582: [ParNew: 2704590K->184330K(2831168K), 0.2197510 secs] 8427829K->6054858K(12268352K), 0.2199810 secs] [Times: user=2.28 sys=0.01, real=0.22 secs] 
2011-02-26T10:58:06.243+0000: 17935.542: [GC 17935.542: [ParNew: 2700938K->128324K(2831168K), 0.1659730 secs] 8571466K->6125768K(12268352K), 0.1662860 secs] [Times: user=1.44 sys=0.00, real=0.17 secs] 
2011-02-26T10:58:15.839+0000: 17945.138: [GC 17945.138: [ParNew: 2644932K->47261K(2831168K), 0.0673920 secs] 8642376K->6071640K(12268352K), 0.0676290 secs] [Times: user=0.71 sys=0.02, real=0.06 secs] 
2011-02-26T10:58:32.986+0000: 17962.285: [GC 17962.285: [ParNew: 2563869K->84161K(2831168K), 0.0983240 secs] 8588248K->6145637K(12268352K), 0.0985590 secs] [Times: user=1.05 sys=0.02, real=0.10 secs] 
2011-02-26T10:58:48.023+0000: 17977.322: [GC 17977.322: [ParNew: 2600769K->79357K(2831168K), 0.1295540 secs] 8662245K->6203684K(12268352K), 0.1297870 secs] [Times: user=1.32 sys=0.01, real=0.13 secs] 
2011-02-26T10:59:04.641+0000: 17993.940: [GC 17993.940: [ParNew: 2595965K->74096K(2831168K), 0.1004050 secs] 8720292K->6253433K(12268352K), 0.1006440 secs] [Times: user=0.98 sys=0.01, real=0.10 secs] 
2011-02-26T10:59:09.427+0000: 17998.726: [GC 17998.726: [ParNew: 2590704K->30653K(2831168K), 0.0593020 secs] 8770041K->6251965K(12268352K), 0.0595420 secs] [Times: user=0.64 sys=0.00, real=0.06 secs] 
2011-02-26T10:59:27.140+0000: 18016.439: [GC 18016.440: [ParNew: 2547261K->32739K(2831168K), 0.0408080 secs] 8768573K->6261961K(12268352K), 0.0410570 secs] [Times: user=0.44 sys=0.01, real=0.04 secs] 
2011-02-26T10:59:35.988+0000: 18025.287: [GC 18025.288: [ParNew: 2549347K->110346K(2831168K), 0.0925650 secs] 8778569K->6367024K(12268352K), 0.0927960 secs] [Times: user=1.08 sys=0.01, real=0.09 secs] 
2011-02-26T10:59:50.120+0000: 18039.419: [GC 18039.419: [ParNew: 2626954K->138337K(2831168K), 0.1104170 secs] 8883632K->6468545K(12268352K), 0.1107080 secs] [Times: user=1.17 sys=0.01, real=0.11 secs] 
2011-02-26T11:00:03.875+0000: 18053.174: [GC 18053.174: [ParNew: 2654945K->170162K(2831168K), 0.1008700 secs] 8985153K->6541592K(12268352K), 0.1011590 secs] [Times: user=1.17 sys=0.00, real=0.10 secs] 
2011-02-26T11:00:06.820+0000: 18056.119: [GC 18056.119: [ParNew: 2686770K->62662K(2831168K), 0.0875940 secs] 9058200K->6502951K(12268352K), 0.0878960 secs] [Times: user=0.77 sys=0.00, real=0.09 secs] 
2011-02-26T11:00:19.609+0000: 18068.908: [GC 18068.909: [ParNew: 2579270K->77307K(2831168K), 0.0490120 secs] 9019559K->6526295K(12268352K), 0.0493160 secs] [Times: user=0.54 sys=0.00, real=0.05 secs] 
2011-02-26T11:00:31.352+0000: 18080.651: [GC 18080.651: [ParNew: 2593932K->236149K(2831168K), 0.1154170 secs] 9042920K->6733721K(12268352K), 0.1157360 secs] [Times: user=1.14 sys=0.00, real=0.12 secs] 
2011-02-26T11:00:31.470+0000: 18080.769: [GC 18080.769: [ParNew: 237419K->48731K(2831168K), 1.2152460 secs] 6734991K->6767917K(12268352K), 1.2155140 secs] [Times: user=9.83 sys=1.80, real=1.21 secs] 
2011-02-26T11:00:36.156+0000: 18085.455: [GC 18085.455: [ParNew: 2565339K->139188K(2831168K), 0.0851800 secs] 9284525K->6858378K(12268352K), 0.0854070 secs] [Times: user=1.05 sys=0.01, real=0.09 secs] 
2011-02-26T11:00:54.753+0000: 18104.052: [GC 18104.053: [ParNew: 2655796K->188748K(2831168K), 0.2136310 secs] 9374986K->7030417K(12268352K), 0.2139440 secs] [Times: user=2.16 sys=0.03, real=0.22 secs] 
2011-02-26T11:01:05.534+0000: 18114.834: [GC 18114.834: [ParNew: 2705356K->126300K(2831168K), 0.1673930 secs] 9547025K->7104758K(12268352K), 0.1676970 secs] [Times: user=1.70 sys=0.00, real=0.17 secs] 
2011-02-26T11:01:10.666+0000: 18119.965: [GC 18119.965: [ParNew: 2642908K->55602K(2831168K), 0.0889650 secs] 9621366K->7097701K(12268352K), 0.0930530 secs] [Times: user=0.92 sys=0.01, real=0.10 secs] 
2011-02-26T11:01:31.902+0000: 18141.201: [GC 18141.201: [ParNew: 2572210K->102706K(2831168K), 0.1319060 secs] 9614309K->7171879K(12268352K), 0.1321960 secs] [Times: user=1.39 sys=0.00, real=0.13 secs] 
2011-02-26T11:01:42.852+0000: 18152.151: [GC 18152.151: [ParNew: 2619314K->101038K(2831168K), 0.1418250 secs] 9688487K->7258234K(12268352K), 0.1421150 secs] [Times: user=1.46 sys=0.00, real=0.14 secs] 
2011-02-26T11:01:42.995+0000: 18152.294: [GC [1 CMS-initial-mark: 7157196K(9437184K)] 7263874K(12268352K), 0.0767460 secs] [Times: user=0.08 sys=0.00, real=0.08 secs] 
2011-02-26T11:01:43.072+0000: 18152.371: [CMS-concurrent-mark-start]
2011-02-26T11:01:43.736+0000: 18153.035: [CMS-concurrent-mark: 0.662/0.663 secs] [Times: user=3.31 sys=0.23, real=0.66 secs] 
2011-02-26T11:01:43.736+0000: 18153.035: [CMS-concurrent-preclean-start]
2011-02-26T11:01:43.792+0000: 18153.091: [CMS-concurrent-preclean: 0.053/0.056 secs] [Times: user=0.11 sys=0.00, real=0.06 secs] 
2011-02-26T11:01:43.792+0000: 18153.091: [CMS-concurrent-abortable-preclean-start]
 CMS: abort preclean due to time 2011-02-26T11:01:48.908+0000: 18158.207: [CMS-concurrent-abortable-preclean: 5.083/5.116 secs] [Times: user=9.26 sys=1.60, real=5.12 secs] 
2011-02-26T11:01:48.909+0000: 18158.209: [GC[YG occupancy: 994090 K (2831168 K)]18158.209: [Rescan (parallel) , 0.1566790 secs]18158.365: [weak refs processing, 0.0275140 secs] [1 CMS-remark: 7157196K(9437184K)] 8151286K(12268352K), 0.1844510 secs] [Times: user=1.97 sys=0.00, real=0.18 secs] 
2011-02-26T11:01:49.094+0000: 18158.393: [CMS-concurrent-sweep-start]
2011-02-26T11:02:00.318+0000: 18169.617: [GC 18169.617: [ParNew: 2617646K->71720K(2831168K), 0.1121480 secs] 8115040K->5639045K(12268352K), 0.1123840 secs] [Times: user=1.09 sys=0.00, real=0.11 secs] 
2011-02-26T11:02:06.240+0000: 18175.539: [GC 18175.539: [ParNew: 2588328K->51691K(2831168K), 0.0775820 secs] 7282111K->4789769K(12268352K), 0.0778570 secs] [Times: user=0.62 sys=0.00, real=0.08 secs] 
2011-02-26T11:02:16.272+0000: 18185.571: [GC 18185.572: [ParNew: 2568299K->30315K(2831168K), 0.0400880 secs] 5952234K->3425469K(12268352K), 0.0403160 secs] [Times: user=0.49 sys=0.00, real=0.04 secs] 
2011-02-26T11:02:33.167+0000: 18202.467: [GC 18202.467: [ParNew: 2546807K->87986K(2831168K), 0.0919320 secs] 3841783K->1401515K(12268352K), 0.0922610 secs] [Times: user=0.99 sys=0.01, real=0.09 secs] 
2011-02-26T11:02:33.715+0000: 18203.014: [CMS-concurrent-sweep: 44.205/44.621 secs] [Times: user=87.63 sys=15.94, real=44.62 secs] 
2011-02-26T11:02:33.715+0000: 18203.014: [CMS-concurrent-reset-start]
2011-02-26T11:02:33.736+0000: 18203.035: [CMS-concurrent-reset: 0.021/0.021 secs] [Times: user=0.06 sys=0.00, real=0.02 secs] 
2011-02-26T11:02:48.353+0000: 18217.652: [GC 18217.652: [ParNew: 2604594K->73793K(2831168K), 0.1033010 secs] 3621096K->1150643K(12268352K), 0.1035870 secs] [Times: user=1.10 sys=0.00, real=0.10 secs] 
2011-02-26T11:03:00.465+0000: 18229.764: [GC 18229.765: [ParNew: 2590401K->137607K(2831168K), 0.0986560 secs] 3667251K->1266468K(12268352K), 0.0989490 secs] [Times: user=1.06 sys=0.00, real=0.10 secs] 
2011-02-26T11:03:04.530+0000: 18233.829: [GC 18233.829: [ParNew: 2654200K->203390K(2831168K), 0.0817570 secs] 3783061K->1375599K(12268352K), 0.0820580 secs] [Times: user=0.78 sys=0.00, real=0.08 secs] 
2011-02-26T11:03:06.219+0000: 18235.518: [GC 18235.519: [ParNew: 2719998K->23087K(2831168K), 0.0553130 secs] 3892207K->1293226K(12268352K), 0.0556060 secs] [Times: user=0.53 sys=0.01, real=0.05 secs] 
2011-02-26T11:03:07.889+0000: 18237.188: [GC 18237.188: [ParNew: 2539695K->12670K(2831168K), 0.0278940 secs] 3809834K->1288398K(12268352K), 0.0282440 secs] [Times: user=0.25 sys=0.00, real=0.03 secs] 
2011-02-26T11:03:13.490+0000: 18242.789: [GC 18242.789: [ParNew: 2507874K->43477K(2831168K), 0.0373380 secs] 3783602K->1325343K(12268352K), 0.0376480 secs] [Times: user=0.41 sys=0.00, real=0.04 secs] 
2011-02-26T11:03:18.905+0000: 18248.204: [GC 18248.204: [ParNew: 2560085K->88856K(2831168K), 0.0758000 secs] 3841951K->1411836K(12268352K), 0.0760280 secs] [Times: user=0.77 sys=0.00, real=0.08 secs] 
2011-02-26T11:03:24.825+0000: 18254.124: [GC 18254.124: [ParNew: 2605464K->25598K(2831168K), 0.0655260 secs] 3928444K->1429541K(12268352K), 0.0657570 secs] [Times: user=0.62 sys=0.00, real=0.07 secs] 
2011-02-26T11:03:31.320+0000: 18260.619: [GC 18260.619: [ParNew: 2542206K->43233K(2831168K), 0.0531090 secs] 3946149K->1464359K(12268352K), 0.0533430 secs] [Times: user=0.52 sys=0.01, real=0.05 secs] 
2011-02-26T11:03:33.868+0000: 18263.167: [GC 18263.167: [ParNew: 2559841K->247696K(2831168K), 0.1062710 secs] 3980967K->1700076K(12268352K), 0.1064970 secs] [Times: user=1.09 sys=0.00, real=0.10 secs] 
2011-02-26T11:03:36.899+0000: 18266.198: [GC 18266.198: [ParNew: 2764304K->65670K(2831168K), 0.1858010 secs] 4216684K->1744894K(12268352K), 0.1860310 secs] [Times: user=1.50 sys=0.00, real=0.18 secs] 
2011-02-26T11:03:39.461+0000: 18268.760: [GC 18268.760: [ParNew: 2582278K->203803K(2831168K), 0.0858230 secs] 4261502K->1925722K(12268352K), 0.0860630 secs] [Times: user=0.90 sys=0.01, real=0.09 secs] 
2011-02-26T11:03:41.401+0000: 18270.700: [GC 18270.700: [ParNew: 2720411K->20958K(2831168K), 0.0615160 secs] 4442330K->1919387K(12268352K), 0.0617510 secs] [Times: user=0.54 sys=0.01, real=0.06 secs] 
2011-02-26T11:03:46.395+0000: 18275.694: [GC 18275.694: [ParNew: 2537566K->46855K(2831168K), 0.0681800 secs] 4435995K->1954124K(12268352K), 0.0684080 secs] [Times: user=0.70 sys=0.09, real=0.07 secs] 
2011-02-26T11:04:04.276+0000: 18293.575: [GC 18293.575: [ParNew: 2563463K->147914K(2831168K), 0.1257470 secs] 4470732K->2097204K(12268352K), 0.1259890 secs] [Times: user=1.41 sys=0.00, real=0.13 secs] 
2011-02-26T11:04:08.872+0000: 18298.171: [GC 18298.171: [ParNew: 2664522K->105957K(2831168K), 0.1492130 secs] 4613812K->2185184K(12268352K), 0.1494530 secs] [Times: user=1.42 sys=0.00, real=0.15 secs] 
2011-02-26T11:04:29.177+0000: 18318.476: [GC 18318.476: [ParNew: 2622565K->109249K(2831168K), 0.0852460 secs] 4701792K->2212990K(12268352K), 0.0854890 secs] [Times: user=0.98 sys=0.01, real=0.08 secs] 
2011-02-26T11:04:37.785+0000: 18327.084: [GC 18327.084: [ParNew: 2625857K->151292K(2831168K), 0.1696110 secs] 4729598K->2344103K(12268352K), 0.1698460 secs] [Times: user=1.82 sys=0.01, real=0.17 secs] 
2011-02-26T11:04:56.491+0000: 18345.790: [GC 18345.790: [ParNew: 2667900K->99559K(2831168K), 0.1491030 secs] 4860711K->2399104K(12268352K), 0.1493740 secs] [Times: user=1.49 sys=0.01, real=0.15 secs] 
2011-02-26T11:05:06.538+0000: 18355.837: [GC 18355.837: [ParNew: 2616167K->42626K(2831168K), 0.0676420 secs] 4915712K->2387626K(12268352K), 0.0679050 secs] [Times: user=0.71 sys=0.02, real=0.06 secs] 
2011-02-26T11:05:16.497+0000: 18365.796: [GC 18365.796: [ParNew: 2559234K->52531K(2831168K), 0.0680650 secs] 4904234K->2416573K(12268352K), 0.0683040 secs] [Times: user=0.79 sys=0.00, real=0.07 secs] 
2011-02-26T11:05:33.054+0000: 18382.353: [GC 18382.353: [ParNew: 2569139K->105058K(2831168K), 0.0813780 secs] 4933181K->2491594K(12268352K), 0.0816380 secs] [Times: user=0.99 sys=0.00, real=0.08 secs] 
2011-02-26T11:05:48.846+0000: 18398.145: [GC 18398.145: [ParNew: 2621666K->66995K(2831168K), 0.1059030 secs] 5008202K->2517405K(12268352K), 0.1061360 secs] [Times: user=1.16 sys=0.00, real=0.11 secs] 
2011-02-26T11:06:04.637+0000: 18413.936: [GC 18413.936: [ParNew: 2583603K->63375K(2831168K), 0.0946760 secs] 5034013K->2566199K(12268352K), 0.0949330 secs] [Times: user=0.87 sys=0.01, real=0.09 secs] 
2011-02-26T11:06:08.602+0000: 18417.901: [GC 18417.901: [ParNew: 2579983K->44194K(2831168K), 0.0550960 secs] 5082807K->2587806K(12268352K), 0.0553310 secs] [Times: user=0.49 sys=0.01, real=0.06 secs] 
2011-02-26T11:06:17.018+0000: 18426.317: [GC 18426.317: [ParNew: 2560802K->39375K(2831168K), 0.0530850 secs] 5104414K->2588404K(12268352K), 0.0533210 secs] [Times: user=0.55 sys=0.00, real=0.05 secs] 
2011-02-26T11:06:34.886+0000: 18444.185: [GC 18444.185: [ParNew: 2555983K->134310K(2831168K), 0.1082320 secs] 5105012K->2715690K(12268352K), 0.1084630 secs] [Times: user=1.21 sys=0.00, real=0.11 secs] 
2011-02-26T11:06:42.429+0000: 18451.728: [GC 18451.728: [ParNew: 2650918K->243773K(2831168K), 0.1689780 secs] 5232298K->2921841K(12268352K), 0.1693030 secs] [Times: user=1.64 sys=0.00, real=0.17 secs] 
2011-02-26T11:06:54.435+0000: 18463.734: [GC 18463.734: [ParNew: 2760381K->156671K(2831168K), 0.1493220 secs] 5438449K->2906637K(12268352K), 0.1495560 secs] [Times: user=1.67 sys=0.02, real=0.15 secs] 
2011-02-26T11:07:05.712+0000: 18475.011: [GC 18475.011: [ParNew: 2673279K->115814K(2831168K), 0.1613620 secs] 5423245K->2975045K(12268352K), 0.1616600 secs] [Times: user=1.70 sys=0.00, real=0.16 secs] 
2011-02-26T11:07:12.093+0000: 18481.392: [GC 18481.392: [ParNew: 2632422K->84012K(2831168K), 0.1106030 secs] 5491653K->3021389K(12268352K), 0.1108970 secs] [Times: user=1.16 sys=0.02, real=0.11 secs] 
2011-02-26T11:07:32.117+0000: 18501.416: [GC 18501.416: [ParNew: 2600620K->139689K(2831168K), 0.1331840 secs] 5537997K->3119033K(12268352K), 0.1334780 secs] [Times: user=1.36 sys=0.01, real=0.14 secs] 
2011-02-26T11:07:45.909+0000: 18515.208: [GC 18515.208: [ParNew: 2656297K->182812K(2831168K), 0.1869160 secs] 5635641K->3281027K(12268352K), 0.1871440 secs] [Times: user=1.89 sys=0.03, real=0.18 secs] 
2011-02-26T11:08:04.300+0000: 18533.599: [GC 18533.599: [ParNew: 2699420K->107724K(2831168K), 0.1449400 secs] 5797635K->3315544K(12268352K), 0.1451750 secs] [Times: user=1.44 sys=0.01, real=0.14 secs] 
2011-02-26T11:08:07.616+0000: 18536.915: [GC 18536.916: [ParNew: 2624311K->44903K(2831168K), 0.0606540 secs] 5832131K->3299034K(12268352K), 0.0608970 secs] [Times: user=0.62 sys=0.00, real=0.06 secs] 
2011-02-26T11:08:26.014+0000: 18555.313: [GC 18555.313: [ParNew: 2561511K->61435K(2831168K), 0.0436430 secs] 5815642K->3320019K(12268352K), 0.0440030 secs] [Times: user=0.53 sys=0.00, real=0.05 secs] 
2011-02-26T11:08:35.848+0000: 18565.147: [GC 18565.147: [ParNew: 2578043K->100211K(2831168K), 0.0941600 secs] 5836627K->3393606K(12268352K), 0.0944200 secs] [Times: user=1.09 sys=0.01, real=0.09 secs] 
2011-02-26T11:08:54.933+0000: 18584.232: [GC 18584.232: [ParNew: 2616819K->70868K(2831168K), 0.1128270 secs] 5910214K->3435907K(12268352K), 0.1130700 secs] [Times: user=1.21 sys=0.01, real=0.11 secs] 
2011-02-26T11:09:06.148+0000: 18595.447: [GC 18595.447: [ParNew: 2587476K->52216K(2831168K), 0.0812450 secs] 5952515K->3460205K(12268352K), 0.0815310 secs] [Times: user=0.76 sys=0.00, real=0.09 secs] 
2011-02-26T11:09:12.431+0000: 18601.730: [GC 18601.730: [ParNew: 2568824K->40489K(2831168K), 0.0479780 secs] 5976813K->3474062K(12268352K), 0.0483050 secs] [Times: user=0.48 sys=0.00, real=0.05 secs] 
2011-02-26T11:09:31.959+0000: 18621.258: [GC 18621.259: [ParNew: 2557097K->145734K(2831168K), 0.0614660 secs] 5990670K->3596379K(12268352K), 0.0617620 secs] [Times: user=0.64 sys=0.00, real=0.06 secs] 
2011-02-26T11:09:35.575+0000: 18624.874: [GC 18624.874: [ParNew: 2662342K->85788K(2831168K), 0.1156760 secs] 6112987K->3657114K(12268352K), 0.1159310 secs] [Times: user=1.24 sys=0.02, real=0.12 secs] 
2011-02-26T11:09:53.190+0000: 18642.489: [GC 18642.489: [ParNew: 2602396K->281416K(2831168K), 0.1526940 secs] 6173722K->3920096K(12268352K), 0.1529340 secs] [Times: user=1.53 sys=0.00, real=0.15 secs] 
2011-02-26T11:09:59.986+0000: 18649.285: [GC 18649.285: [ParNew: 2798024K->102989K(2831168K), 0.1352360 secs] 6436704K->3827931K(12268352K), 0.1355230 secs] [Times: user=1.45 sys=0.00, real=0.14 secs] 
2011-02-26T11:10:07.269+0000: 18656.568: [GC 18656.568: [ParNew: 2619513K->73701K(2831168K), 0.1091090 secs] 6344455K->3870725K(12268352K), 0.1093530 secs] [Times: user=1.11 sys=0.01, real=0.11 secs] 
2011-02-26T11:10:18.657+0000: 18667.956: [GC 18667.956: [ParNew: 2590309K->78883K(2831168K), 0.0880060 secs] 6387333K->3916400K(12268352K), 0.0895400 secs] [Times: user=0.96 sys=0.01, real=0.08 secs] 
2011-02-26T11:10:33.539+0000: 18682.838: [GC 18682.838: [ParNew: 2595491K->206601K(2831168K), 0.1908780 secs] 6433008K->4111840K(12268352K), 0.1911890 secs] [Times: user=1.93 sys=0.01, real=0.19 secs] 
2011-02-26T11:10:49.775+0000: 18699.074: [GC 18699.074: [ParNew: 2723209K->162946K(2831168K), 0.2055600 secs] 6628448K->4211865K(12268352K), 0.2057940 secs] [Times: user=2.22 sys=0.01, real=0.21 secs] 
2011-02-26T11:11:05.346+0000: 18714.645: [GC 18714.645: [ParNew: 2679554K->123327K(2831168K), 0.1595610 secs] 6728473K->4285631K(12268352K), 0.1598620 secs] [Times: user=1.60 sys=0.02, real=0.16 secs] 
2011-02-26T11:11:08.827+0000: 18718.126: [GC 18718.126: [ParNew: 2639935K->51383K(2831168K), 0.0718990 secs] 6802239K->4266686K(12268352K), 0.0721380 secs] [Times: user=0.69 sys=0.00, real=0.07 secs] 
2011-02-26T11:11:30.452+0000: 18739.751: [GC 18739.751: [ParNew: 2567991K->58612K(2831168K), 0.0602130 secs] 6783294K->4278772K(12268352K), 0.0604740 secs] [Times: user=0.71 sys=0.00, real=0.06 secs] 
2011-02-26T11:11:39.835+0000: 18749.134: [GC 18749.134: [ParNew: 2575220K->92639K(2831168K), 0.1166880 secs] 6795380K->4353263K(12268352K), 0.1169620 secs] [Times: user=1.08 sys=0.00, real=0.12 secs] 
2011-02-26T11:11:55.860+0000: 18765.159: [GC 18765.159: [ParNew: 2609247K->149594K(2831168K), 0.1220650 secs] 6869871K->4482512K(12268352K), 0.1222960 secs] [Times: user=1.20 sys=0.05, real=0.12 secs] 
2011-02-26T11:12:05.453+0000: 18774.752: [GC 18774.752: [ParNew: 2666202K->52386K(2831168K), 0.0665010 secs] 6999120K->4423974K(12268352K), 0.0667400 secs] [Times: user=0.76 sys=0.01, real=0.07 secs] 
2011-02-26T11:12:09.554+0000: 18778.853: [GC 18778.853: [ParNew: 2568994K->24133K(2831168K), 0.0419050 secs] 6940582K->4420257K(12268352K), 0.0421400 secs] [Times: user=0.50 sys=0.00, real=0.04 secs] 
2011-02-26T11:12:31.497+0000: 18800.796: [GC 18800.796: [ParNew: 2540741K->71530K(2831168K), 0.0536750 secs] 6936865K->4474500K(12268352K), 0.0539190 secs] [Times: user=0.67 sys=0.00, real=0.05 secs] 
2011-02-26T11:12:35.920+0000: 18805.219: [GC 18805.219: [ParNew: 2588138K->157660K(2831168K), 0.1196460 secs] 6991108K->4610644K(12268352K), 0.1198810 secs] [Times: user=1.06 sys=0.02, real=0.12 secs] 
2011-02-26T11:12:50.752+0000: 18820.051: [GC 18820.052: [ParNew: 2674268K->114749K(2831168K), 0.1238740 secs] 7127252K->4631029K(12268352K), 0.1241670 secs] [Times: user=1.37 sys=0.00, real=0.12 secs] 
2011-02-26T11:13:05.262+0000: 18834.561: [GC 18834.561: [ParNew: 2631307K->85385K(2831168K), 0.1238100 secs] 7147587K->4674471K(12268352K), 0.1241090 secs] [Times: user=1.21 sys=0.01, real=0.12 secs] 
2011-02-26T11:13:07.027+0000: 18836.326: [GC 18836.326: [ParNew: 2601993K->218408K(2831168K), 0.1036980 secs] 7191079K->4871138K(12268352K), 0.1039440 secs] [Times: user=1.04 sys=0.02, real=0.11 secs] 
2011-02-26T11:13:10.012+0000: 18839.311: [GC 18839.311: [ParNew: 2735016K->121151K(2831168K), 0.0675760 secs] 7387746K->4858591K(12268352K), 0.0678150 secs] [Times: user=0.76 sys=0.00, real=0.07 secs] 
2011-02-26T11:13:12.422+0000: 18841.721: [GC 18841.721: [ParNew: 2637759K->117438K(2831168K), 0.0775520 secs] 7375199K->4963199K(12268352K), 0.0778220 secs] [Times: user=0.82 sys=0.03, real=0.08 secs] 
2011-02-26T11:13:14.835+0000: 18844.134: [GC 18844.134: [ParNew: 2634046K->25896K(2831168K), 0.0585130 secs] 7479807K->4976475K(12268352K), 0.0587980 secs] [Times: user=0.56 sys=0.01, real=0.06 secs] 
2011-02-26T11:13:32.124+0000: 18861.423: [GC 18861.424: [ParNew: 2542504K->118858K(2831168K), 0.0983600 secs] 7493083K->5079390K(12268352K), 0.0986680 secs] [Times: user=1.01 sys=0.00, real=0.10 secs] 
2011-02-26T11:13:44.561+0000: 18873.860: [GC 18873.861: [ParNew: 2635466K->181533K(2831168K), 0.2427940 secs] 7595998K->5254601K(12268352K), 0.2430960 secs] [Times: user=1.96 sys=0.06, real=0.24 secs] 
2011-02-26T11:14:04.210+0000: 18893.509: [GC 18893.509: [ParNew: 2698141K->157530K(2831168K), 0.2185920 secs] 7771209K->5371641K(12268352K), 0.2188830 secs] [Times: user=2.24 sys=0.01, real=0.22 secs] 
2011-02-26T11:14:07.171+0000: 18896.470: [GC 18896.471: [ParNew: 2674104K->122111K(2831168K), 0.1373390 secs] 7888216K->5456826K(12268352K), 0.1375800 secs] [Times: user=1.31 sys=0.02, real=0.14 secs] 
2011-02-26T11:14:21.587+0000: 18910.886: [GC 18910.886: [ParNew: 2638719K->46575K(2831168K), 0.0442210 secs] 7973434K->5388670K(12268352K), 0.0444570 secs] [Times: user=0.55 sys=0.00, real=0.05 secs] 
2011-02-26T11:14:33.769+0000: 18923.069: [GC 18923.069: [ParNew: 2563191K->88292K(2831168K), 0.0916130 secs] 7905286K->5462393K(12268352K), 0.0918420 secs] [Times: user=1.05 sys=0.00, real=0.09 secs] 
2011-02-26T11:14:51.668+0000: 18940.967: [GC 18940.967: [ParNew: 2604900K->68470K(2831168K), 0.1150220 secs] 7979001K->5515048K(12268352K), 0.1152610 secs] [Times: user=1.25 sys=0.01, real=0.11 secs] 
2011-02-26T11:15:05.116+0000: 18954.415: [GC 18954.415: [ParNew: 2585078K->59183K(2831168K), 0.0778240 secs] 8031656K->5551560K(12268352K), 0.0781550 secs] [Times: user=0.85 sys=0.00, real=0.08 secs] 
2011-02-26T11:15:09.337+0000: 18958.636: [GC 18958.637: [ParNew: 2575791K->39455K(2831168K), 0.0489230 secs] 8068168K->5566119K(12268352K), 0.0492420 secs] [Times: user=0.42 sys=0.02, real=0.05 secs] 
2011-02-26T11:15:29.131+0000: 18978.430: [GC 18978.431: [ParNew: 2556114K->65710K(2831168K), 0.0469760 secs] 8082778K->5598797K(12268352K), 0.0472110 secs] [Times: user=0.50 sys=0.00, real=0.05 secs] 
2011-02-26T11:15:37.987+0000: 18987.286: [GC 18987.286: [ParNew: 2582318K->77343K(2831168K), 0.0939070 secs] 8115405K->5648501K(12268352K), 0.0941400 secs] [Times: user=1.15 sys=0.00, real=0.10 secs] 
2011-02-26T11:15:47.658+0000: 18996.957: [GC 18996.957: [ParNew: 2593951K->155940K(2831168K), 0.1099760 secs] 8165109K->5796516K(12268352K), 0.1102900 secs] [Times: user=1.18 sys=0.01, real=0.11 secs] 
2011-02-26T11:15:52.023+0000: 19001.322: [GC 19001.323: [ParNew: 2672548K->43937K(2831168K), 0.0812240 secs] 8313124K->5806827K(12268352K), 0.0815090 secs] [Times: user=0.87 sys=0.03, real=0.08 secs] 
2011-02-26T11:15:59.017+0000: 19008.316: [GC 19008.316: [ParNew: 2560545K->51808K(2831168K), 0.0561900 secs] 8323435K->5840740K(12268352K), 0.0565030 secs] [Times: user=0.62 sys=0.00, real=0.06 secs] 
2011-02-26T11:16:06.713+0000: 19016.012: [GC 19016.012: [ParNew: 2568391K->42542K(2831168K), 0.0679660 secs] 8357323K->5865022K(12268352K), 0.0682530 secs] [Times: user=0.57 sys=0.01, real=0.07 secs] 
2011-02-26T11:16:19.590+0000: 19028.889: [GC 19028.889: [ParNew: 2559150K->63293K(2831168K), 0.0659790 secs] 8381630K->5915580K(12268352K), 0.0662750 secs] [Times: user=0.68 sys=0.01, real=0.06 secs] 
2011-02-26T11:16:27.119+0000: 19036.418: [GC 19036.418: [ParNew: 2579901K->74632K(2831168K), 0.0945520 secs] 8432188K->5971335K(12268352K), 0.0948470 secs] [Times: user=1.04 sys=0.01, real=0.09 secs] 
2011-02-26T11:16:36.726+0000: 19046.025: [GC 19046.025: [ParNew: 2591240K->166234K(2831168K), 0.1493500 secs] 8487943K->6117989K(12268352K), 0.1496340 secs] [Times: user=1.75 sys=0.02, real=0.15 secs] 
2011-02-26T11:16:56.250+0000: 19065.549: [GC 19065.549: [ParNew: 2682842K->175428K(2831168K), 0.2131120 secs] 8634597K->6279821K(12268352K), 0.2134060 secs] [Times: user=2.24 sys=0.01, real=0.21 secs] 
2011-02-26T11:17:06.308+0000: 19075.607: [GC 19075.607: [ParNew: 2692036K->128628K(2831168K), 0.1625950 secs] 8796429K->6362139K(12268352K), 0.1629030 secs] [Times: user=1.65 sys=0.01, real=0.17 secs] 
2011-02-26T11:17:15.702+0000: 19085.002: [GC 19085.002: [ParNew: 2645236K->65784K(2831168K), 0.0998380 secs] 8878747K->6354166K(12268352K), 0.1002040 secs] [Times: user=1.01 sys=0.01, real=0.10 secs] 
2011-02-26T11:17:33.017+0000: 19102.316: [GC 19102.316: [ParNew: 2582392K->99277K(2831168K), 0.1237820 secs] 8870774K->6435164K(12268352K), 0.1240770 secs] [Times: user=1.23 sys=0.00, real=0.13 secs] 
2011-02-26T11:17:48.035+0000: 19117.334: [GC 19117.334: [ParNew: 2615885K->79773K(2831168K), 0.1257090 secs] 8951772K->6489899K(12268352K), 0.1260000 secs] [Times: user=1.38 sys=0.02, real=0.13 secs] 
2011-02-26T11:18:04.480+0000: 19133.779: [GC 19133.780: [ParNew: 2596381K->75858K(2831168K), 0.0908230 secs] 9006507K->6538990K(12268352K), 0.0911230 secs] [Times: user=0.96 sys=0.00, real=0.09 secs] 
2011-02-26T11:18:08.068+0000: 19137.367: [GC 19137.367: [ParNew: 2592466K->48913K(2831168K), 0.0580700 secs] 9055598K->6556138K(12268352K), 0.0583690 secs] [Times: user=0.52 sys=0.00, real=0.05 secs] 
2011-02-26T11:18:28.718+0000: 19158.017: [GC 19158.018: [ParNew: 2565521K->67394K(2831168K), 0.0442480 secs] 9072746K->6579375K(12268352K), 0.0445470 secs] [Times: user=0.56 sys=0.00, real=0.04 secs] 
2011-02-26T11:18:37.401+0000: 19166.700: [GC 19166.700: [ParNew: 2584002K->83646K(2831168K), 0.0993210 secs] 9095983K->6636555K(12268352K), 0.0996280 secs] [Times: user=1.10 sys=0.02, real=0.10 secs] 
2011-02-26T11:18:53.515+0000: 19182.814: [GC 19182.814: [ParNew: 2600254K->145567K(2831168K), 0.1086890 secs] 9153163K->6767256K(12268352K), 0.1089980 secs] [Times: user=1.15 sys=0.00, real=0.11 secs] 
2011-02-26T11:19:04.600+0000: 19193.899: [GC 19193.899: [ParNew: 2662175K->80158K(2831168K), 0.0825110 secs] 9283864K->6745923K(12268352K), 0.0828120 secs] [Times: user=0.92 sys=0.01, real=0.08 secs] 
2011-02-26T11:19:07.642+0000: 19196.941: [GC 19196.942: [ParNew: 2596766K->57085K(2831168K), 0.0906430 secs] 9262531K->6780746K(12268352K), 0.0909400 secs] [Times: user=0.81 sys=0.01, real=0.09 secs] 
2011-02-26T11:19:25.235+0000: 19214.534: [GC 19214.534: [ParNew: 2573693K->80746K(2831168K), 0.0569420 secs] 9297354K->6812136K(12268352K), 0.0571800 secs] [Times: user=0.67 sys=0.03, real=0.06 secs] 
2011-02-26T11:19:34.971+0000: 19224.270: [GC 19224.270: [ParNew: 2597354K->314560K(2831168K), 0.1746490 secs] 9328744K->7108132K(12268352K), 0.1748860 secs] [Times: user=1.86 sys=0.00, real=0.17 secs] 
2011-02-26T11:19:42.607+0000: 19231.906: [GC 19231.906: [ParNew: 2831168K->120422K(2831168K), 0.1607130 secs] 9624740K->7027983K(12268352K), 0.1609440 secs] [Times: user=1.69 sys=0.01, real=0.16 secs] 
2011-02-26T11:19:59.888+0000: 19249.187: [GC 19249.187: [ParNew: 2637030K->184784K(2831168K), 0.1666630 secs] 9544591K->7170006K(12268352K), 0.1669560 secs] [Times: user=1.90 sys=0.00, real=0.16 secs] 
2011-02-26T11:20:10.980+0000: 19260.279: [GC 19260.279: [ParNew: 2701392K->121635K(2831168K), 0.1730830 secs] 9686614K->7239747K(12268352K), 0.1734130 secs] [Times: user=1.72 sys=0.00, real=0.17 secs] 
2011-02-26T11:20:11.155+0000: 19260.454: [GC [1 CMS-initial-mark: 7118112K(9437184K)] 7248745K(12268352K), 0.0799270 secs] [Times: user=0.08 sys=0.00, real=0.08 secs] 
2011-02-26T11:20:11.235+0000: 19260.534: [CMS-concurrent-mark-start]
2011-02-26T11:20:11.843+0000: 19261.142: [CMS-concurrent-mark: 0.606/0.608 secs] [Times: user=3.68 sys=0.56, real=0.61 secs] 
2011-02-26T11:20:11.843+0000: 19261.142: [CMS-concurrent-preclean-start]
2011-02-26T11:20:11.905+0000: 19261.204: [CMS-concurrent-preclean: 0.059/0.062 secs] [Times: user=0.11 sys=0.01, real=0.06 secs] 
2011-02-26T11:20:11.905+0000: 19261.204: [CMS-concurrent-abortable-preclean-start]
 CMS: abort preclean due to time 2011-02-26T11:20:16.967+0000: 19266.266: [CMS-concurrent-abortable-preclean: 5.036/5.062 secs] [Times: user=9.09 sys=1.73, real=5.07 secs] 
2011-02-26T11:20:16.969+0000: 19266.268: [GC[YG occupancy: 2450517 K (2831168 K)]19266.268: [Rescan (parallel) , 1.3907030 secs]19267.659: [weak refs processing, 0.0348070 secs] [1 CMS-remark: 7118112K(9437184K)] 9568629K(12268352K), 1.4257930 secs] [Times: user=15.42 sys=0.04, real=1.42 secs] 
2011-02-26T11:20:18.395+0000: 19267.694: [CMS-concurrent-sweep-start]
2011-02-26T11:20:19.038+0000: 19268.337: [GC 19268.337: [ParNew: 2638243K->54356K(2831168K), 0.0985820 secs] 9468854K->6945999K(12268352K), 0.0988820 secs] [Times: user=0.95 sys=0.00, real=0.10 secs] 
2011-02-26T11:20:33.345+0000: 19282.644: [GC 19282.644: [ParNew: 2570964K->133117K(2831168K), 0.1160640 secs] 7534771K->5132213K(12268352K), 0.1163640 secs] [Times: user=1.37 sys=0.01, real=0.12 secs] 
2011-02-26T11:20:48.738+0000: 19298.037: [GC 19298.037: [ParNew: 2649725K->172745K(2831168K), 0.1544900 secs] 5612559K->3244540K(12268352K), 0.1547960 secs] [Times: user=1.48 sys=0.00, real=0.15 secs] 
2011-02-26T11:21:00.921+0000: 19310.220: [GC 19310.220: [ParNew: 2689353K->48071K(2831168K), 0.0763100 secs] 4291281K->1694052K(12268352K), 0.0766000 secs] [Times: user=0.80 sys=0.00, real=0.07 secs] 
2011-02-26T11:21:02.039+0000: 19311.338: [CMS-concurrent-sweep: 43.092/43.644 secs] [Times: user=90.44 sys=16.42, real=43.65 secs] 
2011-02-26T11:21:02.039+0000: 19311.338: [CMS-concurrent-reset-start]
2011-02-26T11:21:02.060+0000: 19311.359: [CMS-concurrent-reset: 0.021/0.021 secs] [Times: user=0.02 sys=0.00, real=0.02 secs] 
2011-02-26T11:21:10.311+0000: 19319.610: [GC 19319.611: [ParNew: 2564679K->41161K(2831168K), 0.0642070 secs] 3567858K->1074837K(12268352K), 0.0645080 secs] [Times: user=0.53 sys=0.00, real=0.06 secs] 
2011-02-26T11:21:21.478+0000: 19330.777: [GC 19330.777: [ParNew: 2557769K->40195K(2831168K), 0.0462750 secs] 3591445K->1094823K(12268352K), 0.0465160 secs] [Times: user=0.44 sys=0.02, real=0.04 secs] 
2011-02-26T11:21:33.546+0000: 19342.845: [GC 19342.845: [ParNew: 2556803K->87352K(2831168K), 0.0773630 secs] 3611431K->1163750K(12268352K), 0.0775960 secs] [Times: user=0.90 sys=0.00, real=0.08 secs] 
2011-02-26T11:21:51.597+0000: 19360.896: [GC 19360.896: [ParNew: 2604028K->66955K(2831168K), 0.1167420 secs] 3680425K->1214696K(12268352K), 0.1215230 secs] [Times: user=1.16 sys=0.01, real=0.12 secs] 
2011-02-26T11:21:51.721+0000: 19361.020: [GC 19361.020: [ParNew: 71651K->48652K(2831168K), 0.0764370 secs] 1219392K->1244552K(12268352K), 0.0766500 secs] [Times: user=0.62 sys=0.00, real=0.08 secs] 
2011-02-26T11:22:05.392+0000: 19374.691: [GC 19374.691: [ParNew: 2565260K->141386K(2831168K), 0.0503540 secs] 3761160K->1337289K(12268352K), 0.0506370 secs] [Times: user=0.62 sys=0.00, real=0.05 secs] 
2011-02-26T11:22:07.497+0000: 19376.796: [GC 19376.796: [ParNew: 2657994K->31528K(2831168K), 0.0767350 secs] 3853897K->1339313K(12268352K), 0.0770190 secs] [Times: user=0.80 sys=0.00, real=0.08 secs] 
2011-02-26T11:22:18.741+0000: 19388.040: [GC 19388.041: [ParNew: 2548136K->58794K(2831168K), 0.0606260 secs] 3855921K->1375949K(12268352K), 0.0609840 secs] [Times: user=0.55 sys=0.00, real=0.06 secs] 
2011-02-26T11:22:33.420+0000: 19402.719: [GC 19402.719: [ParNew: 2575402K->117094K(2831168K), 0.1418250 secs] 3892557K->1480651K(12268352K), 0.1421390 secs] [Times: user=1.19 sys=0.00, real=0.14 secs] 
2011-02-26T11:22:38.096+0000: 19407.395: [GC 19407.395: [ParNew: 2633702K->248503K(2831168K), 0.1854790 secs] 3997259K->1708146K(12268352K), 0.1857670 secs] [Times: user=1.74 sys=0.00, real=0.19 secs] 
2011-02-26T11:22:41.705+0000: 19411.004: [GC 19411.004: [ParNew: 2765111K->216166K(2831168K), 0.1016520 secs] 4224754K->1739747K(12268352K), 0.1019260 secs] [Times: user=1.10 sys=0.00, real=0.11 secs] 
2011-02-26T11:22:44.090+0000: 19413.389: [GC 19413.389: [ParNew: 2732774K->28740K(2831168K), 0.0712150 secs] 4256355K->1730320K(12268352K), 0.0714640 secs] [Times: user=0.79 sys=0.00, real=0.07 secs] 
2011-02-26T11:22:55.271+0000: 19424.570: [GC 19424.570: [ParNew: 2545348K->103976K(2831168K), 0.0792870 secs] 4246928K->1822807K(12268352K), 0.0795200 secs] [Times: user=0.91 sys=0.01, real=0.08 secs] 
2011-02-26T11:23:08.541+0000: 19437.840: [GC 19437.840: [ParNew: 2620584K->115390K(2831168K), 0.1653040 secs] 4339415K->1927168K(12268352K), 0.1655990 secs] [Times: user=1.49 sys=0.02, real=0.16 secs] 
2011-02-26T11:23:11.218+0000: 19440.517: [GC 19440.517: [ParNew: 2631998K->82722K(2831168K), 0.1206610 secs] 4443776K->1976051K(12268352K), 0.1209500 secs] [Times: user=1.21 sys=0.00, real=0.12 secs] 
2011-02-26T11:23:31.920+0000: 19461.219: [GC 19461.219: [ParNew: 2599330K->136259K(2831168K), 0.1128690 secs] 4492659K->2047865K(12268352K), 0.1131320 secs] [Times: user=1.10 sys=0.00, real=0.11 secs] 
2011-02-26T11:23:44.869+0000: 19474.168: [GC 19474.168: [ParNew: 2652867K->126128K(2831168K), 0.1714080 secs] 4564473K->2152422K(12268352K), 0.1716410 secs] [Times: user=1.87 sys=0.01, real=0.17 secs] 
2011-02-26T11:24:01.178+0000: 19490.477: [GC 19490.477: [ParNew: 2642736K->104723K(2831168K), 0.1340870 secs] 4669030K->2229609K(12268352K), 0.1343190 secs] [Times: user=1.39 sys=0.00, real=0.13 secs] 
2011-02-26T11:24:08.108+0000: 19497.407: [GC 19497.408: [ParNew: 2621331K->41256K(2831168K), 0.0573770 secs] 4746217K->2210724K(12268352K), 0.0576990 secs] [Times: user=0.55 sys=0.01, real=0.05 secs] 
2011-02-26T11:24:20.118+0000: 19509.417: [GC 19509.417: [ParNew: 2557864K->54765K(2831168K), 0.0448760 secs] 4727332K->2234033K(12268352K), 0.0452030 secs] [Times: user=0.52 sys=0.00, real=0.04 secs] 
2011-02-26T11:24:33.449+0000: 19522.748: [GC 19522.748: [ParNew: 2571373K->95969K(2831168K), 0.1065810 secs] 4750641K->2301915K(12268352K), 0.1068870 secs] [Times: user=1.17 sys=0.02, real=0.10 secs] 
2011-02-26T11:24:50.294+0000: 19539.593: [GC 19539.593: [ParNew: 2612577K->62456K(2831168K), 0.1393430 secs] 4818523K->2338399K(12268352K), 0.1395810 secs] [Times: user=1.08 sys=0.00, real=0.14 secs] 
2011-02-26T11:25:05.287+0000: 19554.586: [GC 19554.586: [ParNew: 2579064K->62080K(2831168K), 0.0831500 secs] 4855007K->2383441K(12268352K), 0.0833940 secs] [Times: user=0.86 sys=0.00, real=0.09 secs] 
2011-02-26T11:25:11.032+0000: 19560.331: [GC 19560.331: [ParNew: 2578688K->43433K(2831168K), 0.0525960 secs] 4900049K->2402195K(12268352K), 0.0528430 secs] [Times: user=0.53 sys=0.00, real=0.05 secs] 
2011-02-26T11:25:23.436+0000: 19572.735: [GC 19572.735: [ParNew: 2560041K->108753K(2831168K), 0.0532220 secs] 4918803K->2478646K(12268352K), 0.0534630 secs] [Times: user=0.65 sys=0.00, real=0.06 secs] 
2011-02-26T11:25:34.466+0000: 19583.765: [GC 19583.765: [ParNew: 2625361K->113786K(2831168K), 0.0905920 secs] 4995254K->2513015K(12268352K), 0.0909540 secs] [Times: user=1.06 sys=0.01, real=0.10 secs] 
2011-02-26T11:25:48.128+0000: 19597.427: [GC 19597.427: [ParNew: 2630394K->132929K(2831168K), 0.1454210 secs] 5029623K->2609634K(12268352K), 0.1457170 secs] [Times: user=1.58 sys=0.02, real=0.14 secs] 
2011-02-26T11:25:53.306+0000: 19602.605: [GC 19602.606: [ParNew: 2649537K->112420K(2831168K), 0.1332370 secs] 5126242K->2680966K(12268352K), 0.1335300 secs] [Times: user=1.44 sys=0.00, real=0.14 secs] 
2011-02-26T11:26:05.976+0000: 19615.275: [GC 19615.275: [ParNew: 2629014K->106659K(2831168K), 0.1443600 secs] 5197560K->2739584K(12268352K), 0.1446620 secs] [Times: user=1.65 sys=0.01, real=0.15 secs] 
2011-02-26T11:26:08.994+0000: 19618.293: [GC 19618.293: [ParNew: 2623267K->79578K(2831168K), 0.1153810 secs] 5256192K->2802955K(12268352K), 0.1156790 secs] [Times: user=1.01 sys=0.03, real=0.12 secs] 
2011-02-26T11:26:30.617+0000: 19639.916: [GC 19639.916: [ParNew: 2596186K->124605K(2831168K), 0.0893750 secs] 5319563K->2863426K(12268352K), 0.0896770 secs] [Times: user=1.14 sys=0.00, real=0.09 secs] 
2011-02-26T11:26:40.547+0000: 19649.846: [GC 19649.846: [ParNew: 2641213K->189975K(2831168K), 0.1933990 secs] 5380034K->3037780K(12268352K), 0.1936730 secs] [Times: user=2.13 sys=0.01, real=0.19 secs] 
2011-02-26T11:26:56.735+0000: 19666.034: [GC 19666.034: [ParNew: 2706583K->135835K(2831168K), 0.1779900 secs] 5554388K->3122114K(12268352K), 0.1782850 secs] [Times: user=1.85 sys=0.00, real=0.18 secs] 
2011-02-26T11:27:06.549+0000: 19675.848: [GC 19675.848: [ParNew: 2652443K->58914K(2831168K), 0.0925430 secs] 5638722K->3117439K(12268352K), 0.0928420 secs] [Times: user=0.96 sys=0.00, real=0.09 secs] 
2011-02-26T11:27:12.957+0000: 19682.256: [GC 19682.256: [ParNew: 2575522K->40356K(2831168K), 0.0447920 secs] 5634047K->3117494K(12268352K), 0.0450350 secs] [Times: user=0.51 sys=0.00, real=0.04 secs] 
2011-02-26T11:27:31.941+0000: 19701.240: [GC 19701.240: [ParNew: 2556964K->78857K(2831168K), 0.0667050 secs] 5634102K->3173551K(12268352K), 0.0669470 secs] [Times: user=0.76 sys=0.00, real=0.07 secs] 
2011-02-26T11:27:45.286+0000: 19714.585: [GC 19714.585: [ParNew: 2595465K->96346K(2831168K), 0.1050090 secs] 5690159K->3246637K(12268352K), 0.1053020 secs] [Times: user=1.18 sys=0.00, real=0.11 secs] 
2011-02-26T11:28:01.795+0000: 19731.094: [GC 19731.094: [ParNew: 2612954K->70600K(2831168K), 0.0965810 secs] 5763245K->3281232K(12268352K), 0.0968820 secs] [Times: user=1.06 sys=0.00, real=0.10 secs] 
2011-02-26T11:28:11.379+0000: 19740.678: [GC 19740.678: [ParNew: 2587208K->48703K(2831168K), 0.0661860 secs] 5797840K->3304155K(12268352K), 0.0664270 secs] [Times: user=0.67 sys=0.01, real=0.06 secs] 
2011-02-26T11:28:19.698+0000: 19748.997: [GC 19748.998: [ParNew: 2565311K->20545K(2831168K), 0.0402380 secs] 5820763K->3292728K(12268352K), 0.0404780 secs] [Times: user=0.44 sys=0.00, real=0.04 secs] 
2011-02-26T11:28:32.896+0000: 19762.195: [GC 19762.195: [ParNew: 2537257K->167218K(2831168K), 0.1070830 secs] 5809440K->3452945K(12268352K), 0.1072940 secs] [Times: user=1.06 sys=0.01, real=0.11 secs] 
2011-02-26T11:28:37.597+0000: 19766.896: [GC 19766.896: [ParNew: 2683826K->162042K(2831168K), 0.1148310 secs] 5969553K->3511228K(12268352K), 0.1150670 secs] [Times: user=1.16 sys=0.01, real=0.11 secs] 
2011-02-26T11:28:42.444+0000: 19771.743: [GC 19771.743: [ParNew: 2678650K->57682K(2831168K), 0.0945530 secs] 6027836K->3542370K(12268352K), 0.0947860 secs] [Times: user=0.99 sys=0.00, real=0.10 secs] 
2011-02-26T11:28:52.686+0000: 19781.985: [GC 19781.985: [ParNew: 2574290K->75252K(2831168K), 0.0562710 secs] 6058978K->3575040K(12268352K), 0.0565070 secs] [Times: user=0.67 sys=0.00, real=0.06 secs] 
2011-02-26T11:29:00.979+0000: 19790.278: [GC 19790.278: [ParNew: 2591860K->233160K(2831168K), 0.1382300 secs] 6091648K->3787002K(12268352K), 0.1384590 secs] [Times: user=1.21 sys=0.02, real=0.13 secs] 
2011-02-26T11:29:09.886+0000: 19799.185: [GC 19799.185: [ParNew: 2749768K->66819K(2831168K), 0.1011680 secs] 6303610K->3682505K(12268352K), 0.1014100 secs] [Times: user=1.10 sys=0.00, real=0.11 secs] 
2011-02-26T11:29:18.172+0000: 19807.471: [GC 19807.471: [ParNew: 2583427K->70520K(2831168K), 0.0921300 secs] 6199113K->3739324K(12268352K), 0.0923740 secs] [Times: user=0.99 sys=0.01, real=0.09 secs] 
2011-02-26T11:29:33.099+0000: 19822.398: [GC 19822.398: [ParNew: 2587128K->159156K(2831168K), 0.1530440 secs] 6255932K->3875109K(12268352K), 0.1532840 secs] [Times: user=1.55 sys=0.00, real=0.15 secs] 
2011-02-26T11:29:42.995+0000: 19832.294: [GC 19832.294: [ParNew: 2675764K->118948K(2831168K), 0.1938110 secs] 6391717K->3965042K(12268352K), 0.1940460 secs] [Times: user=1.93 sys=0.03, real=0.20 secs] 
2011-02-26T11:30:00.325+0000: 19849.624: [GC 19849.625: [ParNew: 2635556K->171305K(2831168K), 0.1529040 secs] 6481650K->4103477K(12268352K), 0.1532110 secs] [Times: user=1.57 sys=0.01, real=0.16 secs] 
2011-02-26T11:30:07.315+0000: 19856.614: [GC 19856.614: [ParNew: 2687913K->108235K(2831168K), 0.1403180 secs] 6620085K->4153872K(12268352K), 0.1405590 secs] [Times: user=1.37 sys=0.01, real=0.14 secs] 
2011-02-26T11:30:20.154+0000: 19869.453: [GC 19869.454: [ParNew: 2624843K->37185K(2831168K), 0.0427700 secs] 6670480K->4097775K(12268352K), 0.0430110 secs] [Times: user=0.48 sys=0.00, real=0.05 secs] 
2011-02-26T11:30:33.629+0000: 19882.928: [GC 19882.929: [ParNew: 2553793K->85781K(2831168K), 0.0890240 secs] 6614383K->4171291K(12268352K), 0.0892540 secs] [Times: user=0.99 sys=0.00, real=0.09 secs] 
2011-02-26T11:30:50.884+0000: 19900.183: [GC 19900.183: [ParNew: 2602389K->75205K(2831168K), 0.1180880 secs] 6687899K->4231766K(12268352K), 0.1225310 secs] [Times: user=1.25 sys=0.01, real=0.12 secs] 
2011-02-26T11:31:06.564+0000: 19915.863: [GC 19915.863: [ParNew: 2591813K->59313K(2831168K), 0.0946420 secs] 6748374K->4262339K(12268352K), 0.0949590 secs] [Times: user=0.84 sys=0.02, real=0.10 secs] 
2011-02-26T11:31:13.578+0000: 19922.877: [GC 19922.877: [ParNew: 2575921K->47121K(2831168K), 0.0606220 secs] 6778947K->4285397K(12268352K), 0.0609180 secs] [Times: user=0.68 sys=0.00, real=0.06 secs] 
2011-02-26T11:31:31.045+0000: 19940.344: [GC 19940.344: [ParNew: 2563729K->48850K(2831168K), 0.0564140 secs] 6802005K->4304565K(12268352K), 0.0567160 secs] [Times: user=0.60 sys=0.00, real=0.06 secs] 
2011-02-26T11:31:36.784+0000: 19946.083: [GC 19946.083: [ParNew: 2565473K->150957K(2831168K), 0.0957700 secs] 6821188K->4441120K(12268352K), 0.0960750 secs] [Times: user=1.14 sys=0.01, real=0.10 secs] 
2011-02-26T11:31:51.049+0000: 19960.348: [GC 19960.348: [ParNew: 2667565K->100713K(2831168K), 0.1345640 secs] 6957728K->4453023K(12268352K), 0.1348660 secs] [Times: user=1.38 sys=0.01, real=0.13 secs] 
2011-02-26T11:32:05.579+0000: 19974.878: [GC 19974.878: [ParNew: 2617321K->91167K(2831168K), 0.1151070 secs] 6969631K->4511936K(12268352K), 0.1153550 secs] [Times: user=1.16 sys=0.01, real=0.12 secs] 
2011-02-26T11:32:09.175+0000: 19978.474: [GC 19978.475: [ParNew: 2607775K->65181K(2831168K), 0.0858590 secs] 7028544K->4550017K(12268352K), 0.0860980 secs] [Times: user=0.71 sys=0.02, real=0.09 secs] 
2011-02-26T11:32:15.578+0000: 19984.877: [GC 19984.877: [ParNew: 2581789K->199354K(2831168K), 0.0728290 secs] 7066625K->4695722K(12268352K), 0.0731260 secs] [Times: user=0.81 sys=0.01, real=0.07 secs] 
2011-02-26T11:32:19.056+0000: 19988.355: [GC 19988.355: [ParNew: 2715962K->199924K(2831168K), 0.0947640 secs] 7212330K->4739835K(12268352K), 0.0950560 secs] [Times: user=1.05 sys=0.01, real=0.10 secs] 
2011-02-26T11:32:21.576+0000: 19990.875: [GC 19990.875: [ParNew: 2716532K->29452K(2831168K), 0.0685630 secs] 7256443K->4752052K(12268352K), 0.0688350 secs] [Times: user=0.73 sys=0.01, real=0.07 secs] 
2011-02-26T11:32:31.920+0000: 20001.219: [GC 20001.219: [ParNew: 2546060K->85053K(2831168K), 0.0784740 secs] 7268660K->4820246K(12268352K), 0.0787130 secs] [Times: user=0.87 sys=0.01, real=0.08 secs] 
2011-02-26T11:32:42.772+0000: 20012.071: [GC 20012.071: [ParNew: 2601665K->159797K(2831168K), 0.1660680 secs] 7336858K->4971816K(12268352K), 0.1662990 secs] [Times: user=1.66 sys=0.00, real=0.17 secs] 
2011-02-26T11:33:00.240+0000: 20029.539: [GC 20029.539: [ParNew: 2676405K->160693K(2831168K), 0.1988330 secs] 7488424K->5106905K(12268352K), 0.1991430 secs] [Times: user=2.01 sys=0.00, real=0.20 secs] 
2011-02-26T11:33:08.653+0000: 20037.952: [GC 20037.953: [ParNew: 2677301K->121646K(2831168K), 0.1473470 secs] 7623513K->5191535K(12268352K), 0.1476490 secs] [Times: user=1.46 sys=0.01, real=0.15 secs] 
2011-02-26T11:33:18.220+0000: 20047.519: [GC 20047.519: [ParNew: 2638254K->49446K(2831168K), 0.0760710 secs] 7708143K->5157626K(12268352K), 0.0763640 secs] [Times: user=0.80 sys=0.00, real=0.07 secs] 
2011-02-26T11:33:33.305+0000: 20062.605: [GC 20062.605: [ParNew: 2566054K->86337K(2831168K), 0.1509930 secs] 7674234K->5231850K(12268352K), 0.1513050 secs] [Times: user=1.36 sys=0.01, real=0.15 secs] 
2011-02-26T11:33:49.114+0000: 20078.413: [GC 20078.413: [ParNew: 2602945K->68554K(2831168K), 0.1329890 secs] 7748458K->5284711K(12268352K), 0.1333300 secs] [Times: user=1.27 sys=0.00, real=0.14 secs] 
2011-02-26T11:34:05.001+0000: 20094.300: [GC 20094.300: [ParNew: 2585162K->58845K(2831168K), 0.0838310 secs] 7801319K->5325040K(12268352K), 0.0840830 secs] [Times: user=0.92 sys=0.00, real=0.08 secs] 
2011-02-26T11:34:08.427+0000: 20097.726: [GC 20097.726: [ParNew: 2575453K->45507K(2831168K), 0.0545180 secs] 7841648K->5348213K(12268352K), 0.0547610 secs] [Times: user=0.61 sys=0.02, real=0.06 secs] 
2011-02-26T11:34:28.397+0000: 20117.696: [GC 20117.696: [ParNew: 2562115K->43129K(2831168K), 0.0443030 secs] 7864821K->5354659K(12268352K), 0.0446380 secs] [Times: user=0.59 sys=0.00, real=0.04 secs] 
2011-02-26T11:34:37.204+0000: 20126.503: [GC 20126.503: [ParNew: 2559737K->92588K(2831168K), 0.0972140 secs] 7871267K->5437760K(12268352K), 0.0975050 secs] [Times: user=1.18 sys=0.00, real=0.10 secs] 
2011-02-26T11:34:49.618+0000: 20138.917: [GC 20138.917: [ParNew: 2609196K->147910K(2831168K), 0.1079090 secs] 7954368K->5565847K(12268352K), 0.1082040 secs] [Times: user=1.16 sys=0.00, real=0.10 secs] 
2011-02-26T11:35:04.519+0000: 20153.818: [GC 20153.818: [ParNew: 2664518K->89201K(2831168K), 0.0955660 secs] 8082455K->5546949K(12268352K), 0.0958700 secs] [Times: user=1.07 sys=0.01, real=0.09 secs] 
2011-02-26T11:35:07.677+0000: 20156.976: [GC 20156.976: [ParNew: 2605809K->61920K(2831168K), 0.0844830 secs] 8063557K->5590648K(12268352K), 0.0847860 secs] [Times: user=0.87 sys=0.02, real=0.09 secs] 
2011-02-26T11:35:19.953+0000: 20169.252: [GC 20169.252: [ParNew: 2578528K->85600K(2831168K), 0.0596540 secs] 8107256K->5621657K(12268352K), 0.0599550 secs] [Times: user=0.68 sys=0.01, real=0.06 secs] 
2011-02-26T11:35:33.014+0000: 20182.313: [GC 20182.314: [ParNew: 2602208K->231767K(2831168K), 0.1183740 secs] 8138265K->5814869K(12268352K), 0.1186590 secs] [Times: user=1.14 sys=0.01, real=0.12 secs] 
2011-02-26T11:35:36.191+0000: 20185.490: [GC 20185.490: [ParNew: 2748375K->141702K(2831168K), 0.1418440 secs] 8331477K->5788372K(12268352K), 0.1493310 secs] [Times: user=1.46 sys=0.00, real=0.15 secs] 
2011-02-26T11:35:55.373+0000: 20204.672: [GC 20204.672: [ParNew: 2656414K->199654K(2831168K), 0.1875920 secs] 8303084K->5961405K(12268352K), 0.1878850 secs] [Times: user=2.02 sys=0.03, real=0.19 secs] 
2011-02-26T11:36:05.992+0000: 20215.291: [GC 20215.291: [ParNew: 2716262K->125649K(2831168K), 0.1718840 secs] 8478013K->6021355K(12268352K), 0.1721860 secs] [Times: user=1.66 sys=0.01, real=0.17 secs] 
2011-02-26T11:36:11.295+0000: 20220.594: [GC 20220.594: [ParNew: 2642257K->60477K(2831168K), 0.1100700 secs] 8537963K->6020793K(12268352K), 0.1103740 secs] [Times: user=0.96 sys=0.01, real=0.11 secs] 
2011-02-26T11:36:31.945+0000: 20241.244: [GC 20241.244: [ParNew: 2577085K->110943K(2831168K), 0.1055780 secs] 8537401K->6100724K(12268352K), 0.1059280 secs] [Times: user=1.25 sys=0.01, real=0.11 secs] 
2011-02-26T11:36:44.511+0000: 20253.810: [GC 20253.810: [ParNew: 2627551K->104079K(2831168K), 0.1505450 secs] 8617332K->6196757K(12268352K), 0.1508310 secs] [Times: user=1.58 sys=0.00, real=0.15 secs] 
2011-02-26T11:37:02.635+0000: 20271.934: [GC 20271.935: [ParNew: 2620687K->72880K(2831168K), 0.0982210 secs] 8713365K->6233079K(12268352K), 0.0985040 secs] [Times: user=1.11 sys=0.00, real=0.10 secs] 
2011-02-26T11:37:08.481+0000: 20277.780: [GC 20277.780: [ParNew: 2589488K->51711K(2831168K), 0.0688290 secs] 8749687K->6255597K(12268352K), 0.0691250 secs] [Times: user=0.69 sys=0.00, real=0.07 secs] 
2011-02-26T11:37:20.148+0000: 20289.448: [GC 20289.448: [ParNew: 2568319K->32108K(2831168K), 0.0378980 secs] 8772205K->6246079K(12268352K), 0.0381900 secs] [Times: user=0.43 sys=0.01, real=0.03 secs] 
2011-02-26T11:37:33.507+0000: 20302.806: [GC 20302.807: [ParNew: 2548716K->96150K(2831168K), 0.0917260 secs] 8762687K->6330685K(12268352K), 0.0920270 secs] [Times: user=1.04 sys=0.00, real=0.09 secs] 
2011-02-26T11:37:50.770+0000: 20320.069: [GC 20320.069: [ParNew: 2612758K->74437K(2831168K), 0.1258150 secs] 8847293K->6374515K(12268352K), 0.1261490 secs] [Times: user=1.17 sys=0.01, real=0.12 secs] 
2011-02-26T11:38:01.722+0000: 20331.021: [GC 20331.021: [ParNew: 2591045K->133943K(2831168K), 0.0824420 secs] 8891123K->6484246K(12268352K), 0.0827280 secs] [Times: user=0.92 sys=0.00, real=0.08 secs] 
2011-02-26T11:38:08.844+0000: 20338.143: [GC 20338.144: [ParNew: 2650551K->49417K(2831168K), 0.0765140 secs] 9000854K->6441440K(12268352K), 0.0767510 secs] [Times: user=0.77 sys=0.00, real=0.08 secs] 
2011-02-26T11:38:15.590+0000: 20344.889: [GC 20344.889: [ParNew: 2566025K->42632K(2831168K), 0.0544100 secs] 8958048K->6461414K(12268352K), 0.0546530 secs] [Times: user=0.53 sys=0.00, real=0.05 secs] 
2011-02-26T11:38:32.255+0000: 20361.554: [GC 20361.554: [ParNew: 2559240K->183025K(2831168K), 0.0954970 secs] 8978022K->6626616K(12268352K), 0.0958100 secs] [Times: user=1.05 sys=0.00, real=0.10 secs] 
2011-02-26T11:38:36.082+0000: 20365.381: [GC 20365.381: [ParNew: 2699633K->261577K(2831168K), 0.1497640 secs] 9143224K->6853839K(12268352K), 0.1500400 secs] [Times: user=1.65 sys=0.00, real=0.15 secs] 
2011-02-26T11:38:46.080+0000: 20375.379: [GC 20375.379: [ParNew: 2778185K->106228K(2831168K), 0.1441700 secs] 9370447K->6785729K(12268352K), 0.1444060 secs] [Times: user=1.47 sys=0.00, real=0.14 secs] 
2011-02-26T11:39:04.017+0000: 20393.316: [GC 20393.317: [ParNew: 2622836K->158683K(2831168K), 0.1591160 secs] 9302337K->6913501K(12268352K), 0.1593570 secs] [Times: user=1.74 sys=0.01, real=0.15 secs] 
2011-02-26T11:39:08.789+0000: 20398.088: [GC 20398.088: [ParNew: 2675291K->120175K(2831168K), 0.1760060 secs] 9430109K->7010311K(12268352K), 0.1809520 secs] [Times: user=1.44 sys=0.01, real=0.18 secs] 
2011-02-26T11:39:20.879+0000: 20410.178: [GC 20410.178: [ParNew: 2636783K->78053K(2831168K), 0.0692990 secs] 9526919K->6987099K(12268352K), 0.0695920 secs] [Times: user=0.80 sys=0.02, real=0.07 secs] 
2011-02-26T11:39:33.488+0000: 20422.788: [GC 20422.788: [ParNew: 2594661K->153308K(2831168K), 0.1445460 secs] 9503707K->7126198K(12268352K), 0.1449250 secs] [Times: user=1.59 sys=0.00, real=0.14 secs] 
2011-02-26T11:39:51.125+0000: 20440.424: [GC 20440.424: [ParNew: 2669916K->105781K(2831168K), 0.1635340 secs] 9642806K->7200043K(12268352K), 0.1638660 secs] [Times: user=1.68 sys=0.01, real=0.17 secs] 
2011-02-26T11:39:51.290+0000: 20440.590: [GC [1 CMS-initial-mark: 7094262K(9437184K)] 7200688K(12268352K), 0.0525320 secs] [Times: user=0.03 sys=0.02, real=0.05 secs] 
2011-02-26T11:39:51.343+0000: 20440.642: [CMS-concurrent-mark-start]
2011-02-26T11:39:52.019+0000: 20441.318: [CMS-concurrent-mark: 0.674/0.676 secs] [Times: user=3.38 sys=0.22, real=0.68 secs] 
2011-02-26T11:39:52.019+0000: 20441.318: [CMS-concurrent-preclean-start]
2011-02-26T11:39:52.072+0000: 20441.371: [CMS-concurrent-preclean: 0.049/0.052 secs] [Times: user=0.07 sys=0.00, real=0.05 secs] 
2011-02-26T11:39:52.072+0000: 20441.371: [CMS-concurrent-abortable-preclean-start]
 CMS: abort preclean due to time 2011-02-26T11:39:57.149+0000: 20446.448: [CMS-concurrent-abortable-preclean: 5.043/5.077 secs] [Times: user=9.33 sys=1.71, real=5.08 secs] 
2011-02-26T11:39:57.150+0000: 20446.449: [GC[YG occupancy: 998732 K (2831168 K)]20446.450: [Rescan (parallel) , 0.1483020 secs]20446.598: [weak refs processing, 0.0269920 secs] [1 CMS-remark: 7094262K(9437184K)] 8092995K(12268352K), 0.1755140 secs] [Times: user=1.85 sys=0.00, real=0.17 secs] 
2011-02-26T11:39:57.326+0000: 20446.625: [CMS-concurrent-sweep-start]
2011-02-26T11:40:05.390+0000: 20454.689: [GC 20454.689: [ParNew: 2622389K->55501K(2831168K), 0.0858070 secs] 8788759K->6269876K(12268352K), 0.0860510 secs] [Times: user=0.82 sys=0.01, real=0.08 secs] 
2011-02-26T11:40:08.822+0000: 20458.121: [GC 20458.121: [ParNew: 2572109K->39316K(2831168K), 0.0514950 secs] 8470579K->5972929K(12268352K), 0.0517300 secs] [Times: user=0.49 sys=0.00, real=0.05 secs] 
2011-02-26T11:40:29.553+0000: 20478.852: [GC 20478.852: [ParNew: 2555924K->88742K(2831168K), 0.0452510 secs] 6686414K->4224251K(12268352K), 0.0455350 secs] [Times: user=0.52 sys=0.01, real=0.05 secs] 
2011-02-26T11:40:37.452+0000: 20486.751: [GC 20486.751: [ParNew: 2605350K->87005K(2831168K), 0.0961620 secs] 6063292K->3585839K(12268352K), 0.0963920 secs] [Times: user=1.09 sys=0.00, real=0.10 secs] 
2011-02-26T11:40:56.207+0000: 20505.506: [GC 20505.506: [ParNew: 2603613K->75249K(2831168K), 0.1108990 secs] 4479359K->2019216K(12268352K), 0.1111950 secs] [Times: user=1.21 sys=0.01, real=0.12 secs] 
2011-02-26T11:41:04.967+0000: 20514.266: [CMS-concurrent-sweep: 67.094/67.640 secs] [Times: user=126.37 sys=23.22, real=67.64 secs] 
2011-02-26T11:41:04.967+0000: 20514.266: [CMS-concurrent-reset-start]
2011-02-26T11:41:04.992+0000: 20514.291: [CMS-concurrent-reset: 0.025/0.025 secs] [Times: user=0.04 sys=0.02, real=0.03 secs] 
2011-02-26T11:41:06.480+0000: 20515.779: [GC 20515.779: [ParNew: 2591857K->53738K(2831168K), 0.0653330 secs] 3656543K->1163922K(12268352K), 0.0656360 secs] [Times: user=0.66 sys=0.00, real=0.06 secs] 
2011-02-26T11:41:11.941+0000: 20521.240: [GC 20521.241: [ParNew: 2570346K->113141K(2831168K), 0.0525600 secs] 3680530K->1245758K(12268352K), 0.0527990 secs] [Times: user=0.59 sys=0.01, real=0.05 secs] 
2011-02-26T11:41:17.893+0000: 20527.192: [GC 20527.192: [ParNew: 2629749K->111142K(2831168K), 0.0594140 secs] 3762366K->1260131K(12268352K), 0.0597320 secs] [Times: user=0.66 sys=0.01, real=0.06 secs] 
2011-02-26T11:41:22.679+0000: 20531.978: [GC 20531.978: [ParNew: 2627750K->29854K(2831168K), 0.0661860 secs] 3776739K->1281962K(12268352K), 0.0665040 secs] [Times: user=0.66 sys=0.00, real=0.06 secs] 
2011-02-26T11:41:32.539+0000: 20541.838: [GC 20541.838: [ParNew: 2546462K->64040K(2831168K), 0.0727090 secs] 3798570K->1334284K(12268352K), 0.0729330 secs] [Times: user=0.80 sys=0.00, real=0.07 secs] 
2011-02-26T11:41:44.466+0000: 20553.765: [GC 20553.765: [ParNew: 2547877K->203617K(2831168K), 0.1363040 secs] 3818120K->1530779K(12268352K), 0.1365900 secs] [Times: user=1.39 sys=0.00, real=0.14 secs] 
2011-02-26T11:41:48.829+0000: 20558.128: [GC 20558.128: [ParNew: 2718712K->170335K(2831168K), 0.1779380 secs] 4045874K->1595140K(12268352K), 0.1782330 secs] [Times: user=1.46 sys=0.01, real=0.18 secs] 
2011-02-26T11:41:51.095+0000: 20560.394: [GC 20560.394: [ParNew: 2686943K->136027K(2831168K), 0.1589880 secs] 4111748K->1694584K(12268352K), 0.1593210 secs] [Times: user=1.37 sys=0.02, real=0.16 secs] 
2011-02-26T11:41:53.519+0000: 20562.818: [GC 20562.818: [ParNew: 2652641K->26727K(2831168K), 0.0685500 secs] 4211198K->1682777K(12268352K), 0.0687950 secs] [Times: user=0.64 sys=0.00, real=0.07 secs] 
2011-02-26T11:41:53.589+0000: 20562.888: [GC 20562.888: [ParNew: 26958K->10987K(2831168K), 0.0413120 secs] 1683007K->1687189K(12268352K), 0.0414880 secs] [Times: user=0.31 sys=0.00, real=0.04 secs] 
2011-02-26T11:42:05.323+0000: 20574.622: [GC 20574.623: [ParNew: 2527595K->89474K(2831168K), 0.0615060 secs] 4203797K->1765677K(12268352K), 0.0617430 secs] [Times: user=0.71 sys=0.00, real=0.06 secs] 
2011-02-26T11:42:08.891+0000: 20578.190: [GC 20578.190: [ParNew: 2606082K->66455K(2831168K), 0.1056570 secs] 4282285K->1828726K(12268352K), 0.1058910 secs] [Times: user=1.02 sys=0.01, real=0.10 secs] 
2011-02-26T11:42:30.635+0000: 20599.934: [GC 20599.934: [ParNew: 2583063K->151987K(2831168K), 0.0890560 secs] 4345334K->1932920K(12268352K), 0.0892930 secs] [Times: user=1.07 sys=0.02, real=0.09 secs] 
2011-02-26T11:42:40.298+0000: 20609.597: [GC 20609.597: [ParNew: 2668595K->170419K(2831168K), 0.1842690 secs] 4449528K->2059048K(12268352K), 0.1845010 secs] [Times: user=1.98 sys=0.01, real=0.18 secs] 
2011-02-26T11:42:57.546+0000: 20626.845: [GC 20626.845: [ParNew: 2687027K->121441K(2831168K), 0.1794420 secs] 4575656K->2144149K(12268352K), 0.1797600 secs] [Times: user=1.83 sys=0.00, real=0.18 secs] 
2011-02-26T11:43:07.058+0000: 20636.357: [GC 20636.357: [ParNew: 2638049K->53054K(2831168K), 0.0847390 secs] 4660757K->2135328K(12268352K), 0.0850370 secs] [Times: user=0.86 sys=0.00, real=0.08 secs] 
2011-02-26T11:43:14.739+0000: 20644.038: [GC 20644.039: [ParNew: 2569662K->22548K(2831168K), 0.0455610 secs] 4651936K->2126530K(12268352K), 0.0457990 secs] [Times: user=0.53 sys=0.00, real=0.04 secs] 
2011-02-26T11:43:32.919+0000: 20662.218: [GC 20662.218: [ParNew: 2539156K->107887K(2831168K), 0.0790480 secs] 4643138K->2227106K(12268352K), 0.0792760 secs] [Times: user=0.90 sys=0.00, real=0.08 secs] 
2011-02-26T11:43:47.339+0000: 20676.639: [GC 20676.639: [ParNew: 2624495K->79459K(2831168K), 0.1155160 secs] 4743714K->2261309K(12268352K), 0.1157480 secs] [Times: user=1.19 sys=0.00, real=0.11 secs] 
2011-02-26T11:44:04.662+0000: 20693.961: [GC 20693.962: [ParNew: 2596067K->71337K(2831168K), 0.1055700 secs] 4777917K->2308339K(12268352K), 0.1058070 secs] [Times: user=1.19 sys=0.00, real=0.11 secs] 
2011-02-26T11:44:08.823+0000: 20698.122: [GC 20698.123: [ParNew: 2587945K->50240K(2831168K), 0.0583080 secs] 4824947K->2330385K(12268352K), 0.0585410 secs] [Times: user=0.63 sys=0.01, real=0.06 secs] 
2011-02-26T11:44:24.913+0000: 20714.212: [GC 20714.213: [ParNew: 2566848K->65062K(2831168K), 0.0433200 secs] 4846993K->2351549K(12268352K), 0.0435560 secs] [Times: user=0.52 sys=0.00, real=0.05 secs] 
2011-02-26T11:44:33.340+0000: 20722.639: [GC 20722.639: [ParNew: 2581670K->135483K(2831168K), 0.0768600 secs] 4868157K->2453733K(12268352K), 0.0770890 secs] [Times: user=0.82 sys=0.00, real=0.07 secs] 
2011-02-26T11:44:44.453+0000: 20733.752: [GC 20733.752: [ParNew: 2652091K->128930K(2831168K), 0.1139750 secs] 4970341K->2492390K(12268352K), 0.1142080 secs] [Times: user=1.26 sys=0.01, real=0.12 secs] 
2011-02-26T11:44:55.762+0000: 20745.061: [GC 20745.061: [ParNew: 2645538K->250025K(2831168K), 0.1637220 secs] 5008998K->2718034K(12268352K), 0.1639720 secs] [Times: user=1.69 sys=0.02, real=0.16 secs] 
2011-02-26T11:45:05.181+0000: 20754.480: [GC 20754.480: [ParNew: 2766633K->97890K(2831168K), 0.1379680 secs] 5234642K->2638100K(12268352K), 0.1382070 secs] [Times: user=1.48 sys=0.01, real=0.14 secs] 
2011-02-26T11:45:10.647+0000: 20759.946: [GC 20759.946: [ParNew: 2614498K->75022K(2831168K), 0.1236020 secs] 5154708K->2688344K(12268352K), 0.1239090 secs] [Times: user=1.18 sys=0.00, real=0.13 secs] 
2011-02-26T11:45:26.305+0000: 20775.604: [GC 20775.604: [ParNew: 2591630K->102090K(2831168K), 0.0894380 secs] 5204952K->2750545K(12268352K), 0.0897340 secs] [Times: user=1.05 sys=0.00, real=0.09 secs] 
2011-02-26T11:45:36.142+0000: 20785.441: [GC 20785.441: [ParNew: 2618698K->162945K(2831168K), 0.1578560 secs] 5267153K->2890990K(12268352K), 0.1581440 secs] [Times: user=1.77 sys=0.00, real=0.16 secs] 
2011-02-26T11:45:55.261+0000: 20804.560: [GC 20804.560: [ParNew: 2679553K->151566K(2831168K), 0.2009220 secs] 5407598K->3020763K(12268352K), 0.2012240 secs] [Times: user=2.12 sys=0.00, real=0.20 secs] 
2011-02-26T11:46:07.476+0000: 20816.775: [GC 20816.775: [ParNew: 2668140K->115523K(2831168K), 0.1367470 secs] 5537337K->3097206K(12268352K), 0.1370490 secs] [Times: user=1.45 sys=0.01, real=0.14 secs] 
2011-02-26T11:46:12.390+0000: 20821.689: [GC 20821.689: [ParNew: 2632131K->36401K(2831168K), 0.0452330 secs] 5613814K->3046543K(12268352K), 0.0455110 secs] [Times: user=0.43 sys=0.00, real=0.04 secs] 
2011-02-26T11:46:32.075+0000: 20841.374: [GC 20841.375: [ParNew: 2553009K->91238K(2831168K), 0.0679090 secs] 5563151K->3112371K(12268352K), 0.0681640 secs] [Times: user=0.87 sys=0.00, real=0.07 secs] 
2011-02-26T11:46:45.324+0000: 20854.623: [GC 20854.623: [ParNew: 2607846K->97731K(2831168K), 0.1045250 secs] 5628979K->3173527K(12268352K), 0.1047550 secs] [Times: user=1.17 sys=0.01, real=0.11 secs] 
2011-02-26T11:47:02.927+0000: 20872.226: [GC 20872.226: [ParNew: 2614339K->65383K(2831168K), 0.0964830 secs] 5690135K->3200393K(12268352K), 0.0967260 secs] [Times: user=1.09 sys=0.00, real=0.10 secs] 
2011-02-26T11:47:08.024+0000: 20877.323: [GC 20877.323: [ParNew: 2581991K->49460K(2831168K), 0.0611260 secs] 5717001K->3228093K(12268352K), 0.0613590 secs] [Times: user=0.67 sys=0.00, real=0.06 secs] 
2011-02-26T11:47:20.448+0000: 20889.748: [GC 20889.748: [ParNew: 2566068K->39400K(2831168K), 0.0380330 secs] 5744701K->3229158K(12268352K), 0.0383440 secs] [Times: user=0.44 sys=0.00, real=0.03 secs] 
2011-02-26T11:47:31.931+0000: 20901.230: [GC 20901.230: [ParNew: 2556008K->58829K(2831168K), 0.0732800 secs] 5745766K->3273514K(12268352K), 0.0736060 secs] [Times: user=0.74 sys=0.01, real=0.07 secs] 
2011-02-26T11:47:36.101+0000: 20905.400: [GC 20905.401: [ParNew: 2575437K->157034K(2831168K), 0.0988460 secs] 5790122K->3407834K(12268352K), 0.0991020 secs] [Times: user=1.00 sys=0.00, real=0.10 secs] 
2011-02-26T11:47:53.331+0000: 20922.630: [GC 20922.630: [ParNew: 2673642K->116898K(2831168K), 0.1191820 secs] 5924442K->3430105K(12268352K), 0.1194730 secs] [Times: user=1.31 sys=0.00, real=0.12 secs] 
2011-02-26T11:48:05.841+0000: 20935.140: [GC 20935.141: [ParNew: 2633493K->79348K(2831168K), 0.1207810 secs] 5946699K->3471911K(12268352K), 0.1210760 secs] [Times: user=1.19 sys=0.01, real=0.12 secs] 
2011-02-26T11:48:08.822+0000: 20938.121: [GC 20938.121: [ParNew: 2595965K->134200K(2831168K), 0.0688830 secs] 5988527K->3581712K(12268352K), 0.0691140 secs] [Times: user=0.67 sys=0.00, real=0.07 secs] 
2011-02-26T11:48:08.893+0000: 20938.192: [GC 20938.192: [ParNew: 136538K->14667K(2831168K), 0.0405940 secs] 3584050K->3551763K(12268352K), 0.0407690 secs] [Times: user=0.49 sys=0.00, real=0.04 secs] 
2011-02-26T11:48:12.186+0000: 20941.485: [GC 20941.485: [ParNew: 2531275K->120621K(2831168K), 0.0665830 secs] 6068371K->3657720K(12268352K), 0.0668180 secs] [Times: user=0.88 sys=0.01, real=0.07 secs] 
2011-02-26T11:48:32.445+0000: 20961.744: [GC 20961.745: [ParNew: 2637229K->154331K(2831168K), 0.1802170 secs] 6174328K->3735338K(12268352K), 0.1805340 secs] [Times: user=1.72 sys=0.00, real=0.18 secs] 
2011-02-26T11:48:45.143+0000: 20974.442: [GC 20974.442: [ParNew: 2670939K->180305K(2831168K), 0.2154900 secs] 6251946K->3898744K(12268352K), 0.2157230 secs] [Times: user=2.14 sys=0.01, real=0.22 secs] 
2011-02-26T11:49:02.999+0000: 20992.298: [GC 20992.298: [ParNew: 2696913K->157439K(2831168K), 0.1990290 secs] 6415352K->4008615K(12268352K), 0.1993640 secs] [Times: user=2.13 sys=0.02, real=0.20 secs] 
2011-02-26T11:49:09.048+0000: 20998.347: [GC 20998.347: [ParNew: 2674007K->119685K(2831168K), 0.1483670 secs] 6525182K->4087920K(12268352K), 0.1486090 secs] [Times: user=1.41 sys=0.00, real=0.15 secs] 
2011-02-26T11:49:19.986+0000: 21009.285: [GC 21009.285: [ParNew: 2636293K->47046K(2831168K), 0.0594260 secs] 6604528K->4038926K(12268352K), 0.0597340 secs] [Times: user=0.63 sys=0.01, real=0.06 secs] 
2011-02-26T11:49:33.798+0000: 21023.097: [GC 21023.098: [ParNew: 2563654K->86235K(2831168K), 0.1176580 secs] 6555534K->4102884K(12268352K), 0.1179680 secs] [Times: user=1.06 sys=0.02, real=0.11 secs] 
2011-02-26T11:49:50.042+0000: 21039.341: [GC 21039.342: [ParNew: 2602843K->63455K(2831168K), 0.1158540 secs] 6619492K->4149205K(12268352K), 0.1161450 secs] [Times: user=1.19 sys=0.01, real=0.12 secs] 
2011-02-26T11:50:05.089+0000: 21054.388: [GC 21054.389: [ParNew: 2580030K->62547K(2831168K), 0.0829460 secs] 6665780K->4193848K(12268352K), 0.0832480 secs] [Times: user=0.92 sys=0.00, real=0.08 secs] 
2011-02-26T11:50:08.906+0000: 21058.205: [GC 21058.205: [ParNew: 2579155K->40162K(2831168K), 0.0521690 secs] 6710456K->4206857K(12268352K), 0.0524090 secs] [Times: user=0.60 sys=0.00, real=0.06 secs] 
2011-02-26T11:50:25.701+0000: 21075.000: [GC 21075.000: [ParNew: 2556770K->58988K(2831168K), 0.0411880 secs] 6723465K->4231513K(12268352K), 0.0415110 secs] [Times: user=0.48 sys=0.00, real=0.04 secs] 
2011-02-26T11:50:36.164+0000: 21085.463: [GC 21085.463: [ParNew: 2575596K->87165K(2831168K), 0.0821490 secs] 6748121K->4292391K(12268352K), 0.0823840 secs] [Times: user=0.95 sys=0.00, real=0.08 secs] 
2011-02-26T11:50:47.936+0000: 21097.235: [GC 21097.235: [ParNew: 2603773K->65315K(2831168K), 0.1191090 secs] 6808999K->4338309K(12268352K), 0.1193190 secs] [Times: user=1.22 sys=0.02, real=0.12 secs] 
2011-02-26T11:51:04.472+0000: 21113.771: [GC 21113.771: [ParNew: 2581923K->106939K(2831168K), 0.0993740 secs] 6854917K->4424944K(12268352K), 0.0996990 secs] [Times: user=1.08 sys=0.01, real=0.10 secs] 
2011-02-26T11:51:07.072+0000: 21116.371: [GC 21116.371: [ParNew: 2623486K->71770K(2831168K), 0.0868750 secs] 6941491K->4467863K(12268352K), 0.0908430 secs] [Times: user=0.90 sys=0.00, real=0.09 secs] 
2011-02-26T11:51:18.800+0000: 21128.099: [GC 21128.099: [ParNew: 2588378K->74355K(2831168K), 0.0478080 secs] 6984471K->4477878K(12268352K), 0.0481120 secs] [Times: user=0.53 sys=0.00, real=0.05 secs] 
2011-02-26T11:51:29.412+0000: 21138.711: [GC 21138.711: [ParNew: 2590963K->227352K(2831168K), 0.1025130 secs] 6994486K->4676860K(12268352K), 0.1028020 secs] [Times: user=1.17 sys=0.01, real=0.10 secs] 
2011-02-26T11:51:32.343+0000: 21141.642: [GC 21141.642: [ParNew: 2743960K->236518K(2831168K), 0.1098370 secs] 7193468K->4740300K(12268352K), 0.1101260 secs] [Times: user=1.03 sys=0.00, real=0.11 secs] 
2011-02-26T11:51:34.076+0000: 21143.375: [GC 21143.376: [ParNew: 2753126K->104201K(2831168K), 0.1171000 secs] 7256908K->4816392K(12268352K), 0.1173870 secs] [Times: user=1.32 sys=0.03, real=0.12 secs] 
2011-02-26T11:51:37.094+0000: 21146.393: [GC 21146.393: [ParNew: 2620809K->66101K(2831168K), 0.1424770 secs] 7333000K->4849214K(12268352K), 0.1428290 secs] [Times: user=0.95 sys=0.01, real=0.15 secs] 
2011-02-26T11:51:55.891+0000: 21165.190: [GC 21165.190: [ParNew: 2582709K->145055K(2831168K), 0.1114660 secs] 7365822K->4959485K(12268352K), 0.1117900 secs] [Times: user=1.26 sys=0.01, real=0.11 secs] 
2011-02-26T11:52:05.956+0000: 21175.255: [GC 21175.255: [ParNew: 2661663K->110744K(2831168K), 0.1619880 secs] 7476093K->5052304K(12268352K), 0.1623280 secs] [Times: user=1.59 sys=0.00, real=0.17 secs] 
2011-02-26T11:52:09.204+0000: 21178.503: [GC 21178.503: [ParNew: 2627352K->47975K(2831168K), 0.0772380 secs] 7568912K->5044826K(12268352K), 0.0775530 secs] [Times: user=0.79 sys=0.01, real=0.08 secs] 
2011-02-26T11:52:31.424+0000: 21200.723: [GC 21200.723: [ParNew: 2564583K->109904K(2831168K), 0.0882440 secs] 7561434K->5120667K(12268352K), 0.0885340 secs] [Times: user=1.05 sys=0.00, real=0.09 secs] 
2011-02-26T11:52:42.676+0000: 21211.975: [GC 21211.975: [ParNew: 2626512K->95980K(2831168K), 0.1471240 secs] 7637275K->5205363K(12268352K), 0.1474120 secs] [Times: user=1.56 sys=0.01, real=0.15 secs] 
2011-02-26T11:52:59.828+0000: 21229.127: [GC 21229.127: [ParNew: 2612588K->76964K(2831168K), 0.1074800 secs] 7721971K->5254313K(12268352K), 0.1077200 secs] [Times: user=1.20 sys=0.00, real=0.10 secs] 
2011-02-26T11:53:06.608+0000: 21235.907: [GC 21235.907: [ParNew: 2593572K->56826K(2831168K), 0.0726470 secs] 7770921K->5279957K(12268352K), 0.0728820 secs] [Times: user=0.76 sys=0.01, real=0.08 secs] 
2011-02-26T11:53:13.108+0000: 21242.407: [GC 21242.407: [ParNew: 2573434K->18905K(2831168K), 0.0380230 secs] 7796565K->5253454K(12268352K), 0.0382580 secs] [Times: user=0.46 sys=0.01, real=0.03 secs] 
2011-02-26T11:53:32.424+0000: 21261.723: [GC 21261.723: [ParNew: 2535513K->59753K(2831168K), 0.0993850 secs] 7770062K->5307080K(12268352K), 0.0996440 secs] [Times: user=0.84 sys=0.00, real=0.10 secs] 
2011-02-26T11:53:45.410+0000: 21274.709: [GC 21274.709: [ParNew: 2576361K->84397K(2831168K), 0.1459290 secs] 7823688K->5381133K(12268352K), 0.1461600 secs] [Times: user=1.01 sys=0.02, real=0.14 secs] 
2011-02-26T11:53:55.526+0000: 21284.825: [GC 21284.825: [ParNew: 2601005K->147429K(2831168K), 0.1159400 secs] 7897741K->5507330K(12268352K), 0.1161750 secs] [Times: user=1.11 sys=0.00, real=0.12 secs] 
2011-02-26T11:54:00.828+0000: 21290.127: [GC 21290.127: [ParNew: 2664037K->129261K(2831168K), 0.0758290 secs] 8023938K->5533833K(12268352K), 0.0760610 secs] [Times: user=0.82 sys=0.00, real=0.07 secs] 
2011-02-26T11:54:05.341+0000: 21294.640: [GC 21294.640: [ParNew: 2645869K->42356K(2831168K), 0.0763750 secs] 8050441K->5554279K(12268352K), 0.0766150 secs] [Times: user=0.70 sys=0.00, real=0.08 secs] 
2011-02-26T11:54:09.211+0000: 21298.510: [GC 21298.511: [ParNew: 2558964K->99519K(2831168K), 0.0543700 secs] 8070887K->5630039K(12268352K), 0.0546830 secs] [Times: user=0.52 sys=0.00, real=0.05 secs] 
2011-02-26T11:54:13.188+0000: 21302.487: [GC 21302.487: [ParNew: 2616127K->22269K(2831168K), 0.0524700 secs] 8146647K->5645761K(12268352K), 0.0527930 secs] [Times: user=0.52 sys=0.00, real=0.05 secs] 
2011-02-26T11:54:18.180+0000: 21307.479: [GC 21307.479: [ParNew: 2538877K->16977K(2831168K), 0.0397790 secs] 8162369K->5656133K(12268352K), 0.0400660 secs] [Times: user=0.36 sys=0.00, real=0.05 secs] 
2011-02-26T11:54:24.082+0000: 21313.381: [GC 21313.381: [ParNew: 2533585K->25543K(2831168K), 0.0450070 secs] 8172741K->5676576K(12268352K), 0.0453370 secs] [Times: user=0.45 sys=0.00, real=0.05 secs] 
2011-02-26T11:54:30.889+0000: 21320.188: [GC 21320.188: [ParNew: 2542151K->54171K(2831168K), 0.0466680 secs] 8193184K->5722276K(12268352K), 0.0469010 secs] [Times: user=0.52 sys=0.00, real=0.04 secs] 
2011-02-26T11:54:35.025+0000: 21324.324: [GC 21324.324: [ParNew: 2570742K->227234K(2831168K), 0.0769350 secs] 8238848K->5923021K(12268352K), 0.0772210 secs] [Times: user=0.89 sys=0.01, real=0.08 secs] 
2011-02-26T11:54:37.251+0000: 21326.550: [GC 21326.550: [ParNew: 2743842K->87878K(2831168K), 0.1184870 secs] 8439629K->5990985K(12268352K), 0.1187710 secs] [Times: user=1.28 sys=0.03, real=0.12 secs] 
2011-02-26T11:54:47.296+0000: 21336.596: [GC 21336.596: [ParNew: 2604486K->197287K(2831168K), 0.1475650 secs] 8507593K->6172130K(12268352K), 0.1479120 secs] [Times: user=1.54 sys=0.00, real=0.15 secs] 
2011-02-26T11:54:53.524+0000: 21342.823: [GC 21342.823: [ParNew: 2713895K->72456K(2831168K), 0.1162840 secs] 8688738K->6198031K(12268352K), 0.1165850 secs] [Times: user=1.29 sys=0.03, real=0.12 secs] 
2011-02-26T11:55:00.320+0000: 21349.619: [GC 21349.619: [ParNew: 2589064K->71268K(2831168K), 0.0931650 secs] 8714639K->6244871K(12268352K), 0.0934650 secs] [Times: user=1.04 sys=0.00, real=0.09 secs] 
2011-02-26T11:55:06.507+0000: 21355.806: [GC 21355.806: [ParNew: 2587833K->63683K(2831168K), 0.0823420 secs] 8761437K->6285679K(12268352K), 0.0826410 secs] [Times: user=0.81 sys=0.01, real=0.09 secs] 
2011-02-26T11:55:09.528+0000: 21358.827: [GC 21358.828: [ParNew: 2580291K->31340K(2831168K), 0.0523910 secs] 8802287K->6285908K(12268352K), 0.0526910 secs] [Times: user=0.57 sys=0.01, real=0.05 secs] 
2011-02-26T11:55:16.072+0000: 21365.371: [GC 21365.371: [ParNew: 2547948K->48801K(2831168K), 0.0526380 secs] 8802516K->6320425K(12268352K), 0.0529340 secs] [Times: user=0.62 sys=0.00, real=0.05 secs] 
2011-02-26T11:55:27.233+0000: 21376.532: [GC 21376.532: [ParNew: 2565409K->62850K(2831168K), 0.0765590 secs] 8837033K->6368361K(12268352K), 0.0768330 secs] [Times: user=0.86 sys=0.00, real=0.08 secs] 
2011-02-26T11:55:32.509+0000: 21381.808: [GC 21381.808: [ParNew: 2579458K->83865K(2831168K), 0.0955970 secs] 8884969K->6432364K(12268352K), 0.0958860 secs] [Times: user=1.10 sys=0.00, real=0.09 secs] 
2011-02-26T11:55:37.669+0000: 21386.968: [GC 21386.968: [ParNew: 2600473K->71102K(2831168K), 0.1040880 secs] 8948972K->6482220K(12268352K), 0.1043790 secs] [Times: user=1.05 sys=0.01, real=0.10 secs] 
2011-02-26T11:55:45.228+0000: 21394.528: [GC 21394.528: [ParNew: 2587710K->50829K(2831168K), 0.0754610 secs] 8998828K->6509681K(12268352K), 0.0757460 secs] [Times: user=0.80 sys=0.01, real=0.07 secs] 
2011-02-26T11:55:52.072+0000: 21401.371: [GC 21401.371: [ParNew: 2567437K->54958K(2831168K), 0.0457690 secs] 9026289K->6527772K(12268352K), 0.0460750 secs] [Times: user=0.48 sys=0.01, real=0.05 secs] 
2011-02-26T11:55:58.909+0000: 21408.208: [GC 21408.208: [ParNew: 2571566K->22252K(2831168K), 0.0591550 secs] 9044380K->6515647K(12268352K), 0.0594410 secs] [Times: user=0.59 sys=0.00, real=0.06 secs] 
2011-02-26T11:56:06.593+0000: 21415.892: [GC 21415.892: [ParNew: 2538860K->24442K(2831168K), 0.0431000 secs] 9032255K->6533662K(12268352K), 0.0433960 secs] [Times: user=0.52 sys=0.00, real=0.04 secs] 
2011-02-26T11:56:10.618+0000: 21419.917: [GC 21419.917: [ParNew: 2541050K->50166K(2831168K), 0.0380560 secs] 9050270K->6573029K(12268352K), 0.0383550 secs] [Times: user=0.47 sys=0.00, real=0.03 secs] 
2011-02-26T11:56:17.240+0000: 21426.539: [GC 21426.539: [ParNew: 2566774K->17181K(2831168K), 0.0323850 secs] 9089637K->6554434K(12268352K), 0.0327010 secs] [Times: user=0.33 sys=0.01, real=0.03 secs] 
2011-02-26T11:56:25.428+0000: 21434.727: [GC 21434.727: [ParNew: 2533789K->19702K(2831168K), 0.0364920 secs] 9071042K->6568858K(12268352K), 0.0367390 secs] [Times: user=0.43 sys=0.00, real=0.03 secs] 
2011-02-26T11:56:31.485+0000: 21440.784: [GC 21440.784: [ParNew: 2536310K->131954K(2831168K), 0.0558080 secs] 9085466K->6693928K(12268352K), 0.0560590 secs] [Times: user=0.62 sys=0.02, real=0.06 secs] 
2011-02-26T11:56:34.292+0000: 21443.591: [GC 21443.591: [ParNew: 2648562K->56781K(2831168K), 0.3324930 secs] 9210536K->6721062K(12268352K), 0.3327220 secs] [Times: user=3.32 sys=0.28, real=0.33 secs] 
2011-02-26T11:56:42.724+0000: 21452.023: [GC 21452.023: [ParNew: 2573389K->48792K(2831168K), 0.0911660 secs] 9237670K->6759788K(12268352K), 0.0914070 secs] [Times: user=0.73 sys=0.03, real=0.09 secs] 
2011-02-26T11:56:51.430+0000: 21460.729: [GC 21460.730: [ParNew: 2565400K->31582K(2831168K), 0.0528130 secs] 9276396K->6766267K(12268352K), 0.0530490 secs] [Times: user=0.51 sys=0.00, real=0.05 secs] 
2011-02-26T11:56:58.308+0000: 21467.607: [GC 21467.607: [ParNew: 2548190K->54998K(2831168K), 0.0483410 secs] 9282875K->6810397K(12268352K), 0.0486320 secs] [Times: user=0.55 sys=0.01, real=0.04 secs] 
2011-02-26T11:57:04.732+0000: 21474.032: [GC 21474.032: [ParNew: 2571606K->97117K(2831168K), 0.0541680 secs] 9327005K->6873388K(12268352K), 0.0544700 secs] [Times: user=0.59 sys=0.00, real=0.06 secs] 
2011-02-26T11:57:09.809+0000: 21479.108: [GC 21479.108: [ParNew: 2613725K->61479K(2831168K), 0.9588680 secs] 9389996K->6928462K(12268352K), 0.9592250 secs] [Times: user=8.44 sys=0.35, real=0.96 secs] 
2011-02-26T11:57:15.694+0000: 21484.993: [GC 21484.994: [ParNew: 2578087K->46672K(2831168K), 0.0678230 secs] 9445070K->6938921K(12268352K), 0.0681200 secs] [Times: user=0.66 sys=0.00, real=0.07 secs] 
2011-02-26T11:57:33.018+0000: 21502.317: [GC 21502.317: [ParNew: 2563280K->138502K(2831168K), 0.0894550 secs] 9455529K->7055397K(12268352K), 0.0897170 secs] [Times: user=1.00 sys=0.01, real=0.08 secs] 
2011-02-26T11:57:40.614+0000: 21509.913: [GC 21509.913: [ParNew: 2655110K->240961K(2831168K), 0.1556160 secs] 9572005K->7252594K(12268352K), 0.1558660 secs] [Times: user=1.70 sys=0.00, real=0.16 secs] 
2011-02-26T11:57:55.483+0000: 21524.782: [GC 21524.782: [ParNew: 2757569K->154133K(2831168K), 0.4453930 secs] 9769202K->7241406K(12268352K), 0.4456450 secs] [Times: user=2.05 sys=0.18, real=0.45 secs] 
2011-02-26T11:57:55.930+0000: 21525.229: [GC [1 CMS-initial-mark: 7087273K(9437184K)] 7246099K(12268352K), 0.1490410 secs] [Times: user=0.15 sys=0.00, real=0.15 secs] 
2011-02-26T11:57:56.079+0000: 21525.378: [CMS-concurrent-mark-start]
2011-02-26T11:57:56.447+0000: 21525.746: [CMS-concurrent-mark: 0.363/0.367 secs] [Times: user=1.82 sys=0.14, real=0.36 secs] 
2011-02-26T11:57:56.447+0000: 21525.746: [CMS-concurrent-preclean-start]
2011-02-26T11:57:56.483+0000: 21525.782: [CMS-concurrent-preclean: 0.035/0.036 secs] [Times: user=0.07 sys=0.00, real=0.04 secs] 
2011-02-26T11:57:56.483+0000: 21525.782: [CMS-concurrent-abortable-preclean-start]
 CMS: abort preclean due to time 2011-02-26T11:58:01.655+0000: 21530.954: [CMS-concurrent-abortable-preclean: 5.152/5.172 secs] [Times: user=7.89 sys=0.99, real=5.17 secs] 
2011-02-26T11:58:01.657+0000: 21530.956: [GC[YG occupancy: 791223 K (2831168 K)]21530.956: [Rescan (parallel) , 0.1838430 secs]21531.140: [weak refs processing, 0.0453470 secs] [1 CMS-remark: 7087273K(9437184K)] 7878496K(12268352K), 0.2294270 secs] [Times: user=2.37 sys=0.02, real=0.23 secs] 
2011-02-26T11:58:01.887+0000: 21531.186: [CMS-concurrent-sweep-start]
2011-02-26T11:58:22.016+0000: 21551.315: [GC 21551.315: [ParNew: 2670741K->195136K(2831168K), 0.1929020 secs] 6984955K->4619816K(12268352K), 0.1931440 secs] [Times: user=1.99 sys=0.00, real=0.20 secs] 
2011-02-26T11:58:32.464+0000: 21561.763: [GC 21561.763: [ParNew: 2711744K->121884K(2831168K), 0.1935380 secs] 5829664K->3368729K(12268352K), 0.1938560 secs] [Times: user=1.78 sys=0.01, real=0.20 secs] 
2011-02-26T11:58:38.024+0000: 21567.323: [GC 21567.323: [ParNew: 2638492K->106647K(2831168K), 0.1395740 secs] 5243621K->2786092K(12268352K), 0.1398740 secs] [Times: user=1.46 sys=0.00, real=0.14 secs] 
2011-02-26T11:58:47.937+0000: 21577.236: [CMS-concurrent-sweep: 45.418/46.051 secs] [Times: user=83.22 sys=11.94, real=46.06 secs] 
2011-02-26T11:58:47.937+0000: 21577.236: [CMS-concurrent-reset-start]
2011-02-26T11:58:47.960+0000: 21577.259: [CMS-concurrent-reset: 0.022/0.022 secs] [Times: user=0.05 sys=0.01, real=0.02 secs] 
2011-02-26T11:58:55.808+0000: 21585.107: [GC 21585.107: [ParNew: 2623255K->85879K(2831168K), 0.1448200 secs] 3568469K->1115089K(12268352K), 0.1451360 secs] [Times: user=1.36 sys=0.03, real=0.14 secs] 
2011-02-26T11:59:07.872+0000: 21597.171: [GC 21597.172: [ParNew: 2602487K->48040K(2831168K), 0.0776160 secs] 3631697K->1125234K(12268352K), 0.0779160 secs] [Times: user=0.79 sys=0.00, real=0.08 secs] 
2011-02-26T11:59:18.822+0000: 21608.121: [GC 21608.121: [ParNew: 2564648K->32988K(2831168K), 0.0531290 secs] 3641842K->1138586K(12268352K), 0.0534330 secs] [Times: user=0.50 sys=0.01, real=0.05 secs] 
2011-02-26T11:59:33.375+0000: 21622.674: [GC 21622.674: [ParNew: 2549596K->99440K(2831168K), 0.1033810 secs] 3655194K->1225603K(12268352K), 0.1036490 secs] [Times: user=1.03 sys=0.01, real=0.11 secs] 
2011-02-26T11:59:50.641+0000: 21639.940: [GC 21639.940: [ParNew: 2616048K->73381K(2831168K), 0.1136130 secs] 3742211K->1271217K(12268352K), 0.1139040 secs] [Times: user=1.19 sys=0.00, real=0.11 secs] 
2011-02-26T12:00:05.415+0000: 21654.714: [GC 21654.714: [ParNew: 2589989K->59445K(2831168K), 0.0908800 secs] 3787825K->1309871K(12268352K), 0.0912200 secs] [Times: user=0.97 sys=0.00, real=0.09 secs] 
2011-02-26T12:00:10.029+0000: 21659.328: [GC 21659.328: [ParNew: 2576053K->29167K(2831168K), 0.0924220 secs] 3826479K->1313142K(12268352K), 0.0927190 secs] [Times: user=0.68 sys=0.01, real=0.09 secs] 
2011-02-26T12:00:22.881+0000: 21672.180: [GC 21672.180: [ParNew: 2545775K->124870K(2831168K), 0.0805820 secs] 3829750K->1420560K(12268352K), 0.0808680 secs] [Times: user=0.83 sys=0.00, real=0.08 secs] 
2011-02-26T12:00:34.096+0000: 21683.395: [GC 21683.395: [ParNew: 2641478K->112564K(2831168K), 0.1315280 secs] 3937168K->1448957K(12268352K), 0.1317640 secs] [Times: user=1.20 sys=0.01, real=0.14 secs] 
2011-02-26T12:00:50.461+0000: 21699.760: [GC 21699.761: [ParNew: 2597324K->225306K(2831168K), 0.2472300 secs] 3933717K->1658920K(12268352K), 0.2474730 secs] [Times: user=1.74 sys=0.02, real=0.25 secs] 
2011-02-26T12:00:54.554+0000: 21703.853: [GC 21703.853: [ParNew: 2741914K->167723K(2831168K), 0.1810100 secs] 4175528K->1773254K(12268352K), 0.1812490 secs] [Times: user=1.60 sys=0.01, real=0.18 secs] 
2011-02-26T12:00:57.142+0000: 21706.441: [GC 21706.441: [ParNew: 2684331K->122473K(2831168K), 0.1105060 secs] 4289862K->1856895K(12268352K), 0.1107370 secs] [Times: user=1.16 sys=0.01, real=0.11 secs] 
2011-02-26T12:00:59.572+0000: 21708.871: [GC 21708.871: [ParNew: 2639081K->33512K(2831168K), 0.0628260 secs] 4373503K->1872199K(12268352K), 0.0630960 secs] [Times: user=0.69 sys=0.01, real=0.06 secs] 
2011-02-26T12:01:06.391+0000: 21715.690: [GC 21715.690: [ParNew: 2550120K->49787K(2831168K), 0.0771260 secs] 4388807K->1907046K(12268352K), 0.0774170 secs] [Times: user=0.70 sys=0.01, real=0.08 secs] 
2011-02-26T12:01:12.937+0000: 21722.236: [GC 21722.236: [ParNew: 2566395K->65473K(2831168K), 0.0850130 secs] 4423654K->1962361K(12268352K), 0.0852530 secs] [Times: user=0.91 sys=0.01, real=0.08 secs] 
2011-02-26T12:01:32.611+0000: 21741.910: [GC 21741.910: [ParNew: 2582081K->148734K(2831168K), 0.1326410 secs] 4478969K->2090896K(12268352K), 0.1328730 secs] [Times: user=1.50 sys=0.00, real=0.13 secs] 
2011-02-26T12:01:47.354+0000: 21756.653: [GC 21756.653: [ParNew: 2665342K->209824K(2831168K), 0.2108520 secs] 4607504K->2282308K(12268352K), 0.2111610 secs] [Times: user=2.21 sys=0.02, real=0.21 secs] 
2011-02-26T12:02:04.834+0000: 21774.133: [GC 21774.133: [ParNew: 2726432K->121851K(2831168K), 0.1733420 secs] 4798916K->2319915K(12268352K), 0.1736730 secs] [Times: user=1.75 sys=0.03, real=0.18 secs] 
2011-02-26T12:02:08.785+0000: 21778.084: [GC 21778.084: [ParNew: 2638459K->53409K(2831168K), 0.0742950 secs] 4836523K->2309984K(12268352K), 0.0745950 secs] [Times: user=0.79 sys=0.01, real=0.08 secs] 
2011-02-26T12:02:29.752+0000: 21799.051: [GC 21799.051: [ParNew: 2570017K->73988K(2831168K), 0.0523510 secs] 4826592K->2336674K(12268352K), 0.0527000 secs] [Times: user=0.64 sys=0.00, real=0.05 secs] 
2011-02-26T12:02:38.784+0000: 21808.083: [GC 21808.083: [ParNew: 2590601K->91032K(2831168K), 0.1230900 secs] 4853287K->2394111K(12268352K), 0.1233200 secs] [Times: user=1.27 sys=0.00, real=0.13 secs] 
2011-02-26T12:02:57.332+0000: 21826.631: [GC 21826.631: [ParNew: 2607640K->71469K(2831168K), 0.1255690 secs] 4910719K->2445198K(12268352K), 0.1258300 secs] [Times: user=1.25 sys=0.01, real=0.13 secs] 
2011-02-26T12:03:06.953+0000: 21836.252: [GC 21836.252: [ParNew: 2588077K->58886K(2831168K), 0.0739620 secs] 4961806K->2476569K(12268352K), 0.0742020 secs] [Times: user=0.79 sys=0.00, real=0.07 secs] 
2011-02-26T12:03:19.084+0000: 21848.383: [GC 21848.384: [ParNew: 2575494K->25436K(2831168K), 0.0527200 secs] 4993177K->2467691K(12268352K), 0.0529640 secs] [Times: user=0.62 sys=0.00, real=0.06 secs] 
2011-02-26T12:03:34.277+0000: 21863.576: [GC 21863.576: [ParNew: 2542044K->142900K(2831168K), 0.0776890 secs] 4984299K->2605855K(12268352K), 0.0779350 secs] [Times: user=0.80 sys=0.01, real=0.08 secs] 
2011-02-26T12:03:39.418+0000: 21868.717: [GC 21868.717: [ParNew: 2659508K->93862K(2831168K), 0.1099780 secs] 5122463K->2611191K(12268352K), 0.1102620 secs] [Times: user=1.22 sys=0.01, real=0.11 secs] 
2011-02-26T12:03:57.805+0000: 21887.104: [GC 21887.104: [ParNew: 2610470K->130738K(2831168K), 0.1415100 secs] 5127799K->2720482K(12268352K), 0.1418170 secs] [Times: user=1.57 sys=0.01, real=0.14 secs] 
2011-02-26T12:04:04.736+0000: 21894.035: [GC 21894.035: [ParNew: 2647346K->241657K(2831168K), 0.1302620 secs] 5237090K->2918045K(12268352K), 0.1306170 secs] [Times: user=1.41 sys=0.00, real=0.13 secs] 
2011-02-26T12:04:07.829+0000: 21897.128: [GC 21897.128: [ParNew: 2758265K->42149K(2831168K), 0.0795030 secs] 5434653K->2768237K(12268352K), 0.0798950 secs] [Times: user=0.79 sys=0.01, real=0.08 secs] 
2011-02-26T12:04:24.123+0000: 21913.422: [GC 21913.422: [ParNew: 2558757K->103535K(2831168K), 0.0860180 secs] 5284845K->2848931K(12268352K), 0.0863350 secs] [Times: user=1.05 sys=0.00, real=0.09 secs] 
2011-02-26T12:04:34.981+0000: 21924.280: [GC 21924.281: [ParNew: 2620143K->173493K(2831168K), 0.1838030 secs] 5365539K->3012997K(12268352K), 0.1883560 secs] [Times: user=1.93 sys=0.01, real=0.19 secs] 
2011-02-26T12:04:53.519+0000: 21942.818: [GC 21942.818: [ParNew: 2690101K->166619K(2831168K), 0.2104990 secs] 5529605K->3150837K(12268352K), 0.2108190 secs] [Times: user=2.15 sys=0.01, real=0.21 secs] 
2011-02-26T12:05:06.050+0000: 21955.349: [GC 21955.349: [ParNew: 2683227K->121445K(2831168K), 0.1590400 secs] 5667445K->3224769K(12268352K), 0.1593450 secs] [Times: user=1.55 sys=0.00, real=0.16 secs] 
2011-02-26T12:05:11.950+0000: 21961.249: [GC 21961.249: [ParNew: 2638053K->54254K(2831168K), 0.0857240 secs] 5741377K->3220129K(12268352K), 0.0860250 secs] [Times: user=0.83 sys=0.01, real=0.08 secs] 
2011-02-26T12:05:32.288+0000: 21981.588: [GC 21981.588: [ParNew: 2570862K->89459K(2831168K), 0.0774510 secs] 5736737K->3273414K(12268352K), 0.0777470 secs] [Times: user=0.91 sys=0.00, real=0.07 secs] 
2011-02-26T12:05:45.914+0000: 21995.214: [GC 21995.214: [ParNew: 2606067K->100076K(2831168K), 0.1082540 secs] 5790022K->3343595K(12268352K), 0.1085320 secs] [Times: user=1.20 sys=0.01, real=0.11 secs] 
2011-02-26T12:06:03.892+0000: 22013.191: [GC 22013.191: [ParNew: 2616710K->61274K(2831168K), 0.1046830 secs] 5860228K->3363494K(12268352K), 0.1049720 secs] [Times: user=1.05 sys=0.00, real=0.10 secs] 
2011-02-26T12:06:03.998+0000: 22013.297: [GC 22013.297: [ParNew: 63018K->28957K(2831168K), 0.0571950 secs] 3365238K->3375073K(12268352K), 0.0574190 secs] [Times: user=0.57 sys=0.00, real=0.05 secs] 
2011-02-26T12:06:10.352+0000: 22019.651: [GC 22019.651: [ParNew: 2545565K->17334K(2831168K), 0.0233460 secs] 5891681K->3363451K(12268352K), 0.0235870 secs] [Times: user=0.25 sys=0.00, real=0.02 secs] 
2011-02-26T12:06:26.224+0000: 22035.523: [GC 22035.523: [ParNew: 2533942K->59959K(2831168K), 0.0442010 secs] 5880059K->3416946K(12268352K), 0.0445010 secs] [Times: user=0.53 sys=0.00, real=0.05 secs] 
2011-02-26T12:06:33.417+0000: 22042.716: [GC 22042.716: [ParNew: 2576567K->144990K(2831168K), 0.0966520 secs] 5933554K->3533832K(12268352K), 0.0970450 secs] [Times: user=0.89 sys=0.01, real=0.09 secs] 
2011-02-26T12:06:39.379+0000: 22048.678: [GC 22048.678: [ParNew: 2661598K->139197K(2831168K), 0.0904920 secs] 6050440K->3572640K(12268352K), 0.3676300 secs] [Times: user=1.00 sys=0.03, real=0.36 secs] 
2011-02-26T12:06:44.046+0000: 22053.345: [GC 22053.345: [ParNew: 2655805K->121964K(2831168K), 0.0804150 secs] 6089248K->3603116K(12268352K), 0.0807010 secs] [Times: user=0.89 sys=0.00, real=0.08 secs] 
2011-02-26T12:06:50.623+0000: 22059.922: [GC 22059.922: [ParNew: 2638572K->69624K(2831168K), 0.0569210 secs] 6119724K->3571303K(12268352K), 0.0571980 secs] [Times: user=0.64 sys=0.00, real=0.06 secs] 
2011-02-26T12:07:05.197+0000: 22074.496: [GC 22074.496: [ParNew: 2586232K->80387K(2831168K), 0.0780130 secs] 6087911K->3619330K(12268352K), 0.0783150 secs] [Times: user=0.87 sys=0.00, real=0.08 secs] 
2011-02-26T12:07:11.269+0000: 22080.568: [GC 22080.568: [ParNew: 2596995K->59550K(2831168K), 0.0945710 secs] 6135938K->3666128K(12268352K), 0.0948660 secs] [Times: user=0.87 sys=0.01, real=0.10 secs] 
2011-02-26T12:07:21.648+0000: 22090.947: [GC 22090.947: [ParNew: 2576158K->224585K(2831168K), 0.0871690 secs] 6182736K->3853632K(12268352K), 0.0874600 secs] [Times: user=1.01 sys=0.00, real=0.08 secs] 
2011-02-26T12:07:33.346+0000: 22102.645: [GC 22102.646: [ParNew: 2741193K->144320K(2831168K), 0.1880420 secs] 6370240K->3826562K(12268352K), 0.1883340 secs] [Times: user=1.66 sys=0.01, real=0.19 secs] 
2011-02-26T12:07:48.797+0000: 22118.096: [GC 22118.096: [ParNew: 2660928K->198779K(2831168K), 0.2091970 secs] 6343170K->4004616K(12268352K), 0.2094310 secs] [Times: user=2.22 sys=0.00, real=0.21 secs] 
2011-02-26T12:08:05.444+0000: 22134.743: [GC 22134.743: [ParNew: 2715387K->158704K(2831168K), 0.1942230 secs] 6521224K->4101560K(12268352K), 0.1944770 secs] [Times: user=2.04 sys=0.02, real=0.20 secs] 
2011-02-26T12:08:09.308+0000: 22138.607: [GC 22138.607: [ParNew: 2675312K->110211K(2831168K), 0.1274470 secs] 6618168K->4156763K(12268352K), 0.1277130 secs] [Times: user=1.24 sys=0.01, real=0.12 secs] 
2011-02-26T12:08:31.429+0000: 22160.728: [GC 22160.728: [ParNew: 2626819K->104736K(2831168K), 0.0904070 secs] 6673371K->4168130K(12268352K), 0.0906490 secs] [Times: user=1.07 sys=0.00, real=0.09 secs] 
2011-02-26T12:08:42.660+0000: 22171.959: [GC 22171.959: [ParNew: 2621344K->86455K(2831168K), 0.1380990 secs] 6684738K->4232212K(12268352K), 0.1383480 secs] [Times: user=1.40 sys=0.00, real=0.14 secs] 
2011-02-26T12:08:59.663+0000: 22188.962: [GC 22188.962: [ParNew: 2603063K->77820K(2831168K), 0.1088720 secs] 6748820K->4288928K(12268352K), 0.1091350 secs] [Times: user=1.17 sys=0.00, real=0.11 secs] 
2011-02-26T12:09:07.762+0000: 22197.061: [GC 22197.062: [ParNew: 2594428K->34323K(2831168K), 0.0726730 secs] 6805536K->4291303K(12268352K), 0.0729740 secs] [Times: user=0.77 sys=0.01, real=0.07 secs] 
2011-02-26T12:09:20.799+0000: 22210.098: [GC 22210.098: [ParNew: 2550931K->58279K(2831168K), 0.0494130 secs] 6807911K->4328354K(12268352K), 0.0497130 secs] [Times: user=0.54 sys=0.00, real=0.05 secs] 
2011-02-26T12:09:33.476+0000: 22222.775: [GC 22222.776: [ParNew: 2574887K->83658K(2831168K), 0.0790980 secs] 6844962K->4382514K(12268352K), 0.0794040 secs] [Times: user=0.94 sys=0.00, real=0.08 secs] 
2011-02-26T12:09:48.571+0000: 22237.870: [GC 22237.870: [ParNew: 2600266K->138226K(2831168K), 0.1204170 secs] 6899122K->4506513K(12268352K), 0.1207000 secs] [Times: user=1.25 sys=0.01, real=0.12 secs] 
2011-02-26T12:10:00.451+0000: 22249.750: [GC 22249.750: [ParNew: 2654834K->92575K(2831168K), 0.1117100 secs] 7023121K->4508024K(12268352K), 0.1120310 secs] [Times: user=1.11 sys=0.01, real=0.11 secs] 
2011-02-26T12:10:07.215+0000: 22256.514: [GC 22256.514: [ParNew: 2609183K->62602K(2831168K), 0.0910560 secs] 7024632K->4545223K(12268352K), 0.0991970 secs] [Times: user=0.93 sys=0.00, real=0.10 secs] 
2011-02-26T12:10:21.422+0000: 22270.721: [GC 22270.722: [ParNew: 2579210K->72393K(2831168K), 0.0618230 secs] 7061831K->4575158K(12268352K), 0.0621250 secs] [Times: user=0.68 sys=0.00, real=0.06 secs] 
2011-02-26T12:10:32.745+0000: 22282.044: [GC 22282.044: [ParNew: 2589001K->254799K(2831168K), 0.1103390 secs] 7091766K->4809038K(12268352K), 0.1106390 secs] [Times: user=1.29 sys=0.01, real=0.11 secs] 
2011-02-26T12:10:36.709+0000: 22286.008: [GC 22286.009: [ParNew: 2771407K->214354K(2831168K), 0.1522200 secs] 7325646K->4857315K(12268352K), 0.1525050 secs] [Times: user=1.61 sys=0.01, real=0.15 secs] 
2011-02-26T12:10:41.036+0000: 22290.335: [GC 22290.336: [ParNew: 2730962K->84213K(2831168K), 0.1279100 secs] 7373923K->4889002K(12268352K), 0.1281960 secs] [Times: user=1.40 sys=0.00, real=0.13 secs] 
2011-02-26T12:10:56.722+0000: 22306.021: [GC 22306.021: [ParNew: 2600821K->125983K(2831168K), 0.1023850 secs] 7405610K->4958636K(12268352K), 0.1026280 secs] [Times: user=1.18 sys=0.00, real=0.10 secs] 
2011-02-26T12:11:06.579+0000: 22315.878: [GC 22315.878: [ParNew: 2642591K->100724K(2831168K), 0.1462810 secs] 7475244K->5048557K(12268352K), 0.1465260 secs] [Times: user=1.46 sys=0.00, real=0.14 secs] 
2011-02-26T12:11:18.368+0000: 22327.667: [GC 22327.667: [ParNew: 2617332K->85750K(2831168K), 0.1256590 secs] 7565165K->5088571K(12268352K), 0.1259020 secs] [Times: user=1.23 sys=0.01, real=0.12 secs] 
2011-02-26T12:11:33.349+0000: 22342.648: [GC 22342.648: [ParNew: 2602358K->131237K(2831168K), 0.1590910 secs] 7605179K->5191800K(12268352K), 0.1593730 secs] [Times: user=1.69 sys=0.00, real=0.16 secs] 
2011-02-26T12:11:48.825+0000: 22358.124: [GC 22358.125: [ParNew: 2647845K->95841K(2831168K), 0.1539510 secs] 7708408K->5265052K(12268352K), 0.1542740 secs] [Times: user=1.69 sys=0.00, real=0.16 secs] 
2011-02-26T12:12:04.985+0000: 22374.284: [GC 22374.284: [ParNew: 2612439K->60534K(2831168K), 0.0992710 secs] 7781649K->5282644K(12268352K), 0.0995730 secs] [Times: user=1.08 sys=0.00, real=0.10 secs] 
2011-02-26T12:12:09.151+0000: 22378.450: [GC 22378.450: [ParNew: 2577142K->43667K(2831168K), 0.0613930 secs] 7799252K->5307235K(12268352K), 0.0616450 secs] [Times: user=0.66 sys=0.00, real=0.06 secs] 
2011-02-26T12:12:29.968+0000: 22399.267: [GC 22399.267: [ParNew: 2560275K->70980K(2831168K), 0.0439870 secs] 7823843K->5341033K(12268352K), 0.0442290 secs] [Times: user=0.53 sys=0.00, real=0.04 secs] 
2011-02-26T12:12:38.182+0000: 22407.481: [GC 22407.481: [ParNew: 2587588K->92888K(2831168K), 0.0949060 secs] 7857641K->5404002K(12268352K), 0.0951360 secs] [Times: user=1.01 sys=0.02, real=0.09 secs] 
2011-02-26T12:12:55.423+0000: 22424.722: [GC 22424.722: [ParNew: 2609496K->69451K(2831168K), 0.1244780 secs] 7920610K->5454757K(12268352K), 0.1247750 secs] [Times: user=1.20 sys=0.02, real=0.13 secs] 
2011-02-26T12:13:04.518+0000: 22433.817: [GC 22433.817: [ParNew: 2585999K->63294K(2831168K), 0.0791000 secs] 7971305K->5492392K(12268352K), 0.0794100 secs] [Times: user=0.87 sys=0.00, real=0.07 secs] 
2011-02-26T12:13:10.172+0000: 22439.471: [GC 22439.472: [ParNew: 2579902K->53750K(2831168K), 0.0789680 secs] 8009000K->5528160K(12268352K), 0.0792590 secs] [Times: user=0.78 sys=0.02, real=0.08 secs] 
2011-02-26T12:13:26.687+0000: 22455.986: [GC 22455.987: [ParNew: 2570358K->63680K(2831168K), 0.0685930 secs] 8044768K->5563328K(12268352K), 0.0689040 secs] [Times: user=0.83 sys=0.00, real=0.06 secs] 
2011-02-26T12:13:35.736+0000: 22465.035: [GC 22465.035: [ParNew: 2580288K->281670K(2831168K), 0.1238790 secs] 8079936K->5831656K(12268352K), 0.1241720 secs] [Times: user=1.38 sys=0.01, real=0.13 secs] 
2011-02-26T12:13:40.396+0000: 22469.695: [GC 22469.695: [ParNew: 2798278K->166597K(2831168K), 0.1394470 secs] 8348264K->5817629K(12268352K), 0.1397470 secs] [Times: user=1.57 sys=0.00, real=0.14 secs] 
2011-02-26T12:13:44.454+0000: 22473.753: [GC 22473.753: [ParNew: 2683205K->67603K(2831168K), 0.1034820 secs] 8334237K->5854959K(12268352K), 0.1037580 secs] [Times: user=1.12 sys=0.01, real=0.11 secs] 
2011-02-26T12:14:00.402+0000: 22489.701: [GC 22489.701: [ParNew: 2584211K->144963K(2831168K), 0.1110330 secs] 8371567K->5960622K(12268352K), 0.1113300 secs] [Times: user=1.30 sys=0.00, real=0.11 secs] 
2011-02-26T12:14:07.119+0000: 22496.418: [GC 22496.418: [ParNew: 2661571K->101453K(2831168K), 0.1443230 secs] 8477230K->6043700K(12268352K), 0.1446290 secs] [Times: user=1.44 sys=0.00, real=0.14 secs] 
2011-02-26T12:14:22.309+0000: 22511.608: [GC 22511.608: [ParNew: 2618061K->97167K(2831168K), 0.0837570 secs] 8560308K->6066597K(12268352K), 0.0840520 secs] [Times: user=0.94 sys=0.00, real=0.08 secs] 
2011-02-26T12:14:33.974+0000: 22523.273: [GC 22523.273: [ParNew: 2613827K->150292K(2831168K), 0.1631220 secs] 8583256K->6198152K(12268352K), 0.1634180 secs] [Times: user=1.78 sys=0.01, real=0.17 secs] 
2011-02-26T12:14:34.140+0000: 22523.439: [GC 22523.439: [ParNew: 161396K->109637K(2831168K), 0.1581010 secs] 6209256K->6282249K(12268352K), 0.1583690 secs] [Times: user=1.19 sys=0.00, real=0.16 secs] 
2011-02-26T12:14:52.451+0000: 22541.750: [GC 22541.751: [ParNew: 2626245K->71959K(2831168K), 0.0504550 secs] 8798857K->6244587K(12268352K), 0.0507330 secs] [Times: user=0.63 sys=0.02, real=0.05 secs] 
2011-02-26T12:15:05.628+0000: 22554.927: [GC 22554.927: [ParNew: 2588567K->57145K(2831168K), 0.0853300 secs] 8761195K->6282858K(12268352K), 0.0856340 secs] [Times: user=0.90 sys=0.01, real=0.09 secs] 
2011-02-26T12:15:09.487+0000: 22558.786: [GC 22558.786: [ParNew: 2573753K->111041K(2831168K), 0.0586040 secs] 8799466K->6366834K(12268352K), 0.0588750 secs] [Times: user=0.64 sys=0.00, real=0.06 secs] 
2011-02-26T12:15:26.004+0000: 22575.303: [GC 22575.303: [ParNew: 2627649K->75748K(2831168K), 0.0394360 secs] 8883442K->6338452K(12268352K), 0.0396710 secs] [Times: user=0.50 sys=0.01, real=0.04 secs] 
2011-02-26T12:15:35.730+0000: 22585.029: [GC 22585.030: [ParNew: 2592356K->95359K(2831168K), 0.0885760 secs] 8855060K->6395308K(12268352K), 0.0888120 secs] [Times: user=1.03 sys=0.01, real=0.09 secs] 
2011-02-26T12:15:54.527+0000: 22603.826: [GC 22603.826: [ParNew: 2611967K->69781K(2831168K), 0.1118930 secs] 8911916K->6440349K(12268352K), 0.1121820 secs] [Times: user=1.24 sys=0.00, real=0.11 secs] 
2011-02-26T12:16:06.129+0000: 22615.429: [GC 22615.429: [ParNew: 2586389K->53965K(2831168K), 0.0712680 secs] 8956957K->6472334K(12268352K), 0.0716050 secs] [Times: user=0.76 sys=0.00, real=0.07 secs] 
2011-02-26T12:16:10.582+0000: 22619.882: [GC 22619.882: [ParNew: 2570573K->103994K(2831168K), 0.0524100 secs] 8988942K->6551135K(12268352K), 0.0527090 secs] [Times: user=0.53 sys=0.00, real=0.05 secs] 
2011-02-26T12:16:25.908+0000: 22635.207: [GC 22635.207: [ParNew: 2620602K->80330K(2831168K), 0.0590930 secs] 9067743K->6541709K(12268352K), 0.0593950 secs] [Times: user=0.74 sys=0.00, real=0.06 secs] 
2011-02-26T12:16:35.972+0000: 22645.271: [GC 22645.271: [ParNew: 2596938K->125577K(2831168K), 0.1296710 secs] 9058317K->6644416K(12268352K), 0.1299620 secs] [Times: user=1.42 sys=0.00, real=0.13 secs] 
2011-02-26T12:16:48.226+0000: 22657.525: [GC 22657.525: [ParNew: 2642185K->262506K(2831168K), 0.1564070 secs] 9161024K->6883647K(12268352K), 0.1566990 secs] [Times: user=1.68 sys=0.00, real=0.16 secs] 
2011-02-26T12:17:00.216+0000: 22669.515: [GC 22669.515: [ParNew: 2779114K->160840K(2831168K), 0.1332540 secs] 9400255K->6853929K(12268352K), 0.1334920 secs] [Times: user=1.53 sys=0.01, real=0.14 secs] 
2011-02-26T12:17:06.668+0000: 22675.967: [GC 22675.967: [ParNew: 2677448K->96752K(2831168K), 0.1394010 secs] 9370537K->6894350K(12268352K), 0.1396400 secs] [Times: user=1.38 sys=0.00, real=0.14 secs] 
2011-02-26T12:17:17.598+0000: 22686.897: [GC 22686.897: [ParNew: 2613360K->81324K(2831168K), 0.0841780 secs] 9410958K->6916536K(12268352K), 0.0844170 secs] [Times: user=0.96 sys=0.00, real=0.08 secs] 
2011-02-26T12:17:33.416+0000: 22702.715: [GC 22702.716: [ParNew: 2597932K->163980K(2831168K), 0.1437300 secs] 9433144K->7054857K(12268352K), 0.1439650 secs] [Times: user=1.65 sys=0.00, real=0.15 secs] 
2011-02-26T12:17:49.142+0000: 22718.441: [GC 22718.441: [ParNew: 2680588K->144218K(2831168K), 2.2763560 secs] 9571465K->7164302K(12268352K), 2.2766340 secs] [Times: user=2.70 sys=1.04, real=2.28 secs] 
2011-02-26T12:18:04.867+0000: 22734.166: [GC 22734.166: [ParNew: 2660826K->111334K(2831168K), 2.5224620 secs] 9680910K->7242463K(12268352K), 2.5227710 secs] [Times: user=1.97 sys=0.87, real=2.53 secs] 
2011-02-26T12:18:07.391+0000: 22736.691: [GC [1 CMS-initial-mark: 7131128K(9437184K)] 7242694K(12268352K), 0.0401140 secs] [Times: user=0.04 sys=0.00, real=0.04 secs] 
2011-02-26T12:18:07.432+0000: 22736.731: [CMS-concurrent-mark-start]
2011-02-26T12:18:08.205+0000: 22737.504: [CMS-concurrent-mark: 0.767/0.773 secs] [Times: user=4.88 sys=0.52, real=0.77 secs] 
2011-02-26T12:18:08.205+0000: 22737.504: [CMS-concurrent-preclean-start]
2011-02-26T12:18:08.268+0000: 22737.567: [CMS-concurrent-preclean: 0.060/0.063 secs] [Times: user=0.09 sys=0.02, real=0.07 secs] 
2011-02-26T12:18:08.268+0000: 22737.567: [CMS-concurrent-abortable-preclean-start]
2011-02-26T12:18:12.264+0000: 22741.563: [GC 22741.563: [ParNew: 2627942K->43566K(2831168K), 0.7793480 secs] 9759071K->7213439K(12268352K), 0.7795900 secs] [Times: user=0.46 sys=0.48, real=0.78 secs] 
 CMS: abort preclean due to time 2011-02-26T12:18:13.313+0000: 22742.612: [CMS-concurrent-abortable-preclean: 4.228/5.045 secs] [Times: user=10.34 sys=2.19, real=5.04 secs] 
2011-02-26T12:18:13.314+0000: 22742.613: [GC[YG occupancy: 531388 K (2831168 K)]22742.613: [Rescan (parallel) , 0.0311310 secs]22742.644: [weak refs processing, 0.0294590 secs] [1 CMS-remark: 7169873K(9437184K)] 7701261K(12268352K), 0.0608250 secs] [Times: user=0.39 sys=0.00, real=0.06 secs] 
2011-02-26T12:18:13.375+0000: 22742.674: [CMS-concurrent-sweep-start]
2011-02-26T12:18:27.073+0000: 22756.372: [GC 22756.372: [ParNew: 2560174K->34987K(2831168K), 0.0489140 secs] 7530731K->5024258K(12268352K), 0.0491560 secs] [Times: user=0.51 sys=0.00, real=0.05 secs] 
2011-02-26T12:18:36.548+0000: 22765.847: [GC 22765.848: [ParNew: 2551595K->95091K(2831168K), 0.0845160 secs] 6346247K->3914562K(12268352K), 0.0847600 secs] [Times: user=0.96 sys=0.00, real=0.08 secs] 
2011-02-26T12:18:55.428+0000: 22784.727: [GC 22784.727: [ParNew: 2611699K->74471K(2831168K), 0.1111630 secs] 4042491K->1578445K(12268352K), 0.1114060 secs] [Times: user=1.15 sys=0.01, real=0.11 secs] 
2011-02-26T12:18:58.402+0000: 22787.701: [CMS-concurrent-sweep: 44.684/45.027 secs] [Times: user=84.92 sys=14.08, real=45.03 secs] 
2011-02-26T12:18:58.402+0000: 22787.701: [CMS-concurrent-reset-start]
2011-02-26T12:18:58.425+0000: 22787.724: [CMS-concurrent-reset: 0.023/0.023 secs] [Times: user=0.07 sys=0.00, real=0.02 secs] 
2011-02-26T12:19:06.109+0000: 22795.408: [GC 22795.408: [ParNew: 2591079K->60142K(2831168K), 0.0751480 secs] 3682067K->1198041K(12268352K), 0.0754810 secs] [Times: user=0.74 sys=0.01, real=0.07 secs] 
2011-02-26T12:19:12.874+0000: 22802.173: [GC 22802.173: [ParNew: 2576750K->24449K(2831168K), 0.0453480 secs] 3714649K->1187431K(12268352K), 0.0456610 secs] [Times: user=0.52 sys=0.01, real=0.05 secs] 
2011-02-26T12:19:30.515+0000: 22819.814: [GC 22819.815: [ParNew: 2541057K->133304K(2831168K), 0.0701240 secs] 3704039K->1310020K(12268352K), 0.0704130 secs] [Times: user=0.87 sys=0.00, real=0.07 secs] 
2011-02-26T12:19:33.756+0000: 22823.055: [GC 22823.055: [ParNew: 2649912K->177550K(2831168K), 0.1178100 secs] 3826628K->1400013K(12268352K), 0.1181040 secs] [Times: user=1.14 sys=0.00, real=0.12 secs] 
2011-02-26T12:19:38.517+0000: 22827.816: [GC 22827.816: [ParNew: 2694158K->70167K(2831168K), 0.1352460 secs] 3916621K->1452018K(12268352K), 0.1355470 secs] [Times: user=1.31 sys=0.00, real=0.14 secs] 
2011-02-26T12:19:48.359+0000: 22837.658: [GC 22837.658: [ParNew: 2586775K->59553K(2831168K), 0.0652570 secs] 3968626K->1465885K(12268352K), 0.0655740 secs] [Times: user=0.68 sys=0.01, real=0.06 secs] 
2011-02-26T12:19:58.623+0000: 22847.922: [GC 22847.922: [ParNew: 2576161K->236422K(2831168K), 0.1240670 secs] 3982493K->1686609K(12268352K), 0.1243570 secs] [Times: user=1.17 sys=0.00, real=0.13 secs] 
2011-02-26T12:20:02.482+0000: 22851.781: [GC 22851.781: [ParNew: 2753030K->218778K(2831168K), 0.1457740 secs] 4203217K->1739856K(12268352K), 0.1460660 secs] [Times: user=1.29 sys=0.01, real=0.15 secs] 
2011-02-26T12:20:04.997+0000: 22854.296: [GC 22854.296: [ParNew: 2735386K->48790K(2831168K), 0.1128320 secs] 4256464K->1763006K(12268352K), 0.1131300 secs] [Times: user=0.92 sys=0.00, real=0.12 secs] 
2011-02-26T12:20:07.516+0000: 22856.815: [GC 22856.815: [ParNew: 2565398K->20242K(2831168K), 0.0506530 secs] 4279614K->1747308K(12268352K), 0.0509660 secs] [Times: user=0.45 sys=0.02, real=0.05 secs] 
2011-02-26T12:20:12.116+0000: 22861.415: [GC 22861.415: [ParNew: 2536850K->43716K(2831168K), 0.0524110 secs] 4263916K->1783340K(12268352K), 0.0527040 secs] [Times: user=0.58 sys=0.00, real=0.06 secs] 
2011-02-26T12:20:32.089+0000: 22881.388: [GC 22881.388: [ParNew: 2560324K->147277K(2831168K), 0.1239640 secs] 4299948K->1922169K(12268352K), 0.1242590 secs] [Times: user=1.30 sys=0.03, real=0.12 secs] 
2011-02-26T12:20:45.279+0000: 22894.578: [GC 22894.578: [ParNew: 2663885K->201296K(2831168K), 0.2046800 secs] 4438777K->2105291K(12268352K), 0.2049680 secs] [Times: user=2.09 sys=0.01, real=0.20 secs] 
2011-02-26T12:21:00.949+0000: 22910.248: [GC 22910.248: [ParNew: 2717904K->122623K(2831168K), 0.2065200 secs] 4621899K->2154735K(12268352K), 0.2068380 secs] [Times: user=1.78 sys=0.00, real=0.20 secs] 
2011-02-26T12:21:06.886+0000: 22916.185: [GC 22916.185: [ParNew: 2639192K->101496K(2831168K), 0.1262470 secs] 4671304K->2227973K(12268352K), 0.1265690 secs] [Times: user=1.25 sys=0.00, real=0.13 secs] 
2011-02-26T12:21:26.225+0000: 22935.524: [GC 22935.525: [ParNew: 2618104K->61692K(2831168K), 0.0503590 secs] 4744581K->2197880K(12268352K), 0.0506040 secs] [Times: user=0.65 sys=0.00, real=0.05 secs] 
2011-02-26T12:21:36.189+0000: 22945.489: [GC 22945.489: [ParNew: 2578300K->90409K(2831168K), 0.0970240 secs] 4714488K->2266018K(12268352K), 0.0973200 secs] [Times: user=1.05 sys=0.00, real=0.09 secs] 
2011-02-26T12:21:54.451+0000: 22963.750: [GC 22963.750: [ParNew: 2607017K->71876K(2831168K), 0.1204860 secs] 4782626K->2319006K(12268352K), 0.1207230 secs] [Times: user=1.20 sys=0.00, real=0.12 secs] 
2011-02-26T12:22:05.849+0000: 22975.148: [GC 22975.149: [ParNew: 2588484K->50071K(2831168K), 0.0801350 secs] 4835613K->2341953K(12268352K), 0.0804270 secs] [Times: user=0.76 sys=0.01, real=0.08 secs] 
2011-02-26T12:22:13.365+0000: 22982.664: [GC 22982.664: [ParNew: 2566679K->54903K(2831168K), 0.0531800 secs] 4858561K->2370992K(12268352K), 0.0534750 secs] [Times: user=0.66 sys=0.01, real=0.06 secs] 
2011-02-26T12:22:33.892+0000: 23003.191: [GC 23003.191: [ParNew: 2571511K->64793K(2831168K), 0.0660700 secs] 4887600K->2402555K(12268352K), 0.0663890 secs] [Times: user=0.78 sys=0.00, real=0.07 secs] 
2011-02-26T12:22:37.670+0000: 23006.969: [GC 23006.970: [ParNew: 2581401K->160298K(2831168K), 0.1261240 secs] 4919163K->2550470K(12268352K), 0.1263870 secs] [Times: user=1.24 sys=0.00, real=0.12 secs] 
2011-02-26T12:22:55.582+0000: 23024.881: [GC 23024.881: [ParNew: 2676906K->118334K(2831168K), 0.1556930 secs] 5067078K->2575120K(12268352K), 0.1559350 secs] [Times: user=1.38 sys=0.00, real=0.16 secs] 
2011-02-26T12:23:05.967+0000: 23035.266: [GC 23035.267: [ParNew: 2634942K->82266K(2831168K), 0.1109320 secs] 5091728K->2620424K(12268352K), 0.1111840 secs] [Times: user=1.12 sys=0.01, real=0.11 secs] 
2011-02-26T12:23:11.142+0000: 23040.441: [GC 23040.441: [ParNew: 2598874K->192605K(2831168K), 0.0805790 secs] 5137032K->2773189K(12268352K), 0.0808880 secs] [Times: user=0.90 sys=0.00, real=0.08 secs] 
2011-02-26T12:23:20.959+0000: 23050.258: [GC 23050.258: [ParNew: 2709213K->78193K(2831168K), 0.0878080 secs] 5289797K->2688293K(12268352K), 0.0881360 secs] [Times: user=0.84 sys=0.01, real=0.09 secs] 
2011-02-26T12:23:33.801+0000: 23063.100: [GC 23063.100: [ParNew: 2594801K->215744K(2831168K), 0.1904400 secs] 5204901K->2889763K(12268352K), 0.1906730 secs] [Times: user=2.23 sys=0.00, real=0.19 secs] 
2011-02-26T12:23:51.435+0000: 23080.734: [GC 23080.735: [ParNew: 2732352K->162380K(2831168K), 0.2142380 secs] 5406371K->2982256K(12268352K), 0.2145140 secs] [Times: user=2.27 sys=0.00, real=0.22 secs] 
2011-02-26T12:24:03.429+0000: 23092.728: [GC 23092.728: [ParNew: 2678988K->130925K(2831168K), 0.1693130 secs] 5498864K->3074643K(12268352K), 0.1696160 secs] [Times: user=1.77 sys=0.00, real=0.17 secs] 
2011-02-26T12:24:07.944+0000: 23097.243: [GC 23097.243: [ParNew: 2647533K->61491K(2831168K), 0.1007110 secs] 5591251K->3082258K(12268352K), 0.1009530 secs] [Times: user=1.01 sys=0.01, real=0.10 secs] 
2011-02-26T12:24:23.752+0000: 23113.051: [GC 23113.051: [ParNew: 2578099K->88070K(2831168K), 0.0630230 secs] 5598866K->3125002K(12268352K), 0.0633040 secs] [Times: user=0.72 sys=0.00, real=0.06 secs] 
2011-02-26T12:24:34.483+0000: 23123.782: [GC 23123.782: [ParNew: 2604678K->91885K(2831168K), 0.1047030 secs] 5641610K->3179255K(12268352K), 0.1049960 secs] [Times: user=1.17 sys=0.02, real=0.11 secs] 
2011-02-26T12:24:52.972+0000: 23142.271: [GC 23142.271: [ParNew: 2608493K->84163K(2831168K), 0.1122420 secs] 5695863K->3243428K(12268352K), 0.1125370 secs] [Times: user=1.17 sys=0.01, real=0.11 secs] 
2011-02-26T12:25:05.725+0000: 23155.024: [GC 23155.024: [ParNew: 2600771K->47542K(2831168K), 0.0781130 secs] 5760036K->3254378K(12268352K), 0.0784270 secs] [Times: user=0.91 sys=0.00, real=0.08 secs] 
2011-02-26T12:25:11.932+0000: 23161.231: [GC 23161.231: [ParNew: 2564150K->34757K(2831168K), 0.0482270 secs] 5770986K->3271773K(12268352K), 0.0485080 secs] [Times: user=0.53 sys=0.00, real=0.05 secs] 
2011-02-26T12:25:32.039+0000: 23181.338: [GC 23181.338: [ParNew: 2551365K->78383K(2831168K), 0.0670040 secs] 5788381K->3327764K(12268352K), 0.0673010 secs] [Times: user=0.76 sys=0.00, real=0.06 secs] 
2011-02-26T12:25:40.355+0000: 23189.654: [GC 23189.654: [ParNew: 2594991K->159443K(2831168K), 0.1206030 secs] 5844372K->3462080K(12268352K), 0.1208880 secs] [Times: user=1.23 sys=0.00, real=0.12 secs] 
2011-02-26T12:25:53.833+0000: 23203.132: [GC 23203.132: [ParNew: 2676051K->98262K(2831168K), 0.1075160 secs] 5978688K->3459396K(12268352K), 0.1078070 secs] [Times: user=1.15 sys=0.02, real=0.11 secs] 
2011-02-26T12:26:05.578+0000: 23214.877: [GC 23214.877: [ParNew: 2614870K->79977K(2831168K), 0.1092050 secs] 5976004K->3509916K(12268352K), 0.1095200 secs] [Times: user=1.12 sys=0.00, real=0.11 secs] 
2011-02-26T12:26:10.621+0000: 23219.920: [GC 23219.920: [ParNew: 2596585K->55639K(2831168K), 0.0710360 secs] 6026524K->3533620K(12268352K), 0.0713540 secs] [Times: user=0.67 sys=0.00, real=0.07 secs] 
2011-02-26T12:26:30.383+0000: 23239.682: [GC 23239.682: [ParNew: 2572247K->254586K(2831168K), 0.0829410 secs] 6050228K->3751031K(12268352K), 0.0832420 secs] [Times: user=0.98 sys=0.00, real=0.08 secs] 
2011-02-26T12:26:33.406+0000: 23242.705: [GC 23242.705: [ParNew: 2771194K->116773K(2831168K), 0.1616300 secs] 6267639K->3836699K(12268352K), 0.1618610 secs] [Times: user=1.62 sys=0.01, real=0.17 secs] 
2011-02-26T12:26:47.617+0000: 23256.916: [GC 23256.916: [ParNew: 2633381K->157826K(2831168K), 0.1730150 secs] 6353307K->3964684K(12268352K), 0.1733230 secs] [Times: user=1.92 sys=0.00, real=0.18 secs] 
2011-02-26T12:27:04.530+0000: 23273.829: [GC 23273.829: [ParNew: 2674434K->149754K(2831168K), 0.1878700 secs] 6481292K->4082708K(12268352K), 0.1881180 secs] [Times: user=1.94 sys=0.00, real=0.19 secs] 
2011-02-26T12:27:07.241+0000: 23276.540: [GC 23276.540: [ParNew: 2666323K->116797K(2831168K), 0.1468270 secs] 6599277K->4165707K(12268352K), 0.1470700 secs] [Times: user=1.25 sys=0.01, real=0.15 secs] 
2011-02-26T12:27:28.533+0000: 23297.832: [GC 23297.832: [ParNew: 2633405K->103616K(2831168K), 0.0786210 secs] 6682315K->4161970K(12268352K), 0.0788940 secs] [Times: user=0.95 sys=0.00, real=0.08 secs] 
2011-02-26T12:27:37.126+0000: 23306.425: [GC 23306.425: [ParNew: 2620224K->103240K(2831168K), 0.1474970 secs] 6678578K->4255902K(12268352K), 0.1477280 secs] [Times: user=1.58 sys=0.02, real=0.15 secs] 
2011-02-26T12:27:56.251+0000: 23325.550: [GC 23325.550: [ParNew: 2619848K->83935K(2831168K), 0.1180080 secs] 6772510K->4313301K(12268352K), 0.1183410 secs] [Times: user=1.17 sys=0.00, real=0.12 secs] 
2011-02-26T12:28:06.843+0000: 23336.142: [GC 23336.142: [ParNew: 2600543K->48503K(2831168K), 0.0746300 secs] 6829909K->4325442K(12268352K), 0.0749450 secs] [Times: user=0.77 sys=0.00, real=0.08 secs] 
2011-02-26T12:28:13.326+0000: 23342.625: [GC 23342.625: [ParNew: 2565111K->32545K(2831168K), 0.0505290 secs] 6842050K->4334693K(12268352K), 0.0508260 secs] [Times: user=0.65 sys=0.00, real=0.05 secs] 
2011-02-26T12:28:32.396+0000: 23361.695: [GC 23361.695: [ParNew: 2549153K->87570K(2831168K), 0.0875800 secs] 6851301K->4403485K(12268352K), 0.0878800 secs] [Times: user=1.02 sys=0.00, real=0.09 secs] 
2011-02-26T12:28:45.774+0000: 23375.074: [GC 23375.074: [ParNew: 2604178K->92938K(2831168K), 0.1078090 secs] 6920093K->4466245K(12268352K), 0.1081050 secs] [Times: user=1.08 sys=0.00, real=0.11 secs] 
2011-02-26T12:28:54.466+0000: 23383.765: [GC 23383.765: [ParNew: 2609546K->147117K(2831168K), 0.0960380 secs] 6982853K->4577279K(12268352K), 0.0963380 secs] [Times: user=1.07 sys=0.02, real=0.10 secs] 
2011-02-26T12:29:05.547+0000: 23394.846: [GC 23394.847: [ParNew: 2663725K->69756K(2831168K), 0.0862000 secs] 7093887K->4543961K(12268352K), 0.1028150 secs] [Times: user=0.98 sys=0.00, real=0.11 secs] 
2011-02-26T12:29:09.663+0000: 23398.962: [GC 23398.963: [ParNew: 2586364K->50429K(2831168K), 0.0725760 secs] 7060569K->4574783K(12268352K), 0.0728890 secs] [Times: user=0.78 sys=0.00, real=0.07 secs] 
2011-02-26T12:29:31.657+0000: 23420.956: [GC 23420.957: [ParNew: 2567037K->99146K(2831168K), 0.0956130 secs] 7091391K->4637776K(12268352K), 0.0959140 secs] [Times: user=0.96 sys=0.01, real=0.09 secs] 
2011-02-26T12:29:34.989+0000: 23424.288: [GC 23424.288: [ParNew: 2615754K->261911K(2831168K), 0.1855530 secs] 7154384K->4883495K(12268352K), 0.1858020 secs] [Times: user=1.74 sys=0.01, real=0.18 secs] 
2011-02-26T12:29:39.825+0000: 23429.124: [GC 23429.125: [ParNew: 2778519K->159264K(2831168K), 0.1310830 secs] 7400103K->4867560K(12268352K), 0.1313200 secs] [Times: user=1.28 sys=0.00, real=0.13 secs] 
2011-02-26T12:29:48.091+0000: 23437.390: [GC 23437.390: [ParNew: 2675872K->72334K(2831168K), 0.0998480 secs] 7384168K->4827806K(12268352K), 0.1000790 secs] [Times: user=1.02 sys=0.02, real=0.10 secs] 
2011-02-26T12:30:04.628+0000: 23453.927: [GC 23453.927: [ParNew: 2588942K->141093K(2831168K), 0.1286770 secs] 7344414K->4955279K(12268352K), 0.1289780 secs] [Times: user=1.37 sys=0.04, real=0.12 secs] 
2011-02-26T12:30:07.226+0000: 23456.526: [GC 23456.526: [ParNew: 2657701K->98798K(2831168K), 0.1437600 secs] 7471887K->5024971K(12268352K), 0.1441290 secs] [Times: user=1.20 sys=0.00, real=0.15 secs] 
2011-02-26T12:30:26.803+0000: 23476.102: [GC 23476.102: [ParNew: 2615406K->104792K(2831168K), 0.0732220 secs] 7541579K->5044987K(12268352K), 0.0734600 secs] [Times: user=0.91 sys=0.00, real=0.07 secs] 
2011-02-26T12:30:36.580+0000: 23485.879: [GC 23485.879: [ParNew: 2621400K->148276K(2831168K), 0.1607690 secs] 7561595K->5177470K(12268352K), 0.1610760 secs] [Times: user=1.65 sys=0.01, real=0.16 secs] 
2011-02-26T12:30:55.417+0000: 23504.716: [GC 23504.716: [ParNew: 2664884K->101354K(2831168K), 0.1701060 secs] 7694078K->5240473K(12268352K), 0.1703930 secs] [Times: user=1.52 sys=0.00, real=0.17 secs] 
2011-02-26T12:31:05.748+0000: 23515.047: [GC 23515.047: [ParNew: 2617962K->42827K(2831168K), 0.0726880 secs] 7757081K->5227163K(12268352K), 0.0729920 secs] [Times: user=0.79 sys=0.00, real=0.07 secs] 
2011-02-26T12:31:11.184+0000: 23520.483: [GC 23520.483: [ParNew: 2559435K->52202K(2831168K), 0.0487890 secs] 7743771K->5258289K(12268352K), 0.0490870 secs] [Times: user=0.52 sys=0.01, real=0.05 secs] 
2011-02-26T12:31:32.323+0000: 23541.622: [GC 23541.622: [ParNew: 2568810K->70876K(2831168K), 0.0750980 secs] 7774897K->5293695K(12268352K), 0.0754530 secs] [Times: user=0.85 sys=0.01, real=0.08 secs] 
2011-02-26T12:31:44.713+0000: 23554.012: [GC 23554.012: [ParNew: 2587484K->89688K(2831168K), 0.1052180 secs] 7810303K->5366873K(12268352K), 0.1055090 secs] [Times: user=1.12 sys=0.00, real=0.11 secs] 
2011-02-26T12:32:02.543+0000: 23571.842: [GC 23571.843: [ParNew: 2606296K->69381K(2831168K), 0.1015860 secs] 7883481K->5409297K(12268352K), 0.1018800 secs] [Times: user=1.14 sys=0.00, real=0.10 secs] 
2011-02-26T12:32:06.056+0000: 23575.355: [GC 23575.356: [ParNew: 2585989K->126086K(2831168K), 0.0765010 secs] 7925905K->5513082K(12268352K), 0.0767820 secs] [Times: user=0.91 sys=0.00, real=0.08 secs] 
2011-02-26T12:32:08.312+0000: 23577.611: [GC 23577.611: [ParNew: 2642694K->98170K(2831168K), 0.0540590 secs] 8029690K->5502319K(12268352K), 0.0543530 secs] [Times: user=0.57 sys=0.02, real=0.05 secs] 
2011-02-26T12:32:12.427+0000: 23581.726: [GC 23581.726: [ParNew: 2614778K->26257K(2831168K), 0.0565770 secs] 8018927K->5516460K(12268352K), 0.0568690 secs] [Times: user=0.61 sys=0.03, real=0.05 secs] 
2011-02-26T12:32:26.247+0000: 23595.546: [GC 23595.546: [ParNew: 2542865K->53911K(2831168K), 0.0620040 secs] 8033068K->5565345K(12268352K), 0.0623210 secs] [Times: user=0.63 sys=0.00, real=0.07 secs] 
2011-02-26T12:32:36.979+0000: 23606.278: [GC 23606.278: [ParNew: 2570519K->119923K(2831168K), 0.1108770 secs] 8081953K->5673756K(12268352K), 0.1111110 secs] [Times: user=1.16 sys=0.00, real=0.11 secs] 
2011-02-26T12:32:44.363+0000: 23613.662: [GC 23613.662: [ParNew: 2636531K->312660K(2831168K), 0.1465700 secs] 8190364K->5978255K(12268352K), 0.1468030 secs] [Times: user=1.58 sys=0.01, real=0.15 secs] 
2011-02-26T12:32:49.053+0000: 23618.353: [GC 23618.353: [ParNew: 2829268K->157223K(2831168K), 0.0888260 secs] 8494863K->5869212K(12268352K), 0.0890510 secs] [Times: user=1.05 sys=0.00, real=0.09 secs] 
2011-02-26T12:32:55.566+0000: 23624.865: [GC 23624.865: [ParNew: 2673831K->81598K(2831168K), 0.0960310 secs] 8385820K->5844438K(12268352K), 0.0962650 secs] [Times: user=1.07 sys=0.00, real=0.10 secs] 
2011-02-26T12:33:05.992+0000: 23635.291: [GC 23635.291: [ParNew: 2598206K->111909K(2831168K), 0.1007420 secs] 8361046K->5930222K(12268352K), 0.1010110 secs] [Times: user=1.06 sys=0.00, real=0.12 secs] 
2011-02-26T12:33:15.250+0000: 23644.549: [GC 23644.549: [ParNew: 2628517K->73789K(2831168K), 0.1074320 secs] 8446830K->5958483K(12268352K), 0.1076710 secs] [Times: user=1.08 sys=0.01, real=0.11 secs] 
2011-02-26T12:33:32.997+0000: 23662.296: [GC 23662.296: [ParNew: 2590397K->155992K(2831168K), 0.1354200 secs] 8475091K->6092256K(12268352K), 0.1357130 secs] [Times: user=1.45 sys=0.03, real=0.14 secs] 
2011-02-26T12:33:47.501+0000: 23676.800: [GC 23676.800: [ParNew: 2672600K->149272K(2831168K), 0.1843790 secs] 8608864K->6206394K(12268352K), 0.1846620 secs] [Times: user=1.98 sys=0.00, real=0.18 secs] 
2011-02-26T12:34:04.686+0000: 23693.985: [GC 23693.985: [ParNew: 2665880K->110243K(2831168K), 0.1510990 secs] 8723002K->6277754K(12268352K), 0.1513950 secs] [Times: user=1.62 sys=0.00, real=0.16 secs] 
2011-02-26T12:34:07.213+0000: 23696.512: [GC 23696.513: [ParNew: 2626851K->44840K(2831168K), 0.0800690 secs] 8794362K->6255704K(12268352K), 0.0804100 secs] [Times: user=0.66 sys=0.00, real=0.08 secs] 
2011-02-26T12:34:28.409+0000: 23717.708: [GC 23717.709: [ParNew: 2561448K->77659K(2831168K), 0.0474210 secs] 8772312K->6291749K(12268352K), 0.0477270 secs] [Times: user=0.52 sys=0.00, real=0.04 secs] 
2011-02-26T12:34:36.954+0000: 23726.254: [GC 23726.254: [ParNew: 2594267K->88852K(2831168K), 0.0970670 secs] 8808357K->6346493K(12268352K), 0.0973630 secs] [Times: user=1.18 sys=0.00, real=0.10 secs] 
2011-02-26T12:34:55.758+0000: 23745.057: [GC 23745.058: [ParNew: 2605460K->75331K(2831168K), 0.1127680 secs] 8863101K->6402954K(12268352K), 0.1130570 secs] [Times: user=1.24 sys=0.00, real=0.11 secs] 
2011-02-26T12:35:05.861+0000: 23755.160: [GC 23755.160: [ParNew: 2591939K->54152K(2831168K), 0.0742600 secs] 8919562K->6427383K(12268352K), 0.0745600 secs] [Times: user=0.73 sys=0.00, real=0.07 secs] 
2011-02-26T12:35:14.023+0000: 23763.322: [GC 23763.323: [ParNew: 2570760K->45392K(2831168K), 0.0485140 secs] 8943991K->6438354K(12268352K), 0.0488120 secs] [Times: user=0.50 sys=0.01, real=0.05 secs] 
2011-02-26T12:35:28.506+0000: 23777.805: [GC 23777.805: [ParNew: 2562000K->52740K(2831168K), 0.0572210 secs] 8954962K->6465994K(12268352K), 0.0574520 secs] [Times: user=0.69 sys=0.00, real=0.06 secs] 
2011-02-26T12:35:36.258+0000: 23785.557: [GC 23785.557: [ParNew: 2569348K->117146K(2831168K), 0.1220130 secs] 8982602K->6574808K(12268352K), 0.1223920 secs] [Times: user=1.28 sys=0.01, real=0.12 secs] 
2011-02-26T12:35:53.864+0000: 23803.163: [GC 23803.163: [ParNew: 2568489K->217348K(2831168K), 0.1474230 secs] 9026150K->6772381K(12268352K), 0.1477150 secs] [Times: user=1.58 sys=0.00, real=0.15 secs] 
2011-02-26T12:36:00.218+0000: 23809.517: [GC 23809.517: [ParNew: 2733956K->103144K(2831168K), 0.1203190 secs] 9288989K->6744314K(12268352K), 0.1206090 secs] [Times: user=1.28 sys=0.01, real=0.12 secs] 
2011-02-26T12:36:06.335+0000: 23815.634: [GC 23815.634: [ParNew: 2619752K->69781K(2831168K), 0.1036650 secs] 9260922K->6776129K(12268352K), 0.1039670 secs] [Times: user=1.14 sys=0.00, real=0.11 secs] 
2011-02-26T12:36:18.356+0000: 23827.655: [GC 23827.655: [ParNew: 2586389K->95319K(2831168K), 0.0896750 secs] 9292737K->6839764K(12268352K), 0.0899730 secs] [Times: user=1.02 sys=0.00, real=0.09 secs] 
2011-02-26T12:36:33.313+0000: 23842.612: [GC 23842.613: [ParNew: 2611927K->151167K(2831168K), 0.1587840 secs] 9356372K->6968920K(12268352K), 0.1590790 secs] [Times: user=1.76 sys=0.00, real=0.16 secs] 
2011-02-26T12:36:49.863+0000: 23859.162: [GC 23859.162: [ParNew: 2667775K->160592K(2831168K), 0.1995000 secs] 9485528K->7111447K(12268352K), 0.1997940 secs] [Times: user=2.21 sys=0.02, real=0.20 secs] 
2011-02-26T12:37:07.006+0000: 23876.305: [GC 23876.305: [ParNew: 2677200K->118980K(2831168K), 0.1521710 secs] 9628055K->7187587K(12268352K), 0.1524730 secs] [Times: user=1.61 sys=0.03, real=0.16 secs] 
2011-02-26T12:37:09.242+0000: 23878.541: [GC 23878.541: [ParNew: 2635588K->50360K(2831168K), 0.0724070 secs] 9704195K->7173280K(12268352K), 0.0726440 secs] [Times: user=0.72 sys=0.01, real=0.07 secs] 
2011-02-26T12:37:09.316+0000: 23878.615: [GC [1 CMS-initial-mark: 7122919K(9437184K)] 7174253K(12268352K), 0.0125720 secs] [Times: user=0.02 sys=0.00, real=0.02 secs] 
2011-02-26T12:37:09.329+0000: 23878.628: [CMS-concurrent-mark-start]
2011-02-26T12:37:10.019+0000: 23879.318: [CMS-concurrent-mark: 0.691/0.691 secs] [Times: user=3.50 sys=0.50, real=0.69 secs] 
2011-02-26T12:37:10.019+0000: 23879.318: [CMS-concurrent-preclean-start]
2011-02-26T12:37:10.075+0000: 23879.374: [CMS-concurrent-preclean: 0.051/0.055 secs] [Times: user=0.08 sys=0.02, real=0.05 secs] 
2011-02-26T12:37:10.075+0000: 23879.374: [CMS-concurrent-abortable-preclean-start]
 CMS: abort preclean due to time 2011-02-26T12:37:15.103+0000: 23884.402: [CMS-concurrent-abortable-preclean: 4.994/5.029 secs] [Times: user=8.98 sys=1.78, real=5.03 secs] 
2011-02-26T12:37:15.105+0000: 23884.404: [GC[YG occupancy: 932211 K (2831168 K)]23884.404: [Rescan (parallel) , 0.7237770 secs]23885.128: [weak refs processing, 0.0359960 secs] [1 CMS-remark: 7122919K(9437184K)] 8055131K(12268352K), 0.7600160 secs] [Times: user=8.07 sys=0.04, real=0.76 secs] 
2011-02-26T12:37:15.866+0000: 23885.165: [CMS-concurrent-sweep-start]
2011-02-26T12:37:31.391+0000: 23900.690: [GC 23900.690: [ParNew: 2566968K->57753K(2831168K), 0.0777220 secs] 7458620K->4953353K(12268352K), 0.0779630 secs] [Times: user=0.79 sys=0.00, real=0.08 secs] 
2011-02-26T12:37:42.006+0000: 23911.305: [GC 23911.305: [ParNew: 2574361K->87632K(2831168K), 0.1064970 secs] 6296489K->3857486K(12268352K), 0.1067920 secs] [Times: user=1.22 sys=0.00, real=0.11 secs] 
2011-02-26T12:37:58.890+0000: 23928.189: [GC 23928.189: [ParNew: 2604240K->71388K(2831168K), 0.1101860 secs] 4487784K->2023967K(12268352K), 0.1104250 secs] [Times: user=1.18 sys=0.00, real=0.11 secs] 
2011-02-26T12:38:06.344+0000: 23935.643: [GC 23935.643: [ParNew: 2587959K->57751K(2831168K), 0.0672130 secs] 3774330K->1287146K(12268352K), 0.0674910 secs] [Times: user=0.78 sys=0.01, real=0.07 secs] 
2011-02-26T12:38:07.026+0000: 23936.325: [CMS-concurrent-sweep: 50.686/51.160 secs] [Times: user=98.02 sys=17.10, real=51.16 secs] 
2011-02-26T12:38:07.026+0000: 23936.325: [CMS-concurrent-reset-start]
2011-02-26T12:38:07.054+0000: 23936.353: [CMS-concurrent-reset: 0.025/0.028 secs] [Times: user=0.08 sys=0.00, real=0.03 secs] 
2011-02-26T12:38:17.777+0000: 23947.076: [GC 23947.076: [ParNew: 2574359K->31569K(2831168K), 0.0467120 secs] 3678571K->1155325K(12268352K), 0.0469560 secs] [Times: user=0.55 sys=0.01, real=0.05 secs] 
2011-02-26T12:38:33.005+0000: 23962.304: [GC 23962.304: [ParNew: 2548177K->176519K(2831168K), 0.0929840 secs] 3671933K->1321246K(12268352K), 0.0932250 secs] [Times: user=1.16 sys=0.01, real=0.10 secs] 
2011-02-26T12:38:38.962+0000: 23968.261: [GC 23968.261: [ParNew: 2693127K->171735K(2831168K), 0.1227960 secs] 3837854K->1379066K(12268352K), 0.1230380 secs] [Times: user=1.27 sys=0.01, real=0.12 secs] 
2011-02-26T12:38:57.186+0000: 23986.486: [GC 23986.486: [ParNew: 2688343K->129081K(2831168K), 0.1300260 secs] 3895674K->1402378K(12268352K), 0.1303440 secs] [Times: user=1.42 sys=0.01, real=0.13 secs] 
2011-02-26T12:39:06.882+0000: 23996.182: [GC 23996.182: [ParNew: 2645689K->80657K(2831168K), 0.1662710 secs] 3918986K->1439375K(12268352K), 0.1666090 secs] [Times: user=1.19 sys=0.01, real=0.17 secs] 
2011-02-26T12:39:08.572+0000: 23997.871: [GC 23997.871: [ParNew: 2597265K->186535K(2831168K), 0.0962640 secs] 3955983K->1582794K(12268352K), 0.0965180 secs] [Times: user=0.86 sys=0.01, real=0.10 secs] 
2011-02-26T12:39:13.016+0000: 24002.316: [GC 24002.316: [ParNew: 2703143K->135355K(2831168K), 0.0759960 secs] 4099402K->1548091K(12268352K), 0.0762370 secs] [Times: user=0.72 sys=0.01, real=0.08 secs] 
2011-02-26T12:39:21.222+0000: 24010.521: [GC 24010.521: [ParNew: 2651963K->50991K(2831168K), 0.1196130 secs] 4064699K->1514479K(12268352K), 0.1198520 secs] [Times: user=1.06 sys=0.00, real=0.12 secs] 
2011-02-26T12:39:33.704+0000: 24023.003: [GC 24023.003: [ParNew: 2567599K->168147K(2831168K), 0.1278360 secs] 4031087K->1669478K(12268352K), 0.1280740 secs] [Times: user=1.44 sys=0.00, real=0.13 secs] 
2011-02-26T12:39:52.519+0000: 24041.818: [GC 24041.818: [ParNew: 2684755K->153444K(2831168K), 0.2092960 secs] 4186086K->1798071K(12268352K), 0.2095290 secs] [Times: user=2.11 sys=0.03, real=0.21 secs] 
2011-02-26T12:40:05.645+0000: 24054.944: [GC 24054.944: [ParNew: 2670022K->122804K(2831168K), 0.1813730 secs] 4314649K->1891728K(12268352K), 0.1816500 secs] [Times: user=1.92 sys=0.00, real=0.18 secs] 
2011-02-26T12:40:09.102+0000: 24058.401: [GC 24058.401: [ParNew: 2639412K->89861K(2831168K), 0.1207090 secs] 4408336K->1937086K(12268352K), 0.1209770 secs] [Times: user=1.07 sys=0.00, real=0.12 secs] 
2011-02-26T12:40:31.274+0000: 24080.573: [GC 24080.573: [ParNew: 2606469K->75855K(2831168K), 0.0640510 secs] 4453694K->1934729K(12268352K), 0.0643660 secs] [Times: user=0.77 sys=0.00, real=0.07 secs] 
2011-02-26T12:40:43.214+0000: 24092.513: [GC 24092.513: [ParNew: 2592463K->86987K(2831168K), 0.1197670 secs] 4451337K->1995565K(12268352K), 0.1200700 secs] [Times: user=1.36 sys=0.01, real=0.12 secs] 
2011-02-26T12:41:00.264+0000: 24109.563: [GC 24109.563: [ParNew: 2603595K->75729K(2831168K), 0.1125080 secs] 4512173K->2050777K(12268352K), 0.1128670 secs] [Times: user=1.28 sys=0.00, real=0.12 secs] 
2011-02-26T12:41:06.467+0000: 24115.766: [GC 24115.766: [ParNew: 2592337K->50904K(2831168K), 0.0702920 secs] 4567385K->2074000K(12268352K), 0.0706460 secs] [Times: user=0.75 sys=0.00, real=0.08 secs] 
2011-02-26T12:41:18.753+0000: 24128.052: [GC 24128.052: [ParNew: 2567512K->31973K(2831168K), 0.0409710 secs] 4590608K->2065538K(12268352K), 0.0412560 secs] [Times: user=0.52 sys=0.00, real=0.04 secs] 
2011-02-26T12:41:34.741+0000: 24144.040: [GC 24144.040: [ParNew: 2548581K->106091K(2831168K), 0.0793560 secs] 4582146K->2162027K(12268352K), 0.0796280 secs] [Times: user=0.89 sys=0.00, real=0.08 secs] 
2011-02-26T12:41:39.145+0000: 24148.444: [GC 24148.445: [ParNew: 2622699K->226634K(2831168K), 0.1050450 secs] 4678635K->2338970K(12268352K), 0.1052900 secs] [Times: user=1.19 sys=0.00, real=0.11 secs] 
2011-02-26T12:41:52.074+0000: 24161.373: [GC 24161.373: [ParNew: 2743242K->78744K(2831168K), 0.0989740 secs] 4855578K->2246215K(12268352K), 0.0992650 secs] [Times: user=1.09 sys=0.01, real=0.10 secs] 
2011-02-26T12:42:05.509+0000: 24174.808: [GC 24174.809: [ParNew: 2595352K->78467K(2831168K), 0.0961010 secs] 4762823K->2307139K(12268352K), 0.0963530 secs] [Times: user=1.00 sys=0.00, real=0.09 secs] 
2011-02-26T12:42:08.642+0000: 24177.941: [GC 24177.942: [ParNew: 2595075K->59725K(2831168K), 0.0725890 secs] 4823747K->2343914K(12268352K), 0.0728300 secs] [Times: user=0.73 sys=0.00, real=0.07 secs] 
2011-02-26T12:42:26.335+0000: 24195.634: [GC 24195.634: [ParNew: 2576333K->233656K(2831168K), 0.0767720 secs] 4860522K->2531400K(12268352K), 0.0770880 secs] [Times: user=0.95 sys=0.00, real=0.08 secs] 
2011-02-26T12:42:31.034+0000: 24200.333: [GC 24200.333: [ParNew: 2750264K->153156K(2831168K), 0.1484040 secs] 5048008K->2524957K(12268352K), 0.1486400 secs] [Times: user=1.50 sys=0.00, real=0.15 secs] 
2011-02-26T12:42:33.511+0000: 24202.810: [GC 24202.810: [ParNew: 2669764K->109137K(2831168K), 0.1378450 secs] 5041565K->2601306K(12268352K), 0.1380740 secs] [Times: user=1.15 sys=0.01, real=0.14 secs] 
2011-02-26T12:42:48.267+0000: 24217.566: [GC 24217.566: [ParNew: 2625745K->155428K(2831168K), 0.1603190 secs] 5117914K->2737091K(12268352K), 0.1606110 secs] [Times: user=1.63 sys=0.00, real=0.17 secs] 
2011-02-26T12:43:04.790+0000: 24234.090: [GC 24234.090: [ParNew: 2672036K->156166K(2831168K), 0.1630110 secs] 5253699K->2841136K(12268352K), 0.1633200 secs] [Times: user=1.70 sys=0.01, real=0.16 secs] 
2011-02-26T12:43:06.986+0000: 24236.285: [GC 24236.285: [ParNew: 2672774K->105577K(2831168K), 0.1146420 secs] 5357744K->2897794K(12268352K), 0.1149400 secs] [Times: user=1.15 sys=0.02, real=0.12 secs] 
2011-02-26T12:43:25.103+0000: 24254.402: [GC 24254.402: [ParNew: 2622185K->91723K(2831168K), 0.0721030 secs] 5414402K->2892526K(12268352K), 0.0723990 secs] [Times: user=0.90 sys=0.00, real=0.07 secs] 
2011-02-26T12:43:35.222+0000: 24264.521: [GC 24264.521: [ParNew: 2608331K->87345K(2831168K), 0.1393090 secs] 5409134K->2971710K(12268352K), 0.1395870 secs] [Times: user=1.51 sys=0.01, real=0.14 secs] 
2011-02-26T12:43:53.405+0000: 24282.704: [GC 24282.704: [ParNew: 2603953K->80040K(2831168K), 0.1270150 secs] 5488318K->3038798K(12268352K), 0.1272480 secs] [Times: user=1.36 sys=0.00, real=0.13 secs] 
2011-02-26T12:44:05.619+0000: 24294.918: [GC 24294.918: [ParNew: 2596648K->49815K(2831168K), 0.0714090 secs] 5555406K->3053604K(12268352K), 0.0716580 secs] [Times: user=0.78 sys=0.00, real=0.07 secs] 
2011-02-26T12:44:08.896+0000: 24298.195: [GC 24298.195: [ParNew: 2566423K->36721K(2831168K), 0.0458890 secs] 5570212K->3070128K(12268352K), 0.0461310 secs] [Times: user=0.52 sys=0.00, real=0.05 secs] 
2011-02-26T12:44:30.779+0000: 24320.078: [GC 24320.078: [ParNew: 2553329K->144500K(2831168K), 0.0537440 secs] 5586736K->3182884K(12268352K), 0.0539770 secs] [Times: user=0.65 sys=0.00, real=0.05 secs] 
2011-02-26T12:44:39.728+0000: 24329.027: [GC 24329.027: [ParNew: 2661108K->84886K(2831168K), 0.1046950 secs] 5699492K->3166079K(12268352K), 0.1049210 secs] [Times: user=1.17 sys=0.00, real=0.10 secs] 
2011-02-26T12:44:50.011+0000: 24339.310: [GC 24339.310: [ParNew: 2601494K->141621K(2831168K), 0.1093880 secs] 5682687K->3292671K(12268352K), 0.1096640 secs] [Times: user=1.16 sys=0.02, real=0.11 secs] 
2011-02-26T12:44:55.025+0000: 24344.324: [GC 24344.324: [ParNew: 2658229K->127244K(2831168K), 0.0764510 secs] 5809279K->3323264K(12268352K), 0.0767000 secs] [Times: user=0.92 sys=0.00, real=0.08 secs] 
2011-02-26T12:44:59.520+0000: 24348.819: [GC 24348.820: [ParNew: 2643852K->36101K(2831168K), 0.0626040 secs] 5839872K->3333526K(12268352K), 0.0628360 secs] [Times: user=0.64 sys=0.01, real=0.06 secs] 
2011-02-26T12:45:04.997+0000: 24354.296: [GC 24354.296: [ParNew: 2552709K->141382K(2831168K), 0.0651610 secs] 5850134K->3461933K(12268352K), 0.0654380 secs] [Times: user=0.69 sys=0.00, real=0.07 secs] 
2011-02-26T12:45:06.775+0000: 24356.074: [GC 24356.074: [ParNew: 2657990K->31720K(2831168K), 0.0549580 secs] 5978541K->3456095K(12268352K), 0.0551970 secs] [Times: user=0.65 sys=0.00, real=0.06 secs] 
2011-02-26T12:45:10.543+0000: 24359.842: [GC 24359.842: [ParNew: 2548328K->19324K(2831168K), 0.0288970 secs] 5972703K->3448301K(12268352K), 0.0291550 secs] [Times: user=0.34 sys=0.01, real=0.03 secs] 
2011-02-26T12:45:16.997+0000: 24366.296: [GC 24366.296: [ParNew: 2535932K->30299K(2831168K), 0.0414400 secs] 5964909K->3473777K(12268352K), 0.0416820 secs] [Times: user=0.48 sys=0.00, real=0.05 secs] 
2011-02-26T12:45:23.789+0000: 24373.088: [GC 24373.088: [ParNew: 2546907K->27611K(2831168K), 0.0478070 secs] 5990385K->3494029K(12268352K), 0.0480400 secs] [Times: user=0.49 sys=0.02, real=0.05 secs] 
2011-02-26T12:45:31.603+0000: 24380.903: [GC 24380.903: [ParNew: 2544219K->65624K(2831168K), 0.0585960 secs] 6010637K->3552784K(12268352K), 0.0588240 secs] [Times: user=0.59 sys=0.03, real=0.06 secs] 
2011-02-26T12:45:34.424+0000: 24383.723: [GC 24383.723: [ParNew: 2582232K->259606K(2831168K), 0.1039850 secs] 6069392K->3785188K(12268352K), 0.1042170 secs] [Times: user=1.23 sys=0.00, real=0.11 secs] 
2011-02-26T12:45:47.938+0000: 24397.237: [GC 24397.237: [ParNew: 2776214K->148990K(2831168K), 0.1632290 secs] 6301796K->3771999K(12268352K), 0.1635100 secs] [Times: user=1.77 sys=0.00, real=0.16 secs] 
2011-02-26T12:46:04.529+0000: 24413.828: [GC 24413.828: [ParNew: 2665598K->163445K(2831168K), 0.1730190 secs] 6288607K->3888802K(12268352K), 0.1733260 secs] [Times: user=1.85 sys=0.00, real=0.17 secs] 
2011-02-26T12:46:08.155+0000: 24417.455: [GC 24417.455: [ParNew: 2680053K->107887K(2831168K), 0.1190020 secs] 6405410K->3944758K(12268352K), 0.1192990 secs] [Times: user=1.14 sys=0.00, real=0.12 secs] 
2011-02-26T12:46:31.286+0000: 24440.585: [GC 24440.585: [ParNew: 2624495K->127504K(2831168K), 0.0905480 secs] 6461366K->3977745K(12268352K), 0.0908420 secs] [Times: user=1.15 sys=0.00, real=0.09 secs] 
2011-02-26T12:46:41.558+0000: 24450.857: [GC 24450.857: [ParNew: 2644112K->110606K(2831168K), 0.1693690 secs] 6494353K->4070266K(12268352K), 0.1695970 secs] [Times: user=1.74 sys=0.01, real=0.17 secs] 
2011-02-26T12:46:58.694+0000: 24467.993: [GC 24467.993: [ParNew: 2627214K->87974K(2831168K), 0.1291660 secs] 6586874K->4134192K(12268352K), 0.1295370 secs] [Times: user=1.32 sys=0.01, real=0.13 secs] 
2011-02-26T12:47:06.317+0000: 24475.616: [GC 24475.616: [ParNew: 2604582K->48801K(2831168K), 0.0726370 secs] 6650800K->4138807K(12268352K), 0.0729590 secs] [Times: user=0.79 sys=0.00, real=0.08 secs] 
2011-02-26T12:47:22.238+0000: 24491.537: [GC 24491.537: [ParNew: 2565409K->36339K(2831168K), 0.0482950 secs] 6655415K->4146400K(12268352K), 0.0485670 secs] [Times: user=0.56 sys=0.02, real=0.04 secs] 
2011-02-26T12:47:34.039+0000: 24503.338: [GC 24503.338: [ParNew: 2552947K->94743K(2831168K), 0.1146060 secs] 6663008K->4231991K(12268352K), 0.1148580 secs] [Times: user=1.08 sys=0.00, real=0.11 secs] 
2011-02-26T12:47:50.750+0000: 24520.049: [GC 24520.049: [ParNew: 2611351K->75471K(2831168K), 0.1167060 secs] 6748599K->4281239K(12268352K), 0.1169370 secs] [Times: user=1.05 sys=0.01, real=0.12 secs] 
2011-02-26T12:48:00.441+0000: 24529.740: [GC 24529.740: [ParNew: 2592079K->138716K(2831168K), 0.0887020 secs] 6797847K->4394066K(12268352K), 0.0889970 secs] [Times: user=0.98 sys=0.00, real=0.09 secs] 
2011-02-26T12:48:21.948+0000: 24551.247: [GC 24551.247: [ParNew: 2655324K->101645K(2831168K), 0.0934490 secs] 6910674K->4402301K(12268352K), 0.0937560 secs] [Times: user=1.04 sys=0.00, real=0.09 secs] 
2011-02-26T12:48:26.487+0000: 24555.786: [GC 24555.786: [ParNew: 2618253K->61699K(2831168K), 0.0833000 secs] 6918909K->4427111K(12268352K), 0.0836000 secs] [Times: user=0.89 sys=0.00, real=0.09 secs] 
2011-02-26T12:48:35.844+0000: 24565.143: [GC 24565.143: [ParNew: 2578307K->116413K(2831168K), 0.0966400 secs] 6943719K->4493526K(12268352K), 0.0969420 secs] [Times: user=1.03 sys=0.00, real=0.10 secs] 
2011-02-26T12:48:41.038+0000: 24570.337: [GC 24570.337: [ParNew: 2633021K->166179K(2831168K), 0.1499630 secs] 7010134K->4642136K(12268352K), 0.1502570 secs] [Times: user=1.63 sys=0.00, real=0.15 secs] 
2011-02-26T12:48:45.375+0000: 24574.674: [GC 24574.675: [ParNew: 2682787K->62321K(2831168K), 0.0972940 secs] 7158744K->4669314K(12268352K), 0.0975880 secs] [Times: user=1.07 sys=0.00, real=0.10 secs] 
2011-02-26T12:49:00.329+0000: 24589.628: [GC 24589.629: [ParNew: 2578929K->135445K(2831168K), 0.1041240 secs] 7185922K->4773697K(12268352K), 0.1043670 secs] [Times: user=1.19 sys=0.00, real=0.10 secs] 
2011-02-26T12:49:06.796+0000: 24596.095: [GC 24596.095: [ParNew: 2652023K->96676K(2831168K), 0.1500810 secs] 7290275K->4855223K(12268352K), 0.1503840 secs] [Times: user=1.43 sys=0.01, real=0.15 secs] 
2011-02-26T12:49:23.217+0000: 24612.516: [GC 24612.516: [ParNew: 2613284K->103236K(2831168K), 0.0891630 secs] 7371831K->4888969K(12268352K), 0.0894690 secs] [Times: user=1.00 sys=0.01, real=0.09 secs] 
2011-02-26T12:49:34.073+0000: 24623.372: [GC 24623.372: [ParNew: 2619844K->156472K(2831168K), 0.1587640 secs] 7405577K->5024791K(12268352K), 0.1590600 secs] [Times: user=1.75 sys=0.01, real=0.16 secs] 
2011-02-26T12:49:53.193+0000: 24642.492: [GC 24642.492: [ParNew: 2673080K->113001K(2831168K), 0.1710070 secs] 7541399K->5108355K(12268352K), 0.1713190 secs] [Times: user=1.83 sys=0.01, real=0.17 secs] 
2011-02-26T12:50:05.661+0000: 24654.960: [GC 24654.961: [ParNew: 2629609K->62698K(2831168K), 0.0902970 secs] 7624963K->5117309K(12268352K), 0.0906160 secs] [Times: user=0.93 sys=0.00, real=0.09 secs] 
2011-02-26T12:50:12.312+0000: 24661.611: [GC 24661.611: [ParNew: 2579306K->25276K(2831168K), 0.0552550 secs] 7633917K->5110482K(12268352K), 0.0555890 secs] [Times: user=0.62 sys=0.00, real=0.06 secs] 
2011-02-26T12:50:32.346+0000: 24681.645: [GC 24681.645: [ParNew: 2541884K->86438K(2831168K), 0.0961930 secs] 7627090K->5184680K(12268352K), 0.0964320 secs] [Times: user=0.96 sys=0.00, real=0.10 secs] 
2011-02-26T12:50:45.357+0000: 24694.656: [GC 24694.656: [ParNew: 2603046K->86936K(2831168K), 0.1135290 secs] 7701288K->5244007K(12268352K), 0.1137630 secs] [Times: user=1.16 sys=0.01, real=0.11 secs] 
2011-02-26T12:50:55.908+0000: 24705.207: [GC 24705.207: [ParNew: 2603544K->57989K(2831168K), 0.0879570 secs] 7760615K->5271062K(12268352K), 0.0881940 secs] [Times: user=1.00 sys=0.00, real=0.08 secs] 
2011-02-26T12:51:06.129+0000: 24715.428: [GC 24715.428: [ParNew: 2574597K->48498K(2831168K), 0.0543640 secs] 7787670K->5294173K(12268352K), 0.0546710 secs] [Times: user=0.55 sys=0.00, real=0.05 secs] 
2011-02-26T12:51:11.670+0000: 24720.969: [GC 24720.969: [ParNew: 2565106K->104002K(2831168K), 0.0646500 secs] 7810781K->5374382K(12268352K), 0.0649500 secs] [Times: user=0.73 sys=0.00, real=0.06 secs] 
2011-02-26T12:51:30.670+0000: 24739.969: [GC 24739.969: [ParNew: 2620610K->77278K(2831168K), 0.0725480 secs] 7890990K->5369739K(12268352K), 0.0728450 secs] [Times: user=0.77 sys=0.00, real=0.07 secs] 
2011-02-26T12:51:40.374+0000: 24749.673: [GC 24749.673: [ParNew: 2593886K->122316K(2831168K), 0.1302560 secs] 7886347K->5480355K(12268352K), 0.1305240 secs] [Times: user=1.45 sys=0.00, real=0.13 secs] 
2011-02-26T12:51:51.525+0000: 24760.824: [GC 24760.825: [ParNew: 2638924K->252939K(2831168K), 0.1621690 secs] 7996963K->5714690K(12268352K), 0.1698230 secs] [Times: user=1.65 sys=0.00, real=0.17 secs] 
2011-02-26T12:51:55.964+0000: 24765.263: [GC 24765.263: [ParNew: 2769547K->160813K(2831168K), 0.1060200 secs] 8231298K->5691716K(12268352K), 0.1062500 secs] [Times: user=1.16 sys=0.00, real=0.11 secs] 
2011-02-26T12:52:04.535+0000: 24773.834: [GC 24773.835: [ParNew: 2677421K->78899K(2831168K), 0.0963960 secs] 8208324K->5657057K(12268352K), 0.0966380 secs] [Times: user=1.02 sys=0.01, real=0.10 secs] 
2011-02-26T12:52:07.181+0000: 24776.480: [GC 24776.480: [ParNew: 2595507K->55285K(2831168K), 0.0799110 secs] 8173665K->5695137K(12268352K), 0.0801480 secs] [Times: user=0.75 sys=0.01, real=0.08 secs] 
2011-02-26T12:52:27.015+0000: 24796.314: [GC 24796.314: [ParNew: 2571893K->105616K(2831168K), 0.0809410 secs] 8211745K->5757307K(12268352K), 0.0812520 secs] [Times: user=0.95 sys=0.01, real=0.08 secs] 
2011-02-26T12:52:36.615+0000: 24805.914: [GC 24805.914: [ParNew: 2622224K->170709K(2831168K), 0.1697020 secs] 8273915K->5916862K(12268352K), 0.1699900 secs] [Times: user=1.85 sys=0.00, real=0.17 secs] 
2011-02-26T12:52:54.625+0000: 24823.924: [GC 24823.925: [ParNew: 2687317K->130130K(2831168K), 0.2013730 secs] 8433470K->6012436K(12268352K), 0.2016100 secs] [Times: user=1.99 sys=0.00, real=0.21 secs] 
2011-02-26T12:53:06.116+0000: 24835.415: [GC 24835.416: [ParNew: 2646685K->102255K(2831168K), 0.1262910 secs] 8528991K->6080023K(12268352K), 0.1265380 secs] [Times: user=1.24 sys=0.00, real=0.13 secs] 
2011-02-26T12:53:13.422+0000: 24842.721: [GC 24842.721: [ParNew: 2618863K->38602K(2831168K), 0.0504080 secs] 8596631K->6037594K(12268352K), 0.0507020 secs] [Times: user=0.53 sys=0.00, real=0.05 secs] 
2011-02-26T12:53:32.504+0000: 24861.804: [GC 24861.804: [ParNew: 2555210K->83114K(2831168K), 0.0731780 secs] 8554202K->6100886K(12268352K), 0.0734750 secs] [Times: user=0.84 sys=0.01, real=0.08 secs] 
2011-02-26T12:53:47.300+0000: 24876.599: [GC 24876.599: [ParNew: 2599722K->85340K(2831168K), 0.1088910 secs] 8617494K->6164528K(12268352K), 0.1091910 secs] [Times: user=1.18 sys=0.00, real=0.11 secs] 
2011-02-26T12:54:02.708+0000: 24892.007: [GC 24892.007: [ParNew: 2601948K->70109K(2831168K), 0.0913540 secs] 8681136K->6204044K(12268352K), 0.0916440 secs] [Times: user=0.97 sys=0.00, real=0.09 secs] 
2011-02-26T12:54:07.074+0000: 24896.373: [GC 24896.373: [ParNew: 2586717K->46526K(2831168K), 0.0504790 secs] 8720652K->6224141K(12268352K), 0.0507780 secs] [Times: user=0.51 sys=0.01, real=0.05 secs] 
2011-02-26T12:54:24.871+0000: 24914.170: [GC 24914.170: [ParNew: 2563134K->66797K(2831168K), 0.0414420 secs] 8740749K->6250369K(12268352K), 0.0417410 secs] [Times: user=0.51 sys=0.00, real=0.04 secs] 
2011-02-26T12:54:32.270+0000: 24921.569: [GC 24921.569: [ParNew: 2583405K->145538K(2831168K), 0.0943410 secs] 8766977K->6365774K(12268352K), 0.0946350 secs] [Times: user=1.02 sys=0.00, real=0.09 secs] 
2011-02-26T12:54:45.579+0000: 24934.878: [GC 24934.879: [ParNew: 2662146K->121878K(2831168K), 0.1323980 secs] 8882382K->6396839K(12268352K), 0.1326270 secs] [Times: user=1.36 sys=0.02, real=0.13 secs] 
2011-02-26T12:55:00.600+0000: 24949.899: [GC 24949.899: [ParNew: 2638486K->276526K(2831168K), 0.1605110 secs] 8913447K->6648967K(12268352K), 0.1607670 secs] [Times: user=1.67 sys=0.01, real=0.16 secs] 
2011-02-26T12:55:05.348+0000: 24954.647: [GC 24954.647: [ParNew: 2793134K->85989K(2831168K), 0.1232150 secs] 9165575K->6546721K(12268352K), 0.1234590 secs] [Times: user=1.16 sys=0.02, real=0.12 secs] 
2011-02-26T12:55:07.979+0000: 24957.278: [GC 24957.278: [ParNew: 2602597K->35216K(2831168K), 0.0747120 secs] 9063329K->6529985K(12268352K), 0.0749550 secs] [Times: user=0.77 sys=0.00, real=0.07 secs] 
2011-02-26T12:55:29.353+0000: 24978.652: [GC 24978.652: [ParNew: 2551824K->123353K(2831168K), 0.0917160 secs] 9046593K->6630610K(12268352K), 0.0920140 secs] [Times: user=1.08 sys=0.00, real=0.09 secs] 
2011-02-26T12:55:37.783+0000: 24987.082: [GC 24987.082: [ParNew: 2639961K->195343K(2831168K), 0.1906270 secs] 9147218K->6818421K(12268352K), 0.1909150 secs] [Times: user=2.05 sys=0.00, real=0.19 secs] 
2011-02-26T12:55:57.255+0000: 25006.554: [GC 25006.554: [ParNew: 2711951K->158480K(2831168K), 0.2012170 secs] 9335029K->6922772K(12268352K), 0.2015120 secs] [Times: user=2.21 sys=0.00, real=0.20 secs] 
2011-02-26T12:56:06.313+0000: 25015.613: [GC 25015.613: [ParNew: 2675088K->120752K(2831168K), 0.1489120 secs] 9439380K->7003045K(12268352K), 0.1492220 secs] [Times: user=1.51 sys=0.00, real=0.15 secs] 
2011-02-26T12:56:14.936+0000: 25024.235: [GC 25024.235: [ParNew: 2637360K->40328K(2831168K), 0.0577740 secs] 9519653K->6959134K(12268352K), 0.0580750 secs] [Times: user=0.65 sys=0.00, real=0.06 secs] 
2011-02-26T12:56:32.694+0000: 25041.993: [GC 25041.993: [ParNew: 2556936K->87134K(2831168K), 0.0711860 secs] 9475742K->7021858K(12268352K), 0.0714470 secs] [Times: user=0.87 sys=0.00, real=0.07 secs] 
2011-02-26T12:56:47.927+0000: 25057.226: [GC 25057.227: [ParNew: 2603742K->90065K(2831168K), 0.1048580 secs] 9538466K->7082045K(12268352K), 0.1051650 secs] [Times: user=1.23 sys=0.01, real=0.10 secs] 
2011-02-26T12:57:04.356+0000: 25073.655: [GC 25073.655: [ParNew: 2606673K->70360K(2831168K), 0.0904520 secs] 9598653K->7117824K(12268352K), 0.0907000 secs] [Times: user=0.98 sys=0.00, real=0.09 secs] 
2011-02-26T12:57:07.496+0000: 25076.795: [GC 25076.795: [ParNew: 2586968K->46347K(2831168K), 0.0529750 secs] 9634432K->7136202K(12268352K), 0.0532170 secs] [Times: user=0.54 sys=0.00, real=0.06 secs] 
2011-02-26T12:57:07.550+0000: 25076.849: [GC [1 CMS-initial-mark: 7089854K(9437184K)] 7138495K(12268352K), 0.0121840 secs] [Times: user=0.01 sys=0.00, real=0.01 secs] 
2011-02-26T12:57:07.563+0000: 25076.862: [CMS-concurrent-mark-start]
2011-02-26T12:57:08.316+0000: 25077.615: [CMS-concurrent-mark: 0.751/0.753 secs] [Times: user=3.98 sys=0.52, real=0.75 secs] 
2011-02-26T12:57:08.316+0000: 25077.615: [CMS-concurrent-preclean-start]
2011-02-26T12:57:08.357+0000: 25077.656: [CMS-concurrent-preclean: 0.040/0.041 secs] [Times: user=0.06 sys=0.01, real=0.04 secs] 
2011-02-26T12:57:08.357+0000: 25077.656: [CMS-concurrent-abortable-preclean-start]
 CMS: abort preclean due to time 2011-02-26T12:57:13.388+0000: 25082.687: [CMS-concurrent-abortable-preclean: 4.896/5.031 secs] [Times: user=9.32 sys=1.74, real=5.04 secs] 
2011-02-26T12:57:13.389+0000: 25082.688: [GC[YG occupancy: 1448886 K (2831168 K)]25082.688: [Rescan (parallel) , 1.0457600 secs]25083.734: [weak refs processing, 0.0276070 secs] [1 CMS-remark: 7089854K(9437184K)] 8538740K(12268352K), 1.0736050 secs] [Times: user=12.08 sys=0.02, real=1.07 secs] 
2011-02-26T12:57:14.463+0000: 25083.762: [CMS-concurrent-sweep-start]
2011-02-26T12:57:24.957+0000: 25094.256: [GC 25094.257: [ParNew: 2562955K->57689K(2831168K), 0.0532840 secs] 7928776K->5429486K(12268352K), 0.0535260 secs] [Times: user=0.53 sys=0.01, real=0.06 secs] 
2011-02-26T12:57:34.533+0000: 25103.832: [GC 25103.832: [ParNew: 2574297K->162617K(2831168K), 0.1277130 secs] 6565122K->4189427K(12268352K), 0.1279720 secs] [Times: user=1.10 sys=0.00, real=0.13 secs] 
2011-02-26T12:57:40.209+0000: 25109.508: [GC 25109.508: [ParNew: 2679225K->149151K(2831168K), 0.1406540 secs] 5906384K->3447464K(12268352K), 0.1408950 secs] [Times: user=1.08 sys=0.00, real=0.14 secs] 
2011-02-26T12:57:44.859+0000: 25114.158: [GC 25114.158: [ParNew: 2665759K->36117K(2831168K), 0.1000610 secs] 5336340K->2824991K(12268352K), 0.1002910 secs] [Times: user=0.93 sys=0.00, real=0.10 secs] 
2011-02-26T12:57:56.678+0000: 25125.977: [GC 25125.977: [ParNew: 2552725K->65471K(2831168K), 0.0885900 secs] 3812585K->1346857K(12268352K), 0.0888260 secs] [Times: user=0.94 sys=0.00, real=0.09 secs] 
2011-02-26T12:57:57.065+0000: 25126.364: [CMS-concurrent-sweep: 41.989/42.601 secs] [Times: user=91.68 sys=15.59, real=42.60 secs] 
2011-02-26T12:57:57.065+0000: 25126.364: [CMS-concurrent-reset-start]
2011-02-26T12:57:57.086+0000: 25126.385: [CMS-concurrent-reset: 0.021/0.021 secs] [Times: user=0.03 sys=0.01, real=0.02 secs] 
2011-02-26T12:58:07.558+0000: 25136.857: [GC 25136.857: [ParNew: 2582079K->57749K(2831168K), 0.0886100 secs] 3831155K->1363486K(12268352K), 0.0888570 secs] [Times: user=0.87 sys=0.00, real=0.09 secs] 
2011-02-26T12:58:15.336+0000: 25144.635: [GC 25144.635: [ParNew: 2574357K->199955K(2831168K), 0.0837630 secs] 3880094K->1549073K(12268352K), 0.0840030 secs] [Times: user=0.92 sys=0.01, real=0.09 secs] 
2011-02-26T12:58:15.421+0000: 25144.720: [GC 25144.721: [ParNew: 201223K->24459K(2831168K), 0.0661940 secs] 1550342K->1559041K(12268352K), 0.0663790 secs] [Times: user=0.66 sys=0.00, real=0.07 secs] 
2011-02-26T12:58:20.561+0000: 25149.860: [GC 25149.860: [ParNew: 2541067K->121749K(2831168K), 0.0592960 secs] 4075649K->1656332K(12268352K), 0.0595260 secs] [Times: user=0.76 sys=0.00, real=0.06 secs] 
2011-02-26T12:58:26.938+0000: 25156.237: [GC 25156.238: [ParNew: 2638357K->43039K(2831168K), 0.0820890 secs] 4172940K->1614935K(12268352K), 0.0823190 secs] [Times: user=0.84 sys=0.00, real=0.08 secs] 
2011-02-26T12:58:36.023+0000: 25165.322: [GC 25165.322: [ParNew: 2559647K->156916K(2831168K), 0.1198570 secs] 4131543K->1761563K(12268352K), 0.1200890 secs] [Times: user=1.34 sys=0.01, real=0.12 secs] 
2011-02-26T12:58:55.384+0000: 25184.683: [GC 25184.683: [ParNew: 2673524K->176112K(2831168K), 0.2971980 secs] 4278171K->1922429K(12268352K), 0.2974360 secs] [Times: user=2.26 sys=0.00, real=0.30 secs] 
2011-02-26T12:59:06.299+0000: 25195.598: [GC 25195.599: [ParNew: 2692720K->120011K(2831168K), 0.2424150 secs] 4439037K->1987755K(12268352K), 0.2426980 secs] [Times: user=1.75 sys=0.05, real=0.25 secs] 
2011-02-26T12:59:15.052+0000: 25204.351: [GC 25204.351: [ParNew: 2636619K->68393K(2831168K), 0.1021760 secs] 4504363K->1995024K(12268352K), 0.1024140 secs] [Times: user=1.08 sys=0.01, real=0.10 secs] 
2011-02-26T12:59:33.106+0000: 25222.405: [GC 25222.405: [ParNew: 2585001K->99600K(2831168K), 0.1165190 secs] 4511632K->2075594K(12268352K), 0.1167780 secs] [Times: user=1.28 sys=0.00, real=0.12 secs] 
2011-02-26T12:59:47.474+0000: 25236.773: [GC 25236.773: [ParNew: 2616208K->78311K(2831168K), 0.1124510 secs] 4592202K->2112838K(12268352K), 0.1126890 secs] [Times: user=1.28 sys=0.00, real=0.11 secs] 
2011-02-26T12:59:58.370+0000: 25247.669: [GC 25247.669: [ParNew: 2594919K->54595K(2831168K), 0.0860960 secs] 4629446K->2143268K(12268352K), 0.0863320 secs] [Times: user=0.90 sys=0.01, real=0.08 secs] 
2011-02-26T13:00:06.370+0000: 25255.669: [GC 25255.670: [ParNew: 2571203K->26972K(2831168K), 0.0511580 secs] 4659876K->2147007K(12268352K), 0.0767090 secs] [Times: user=0.55 sys=0.01, real=0.07 secs] 
2011-02-26T13:00:20.697+0000: 25269.996: [GC 25269.996: [ParNew: 2543580K->70148K(2831168K), 0.0538810 secs] 4663615K->2206209K(12268352K), 0.0541280 secs] [Times: user=0.65 sys=0.00, real=0.06 secs] 
2011-02-26T13:00:35.461+0000: 25284.760: [GC 25284.761: [ParNew: 2586756K->89876K(2831168K), 0.0978640 secs] 4722817K->2259691K(12268352K), 0.0981540 secs] [Times: user=1.07 sys=0.01, real=0.10 secs] 
2011-02-26T13:00:44.155+0000: 25293.454: [GC 25293.454: [ParNew: 2606484K->141526K(2831168K), 0.1167150 secs] 4776299K->2376242K(12268352K), 0.1169990 secs] [Times: user=1.32 sys=0.00, real=0.12 secs] 
2011-02-26T13:01:00.238+0000: 25309.537: [GC 25309.537: [ParNew: 2658134K->110576K(2831168K), 0.1149180 secs] 4892850K->2396979K(12268352K), 0.1151610 secs] [Times: user=1.26 sys=0.01, real=0.11 secs] 
2011-02-26T13:01:07.747+0000: 25317.046: [GC 25317.046: [ParNew: 2627184K->76426K(2831168K), 0.1171690 secs] 4913587K->2446773K(12268352K), 0.1174620 secs] [Times: user=1.06 sys=0.02, real=0.12 secs] 
2011-02-26T13:01:20.526+0000: 25329.825: [GC 25329.825: [ParNew: 2593034K->93195K(2831168K), 0.0626410 secs] 4963381K->2486958K(12268352K), 0.0629410 secs] [Times: user=0.77 sys=0.00, real=0.07 secs] 
2011-02-26T13:01:33.285+0000: 25342.584: [GC 25342.585: [ParNew: 2609803K->260826K(2831168K), 0.1202070 secs] 5003566K->2701585K(12268352K), 0.1204780 secs] [Times: user=1.36 sys=0.00, real=0.12 secs] 
2011-02-26T13:01:37.094+0000: 25346.393: [GC 25346.393: [ParNew: 2777434K->127042K(2831168K), 0.1570600 secs] 5218193K->2726969K(12268352K), 0.1573500 secs] [Times: user=1.69 sys=0.00, real=0.16 secs] 
2011-02-26T13:01:41.145+0000: 25350.444: [GC 25350.445: [ParNew: 2643650K->156577K(2831168K), 0.1276360 secs] 5243577K->2840855K(12268352K), 0.1279190 secs] [Times: user=1.38 sys=0.01, real=0.13 secs] 
2011-02-26T13:01:56.234+0000: 25365.533: [GC 25365.533: [ParNew: 2673185K->117379K(2831168K), 0.1104870 secs] 5357463K->2824909K(12268352K), 0.1107370 secs] [Times: user=1.15 sys=0.00, real=0.11 secs] 
2011-02-26T13:02:06.449+0000: 25375.748: [GC 25375.749: [ParNew: 2633982K->82972K(2831168K), 0.1410690 secs] 5341512K->2891371K(12268352K), 0.1413250 secs] [Times: user=1.45 sys=0.00, real=0.14 secs] 
2011-02-26T13:02:17.568+0000: 25386.867: [GC 25386.867: [ParNew: 2599580K->67667K(2831168K), 0.1251710 secs] 5407979K->2936013K(12268352K), 0.1254450 secs] [Times: user=1.01 sys=0.00, real=0.12 secs] 
2011-02-26T13:02:33.408+0000: 25402.707: [GC 25402.707: [ParNew: 2584275K->141136K(2831168K), 0.1409040 secs] 5452621K->3058060K(12268352K), 0.1411550 secs] [Times: user=1.44 sys=0.00, real=0.14 secs] 
2011-02-26T13:02:47.882+0000: 25417.182: [GC 25417.182: [ParNew: 2657744K->98395K(2831168K), 0.1508580 secs] 5574668K->3127857K(12268352K), 0.1510950 secs] [Times: user=1.57 sys=0.00, real=0.15 secs] 
2011-02-26T13:03:04.643+0000: 25433.942: [GC 25433.943: [ParNew: 2615003K->60855K(2831168K), 0.0848140 secs] 5644465K->3139086K(12268352K), 0.0851010 secs] [Times: user=0.91 sys=0.02, real=0.09 secs] 
2011-02-26T13:03:07.164+0000: 25436.464: [GC 25436.464: [ParNew: 2577463K->43477K(2831168K), 0.0551970 secs] 5655694K->3166720K(12268352K), 0.0555010 secs] [Times: user=0.59 sys=0.01, real=0.06 secs] 
2011-02-26T13:03:26.754+0000: 25456.054: [GC 25456.054: [ParNew: 2560085K->41528K(2831168K), 0.0419330 secs] 5683328K->3168483K(12268352K), 0.0422370 secs] [Times: user=0.53 sys=0.00, real=0.04 secs] 
2011-02-26T13:03:36.132+0000: 25465.431: [GC 25465.432: [ParNew: 2558136K->94320K(2831168K), 0.1225750 secs] 5685091K->3256426K(12268352K), 0.1228660 secs] [Times: user=1.15 sys=0.01, real=0.12 secs] 
2011-02-26T13:03:53.679+0000: 25482.978: [GC 25482.978: [ParNew: 2610928K->145692K(2831168K), 0.1239860 secs] 5773034K->3381846K(12268352K), 0.1242810 secs] [Times: user=1.20 sys=0.01, real=0.12 secs] 
2011-02-26T13:04:04.594+0000: 25493.893: [GC 25493.893: [ParNew: 2662300K->78288K(2831168K), 0.0827850 secs] 5898454K->3360605K(12268352K), 0.0831000 secs] [Times: user=0.91 sys=0.01, real=0.09 secs] 
2011-02-26T13:04:07.834+0000: 25497.134: [GC 25497.134: [ParNew: 2594896K->53138K(2831168K), 0.0791410 secs] 5877213K->3387812K(12268352K), 0.0794410 secs] [Times: user=0.75 sys=0.01, real=0.08 secs] 
2011-02-26T13:04:24.740+0000: 25514.039: [GC 25514.039: [ParNew: 2569746K->92158K(2831168K), 0.0558030 secs] 5904420K->3435186K(12268352K), 0.0560980 secs] [Times: user=0.65 sys=0.00, real=0.05 secs] 
2011-02-26T13:04:35.168+0000: 25524.467: [GC 25524.467: [ParNew: 2608766K->123877K(2831168K), 0.1443790 secs] 5951794K->3526301K(12268352K), 0.1446540 secs] [Times: user=1.45 sys=0.01, real=0.14 secs] 
2011-02-26T13:04:39.619+0000: 25528.918: [GC 25528.918: [ParNew: 2640485K->248240K(2831168K), 0.1478200 secs] 6042909K->3751230K(12268352K), 0.1480740 secs] [Times: user=1.43 sys=0.02, real=0.15 secs] 
2011-02-26T13:04:44.315+0000: 25533.614: [GC 25533.614: [ParNew: 2764848K->46311K(2831168K), 0.0935630 secs] 6267838K->3681511K(12268352K), 0.0938030 secs] [Times: user=0.97 sys=0.00, real=0.10 secs] 
2011-02-26T13:04:54.591+0000: 25543.890: [GC 25543.890: [ParNew: 2562919K->96636K(2831168K), 0.0966080 secs] 6198119K->3758460K(12268352K), 0.0968430 secs] [Times: user=0.96 sys=0.00, real=0.10 secs] 
2011-02-26T13:05:05.886+0000: 25555.185: [GC 25555.186: [ParNew: 2613244K->84245K(2831168K), 0.1271200 secs] 6275068K->3830060K(12268352K), 0.1273690 secs] [Times: user=1.42 sys=0.00, real=0.13 secs] 
2011-02-26T13:05:11.695+0000: 25560.995: [GC 25560.995: [ParNew: 2600853K->68035K(2831168K), 0.1009370 secs] 6346668K->3881214K(12268352K), 0.1011780 secs] [Times: user=1.03 sys=0.01, real=0.10 secs] 
2011-02-26T13:05:32.332+0000: 25581.631: [GC 25581.631: [ParNew: 2584643K->127298K(2831168K), 0.1194840 secs] 6397822K->3973051K(12268352K), 0.1197770 secs] [Times: user=1.39 sys=0.01, real=0.12 secs] 
2011-02-26T13:05:44.116+0000: 25593.415: [GC 25593.415: [ParNew: 2643906K->135455K(2831168K), 0.1762190 secs] 6489659K->4094329K(12268352K), 0.1765100 secs] [Times: user=1.93 sys=0.02, real=0.18 secs] 
2011-02-26T13:06:01.089+0000: 25610.389: [GC 25610.389: [ParNew: 2652063K->103041K(2831168K), 0.1262050 secs] 6610937K->4157820K(12268352K), 0.1265040 secs] [Times: user=1.32 sys=0.00, real=0.12 secs] 
2011-02-26T13:06:06.589+0000: 25615.888: [GC 25615.888: [ParNew: 2619649K->44473K(2831168K), 0.0589780 secs] 6674428K->4144935K(12268352K), 0.0592810 secs] [Times: user=0.53 sys=0.01, real=0.07 secs] 
2011-02-26T13:06:21.589+0000: 25630.888: [GC 25630.888: [ParNew: 2561081K->63564K(2831168K), 0.0440050 secs] 6661543K->4172142K(12268352K), 0.0443020 secs] [Times: user=0.54 sys=0.00, real=0.04 secs] 
2011-02-26T13:06:33.643+0000: 25642.942: [GC 25642.942: [ParNew: 2580172K->97938K(2831168K), 0.0903810 secs] 6688750K->4239200K(12268352K), 0.0906620 secs] [Times: user=1.00 sys=0.00, real=0.09 secs] 
2011-02-26T13:06:51.446+0000: 25660.745: [GC 25660.745: [ParNew: 2614546K->70164K(2831168K), 0.1155330 secs] 6755808K->4282312K(12268352K), 0.1158400 secs] [Times: user=1.25 sys=0.02, real=0.12 secs] 
2011-02-26T13:07:05.398+0000: 25674.697: [GC 25674.698: [ParNew: 2586772K->62432K(2831168K), 0.0744160 secs] 6798920K->4319498K(12268352K), 0.0870670 secs] [Times: user=0.79 sys=0.00, real=0.08 secs] 
2011-02-26T13:07:07.749+0000: 25677.048: [GC 25677.048: [ParNew: 2579040K->116821K(2831168K), 0.0603860 secs] 6836106K->4407315K(12268352K), 0.0607680 secs] [Times: user=0.64 sys=0.00, real=0.06 secs] 
2011-02-26T13:07:22.225+0000: 25691.524: [GC 25691.524: [ParNew: 2633429K->59662K(2831168K), 0.0636300 secs] 6923923K->4357819K(12268352K), 0.0639280 secs] [Times: user=0.73 sys=0.00, real=0.07 secs] 
2011-02-26T13:07:33.841+0000: 25703.140: [GC 25703.140: [ParNew: 2576270K->130931K(2831168K), 0.1380280 secs] 6874427K->4483155K(12268352K), 0.1383230 secs] [Times: user=1.32 sys=0.01, real=0.14 secs] 
2011-02-26T13:07:49.269+0000: 25718.568: [GC 25718.568: [ParNew: 2647539K->261689K(2831168K), 0.1488710 secs] 6999763K->4714845K(12268352K), 0.1491640 secs] [Times: user=1.60 sys=0.00, real=0.15 secs] 
2011-02-26T13:07:54.095+0000: 25723.394: [GC 25723.394: [ParNew: 2778297K->169368K(2831168K), 0.1156930 secs] 7231453K->4704884K(12268352K), 0.1159850 secs] [Times: user=1.32 sys=0.00, real=0.12 secs] 
2011-02-26T13:07:58.087+0000: 25727.386: [GC 25727.387: [ParNew: 2685976K->47976K(2831168K), 0.1019230 secs] 7221492K->4714052K(12268352K), 0.1021580 secs] [Times: user=1.07 sys=0.00, real=0.10 secs] 
2011-02-26T13:08:05.997+0000: 25735.296: [GC 25735.296: [ParNew: 2564584K->74859K(2831168K), 0.0809130 secs] 7230660K->4775279K(12268352K), 0.0811750 secs] [Times: user=0.87 sys=0.01, real=0.09 secs] 
2011-02-26T13:08:13.943+0000: 25743.242: [GC 25743.243: [ParNew: 2591467K->57749K(2831168K), 0.0864690 secs] 7291887K->4807508K(12268352K), 0.0867660 secs] [Times: user=0.91 sys=0.02, real=0.09 secs] 
2011-02-26T13:08:32.863+0000: 25762.162: [GC 25762.162: [ParNew: 2574357K->154817K(2831168K), 0.1354220 secs] 7324116K->4948850K(12268352K), 0.1357360 secs] [Times: user=1.48 sys=0.00, real=0.14 secs] 
2011-02-26T13:08:43.006+0000: 25772.305: [GC 25772.305: [ParNew: 2671425K->197144K(2831168K), 0.1836920 secs] 7465458K->5115520K(12268352K), 0.1839660 secs] [Times: user=1.82 sys=0.00, real=0.19 secs] 
2011-02-26T13:08:57.957+0000: 25787.256: [GC 25787.256: [ParNew: 2713752K->110240K(2831168K), 0.1416110 secs] 7632128K->5120633K(12268352K), 0.1419080 secs] [Times: user=1.56 sys=0.00, real=0.15 secs] 
2011-02-26T13:09:06.613+0000: 25795.912: [GC 25795.913: [ParNew: 2626848K->75987K(2831168K), 0.0917400 secs] 7637241K->5155123K(12268352K), 0.0919830 secs] [Times: user=0.92 sys=0.01, real=0.09 secs] 
2011-02-26T13:09:16.124+0000: 25805.423: [GC 25805.423: [ParNew: 2592595K->57945K(2831168K), 0.0452300 secs] 7671731K->5153543K(12268352K), 0.0454700 secs] [Times: user=0.52 sys=0.00, real=0.05 secs] 
2011-02-26T13:09:33.340+0000: 25822.639: [GC 25822.639: [ParNew: 2574553K->80321K(2831168K), 0.0816870 secs] 7670151K->5197840K(12268352K), 0.0819260 secs] [Times: user=0.90 sys=0.01, real=0.08 secs] 
2011-02-26T13:09:48.890+0000: 25838.189: [GC 25838.189: [ParNew: 2596929K->92233K(2831168K), 0.1064600 secs] 7714448K->5271385K(12268352K), 0.1066960 secs] [Times: user=1.14 sys=0.00, real=0.10 secs] 
2011-02-26T13:10:04.934+0000: 25854.233: [GC 25854.233: [ParNew: 2608841K->71215K(2831168K), 0.0912170 secs] 7787993K->5305273K(12268352K), 0.0914660 secs] [Times: user=1.04 sys=0.00, real=0.09 secs] 
2011-02-26T13:10:07.641+0000: 25856.940: [GC 25856.941: [ParNew: 2587823K->29261K(2831168K), 0.0519030 secs] 7821881K->5303924K(12268352K), 0.0522000 secs] [Times: user=0.52 sys=0.00, real=0.05 secs] 
2011-02-26T13:10:25.766+0000: 25875.065: [GC 25875.065: [ParNew: 2545869K->142234K(2831168K), 0.0535880 secs] 7820532K->5420431K(12268352K), 0.0538910 secs] [Times: user=0.63 sys=0.00, real=0.06 secs] 
2011-02-26T13:10:31.559+0000: 25880.858: [GC 25880.858: [ParNew: 2658842K->119902K(2831168K), 0.0957970 secs] 7937039K->5438100K(12268352K), 0.0960400 secs] [Times: user=0.80 sys=0.00, real=0.09 secs] 
2011-02-26T13:10:35.048+0000: 25884.347: [GC 25884.347: [ParNew: 2636510K->77224K(2831168K), 0.1060630 secs] 7954708K->5501585K(12268352K), 0.1062920 secs] [Times: user=1.22 sys=0.01, real=0.10 secs] 
2011-02-26T13:10:40.051+0000: 25889.350: [GC 25889.350: [ParNew: 2593832K->66558K(2831168K), 0.0983020 secs] 8018193K->5539273K(12268352K), 0.0985340 secs] [Times: user=1.04 sys=0.04, real=0.10 secs] 
2011-02-26T13:10:58.252+0000: 25907.551: [GC 25907.552: [ParNew: 2583166K->112635K(2831168K), 0.1108020 secs] 8055881K->5639295K(12268352K), 0.1110950 secs] [Times: user=1.26 sys=0.00, real=0.11 secs] 
2011-02-26T13:11:04.514+0000: 25913.814: [GC 25913.814: [ParNew: 2629243K->89941K(2831168K), 0.1379800 secs] 8155903K->5702056K(12268352K), 0.1383230 secs] [Times: user=1.46 sys=0.00, real=0.14 secs] 
2011-02-26T13:11:07.564+0000: 25916.863: [GC 25916.863: [ParNew: 2606549K->42258K(2831168K), 0.0771520 secs] 8218664K->5706480K(12268352K), 0.0774830 secs] [Times: user=0.80 sys=0.00, real=0.08 secs] 
2011-02-26T13:11:26.971+0000: 25936.270: [GC 25936.270: [ParNew: 2558866K->111958K(2831168K), 0.0854170 secs] 8223088K->5789783K(12268352K), 0.0856630 secs] [Times: user=1.00 sys=0.01, real=0.08 secs] 
2011-02-26T13:11:36.658+0000: 25945.957: [GC 25945.957: [ParNew: 2628566K->182834K(2831168K), 0.1927570 secs] 8306391K->5964063K(12268352K), 0.1929900 secs] [Times: user=2.15 sys=0.00, real=0.19 secs] 
2011-02-26T13:11:54.750+0000: 25964.049: [GC 25964.049: [ParNew: 2699442K->153943K(2831168K), 0.1980920 secs] 8480671K->6074443K(12268352K), 0.1983390 secs] [Times: user=2.09 sys=0.01, real=0.20 secs] 
2011-02-26T13:12:06.742+0000: 25976.041: [GC 25976.041: [ParNew: 2670551K->124111K(2831168K), 0.1450220 secs] 8591051K->6155928K(12268352K), 0.1452900 secs] [Times: user=1.43 sys=0.03, real=0.15 secs] 
2011-02-26T13:12:13.147+0000: 25982.446: [GC 25982.446: [ParNew: 2640719K->50287K(2831168K), 0.0770800 secs] 8672536K->6136547K(12268352K), 0.0773250 secs] [Times: user=0.85 sys=0.02, real=0.07 secs] 
2011-02-26T13:12:32.241+0000: 26001.540: [GC 26001.540: [ParNew: 2566895K->91671K(2831168K), 0.0812000 secs] 8653155K->6191372K(12268352K), 0.0814620 secs] [Times: user=0.81 sys=0.01, real=0.08 secs] 
2011-02-26T13:12:46.085+0000: 26015.384: [GC 26015.385: [ParNew: 2608279K->90628K(2831168K), 0.1151850 secs] 8707980K->6248815K(12268352K), 0.1154940 secs] [Times: user=1.22 sys=0.01, real=0.12 secs] 
2011-02-26T13:13:03.831+0000: 26033.130: [GC 26033.130: [ParNew: 2607236K->64903K(2831168K), 0.0957340 secs] 8765423K->6281102K(12268352K), 0.0960260 secs] [Times: user=1.04 sys=0.01, real=0.10 secs] 
2011-02-26T13:13:07.455+0000: 26036.754: [GC 26036.754: [ParNew: 2581511K->47976K(2831168K), 0.0599400 secs] 8797710K->6308815K(12268352K), 0.0602660 secs] [Times: user=0.65 sys=0.01, real=0.06 secs] 
2011-02-26T13:13:25.138+0000: 26054.437: [GC 26054.437: [ParNew: 2564584K->77227K(2831168K), 0.0405140 secs] 8825423K->6342520K(12268352K), 0.0447510 secs] [Times: user=0.50 sys=0.00, real=0.04 secs] 
2011-02-26T13:13:33.628+0000: 26062.927: [GC 26062.927: [ParNew: 2593835K->165240K(2831168K), 0.0933220 secs] 8859128K->6467790K(12268352K), 0.0936110 secs] [Times: user=1.06 sys=0.00, real=0.09 secs] 
2011-02-26T13:13:45.268+0000: 26074.567: [GC 26074.567: [ParNew: 2681848K->77994K(2831168K), 0.1312090 secs] 8984398K->6452688K(12268352K), 0.1315020 secs] [Times: user=1.42 sys=0.02, real=0.13 secs] 
2011-02-26T13:14:03.691+0000: 26092.990: [GC 26092.990: [ParNew: 2594602K->123500K(2831168K), 0.1214690 secs] 8969296K->6559280K(12268352K), 0.1217880 secs] [Times: user=1.27 sys=0.01, real=0.12 secs] 
2011-02-26T13:14:12.146+0000: 26101.445: [GC 26101.445: [ParNew: 2640108K->82507K(2831168K), 0.1154790 secs] 9075888K->6607024K(12268352K), 0.1157780 secs] [Times: user=1.11 sys=0.00, real=0.12 secs] 
2011-02-26T13:14:16.762+0000: 26106.061: [GC 26106.062: [ParNew: 2599115K->180166K(2831168K), 0.0765760 secs] 9123632K->6736043K(12268352K), 0.0768710 secs] [Times: user=0.87 sys=0.00, real=0.08 secs] 
2011-02-26T13:14:29.979+0000: 26119.278: [GC 26119.278: [ParNew: 2696774K->88085K(2831168K), 0.0944710 secs] 9252651K->6665676K(12268352K), 0.0947070 secs] [Times: user=0.92 sys=0.01, real=0.09 secs] 
2011-02-26T13:14:37.819+0000: 26127.118: [GC 26127.118: [ParNew: 2604693K->176000K(2831168K), 0.1751630 secs] 9182284K->6829268K(12268352K), 0.1753950 secs] [Times: user=1.95 sys=0.02, real=0.17 secs] 
2011-02-26T13:14:55.720+0000: 26145.019: [GC 26145.019: [ParNew: 2692608K->158516K(2831168K), 0.2080810 secs] 9345876K->6952231K(12268352K), 0.2084400 secs] [Times: user=2.03 sys=0.01, real=0.21 secs] 
2011-02-26T13:15:08.262+0000: 26157.561: [GC 26157.561: [ParNew: 2675124K->116385K(2831168K), 0.1454420 secs] 9468839K->7023086K(12268352K), 0.1457330 secs] [Times: user=1.56 sys=0.00, real=0.15 secs] 
2011-02-26T13:15:17.542+0000: 26166.841: [GC 26166.842: [ParNew: 2632993K->65874K(2831168K), 0.1033510 secs] 9539694K->7035949K(12268352K), 0.1036510 secs] [Times: user=1.12 sys=0.00, real=0.10 secs] 
2011-02-26T13:15:33.594+0000: 26182.893: [GC 26182.893: [ParNew: 2582482K->88588K(2831168K), 0.1107030 secs] 9552557K->7105816K(12268352K), 0.1110150 secs] [Times: user=1.24 sys=0.00, real=0.11 secs] 
2011-02-26T13:15:48.054+0000: 26197.353: [GC 26197.353: [ParNew: 2605196K->76059K(2831168K), 0.1065670 secs] 9622424K->7152347K(12268352K), 0.1110150 secs] [Times: user=1.17 sys=0.00, real=0.11 secs] 
2011-02-26T13:16:04.673+0000: 26213.972: [GC 26213.972: [ParNew: 2592667K->76934K(2831168K), 0.0965580 secs] 9668955K->7210515K(12268352K), 0.0968580 secs] [Times: user=1.01 sys=0.02, real=0.10 secs] 
2011-02-26T13:16:04.771+0000: 26214.070: [GC [1 CMS-initial-mark: 7133581K(9437184K)] 7211097K(12268352K), 0.0435830 secs] [Times: user=0.04 sys=0.00, real=0.04 secs] 
2011-02-26T13:16:04.815+0000: 26214.114: [CMS-concurrent-mark-start]
2011-02-26T13:16:05.606+0000: 26214.905: [CMS-concurrent-mark: 0.789/0.791 secs] [Times: user=4.08 sys=0.54, real=0.79 secs] 
2011-02-26T13:16:05.606+0000: 26214.905: [CMS-concurrent-preclean-start]
2011-02-26T13:16:05.655+0000: 26214.954: [CMS-concurrent-preclean: 0.046/0.048 secs] [Times: user=0.13 sys=0.05, real=0.05 secs] 
2011-02-26T13:16:05.655+0000: 26214.954: [CMS-concurrent-abortable-preclean-start]
2011-02-26T13:16:07.398+0000: 26216.697: [GC 26216.697: [ParNew: 2593542K->36281K(2831168K), 0.0583060 secs] 9727123K->7211123K(12268352K), 0.0586030 secs] [Times: user=0.59 sys=0.00, real=0.06 secs] 
 CMS: abort preclean due to time 2011-02-26T13:16:10.682+0000: 26219.981: [CMS-concurrent-abortable-preclean: 4.826/5.027 secs] [Times: user=11.10 sys=2.22, real=5.03 secs] 
2011-02-26T13:16:10.683+0000: 26219.982: [GC[YG occupancy: 779987 K (2831168 K)]26219.983: [Rescan (parallel) , 0.0685100 secs]26220.051: [weak refs processing, 0.0287170 secs] [1 CMS-remark: 7174842K(9437184K)] 7954830K(12268352K), 0.0974790 secs] [Times: user=0.94 sys=0.00, real=0.10 secs] 
2011-02-26T13:16:10.781+0000: 26220.080: [CMS-concurrent-sweep-start]
2011-02-26T13:16:28.899+0000: 26238.198: [GC 26238.198: [ParNew: 2552893K->67568K(2831168K), 0.0462540 secs] 7175455K->4693502K(12268352K), 0.0464910 secs] [Times: user=0.55 sys=0.01, real=0.04 secs] 
2011-02-26T13:16:36.875+0000: 26246.174: [GC 26246.174: [ParNew: 2584176K->152522K(2831168K), 0.1043890 secs] 6265615K->3876806K(12268352K), 0.1046280 secs] [Times: user=1.18 sys=0.00, real=0.11 secs] 
2011-02-26T13:16:48.812+0000: 26258.111: [GC 26258.111: [ParNew: 2669130K->78842K(2831168K), 0.1083340 secs] 5022732K->2499434K(12268352K), 0.1085680 secs] [Times: user=1.19 sys=0.00, real=0.11 secs] 
2011-02-26T13:16:58.962+0000: 26268.261: [CMS-concurrent-sweep: 47.825/48.180 secs] [Times: user=92.73 sys=16.67, real=48.18 secs] 
2011-02-26T13:16:58.962+0000: 26268.261: [CMS-concurrent-reset-start]
2011-02-26T13:16:58.982+0000: 26268.281: [CMS-concurrent-reset: 0.021/0.021 secs] [Times: user=0.02 sys=0.00, real=0.02 secs] 
2011-02-26T13:17:04.662+0000: 26273.961: [GC 26273.961: [ParNew: 2595450K->107651K(2831168K), 0.1218080 secs] 3725705K->1295291K(12268352K), 0.1221490 secs] [Times: user=1.19 sys=0.00, real=0.12 secs] 
2011-02-26T13:17:07.413+0000: 26276.713: [GC 26276.713: [ParNew: 2624259K->70785K(2831168K), 0.0905920 secs] 3811899K->1331087K(12268352K), 0.0908980 secs] [Times: user=0.88 sys=0.01, real=0.09 secs] 
2011-02-26T13:17:25.305+0000: 26294.605: [GC 26294.605: [ParNew: 2587393K->85041K(2831168K), 0.0610380 secs] 3847695K->1352775K(12268352K), 0.0613380 secs] [Times: user=0.77 sys=0.01, real=0.06 secs] 
2011-02-26T13:17:33.104+0000: 26302.403: [GC 26302.404: [ParNew: 2601649K->265994K(2831168K), 0.1691490 secs] 3869383K->1595493K(12268352K), 0.1694410 secs] [Times: user=1.54 sys=0.00, real=0.17 secs] 
2011-02-26T13:17:36.638+0000: 26305.937: [GC 26305.937: [ParNew: 2782602K->267492K(2831168K), 0.1758370 secs] 4112101K->1686960K(12268352K), 0.1761300 secs] [Times: user=1.52 sys=0.00, real=0.17 secs] 
2011-02-26T13:17:39.116+0000: 26308.415: [GC 26308.415: [ParNew: 2784100K->78189K(2831168K), 0.1988770 secs] 4203568K->1729556K(12268352K), 0.1991620 secs] [Times: user=1.46 sys=0.02, real=0.20 secs] 
2011-02-26T13:17:45.607+0000: 26314.906: [GC 26314.906: [ParNew: 2594797K->44359K(2831168K), 0.0561050 secs] 4246164K->1709358K(12268352K), 0.0563380 secs] [Times: user=0.56 sys=0.01, real=0.05 secs] 
2011-02-26T13:18:04.835+0000: 26334.134: [GC 26334.134: [ParNew: 2560967K->136137K(2831168K), 0.1148220 secs] 4225966K->1831925K(12268352K), 0.1150690 secs] [Times: user=1.30 sys=0.00, real=0.12 secs] 
2011-02-26T13:18:15.614+0000: 26344.913: [GC 26344.913: [ParNew: 2652745K->174345K(2831168K), 0.1529850 secs] 4348533K->1988376K(12268352K), 0.1532470 secs] [Times: user=1.58 sys=0.00, real=0.16 secs] 
2011-02-26T13:18:20.208+0000: 26349.507: [GC 26349.507: [ParNew: 2690941K->43202K(2831168K), 0.0722160 secs] 4504972K->1905675K(12268352K), 0.0724540 secs] [Times: user=0.72 sys=0.00, real=0.07 secs] 
2011-02-26T13:18:33.436+0000: 26362.735: [GC 26362.735: [ParNew: 2559810K->132825K(2831168K), 0.1206430 secs] 4422283K->2010392K(12268352K), 0.1281000 secs] [Times: user=1.30 sys=0.00, real=0.13 secs] 
2011-02-26T13:18:50.806+0000: 26380.105: [GC 26380.105: [ParNew: 2649433K->88622K(2831168K), 0.1517860 secs] 4527000K->2075013K(12268352K), 0.1521120 secs] [Times: user=1.61 sys=0.02, real=0.16 secs] 
2011-02-26T13:19:05.079+0000: 26394.378: [GC 26394.378: [ParNew: 2605230K->54223K(2831168K), 0.0905780 secs] 4591621K->2085843K(12268352K), 0.0909000 secs] [Times: user=0.92 sys=0.00, real=0.10 secs] 
2011-02-26T13:19:07.450+0000: 26396.749: [GC 26396.749: [ParNew: 2570831K->36136K(2831168K), 0.0553550 secs] 4602451K->2105191K(12268352K), 0.0556510 secs] [Times: user=0.52 sys=0.01, real=0.05 secs] 
2011-02-26T13:19:29.299+0000: 26418.598: [GC 26418.599: [ParNew: 2552744K->69846K(2831168K), 0.0482460 secs] 4621799K->2142077K(12268352K), 0.0485480 secs] [Times: user=0.55 sys=0.00, real=0.05 secs] 
2011-02-26T13:19:37.907+0000: 26427.206: [GC 26427.206: [ParNew: 2586454K->80403K(2831168K), 0.1008770 secs] 4658685K->2194419K(12268352K), 0.1011750 secs] [Times: user=1.16 sys=0.00, real=0.11 secs] 
2011-02-26T13:19:52.067+0000: 26441.366: [GC 26441.366: [ParNew: 2597011K->145705K(2831168K), 0.1089620 secs] 4711027K->2327929K(12268352K), 0.1092560 secs] [Times: user=1.24 sys=0.01, real=0.11 secs] 
2011-02-26T13:20:04.693+0000: 26453.992: [GC 26453.992: [ParNew: 2662313K->88598K(2831168K), 0.0916560 secs] 4844537K->2316684K(12268352K), 0.0919620 secs] [Times: user=0.99 sys=0.00, real=0.09 secs] 
2011-02-26T13:20:07.264+0000: 26456.563: [GC 26456.563: [ParNew: 2605206K->55822K(2831168K), 0.0810110 secs] 4833292K->2339853K(12268352K), 0.0813150 secs] [Times: user=0.79 sys=0.00, real=0.08 secs] 
2011-02-26T13:20:23.556+0000: 26472.855: [GC 26472.856: [ParNew: 2572430K->87277K(2831168K), 0.0547980 secs] 4856461K->2378393K(12268352K), 0.0550980 secs] [Times: user=0.68 sys=0.00, real=0.06 secs] 
2011-02-26T13:20:33.913+0000: 26483.212: [GC 26483.212: [ParNew: 2619983K->190695K(2831168K), 0.1179380 secs] 4911099K->2538043K(12268352K), 0.1182400 secs] [Times: user=1.32 sys=0.00, real=0.12 secs] 
2011-02-26T13:20:40.548+0000: 26489.847: [GC 26489.847: [ParNew: 2707309K->105204K(2831168K), 0.1622630 secs] 5054656K->2554212K(12268352K), 0.1625500 secs] [Times: user=1.64 sys=0.01, real=0.16 secs] 
2011-02-26T13:20:59.748+0000: 26509.047: [GC 26509.047: [ParNew: 2621812K->167134K(2831168K), 0.1666200 secs] 5070820K->2680070K(12268352K), 0.1669280 secs] [Times: user=1.93 sys=0.00, real=0.16 secs] 
2011-02-26T13:21:06.337+0000: 26515.636: [GC 26515.636: [ParNew: 2683742K->118789K(2831168K), 0.1530990 secs] 5196678K->2767146K(12268352K), 0.1534090 secs] [Times: user=1.57 sys=0.01, real=0.16 secs] 
2011-02-26T13:21:16.644+0000: 26525.943: [GC 26525.943: [ParNew: 2635397K->83117K(2831168K), 0.0773580 secs] 5283754K->2762250K(12268352K), 0.0775990 secs] [Times: user=0.92 sys=0.00, real=0.08 secs] 
2011-02-26T13:21:32.674+0000: 26541.973: [GC 26541.973: [ParNew: 2599725K->122742K(2831168K), 0.1295530 secs] 5278858K->2856580K(12268352K), 0.1297910 secs] [Times: user=1.43 sys=0.00, real=0.13 secs] 
2011-02-26T13:21:47.500+0000: 26556.799: [GC 26556.799: [ParNew: 2639350K->116420K(2831168K), 0.1587180 secs] 5373188K->2958471K(12268352K), 0.1589530 secs] [Times: user=1.65 sys=0.00, real=0.16 secs] 
2011-02-26T13:22:04.739+0000: 26574.038: [GC 26574.038: [ParNew: 2633028K->87597K(2831168K), 0.1070040 secs] 5475079K->3004849K(12268352K), 0.1073350 secs] [Times: user=1.09 sys=0.00, real=0.10 secs] 
2011-02-26T13:22:07.671+0000: 26576.970: [GC 26576.970: [ParNew: 2604501K->36322K(2831168K), 0.0588950 secs] 5521753K->2994265K(12268352K), 0.0592030 secs] [Times: user=0.60 sys=0.00, real=0.06 secs] 
2011-02-26T13:22:07.731+0000: 26577.030: [GC 26577.030: [ParNew: 40578K->7748K(2831168K), 0.0184760 secs] 2998522K->2970981K(12268352K), 0.0187010 secs] [Times: user=0.17 sys=0.01, real=0.02 secs] 
2011-02-26T13:22:24.927+0000: 26594.226: [GC 26594.226: [ParNew: 2524356K->61261K(2831168K), 0.0377080 secs] 5487589K->3024494K(12268352K), 0.0379480 secs] [Times: user=0.48 sys=0.01, real=0.04 secs] 
2011-02-26T13:22:35.394+0000: 26604.693: [GC 26604.694: [ParNew: 2577869K->105239K(2831168K), 0.0941600 secs] 5541102K->3104678K(12268352K), 0.0943930 secs] [Times: user=1.09 sys=0.00, real=0.10 secs] 
2011-02-26T13:22:53.632+0000: 26622.931: [GC 26622.931: [ParNew: 2621847K->69723K(2831168K), 0.1109910 secs] 5621286K->3139025K(12268352K), 0.1112280 secs] [Times: user=1.15 sys=0.02, real=0.11 secs] 
2011-02-26T13:23:04.475+0000: 26633.774: [GC 26633.774: [ParNew: 2586331K->139728K(2831168K), 0.0817430 secs] 5655633K->3253564K(12268352K), 0.0819840 secs] [Times: user=0.90 sys=0.01, real=0.08 secs] 
2011-02-26T13:23:08.126+0000: 26637.425: [GC 26637.426: [ParNew: 2656313K->122571K(2831168K), 0.0703360 secs] 5770149K->3276889K(12268352K), 0.0705770 secs] [Times: user=0.75 sys=0.00, real=0.07 secs] 
2011-02-26T13:23:09.941+0000: 26639.240: [GC 26639.240: [ParNew: 2639179K->17574K(2831168K), 0.0574440 secs] 5793497K->3261287K(12268352K), 0.0576890 secs] [Times: user=0.55 sys=0.00, real=0.06 secs] 
2011-02-26T13:23:13.723+0000: 26643.022: [GC 26643.022: [ParNew: 2534182K->20879K(2831168K), 0.0446940 secs] 5777895K->3274051K(12268352K), 0.0449380 secs] [Times: user=0.39 sys=0.00, real=0.05 secs] 
2011-02-26T13:23:31.966+0000: 26661.265: [GC 26661.265: [ParNew: 2537487K->84260K(2831168K), 0.0820490 secs] 5790659K->3353272K(12268352K), 0.0822950 secs] [Times: user=0.84 sys=0.00, real=0.09 secs] 
2011-02-26T13:23:44.360+0000: 26673.659: [GC 26673.659: [ParNew: 2600868K->121365K(2831168K), 0.1339190 secs] 5869880K->3463058K(12268352K), 0.1341520 secs] [Times: user=1.45 sys=0.00, real=0.13 secs] 
2011-02-26T13:23:50.003+0000: 26679.302: [GC 26679.302: [ParNew: 2637973K->251189K(2831168K), 0.1566910 secs] 5979666K->3693475K(12268352K), 0.1569260 secs] [Times: user=1.71 sys=0.01, real=0.16 secs] 
2011-02-26T13:24:04.941+0000: 26694.240: [GC 26694.241: [ParNew: 2767797K->134706K(2831168K), 0.1253600 secs] 6210083K->3632897K(12268352K), 0.1256070 secs] [Times: user=1.43 sys=0.01, real=0.13 secs] 
2011-02-26T13:24:07.604+0000: 26696.903: [GC 26696.903: [ParNew: 2651255K->92247K(2831168K), 0.1217840 secs] 6149445K->3698218K(12268352K), 0.1220260 secs] [Times: user=1.19 sys=0.01, real=0.12 secs] 
2011-02-26T13:24:27.706+0000: 26717.005: [GC 26717.005: [ParNew: 2608855K->111836K(2831168K), 0.0756360 secs] 6214826K->3726960K(12268352K), 0.0759400 secs] [Times: user=0.96 sys=0.00, real=0.08 secs] 
2011-02-26T13:24:37.339+0000: 26726.638: [GC 26726.638: [ParNew: 2628444K->167340K(2831168K), 0.1676470 secs] 6243568K->3875757K(12268352K), 0.1679370 secs] [Times: user=1.85 sys=0.01, real=0.17 secs] 
2011-02-26T13:24:55.715+0000: 26745.014: [GC 26745.014: [ParNew: 2683948K->122131K(2831168K), 0.1889840 secs] 6392365K->3967971K(12268352K), 0.1892190 secs] [Times: user=1.98 sys=0.01, real=0.19 secs] 
2011-02-26T13:25:07.496+0000: 26756.795: [GC 26756.795: [ParNew: 2638739K->93741K(2831168K), 0.1105050 secs] 6484579K->4022668K(12268352K), 0.1108450 secs] [Times: user=1.19 sys=0.00, real=0.11 secs] 
2011-02-26T13:25:12.419+0000: 26761.718: [GC 26761.718: [ParNew: 2610328K->33960K(2831168K), 0.0497070 secs] 6539256K->3986030K(12268352K), 0.0499500 secs] [Times: user=0.57 sys=0.00, real=0.04 secs] 
2011-02-26T13:25:32.224+0000: 26781.523: [GC 26781.523: [ParNew: 2550568K->86327K(2831168K), 0.0689050 secs] 6502638K->4053312K(12268352K), 0.0691710 secs] [Times: user=0.81 sys=0.00, real=0.07 secs] 
2011-02-26T13:25:45.494+0000: 26794.793: [GC 26794.793: [ParNew: 2602935K->92102K(2831168K), 0.1087480 secs] 6569920K->4117921K(12268352K), 0.1089830 secs] [Times: user=1.21 sys=0.00, real=0.11 secs] 
2011-02-26T13:26:03.233+0000: 26812.532: [GC 26812.532: [ParNew: 2608710K->68634K(2831168K), 0.1042790 secs] 6634529K->4152353K(12268352K), 0.1045400 secs] [Times: user=1.16 sys=0.00, real=0.11 secs] 
2011-02-26T13:26:07.391+0000: 26816.690: [GC 26816.691: [ParNew: 2585242K->49727K(2831168K), 0.0565370 secs] 6668961K->4180368K(12268352K), 0.0567860 secs] [Times: user=0.53 sys=0.00, real=0.06 secs] 
2011-02-26T13:26:19.646+0000: 26828.945: [GC 26828.945: [ParNew: 2566335K->128980K(2831168K), 0.0540270 secs] 6696976K->4265245K(12268352K), 0.0542690 secs] [Times: user=0.60 sys=0.00, real=0.06 secs] 
2011-02-26T13:26:32.112+0000: 26841.412: [GC 26841.412: [ParNew: 2645588K->75443K(2831168K), 0.0990100 secs] 6781853K->4242831K(12268352K), 0.0992520 secs] [Times: user=0.87 sys=0.00, real=0.10 secs] 
2011-02-26T13:26:44.436+0000: 26853.735: [GC 26853.735: [ParNew: 2592051K->122337K(2831168K), 0.1496330 secs] 6759439K->4350498K(12268352K), 0.1498680 secs] [Times: user=1.37 sys=0.03, real=0.15 secs] 
2011-02-26T13:26:58.519+0000: 26867.818: [GC 26867.818: [ParNew: 2638945K->265336K(2831168K), 0.1551350 secs] 6867106K->4593247K(12268352K), 0.1553710 secs] [Times: user=1.59 sys=0.01, real=0.15 secs] 
2011-02-26T13:27:02.895+0000: 26872.194: [GC 26872.195: [ParNew: 2781944K->243119K(2831168K), 0.1200310 secs] 7109855K->4651802K(12268352K), 0.1203220 secs] [Times: user=1.30 sys=0.02, real=0.12 secs] 
2011-02-26T13:27:05.000+0000: 26874.299: [GC 26874.299: [ParNew: 2759727K->44747K(2831168K), 0.0926230 secs] 7168410K->4656385K(12268352K), 0.0929330 secs] [Times: user=0.91 sys=0.01, real=0.09 secs] 
2011-02-26T13:27:06.407+0000: 26875.706: [GC 26875.706: [ParNew: 2561355K->14459K(2831168K), 0.0289550 secs] 7172993K->4636870K(12268352K), 0.0432360 secs] [Times: user=0.26 sys=0.00, real=0.05 secs] 
2011-02-26T13:27:07.832+0000: 26877.131: [GC 26877.131: [ParNew: 2531066K->15797K(2831168K), 0.0251210 secs] 7153477K->4645007K(12268352K), 0.0254010 secs] [Times: user=0.26 sys=0.00, real=0.03 secs] 
2011-02-26T13:27:22.576+0000: 26891.875: [GC 26891.875: [ParNew: 2532405K->165479K(2831168K), 0.0762590 secs] 7161615K->4802071K(12268352K), 0.0765340 secs] [Times: user=0.93 sys=0.00, real=0.08 secs] 
2011-02-26T13:27:33.310+0000: 26902.609: [GC 26902.609: [ParNew: 2682087K->132363K(2831168K), 0.1659930 secs] 7318679K->4850326K(12268352K), 0.1663050 secs] [Times: user=1.56 sys=0.01, real=0.16 secs] 
2011-02-26T13:27:49.434+0000: 26918.733: [GC 26918.733: [ParNew: 2648971K->197620K(2831168K), 0.1780240 secs] 7366934K->5020401K(12268352K), 0.1783550 secs] [Times: user=1.97 sys=0.01, real=0.18 secs] 
2011-02-26T13:28:05.797+0000: 26935.096: [GC 26935.096: [ParNew: 2714228K->136879K(2831168K), 0.1728850 secs] 7537009K->5085155K(12268352K), 0.1732040 secs] [Times: user=1.79 sys=0.03, real=0.18 secs] 
2011-02-26T13:28:09.216+0000: 26938.515: [GC 26938.515: [ParNew: 2653487K->59851K(2831168K), 0.0951310 secs] 7601763K->5087232K(12268352K), 0.0954260 secs] [Times: user=1.00 sys=0.02, real=0.10 secs] 
2011-02-26T13:28:27.635+0000: 26956.934: [GC 26956.934: [ParNew: 2576459K->36386K(2831168K), 0.0403380 secs] 7603840K->5069583K(12268352K), 0.0405810 secs] [Times: user=0.52 sys=0.00, real=0.04 secs] 
2011-02-26T13:28:37.007+0000: 26966.306: [GC 26966.306: [ParNew: 2552994K->106573K(2831168K), 0.0926210 secs] 7586191K->5170892K(12268352K), 0.0928520 secs] [Times: user=1.13 sys=0.00, real=0.09 secs] 
2011-02-26T13:28:56.237+0000: 26985.536: [GC 26985.536: [ParNew: 2623181K->70098K(2831168K), 0.1147530 secs] 7687500K->5210481K(12268352K), 0.1150670 secs] [Times: user=1.25 sys=0.01, real=0.12 secs] 
2011-02-26T13:29:06.193+0000: 26995.492: [GC 26995.492: [ParNew: 2586706K->49758K(2831168K), 0.0699550 secs] 7727089K->5233340K(12268352K), 0.0702600 secs] [Times: user=0.77 sys=0.01, real=0.07 secs] 
2011-02-26T13:29:11.584+0000: 27000.883: [GC 27000.883: [ParNew: 2566366K->31568K(2831168K), 0.0467610 secs] 7749948K->5236910K(12268352K), 0.0470600 secs] [Times: user=0.53 sys=0.00, real=0.05 secs] 
2011-02-26T13:29:33.472+0000: 27022.771: [GC 27022.771: [ParNew: 2548176K->60084K(2831168K), 0.0677610 secs] 7753518K->5280580K(12268352K), 0.0680560 secs] [Times: user=0.72 sys=0.01, real=0.07 secs] 
2011-02-26T13:29:36.572+0000: 27025.871: [GC 27025.871: [ParNew: 2576692K->155205K(2831168K), 0.1077480 secs] 7797188K->5431025K(12268352K), 0.1080580 secs] [Times: user=1.16 sys=0.01, real=0.11 secs] 
2011-02-26T13:29:53.907+0000: 27043.206: [GC 27043.206: [ParNew: 2671813K->116993K(2831168K), 0.1408050 secs] 7947633K->5468278K(12268352K), 0.1410380 secs] [Times: user=1.46 sys=0.00, real=0.15 secs] 
2011-02-26T13:30:05.696+0000: 27054.995: [GC 27054.995: [ParNew: 2633601K->87006K(2831168K), 0.1129110 secs] 7984886K->5515508K(12268352K), 0.1131580 secs] [Times: user=1.20 sys=0.00, real=0.12 secs] 
2011-02-26T13:30:08.437+0000: 27057.736: [GC 27057.736: [ParNew: 2603649K->60993K(2831168K), 0.0722680 secs] 8032151K->5543941K(12268352K), 0.0725080 secs] [Times: user=0.69 sys=0.00, real=0.07 secs] 
2011-02-26T13:30:08.511+0000: 27057.810: [GC 27057.810: [ParNew: 62129K->11916K(2831168K), 0.0298900 secs] 5545077K->5505376K(12268352K), 0.0300690 secs] [Times: user=0.21 sys=0.00, real=0.03 secs] 
2011-02-26T13:30:15.983+0000: 27065.282: [GC 27065.282: [ParNew: 2528524K->198204K(2831168K), 0.0683160 secs] 8021984K->5691665K(12268352K), 0.0685630 secs] [Times: user=0.90 sys=0.00, real=0.07 secs] 
2011-02-26T13:30:32.281+0000: 27081.580: [GC 27081.580: [ParNew: 2714812K->136965K(2831168K), 0.1416930 secs] 8208273K->5678163K(12268352K), 0.1420220 secs] [Times: user=1.23 sys=0.01, real=0.14 secs] 
2011-02-26T13:30:45.343+0000: 27094.642: [GC 27094.642: [ParNew: 2653573K->209256K(2831168K), 0.1888120 secs] 8194771K->5868127K(12268352K), 0.1890500 secs] [Times: user=2.00 sys=0.00, real=0.19 secs] 
2011-02-26T13:31:02.569+0000: 27111.868: [GC 27111.868: [ParNew: 2725864K->152762K(2831168K), 0.1968140 secs] 8384735K->5943963K(12268352K), 0.1971130 secs] [Times: user=2.11 sys=0.00, real=0.19 secs] 
2011-02-26T13:31:06.875+0000: 27116.174: [GC 27116.174: [ParNew: 2669370K->118424K(2831168K), 0.1365990 secs] 8460571K->6026402K(12268352K), 0.1368970 secs] [Times: user=1.40 sys=0.00, real=0.14 secs] 
2011-02-26T13:31:19.236+0000: 27128.535: [GC 27128.536: [ParNew: 2635032K->68274K(2831168K), 0.0633320 secs] 8543010K->5991796K(12268352K), 0.0636310 secs] [Times: user=0.75 sys=0.00, real=0.07 secs] 
2011-02-26T13:31:33.501+0000: 27142.800: [GC 27142.800: [ParNew: 2583042K->115349K(2831168K), 0.1390350 secs] 8506564K->6087382K(12268352K), 0.1392670 secs] [Times: user=1.38 sys=0.00, real=0.14 secs] 
2011-02-26T13:31:50.083+0000: 27159.382: [GC 27159.382: [ParNew: 2631957K->88975K(2831168K), 0.1140950 secs] 8603990K->6131103K(12268352K), 0.1143350 secs] [Times: user=1.22 sys=0.01, real=0.11 secs] 
2011-02-26T13:32:04.930+0000: 27174.229: [GC 27174.229: [ParNew: 2605583K->43178K(2831168K), 0.0810070 secs] 8647711K->6135121K(12268352K), 0.0828200 secs] [Times: user=0.84 sys=0.01, real=0.08 secs] 
2011-02-26T13:32:11.895+0000: 27181.194: [GC 27181.194: [ParNew: 2559786K->40389K(2831168K), 0.0636230 secs] 8651729K->6163963K(12268352K), 0.0638580 secs] [Times: user=0.65 sys=0.00, real=0.07 secs] 
2011-02-26T13:32:27.634+0000: 27196.933: [GC 27196.934: [ParNew: 2556997K->48322K(2831168K), 0.0447020 secs] 8680571K->6187991K(12268352K), 0.0450380 secs] [Times: user=0.51 sys=0.02, real=0.05 secs] 
2011-02-26T13:32:35.423+0000: 27204.722: [GC 27204.723: [ParNew: 2564930K->154475K(2831168K), 0.0899550 secs] 8704599K->6320784K(12268352K), 0.0902880 secs] [Times: user=0.92 sys=0.00, real=0.09 secs] 
2011-02-26T13:32:48.404+0000: 27217.703: [GC 27217.703: [ParNew: 2671083K->91282K(2831168K), 0.1126560 secs] 8837392K->6322666K(12268352K), 0.1128910 secs] [Times: user=1.23 sys=0.01, real=0.11 secs] 
2011-02-26T13:33:04.631+0000: 27233.930: [GC 27233.931: [ParNew: 2607890K->110870K(2831168K), 0.1142180 secs] 8839274K->6403998K(12268352K), 0.1144980 secs] [Times: user=1.20 sys=0.00, real=0.11 secs] 
2011-02-26T13:33:08.245+0000: 27237.544: [GC 27237.544: [ParNew: 2627478K->73533K(2831168K), 0.0879320 secs] 8920606K->6440827K(12268352K), 0.0881730 secs] [Times: user=0.91 sys=0.01, real=0.09 secs] 
2011-02-26T13:33:19.302+0000: 27248.601: [GC 27248.601: [ParNew: 2590141K->77070K(2831168K), 0.0513080 secs] 8957435K->6454216K(12268352K), 0.0516050 secs] [Times: user=0.61 sys=0.00, real=0.05 secs] 
2011-02-26T13:33:32.584+0000: 27261.883: [GC 27261.883: [ParNew: 2593678K->250076K(2831168K), 0.1130210 secs] 8970824K->6670649K(12268352K), 0.1133320 secs] [Times: user=1.16 sys=0.01, real=0.12 secs] 
2011-02-26T13:33:37.179+0000: 27266.478: [GC 27266.478: [ParNew: 2766684K->128874K(2831168K), 0.1771940 secs] 9187257K->6639221K(12268352K), 0.1774350 secs] [Times: user=1.56 sys=0.00, real=0.17 secs] 
2011-02-26T13:33:56.279+0000: 27285.578: [GC 27285.578: [ParNew: 2645482K->176003K(2831168K), 0.1721220 secs] 9155829K->6778908K(12268352K), 0.1723650 secs] [Times: user=1.88 sys=0.00, real=0.17 secs] 
2011-02-26T13:34:09.039+0000: 27298.338: [GC 27298.339: [ParNew: 2692611K->122336K(2831168K), 0.1657080 secs] 9295516K->6846711K(12268352K), 0.1659590 secs] [Times: user=1.73 sys=0.00, real=0.16 secs] 
2011-02-26T13:34:11.835+0000: 27301.134: [GC 27301.135: [ParNew: 2638944K->83787K(2831168K), 0.0926540 secs] 9363319K->6878793K(12268352K), 0.0929440 secs] [Times: user=0.94 sys=0.00, real=0.10 secs] 
2011-02-26T13:34:32.036+0000: 27321.335: [GC 27321.335: [ParNew: 2600395K->111766K(2831168K), 0.0897250 secs] 9395401K->6925634K(12268352K), 0.0900350 secs] [Times: user=1.10 sys=0.01, real=0.09 secs] 
2011-02-26T13:34:44.347+0000: 27333.646: [GC 27333.647: [ParNew: 2628374K->96326K(2831168K), 0.1520020 secs] 9442242K->7006762K(12268352K), 0.1523220 secs] [Times: user=1.56 sys=0.02, real=0.16 secs] 
2011-02-26T13:35:00.780+0000: 27350.079: [GC 27350.079: [ParNew: 2612934K->80454K(2831168K), 0.1166990 secs] 9523370K->7056331K(12268352K), 0.1170590 secs] [Times: user=1.18 sys=0.02, real=0.11 secs] 
2011-02-26T13:35:07.097+0000: 27356.396: [GC 27356.396: [ParNew: 2597062K->55606K(2831168K), 0.0651680 secs] 9572939K->7081555K(12268352K), 0.0654810 secs] [Times: user=0.78 sys=0.00, real=0.07 secs] 
2011-02-26T13:35:15.235+0000: 27364.534: [GC 27364.534: [ParNew: 2572214K->22673K(2831168K), 0.0359180 secs] 9598163K->7058022K(12268352K), 0.0362020 secs] [Times: user=0.39 sys=0.00, real=0.04 secs] 
2011-02-26T13:35:32.863+0000: 27382.162: [GC 27382.162: [ParNew: 2539281K->94419K(2831168K), 0.0691560 secs] 9574630K->7145264K(12268352K), 0.0694510 secs] [Times: user=0.77 sys=0.00, real=0.07 secs] 
2011-02-26T13:35:48.278+0000: 27397.577: [GC 27397.577: [ParNew: 2611027K->165175K(2831168K), 0.1014590 secs] 9661872K->7272513K(12268352K), 0.1017500 secs] [Times: user=1.13 sys=0.01, real=0.10 secs] 
2011-02-26T13:35:48.381+0000: 27397.680: [GC [1 CMS-initial-mark: 7107338K(9437184K)] 7279481K(12268352K), 0.0650690 secs] [Times: user=0.06 sys=0.00, real=0.06 secs] 
2011-02-26T13:35:48.446+0000: 27397.745: [CMS-concurrent-mark-start]
2011-02-26T13:35:49.289+0000: 27398.588: [CMS-concurrent-mark: 0.842/0.843 secs] [Times: user=4.87 sys=0.43, real=0.85 secs] 
2011-02-26T13:35:49.290+0000: 27398.589: [CMS-concurrent-preclean-start]
2011-02-26T13:35:49.351+0000: 27398.650: [CMS-concurrent-preclean: 0.058/0.061 secs] [Times: user=0.19 sys=0.04, real=0.06 secs] 
2011-02-26T13:35:49.351+0000: 27398.650: [CMS-concurrent-abortable-preclean-start]
2011-02-26T13:35:53.882+0000: 27403.181: [GC 27403.181: [ParNew: 2681793K->148148K(2831168K), 0.0964070 secs] 9789131K->7312372K(12268352K), 0.0966930 secs] [Times: user=1.04 sys=0.01, real=0.10 secs] 
2011-02-26T13:35:53.981+0000: 27403.281: [GC 27403.281: [ParNew: 168108K->29285K(2831168K), 0.0682590 secs] 7332332K->7312692K(12268352K), 0.0685170 secs] [Times: user=0.77 sys=0.00, real=0.07 secs] 
 CMS: abort preclean due to time 2011-02-26T13:35:54.450+0000: 27403.749: [CMS-concurrent-abortable-preclean: 4.882/5.099 secs] [Times: user=14.15 sys=2.52, real=5.10 secs] 
2011-02-26T13:35:54.452+0000: 27403.751: [GC[YG occupancy: 292194 K (2831168 K)]27403.751: [Rescan (parallel) , 0.0337290 secs]27403.785: [weak refs processing, 0.0257560 secs] [1 CMS-remark: 7283406K(9437184K)] 7575601K(12268352K), 0.0624820 secs] [Times: user=0.41 sys=0.00, real=0.06 secs] 
2011-02-26T13:35:54.515+0000: 27403.814: [CMS-concurrent-sweep-start]
2011-02-26T13:35:58.484+0000: 27407.784: [GC 27407.784: [ParNew: 2545893K->27352K(2831168K), 0.0276790 secs] 9216666K->6698152K(12268352K), 0.0279550 secs] [Times: user=0.38 sys=0.01, real=0.03 secs] 
2011-02-26T13:36:04.511+0000: 27413.810: [GC 27413.810: [ParNew: 2543960K->116892K(2831168K), 0.0652750 secs] 8689119K->6284975K(12268352K), 0.0659350 secs] [Times: user=0.65 sys=0.00, real=0.06 secs] 
2011-02-26T13:36:06.841+0000: 27416.140: [GC 27416.140: [ParNew: 2633500K->26785K(2831168K), 0.0663580 secs] 8603641K->6100527K(12268352K), 0.0666530 secs] [Times: user=0.67 sys=0.00, real=0.07 secs] 
2011-02-26T13:36:09.283+0000: 27418.582: [GC 27418.582: [ParNew: 2543393K->19163K(2831168K), 0.0273590 secs] 8402474K->5883198K(12268352K), 0.0276520 secs] [Times: user=0.29 sys=0.00, real=0.03 secs] 
2011-02-26T13:36:15.057+0000: 27424.356: [GC 27424.356: [ParNew: 2535771K->28316K(2831168K), 0.0391860 secs] 7813837K->5319341K(12268352K), 0.0394790 secs] [Times: user=0.47 sys=0.01, real=0.04 secs] 
2011-02-26T13:36:21.881+0000: 27431.180: [GC 27431.180: [ParNew: 2544924K->26142K(2831168K), 0.0554410 secs] 7219345K->4723513K(12268352K), 0.0557330 secs] [Times: user=0.58 sys=0.00, real=0.05 secs] 
2011-02-26T13:36:27.322+0000: 27436.621: [GC 27436.621: [ParNew: 2542750K->102965K(2831168K), 0.0538090 secs] 6779663K->4357916K(12268352K), 0.0541040 secs] [Times: user=0.60 sys=0.00, real=0.05 secs] 
2011-02-26T13:36:32.386+0000: 27441.685: [GC 27441.686: [ParNew: 2619573K->91409K(2831168K), 0.0872850 secs] 6387820K->3876517K(12268352K), 0.0876160 secs] [Times: user=0.93 sys=0.01, real=0.09 secs] 
2011-02-26T13:36:35.936+0000: 27445.235: [GC 27445.235: [ParNew: 2608017K->245172K(2831168K), 0.1775460 secs] 6117160K->3803294K(12268352K), 0.1778380 secs] [Times: user=1.50 sys=0.17, real=0.18 secs] 
2011-02-26T13:36:40.357+0000: 27449.656: [GC 27449.656: [ParNew: 2761780K->227744K(2831168K), 0.1178810 secs] 5941841K->3480584K(12268352K), 0.1181950 secs] [Times: user=1.24 sys=0.00, real=0.12 secs] 
2011-02-26T13:36:42.717+0000: 27452.016: [GC 27452.017: [ParNew: 2744352K->35970K(2831168K), 0.0829760 secs] 5758425K->3244847K(12268352K), 0.0832620 secs] [Times: user=0.90 sys=0.02, real=0.08 secs] 
2011-02-26T13:36:52.152+0000: 27461.451: [GC 27461.451: [ParNew: 2552578K->81701K(2831168K), 0.0679780 secs] 5018117K->2560209K(12268352K), 0.0682860 secs] [Times: user=0.79 sys=0.00, real=0.07 secs] 
2011-02-26T13:37:00.394+0000: 27469.693: [CMS-concurrent-sweep: 64.808/65.880 secs] [Times: user=173.19 sys=32.12, real=65.88 secs] 
2011-02-26T13:37:00.394+0000: 27469.693: [CMS-concurrent-reset-start]
2011-02-26T13:37:00.416+0000: 27469.715: [CMS-concurrent-reset: 0.021/0.021 secs] [Times: user=0.09 sys=0.01, real=0.02 secs] 
2011-02-26T13:37:05.471+0000: 27474.770: [GC 27474.770: [ParNew: 2598309K->120098K(2831168K), 0.1347920 secs] 4350634K->1946948K(12268352K), 0.1350940 secs] [Times: user=1.31 sys=0.00, real=0.13 secs] 
2011-02-26T13:37:11.309+0000: 27480.608: [GC 27480.608: [ParNew: 2636706K->77736K(2831168K), 0.1119480 secs] 4463556K->1986816K(12268352K), 0.1122490 secs] [Times: user=1.04 sys=0.01, real=0.11 secs] 
2011-02-26T13:37:32.046+0000: 27501.345: [GC 27501.345: [ParNew: 2594344K->137815K(2831168K), 0.1459140 secs] 4503424K->2077054K(12268352K), 0.1462200 secs] [Times: user=1.34 sys=0.00, real=0.15 secs] 
2011-02-26T13:37:44.576+0000: 27513.875: [GC 27513.875: [ParNew: 2654423K->123365K(2831168K), 0.2480410 secs] 4593662K->2181056K(12268352K), 0.2483210 secs] [Times: user=1.83 sys=0.01, real=0.25 secs] 
2011-02-26T13:38:02.115+0000: 27531.415: [GC 27531.415: [ParNew: 2639973K->91047K(2831168K), 0.1996250 secs] 4697664K->2236813K(12268352K), 0.1999350 secs] [Times: user=1.44 sys=0.01, real=0.20 secs] 
2011-02-26T13:38:07.149+0000: 27536.448: [GC 27536.448: [ParNew: 2607655K->39761K(2831168K), 0.0699570 secs] 4753421K->2230088K(12268352K), 0.0702570 secs] [Times: user=0.67 sys=0.01, real=0.08 secs] 
2011-02-26T13:38:25.704+0000: 27555.003: [GC 27555.003: [ParNew: 2556369K->68701K(2831168K), 0.0617930 secs] 4746696K->2268364K(12268352K), 0.0620830 secs] [Times: user=0.68 sys=0.00, real=0.06 secs] 
2011-02-26T13:38:36.172+0000: 27565.471: [GC 27565.471: [ParNew: 2585309K->102508K(2831168K), 0.0982190 secs] 4784972K->2337046K(12268352K), 0.0985500 secs] [Times: user=1.08 sys=0.00, real=0.10 secs] 
2011-02-26T13:38:54.054+0000: 27583.353: [GC 27583.353: [ParNew: 2619116K->65691K(2831168K), 0.1142340 secs] 4853654K->2369781K(12268352K), 0.1145230 secs] [Times: user=1.27 sys=0.00, real=0.12 secs] 
2011-02-26T13:39:04.314+0000: 27593.613: [GC 27593.613: [ParNew: 2582299K->63426K(2831168K), 0.0851480 secs] 4886389K->2411849K(12268352K), 0.0854430 secs] [Times: user=0.96 sys=0.00, real=0.09 secs] 
2011-02-26T13:39:11.508+0000: 27600.807: [GC 27600.807: [ParNew: 2580034K->49013K(2831168K), 0.0683620 secs] 4928457K->2441328K(12268352K), 0.0686680 secs] [Times: user=0.71 sys=0.02, real=0.07 secs] 
2011-02-26T13:39:24.293+0000: 27613.593: [GC 27613.593: [ParNew: 2544508K->55927K(2831168K), 0.0674490 secs] 4936823K->2475471K(12268352K), 0.0677430 secs] [Times: user=0.79 sys=0.00, real=0.07 secs] 
2011-02-26T13:39:34.315+0000: 27623.614: [GC 27623.614: [ParNew: 2572535K->121157K(2831168K), 0.1514010 secs] 4992079K->2578242K(12268352K), 0.1516930 secs] [Times: user=1.33 sys=0.01, real=0.15 secs] 
2011-02-26T13:39:47.787+0000: 27637.086: [GC 27637.086: [ParNew: 2637765K->250055K(2831168K), 0.1739480 secs] 5094850K->2810318K(12268352K), 0.1742380 secs] [Times: user=1.86 sys=0.00, real=0.18 secs] 
2011-02-26T13:39:57.592+0000: 27646.891: [GC 27646.891: [ParNew: 2766663K->143914K(2831168K), 0.1437650 secs] 5326926K->2777789K(12268352K), 0.1440560 secs] [Times: user=1.38 sys=0.00, real=0.14 secs] 
2011-02-26T13:40:06.686+0000: 27655.985: [GC 27655.986: [ParNew: 2660522K->95054K(2831168K), 0.1409700 secs] 5294397K->2821549K(12268352K), 0.1412850 secs] [Times: user=1.54 sys=0.01, real=0.15 secs] 
2011-02-26T13:40:18.649+0000: 27667.948: [GC 27667.948: [ParNew: 2611662K->84077K(2831168K), 0.0910030 secs] 5338157K->2858600K(12268352K), 0.0913020 secs] [Times: user=0.95 sys=0.00, real=0.09 secs] 
2011-02-26T13:40:33.783+0000: 27683.082: [GC 27683.083: [ParNew: 2600685K->163178K(2831168K), 0.1466580 secs] 5375208K->2995129K(12268352K), 0.1469450 secs] [Times: user=1.66 sys=0.00, real=0.15 secs] 
2011-02-26T13:40:49.999+0000: 27699.298: [GC 27699.298: [ParNew: 2679786K->136828K(2831168K), 0.2076970 secs] 5511737K->3098033K(12268352K), 0.2079840 secs] [Times: user=2.15 sys=0.01, real=0.20 secs] 
2011-02-26T13:41:04.992+0000: 27714.291: [GC 27714.291: [ParNew: 2653436K->109609K(2831168K), 0.1445460 secs] 5614641K->3178702K(12268352K), 0.1448570 secs] [Times: user=1.42 sys=0.01, real=0.14 secs] 
2011-02-26T13:41:10.484+0000: 27719.783: [GC 27719.783: [ParNew: 2626217K->41820K(2831168K), 0.0572550 secs] 5695310K->3147863K(12268352K), 0.0575410 secs] [Times: user=0.66 sys=0.00, real=0.06 secs] 
2011-02-26T13:41:29.984+0000: 27739.284: [GC 27739.284: [ParNew: 2558428K->45038K(2831168K), 0.0491010 secs] 5664471K->3164753K(12268352K), 0.0494030 secs] [Times: user=0.65 sys=0.00, real=0.05 secs] 
2011-02-26T13:41:39.034+0000: 27748.334: [GC 27748.334: [ParNew: 2561646K->90195K(2831168K), 0.1000480 secs] 5681361K->3244426K(12268352K), 0.1003350 secs] [Times: user=1.15 sys=0.02, real=0.10 secs] 
2011-02-26T13:41:57.852+0000: 27767.151: [GC 27767.151: [ParNew: 2606803K->78897K(2831168K), 0.1122300 secs] 5761034K->3302832K(12268352K), 0.1125250 secs] [Times: user=1.17 sys=0.01, real=0.11 secs] 
2011-02-26T13:42:08.427+0000: 27777.727: [GC 27777.727: [ParNew: 2595505K->53451K(2831168K), 0.0687420 secs] 5819440K->3327297K(12268352K), 0.0690300 secs] [Times: user=0.71 sys=0.00, real=0.07 secs] 
2011-02-26T13:42:14.496+0000: 27783.795: [GC 27783.795: [ParNew: 2570059K->101074K(2831168K), 0.0592230 secs] 5843905K->3392967K(12268352K), 0.0595180 secs] [Times: user=0.64 sys=0.00, real=0.06 secs] 
2011-02-26T13:42:28.837+0000: 27798.136: [GC 27798.136: [ParNew: 2617682K->78044K(2831168K), 0.0620140 secs] 5909575K->3387907K(12268352K), 0.0622680 secs] [Times: user=0.68 sys=0.01, real=0.07 secs] 
2011-02-26T13:42:37.228+0000: 27806.527: [GC 27806.527: [ParNew: 2594652K->127354K(2831168K), 0.1217440 secs] 5904515K->3489054K(12268352K), 0.1219780 secs] [Times: user=1.36 sys=0.01, real=0.12 secs] 
2011-02-26T13:42:56.262+0000: 27825.561: [GC 27825.561: [ParNew: 2643962K->124195K(2831168K), 0.1487370 secs] 6005662K->3591154K(12268352K), 0.1490350 secs] [Times: user=1.58 sys=0.01, real=0.15 secs] 
2011-02-26T13:43:01.460+0000: 27830.759: [GC 27830.760: [ParNew: 2640803K->173593K(2831168K), 0.1610020 secs] 6107762K->3727203K(12268352K), 0.1613130 secs] [Times: user=1.47 sys=0.04, real=0.16 secs] 
2011-02-26T13:43:07.247+0000: 27836.546: [GC 27836.546: [ParNew: 2690201K->47406K(2831168K), 0.0929720 secs] 6243811K->3659846K(12268352K), 0.0932750 secs] [Times: user=1.01 sys=0.00, real=0.10 secs] 
2011-02-26T13:43:18.586+0000: 27847.885: [GC 27847.886: [ParNew: 2564014K->77610K(2831168K), 0.0779690 secs] 6176454K->3718672K(12268352K), 0.0782740 secs] [Times: user=0.88 sys=0.00, real=0.08 secs] 
2011-02-26T13:43:33.367+0000: 27862.666: [GC 27862.666: [ParNew: 2594218K->151750K(2831168K), 0.1509930 secs] 6235280K->3857734K(12268352K), 0.1512850 secs] [Times: user=1.66 sys=0.00, real=0.15 secs] 
2011-02-26T13:43:50.491+0000: 27879.790: [GC 27879.790: [ParNew: 2668358K->205084K(2831168K), 0.2121920 secs] 6374342K->4039029K(12268352K), 0.2124880 secs] [Times: user=2.10 sys=0.03, real=0.21 secs] 
2011-02-26T13:44:06.080+0000: 27895.379: [GC 27895.380: [ParNew: 2721692K->121313K(2831168K), 0.1713110 secs] 6555637K->4079046K(12268352K), 0.1716190 secs] [Times: user=1.80 sys=0.01, real=0.17 secs] 
2011-02-26T13:44:09.537+0000: 27898.836: [GC 27898.836: [ParNew: 2637921K->57571K(2831168K), 0.0868420 secs] 6595654K->4086127K(12268352K), 0.0958300 secs] [Times: user=0.93 sys=0.00, real=0.10 secs] 
2011-02-26T13:44:29.952+0000: 27919.251: [GC 27919.251: [ParNew: 2574179K->63779K(2831168K), 0.0489680 secs] 6602735K->4097847K(12268352K), 0.0493250 secs] [Times: user=0.58 sys=0.00, real=0.05 secs] 
2011-02-26T13:44:39.454+0000: 27928.753: [GC 27928.753: [ParNew: 2580387K->90357K(2831168K), 0.0964680 secs] 6614455K->4163212K(12268352K), 0.0967000 secs] [Times: user=1.17 sys=0.00, real=0.10 secs] 
2011-02-26T13:44:57.694+0000: 27946.993: [GC 27946.993: [ParNew: 2606965K->71458K(2831168K), 0.1375140 secs] 6679820K->4215331K(12268352K), 0.1378330 secs] [Times: user=1.32 sys=0.02, real=0.14 secs] 
2011-02-26T13:45:06.950+0000: 27956.249: [GC 27956.249: [ParNew: 2588041K->52551K(2831168K), 0.0678030 secs] 6731914K->4239637K(12268352K), 0.0680460 secs] [Times: user=0.64 sys=0.00, real=0.07 secs] 
2011-02-26T13:45:15.476+0000: 27964.775: [GC 27964.775: [ParNew: 2569159K->41522K(2831168K), 0.0467820 secs] 6756245K->4247119K(12268352K), 0.0470850 secs] [Times: user=0.51 sys=0.00, real=0.05 secs] 
2011-02-26T13:45:31.430+0000: 27980.729: [GC 27980.729: [ParNew: 2558130K->40836K(2831168K), 0.0569510 secs] 6763727K->4267390K(12268352K), 0.0572030 secs] [Times: user=0.63 sys=0.00, real=0.06 secs] 
2011-02-26T13:45:34.384+0000: 27983.683: [GC 27983.683: [ParNew: 2557444K->171782K(2831168K), 0.1044830 secs] 6783998K->4429984K(12268352K), 0.1047150 secs] [Times: user=1.08 sys=0.02, real=0.11 secs] 
2011-02-26T13:45:50.767+0000: 28000.067: [GC 28000.067: [ParNew: 2688390K->106988K(2831168K), 0.1428900 secs] 6946592K->4445767K(12268352K), 0.1431960 secs] [Times: user=1.44 sys=0.01, real=0.14 secs] 
2011-02-26T13:46:05.908+0000: 28015.207: [GC 28015.207: [ParNew: 2623596K->97706K(2831168K), 0.1317420 secs] 6962375K->4512886K(12268352K), 0.1320580 secs] [Times: user=1.29 sys=0.01, real=0.13 secs] 
2011-02-26T13:46:10.866+0000: 28020.165: [GC 28020.165: [ParNew: 2614269K->69976K(2831168K), 0.0938990 secs] 7029449K->4552403K(12268352K), 0.0942040 secs] [Times: user=1.03 sys=0.00, real=0.10 secs] 
2011-02-26T13:46:14.436+0000: 28023.735: [GC 28023.735: [ParNew: 2586584K->194697K(2831168K), 0.0813130 secs] 7069011K->4696955K(12268352K), 0.0816090 secs] [Times: user=0.87 sys=0.00, real=0.09 secs] 
2011-02-26T13:46:18.111+0000: 28027.410: [GC 28027.410: [ParNew: 2711305K->193104K(2831168K), 0.0786950 secs] 7213563K->4730195K(12268352K), 0.0789510 secs] [Times: user=0.84 sys=0.01, real=0.08 secs] 
2011-02-26T13:46:20.478+0000: 28029.777: [GC 28029.778: [ParNew: 2709712K->25301K(2831168K), 0.0860220 secs] 7246803K->4743346K(12268352K), 0.0862650 secs] [Times: user=0.71 sys=0.02, real=0.08 secs] 
2011-02-26T13:46:32.831+0000: 28042.130: [GC 28042.130: [ParNew: 2541909K->102353K(2831168K), 0.0881870 secs] 7259954K->4829643K(12268352K), 0.0884900 secs] [Times: user=0.95 sys=0.00, real=0.09 secs] 
2011-02-26T13:46:45.661+0000: 28054.960: [GC 28054.960: [ParNew: 2618961K->164934K(2831168K), 0.1771980 secs] 7346251K->4990805K(12268352K), 0.1774880 secs] [Times: user=1.89 sys=0.00, real=0.18 secs] 
2011-02-26T13:47:03.680+0000: 28072.979: [GC 28072.980: [ParNew: 2681542K->144414K(2831168K), 0.1965970 secs] 7507413K->5100455K(12268352K), 0.1969510 secs] [Times: user=2.09 sys=0.00, real=0.20 secs] 
2011-02-26T13:47:07.553+0000: 28076.852: [GC 28076.853: [ParNew: 2661022K->115847K(2831168K), 0.1553750 secs] 7617063K->5187589K(12268352K), 0.1556830 secs] [Times: user=1.32 sys=0.01, real=0.16 secs] 
2011-02-26T13:47:22.397+0000: 28091.696: [GC 28091.696: [ParNew: 2632455K->69776K(2831168K), 0.0616390 secs] 7704197K->5157913K(12268352K), 0.0619630 secs] [Times: user=0.77 sys=0.01, real=0.07 secs] 
2011-02-26T13:47:34.160+0000: 28103.459: [GC 28103.459: [ParNew: 2586384K->106068K(2831168K), 0.1329040 secs] 7674521K->5243484K(12268352K), 0.1331610 secs] [Times: user=1.29 sys=0.02, real=0.13 secs] 
2011-02-26T13:47:52.564+0000: 28121.863: [GC 28121.863: [ParNew: 2622676K->83553K(2831168K), 0.1224300 secs] 7760092K->5292190K(12268352K), 0.1227250 secs] [Times: user=1.34 sys=0.01, real=0.12 secs] 
2011-02-26T13:48:05.809+0000: 28135.108: [GC 28135.108: [ParNew: 2600161K->47304K(2831168K), 0.0799040 secs] 7808798K->5301201K(12268352K), 0.0802040 secs] [Times: user=0.83 sys=0.01, real=0.09 secs] 
2011-02-26T13:48:09.066+0000: 28138.365: [GC 28138.365: [ParNew: 2563912K->34110K(2831168K), 0.0495680 secs] 7817809K->5319094K(12268352K), 0.0498700 secs] [Times: user=0.53 sys=0.00, real=0.05 secs] 
2011-02-26T13:48:31.069+0000: 28160.368: [GC 28160.369: [ParNew: 2550718K->81804K(2831168K), 0.0434760 secs] 7835702K->5372080K(12268352K), 0.0437740 secs] [Times: user=0.52 sys=0.00, real=0.04 secs] 
2011-02-26T13:48:36.646+0000: 28165.945: [GC 28165.945: [ParNew: 2598412K->168634K(2831168K), 0.1002250 secs] 7888688K->5505103K(12268352K), 0.1005110 secs] [Times: user=1.15 sys=0.00, real=0.10 secs] 
2011-02-26T13:48:42.505+0000: 28171.804: [GC 28171.804: [ParNew: 2685242K->140803K(2831168K), 0.1021330 secs] 8021711K->5549569K(12268352K), 0.1023720 secs] [Times: user=1.05 sys=0.00, real=0.11 secs] 
2011-02-26T13:48:47.042+0000: 28176.341: [GC 28176.341: [ParNew: 2657411K->30767K(2831168K), 0.0623050 secs] 8066177K->5543876K(12268352K), 0.0625520 secs] [Times: user=0.66 sys=0.00, real=0.06 secs] 
2011-02-26T13:49:00.920+0000: 28190.219: [GC 28190.220: [ParNew: 2547375K->106665K(2831168K), 0.0747050 secs] 8060484K->5641292K(12268352K), 0.0749410 secs] [Times: user=0.84 sys=0.00, real=0.07 secs] 
2011-02-26T13:49:07.291+0000: 28196.590: [GC 28196.590: [ParNew: 2623273K->56608K(2831168K), 0.0976000 secs] 8157900K->5662548K(12268352K), 0.0978470 secs] [Times: user=0.86 sys=0.00, real=0.10 secs] 
2011-02-26T13:49:21.346+0000: 28210.645: [GC 28210.646: [ParNew: 2573216K->82311K(2831168K), 0.0625920 secs] 8179156K->5706398K(12268352K), 0.0628290 secs] [Times: user=0.73 sys=0.02, real=0.07 secs] 
2011-02-26T13:49:32.715+0000: 28222.014: [GC 28222.015: [ParNew: 2598919K->252087K(2831168K), 0.1168210 secs] 8223006K->5929249K(12268352K), 0.1170580 secs] [Times: user=1.34 sys=0.01, real=0.12 secs] 
2011-02-26T13:49:38.848+0000: 28228.147: [GC 28228.147: [ParNew: 2768695K->149051K(2831168K), 0.1537020 secs] 8445857K->5915774K(12268352K), 0.1539350 secs] [Times: user=1.65 sys=0.01, real=0.15 secs] 
2011-02-26T13:49:57.825+0000: 28247.124: [GC 28247.124: [ParNew: 2665659K->181273K(2831168K), 0.1715340 secs] 8432382K->6043388K(12268352K), 0.1718220 secs] [Times: user=1.96 sys=0.00, real=0.17 secs] 
2011-02-26T13:50:07.752+0000: 28257.051: [GC 28257.051: [ParNew: 2697881K->117293K(2831168K), 0.1638960 secs] 8559996K->6105340K(12268352K), 0.1642210 secs] [Times: user=1.60 sys=0.01, real=0.16 secs] 
2011-02-26T13:50:16.947+0000: 28266.246: [GC 28266.246: [ParNew: 2633901K->73887K(2831168K), 0.0964020 secs] 8621948K->6110340K(12268352K), 0.0967340 secs] [Times: user=1.02 sys=0.01, real=0.10 secs] 
2011-02-26T13:50:33.362+0000: 28282.661: [GC 28282.662: [ParNew: 2590555K->129364K(2831168K), 0.1310330 secs] 8627009K->6213804K(12268352K), 0.1313380 secs] [Times: user=1.41 sys=0.00, real=0.13 secs] 
2011-02-26T13:50:33.496+0000: 28282.795: [GC 28282.795: [ParNew: 131044K->90996K(2831168K), 0.1375230 secs] 6215484K->6281303K(12268352K), 0.1377580 secs] [Times: user=1.08 sys=0.01, real=0.14 secs] 
2011-02-26T13:50:48.992+0000: 28298.291: [GC 28298.292: [ParNew: 2607604K->85933K(2831168K), 0.0671460 secs] 8797911K->6276246K(12268352K), 0.0674650 secs] [Times: user=0.71 sys=0.00, real=0.07 secs] 
2011-02-26T13:51:05.026+0000: 28314.325: [GC 28314.325: [ParNew: 2602529K->51181K(2831168K), 0.0918820 secs] 8792842K->6293820K(12268352K), 0.0921850 secs] [Times: user=1.01 sys=0.00, real=0.10 secs] 
2011-02-26T13:51:08.187+0000: 28317.486: [GC 28317.486: [ParNew: 2567789K->39538K(2831168K), 0.0564350 secs] 8810428K->6319802K(12268352K), 0.0567850 secs] [Times: user=0.61 sys=0.02, real=0.06 secs] 
2011-02-26T13:51:27.883+0000: 28337.182: [GC 28337.182: [ParNew: 2556146K->71948K(2831168K), 0.0438060 secs] 8836410K->6356004K(12268352K), 0.0441030 secs] [Times: user=0.52 sys=0.00, real=0.05 secs] 
2011-02-26T13:51:37.346+0000: 28346.645: [GC 28346.645: [ParNew: 2588556K->80883K(2831168K), 0.0866790 secs] 8872612K->6404474K(12268352K), 0.0869160 secs] [Times: user=1.05 sys=0.00, real=0.09 secs] 
2011-02-26T13:51:48.466+0000: 28357.765: [GC 28357.765: [ParNew: 2597491K->139944K(2831168K), 0.1037660 secs] 8921082K->6531123K(12268352K), 0.1040030 secs] [Times: user=1.18 sys=0.00, real=0.11 secs] 
2011-02-26T13:52:04.750+0000: 28374.049: [GC 28374.049: [ParNew: 2656552K->106062K(2831168K), 0.0974380 secs] 9047731K->6538095K(12268352K), 0.0977430 secs] [Times: user=1.05 sys=0.00, real=0.10 secs] 
2011-02-26T13:52:07.704+0000: 28377.003: [GC 28377.004: [ParNew: 2622670K->70402K(2831168K), 0.0936320 secs] 9054703K->6579556K(12268352K), 0.0940220 secs] [Times: user=0.93 sys=0.01, real=0.10 secs] 
2011-02-26T13:52:26.339+0000: 28395.638: [GC 28395.638: [ParNew: 2587010K->97673K(2831168K), 0.0592140 secs] 9096164K->6614294K(12268352K), 0.0594530 secs] [Times: user=0.67 sys=0.00, real=0.06 secs] 
2011-02-26T13:52:34.400+0000: 28403.699: [GC 28403.699: [ParNew: 2614281K->273924K(2831168K), 0.1402900 secs] 9130902K->6854464K(12268352K), 0.1405500 secs] [Times: user=1.54 sys=0.02, real=0.14 secs] 
2011-02-26T13:52:41.908+0000: 28411.207: [GC 28411.208: [ParNew: 2790532K->108088K(2831168K), 0.1444510 secs] 9371072K->6792948K(12268352K), 0.1447430 secs] [Times: user=1.46 sys=0.01, real=0.14 secs] 
2011-02-26T13:52:59.641+0000: 28428.940: [GC 28428.940: [ParNew: 2624696K->165240K(2831168K), 0.1512690 secs] 9309556K->6915169K(12268352K), 0.1515950 secs] [Times: user=1.71 sys=0.00, real=0.15 secs] 
2011-02-26T13:53:07.011+0000: 28436.310: [GC 28436.310: [ParNew: 2681848K->112135K(2831168K), 0.1478030 secs] 9431777K->6987784K(12268352K), 0.1480480 secs] [Times: user=1.42 sys=0.00, real=0.15 secs] 
2011-02-26T13:53:18.500+0000: 28447.799: [GC 28447.799: [ParNew: 2628743K->83731K(2831168K), 0.0860550 secs] 9504392K->6994050K(12268352K), 0.0862950 secs] [Times: user=0.92 sys=0.00, real=0.08 secs] 
2011-02-26T13:53:33.550+0000: 28462.849: [GC 28462.850: [ParNew: 2600339K->156703K(2831168K), 0.1784140 secs] 9510658K->7126801K(12268352K), 0.1786910 secs] [Times: user=1.80 sys=0.01, real=0.18 secs] 
2011-02-26T13:53:49.645+0000: 28478.944: [GC 28478.944: [ParNew: 2673311K->109503K(2831168K), 0.1774370 secs] 9643409K->7206273K(12268352K), 0.1777260 secs] [Times: user=1.63 sys=0.01, real=0.18 secs] 
2011-02-26T13:53:49.825+0000: 28479.124: [GC [1 CMS-initial-mark: 7096770K(9437184K)] 7218780K(12268352K), 0.0578940 secs] [Times: user=0.06 sys=0.00, real=0.06 secs] 
2011-02-26T13:53:49.883+0000: 28479.182: [CMS-concurrent-mark-start]
2011-02-26T13:53:50.596+0000: 28479.895: [CMS-concurrent-mark: 0.712/0.713 secs] [Times: user=3.50 sys=0.27, real=0.71 secs] 
2011-02-26T13:53:50.596+0000: 28479.895: [CMS-concurrent-preclean-start]
2011-02-26T13:53:50.651+0000: 28479.950: [CMS-concurrent-preclean: 0.050/0.054 secs] [Times: user=0.09 sys=0.03, real=0.06 secs] 
2011-02-26T13:53:50.651+0000: 28479.950: [CMS-concurrent-abortable-preclean-start]
 CMS: abort preclean due to time 2011-02-26T13:53:55.699+0000: 28484.998: [CMS-concurrent-abortable-preclean: 5.015/5.048 secs] [Times: user=9.41 sys=1.75, real=5.05 secs] 
2011-02-26T13:53:55.700+0000: 28484.999: [GC[YG occupancy: 1010969 K (2831168 K)]28484.999: [Rescan (parallel) , 0.1426490 secs]28485.142: [weak refs processing, 0.0340200 secs] [1 CMS-remark: 7096770K(9437184K)] 8107740K(12268352K), 0.1769150 secs] [Times: user=1.75 sys=0.01, real=0.18 secs] 
2011-02-26T13:53:55.878+0000: 28485.177: [CMS-concurrent-sweep-start]
2011-02-26T13:54:05.214+0000: 28494.513: [GC 28494.513: [ParNew: 2626111K->61156K(2831168K), 0.0984620 secs] 8292816K->5775965K(12268352K), 0.2827210 secs] [Times: user=0.87 sys=0.00, real=0.28 secs] 
2011-02-26T13:54:08.404+0000: 28497.703: [GC 28497.703: [ParNew: 2577764K->41557K(2831168K), 0.0546530 secs] 7939013K->5441487K(12268352K), 0.0548960 secs] [Times: user=0.57 sys=0.02, real=0.06 secs] 
2011-02-26T13:54:21.483+0000: 28510.782: [GC 28510.782: [ParNew: 2558165K->50624K(2831168K), 0.0446300 secs] 6211086K->3708102K(12268352K), 0.0448720 secs] [Times: user=0.47 sys=0.00, real=0.05 secs] 
2011-02-26T13:54:33.770+0000: 28523.069: [GC 28523.069: [ParNew: 2567232K->116973K(2831168K), 0.0884290 secs] 4873665K->2451103K(12268352K), 0.0887530 secs] [Times: user=1.02 sys=0.00, real=0.09 secs] 
2011-02-26T13:54:42.791+0000: 28532.090: [CMS-concurrent-sweep: 46.338/46.914 secs] [Times: user=90.45 sys=15.56, real=46.91 secs] 
2011-02-26T13:54:42.792+0000: 28532.091: [CMS-concurrent-reset-start]
2011-02-26T13:54:42.812+0000: 28532.111: [CMS-concurrent-reset: 0.021/0.021 secs] [Times: user=0.09 sys=0.00, real=0.02 secs] 
2011-02-26T13:54:51.264+0000: 28540.563: [GC 28540.563: [ParNew: 2633581K->75497K(2831168K), 0.1105440 secs] 3703445K->1217650K(12268352K), 0.1108390 secs] [Times: user=1.16 sys=0.00, real=0.11 secs] 
2011-02-26T13:55:00.336+0000: 28549.635: [GC 28549.635: [ParNew: 2592105K->141290K(2831168K), 0.0863060 secs] 3734258K->1329123K(12268352K), 0.0865440 secs] [Times: user=0.97 sys=0.02, real=0.09 secs] 
2011-02-26T13:55:06.862+0000: 28556.161: [GC 28556.161: [ParNew: 2657898K->45250K(2831168K), 0.0688640 secs] 3845731K->1278110K(12268352K), 0.0691650 secs] [Times: user=0.64 sys=0.03, real=0.07 secs] 
2011-02-26T13:55:17.736+0000: 28567.035: [GC 28567.035: [ParNew: 2561858K->50087K(2831168K), 0.0560490 secs] 3794718K->1304885K(12268352K), 0.0563680 secs] [Times: user=0.63 sys=0.00, real=0.06 secs] 
2011-02-26T13:55:33.419+0000: 28582.718: [GC 28582.718: [ParNew: 2566695K->113398K(2831168K), 0.1147310 secs] 3821493K->1406046K(12268352K), 0.1150270 secs] [Times: user=1.27 sys=0.00, real=0.11 secs] 
2011-02-26T13:55:46.411+0000: 28595.710: [GC 28595.710: [ParNew: 2630006K->269247K(2831168K), 0.1811170 secs] 3922654K->1658701K(12268352K), 0.1814130 secs] [Times: user=1.75 sys=0.00, real=0.18 secs] 
2011-02-26T13:55:50.851+0000: 28600.150: [GC 28600.151: [ParNew: 2785855K->245434K(2831168K), 0.1811950 secs] 4175309K->1722435K(12268352K), 0.1815440 secs] [Times: user=1.37 sys=0.00, real=0.18 secs] 
2011-02-26T13:55:53.296+0000: 28602.595: [GC 28602.596: [ParNew: 2762042K->66928K(2831168K), 0.1419050 secs] 4239043K->1751915K(12268352K), 0.1421880 secs] [Times: user=1.17 sys=0.00, real=0.15 secs] 
2011-02-26T13:55:56.101+0000: 28605.400: [GC 28605.401: [ParNew: 2583536K->38791K(2831168K), 0.0577230 secs] 4268523K->1744011K(12268352K), 0.0579550 secs] [Times: user=0.54 sys=0.00, real=0.06 secs] 
2011-02-26T13:56:05.960+0000: 28615.259: [GC 28615.259: [ParNew: 2555399K->71011K(2831168K), 0.0725970 secs] 4260619K->1800001K(12268352K), 0.0729020 secs] [Times: user=0.73 sys=0.01, real=0.07 secs] 
2011-02-26T13:56:11.825+0000: 28621.124: [GC 28621.124: [ParNew: 2587619K->55431K(2831168K), 0.0872230 secs] 4316609K->1838883K(12268352K), 0.0875180 secs] [Times: user=0.92 sys=0.00, real=0.09 secs] 
2011-02-26T13:56:32.291+0000: 28641.590: [GC 28641.590: [ParNew: 2572039K->132785K(2831168K), 0.1222820 secs] 4355491K->1952453K(12268352K), 0.1225840 secs] [Times: user=1.28 sys=0.01, real=0.12 secs] 
2011-02-26T13:56:46.308+0000: 28655.607: [GC 28655.608: [ParNew: 2649393K->201599K(2831168K), 0.1923490 secs] 4469061K->2140712K(12268352K), 0.1926440 secs] [Times: user=2.08 sys=0.00, real=0.19 secs] 
2011-02-26T13:57:04.207+0000: 28673.506: [GC 28673.506: [ParNew: 2718207K->119913K(2831168K), 0.1652470 secs] 4657320K->2185960K(12268352K), 0.1654850 secs] [Times: user=1.67 sys=0.03, real=0.16 secs] 
2011-02-26T13:57:07.337+0000: 28676.636: [GC 28676.636: [ParNew: 2635913K->41183K(2831168K), 0.0625790 secs] 4701960K->2151168K(12268352K), 0.0628190 secs] [Times: user=0.65 sys=0.02, real=0.06 secs] 
2011-02-26T13:57:20.800+0000: 28690.099: [GC 28690.099: [ParNew: 2557791K->56482K(2831168K), 0.0402810 secs] 4667776K->2172437K(12268352K), 0.0406040 secs] [Times: user=0.45 sys=0.00, real=0.04 secs] 
2011-02-26T13:57:35.655+0000: 28704.954: [GC 28704.955: [ParNew: 2573090K->84931K(2831168K), 0.1132840 secs] 4689045K->2230695K(12268352K), 0.1135770 secs] [Times: user=1.05 sys=0.01, real=0.12 secs] 
2011-02-26T13:57:51.679+0000: 28720.978: [GC 28720.978: [ParNew: 2601539K->65249K(2831168K), 0.1147070 secs] 4747303K->2276537K(12268352K), 0.1149970 secs] [Times: user=1.12 sys=0.01, real=0.11 secs] 
2011-02-26T13:58:06.961+0000: 28736.260: [GC 28736.260: [ParNew: 2581857K->63534K(2831168K), 0.0919980 secs] 4793145K->2328750K(12268352K), 0.0922690 secs] [Times: user=1.03 sys=0.00, real=0.09 secs] 
2011-02-26T13:58:09.716+0000: 28739.015: [GC 28739.015: [ParNew: 2580142K->41173K(2831168K), 0.0494850 secs] 4845358K->2341592K(12268352K), 0.0497270 secs] [Times: user=0.53 sys=0.00, real=0.05 secs] 
2011-02-26T13:58:19.052+0000: 28748.351: [GC 28748.351: [ParNew: 2557781K->69862K(2831168K), 0.0457880 secs] 4858200K->2375330K(12268352K), 0.0460300 secs] [Times: user=0.52 sys=0.00, real=0.05 secs] 
2011-02-26T13:58:33.607+0000: 28762.906: [GC 28762.906: [ParNew: 2586470K->127659K(2831168K), 0.1198050 secs] 4891938K->2475944K(12268352K), 0.1200390 secs] [Times: user=1.33 sys=0.01, real=0.12 secs] 
2011-02-26T13:58:49.894+0000: 28779.193: [GC 28779.194: [ParNew: 2644267K->124850K(2831168K), 0.1512050 secs] 4992552K->2572697K(12268352K), 0.1514370 secs] [Times: user=1.61 sys=0.01, real=0.15 secs] 
2011-02-26T13:58:58.542+0000: 28787.841: [GC 28787.841: [ParNew: 2641458K->259207K(2831168K), 0.1476770 secs] 5089305K->2797119K(12268352K), 0.1479800 secs] [Times: user=1.56 sys=0.00, real=0.15 secs] 
2011-02-26T13:59:05.848+0000: 28795.147: [GC 28795.147: [ParNew: 2775815K->61652K(2831168K), 0.1042090 secs] 5313727K->2664464K(12268352K), 0.1044800 secs] [Times: user=1.10 sys=0.01, real=0.10 secs] 
2011-02-26T13:59:08.547+0000: 28797.846: [GC 28797.846: [ParNew: 2578260K->49737K(2831168K), 0.0845760 secs] 5181072K->2702315K(12268352K), 0.0848520 secs] [Times: user=0.77 sys=0.00, real=0.09 secs] 
2011-02-26T13:59:31.505+0000: 28820.804: [GC 28820.805: [ParNew: 2566345K->130168K(2831168K), 0.0938240 secs] 5218923K->2795615K(12268352K), 0.0941170 secs] [Times: user=1.10 sys=0.02, real=0.10 secs] 
2011-02-26T13:59:41.588+0000: 28830.887: [GC 28830.887: [ParNew: 2646776K->178784K(2831168K), 0.1921640 secs] 5312223K->2955096K(12268352K), 0.1924720 secs] [Times: user=2.02 sys=0.01, real=0.19 secs] 
2011-02-26T13:59:59.426+0000: 28848.725: [GC 28848.725: [ParNew: 2695392K->152387K(2831168K), 0.1984910 secs] 5471704K->3064699K(12268352K), 0.1987290 secs] [Times: user=2.09 sys=0.01, real=0.20 secs] 
2011-02-26T14:00:06.294+0000: 28855.593: [GC 28855.593: [ParNew: 2668995K->110840K(2831168K), 0.1271160 secs] 5581307K->3129937K(12268352K), 0.1273610 secs] [Times: user=1.29 sys=0.01, real=0.13 secs] 
2011-02-26T14:00:12.889+0000: 28862.188: [GC 28862.188: [ParNew: 2627448K->33894K(2831168K), 0.0449960 secs] 5646545K->3069997K(12268352K), 0.0453410 secs] [Times: user=0.44 sys=0.01, real=0.04 secs] 
2011-02-26T14:00:32.471+0000: 28881.770: [GC 28881.770: [ParNew: 2550502K->101318K(2831168K), 0.0845180 secs] 5586605K->3153499K(12268352K), 0.0848650 secs] [Times: user=0.95 sys=0.00, real=0.08 secs] 
2011-02-26T14:00:48.201+0000: 28897.501: [GC 28897.501: [ParNew: 2617926K->84766K(2831168K), 0.1338460 secs] 5670107K->3200273K(12268352K), 0.1341390 secs] [Times: user=1.23 sys=0.00, real=0.13 secs] 
2011-02-26T14:01:08.759+0000: 28918.059: [GC 28918.059: [ParNew: 2601393K->72594K(2831168K), 0.1019980 secs] 5716900K->3249258K(12268352K), 0.1022930 secs] [Times: user=1.06 sys=0.00, real=0.10 secs] 
2011-02-26T14:01:08.863+0000: 28918.162: [GC 28918.162: [ParNew: 74113K->18748K(2831168K), 0.0560160 secs] 3250777K->3240715K(12268352K), 0.0562480 secs] [Times: user=0.58 sys=0.01, real=0.06 secs] 
2011-02-26T14:01:17.835+0000: 28927.134: [GC 28927.134: [ParNew: 2535356K->36201K(2831168K), 0.0227790 secs] 5757323K->3258170K(12268352K), 0.0230750 secs] [Times: user=0.28 sys=0.01, real=0.03 secs] 
2011-02-26T14:01:31.506+0000: 28940.805: [GC 28940.805: [ParNew: 2552809K->114503K(2831168K), 0.0560410 secs] 5774778K->3350638K(12268352K), 0.0563270 secs] [Times: user=0.64 sys=0.01, real=0.06 secs] 
2011-02-26T14:01:34.714+0000: 28944.013: [GC 28944.013: [ParNew: 2631111K->95248K(2831168K), 0.0937540 secs] 5867246K->3430049K(12268352K), 0.0940190 secs] [Times: user=0.98 sys=0.02, real=0.10 secs] 
2011-02-26T14:01:39.634+0000: 28948.933: [GC 28948.933: [ParNew: 2611856K->138105K(2831168K), 0.1207190 secs] 5946657K->3551191K(12268352K), 0.1210060 secs] [Times: user=1.32 sys=0.01, real=0.12 secs] 
2011-02-26T14:01:45.749+0000: 28955.048: [GC 28955.048: [ParNew: 2654713K->37790K(2831168K), 0.0547490 secs] 6067799K->3478927K(12268352K), 0.0550350 secs] [Times: user=0.52 sys=0.01, real=0.05 secs] 
2011-02-26T14:02:04.197+0000: 28973.496: [GC 28973.497: [ParNew: 2554398K->100128K(2831168K), 0.0838670 secs] 5995535K->3568976K(12268352K), 0.0841550 secs] [Times: user=0.97 sys=0.00, real=0.08 secs] 
2011-02-26T14:02:11.710+0000: 28981.009: [GC 28981.009: [ParNew: 2616736K->231314K(2831168K), 0.1106720 secs] 6085584K->3787304K(12268352K), 0.1109710 secs] [Times: user=1.08 sys=0.00, real=0.11 secs] 
2011-02-26T14:02:22.670+0000: 28991.969: [GC 28991.970: [ParNew: 2747922K->74331K(2831168K), 0.0786090 secs] 6303912K->3662969K(12268352K), 0.0789180 secs] [Times: user=0.86 sys=0.00, real=0.08 secs] 
2011-02-26T14:02:32.380+0000: 29001.679: [GC 29001.679: [ParNew: 2590939K->133789K(2831168K), 0.1614110 secs] 6179577K->3779947K(12268352K), 0.1617570 secs] [Times: user=1.71 sys=0.02, real=0.16 secs] 
2011-02-26T14:02:46.279+0000: 29015.578: [GC 29015.578: [ParNew: 2650397K->187801K(2831168K), 0.1674560 secs] 6296555K->3913523K(12268352K), 0.1677020 secs] [Times: user=1.75 sys=0.01, real=0.16 secs] 
2011-02-26T14:03:03.473+0000: 29032.772: [GC 29032.772: [ParNew: 2704409K->143366K(2831168K), 0.1933680 secs] 6430131K->4002945K(12268352K), 0.1936090 secs] [Times: user=2.10 sys=0.00, real=0.19 secs] 
2011-02-26T14:03:09.456+0000: 29038.755: [GC 29038.755: [ParNew: 2659974K->120104K(2831168K), 0.1353700 secs] 6519553K->4096203K(12268352K), 0.1356150 secs] [Times: user=1.40 sys=0.00, real=0.14 secs] 
2011-02-26T14:03:24.568+0000: 29053.867: [GC 29053.868: [ParNew: 2636712K->50528K(2831168K), 0.0619050 secs] 6612811K->4051339K(12268352K), 0.0621480 secs] [Times: user=0.69 sys=0.01, real=0.06 secs] 
2011-02-26T14:03:35.048+0000: 29064.347: [GC 29064.348: [ParNew: 2567136K->91992K(2831168K), 0.0941700 secs] 6567947K->4131126K(12268352K), 0.0944670 secs] [Times: user=1.09 sys=0.00, real=0.09 secs] 
2011-02-26T14:03:54.738+0000: 29084.037: [GC 29084.037: [ParNew: 2608600K->73819K(2831168K), 0.1146500 secs] 6647734K->4184453K(12268352K), 0.1149490 secs] [Times: user=1.23 sys=0.00, real=0.11 secs] 
2011-02-26T14:04:05.962+0000: 29095.261: [GC 29095.261: [ParNew: 2590427K->55458K(2831168K), 0.0782820 secs] 6701061K->4209639K(12268352K), 0.0785350 secs] [Times: user=0.85 sys=0.00, real=0.08 secs] 
2011-02-26T14:04:10.950+0000: 29100.249: [GC 29100.249: [ParNew: 2572066K->23443K(2831168K), 0.0453630 secs] 6726247K->4203990K(12268352K), 0.0456090 secs] [Times: user=0.48 sys=0.00, real=0.05 secs] 
2011-02-26T14:04:31.597+0000: 29120.896: [GC 29120.897: [ParNew: 2540051K->152871K(2831168K), 0.0630620 secs] 6720598K->4342883K(12268352K), 0.0633870 secs] [Times: user=0.73 sys=0.00, real=0.06 secs] 
2011-02-26T14:04:34.779+0000: 29124.078: [GC 29124.078: [ParNew: 2669479K->149925K(2831168K), 0.1021250 secs] 6859491K->4463686K(12268352K), 0.1023750 secs] [Times: user=1.10 sys=0.02, real=0.10 secs] 
2011-02-26T14:04:47.668+0000: 29136.967: [GC 29136.968: [ParNew: 2666533K->93214K(2831168K), 0.1069300 secs] 6980294K->4462869K(12268352K), 0.1071640 secs] [Times: user=1.16 sys=0.00, real=0.10 secs] 
2011-02-26T14:05:04.948+0000: 29154.247: [GC 29154.247: [ParNew: 2609822K->123095K(2831168K), 0.1224080 secs] 6979477K->4556920K(12268352K), 0.1227320 secs] [Times: user=1.23 sys=0.01, real=0.12 secs] 
2011-02-26T14:05:10.124+0000: 29159.423: [GC 29159.423: [ParNew: 2639682K->74779K(2831168K), 0.0974950 secs] 7073507K->4587412K(12268352K), 0.0977390 secs] [Times: user=1.00 sys=0.00, real=0.10 secs] 
2011-02-26T14:05:24.430+0000: 29173.729: [GC 29173.729: [ParNew: 2591387K->67468K(2831168K), 0.0573930 secs] 7104020K->4599658K(12268352K), 0.0576330 secs] [Times: user=0.65 sys=0.00, real=0.06 secs] 
2011-02-26T14:05:32.988+0000: 29182.287: [GC 29182.287: [ParNew: 2584076K->255410K(2831168K), 0.1271650 secs] 7116266K->4835637K(12268352K), 0.1274610 secs] [Times: user=1.43 sys=0.01, real=0.12 secs] 
2011-02-26T14:05:36.501+0000: 29185.800: [GC 29185.800: [ParNew: 2772018K->251363K(2831168K), 0.1468780 secs] 7352245K->4922464K(12268352K), 0.1471360 secs] [Times: user=1.53 sys=0.02, real=0.15 secs] 
2011-02-26T14:05:38.874+0000: 29188.173: [GC 29188.173: [ParNew: 2767971K->79256K(2831168K), 0.1411540 secs] 7439072K->4981780K(12268352K), 0.1414030 secs] [Times: user=1.31 sys=0.00, real=0.14 secs] 
2011-02-26T14:05:42.477+0000: 29191.776: [GC 29191.776: [ParNew: 2595864K->32552K(2831168K), 0.0486100 secs] 7498388K->4949682K(12268352K), 0.0489150 secs] [Times: user=0.47 sys=0.00, real=0.04 secs] 
2011-02-26T14:06:00.070+0000: 29209.369: [GC 29209.369: [ParNew: 2549160K->141710K(2831168K), 0.0961180 secs] 7466290K->5076711K(12268352K), 0.0963490 secs] [Times: user=1.17 sys=0.00, real=0.09 secs] 
2011-02-26T14:06:07.875+0000: 29217.174: [GC 29217.175: [ParNew: 2658286K->93527K(2831168K), 0.1548820 secs] 7593287K->5151727K(12268352K), 0.1551200 secs] [Times: user=1.51 sys=0.01, real=0.16 secs] 
2011-02-26T14:06:16.242+0000: 29225.541: [GC 29225.541: [ParNew: 2610135K->69740K(2831168K), 0.1030270 secs] 7668335K->5164206K(12268352K), 0.1032680 secs] [Times: user=0.91 sys=0.00, real=0.10 secs] 
2011-02-26T14:06:33.276+0000: 29242.575: [GC 29242.575: [ParNew: 2586348K->132072K(2831168K), 0.1578980 secs] 7680814K->5271112K(12268352K), 0.1582510 secs] [Times: user=1.38 sys=0.01, real=0.16 secs] 
2011-02-26T14:06:48.977+0000: 29258.276: [GC 29258.276: [ParNew: 2648680K->97050K(2831168K), 0.1464640 secs] 7787720K->5340966K(12268352K), 0.1466980 secs] [Times: user=1.58 sys=0.00, real=0.15 secs] 
2011-02-26T14:07:04.814+0000: 29274.113: [GC 29274.113: [ParNew: 2613618K->55486K(2831168K), 0.0892630 secs] 7857534K->5350999K(12268352K), 0.0895700 secs] [Times: user=1.01 sys=0.00, real=0.09 secs] 
2011-02-26T14:07:10.606+0000: 29279.905: [GC 29279.905: [ParNew: 2572094K->41535K(2831168K), 0.0613920 secs] 7867607K->5375957K(12268352K), 0.0617140 secs] [Times: user=0.67 sys=0.00, real=0.07 secs] 
2011-02-26T14:07:26.667+0000: 29295.966: [GC 29295.966: [ParNew: 2558143K->56029K(2831168K), 0.0478280 secs] 7892565K->5400165K(12268352K), 0.0481920 secs] [Times: user=0.61 sys=0.00, real=0.05 secs] 
2011-02-26T14:07:35.802+0000: 29305.101: [GC 29305.101: [ParNew: 2572637K->102396K(2831168K), 0.0829080 secs] 7916773K->5475695K(12268352K), 0.0832080 secs] [Times: user=0.93 sys=0.00, real=0.08 secs] 
2011-02-26T14:07:47.231+0000: 29316.530: [GC 29316.530: [ParNew: 2619004K->139243K(2831168K), 0.1285540 secs] 7992303K->5576948K(12268352K), 0.1288440 secs] [Times: user=1.18 sys=0.02, real=0.13 secs] 
2011-02-26T14:08:04.256+0000: 29333.555: [GC 29333.555: [ParNew: 2655851K->101341K(2831168K), 0.1050220 secs] 8093556K->5580640K(12268352K), 0.1053260 secs] [Times: user=1.13 sys=0.00, real=0.11 secs] 
2011-02-26T14:08:07.338+0000: 29336.637: [GC 29336.638: [ParNew: 2617949K->73385K(2831168K), 0.0987710 secs] 8097248K->5635641K(12268352K), 0.0990730 secs] [Times: user=0.85 sys=0.02, real=0.10 secs] 
2011-02-26T14:08:20.544+0000: 29349.843: [GC 29349.843: [ParNew: 2589993K->84447K(2831168K), 0.0507550 secs] 8152249K->5654722K(12268352K), 0.0510550 secs] [Times: user=0.65 sys=0.00, real=0.05 secs] 
2011-02-26T14:08:33.390+0000: 29362.689: [GC 29362.690: [ParNew: 2601055K->116291K(2831168K), 0.1709990 secs] 8171330K->5736258K(12268352K), 0.1713430 secs] [Times: user=1.22 sys=0.00, real=0.17 secs] 
2011-02-26T14:08:37.198+0000: 29366.497: [GC 29366.498: [ParNew: 2632899K->250504K(2831168K), 0.1603780 secs] 8252866K->5968806K(12268352K), 0.1606110 secs] [Times: user=1.74 sys=0.01, real=0.16 secs] 
2011-02-26T14:08:55.535+0000: 29384.834: [GC 29384.834: [ParNew: 2767112K->155170K(2831168K), 0.1417330 secs] 8485414K->5937645K(12268352K), 0.1419970 secs] [Times: user=1.63 sys=0.01, real=0.14 secs] 
2011-02-26T14:09:07.589+0000: 29396.888: [GC 29396.888: [ParNew: 2671778K->110287K(2831168K), 0.1631280 secs] 8454253K->6016544K(12268352K), 0.1633730 secs] [Times: user=1.63 sys=0.01, real=0.16 secs] 
2011-02-26T14:09:13.645+0000: 29402.944: [GC 29402.945: [ParNew: 2626885K->64450K(2831168K), 0.1033470 secs] 8533142K->6033694K(12268352K), 0.1036800 secs] [Times: user=0.99 sys=0.02, real=0.11 secs] 
2011-02-26T14:09:32.188+0000: 29421.487: [GC 29421.488: [ParNew: 2581058K->120453K(2831168K), 0.1250350 secs] 8550302K->6129232K(12268352K), 0.1253640 secs] [Times: user=1.30 sys=0.00, real=0.12 secs] 
2011-02-26T14:09:43.987+0000: 29433.286: [GC 29433.286: [ParNew: 2637061K->119595K(2831168K), 0.1587830 secs] 8645840K->6226831K(12268352K), 0.1590780 secs] [Times: user=1.75 sys=0.01, real=0.16 secs] 
2011-02-26T14:10:01.335+0000: 29450.634: [GC 29450.634: [ParNew: 2636203K->92887K(2831168K), 0.1211450 secs] 8743439K->6285431K(12268352K), 0.1214360 secs] [Times: user=1.30 sys=0.01, real=0.12 secs] 
2011-02-26T14:10:06.934+0000: 29456.233: [GC 29456.233: [ParNew: 2609495K->42256K(2831168K), 0.0663910 secs] 8802039K->6281426K(12268352K), 0.1953310 secs] [Times: user=0.62 sys=0.00, real=0.20 secs] 
2011-02-26T14:10:17.778+0000: 29467.077: [GC 29467.077: [ParNew: 2558864K->60402K(2831168K), 0.0399350 secs] 8798034K->6307760K(12268352K), 0.0401750 secs] [Times: user=0.46 sys=0.00, real=0.04 secs] 
2011-02-26T14:10:33.626+0000: 29482.925: [GC 29482.925: [ParNew: 2577052K->94449K(2831168K), 0.1060130 secs] 8824410K->6364914K(12268352K), 0.1062420 secs] [Times: user=1.00 sys=0.01, real=0.11 secs] 
2011-02-26T14:10:48.272+0000: 29497.571: [GC 29497.571: [ParNew: 2611057K->69567K(2831168K), 0.1131250 secs] 8881522K->6403519K(12268352K), 0.1133550 secs] [Times: user=1.20 sys=0.00, real=0.11 secs] 
2011-02-26T14:10:57.819+0000: 29507.118: [GC 29507.118: [ParNew: 2586175K->138324K(2831168K), 0.0848660 secs] 8920127K->6524387K(12268352K), 0.0851010 secs] [Times: user=0.92 sys=0.01, real=0.08 secs] 
2011-02-26T14:11:05.836+0000: 29515.135: [GC 29515.135: [ParNew: 2654932K->55590K(2831168K), 0.0754940 secs] 9040995K->6481457K(12268352K), 0.0757330 secs] [Times: user=0.76 sys=0.00, real=0.08 secs] 
2011-02-26T14:11:09.097+0000: 29518.396: [GC 29518.396: [ParNew: 2572198K->40379K(2831168K), 0.0581960 secs] 8998065K->6501442K(12268352K), 0.0584320 secs] [Times: user=0.50 sys=0.00, real=0.06 secs] 
2011-02-26T14:11:32.010+0000: 29541.309: [GC 29541.309: [ParNew: 2556987K->114579K(2831168K), 0.0733650 secs] 9018050K->6586636K(12268352K), 0.0737280 secs] [Times: user=0.88 sys=0.00, real=0.07 secs] 
2011-02-26T14:11:43.190+0000: 29552.489: [GC 29552.489: [ParNew: 2631187K->136852K(2831168K), 0.1406020 secs] 9103244K->6695571K(12268352K), 0.1408350 secs] [Times: user=1.45 sys=0.00, real=0.14 secs] 
2011-02-26T14:11:48.491+0000: 29557.790: [GC 29557.790: [ParNew: 2653460K->255196K(2831168K), 0.1572120 secs] 9212179K->6916412K(12268352K), 0.1575020 secs] [Times: user=1.55 sys=0.00, real=0.16 secs] 
2011-02-26T14:12:04.605+0000: 29573.904: [GC 29573.904: [ParNew: 2771804K->134492K(2831168K), 0.1322130 secs] 9433020K->6852225K(12268352K), 0.1324630 secs] [Times: user=1.52 sys=0.00, real=0.13 secs] 
2011-02-26T14:12:07.636+0000: 29576.935: [GC 29576.936: [ParNew: 2651100K->95735K(2831168K), 0.1297180 secs] 9368833K->6926550K(12268352K), 0.1299610 secs] [Times: user=1.28 sys=0.00, real=0.13 secs] 
2011-02-26T14:12:22.415+0000: 29591.714: [GC 29591.714: [ParNew: 2612343K->85699K(2831168K), 0.0673260 secs] 9443158K->6931349K(12268352K), 0.0675670 secs] [Times: user=0.83 sys=0.00, real=0.07 secs] 
2011-02-26T14:12:34.009+0000: 29603.308: [GC 29603.308: [ParNew: 2602307K->168041K(2831168K), 0.1482520 secs] 9447957K->7082859K(12268352K), 0.1485570 secs] [Times: user=1.73 sys=0.00, real=0.15 secs] 
2011-02-26T14:12:52.058+0000: 29621.357: [GC 29621.358: [ParNew: 2684649K->133477K(2831168K), 0.1891080 secs] 9599467K->7182308K(12268352K), 0.1894000 secs] [Times: user=2.00 sys=0.01, real=0.19 secs] 
2011-02-26T14:13:06.190+0000: 29635.489: [GC 29635.489: [ParNew: 2650085K->99502K(2831168K), 0.1202590 secs] 9698916K->7241495K(12268352K), 0.1205560 secs] [Times: user=1.17 sys=0.03, real=0.12 secs] 
2011-02-26T14:13:06.313+0000: 29635.612: [GC [1 CMS-initial-mark: 7141992K(9437184K)] 7247739K(12268352K), 0.0362420 secs] [Times: user=0.04 sys=0.00, real=0.04 secs] 
2011-02-26T14:13:06.349+0000: 29635.648: [CMS-concurrent-mark-start]
2011-02-26T14:13:07.151+0000: 29636.450: [CMS-concurrent-mark: 0.800/0.802 secs] [Times: user=4.30 sys=0.51, real=0.80 secs] 
2011-02-26T14:13:07.151+0000: 29636.450: [CMS-concurrent-preclean-start]
2011-02-26T14:13:07.195+0000: 29636.494: [CMS-concurrent-preclean: 0.042/0.044 secs] [Times: user=0.13 sys=0.02, real=0.04 secs] 
2011-02-26T14:13:07.195+0000: 29636.494: [CMS-concurrent-abortable-preclean-start]
2011-02-26T14:13:10.947+0000: 29640.247: [GC 29640.247: [ParNew: 2616110K->33570K(2831168K), 0.0648960 secs] 9758103K->7208659K(12268352K), 0.0651980 secs] [Times: user=0.72 sys=0.01, real=0.06 secs] 
 CMS: abort preclean due to time 2011-02-26T14:13:12.211+0000: 29641.510: [CMS-concurrent-abortable-preclean: 4.649/5.016 secs] [Times: user=10.77 sys=2.32, real=5.02 secs] 
2011-02-26T14:13:12.213+0000: 29641.512: [GC[YG occupancy: 901616 K (2831168 K)]29641.512: [Rescan (parallel) , 0.0485150 secs]29641.561: [weak refs processing, 0.0273600 secs] [1 CMS-remark: 7175089K(9437184K)] 8076706K(12268352K), 0.0761410 secs] [Times: user=0.65 sys=0.01, real=0.08 secs] 
2011-02-26T14:13:12.289+0000: 29641.588: [CMS-concurrent-sweep-start]
2011-02-26T14:13:27.289+0000: 29656.589: [GC 29656.589: [ParNew: 2550178K->40071K(2831168K), 0.0612370 secs] 7644730K->5143063K(12268352K), 0.0615380 secs] [Times: user=0.55 sys=0.01, real=0.06 secs] 
2011-02-26T14:13:36.345+0000: 29665.644: [GC 29665.644: [ParNew: 2556679K->86996K(2831168K), 0.0996130 secs] 6633305K->4192015K(12268352K), 0.0999040 secs] [Times: user=1.05 sys=0.00, real=0.10 secs] 
2011-02-26T14:13:49.005+0000: 29678.304: [GC 29678.304: [ParNew: 2603604K->60562K(2831168K), 0.0973810 secs] 5252216K->2779538K(12268352K), 0.0976760 secs] [Times: user=1.05 sys=0.01, real=0.10 secs] 
2011-02-26T14:14:02.724+0000: 29692.023: [CMS-concurrent-sweep: 50.052/50.435 secs] [Times: user=98.28 sys=16.55, real=50.43 secs] 
2011-02-26T14:14:02.724+0000: 29692.023: [CMS-concurrent-reset-start]
2011-02-26T14:14:02.753+0000: 29692.052: [CMS-concurrent-reset: 0.026/0.029 secs] [Times: user=0.15 sys=0.01, real=0.03 secs] 
2011-02-26T14:14:04.778+0000: 29694.077: [GC 29694.077: [ParNew: 2577170K->64658K(2831168K), 0.0589340 secs] 3693435K->1214473K(12268352K), 0.0592440 secs] [Times: user=0.66 sys=0.00, real=0.05 secs] 
2011-02-26T14:14:07.420+0000: 29696.720: [GC 29696.720: [ParNew: 2581266K->114095K(2831168K), 0.0621480 secs] 3731081K->1304206K(12268352K), 0.0624520 secs] [Times: user=0.63 sys=0.01, real=0.06 secs] 
2011-02-26T14:14:12.004+0000: 29701.303: [GC 29701.303: [ParNew: 2594077K->48652K(2831168K), 0.0403330 secs] 3784188K->1245672K(12268352K), 0.0406160 secs] [Times: user=0.48 sys=0.00, real=0.04 secs] 
2011-02-26T14:14:16.724+0000: 29706.023: [GC 29706.023: [ParNew: 2565260K->96021K(2831168K), 0.0747800 secs] 3762280K->1335460K(12268352K), 0.0750610 secs] [Times: user=0.67 sys=0.00, real=0.08 secs] 
2011-02-26T14:14:27.381+0000: 29716.680: [GC 29716.681: [ParNew: 2612629K->38985K(2831168K), 0.0643960 secs] 3852068K->1362537K(12268352K), 0.0646900 secs] [Times: user=0.74 sys=0.01, real=0.06 secs] 
2011-02-26T14:14:37.044+0000: 29726.343: [GC 29726.343: [ParNew: 2555593K->119829K(2831168K), 0.0999680 secs] 3879145K->1475782K(12268352K), 0.1002060 secs] [Times: user=1.14 sys=0.00, real=0.10 secs] 
2011-02-26T14:14:55.263+0000: 29744.562: [GC 29744.562: [ParNew: 2623740K->116992K(2831168K), 0.1617750 secs] 3979693K->1575988K(12268352K), 0.1620940 secs] [Times: user=1.59 sys=0.00, real=0.16 secs] 
2011-02-26T14:14:59.549+0000: 29748.848: [GC 29748.848: [ParNew: 2633600K->245789K(2831168K), 0.1905650 secs] 4092596K->1793880K(12268352K), 0.1907980 secs] [Times: user=1.51 sys=0.05, real=0.19 secs] 
2011-02-26T14:15:01.915+0000: 29751.214: [GC 29751.214: [ParNew: 2762397K->123362K(2831168K), 0.1675360 secs] 4310488K->1869333K(12268352K), 0.1677730 secs] [Times: user=1.48 sys=0.00, real=0.17 secs] 
2011-02-26T14:15:04.427+0000: 29753.727: [GC 29753.727: [ParNew: 2639970K->19665K(2831168K), 0.0694510 secs] 4385941K->1863002K(12268352K), 0.0697250 secs] [Times: user=0.64 sys=0.00, real=0.07 secs] 
2011-02-26T14:15:07.059+0000: 29756.359: [GC 29756.359: [ParNew: 2536273K->18481K(2831168K), 0.0416910 secs] 4379610K->1874539K(12268352K), 0.0420040 secs] [Times: user=0.38 sys=0.01, real=0.04 secs] 
2011-02-26T14:15:19.728+0000: 29769.027: [GC 29769.027: [ParNew: 2535089K->69260K(2831168K), 0.0627740 secs] 4391147K->1936921K(12268352K), 0.0630740 secs] [Times: user=0.73 sys=0.01, real=0.06 secs] 
2011-02-26T14:15:33.413+0000: 29782.712: [GC 29782.712: [ParNew: 2585896K->164840K(2831168K), 0.1525540 secs] 4453557K->2095612K(12268352K), 0.1528060 secs] [Times: user=1.56 sys=0.02, real=0.15 secs] 
2011-02-26T14:15:33.567+0000: 29782.866: [GC 29782.866: [ParNew: 166432K->91150K(2831168K), 0.1530510 secs] 2097203K->2153881K(12268352K), 0.1533100 secs] [Times: user=1.18 sys=0.01, real=0.16 secs] 
2011-02-26T14:15:50.719+0000: 29800.018: [GC 29800.018: [ParNew: 2607758K->144962K(2831168K), 0.0853640 secs] 4670489K->2207699K(12268352K), 0.0856610 secs] [Times: user=1.04 sys=0.01, real=0.08 secs] 
2011-02-26T14:16:05.040+0000: 29814.339: [GC 29814.340: [ParNew: 2661570K->111972K(2831168K), 0.1855240 secs] 4724307K->2296640K(12268352K), 0.1857710 secs] [Times: user=1.65 sys=0.03, real=0.18 secs] 
2011-02-26T14:16:07.968+0000: 29817.267: [GC 29817.267: [ParNew: 2628580K->47160K(2831168K), 0.0849600 secs] 4813248K->2289571K(12268352K), 0.0851970 secs] [Times: user=0.73 sys=0.00, real=0.09 secs] 
2011-02-26T14:16:28.881+0000: 29838.180: [GC 29838.181: [ParNew: 2563768K->58098K(2831168K), 0.0574240 secs] 4806179K->2303989K(12268352K), 0.0577230 secs] [Times: user=0.66 sys=0.00, real=0.06 secs] 
2011-02-26T14:16:37.420+0000: 29846.719: [GC 29846.719: [ParNew: 2574706K->86837K(2831168K), 0.0944910 secs] 4820597K->2372918K(12268352K), 0.0947800 secs] [Times: user=1.03 sys=0.00, real=0.09 secs] 
2011-02-26T14:16:56.155+0000: 29865.454: [GC 29865.455: [ParNew: 2603445K->80430K(2831168K), 0.1112750 secs] 4889526K->2437597K(12268352K), 0.1115140 secs] [Times: user=1.25 sys=0.00, real=0.11 secs] 
2011-02-26T14:17:06.559+0000: 29875.858: [GC 29875.858: [ParNew: 2597038K->51696K(2831168K), 0.0692690 secs] 4954205K->2456261K(12268352K), 0.0696210 secs] [Times: user=0.67 sys=0.00, real=0.08 secs] 
2011-02-26T14:17:11.670+0000: 29880.969: [GC 29880.969: [ParNew: 2568304K->48849K(2831168K), 0.0439120 secs] 4972869K->2474850K(12268352K), 0.0441740 secs] [Times: user=0.41 sys=0.00, real=0.04 secs] 
2011-02-26T14:17:28.221+0000: 29897.520: [GC 29897.520: [ParNew: 2565457K->118899K(2831168K), 0.0575470 secs] 4991458K->2559726K(12268352K), 0.0577810 secs] [Times: user=0.66 sys=0.00, real=0.06 secs] 
2011-02-26T14:17:35.714+0000: 29905.013: [GC 29905.013: [ParNew: 2635507K->114155K(2831168K), 0.1057600 secs] 5076334K->2594800K(12268352K), 0.1059920 secs] [Times: user=1.21 sys=0.01, real=0.11 secs] 
2011-02-26T14:17:54.680+0000: 29923.979: [GC 29923.979: [ParNew: 2630763K->119254K(2831168K), 0.1596100 secs] 5111408K->2697789K(12268352K), 0.1598410 secs] [Times: user=1.57 sys=0.00, real=0.16 secs] 
2011-02-26T14:18:07.565+0000: 29936.864: [GC 29936.864: [ParNew: 2635862K->85157K(2831168K), 0.1182420 secs] 5214397K->2749330K(12268352K), 0.1184860 secs] [Times: user=1.28 sys=0.01, real=0.12 secs] 
2011-02-26T14:18:11.494+0000: 29940.793: [GC 29940.794: [ParNew: 2601765K->220130K(2831168K), 0.0937630 secs] 5265938K->2936338K(12268352K), 0.0940640 secs] [Times: user=1.03 sys=0.02, real=0.10 secs] 
2011-02-26T14:18:15.634+0000: 29944.933: [GC 29944.933: [ParNew: 2736738K->47583K(2831168K), 0.0682910 secs] 5452946K->2796313K(12268352K), 0.0685810 secs] [Times: user=0.79 sys=0.00, real=0.07 secs] 
2011-02-26T14:18:33.241+0000: 29962.540: [GC 29962.540: [ParNew: 2564191K->172457K(2831168K), 0.1473570 secs] 5312921K->2952705K(12268352K), 0.1476000 secs] [Times: user=1.71 sys=0.01, real=0.15 secs] 
2011-02-26T14:18:48.390+0000: 29977.689: [GC 29977.689: [ParNew: 2689065K->176126K(2831168K), 0.2060730 secs] 5469313K->3091783K(12268352K), 0.2063070 secs] [Times: user=2.08 sys=0.00, real=0.20 secs] 
2011-02-26T14:19:04.608+0000: 29993.908: [GC 29993.908: [ParNew: 2692734K->136579K(2831168K), 0.1889840 secs] 5608391K->3178323K(12268352K), 0.1892850 secs] [Times: user=2.00 sys=0.01, real=0.19 secs] 
2011-02-26T14:19:07.253+0000: 29996.552: [GC 29996.552: [ParNew: 2653187K->108788K(2831168K), 0.1202520 secs] 5694931K->3251814K(12268352K), 0.1205530 secs] [Times: user=1.19 sys=0.01, real=0.12 secs] 
2011-02-26T14:19:24.033+0000: 30013.332: [GC 30013.332: [ParNew: 2625396K->62667K(2831168K), 0.0549750 secs] 5768422K->3214958K(12268352K), 0.0552750 secs] [Times: user=0.66 sys=0.00, real=0.06 secs] 
2011-02-26T14:19:34.081+0000: 30023.380: [GC 30023.380: [ParNew: 2579275K->94599K(2831168K), 0.1074680 secs] 5731566K->3292334K(12268352K), 0.1077680 secs] [Times: user=1.15 sys=0.00, real=0.11 secs] 
2011-02-26T14:19:52.604+0000: 30041.903: [GC 30041.903: [ParNew: 2611207K->83201K(2831168K), 0.1118140 secs] 5808942K->3350867K(12268352K), 0.1121650 secs] [Times: user=1.13 sys=0.00, real=0.11 secs] 
2011-02-26T14:20:05.384+0000: 30054.683: [GC 30054.683: [ParNew: 2599809K->46178K(2831168K), 0.0746650 secs] 5867475K->3359896K(12268352K), 0.0749710 secs] [Times: user=0.79 sys=0.00, real=0.08 secs] 
2011-02-26T14:20:07.746+0000: 30057.045: [GC 30057.045: [ParNew: 2562786K->33482K(2831168K), 0.0456830 secs] 5876504K->3378558K(12268352K), 0.0459810 secs] [Times: user=0.53 sys=0.00, real=0.05 secs] 
2011-02-26T14:20:30.614+0000: 30079.913: [GC 30079.913: [ParNew: 2550090K->68419K(2831168K), 0.0551960 secs] 5895166K->3418998K(12268352K), 0.0554350 secs] [Times: user=0.62 sys=0.00, real=0.06 secs] 
2011-02-26T14:20:34.772+0000: 30084.071: [GC 30084.071: [ParNew: 2585027K->160321K(2831168K), 0.0978560 secs] 5935606K->3556552K(12268352K), 0.0981550 secs] [Times: user=1.06 sys=0.00, real=0.10 secs] 
2011-02-26T14:20:50.270+0000: 30099.569: [GC 30099.570: [ParNew: 2676929K->98103K(2831168K), 0.1387030 secs] 6073160K->3565544K(12268352K), 0.1389970 secs] [Times: user=1.46 sys=0.00, real=0.14 secs] 
2011-02-26T14:21:05.084+0000: 30114.383: [GC 30114.384: [ParNew: 2614686K->97562K(2831168K), 0.1239550 secs] 6082127K->3637681K(12268352K), 0.1242410 secs] [Times: user=1.37 sys=0.01, real=0.13 secs] 
2011-02-26T14:21:08.050+0000: 30117.349: [GC 30117.349: [ParNew: 2614170K->70403K(2831168K), 0.0863260 secs] 6154289K->3679415K(12268352K), 0.0865920 secs] [Times: user=0.78 sys=0.00, real=0.08 secs] 
2011-02-26T14:21:26.964+0000: 30136.264: [GC 30136.264: [ParNew: 2587011K->94890K(2831168K), 0.0621270 secs] 6196023K->3711496K(12268352K), 0.0625430 secs] [Times: user=0.78 sys=0.00, real=0.07 secs] 
2011-02-26T14:21:32.356+0000: 30141.655: [GC 30141.655: [ParNew: 2611498K->247592K(2831168K), 0.1433010 secs] 6228104K->3929430K(12268352K), 0.1435450 secs] [Times: user=1.55 sys=0.01, real=0.15 secs] 
2011-02-26T14:21:43.767+0000: 30153.066: [GC 30153.066: [ParNew: 2764219K->152451K(2831168K), 0.1753920 secs] 6446057K->3906988K(12268352K), 0.1756200 secs] [Times: user=1.94 sys=0.00, real=0.17 secs] 
2011-02-26T14:21:43.944+0000: 30153.243: [GC 30153.243: [ParNew: 153293K->66845K(2831168K), 0.1272270 secs] 3907830K->3945278K(12268352K), 0.1274120 secs] [Times: user=1.20 sys=0.01, real=0.13 secs] 
2011-02-26T14:22:01.714+0000: 30171.013: [GC 30171.013: [ParNew: 2583453K->154309K(2831168K), 0.0826320 secs] 6461886K->4032743K(12268352K), 0.0829630 secs] [Times: user=1.00 sys=0.02, real=0.08 secs] 
2011-02-26T14:22:12.102+0000: 30181.401: [GC 30181.401: [ParNew: 2670854K->98426K(2831168K), 0.1677970 secs] 6549289K->4101307K(12268352K), 0.1681600 secs] [Times: user=1.59 sys=0.00, real=0.17 secs] 
2011-02-26T14:22:20.347+0000: 30189.646: [GC 30189.646: [ParNew: 2615034K->52501K(2831168K), 0.0961050 secs] 6617915K->4102377K(12268352K), 0.1178440 secs] [Times: user=0.94 sys=0.00, real=0.12 secs] 
2011-02-26T14:22:33.333+0000: 30202.632: [GC 30202.632: [ParNew: 2569109K->119791K(2831168K), 0.1479470 secs] 6618985K->4205010K(12268352K), 0.1482480 secs] [Times: user=1.55 sys=0.00, real=0.15 secs] 
2011-02-26T14:22:47.732+0000: 30217.031: [GC 30217.031: [ParNew: 2636399K->167336K(2831168K), 0.1545470 secs] 6721618K->4343730K(12268352K), 0.1547860 secs] [Times: user=1.26 sys=0.01, real=0.16 secs] 
2011-02-26T14:23:01.549+0000: 30230.848: [GC 30230.848: [ParNew: 2683944K->47091K(2831168K), 0.0720270 secs] 6860338K->4264434K(12268352K), 0.0722740 secs] [Times: user=0.79 sys=0.00, real=0.07 secs] 
2011-02-26T14:23:06.351+0000: 30235.650: [GC 30235.650: [ParNew: 2563699K->37328K(2831168K), 0.0530340 secs] 6781042K->4291753K(12268352K), 0.0532760 secs] [Times: user=0.51 sys=0.01, real=0.05 secs] 
2011-02-26T14:23:17.789+0000: 30247.088: [GC 30247.088: [ParNew: 2553936K->26825K(2831168K), 0.0372380 secs] 6808361K->4288664K(12268352K), 0.0374800 secs] [Times: user=0.42 sys=0.01, real=0.03 secs] 
2011-02-26T14:23:33.250+0000: 30262.549: [GC 30262.550: [ParNew: 2543433K->103600K(2831168K), 0.1196130 secs] 6805272K->4387769K(12268352K), 0.1198490 secs] [Times: user=1.00 sys=0.01, real=0.12 secs] 
2011-02-26T14:23:40.803+0000: 30270.102: [GC 30270.102: [ParNew: 2620208K->143776K(2831168K), 0.1099930 secs] 6904377K->4489852K(12268352K), 0.1102260 secs] [Times: user=1.09 sys=0.00, real=0.11 secs] 
2011-02-26T14:23:57.533+0000: 30286.832: [GC 30286.832: [ParNew: 2660384K->107596K(2831168K), 0.1125380 secs] 7006460K->4503302K(12268352K), 0.1127730 secs] [Times: user=1.19 sys=0.00, real=0.11 secs] 
2011-02-26T14:24:06.937+0000: 30296.236: [GC 30296.236: [ParNew: 2624204K->74516K(2831168K), 0.1133560 secs] 7019910K->4553038K(12268352K), 0.1135990 secs] [Times: user=1.15 sys=0.02, real=0.12 secs] 
2011-02-26T14:24:09.227+0000: 30298.526: [GC 30298.526: [ParNew: 2591124K->33445K(2831168K), 0.0548670 secs] 7069646K->4551050K(12268352K), 0.0551060 secs] [Times: user=0.63 sys=0.00, real=0.06 secs] 
2011-02-26T14:24:31.266+0000: 30320.565: [GC 30320.565: [ParNew: 2550053K->110396K(2831168K), 0.0681430 secs] 7067658K->4635755K(12268352K), 0.0684260 secs] [Times: user=0.88 sys=0.02, real=0.07 secs] 
2011-02-26T14:24:34.797+0000: 30324.096: [GC 30324.096: [ParNew: 2627004K->276546K(2831168K), 0.1520440 secs] 7152363K->4883982K(12268352K), 0.1523410 secs] [Times: user=1.66 sys=0.01, real=0.15 secs] 
2011-02-26T14:24:38.970+0000: 30328.269: [GC 30328.270: [ParNew: 2793154K->245965K(2831168K), 0.1311550 secs] 7400590K->4944491K(12268352K), 0.1314460 secs] [Times: user=1.34 sys=0.00, real=0.13 secs] 
2011-02-26T14:24:41.324+0000: 30330.623: [GC 30330.623: [ParNew: 2762573K->41015K(2831168K), 0.0791710 secs] 7461099K->4940098K(12268352K), 0.0794600 secs] [Times: user=0.89 sys=0.00, real=0.08 secs] 
2011-02-26T14:24:46.400+0000: 30335.699: [GC 30335.699: [ParNew: 2557623K->40654K(2831168K), 0.0508910 secs] 7456706K->4949880K(12268352K), 0.0511260 secs] [Times: user=0.48 sys=0.00, real=0.05 secs] 
2011-02-26T14:25:04.443+0000: 30353.742: [GC 30353.742: [ParNew: 2557246K->135899K(2831168K), 0.1102420 secs] 7466472K->5078139K(12268352K), 0.1104880 secs] [Times: user=1.27 sys=0.00, real=0.11 secs] 
2011-02-26T14:25:07.169+0000: 30356.468: [GC 30356.468: [ParNew: 2652507K->95467K(2831168K), 0.1360890 secs] 7594747K->5154105K(12268352K), 0.1363320 secs] [Times: user=1.25 sys=0.00, real=0.14 secs] 
2011-02-26T14:25:19.027+0000: 30368.326: [GC 30368.326: [ParNew: 2612075K->90065K(2831168K), 0.0598040 secs] 7670713K->5158282K(12268352K), 0.0601040 secs] [Times: user=0.72 sys=0.00, real=0.07 secs] 
2011-02-26T14:25:33.574+0000: 30382.873: [GC 30382.874: [ParNew: 2606673K->153380K(2831168K), 0.1580330 secs] 7674890K->5282709K(12268352K), 0.1583220 secs] [Times: user=1.50 sys=0.02, real=0.16 secs] 
2011-02-26T14:25:49.334+0000: 30398.633: [GC 30398.633: [ParNew: 2669988K->105204K(2831168K), 0.1628520 secs] 7799317K->5357798K(12268352K), 0.1630900 secs] [Times: user=1.69 sys=0.02, real=0.16 secs] 
2011-02-26T14:26:04.972+0000: 30414.271: [GC 30414.271: [ParNew: 2621812K->60930K(2831168K), 0.0798550 secs] 7874406K->5355468K(12268352K), 0.0802260 secs] [Times: user=0.81 sys=0.02, real=0.08 secs] 
2011-02-26T14:26:09.483+0000: 30418.782: [GC 30418.782: [ParNew: 2577538K->40725K(2831168K), 0.0563250 secs] 7872076K->5374740K(12268352K), 0.0566660 secs] [Times: user=0.65 sys=0.00, real=0.06 secs] 
2011-02-26T14:26:23.290+0000: 30432.589: [GC 30432.590: [ParNew: 2557333K->52946K(2831168K), 0.0432650 secs] 7891348K->5394296K(12268352K), 0.0435790 secs] [Times: user=0.51 sys=0.01, real=0.04 secs] 
2011-02-26T14:26:35.938+0000: 30445.237: [GC 30445.237: [ParNew: 2569554K->145842K(2831168K), 0.1305950 secs] 7910904K->5516370K(12268352K), 0.1308910 secs] [Times: user=1.58 sys=0.00, real=0.13 secs] 
2011-02-26T14:26:51.289+0000: 30460.588: [GC 30460.588: [ParNew: 2662450K->168071K(2831168K), 0.1200050 secs] 8032978K->5610973K(12268352K), 0.1202960 secs] [Times: user=1.23 sys=0.00, real=0.12 secs] 
2011-02-26T14:26:56.808+0000: 30466.107: [GC 30466.107: [ParNew: 2684679K->135045K(2831168K), 0.0913580 secs] 8127581K->5626746K(12268352K), 0.0917430 secs] [Times: user=0.94 sys=0.02, real=0.09 secs] 
2011-02-26T14:27:01.354+0000: 30470.653: [GC 30470.653: [ParNew: 2651653K->45709K(2831168K), 0.1055340 secs] 8143354K->5649520K(12268352K), 0.1058340 secs] [Times: user=0.85 sys=0.00, real=0.11 secs] 
2011-02-26T14:27:06.453+0000: 30475.752: [GC 30475.752: [ParNew: 2562317K->108920K(2831168K), 0.0608040 secs] 8166128K->5738813K(12268352K), 0.0611110 secs] [Times: user=0.55 sys=0.00, real=0.06 secs] 
2011-02-26T14:27:09.065+0000: 30478.364: [GC 30478.364: [ParNew: 2625528K->14593K(2831168K), 0.0549110 secs] 8255421K->5740366K(12268352K), 0.0552010 secs] [Times: user=0.51 sys=0.00, real=0.06 secs] 
2011-02-26T14:27:11.937+0000: 30481.236: [GC 30481.236: [ParNew: 2531201K->21269K(2831168K), 0.0328820 secs] 8256974K->5755607K(12268352K), 0.0331850 secs] [Times: user=0.35 sys=0.00, real=0.04 secs] 
2011-02-26T14:27:17.568+0000: 30486.867: [GC 30486.867: [ParNew: 2537877K->26881K(2831168K), 0.0395720 secs] 8272215K->5774806K(12268352K), 0.0398710 secs] [Times: user=0.44 sys=0.01, real=0.04 secs] 
2011-02-26T14:27:24.528+0000: 30493.827: [GC 30493.827: [ParNew: 2543489K->62207K(2831168K), 0.0478350 secs] 8291414K->5827422K(12268352K), 0.0481240 secs] [Times: user=0.56 sys=0.00, real=0.04 secs] 
2011-02-26T14:27:31.442+0000: 30500.742: [GC 30500.742: [ParNew: 2578815K->34903K(2831168K), 0.0614830 secs] 8344030K->5824274K(12268352K), 0.0617740 secs] [Times: user=0.47 sys=0.00, real=0.06 secs] 
2011-02-26T14:27:34.692+0000: 30503.991: [GC 30503.991: [ParNew: 2551511K->101071K(2831168K), 0.0812030 secs] 8340882K->5913293K(12268352K), 0.0815150 secs] [Times: user=0.92 sys=0.00, real=0.08 secs] 
2011-02-26T14:27:44.876+0000: 30514.175: [GC 30514.175: [ParNew: 2617679K->231381K(2831168K), 0.1459470 secs] 8429901K->6120745K(12268352K), 0.1462570 secs] [Times: user=1.46 sys=0.00, real=0.15 secs] 
2011-02-26T14:27:58.149+0000: 30527.449: [GC 30527.449: [ParNew: 2747989K->132507K(2831168K), 0.1489340 secs] 8637353K->6082651K(12268352K), 0.1492260 secs] [Times: user=1.47 sys=0.01, real=0.15 secs] 
2011-02-26T14:28:06.248+0000: 30535.547: [GC 30535.547: [ParNew: 2649115K->94717K(2831168K), 0.1441310 secs] 8599259K->6151237K(12268352K), 0.1444310 secs] [Times: user=1.43 sys=0.01, real=0.14 secs] 
2011-02-26T14:28:17.202+0000: 30546.501: [GC 30546.501: [ParNew: 2611325K->80925K(2831168K), 0.0844630 secs] 8667845K->6180589K(12268352K), 0.0847390 secs] [Times: user=0.90 sys=0.00, real=0.08 secs] 
2011-02-26T14:28:33.433+0000: 30562.732: [GC 30562.732: [ParNew: 2597533K->152222K(2831168K), 0.1838130 secs] 8697197K->6305394K(12268352K), 0.1841130 secs] [Times: user=1.66 sys=0.01, real=0.18 secs] 
2011-02-26T14:28:48.012+0000: 30577.311: [GC 30577.311: [ParNew: 2668830K->141024K(2831168K), 0.1859520 secs] 8822002K->6420612K(12268352K), 0.1862450 secs] [Times: user=1.91 sys=0.03, real=0.19 secs] 
2011-02-26T14:29:04.680+0000: 30593.979: [GC 30593.979: [ParNew: 2657632K->98690K(2831168K), 0.1347610 secs] 8937220K->6473007K(12268352K), 0.1350840 secs] [Times: user=1.30 sys=0.02, real=0.13 secs] 
2011-02-26T14:29:08.349+0000: 30597.648: [GC 30597.648: [ParNew: 2615298K->40414K(2831168K), 0.0541560 secs] 8989615K->6455841K(12268352K), 0.0544460 secs] [Times: user=0.54 sys=0.01, real=0.05 secs] 
2011-02-26T14:29:27.859+0000: 30617.158: [GC 30617.158: [ParNew: 2557022K->57163K(2831168K), 0.0539590 secs] 8972449K->6477889K(12268352K), 0.0542450 secs] [Times: user=0.60 sys=0.00, real=0.05 secs] 
2011-02-26T14:29:41.610+0000: 30630.909: [GC 30630.909: [ParNew: 2573771K->88376K(2831168K), 0.1567370 secs] 8994497K->6545837K(12268352K), 0.1570450 secs] [Times: user=1.15 sys=0.02, real=0.15 secs] 
2011-02-26T14:29:58.563+0000: 30647.862: [GC 30647.862: [ParNew: 2604984K->71109K(2831168K), 0.1598710 secs] 9062445K->6600456K(12268352K), 0.1601320 secs] [Times: user=0.99 sys=0.00, real=0.16 secs] 
2011-02-26T14:30:06.371+0000: 30655.670: [GC 30655.670: [ParNew: 2587717K->130678K(2831168K), 0.0784230 secs] 9117064K->6705655K(12268352K), 0.0786760 secs] [Times: user=0.81 sys=0.02, real=0.08 secs] 
2011-02-26T14:30:09.489+0000: 30658.788: [GC 30658.788: [ParNew: 2647286K->24347K(2831168K), 0.0517060 secs] 9222263K->6625022K(12268352K), 0.0519420 secs] [Times: user=0.44 sys=0.00, real=0.05 secs] 
2011-02-26T14:30:31.549+0000: 30680.848: [GC 30680.848: [ParNew: 2540955K->104464K(2831168K), 0.0767000 secs] 9141630K->6717758K(12268352K), 0.0770020 secs] [Times: user=0.90 sys=0.01, real=0.07 secs] 
2011-02-26T14:30:42.534+0000: 30691.833: [GC 30691.833: [ParNew: 2621072K->131356K(2831168K), 0.1418070 secs] 9234366K->6825534K(12268352K), 0.1421320 secs] [Times: user=1.51 sys=0.00, real=0.14 secs] 
2011-02-26T14:30:56.752+0000: 30706.051: [GC 30706.052: [ParNew: 2647964K->270270K(2831168K), 0.1584400 secs] 9342142K->7066573K(12268352K), 0.1586820 secs] [Times: user=1.71 sys=0.00, real=0.16 secs] 
2011-02-26T14:31:05.094+0000: 30714.393: [GC 30714.393: [ParNew: 2786878K->107512K(2831168K), 0.1293670 secs] 9583181K->6991062K(12268352K), 0.1296120 secs] [Times: user=1.45 sys=0.00, real=0.13 secs] 
2011-02-26T14:31:07.518+0000: 30716.817: [GC 30716.817: [ParNew: 2624120K->71543K(2831168K), 0.0999370 secs] 9507670K->7020909K(12268352K), 0.1001740 secs] [Times: user=0.98 sys=0.02, real=0.11 secs] 
2011-02-26T14:31:25.314+0000: 30734.613: [GC 30734.613: [ParNew: 2588151K->97744K(2831168K), 0.0672850 secs] 9537517K->7055310K(12268352K), 0.0675710 secs] [Times: user=0.84 sys=0.00, real=0.07 secs] 
2011-02-26T14:31:35.583+0000: 30744.882: [GC 30744.882: [ParNew: 2614352K->158407K(2831168K), 0.1569200 secs] 9571918K->7199292K(12268352K), 0.1572130 secs] [Times: user=1.70 sys=0.01, real=0.16 secs] 
2011-02-26T14:31:54.663+0000: 30763.962: [GC 30763.962: [ParNew: 2675015K->143740K(2831168K), 0.2105530 secs] 9715900K->7317873K(12268352K), 0.2107890 secs] [Times: user=2.24 sys=0.00, real=0.21 secs] 
2011-02-26T14:31:54.876+0000: 30764.175: [GC [1 CMS-initial-mark: 7174132K(9437184K)] 7326983K(12268352K), 0.1524130 secs] [Times: user=0.16 sys=0.00, real=0.16 secs] 
2011-02-26T14:31:55.028+0000: 30764.327: [CMS-concurrent-mark-start]
2011-02-26T14:31:55.649+0000: 30764.948: [CMS-concurrent-mark: 0.619/0.621 secs] [Times: user=3.34 sys=0.26, real=0.62 secs] 
2011-02-26T14:31:55.649+0000: 30764.948: [CMS-concurrent-preclean-start]
2011-02-26T14:31:55.698+0000: 30764.997: [CMS-concurrent-preclean: 0.047/0.049 secs] [Times: user=0.06 sys=0.02, real=0.05 secs] 
2011-02-26T14:31:55.698+0000: 30764.997: [CMS-concurrent-abortable-preclean-start]
2011-02-26T14:31:58.520+0000: 30767.819: [CMS-concurrent-abortable-preclean: 2.805/2.822 secs] [Times: user=7.25 sys=0.87, real=2.82 secs] 
2011-02-26T14:31:58.522+0000: 30767.821: [GC[YG occupancy: 1412694 K (2831168 K)]30767.821: [Rescan (parallel) , 0.1832590 secs]30768.004: [weak refs processing, 0.0386130 secs] [1 CMS-remark: 7174132K(9437184K)] 8586827K(12268352K), 0.2221810 secs] [Times: user=2.28 sys=0.00, real=0.22 secs] 
2011-02-26T14:31:58.744+0000: 30768.043: [CMS-concurrent-sweep-start]
2011-02-26T14:32:06.208+0000: 30775.507: [GC 30775.507: [ParNew: 2661040K->117537K(2831168K), 0.1481230 secs] 8797848K->6371672K(12268352K), 0.1483650 secs] [Times: user=1.37 sys=0.00, real=0.14 secs] 
2011-02-26T14:32:06.358+0000: 30775.657: [GC 30775.657: [ParNew: 118415K->17316K(2831168K), 0.0367400 secs] 6372545K->6304266K(12268352K), 0.0369550 secs] [Times: user=0.33 sys=0.00, real=0.03 secs] 
2011-02-26T14:32:08.844+0000: 30778.143: [GC 30778.144: [ParNew: 2533924K->10115K(2831168K), 0.0181110 secs] 8459326K->5935525K(12268352K), 0.0184200 secs] [Times: user=0.26 sys=0.00, real=0.02 secs] 
2011-02-26T14:32:27.815+0000: 30797.114: [GC 30797.114: [ParNew: 2526723K->41241K(2831168K), 0.0444600 secs] 6277893K->3796324K(12268352K), 0.0447010 secs] [Times: user=0.47 sys=0.00, real=0.05 secs] 
2011-02-26T14:32:37.111+0000: 30806.410: [GC 30806.410: [ParNew: 2557849K->90383K(2831168K), 0.0949140 secs] 5384099K->2954388K(12268352K), 0.0951980 secs] [Times: user=1.01 sys=0.00, real=0.09 secs] 
2011-02-26T14:32:52.517+0000: 30821.816: [CMS-concurrent-sweep: 53.287/53.772 secs] [Times: user=103.97 sys=18.54, real=53.77 secs] 
2011-02-26T14:32:52.517+0000: 30821.816: [CMS-concurrent-reset-start]
2011-02-26T14:32:52.540+0000: 30821.839: [CMS-concurrent-reset: 0.023/0.023 secs] [Times: user=0.07 sys=0.02, real=0.03 secs] 
2011-02-26T14:32:54.918+0000: 30824.217: [GC 30824.217: [ParNew: 2606991K->74440K(2831168K), 0.1154620 secs] 3680854K->1220708K(12268352K), 0.1157810 secs] [Times: user=1.11 sys=0.01, real=0.11 secs] 
2011-02-26T14:33:06.050+0000: 30835.349: [GC 30835.349: [ParNew: 2591048K->49910K(2831168K), 0.0667370 secs] 3737316K->1241152K(12268352K), 0.0669770 secs] [Times: user=0.65 sys=0.01, real=0.06 secs] 
2011-02-26T14:33:11.619+0000: 30840.918: [GC 30840.918: [ParNew: 2566518K->33683K(2831168K), 0.0462710 secs] 3757760K->1247881K(12268352K), 0.0465150 secs] [Times: user=0.42 sys=0.02, real=0.04 secs] 
2011-02-26T14:33:25.522+0000: 30854.821: [GC 30854.822: [ParNew: 2550291K->44745K(2831168K), 0.0507370 secs] 3764489K->1274174K(12268352K), 0.0509680 secs] [Times: user=0.59 sys=0.00, real=0.05 secs] 
2011-02-26T14:33:35.428+0000: 30864.727: [GC 30864.727: [ParNew: 2561353K->117334K(2831168K), 0.1066470 secs] 3790782K->1385401K(12268352K), 0.1068810 secs] [Times: user=1.24 sys=0.00, real=0.10 secs] 
2011-02-26T14:33:53.765+0000: 30883.064: [GC 30883.065: [ParNew: 2633955K->112720K(2831168K), 0.1999850 secs] 3902021K->1484796K(12268352K), 0.2002650 secs] [Times: user=1.64 sys=0.01, real=0.20 secs] 
2011-02-26T14:33:53.967+0000: 30883.266: [GC 30883.266: [ParNew: 113810K->52260K(2831168K), 0.1505460 secs] 1485885K->1509413K(12268352K), 0.1507480 secs] [Times: user=0.93 sys=0.01, real=0.15 secs] 
2011-02-26T14:34:05.777+0000: 30895.076: [GC 30895.076: [ParNew: 2568868K->90321K(2831168K), 0.0456590 secs] 4026021K->1547478K(12268352K), 0.0458990 secs] [Times: user=0.59 sys=0.00, real=0.05 secs] 
2011-02-26T14:34:08.502+0000: 30897.801: [GC 30897.801: [ParNew: 2606929K->42745K(2831168K), 0.0891140 secs] 4064086K->1551757K(12268352K), 0.0893460 secs] [Times: user=0.72 sys=0.00, real=0.09 secs] 
2011-02-26T14:34:12.992+0000: 30902.291: [GC 30902.292: [ParNew: 2500614K->149611K(2831168K), 0.0775520 secs] 4009626K->1667467K(12268352K), 0.0777900 secs] [Times: user=0.92 sys=0.01, real=0.08 secs] 
2011-02-26T14:34:15.516+0000: 30904.815: [GC 30904.815: [ParNew: 2666219K->182137K(2831168K), 0.0877410 secs] 4184075K->1768089K(12268352K), 0.0879810 secs] [Times: user=0.98 sys=0.01, real=0.09 secs] 
2011-02-26T14:34:18.160+0000: 30907.460: [GC 30907.460: [ParNew: 2698745K->19002K(2831168K), 0.0641180 secs] 4284697K->1762676K(12268352K), 0.0643420 secs] [Times: user=0.75 sys=0.01, real=0.06 secs] 
2011-02-26T14:34:32.698+0000: 30921.997: [GC 30921.998: [ParNew: 2535610K->115753K(2831168K), 0.0931600 secs] 4279284K->1871894K(12268352K), 0.0933930 secs] [Times: user=0.92 sys=0.01, real=0.09 secs] 
2011-02-26T14:34:47.522+0000: 30936.821: [GC 30936.822: [ParNew: 2632361K->181379K(2831168K), 0.1837610 secs] 4388502K->2042726K(12268352K), 0.1839970 secs] [Times: user=1.88 sys=0.00, real=0.18 secs] 
2011-02-26T14:35:04.207+0000: 30953.506: [GC 30953.506: [ParNew: 2697987K->145204K(2831168K), 0.1912410 secs] 4559334K->2136249K(12268352K), 0.1915520 secs] [Times: user=1.99 sys=0.00, real=0.20 secs] 
2011-02-26T14:35:09.484+0000: 30958.783: [GC 30958.783: [ParNew: 2661812K->109670K(2831168K), 0.1354300 secs] 4652857K->2207684K(12268352K), 0.1357310 secs] [Times: user=1.26 sys=0.00, real=0.14 secs] 
2011-02-26T14:35:22.110+0000: 30971.409: [GC 30971.409: [ParNew: 2626278K->38415K(2831168K), 0.0565230 secs] 4724292K->2158193K(12268352K), 0.0567600 secs] [Times: user=0.58 sys=0.00, real=0.05 secs] 
2011-02-26T14:35:35.496+0000: 30984.795: [GC 30984.795: [ParNew: 2555023K->93388K(2831168K), 0.0852320 secs] 4674801K->2240614K(12268352K), 0.0855080 secs] [Times: user=1.01 sys=0.00, real=0.09 secs] 
2011-02-26T14:35:52.243+0000: 31001.542: [GC 31001.542: [ParNew: 2609996K->72801K(2831168K), 0.1077620 secs] 4757222K->2290149K(12268352K), 0.1080530 secs] [Times: user=1.19 sys=0.00, real=0.11 secs] 
2011-02-26T14:36:05.556+0000: 31014.855: [GC 31014.855: [ParNew: 2589409K->67541K(2831168K), 0.0819700 secs] 4806757K->2332414K(12268352K), 0.0822260 secs] [Times: user=0.92 sys=0.00, real=0.09 secs] 
2011-02-26T14:36:08.014+0000: 31017.313: [GC 31017.313: [ParNew: 2584149K->42451K(2831168K), 0.0512580 secs] 4849022K->2342697K(12268352K), 0.0514990 secs] [Times: user=0.53 sys=0.00, real=0.05 secs] 
2011-02-26T14:36:31.173+0000: 31040.472: [GC 31040.472: [ParNew: 2559059K->72395K(2831168K), 0.0466500 secs] 4859305K->2376066K(12268352K), 0.0468880 secs] [Times: user=0.57 sys=0.00, real=0.05 secs] 
2011-02-26T14:36:34.690+0000: 31043.989: [GC 31043.989: [ParNew: 2589003K->173595K(2831168K), 0.1037800 secs] 4892674K->2522926K(12268352K), 0.1040110 secs] [Times: user=1.16 sys=0.00, real=0.10 secs] 
2011-02-26T14:36:50.492+0000: 31059.791: [GC 31059.791: [ParNew: 2690203K->97333K(2831168K), 0.1554430 secs] 5039534K->2525620K(12268352K), 0.1556810 secs] [Times: user=1.36 sys=0.00, real=0.16 secs] 
2011-02-26T14:37:05.203+0000: 31074.502: [GC 31074.502: [ParNew: 2613941K->90833K(2831168K), 0.1254030 secs] 5042228K->2588297K(12268352K), 0.1256550 secs] [Times: user=1.18 sys=0.00, real=0.13 secs] 
2011-02-26T14:37:07.586+0000: 31076.885: [GC 31076.885: [ParNew: 2607441K->69834K(2831168K), 0.0833050 secs] 5104905K->2634809K(12268352K), 0.0836050 secs] [Times: user=0.88 sys=0.01, real=0.09 secs] 
2011-02-26T14:37:26.873+0000: 31096.172: [GC 31096.172: [ParNew: 2586442K->90270K(2831168K), 0.0605080 secs] 5151417K->2661910K(12268352K), 0.0608250 secs] [Times: user=0.70 sys=0.00, real=0.06 secs] 
2011-02-26T14:37:31.614+0000: 31100.913: [GC 31100.914: [ParNew: 2606878K->154075K(2831168K), 0.1443290 secs] 5178518K->2790285K(12268352K), 0.1446520 secs] [Times: user=1.28 sys=0.00, real=0.15 secs] 
2011-02-26T14:37:43.732+0000: 31113.031: [GC 31113.031: [ParNew: 2670683K->172221K(2831168K), 0.1577970 secs] 5306893K->2869303K(12268352K), 0.1580310 secs] [Times: user=1.83 sys=0.01, real=0.16 secs] 
2011-02-26T14:38:00.288+0000: 31129.587: [GC 31129.587: [ParNew: 2688829K->151902K(2831168K), 0.1927620 secs] 5385911K->2984408K(12268352K), 0.1929960 secs] [Times: user=2.05 sys=0.01, real=0.19 secs] 
2011-02-26T14:38:06.601+0000: 31135.900: [GC 31135.900: [ParNew: 2668499K->116025K(2831168K), 0.1355110 secs] 5501004K->3064790K(12268352K), 0.1357590 secs] [Times: user=1.30 sys=0.00, real=0.14 secs] 
2011-02-26T14:38:17.472+0000: 31146.771: [GC 31146.771: [ParNew: 2632633K->82290K(2831168K), 0.0816370 secs] 5581398K->3059114K(12268352K), 0.0819610 secs] [Times: user=0.91 sys=0.00, real=0.08 secs] 
2011-02-26T14:38:33.356+0000: 31162.655: [GC 31162.655: [ParNew: 2598898K->115230K(2831168K), 0.1476240 secs] 5575722K->3149053K(12268352K), 0.1479030 secs] [Times: user=1.41 sys=0.00, real=0.15 secs] 
2011-02-26T14:38:49.093+0000: 31178.392: [GC 31178.392: [ParNew: 2631838K->84812K(2831168K), 0.1395220 secs] 5665661K->3205081K(12268352K), 0.1398140 secs] [Times: user=1.49 sys=0.01, real=0.14 secs] 
2011-02-26T14:39:04.906+0000: 31194.205: [GC 31194.205: [ParNew: 2601420K->64974K(2831168K), 0.0900260 secs] 5721689K->3237937K(12268352K), 0.0903600 secs] [Times: user=1.02 sys=0.00, real=0.09 secs] 
2011-02-26T14:39:07.192+0000: 31196.491: [GC 31196.491: [ParNew: 2581529K->45016K(2831168K), 0.0554430 secs] 5754492K->3255944K(12268352K), 0.0557200 secs] [Times: user=0.46 sys=0.00, real=0.06 secs] 
2011-02-26T14:39:26.437+0000: 31215.736: [GC 31215.737: [ParNew: 2561624K->72393K(2831168K), 0.0415790 secs] 5772552K->3286670K(12268352K), 0.0418180 secs] [Times: user=0.48 sys=0.00, real=0.04 secs] 
2011-02-26T14:39:35.224+0000: 31224.523: [GC 31224.523: [ParNew: 2589001K->82149K(2831168K), 0.0911570 secs] 5803278K->3335752K(12268352K), 0.0914140 secs] [Times: user=1.01 sys=0.00, real=0.09 secs] 
2011-02-26T14:39:41.056+0000: 31230.355: [GC 31230.355: [ParNew: 2598757K->142532K(2831168K), 0.1104470 secs] 5852360K->3462081K(12268352K), 0.1107080 secs] [Times: user=1.23 sys=0.01, real=0.11 secs] 
2011-02-26T14:39:45.680+0000: 31234.979: [GC 31234.979: [ParNew: 2659140K->29892K(2831168K), 0.0702280 secs] 5978689K->3461681K(12268352K), 0.0704600 secs] [Times: user=0.78 sys=0.01, real=0.07 secs] 
2011-02-26T14:39:56.439+0000: 31245.739: [GC 31245.739: [ParNew: 2546500K->84840K(2831168K), 0.0623800 secs] 5978289K->3536582K(12268352K), 0.0626090 secs] [Times: user=0.66 sys=0.00, real=0.06 secs] 
2011-02-26T14:40:06.009+0000: 31255.308: [GC 31255.308: [ParNew: 2601448K->56399K(2831168K), 0.0934130 secs] 6053190K->3562836K(12268352K), 0.0936860 secs] [Times: user=0.83 sys=0.00, real=0.09 secs] 
2011-02-26T14:40:13.960+0000: 31263.259: [GC 31263.259: [ParNew: 2573007K->43044K(2831168K), 0.0662440 secs] 6079444K->3588838K(12268352K), 0.0664790 secs] [Times: user=0.66 sys=0.00, real=0.06 secs] 
2011-02-26T14:40:32.834+0000: 31282.133: [GC 31282.133: [ParNew: 2559652K->110469K(2831168K), 0.0918250 secs] 6105446K->3685706K(12268352K), 0.0920920 secs] [Times: user=1.04 sys=0.00, real=0.09 secs] 
2011-02-26T14:40:35.880+0000: 31285.179: [GC 31285.179: [ParNew: 2627077K->263013K(2831168K), 0.1643850 secs] 6202314K->3927343K(12268352K), 0.1646180 secs] [Times: user=1.58 sys=0.01, real=0.16 secs] 
2011-02-26T14:40:49.751+0000: 31299.050: [GC 31299.050: [ParNew: 2779621K->231153K(2831168K), 0.1452510 secs] 6443951K->3974307K(12268352K), 0.1455470 secs] [Times: user=1.55 sys=0.00, real=0.14 secs] 
2011-02-26T14:41:03.523+0000: 31312.822: [GC 31312.822: [ParNew: 2747761K->121978K(2831168K), 0.1446380 secs] 6490915K->3954745K(12268352K), 0.1449350 secs] [Times: user=1.58 sys=0.00, real=0.15 secs] 
2011-02-26T14:41:08.797+0000: 31318.096: [GC 31318.096: [ParNew: 2638927K->86686K(2831168K), 0.1134440 secs] 6471693K->4008469K(12268352K), 0.1136790 secs] [Times: user=1.16 sys=0.02, real=0.12 secs] 
2011-02-26T14:41:08.913+0000: 31318.212: [GC 31318.212: [ParNew: 90063K->27801K(2831168K), 0.0429260 secs] 4011846K->3980431K(12268352K), 0.0431170 secs] [Times: user=0.44 sys=0.00, real=0.04 secs] 
2011-02-26T14:41:23.216+0000: 31332.515: [GC 31332.515: [ParNew: 2544409K->73630K(2831168K), 0.0561950 secs] 6497039K->4026284K(12268352K), 0.0564300 secs] [Times: user=0.77 sys=0.00, real=0.06 secs] 
2011-02-26T14:41:34.487+0000: 31343.786: [GC 31343.786: [ParNew: 2590238K->148571K(2831168K), 0.1930960 secs] 6542892K->4169735K(12268352K), 0.1934160 secs] [Times: user=1.69 sys=0.00, real=0.19 secs] 
2011-02-26T14:41:53.034+0000: 31362.333: [GC 31362.333: [ParNew: 2665179K->100762K(2831168K), 0.2010030 secs] 6686343K->4241845K(12268352K), 0.2012950 secs] [Times: user=1.45 sys=0.00, real=0.20 secs] 
2011-02-26T14:42:05.661+0000: 31374.960: [GC 31374.961: [ParNew: 2617370K->48184K(2831168K), 0.0737730 secs] 6758453K->4231989K(12268352K), 0.0740780 secs] [Times: user=0.77 sys=0.01, real=0.07 secs] 
2011-02-26T14:42:09.948+0000: 31379.247: [GC 31379.247: [ParNew: 2564792K->41434K(2831168K), 0.0564290 secs] 6748597K->4254202K(12268352K), 0.0567390 secs] [Times: user=0.52 sys=0.00, real=0.05 secs] 
2011-02-26T14:42:32.066+0000: 31401.365: [GC 31401.365: [ParNew: 2558042K->74808K(2831168K), 0.0574690 secs] 6770810K->4298814K(12268352K), 0.0577110 secs] [Times: user=0.77 sys=0.01, real=0.06 secs] 
2011-02-26T14:42:43.812+0000: 31413.111: [GC 31413.111: [ParNew: 2591416K->85047K(2831168K), 0.1184370 secs] 6815422K->4360467K(12268352K), 0.1186710 secs] [Times: user=1.12 sys=0.00, real=0.12 secs] 
2011-02-26T14:42:52.958+0000: 31422.257: [GC 31422.258: [ParNew: 2601655K->135239K(2831168K), 0.1083540 secs] 6877075K->4477091K(12268352K), 0.1085880 secs] [Times: user=1.23 sys=0.00, real=0.11 secs] 
2011-02-26T14:43:05.273+0000: 31434.572: [GC 31434.572: [ParNew: 2651847K->78547K(2831168K), 0.0853860 secs] 6993699K->4462302K(12268352K), 0.0856340 secs] [Times: user=0.91 sys=0.00, real=0.09 secs] 
2011-02-26T14:43:07.925+0000: 31437.224: [GC 31437.225: [ParNew: 2595155K->55219K(2831168K), 0.0713540 secs] 6978910K->4494956K(12268352K), 0.0715950 secs] [Times: user=0.78 sys=0.00, real=0.07 secs] 
2011-02-26T14:43:30.758+0000: 31460.057: [GC 31460.058: [ParNew: 2571827K->109860K(2831168K), 0.0668160 secs] 7011564K->4556438K(12268352K), 0.0670480 secs] [Times: user=0.81 sys=0.01, real=0.06 secs] 
2011-02-26T14:43:40.902+0000: 31470.201: [GC 31470.201: [ParNew: 2626468K->128004K(2831168K), 0.1366390 secs] 7073046K->4651309K(12268352K), 0.1369280 secs] [Times: user=1.47 sys=0.01, real=0.14 secs] 
2011-02-26T14:43:46.408+0000: 31475.707: [GC 31475.707: [ParNew: 2585075K->253658K(2831168K), 0.1597250 secs] 7108380K->4879889K(12268352K), 0.1600340 secs] [Times: user=1.64 sys=0.01, real=0.16 secs] 
2011-02-26T14:43:48.596+0000: 31477.895: [GC 31477.895: [ParNew: 2770266K->207669K(2831168K), 0.0917080 secs] 7396497K->4888811K(12268352K), 0.0920880 secs] [Times: user=0.94 sys=0.00, real=0.10 secs] 
2011-02-26T14:43:50.850+0000: 31480.149: [GC 31480.149: [ParNew: 2724277K->25564K(2831168K), 0.0759470 secs] 7405419K->4886833K(12268352K), 0.0761850 secs] [Times: user=0.85 sys=0.00, real=0.07 secs] 
2011-02-26T14:44:02.217+0000: 31491.516: [GC 31491.516: [ParNew: 2542172K->99667K(2831168K), 0.0703330 secs] 7403441K->4978091K(12268352K), 0.0705730 secs] [Times: user=0.87 sys=0.00, real=0.07 secs] 
2011-02-26T14:44:07.069+0000: 31496.369: [GC 31496.369: [ParNew: 2616275K->68670K(2831168K), 0.0970220 secs] 7494699K->5027808K(12268352K), 0.0972710 secs] [Times: user=0.94 sys=0.00, real=0.09 secs] 
2011-02-26T14:44:20.421+0000: 31509.720: [GC 31509.720: [ParNew: 2585278K->74139K(2831168K), 0.0717380 secs] 7544416K->5051934K(12268352K), 0.0719790 secs] [Times: user=0.78 sys=0.00, real=0.07 secs] 
2011-02-26T14:44:33.882+0000: 31523.181: [GC 31523.181: [ParNew: 2590747K->172092K(2831168K), 0.1600990 secs] 7568542K->5213468K(12268352K), 0.1603740 secs] [Times: user=1.66 sys=0.03, real=0.16 secs] 
2011-02-26T14:44:51.178+0000: 31540.477: [GC 31540.477: [ParNew: 2688700K->127777K(2831168K), 0.1951000 secs] 7730076K->5303651K(12268352K), 0.1953350 secs] [Times: user=1.82 sys=0.02, real=0.19 secs] 
2011-02-26T14:45:06.361+0000: 31555.660: [GC 31555.660: [ParNew: 2644358K->92935K(2831168K), 0.1158580 secs] 7820232K->5351848K(12268352K), 0.1161010 secs] [Times: user=1.16 sys=0.00, real=0.11 secs] 
2011-02-26T14:45:09.068+0000: 31558.367: [GC 31558.367: [ParNew: 2609543K->41199K(2831168K), 0.0534810 secs] 7868456K->5337236K(12268352K), 0.0537150 secs] [Times: user=0.55 sys=0.00, real=0.05 secs] 
2011-02-26T14:45:28.885+0000: 31578.184: [GC 31578.185: [ParNew: 2557807K->57426K(2831168K), 0.0505990 secs] 7853844K->5360053K(12268352K), 0.0508350 secs] [Times: user=0.58 sys=0.02, real=0.05 secs] 
2011-02-26T14:45:37.917+0000: 31587.216: [GC 31587.216: [ParNew: 2574034K->86409K(2831168K), 0.0947390 secs] 7876661K->5427373K(12268352K), 0.0949780 secs] [Times: user=1.14 sys=0.00, real=0.10 secs] 
2011-02-26T14:45:57.320+0000: 31606.619: [GC 31606.619: [ParNew: 2603017K->64410K(2831168K), 0.1124440 secs] 7943981K->5475943K(12268352K), 0.1127450 secs] [Times: user=1.17 sys=0.02, real=0.11 secs] 
2011-02-26T14:46:04.947+0000: 31614.246: [GC 31614.247: [ParNew: 2581000K->52302K(2831168K), 0.0797230 secs] 7992533K->5507402K(12268352K), 0.0799660 secs] [Times: user=0.78 sys=0.00, real=0.08 secs] 
2011-02-26T14:46:07.748+0000: 31617.047: [GC 31617.047: [ParNew: 2568910K->37903K(2831168K), 0.0544340 secs] 8024010K->5526751K(12268352K), 0.0546800 secs] [Times: user=0.56 sys=0.01, real=0.05 secs] 
2011-02-26T14:46:25.271+0000: 31634.570: [GC 31634.570: [ParNew: 2554511K->84249K(2831168K), 0.0600150 secs] 8043359K->5580865K(12268352K), 0.0602530 secs] [Times: user=0.67 sys=0.00, real=0.06 secs] 
2011-02-26T14:46:34.874+0000: 31644.173: [GC 31644.173: [ParNew: 2600926K->119348K(2831168K), 0.1287930 secs] 8097541K->5676563K(12268352K), 0.1290910 secs] [Times: user=1.33 sys=0.00, real=0.13 secs] 
2011-02-26T14:46:52.581+0000: 31661.880: [GC 31661.880: [ParNew: 2635956K->112870K(2831168K), 0.1600290 secs] 8193171K->5771102K(12268352K), 0.1602970 secs] [Times: user=1.46 sys=0.01, real=0.16 secs] 
2011-02-26T14:46:57.907+0000: 31667.206: [GC 31667.206: [ParNew: 2629478K->159740K(2831168K), 0.1345840 secs] 8287710K->5897436K(12268352K), 0.1348830 secs] [Times: user=1.41 sys=0.04, real=0.14 secs] 
2011-02-26T14:47:06.264+0000: 31675.563: [GC 31675.564: [ParNew: 2676348K->75640K(2831168K), 0.0993900 secs] 8414044K->5871546K(12268352K), 0.0996910 secs] [Times: user=1.02 sys=0.02, real=0.10 secs] 
2011-02-26T14:47:12.547+0000: 31681.846: [GC 31681.846: [ParNew: 2592248K->64519K(2831168K), 0.0780270 secs] 8388154K->5908560K(12268352K), 0.0783240 secs] [Times: user=0.89 sys=0.01, real=0.08 secs] 
2011-02-26T14:47:32.683+0000: 31701.982: [GC 31701.982: [ParNew: 2581127K->139621K(2831168K), 0.1161590 secs] 8425168K->6024521K(12268352K), 0.1164410 secs] [Times: user=1.36 sys=0.00, real=0.12 secs] 
2011-02-26T14:47:46.540+0000: 31715.840: [GC 31715.840: [ParNew: 2656229K->200582K(2831168K), 0.1909200 secs] 8541129K->6203194K(12268352K), 0.1912130 secs] [Times: user=2.10 sys=0.00, real=0.19 secs] 
2011-02-26T14:48:04.582+0000: 31733.881: [GC 31733.881: [ParNew: 2717190K->131511K(2831168K), 0.1720650 secs] 8719802K->6262750K(12268352K), 0.1723660 secs] [Times: user=1.81 sys=0.02, real=0.17 secs] 
2011-02-26T14:48:07.693+0000: 31736.992: [GC 31736.992: [ParNew: 2648119K->89888K(2831168K), 0.0914210 secs] 8779358K->6299146K(12268352K), 0.0917180 secs] [Times: user=0.88 sys=0.02, real=0.09 secs] 
2011-02-26T14:48:22.352+0000: 31751.651: [GC 31751.651: [ParNew: 2606496K->65977K(2831168K), 0.0388760 secs] 8815754K->6279425K(12268352K), 0.0391730 secs] [Times: user=0.49 sys=0.00, real=0.04 secs] 
2011-02-26T14:48:33.840+0000: 31763.139: [GC 31763.139: [ParNew: 2582585K->97041K(2831168K), 0.0993350 secs] 8796033K->6341227K(12268352K), 0.0995680 secs] [Times: user=1.15 sys=0.00, real=0.10 secs] 
2011-02-26T14:48:51.653+0000: 31780.952: [GC 31780.952: [ParNew: 2613649K->70869K(2831168K), 0.1211180 secs] 8857835K->6388576K(12268352K), 0.1213510 secs] [Times: user=1.30 sys=0.01, real=0.12 secs] 
2011-02-26T14:49:07.391+0000: 31796.690: [GC 31796.690: [ParNew: 2587477K->64015K(2831168K), 0.0796990 secs] 8905184K->6425537K(12268352K), 0.0800040 secs] [Times: user=0.85 sys=0.01, real=0.08 secs] 
2011-02-26T14:49:09.850+0000: 31799.149: [GC 31799.149: [ParNew: 2580623K->41874K(2831168K), 0.0501060 secs] 8942145K->6438793K(12268352K), 0.0504040 secs] [Times: user=0.53 sys=0.00, real=0.05 secs] 
2011-02-26T14:49:19.463+0000: 31808.762: [GC 31808.763: [ParNew: 2558482K->112241K(2831168K), 0.0491770 secs] 8955401K->6514035K(12268352K), 0.0494930 secs] [Times: user=0.64 sys=0.01, real=0.05 secs] 
2011-02-26T14:49:32.270+0000: 31821.569: [GC 31821.569: [ParNew: 2628849K->165791K(2831168K), 0.1236450 secs] 9030643K->6598822K(12268352K), 0.1240060 secs] [Times: user=0.92 sys=0.00, real=0.12 secs] 
2011-02-26T14:49:42.570+0000: 31831.869: [GC 31831.869: [ParNew: 2682399K->113997K(2831168K), 0.1255280 secs] 9115430K->6608420K(12268352K), 0.1258240 secs] [Times: user=1.25 sys=0.01, real=0.12 secs] 
2011-02-26T14:49:59.426+0000: 31848.725: [GC 31848.725: [ParNew: 2630605K->111208K(2831168K), 0.1421060 secs] 9125028K->6694959K(12268352K), 0.1424370 secs] [Times: user=1.52 sys=0.02, real=0.15 secs] 
2011-02-26T14:50:08.944+0000: 31858.243: [GC 31858.243: [ParNew: 2627816K->240334K(2831168K), 0.1137580 secs] 9211567K->6909380K(12268352K), 0.1140280 secs] [Times: user=1.18 sys=0.00, real=0.12 secs] 
2011-02-26T14:50:10.725+0000: 31860.024: [GC 31860.025: [ParNew: 2756942K->40432K(2831168K), 0.0937200 secs] 9425988K->6892912K(12268352K), 0.0940460 secs] [Times: user=1.08 sys=0.00, real=0.10 secs] 
2011-02-26T14:50:21.071+0000: 31870.370: [GC 31870.370: [ParNew: 2557040K->70045K(2831168K), 0.0874930 secs] 9409520K->6951836K(12268352K), 0.0877570 secs] [Times: user=1.00 sys=0.01, real=0.09 secs] 
2011-02-26T14:50:33.888+0000: 31883.187: [GC 31883.187: [ParNew: 2586653K->160658K(2831168K), 0.1514220 secs] 9468444K->7099283K(12268352K), 0.1516630 secs] [Times: user=1.69 sys=0.00, real=0.15 secs] 
2011-02-26T14:50:52.530+0000: 31901.829: [GC 31901.829: [ParNew: 2677266K->197665K(2831168K), 0.2123130 secs] 9615891K->7267801K(12268352K), 0.2126160 secs] [Times: user=2.11 sys=0.01, real=0.21 secs] 
2011-02-26T14:51:05.390+0000: 31914.689: [GC 31914.689: [ParNew: 2714219K->124160K(2831168K), 0.1698270 secs] 9784355K->7322047K(12268352K), 0.1701500 secs] [Times: user=1.74 sys=0.04, real=0.17 secs] 
2011-02-26T14:51:05.562+0000: 31914.862: [GC [1 CMS-initial-mark: 7197886K(9437184K)] 7328813K(12268352K), 0.1021730 secs] [Times: user=0.10 sys=0.00, real=0.10 secs] 
2011-02-26T14:51:05.665+0000: 31914.964: [CMS-concurrent-mark-start]
2011-02-26T14:51:06.377+0000: 31915.676: [CMS-concurrent-mark: 0.706/0.712 secs] [Times: user=3.82 sys=0.62, real=0.72 secs] 
2011-02-26T14:51:06.377+0000: 31915.676: [CMS-concurrent-preclean-start]
2011-02-26T14:51:06.425+0000: 31915.724: [CMS-concurrent-preclean: 0.046/0.048 secs] [Times: user=0.08 sys=0.00, real=0.04 secs] 
2011-02-26T14:51:06.425+0000: 31915.724: [CMS-concurrent-abortable-preclean-start]
2011-02-26T14:51:08.322+0000: 31917.621: [GC 31917.621: [ParNew: 2640768K->88028K(2831168K), 0.1071270 secs] 9838655K->7361478K(12268352K), 0.1073670 secs] [Times: user=1.05 sys=0.00, real=0.11 secs] 
 CMS: abort preclean due to time 2011-02-26T14:51:11.467+0000: 31920.766: [CMS-concurrent-abortable-preclean: 4.891/5.041 secs] [Times: user=11.59 sys=2.50, real=5.04 secs] 
2011-02-26T14:51:11.468+0000: 31920.767: [GC[YG occupancy: 882945 K (2831168 K)]31920.767: [Rescan (parallel) , 0.0688840 secs]31920.836: [weak refs processing, 0.0336150 secs] [1 CMS-remark: 7273449K(9437184K)] 8156395K(12268352K), 0.1027480 secs] [Times: user=0.87 sys=0.00, real=0.10 secs] 
2011-02-26T14:51:11.571+0000: 31920.870: [CMS-concurrent-sweep-start]
2011-02-26T14:51:29.227+0000: 31938.527: [GC 31938.527: [ParNew: 2604636K->69977K(2831168K), 0.0539590 secs] 7976943K->5451395K(12268352K), 0.0542950 secs] [Times: user=0.59 sys=0.00, real=0.05 secs] 
2011-02-26T14:51:38.004+0000: 31947.304: [GC 31947.304: [ParNew: 2586585K->82924K(2831168K), 0.1012570 secs] 7055868K->4592139K(12268352K), 0.1015640 secs] [Times: user=1.12 sys=0.00, real=0.10 secs] 
2011-02-26T14:51:56.678+0000: 31965.977: [GC 31965.978: [ParNew: 2599532K->71030K(2831168K), 0.1215900 secs] 5352784K->2895880K(12268352K), 0.1218800 secs] [Times: user=1.28 sys=0.02, real=0.12 secs] 
2011-02-26T14:52:07.932+0000: 31977.231: [GC 31977.231: [ParNew: 2587638K->66551K(2831168K), 0.0856100 secs] 4476803K->1999383K(12268352K), 0.0858500 secs] [Times: user=0.89 sys=0.01, real=0.09 secs] 
2011-02-26T14:52:10.588+0000: 31979.887: [GC 31979.887: [ParNew: 2583159K->25243K(2831168K), 0.0413490 secs] 4322371K->1791525K(12268352K), 0.0415800 secs] [Times: user=0.47 sys=0.00, real=0.04 secs] 
2011-02-26T14:52:15.373+0000: 31984.672: [CMS-concurrent-sweep: 63.244/63.802 secs] [Times: user=123.22 sys=21.85, real=63.80 secs] 
2011-02-26T14:52:15.373+0000: 31984.672: [CMS-concurrent-reset-start]
2011-02-26T14:52:15.395+0000: 31984.694: [CMS-concurrent-reset: 0.022/0.022 secs] [Times: user=0.03 sys=0.00, real=0.02 secs] 
2011-02-26T14:52:31.332+0000: 32000.631: [GC 32000.631: [ParNew: 2541851K->52743K(2831168K), 0.0537430 secs] 3689724K->1205998K(12268352K), 0.0539760 secs] [Times: user=0.63 sys=0.00, real=0.05 secs] 
2011-02-26T14:52:34.430+0000: 32003.729: [GC 32003.729: [ParNew: 2569351K->182806K(2831168K), 0.1046310 secs] 3722606K->1381714K(12268352K), 0.1048610 secs] [Times: user=1.16 sys=0.00, real=0.10 secs] 
2011-02-26T14:52:39.551+0000: 32008.850: [GC 32008.850: [ParNew: 2699414K->150079K(2831168K), 0.1089580 secs] 3898322K->1427667K(12268352K), 0.1092180 secs] [Times: user=1.05 sys=0.00, real=0.11 secs] 
2011-02-26T14:52:44.591+0000: 32013.890: [GC 32013.890: [ParNew: 2666687K->32201K(2831168K), 0.0728260 secs] 3944275K->1411327K(12268352K), 0.0796890 secs] [Times: user=0.78 sys=0.02, real=0.08 secs] 
2011-02-26T14:53:01.466+0000: 32030.765: [GC 32030.765: [ParNew: 2548809K->104193K(2831168K), 0.0849050 secs] 3927935K->1502460K(12268352K), 0.0889160 secs] [Times: user=1.03 sys=0.01, real=0.09 secs] 
2011-02-26T14:53:06.797+0000: 32036.096: [GC 32036.096: [ParNew: 2620801K->66383K(2831168K), 0.1129790 secs] 4019068K->1551578K(12268352K), 0.1132880 secs] [Times: user=1.00 sys=0.01, real=0.12 secs] 
2011-02-26T14:53:19.053+0000: 32048.352: [GC 32048.352: [ParNew: 2582991K->76583K(2831168K), 0.0611300 secs] 4068186K->1576091K(12268352K), 0.0613810 secs] [Times: user=0.68 sys=0.00, real=0.06 secs] 
2011-02-26T14:53:28.035+0000: 32057.334: [GC 32057.334: [ParNew: 2593191K->214157K(2831168K), 0.1215800 secs] 4092699K->1760496K(12268352K), 0.1218150 secs] [Times: user=1.17 sys=0.00, real=0.12 secs] 
2011-02-26T14:53:31.611+0000: 32060.910: [GC 32060.910: [ParNew: 2730978K->203749K(2831168K), 0.1296880 secs] 4277317K->1798176K(12268352K), 0.1300160 secs] [Times: user=1.05 sys=0.01, real=0.13 secs] 
2011-02-26T14:53:31.742+0000: 32061.042: [GC 32061.042: [ParNew: 204711K->24316K(2831168K), 0.0831390 secs] 1799138K->1806491K(12268352K), 0.0833920 secs] [Times: user=0.71 sys=0.00, real=0.08 secs] 
2011-02-26T14:53:33.580+0000: 32062.879: [GC 32062.879: [ParNew: 2540924K->63860K(2831168K), 0.0693250 secs] 4323099K->1846038K(12268352K), 0.0696110 secs] [Times: user=0.69 sys=0.00, real=0.07 secs] 
2011-02-26T14:53:36.288+0000: 32065.587: [GC 32065.587: [ParNew: 2580468K->92158K(2831168K), 0.1035990 secs] 4362646K->1932414K(12268352K), 0.1038870 secs] [Times: user=1.11 sys=0.00, real=0.10 secs] 
2011-02-26T14:53:54.991+0000: 32084.290: [GC 32084.291: [ParNew: 2608766K->140024K(2831168K), 0.1352410 secs] 4449022K->2034709K(12268352K), 0.1354780 secs] [Times: user=1.49 sys=0.00, real=0.13 secs] 
2011-02-26T14:54:07.735+0000: 32097.034: [GC 32097.034: [ParNew: 2656632K->98226K(2831168K), 0.1750070 secs] 4551317K->2113904K(12268352K), 0.1799450 secs] [Times: user=1.67 sys=0.03, real=0.18 secs] 
2011-02-26T14:54:11.486+0000: 32100.785: [GC 32100.785: [ParNew: 2614805K->76096K(2831168K), 0.1005640 secs] 4630483K->2160240K(12268352K), 0.1008740 secs] [Times: user=0.97 sys=0.00, real=0.10 secs] 
2011-02-26T14:54:33.529+0000: 32122.828: [GC 32122.829: [ParNew: 2592704K->107808K(2831168K), 0.1152110 secs] 4676848K->2215325K(12268352K), 0.1155090 secs] [Times: user=1.03 sys=0.01, real=0.11 secs] 
2011-02-26T14:54:44.427+0000: 32133.726: [GC 32133.726: [ParNew: 2624416K->97877K(2831168K), 0.1647650 secs] 4731933K->2284710K(12268352K), 0.1650540 secs] [Times: user=1.76 sys=0.00, real=0.16 secs] 
2011-02-26T14:55:01.463+0000: 32150.762: [GC 32150.762: [ParNew: 2614485K->73872K(2831168K), 0.1217370 secs] 4801318K->2329728K(12268352K), 0.1220240 secs] [Times: user=1.28 sys=0.00, real=0.12 secs] 
2011-02-26T14:55:07.065+0000: 32156.364: [GC 32156.365: [ParNew: 2590480K->33625K(2831168K), 0.0638510 secs] 4846336K->2332722K(12268352K), 0.0641560 secs] [Times: user=0.65 sys=0.00, real=0.07 secs] 
2011-02-26T14:55:19.016+0000: 32168.315: [GC 32168.316: [ParNew: 2550233K->56836K(2831168K), 0.0438470 secs] 4849330K->2364006K(12268352K), 0.0440840 secs] [Times: user=0.50 sys=0.02, real=0.05 secs] 
2011-02-26T14:55:33.274+0000: 32182.573: [GC 32182.574: [ParNew: 2573444K->80396K(2831168K), 0.0912580 secs] 4880614K->2415246K(12268352K), 0.0915730 secs] [Times: user=0.92 sys=0.00, real=0.09 secs] 
2011-02-26T14:55:39.448+0000: 32188.747: [GC 32188.747: [ParNew: 2597004K->66292K(2831168K), 0.0996830 secs] 4931854K->2459945K(12268352K), 0.0999770 secs] [Times: user=1.10 sys=0.00, real=0.10 secs] 
2011-02-26T14:55:58.143+0000: 32207.442: [GC 32207.442: [ParNew: 2582900K->112429K(2831168K), 0.1253940 secs] 4976553K->2557533K(12268352K), 0.1256860 secs] [Times: user=1.20 sys=0.02, real=0.13 secs] 
2011-02-26T14:56:06.240+0000: 32215.539: [GC 32215.539: [ParNew: 2629037K->77250K(2831168K), 0.1068610 secs] 5074141K->2608266K(12268352K), 0.1071670 secs] [Times: user=1.01 sys=0.01, real=0.11 secs] 
2011-02-26T14:56:12.126+0000: 32221.425: [GC 32221.425: [ParNew: 2593858K->37848K(2831168K), 0.0602690 secs] 5124874K->2602619K(12268352K), 0.0605630 secs] [Times: user=0.67 sys=0.00, real=0.06 secs] 
2011-02-26T14:56:32.429+0000: 32241.728: [GC 32241.729: [ParNew: 2554456K->97315K(2831168K), 0.0885950 secs] 5119227K->2688584K(12268352K), 0.0888980 secs] [Times: user=1.02 sys=0.01, real=0.15 secs] 
2011-02-26T14:56:35.523+0000: 32244.822: [GC 32244.822: [ParNew: 2613923K->267986K(2831168K), 0.1541700 secs] 5205192K->2946420K(12268352K), 0.1544620 secs] [Times: user=1.64 sys=0.01, real=0.16 secs] 
2011-02-26T14:56:51.493+0000: 32260.792: [GC 32260.793: [ParNew: 2784594K->152830K(2831168K), 0.1510800 secs] 5463028K->2912916K(12268352K), 0.1513880 secs] [Times: user=1.71 sys=0.00, real=0.15 secs] 
2011-02-26T14:57:05.226+0000: 32274.525: [GC 32274.525: [ParNew: 2669438K->142072K(2831168K), 0.1636560 secs] 5429524K->3004556K(12268352K), 0.1639530 secs] [Times: user=1.67 sys=0.02, real=0.17 secs] 
2011-02-26T14:57:07.713+0000: 32277.012: [GC 32277.012: [ParNew: 2658680K->96365K(2831168K), 0.1010950 secs] 5521164K->3047214K(12268352K), 0.1013930 secs] [Times: user=1.03 sys=0.01, real=0.10 secs] 
2011-02-26T14:57:30.351+0000: 32299.650: [GC 32299.650: [ParNew: 2612973K->116143K(2831168K), 0.0819460 secs] 5563822K->3076468K(12268352K), 0.0822440 secs] [Times: user=0.98 sys=0.00, real=0.08 secs] 
2011-02-26T14:57:39.224+0000: 32308.523: [GC 32308.524: [ParNew: 2632751K->152872K(2831168K), 0.1646230 secs] 5593076K->3216195K(12268352K), 0.1648490 secs] [Times: user=1.84 sys=0.01, real=0.17 secs] 
2011-02-26T14:57:57.704+0000: 32327.004: [GC 32327.004: [ParNew: 2669480K->92704K(2831168K), 0.1493650 secs] 5732803K->3251195K(12268352K), 0.1496540 secs] [Times: user=1.38 sys=0.00, real=0.15 secs] 
2011-02-26T14:58:06.195+0000: 32335.494: [GC 32335.494: [ParNew: 2609312K->43300K(2831168K), 0.0649730 secs] 5767803K->3246180K(12268352K), 0.0652120 secs] [Times: user=0.73 sys=0.00, real=0.07 secs] 
2011-02-26T14:58:12.283+0000: 32341.582: [GC 32341.582: [ParNew: 2559908K->45817K(2831168K), 0.0447660 secs] 5762788K->3265038K(12268352K), 0.0450080 secs] [Times: user=0.53 sys=0.00, real=0.05 secs] 
2011-02-26T14:58:30.687+0000: 32359.986: [GC 32359.986: [ParNew: 2562425K->118548K(2831168K), 0.0588540 secs] 5781646K->3353901K(12268352K), 0.0590870 secs] [Times: user=0.73 sys=0.00, real=0.05 secs] 
2011-02-26T14:58:38.322+0000: 32367.621: [GC 32367.622: [ParNew: 2635156K->92209K(2831168K), 0.0886250 secs] 5870509K->3358095K(12268352K), 0.0889100 secs] [Times: user=1.03 sys=0.00, real=0.09 secs] 
2011-02-26T14:58:49.027+0000: 32378.326: [GC 32378.326: [ParNew: 2608817K->143399K(2831168K), 0.1214450 secs] 5874703K->3482104K(12268352K), 0.1217320 secs] [Times: user=1.34 sys=0.00, real=0.13 secs] 
2011-02-26T14:59:05.292+0000: 32394.591: [GC 32394.591: [ParNew: 2660007K->107707K(2831168K), 0.0929450 secs] 5998712K->3487268K(12268352K), 0.0932750 secs] [Times: user=0.98 sys=0.00, real=0.09 secs] 
2011-02-26T14:59:07.249+0000: 32396.548: [GC 32396.549: [ParNew: 2624315K->73564K(2831168K), 0.0815320 secs] 6003876K->3529925K(12268352K), 0.0868070 secs] [Times: user=0.80 sys=0.00, real=0.08 secs] 
2011-02-26T14:59:20.314+0000: 32409.613: [GC 32409.613: [ParNew: 2590172K->82147K(2831168K), 0.0463960 secs] 6046533K->3543656K(12268352K), 0.0466280 secs] [Times: user=0.53 sys=0.00, real=0.05 secs] 
2011-02-26T14:59:33.946+0000: 32423.245: [GC 32423.245: [ParNew: 2598755K->122615K(2831168K), 0.1210180 secs] 6060264K->3633939K(12268352K), 0.1212810 secs] [Times: user=1.28 sys=0.00, real=0.13 secs] 
2011-02-26T14:59:41.519+0000: 32430.818: [GC 32430.818: [ParNew: 2639223K->239157K(2831168K), 0.1653580 secs] 6150547K->3850157K(12268352K), 0.1655900 secs] [Times: user=1.55 sys=0.02, real=0.16 secs] 
2011-02-26T14:59:56.833+0000: 32446.132: [GC 32446.132: [ParNew: 2755765K->152250K(2831168K), 0.1399120 secs] 6366765K->3819334K(12268352K), 0.1401500 secs] [Times: user=1.33 sys=0.03, real=0.14 secs] 
2011-02-26T15:00:06.062+0000: 32455.361: [GC 32455.361: [ParNew: 2668814K->103256K(2831168K), 0.1555320 secs] 6335898K->3886742K(12268352K), 0.1557870 secs] [Times: user=1.49 sys=0.02, real=0.16 secs] 
2011-02-26T15:00:10.200+0000: 32459.499: [GC 32459.499: [ParNew: 2619864K->44959K(2831168K), 0.0752470 secs] 6403350K->3878212K(12268352K), 0.0754810 secs] [Times: user=0.78 sys=0.00, real=0.07 secs] 
2011-02-26T15:00:31.738+0000: 32481.037: [GC 32481.037: [ParNew: 2561567K->138649K(2831168K), 0.1001910 secs] 6394820K->3993911K(12268352K), 0.1004240 secs] [Times: user=1.17 sys=0.03, real=0.10 secs] 
2011-02-26T15:00:43.382+0000: 32492.681: [GC 32492.681: [ParNew: 2655257K->172819K(2831168K), 0.1950290 secs] 6510519K->4140068K(12268352K), 0.1952580 secs] [Times: user=1.97 sys=0.00, real=0.19 secs] 
2011-02-26T15:01:00.315+0000: 32509.614: [GC 32509.614: [ParNew: 2689427K->111867K(2831168K), 0.1753340 secs] 6656676K->4199000K(12268352K), 0.1755750 secs] [Times: user=1.89 sys=0.00, real=0.18 secs] 
2011-02-26T15:01:06.171+0000: 32515.470: [GC 32515.470: [ParNew: 2628475K->52202K(2831168K), 0.0750980 secs] 6715608K->4193453K(12268352K), 0.0754210 secs] [Times: user=0.78 sys=0.00, real=0.07 secs] 
2011-02-26T15:01:15.369+0000: 32524.668: [GC 32524.669: [ParNew: 2568810K->38254K(2831168K), 0.0501030 secs] 6710061K->4188835K(12268352K), 0.0503810 secs] [Times: user=0.51 sys=0.00, real=0.05 secs] 
2011-02-26T15:01:32.702+0000: 32542.002: [GC 32542.002: [ParNew: 2554862K->65464K(2831168K), 0.0739550 secs] 6705443K->4234734K(12268352K), 0.0742850 secs] [Times: user=0.83 sys=0.01, real=0.07 secs] 
2011-02-26T15:01:47.390+0000: 32556.689: [GC 32556.689: [ParNew: 2582072K->93977K(2831168K), 0.1097600 secs] 6751342K->4318406K(12268352K), 0.1100570 secs] [Times: user=1.12 sys=0.00, real=0.11 secs] 
2011-02-26T15:01:58.578+0000: 32567.877: [GC 32567.878: [ParNew: 2610585K->144824K(2831168K), 0.0958690 secs] 6835014K->4427816K(12268352K), 0.0961590 secs] [Times: user=1.07 sys=0.01, real=0.09 secs] 
2011-02-26T15:02:05.966+0000: 32575.265: [GC 32575.265: [ParNew: 2661432K->55098K(2831168K), 0.0739510 secs] 6944424K->4382437K(12268352K), 0.0742560 secs] [Times: user=0.84 sys=0.00, real=0.08 secs] 
2011-02-26T15:02:09.428+0000: 32578.727: [GC 32578.727: [ParNew: 2571706K->30474K(2831168K), 0.0519620 secs] 6899045K->4388929K(12268352K), 0.0522250 secs] [Times: user=0.59 sys=0.00, real=0.05 secs] 
2011-02-26T15:02:31.826+0000: 32601.125: [GC 32601.125: [ParNew: 2547082K->97362K(2831168K), 0.0704140 secs] 6905537K->4468848K(12268352K), 0.0707090 secs] [Times: user=0.89 sys=0.00, real=0.07 secs] 
2011-02-26T15:02:42.355+0000: 32611.654: [GC 32611.654: [ParNew: 2613970K->135883K(2831168K), 0.1462450 secs] 6985456K->4589062K(12268352K), 0.1523710 secs] [Times: user=1.54 sys=0.02, real=0.16 secs] 
2011-02-26T15:02:53.115+0000: 32622.414: [GC 32622.414: [ParNew: 2652491K->255868K(2831168K), 0.1577140 secs] 7105670K->4812765K(12268352K), 0.1580270 secs] [Times: user=1.70 sys=0.00, real=0.16 secs] 
2011-02-26T15:02:57.134+0000: 32626.433: [GC 32626.433: [ParNew: 2772476K->230237K(2831168K), 0.1186160 secs] 7329373K->4857816K(12268352K), 0.1189210 secs] [Times: user=1.21 sys=0.01, real=0.12 secs] 
2011-02-26T15:02:59.569+0000: 32628.868: [GC 32628.868: [ParNew: 2746845K->57812K(2831168K), 0.0948330 secs] 7374424K->4883942K(12268352K), 0.0951480 secs] [Times: user=1.06 sys=0.00, real=0.09 secs] 
2011-02-26T15:03:04.310+0000: 32633.609: [GC 32633.609: [ParNew: 2574420K->38170K(2831168K), 0.0463150 secs] 7400550K->4882622K(12268352K), 0.0466200 secs] [Times: user=0.47 sys=0.00, real=0.04 secs] 
2011-02-26T15:03:07.022+0000: 32636.321: [GC 32636.322: [ParNew: 2554778K->28368K(2831168K), 0.0453630 secs] 7399230K->4897613K(12268352K), 0.0456870 secs] [Times: user=0.47 sys=0.00, real=0.05 secs] 
2011-02-26T15:03:19.243+0000: 32648.542: [GC 32648.542: [ParNew: 2544976K->67176K(2831168K), 0.0579760 secs] 7414221K->4948137K(12268352K), 0.0583500 secs] [Times: user=0.65 sys=0.00, real=0.06 secs] 
2011-02-26T15:03:33.744+0000: 32663.043: [GC 32663.043: [ParNew: 2583784K->159145K(2831168K), 0.1948230 secs] 7464745K->5100086K(12268352K), 0.1951240 secs] [Times: user=1.61 sys=0.00, real=0.20 secs] 
2011-02-26T15:03:50.576+0000: 32679.875: [GC 32679.875: [ParNew: 2675753K->178005K(2831168K), 0.2010050 secs] 7616694K->5248767K(12268352K), 0.3385900 secs] [Times: user=2.14 sys=0.01, real=0.34 secs] 
2011-02-26T15:04:05.314+0000: 32694.613: [GC 32694.613: [ParNew: 2694613K->119429K(2831168K), 0.1561310 secs] 7765375K->5309218K(12268352K), 0.1564610 secs] [Times: user=1.53 sys=0.00, real=0.16 secs] 
2011-02-26T15:04:09.257+0000: 32698.556: [GC 32698.556: [ParNew: 2635978K->40472K(2831168K), 0.0575280 secs] 7825768K->5269664K(12268352K), 0.0578380 secs] [Times: user=0.61 sys=0.00, real=0.06 secs] 
2011-02-26T15:04:24.394+0000: 32713.693: [GC 32713.693: [ParNew: 2557080K->67458K(2831168K), 0.0427970 secs] 7786272K->5303079K(12268352K), 0.0431180 secs] [Times: user=0.51 sys=0.01, real=0.05 secs] 
2011-02-26T15:04:36.044+0000: 32725.343: [GC 32725.343: [ParNew: 2584066K->93223K(2831168K), 0.1250430 secs] 7819687K->5361290K(12268352K), 0.1253360 secs] [Times: user=1.15 sys=0.00, real=0.13 secs] 
2011-02-26T15:04:52.772+0000: 32742.071: [GC 32742.071: [ParNew: 2609831K->74931K(2831168K), 0.1109190 secs] 7877898K->5414438K(12268352K), 0.1111510 secs] [Times: user=1.18 sys=0.00, real=0.11 secs] 
2011-02-26T15:05:05.395+0000: 32754.694: [GC 32754.694: [ParNew: 2591539K->58196K(2831168K), 0.0752790 secs] 7931046K->5444031K(12268352K), 0.0755220 secs] [Times: user=0.82 sys=0.00, real=0.08 secs] 
2011-02-26T15:05:07.708+0000: 32757.007: [GC 32757.007: [ParNew: 2574804K->24535K(2831168K), 0.0452670 secs] 7960639K->5440731K(12268352K), 0.0456170 secs] [Times: user=0.40 sys=0.00, real=0.04 secs] 
2011-02-26T15:05:14.289+0000: 32763.588: [GC 32763.589: [ParNew: 2541143K->120446K(2831168K), 0.0505240 secs] 7957339K->5539920K(12268352K), 0.0508320 secs] [Times: user=0.58 sys=0.00, real=0.05 secs] 
2011-02-26T15:05:19.204+0000: 32768.503: [GC 32768.503: [ParNew: 2637054K->28705K(2831168K), 0.0669610 secs] 8056528K->5562744K(12268352K), 0.0672660 secs] [Times: user=0.78 sys=0.01, real=0.07 secs] 
2011-02-26T15:05:31.289+0000: 32780.588: [GC 32780.588: [ParNew: 2545313K->67955K(2831168K), 0.0708200 secs] 8079352K->5616445K(12268352K), 0.0710720 secs] [Times: user=0.69 sys=0.00, real=0.07 secs] 
2011-02-26T15:05:41.752+0000: 32791.052: [GC 32791.052: [ParNew: 2584563K->122078K(2831168K), 0.1159920 secs] 8133053K->5715818K(12268352K), 0.1162970 secs] [Times: user=1.26 sys=0.02, real=0.12 secs] 
2011-02-26T15:05:58.946+0000: 32808.245: [GC 32808.245: [ParNew: 2638686K->107071K(2831168K), 0.1565100 secs] 8232426K->5804538K(12268352K), 0.1568450 secs] [Times: user=1.65 sys=0.01, real=0.16 secs] 
2011-02-26T15:06:05.007+0000: 32814.306: [GC 32814.306: [ParNew: 2623673K->245156K(2831168K), 0.1298400 secs] 8321140K->6026355K(12268352K), 0.1300840 secs] [Times: user=1.40 sys=0.00, real=0.13 secs] 
2011-02-26T15:06:09.681+0000: 32818.980: [GC 32818.981: [ParNew: 2761706K->46174K(2831168K), 0.0734400 secs] 8542905K->5870414K(12268352K), 0.0736820 secs] [Times: user=0.78 sys=0.00, real=0.07 secs] 
2011-02-26T15:06:21.675+0000: 32830.974: [GC 32830.974: [ParNew: 2562782K->71997K(2831168K), 0.0726250 secs] 8387022K->5924224K(12268352K), 0.0728640 secs] [Times: user=0.84 sys=0.01, real=0.08 secs] 
2011-02-26T15:06:33.863+0000: 32843.162: [GC 32843.162: [ParNew: 2588605K->162993K(2831168K), 0.1352500 secs] 8440832K->6071220K(12268352K), 0.1354850 secs] [Times: user=1.57 sys=0.00, real=0.14 secs] 
2011-02-26T15:06:52.021+0000: 32861.320: [GC 32861.320: [ParNew: 2679728K->179345K(2831168K), 0.2077340 secs] 8587955K->6218430K(12268352K), 0.2079670 secs] [Times: user=2.14 sys=0.02, real=0.21 secs] 
2011-02-26T15:06:52.230+0000: 32861.529: [GC 32861.530: [ParNew: 181144K->83839K(2831168K), 0.1319690 secs] 6220230K->6248357K(12268352K), 0.1321530 secs] [Times: user=1.24 sys=0.02, real=0.13 secs] 
2011-02-26T15:07:05.560+0000: 32874.859: [GC 32874.859: [ParNew: 2600447K->93181K(2831168K), 0.0610430 secs] 8764965K->6257701K(12268352K), 0.0612850 secs] [Times: user=0.76 sys=0.00, real=0.06 secs] 
2011-02-26T15:07:10.699+0000: 32879.998: [GC 32879.998: [ParNew: 2609789K->63474K(2831168K), 0.1000500 secs] 8774309K->6300501K(12268352K), 0.1002870 secs] [Times: user=0.95 sys=0.01, real=0.10 secs] 
2011-02-26T15:07:22.759+0000: 32892.058: [GC 32892.058: [ParNew: 2580082K->106290K(2831168K), 0.0501830 secs] 8817109K->6355709K(12268352K), 0.0504210 secs] [Times: user=0.57 sys=0.00, real=0.05 secs] 
2011-02-26T15:07:33.720+0000: 32903.019: [GC 32903.020: [ParNew: 2622898K->80718K(2831168K), 0.0977650 secs] 8872317K->6350865K(12268352K), 0.0980550 secs] [Times: user=0.91 sys=0.00, real=0.10 secs] 
2011-02-26T15:07:50.331+0000: 32919.630: [GC 32919.630: [ParNew: 2597326K->66578K(2831168K), 0.1240330 secs] 8867473K->6402282K(12268352K), 0.1243690 secs] [Times: user=1.12 sys=0.02, real=0.12 secs] 
2011-02-26T15:08:05.123+0000: 32934.423: [GC 32934.423: [ParNew: 2583185K->61366K(2831168K), 0.0812020 secs] 8918890K->6445148K(12268352K), 0.0815060 secs] [Times: user=0.92 sys=0.00, real=0.08 secs] 
2011-02-26T15:08:08.871+0000: 32938.170: [GC 32938.170: [ParNew: 2577931K->43167K(2831168K), 0.0623650 secs] 8961713K->6465508K(12268352K), 0.0626570 secs] [Times: user=0.64 sys=0.00, real=0.06 secs] 
2011-02-26T15:08:25.992+0000: 32955.291: [GC 32955.291: [ParNew: 2552555K->73790K(2831168K), 0.0450140 secs] 8974895K->6502435K(12268352K), 0.0452490 secs] [Times: user=0.52 sys=0.00, real=0.05 secs] 
2011-02-26T15:08:32.539+0000: 32961.838: [GC 32961.838: [ParNew: 2590398K->73561K(2831168K), 0.0875100 secs] 9019043K->6540077K(12268352K), 0.0878060 secs] [Times: user=0.84 sys=0.00, real=0.09 secs] 
2011-02-26T15:08:46.713+0000: 32976.012: [GC 32976.012: [ParNew: 2590169K->132126K(2831168K), 0.1355090 secs] 9056685K->6657097K(12268352K), 0.1358020 secs] [Times: user=1.57 sys=0.01, real=0.14 secs] 
2011-02-26T15:09:04.616+0000: 32993.915: [GC 32993.916: [ParNew: 2648734K->113686K(2831168K), 0.1468780 secs] 9173705K->6738636K(12268352K), 0.1471450 secs] [Times: user=1.48 sys=0.00, real=0.15 secs] 
2011-02-26T15:09:07.600+0000: 32996.899: [GC 32996.900: [ParNew: 2630294K->85411K(2831168K), 0.0963430 secs] 9255244K->6793718K(12268352K), 0.0965810 secs] [Times: user=0.90 sys=0.01, real=0.10 secs] 
2011-02-26T15:09:17.579+0000: 33006.878: [GC 33006.878: [ParNew: 2578114K->60419K(2831168K), 0.0459340 secs] 9286420K->6777504K(12268352K), 0.0461660 secs] [Times: user=0.53 sys=0.00, real=0.04 secs] 
2011-02-26T15:09:25.936+0000: 33015.235: [GC 33015.235: [ParNew: 2577027K->74118K(2831168K), 0.1113720 secs] 9294112K->6829701K(12268352K), 0.1116350 secs] [Times: user=1.09 sys=0.00, real=0.11 secs] 
2011-02-26T15:09:35.537+0000: 33024.836: [GC 33024.836: [ParNew: 2590726K->162977K(2831168K), 0.1399700 secs] 9346309K->6973021K(12268352K), 0.1402600 secs] [Times: user=1.64 sys=0.01, real=0.15 secs] 
2011-02-26T15:09:55.344+0000: 33044.643: [GC 33044.643: [ParNew: 2679585K->199326K(2831168K), 0.2105470 secs] 9489629K->7143266K(12268352K), 0.2108400 secs] [Times: user=2.26 sys=0.02, real=0.21 secs] 
2011-02-26T15:10:06.010+0000: 33055.309: [GC 33055.309: [ParNew: 2715934K->120227K(2831168K), 0.1679760 secs] 9659874K->7186634K(12268352K), 0.1682740 secs] [Times: user=1.67 sys=0.00, real=0.17 secs] 
2011-02-26T15:10:08.894+0000: 33058.193: [GC 33058.193: [ParNew: 2636835K->54418K(2831168K), 0.0949360 secs] 9703242K->7184890K(12268352K), 0.0952380 secs] [Times: user=0.90 sys=0.00, real=0.10 secs] 
2011-02-26T15:10:08.990+0000: 33058.289: [GC [1 CMS-initial-mark: 7130472K(9437184K)] 7186208K(12268352K), 0.0262180 secs] [Times: user=0.02 sys=0.00, real=0.02 secs] 
2011-02-26T15:10:09.017+0000: 33058.316: [CMS-concurrent-mark-start]
2011-02-26T15:10:09.709+0000: 33059.008: [CMS-concurrent-mark: 0.690/0.692 secs] [Times: user=3.26 sys=0.23, real=0.70 secs] 
2011-02-26T15:10:09.709+0000: 33059.008: [CMS-concurrent-preclean-start]
2011-02-26T15:10:09.768+0000: 33059.067: [CMS-concurrent-preclean: 0.056/0.059 secs] [Times: user=0.19 sys=0.05, real=0.06 secs] 
2011-02-26T15:10:09.768+0000: 33059.067: [CMS-concurrent-abortable-preclean-start]
 CMS: abort preclean due to time 2011-02-26T15:10:14.824+0000: 33064.123: [CMS-concurrent-abortable-preclean: 4.821/5.056 secs] [Times: user=8.44 sys=1.32, real=5.05 secs] 
2011-02-26T15:10:14.826+0000: 33064.125: [GC[YG occupancy: 898328 K (2831168 K)]33064.125: [Rescan (parallel) , 0.1529930 secs]33064.278: [weak refs processing, 0.0292220 secs] [1 CMS-remark: 7130472K(9437184K)] 8028800K(12268352K), 0.1825010 secs] [Times: user=2.02 sys=0.00, real=0.19 secs] 
2011-02-26T15:10:15.009+0000: 33064.308: [CMS-concurrent-sweep-start]
2011-02-26T15:10:30.559+0000: 33079.858: [GC 33079.858: [ParNew: 2571026K->93016K(2831168K), 0.0717280 secs] 7337934K->4871872K(12268352K), 0.0720140 secs] [Times: user=0.80 sys=0.00, real=0.07 secs] 
2011-02-26T15:10:38.674+0000: 33087.973: [GC 33087.973: [ParNew: 2609624K->108652K(2831168K), 0.1348580 secs] 6499130K->4068137K(12268352K), 0.1351440 secs] [Times: user=1.44 sys=0.00, real=0.14 secs] 
2011-02-26T15:10:56.957+0000: 33106.256: [GC 33106.256: [ParNew: 2625260K->67296K(2831168K), 0.1172310 secs] 4432611K->1945161K(12268352K), 0.1175700 secs] [Times: user=1.25 sys=0.00, real=0.11 secs] 
2011-02-26T15:11:02.207+0000: 33111.506: [CMS-concurrent-sweep: 46.745/47.198 secs] [Times: user=89.68 sys=16.08, real=47.19 secs] 
2011-02-26T15:11:02.207+0000: 33111.506: [CMS-concurrent-reset-start]
2011-02-26T15:11:02.229+0000: 33111.528: [CMS-concurrent-reset: 0.022/0.022 secs] [Times: user=0.05 sys=0.02, real=0.03 secs] 
2011-02-26T15:11:08.543+0000: 33117.842: [GC 33117.842: [ParNew: 2583873K->55782K(2831168K), 0.0720340 secs] 3688926K->1206327K(12268352K), 0.0723460 secs] [Times: user=0.78 sys=0.01, real=0.07 secs] 
2011-02-26T15:11:11.164+0000: 33120.463: [GC 33120.463: [ParNew: 2572390K->42926K(2831168K), 0.0420390 secs] 3722935K->1217324K(12268352K), 0.0423350 secs] [Times: user=0.45 sys=0.01, real=0.04 secs] 
2011-02-26T15:11:31.831+0000: 33141.130: [GC 33141.130: [ParNew: 2559534K->63512K(2831168K), 0.0610790 secs] 3733932K->1248329K(12268352K), 0.0613990 secs] [Times: user=0.72 sys=0.01, real=0.06 secs] 
2011-02-26T15:11:35.513+0000: 33144.812: [GC 33144.812: [ParNew: 2580120K->160647K(2831168K), 0.1075000 secs] 3764937K->1396320K(12268352K), 0.1078120 secs] [Times: user=1.16 sys=0.01, real=0.11 secs] 
2011-02-26T15:11:51.803+0000: 33161.103: [GC 33161.103: [ParNew: 2677255K->112211K(2831168K), 0.1322730 secs] 3912928K->1416358K(12268352K), 0.1325630 secs] [Times: user=1.30 sys=0.00, real=0.13 secs] 
2011-02-26T15:12:06.705+0000: 33176.004: [GC 33176.004: [ParNew: 2628819K->94104K(2831168K), 0.1203920 secs] 3932966K->1472995K(12268352K), 0.1206380 secs] [Times: user=1.25 sys=0.00, real=0.12 secs] 
2011-02-26T15:12:08.812+0000: 33178.111: [GC 33178.111: [ParNew: 2610712K->71724K(2831168K), 0.1091610 secs] 3989603K->1514024K(12268352K), 0.1094010 secs] [Times: user=0.83 sys=0.00, real=0.11 secs] 
2011-02-26T15:12:25.711+0000: 33195.010: [GC 33195.010: [ParNew: 2588332K->85904K(2831168K), 0.0556620 secs] 4030632K->1534085K(12268352K), 0.0559610 secs] [Times: user=0.65 sys=0.00, real=0.05 secs] 
2011-02-26T15:12:33.291+0000: 33202.590: [GC 33202.590: [ParNew: 2602512K->261405K(2831168K), 0.1807390 secs] 4050693K->1769141K(12268352K), 0.1810280 secs] [Times: user=1.58 sys=0.01, real=0.18 secs] 
2011-02-26T15:12:37.374+0000: 33206.673: [GC 33206.673: [ParNew: 2778013K->181622K(2831168K), 0.1908690 secs] 4285749K->1777758K(12268352K), 0.1911470 secs] [Times: user=1.57 sys=0.00, real=0.19 secs] 
2011-02-26T15:12:42.598+0000: 33211.897: [GC 33211.897: [ParNew: 2698230K->76023K(2831168K), 0.1193300 secs] 4294366K->1811042K(12268352K), 0.1196360 secs] [Times: user=1.25 sys=0.01, real=0.12 secs] 
2011-02-26T15:12:59.323+0000: 33228.622: [GC 33228.622: [ParNew: 2592631K->137411K(2831168K), 0.0987350 secs] 4327650K->1895870K(12268352K), 0.0990310 secs] [Times: user=1.18 sys=0.00, real=0.10 secs] 
2011-02-26T15:13:06.117+0000: 33235.416: [GC 33235.416: [ParNew: 2653962K->90780K(2831168K), 0.1389470 secs] 4412422K->1966136K(12268352K), 0.1392490 secs] [Times: user=1.43 sys=0.03, real=0.14 secs] 
2011-02-26T15:13:11.016+0000: 33240.315: [GC 33240.315: [ParNew: 2607388K->36714K(2831168K), 0.0665480 secs] 4482744K->1945924K(12268352K), 0.0668450 secs] [Times: user=0.79 sys=0.00, real=0.07 secs] 
2011-02-26T15:13:33.385+0000: 33262.685: [GC 33262.685: [ParNew: 2553322K->108226K(2831168K), 0.0995140 secs] 4462532K->2043540K(12268352K), 0.0997490 secs] [Times: user=1.17 sys=0.01, real=0.10 secs] 
2011-02-26T15:13:43.553+0000: 33272.852: [GC 33272.853: [ParNew: 2624834K->106058K(2831168K), 0.1488800 secs] 4560148K->2139087K(12268352K), 0.1491080 secs] [Times: user=1.54 sys=0.02, real=0.15 secs] 
2011-02-26T15:14:00.357+0000: 33289.656: [GC 33289.656: [ParNew: 2622666K->84869K(2831168K), 0.1157450 secs] 4655695K->2194896K(12268352K), 0.1160420 secs] [Times: user=1.25 sys=0.01, real=0.12 secs] 
2011-02-26T15:14:06.695+0000: 33295.994: [GC 33295.994: [ParNew: 2601477K->38536K(2831168K), 0.0659770 secs] 4711504K->2197878K(12268352K), 0.0662810 secs] [Times: user=0.77 sys=0.00, real=0.07 secs] 
2011-02-26T15:14:11.539+0000: 33300.838: [GC 33300.838: [ParNew: 2555144K->25783K(2831168K), 0.0403120 secs] 4714486K->2195981K(12268352K), 0.0406060 secs] [Times: user=0.42 sys=0.01, real=0.04 secs] 
2011-02-26T15:14:32.253+0000: 33321.552: [GC 33321.552: [ParNew: 2542391K->97443K(2831168K), 0.0796190 secs] 4712589K->2277780K(12268352K), 0.0798780 secs] [Times: user=0.84 sys=0.00, real=0.08 secs] 
2011-02-26T15:14:37.496+0000: 33326.795: [GC 33326.795: [ParNew: 2614051K->160903K(2831168K), 0.1101080 secs] 4794388K->2396541K(12268352K), 0.1103430 secs] [Times: user=1.13 sys=0.01, real=0.11 secs] 
2011-02-26T15:14:53.684+0000: 33342.983: [GC 33342.983: [ParNew: 2677511K->108454K(2831168K), 0.1154890 secs] 4913149K->2404992K(12268352K), 0.1157260 secs] [Times: user=1.32 sys=0.00, real=0.12 secs] 
2011-02-26T15:15:06.374+0000: 33355.673: [GC 33355.673: [ParNew: 2625062K->75461K(2831168K), 0.1069680 secs] 4921600K->2445589K(12268352K), 0.1072110 secs] [Times: user=1.19 sys=0.00, real=0.11 secs] 
2011-02-26T15:15:08.345+0000: 33357.644: [GC 33357.644: [ParNew: 2592069K->58913K(2831168K), 0.0687190 secs] 4962197K->2480097K(12268352K), 0.0690140 secs] [Times: user=0.68 sys=0.00, real=0.07 secs] 
2011-02-26T15:15:24.402+0000: 33373.701: [GC 33373.701: [ParNew: 2575521K->61656K(2831168K), 0.0524610 secs] 4996705K->2493298K(12268352K), 0.0526950 secs] [Times: user=0.65 sys=0.00, real=0.05 secs] 
2011-02-26T15:15:34.065+0000: 33383.364: [GC 33383.364: [ParNew: 2578264K->292266K(2831168K), 0.1438690 secs] 5009906K->2778373K(12268352K), 0.1441670 secs] [Times: user=1.65 sys=0.02, real=0.15 secs] 
2011-02-26T15:15:38.848+0000: 33388.147: [GC 33388.147: [ParNew: 2808874K->183024K(2831168K), 0.1395670 secs] 5294981K->2767192K(12268352K), 0.1398580 secs] [Times: user=1.50 sys=0.00, real=0.14 secs] 
2011-02-26T15:15:43.159+0000: 33392.458: [GC 33392.458: [ParNew: 2699632K->44967K(2831168K), 0.1068940 secs] 5283800K->2762106K(12268352K), 0.1071820 secs] [Times: user=1.07 sys=0.01, real=0.10 secs] 
2011-02-26T15:16:00.532+0000: 33409.831: [GC 33409.831: [ParNew: 2561575K->151207K(2831168K), 0.1011160 secs] 5278714K->2886980K(12268352K), 0.1014060 secs] [Times: user=1.15 sys=0.00, real=0.10 secs] 
2011-02-26T15:16:06.063+0000: 33415.363: [GC 33415.363: [ParNew: 2667815K->93926K(2831168K), 0.1501820 secs] 5403588K->2951152K(12268352K), 0.1504890 secs] [Times: user=1.33 sys=0.01, real=0.15 secs] 
2011-02-26T15:16:11.706+0000: 33421.005: [GC 33421.005: [ParNew: 2610534K->56330K(2831168K), 0.0592690 secs] 5467760K->2935817K(12268352K), 0.0595680 secs] [Times: user=0.72 sys=0.02, real=0.06 secs] 
2011-02-26T15:16:26.954+0000: 33436.253: [GC 33436.253: [ParNew: 2572938K->79533K(2831168K), 0.0849810 secs] 5452425K->2994472K(12268352K), 0.0852750 secs] [Times: user=0.95 sys=0.00, real=0.09 secs] 
2011-02-26T15:16:36.812+0000: 33446.111: [GC 33446.111: [ParNew: 2596141K->133573K(2831168K), 0.1398500 secs] 5511080K->3113768K(12268352K), 0.1401420 secs] [Times: user=1.58 sys=0.00, real=0.14 secs] 
2011-02-26T15:16:55.576+0000: 33464.876: [GC 33464.876: [ParNew: 2650181K->101356K(2831168K), 0.1476060 secs] 5630377K->3196900K(12268352K), 0.1478970 secs] [Times: user=1.57 sys=0.01, real=0.15 secs] 
2011-02-26T15:16:55.727+0000: 33465.026: [GC 33465.026: [ParNew: 102562K->26765K(2831168K), 0.0533470 secs] 3198106K->3170738K(12268352K), 0.0535750 secs] [Times: user=0.59 sys=0.00, real=0.06 secs] 
2011-02-26T15:17:19.241+0000: 33488.540: [GC 33488.541: [ParNew: 2543373K->71349K(2831168K), 0.0440980 secs] 5687346K->3215322K(12268352K), 0.0443930 secs] [Times: user=0.52 sys=0.00, real=0.04 secs] 
2011-02-26T15:17:28.999+0000: 33498.298: [GC 33498.298: [ParNew: 2587957K->29519K(2831168K), 0.0634230 secs] 5731930K->3211999K(12268352K), 0.0637270 secs] [Times: user=0.66 sys=0.01, real=0.06 secs] 
2011-02-26T15:17:32.593+0000: 33501.892: [GC 33501.892: [ParNew: 2546127K->70062K(2831168K), 0.0713120 secs] 5728607K->3265302K(12268352K), 0.0716050 secs] [Times: user=0.77 sys=0.00, real=0.07 secs] 
2011-02-26T15:17:45.768+0000: 33515.067: [GC 33515.067: [ParNew: 2586670K->63367K(2831168K), 0.0810970 secs] 5781910K->3293704K(12268352K), 0.0814150 secs] [Times: user=0.91 sys=0.01, real=0.08 secs] 
2011-02-26T15:17:53.458+0000: 33522.757: [GC 33522.757: [ParNew: 2579975K->136177K(2831168K), 0.0889700 secs] 5810312K->3415316K(12268352K), 0.0892260 secs] [Times: user=0.99 sys=0.01, real=0.08 secs] 
2011-02-26T15:17:57.926+0000: 33527.225: [GC 33527.225: [ParNew: 2652785K->41850K(2831168K), 0.0804560 secs] 5931924K->3442059K(12268352K), 0.0807410 secs] [Times: user=0.82 sys=0.00, real=0.08 secs] 
2011-02-26T15:18:04.128+0000: 33533.427: [GC 33533.427: [ParNew: 2558458K->140891K(2831168K), 0.0647760 secs] 5958667K->3563407K(12268352K), 0.0650370 secs] [Times: user=0.67 sys=0.00, real=0.06 secs] 
2011-02-26T15:18:06.146+0000: 33535.445: [GC 33535.445: [ParNew: 2657499K->24703K(2831168K), 0.0591110 secs] 6080015K->3557292K(12268352K), 0.0593570 secs] [Times: user=0.55 sys=0.00, real=0.06 secs] 
2011-02-26T15:18:08.112+0000: 33537.411: [GC 33537.411: [ParNew: 2541311K->8293K(2831168K), 0.0222960 secs] 6073900K->3545744K(12268352K), 0.0225320 secs] [Times: user=0.26 sys=0.00, real=0.02 secs] 
2011-02-26T15:18:13.236+0000: 33542.535: [GC 33542.535: [ParNew: 2524901K->25921K(2831168K), 0.0317180 secs] 6062352K->3568219K(12268352K), 0.0358220 secs] [Times: user=0.37 sys=0.00, real=0.04 secs] 
2011-02-26T15:18:20.287+0000: 33549.586: [GC 33549.586: [ParNew: 2542529K->31045K(2831168K), 0.0525800 secs] 6084827K->3596300K(12268352K), 0.0528900 secs] [Times: user=0.51 sys=0.01, real=0.06 secs] 
2011-02-26T15:18:27.321+0000: 33556.620: [GC 33556.620: [ParNew: 2547653K->53864K(2831168K), 0.0483410 secs] 6112908K->3639450K(12268352K), 0.0486260 secs] [Times: user=0.53 sys=0.00, real=0.05 secs] 
2011-02-26T15:18:32.610+0000: 33561.909: [GC 33561.910: [ParNew: 2570472K->65953K(2831168K), 0.0664290 secs] 6156058K->3675661K(12268352K), 0.0666570 secs] [Times: user=0.76 sys=0.00, real=0.07 secs] 
2011-02-26T15:18:40.006+0000: 33569.305: [GC 33569.305: [ParNew: 2582561K->174920K(2831168K), 0.1118440 secs] 6192269K->3832957K(12268352K), 0.1120760 secs] [Times: user=1.24 sys=0.01, real=0.12 secs] 
2011-02-26T15:18:45.203+0000: 33574.502: [GC 33574.502: [ParNew: 2691528K->218259K(2831168K), 0.1242060 secs] 6349565K->4027635K(12268352K), 0.1244420 secs] [Times: user=1.28 sys=0.01, real=0.13 secs] 
2011-02-26T15:18:48.192+0000: 33577.491: [GC 33577.491: [ParNew: 2734867K->52536K(2831168K), 0.1234220 secs] 6544243K->4037559K(12268352K), 0.1236930 secs] [Times: user=1.12 sys=0.01, real=0.12 secs] 
2011-02-26T15:18:54.967+0000: 33584.266: [GC 33584.266: [ParNew: 2569144K->65975K(2831168K), 0.1141280 secs] 6554167K->4086466K(12268352K), 0.1144220 secs] [Times: user=1.06 sys=0.02, real=0.11 secs] 
2011-02-26T15:19:01.632+0000: 33590.931: [GC 33590.931: [ParNew: 2582583K->63330K(2831168K), 0.0935220 secs] 6603074K->4132789K(12268352K), 0.0938380 secs] [Times: user=0.92 sys=0.00, real=0.09 secs] 
2011-02-26T15:19:06.210+0000: 33595.509: [GC 33595.509: [ParNew: 2579938K->55541K(2831168K), 0.0812330 secs] 6649397K->4173729K(12268352K), 0.0815410 secs] [Times: user=0.72 sys=0.01, real=0.08 secs] 
2011-02-26T15:19:09.386+0000: 33598.685: [GC 33598.685: [ParNew: 2572149K->22314K(2831168K), 0.0410570 secs] 6690337K->4157308K(12268352K), 0.0413490 secs] [Times: user=0.52 sys=0.00, real=0.05 secs] 
2011-02-26T15:19:19.931+0000: 33609.230: [GC 33609.230: [ParNew: 2538922K->55278K(2831168K), 0.0606890 secs] 6673916K->4205544K(12268352K), 0.0609290 secs] [Times: user=0.66 sys=0.00, real=0.06 secs] 
2011-02-26T15:19:28.000+0000: 33617.299: [GC 33617.299: [ParNew: 2571886K->45670K(2831168K), 0.0824350 secs] 6722152K->4246239K(12268352K), 0.0827300 secs] [Times: user=0.81 sys=0.01, real=0.08 secs] 
2011-02-26T15:19:33.107+0000: 33622.406: [GC 33622.406: [ParNew: 2562278K->91618K(2831168K), 0.0944870 secs] 6762847K->4322823K(12268352K), 0.0947170 secs] [Times: user=1.12 sys=0.00, real=0.10 secs] 
2011-02-26T15:19:38.647+0000: 33627.946: [GC 33627.946: [ParNew: 2608226K->86970K(2831168K), 0.1282210 secs] 6839431K->4395167K(12268352K), 0.1284520 secs] [Times: user=1.42 sys=0.00, real=0.12 secs] 
2011-02-26T15:19:45.913+0000: 33635.212: [GC 33635.212: [ParNew: 2603578K->68982K(2831168K), 0.1041840 secs] 6911775K->4446521K(12268352K), 0.1044200 secs] [Times: user=1.09 sys=0.00, real=0.11 secs] 
2011-02-26T15:19:52.384+0000: 33641.683: [GC 33641.683: [ParNew: 2585590K->40585K(2831168K), 0.0619800 secs] 6963129K->4449987K(12268352K), 0.0622070 secs] [Times: user=0.65 sys=0.01, real=0.06 secs] 
2011-02-26T15:20:02.002+0000: 33651.301: [GC 33651.301: [ParNew: 2557193K->32607K(2831168K), 0.0452980 secs] 6966595K->4461855K(12268352K), 0.0455140 secs] [Times: user=0.52 sys=0.00, real=0.05 secs] 
2011-02-26T15:20:06.285+0000: 33655.584: [GC 33655.584: [ParNew: 2549215K->57108K(2831168K), 0.0423180 secs] 6978463K->4509545K(12268352K), 0.0425610 secs] [Times: user=0.52 sys=0.00, real=0.05 secs] 
2011-02-26T15:20:09.296+0000: 33658.595: [GC 33658.595: [ParNew: 2573716K->10728K(2831168K), 0.0255180 secs] 7026153K->4476725K(12268352K), 0.0258130 secs] [Times: user=0.30 sys=0.00, real=0.03 secs] 
2011-02-26T15:20:16.600+0000: 33665.899: [GC 33665.899: [ParNew: 2527336K->19167K(2831168K), 0.0286310 secs] 6993333K->4490313K(12268352K), 0.0289460 secs] [Times: user=0.27 sys=0.00, real=0.03 secs] 
2011-02-26T15:20:24.461+0000: 33673.760: [GC 33673.760: [ParNew: 2535775K->19592K(2831168K), 0.0373590 secs] 7006921K->4506114K(12268352K), 0.0376440 secs] [Times: user=0.39 sys=0.00, real=0.04 secs] 
2011-02-26T15:20:32.195+0000: 33681.494: [GC 33681.494: [ParNew: 2536200K->60346K(2831168K), 0.0571210 secs] 7022722K->4560424K(12268352K), 0.0574130 secs] [Times: user=0.61 sys=0.00, real=0.06 secs] 
2011-02-26T15:20:37.752+0000: 33687.051: [GC 33687.051: [ParNew: 2576954K->76595K(2831168K), 0.0785480 secs] 7077032K->4607268K(12268352K), 0.0788380 secs] [Times: user=0.92 sys=0.00, real=0.08 secs] 
2011-02-26T15:20:45.204+0000: 33694.503: [GC 33694.503: [ParNew: 2593203K->41747K(2831168K), 0.0735060 secs] 7123876K->4625366K(12268352K), 0.0737920 secs] [Times: user=0.78 sys=0.00, real=0.08 secs] 
2011-02-26T15:20:52.195+0000: 33701.494: [GC 33701.494: [ParNew: 2558355K->24271K(2831168K), 0.0438270 secs] 7141974K->4622460K(12268352K), 0.0441170 secs] [Times: user=0.53 sys=0.00, real=0.05 secs] 
2011-02-26T15:20:58.822+0000: 33708.121: [GC 33708.121: [ParNew: 2540879K->131623K(2831168K), 0.0590670 secs] 7139068K->4745647K(12268352K), 0.0593470 secs] [Times: user=0.66 sys=0.06, real=0.06 secs] 
2011-02-26T15:21:05.678+0000: 33714.977: [GC 33714.978: [ParNew: 2648231K->43534K(2831168K), 0.0603120 secs] 7262255K->4686218K(12268352K), 0.0606070 secs] [Times: user=0.63 sys=0.00, real=0.07 secs] 
2011-02-26T15:21:10.697+0000: 33719.996: [GC 33719.996: [ParNew: 2560142K->30781K(2831168K), 0.0652310 secs] 7202826K->4702499K(12268352K), 0.0655290 secs] [Times: user=0.77 sys=0.02, real=0.07 secs] 
2011-02-26T15:21:32.233+0000: 33741.532: [GC 33741.533: [ParNew: 2547389K->123164K(2831168K), 0.0826570 secs] 7219107K->4814881K(12268352K), 0.0829610 secs] [Times: user=1.01 sys=0.01, real=0.08 secs] 
2011-02-26T15:21:44.119+0000: 33753.418: [GC 33753.418: [ParNew: 2639772K->138574K(2831168K), 0.1422750 secs] 7331489K->4914854K(12268352K), 0.1425630 secs] [Times: user=1.53 sys=0.00, real=0.14 secs] 
2011-02-26T15:21:56.228+0000: 33765.527: [GC 33765.527: [ParNew: 2655182K->254553K(2831168K), 0.1657100 secs] 7431462K->5131672K(12268352K), 0.1660000 secs] [Times: user=1.72 sys=0.00, real=0.16 secs] 
2011-02-26T15:22:01.210+0000: 33770.509: [GC 33770.509: [ParNew: 2771161K->165138K(2831168K), 0.1142650 secs] 7648280K->5116556K(12268352K), 0.1145440 secs] [Times: user=1.17 sys=0.00, real=0.11 secs] 
2011-02-26T15:22:04.919+0000: 33774.218: [GC 33774.218: [ParNew: 2681746K->40305K(2831168K), 0.0828190 secs] 7633164K->5115721K(12268352K), 0.0831340 secs] [Times: user=0.83 sys=0.00, real=0.09 secs] 
2011-02-26T15:22:08.123+0000: 33777.422: [GC 33777.422: [ParNew: 2556913K->17344K(2831168K), 0.0364780 secs] 7632329K->5108089K(12268352K), 0.0367750 secs] [Times: user=0.39 sys=0.01, real=0.04 secs] 
2011-02-26T15:22:31.300+0000: 33800.599: [GC 33800.599: [ParNew: 2533952K->127584K(2831168K), 0.0898420 secs] 7624697K->5229082K(12268352K), 0.0901380 secs] [Times: user=0.98 sys=0.00, real=0.09 secs] 
2011-02-26T15:22:40.993+0000: 33810.292: [GC 33810.292: [ParNew: 2644192K->182722K(2831168K), 0.1995760 secs] 7745690K->5394579K(12268352K), 0.1998710 secs] [Times: user=1.99 sys=0.01, real=0.20 secs] 
2011-02-26T15:22:57.588+0000: 33826.887: [GC 33826.887: [ParNew: 2699330K->144132K(2831168K), 0.1971740 secs] 7911187K->5494123K(12268352K), 0.1974240 secs] [Times: user=2.00 sys=0.00, real=0.19 secs] 
2011-02-26T15:23:06.325+0000: 33835.625: [GC 33835.625: [ParNew: 2660740K->105205K(2831168K), 0.1346390 secs] 8010731K->5553580K(12268352K), 0.1348790 secs] [Times: user=1.22 sys=0.01, real=0.14 secs] 
2011-02-26T15:23:17.089+0000: 33846.388: [GC 33846.388: [ParNew: 2621813K->35749K(2831168K), 0.0487820 secs] 8070188K->5504896K(12268352K), 0.0490280 secs] [Times: user=0.55 sys=0.00, real=0.05 secs] 
2011-02-26T15:23:34.903+0000: 33864.202: [GC 33864.202: [ParNew: 2552357K->102180K(2831168K), 0.0765910 secs] 8021504K->5594486K(12268352K), 0.0768890 secs] [Times: user=0.91 sys=0.00, real=0.08 secs] 
2011-02-26T15:23:49.227+0000: 33878.526: [GC 33878.526: [ParNew: 2618788K->82501K(2831168K), 0.1190520 secs] 8111094K->5634840K(12268352K), 0.1194440 secs] [Times: user=1.32 sys=0.01, real=0.12 secs] 
2011-02-26T15:24:05.822+0000: 33895.121: [GC 33895.121: [ParNew: 2599109K->56623K(2831168K), 0.0921580 secs] 8151448K->5670654K(12268352K), 0.0924080 secs] [Times: user=1.02 sys=0.01, real=0.09 secs] 
2011-02-26T15:24:08.671+0000: 33897.970: [GC 33897.970: [ParNew: 2573231K->45379K(2831168K), 0.0559250 secs] 8187262K->5694945K(12268352K), 0.0561710 secs] [Times: user=0.52 sys=0.01, real=0.05 secs] 
2011-02-26T15:24:19.002+0000: 33908.301: [GC 33908.301: [ParNew: 2561987K->48668K(2831168K), 0.0463180 secs] 8211553K->5705956K(12268352K), 0.0466160 secs] [Times: user=0.52 sys=0.00, real=0.05 secs] 
2011-02-26T15:24:33.342+0000: 33922.641: [GC 33922.641: [ParNew: 2565298K->110968K(2831168K), 0.1321050 secs] 8222585K->5810328K(12268352K), 0.1324940 secs] [Times: user=1.25 sys=0.00, real=0.13 secs] 
2011-02-26T15:24:33.479+0000: 33922.778: [GC 33922.778: [ParNew: 121586K->80474K(2831168K), 0.1101600 secs] 5820946K->5876543K(12268352K), 0.1104290 secs] [Times: user=0.99 sys=0.01, real=0.11 secs] 
2011-02-26T15:24:50.491+0000: 33939.790: [GC 33939.790: [ParNew: 2597082K->117609K(2831168K), 0.0727310 secs] 8393151K->5913727K(12268352K), 0.0730260 secs] [Times: user=0.86 sys=0.00, real=0.07 secs] 
2011-02-26T15:25:05.239+0000: 33954.538: [GC 33954.538: [ParNew: 2634217K->88302K(2831168K), 0.1446810 secs] 8430335K->5972787K(12268352K), 0.1450010 secs] [Times: user=1.33 sys=0.00, real=0.14 secs] 
2011-02-26T15:25:07.791+0000: 33957.091: [GC 33957.091: [ParNew: 2604894K->66799K(2831168K), 0.0875220 secs] 8489379K->6017158K(12268352K), 0.0878460 secs] [Times: user=0.81 sys=0.00, real=0.09 secs] 
2011-02-26T15:25:13.489+0000: 33962.789: [GC 33962.789: [ParNew: 2583407K->211800K(2831168K), 0.0703660 secs] 8533766K->6169144K(12268352K), 0.0706850 secs] [Times: user=0.78 sys=0.00, real=0.07 secs] 
2011-02-26T15:25:18.286+0000: 33967.586: [GC 33967.586: [ParNew: 2728408K->125772K(2831168K), 0.0866800 secs] 8685752K->6138483K(12268352K), 0.0869710 secs] [Times: user=0.87 sys=0.01, real=0.09 secs] 
2011-02-26T15:25:32.641+0000: 33981.940: [GC 33981.940: [ParNew: 2642380K->118431K(2831168K), 0.0887420 secs] 8655091K->6152859K(12268352K), 0.0890360 secs] [Times: user=1.05 sys=0.00, real=0.09 secs] 
2011-02-26T15:25:41.457+0000: 33990.757: [GC 33990.757: [ParNew: 2635039K->238623K(2831168K), 0.1665670 secs] 8669467K->6369336K(12268352K), 0.1668610 secs] [Times: user=1.78 sys=0.01, real=0.16 secs] 
2011-02-26T15:25:57.671+0000: 34006.971: [GC 34006.971: [ParNew: 2755231K->151602K(2831168K), 0.1765270 secs] 8885944K->6384416K(12268352K), 0.1768220 secs] [Times: user=1.81 sys=0.01, real=0.18 secs] 
2011-02-26T15:26:06.086+0000: 34015.385: [GC 34015.385: [ParNew: 2668210K->106491K(2831168K), 0.1474900 secs] 8901024K->6448426K(12268352K), 0.1477940 secs] [Times: user=1.47 sys=0.02, real=0.15 secs] 
2011-02-26T15:26:17.321+0000: 34026.620: [GC 34026.621: [ParNew: 2623099K->49319K(2831168K), 0.0829950 secs] 8965034K->6433567K(12268352K), 0.0833180 secs] [Times: user=0.90 sys=0.00, real=0.08 secs] 
2011-02-26T15:26:33.477+0000: 34042.776: [GC 34042.776: [ParNew: 2565927K->90715K(2831168K), 0.1080700 secs] 8950175K->6509258K(12268352K), 0.1083550 secs] [Times: user=1.07 sys=0.00, real=0.11 secs] 
2011-02-26T15:26:48.421+0000: 34057.720: [GC 34057.720: [ParNew: 2607323K->75196K(2831168K), 0.1077670 secs] 9025866K->6560048K(12268352K), 0.1080020 secs] [Times: user=1.17 sys=0.00, real=0.11 secs] 
2011-02-26T15:27:05.074+0000: 34074.373: [GC 34074.373: [ParNew: 2591804K->70389K(2831168K), 0.0866010 secs] 9076656K->6605209K(12268352K), 0.0869050 secs] [Times: user=0.94 sys=0.00, real=0.09 secs] 
2011-02-26T15:27:07.730+0000: 34077.029: [GC 34077.029: [ParNew: 2586997K->46601K(2831168K), 0.0576780 secs] 9121817K->6624147K(12268352K), 0.0579390 secs] [Times: user=0.54 sys=0.00, real=0.06 secs] 
2011-02-26T15:27:29.241+0000: 34098.540: [GC 34098.540: [ParNew: 2563209K->72437K(2831168K), 0.0443090 secs] 9140755K->6653178K(12268352K), 0.0487170 secs] [Times: user=0.54 sys=0.01, real=0.05 secs] 
2011-02-26T15:27:33.395+0000: 34102.694: [GC 34102.694: [ParNew: 2589069K->165058K(2831168K), 0.1222450 secs] 9169809K->6787758K(12268352K), 0.1224760 secs] [Times: user=1.19 sys=0.00, real=0.13 secs] 
2011-02-26T15:27:48.151+0000: 34117.450: [GC 34117.450: [ParNew: 2681666K->118695K(2831168K), 0.1524380 secs] 9304366K->6811195K(12268352K), 0.1527410 secs] [Times: user=1.38 sys=0.03, real=0.15 secs] 
2011-02-26T15:28:04.688+0000: 34133.987: [GC 34133.987: [ParNew: 2635303K->105873K(2831168K), 0.1311680 secs] 9327803K->6879471K(12268352K), 0.1314880 secs] [Times: user=1.35 sys=0.00, real=0.14 secs] 
2011-02-26T15:28:08.405+0000: 34137.704: [GC 34137.704: [ParNew: 2622481K->78504K(2831168K), 0.0912510 secs] 9396079K->6928686K(12268352K), 0.0914960 secs] [Times: user=0.89 sys=0.02, real=0.09 secs] 
2011-02-26T15:28:26.037+0000: 34155.336: [GC 34155.336: [ParNew: 2595112K->80634K(2831168K), 0.0653660 secs] 9445294K->6940675K(12268352K), 0.0656020 secs] [Times: user=0.76 sys=0.00, real=0.07 secs] 
2011-02-26T15:28:31.704+0000: 34161.003: [GC 34161.003: [ParNew: 2597242K->80696K(2831168K), 0.1176780 secs] 9457283K->7000739K(12268352K), 0.1179220 secs] [Times: user=1.15 sys=0.00, real=0.12 secs] 
2011-02-26T15:28:41.238+0000: 34170.537: [GC 34170.537: [ParNew: 2597304K->160597K(2831168K), 0.1443530 secs] 9517347K->7139395K(12268352K), 0.1446000 secs] [Times: user=1.57 sys=0.00, real=0.14 secs] 
2011-02-26T15:28:58.137+0000: 34187.436: [GC 34187.436: [ParNew: 2677205K->176444K(2831168K), 0.1948300 secs] 9656003K->7281642K(12268352K), 0.1951020 secs] [Times: user=1.92 sys=0.02, real=0.19 secs] 
2011-02-26T15:28:58.334+0000: 34187.633: [GC [1 CMS-initial-mark: 7105197K(9437184K)] 7282005K(12268352K), 0.1460080 secs] [Times: user=0.15 sys=0.00, real=0.15 secs] 
2011-02-26T15:28:58.480+0000: 34187.779: [CMS-concurrent-mark-start]
2011-02-26T15:28:58.965+0000: 34188.264: [CMS-concurrent-mark: 0.481/0.485 secs] [Times: user=2.25 sys=0.19, real=0.48 secs] 
2011-02-26T15:28:58.965+0000: 34188.264: [CMS-concurrent-preclean-start]
2011-02-26T15:28:59.009+0000: 34188.308: [CMS-concurrent-preclean: 0.042/0.044 secs] [Times: user=0.14 sys=0.02, real=0.05 secs] 
2011-02-26T15:28:59.009+0000: 34188.308: [CMS-concurrent-abortable-preclean-start]
 CMS: abort preclean due to time 2011-02-26T15:29:04.050+0000: 34193.349: [CMS-concurrent-abortable-preclean: 5.016/5.040 secs] [Times: user=8.29 sys=1.77, real=5.04 secs] 
2011-02-26T15:29:04.051+0000: 34193.350: [GC[YG occupancy: 922053 K (2831168 K)]34193.351: [Rescan (parallel) , 0.1766460 secs]34193.527: [weak refs processing, 0.0345260 secs] [1 CMS-remark: 7105197K(9437184K)] 8027251K(12268352K), 0.2114400 secs] [Times: user=2.28 sys=0.00, real=0.21 secs] 
2011-02-26T15:29:04.263+0000: 34193.562: [CMS-concurrent-sweep-start]
2011-02-26T15:29:06.021+0000: 34195.320: [GC 34195.320: [ParNew: 2693006K->116253K(2831168K), 0.1523880 secs] 9365737K->6907558K(12268352K), 0.1526940 secs] [Times: user=1.37 sys=0.00, real=0.15 secs] 
2011-02-26T15:29:16.504+0000: 34205.804: [GC 34205.804: [ParNew: 2632861K->77590K(2831168K), 0.0859490 secs] 8414181K->5901322K(12268352K), 0.0862530 secs] [Times: user=0.97 sys=0.00, real=0.09 secs] 
2011-02-26T15:29:33.228+0000: 34222.527: [GC 34222.527: [ParNew: 2594198K->107283K(2831168K), 0.1381020 secs] 6788252K->4351225K(12268352K), 0.1384690 secs] [Times: user=1.37 sys=0.00, real=0.13 secs] 
2011-02-26T15:29:48.256+0000: 34237.555: [GC 34237.555: [ParNew: 2623891K->86878K(2831168K), 0.1482370 secs] 5469508K->3023036K(12268352K), 0.1485260 secs] [Times: user=1.39 sys=0.01, real=0.15 secs] 
2011-02-26T15:30:04.700+0000: 34253.999: [GC 34254.000: [ParNew: 2603486K->62255K(2831168K), 0.0913950 secs] 4221012K->1734255K(12268352K), 0.0916450 secs] [Times: user=0.95 sys=0.01, real=0.09 secs] 
2011-02-26T15:30:07.625+0000: 34256.924: [GC 34256.924: [ParNew: 2578863K->46713K(2831168K), 0.0572200 secs] 3659396K->1167188K(12268352K), 0.0574610 secs] [Times: user=0.65 sys=0.00, real=0.06 secs] 
2011-02-26T15:30:07.782+0000: 34257.081: [CMS-concurrent-sweep: 62.671/63.518 secs] [Times: user=124.48 sys=22.59, real=63.52 secs] 
2011-02-26T15:30:07.782+0000: 34257.081: [CMS-concurrent-reset-start]
2011-02-26T15:30:07.809+0000: 34257.108: [CMS-concurrent-reset: 0.027/0.027 secs] [Times: user=0.08 sys=0.02, real=0.03 secs] 
2011-02-26T15:30:27.342+0000: 34276.641: [GC 34276.641: [ParNew: 2563321K->71793K(2831168K), 0.0451440 secs] 3678545K->1190269K(12268352K), 0.0507670 secs] [Times: user=0.59 sys=0.01, real=0.05 secs] 
2011-02-26T15:30:34.460+0000: 34283.759: [GC 34283.759: [ParNew: 2588401K->173028K(2831168K), 0.0911740 secs] 3706877K->1332378K(12268352K), 0.0914020 secs] [Times: user=0.98 sys=0.00, real=0.09 secs] 
2011-02-26T15:30:40.365+0000: 34289.664: [GC 34289.664: [ParNew: 2689636K->141881K(2831168K), 0.1076850 secs] 3848986K->1376460K(12268352K), 0.1079150 secs] [Times: user=1.09 sys=0.00, real=0.11 secs] 
2011-02-26T15:30:45.150+0000: 34294.449: [GC 34294.449: [ParNew: 2658489K->28976K(2831168K), 0.0827930 secs] 3893068K->1373440K(12268352K), 0.0830320 secs] [Times: user=0.93 sys=0.00, real=0.08 secs] 
2011-02-26T15:30:57.650+0000: 34306.949: [GC 34306.949: [ParNew: 2545584K->96903K(2831168K), 0.0666890 secs] 3890048K->1458506K(12268352K), 0.0669840 secs] [Times: user=0.78 sys=0.00, real=0.06 secs] 
2011-02-26T15:31:06.189+0000: 34315.488: [GC 34315.488: [ParNew: 2613511K->58437K(2831168K), 0.1071590 secs] 3975114K->1484257K(12268352K), 0.1127390 secs] [Times: user=0.94 sys=0.00, real=0.11 secs] 
2011-02-26T15:31:17.158+0000: 34326.457: [GC 34326.457: [ParNew: 2575048K->55699K(2831168K), 0.0730710 secs] 4000868K->1515436K(12268352K), 0.0733840 secs] [Times: user=0.73 sys=0.00, real=0.07 secs] 
2011-02-26T15:31:32.824+0000: 34342.124: [GC 34342.124: [ParNew: 2566421K->190427K(2831168K), 0.1214940 secs] 4026158K->1690082K(12268352K), 0.1217830 secs] [Times: user=1.20 sys=0.00, real=0.12 secs] 
2011-02-26T15:31:35.737+0000: 34345.036: [GC 34345.036: [ParNew: 2707035K->189053K(2831168K), 0.2068250 secs] 4206690K->1854386K(12268352K), 0.2071180 secs] [Times: user=1.96 sys=0.03, real=0.21 secs] 
2011-02-26T15:31:41.185+0000: 34350.484: [GC 34350.484: [ParNew: 2705661K->151979K(2831168K), 0.1300210 secs] 4370994K->1954914K(12268352K), 0.1303140 secs] [Times: user=1.37 sys=0.01, real=0.13 secs] 
2011-02-26T15:31:53.851+0000: 34363.150: [GC 34363.150: [ParNew: 2668587K->110632K(2831168K), 0.0908960 secs] 4471522K->1949873K(12268352K), 0.0911860 secs] [Times: user=1.05 sys=0.00, real=0.09 secs] 
2011-02-26T15:32:06.376+0000: 34375.675: [GC 34375.675: [ParNew: 2627257K->88698K(2831168K), 0.1336820 secs] 4466498K->2011805K(12268352K), 0.1340100 secs] [Times: user=1.43 sys=0.00, real=0.14 secs] 
2011-02-26T15:32:06.512+0000: 34375.811: [GC 34375.811: [ParNew: 90435K->75137K(2831168K), 0.0831490 secs] 2013541K->2074941K(12268352K), 0.0833780 secs] [Times: user=0.78 sys=0.02, real=0.08 secs] 
2011-02-26T15:32:12.476+0000: 34381.775: [GC 34381.775: [ParNew: 2591745K->41931K(2831168K), 0.0352290 secs] 4591549K->2041744K(12268352K), 0.0354680 secs] [Times: user=0.52 sys=0.00, real=0.04 secs] 
2011-02-26T15:32:34.021+0000: 34403.320: [GC 34403.320: [ParNew: 2558539K->126586K(2831168K), 0.1169400 secs] 4558352K->2162254K(12268352K), 0.1172760 secs] [Times: user=1.28 sys=0.00, real=0.12 secs] 
2011-02-26T15:32:45.609+0000: 34414.908: [GC 34414.908: [ParNew: 2643194K->108182K(2831168K), 0.1557810 secs] 4678862K->2249541K(12268352K), 0.1560100 secs] [Times: user=1.60 sys=0.00, real=0.15 secs] 
2011-02-26T15:33:02.928+0000: 34432.227: [GC 34432.227: [ParNew: 2624790K->78085K(2831168K), 0.1150460 secs] 4766149K->2293104K(12268352K), 0.1153390 secs] [Times: user=1.23 sys=0.00, real=0.11 secs] 
2011-02-26T15:33:06.851+0000: 34436.150: [GC 34436.150: [ParNew: 2594693K->39358K(2831168K), 0.0647850 secs] 4809712K->2299218K(12268352K), 0.0651100 secs] [Times: user=0.66 sys=0.00, real=0.06 secs] 
2011-02-26T15:33:26.001+0000: 34455.300: [GC 34455.300: [ParNew: 2555966K->38889K(2831168K), 0.0448500 secs] 4815826K->2308524K(12268352K), 0.0451480 secs] [Times: user=0.52 sys=0.00, real=0.04 secs] 
2011-02-26T15:33:35.431+0000: 34464.730: [GC 34464.730: [ParNew: 2555497K->91551K(2831168K), 0.0973060 secs] 4825132K->2393630K(12268352K), 0.0976440 secs] [Times: user=1.08 sys=0.00, real=0.10 secs] 
2011-02-26T15:33:45.632+0000: 34474.931: [GC 34474.931: [ParNew: 2608159K->67475K(2831168K), 0.1155300 secs] 4910238K->2439418K(12268352K), 0.1158190 secs] [Times: user=1.19 sys=0.00, real=0.12 secs] 
2011-02-26T15:34:04.303+0000: 34493.602: [GC 34493.602: [ParNew: 2584083K->114368K(2831168K), 0.1065400 secs] 4956026K->2532911K(12268352K), 0.1068610 secs] [Times: user=1.14 sys=0.01, real=0.11 secs] 
2011-02-26T15:34:07.173+0000: 34496.472: [GC 34496.472: [ParNew: 2630976K->77145K(2831168K), 0.0934590 secs] 5049519K->2580626K(12268352K), 0.0937620 secs] [Times: user=0.92 sys=0.01, real=0.09 secs] 
2011-02-26T15:34:24.257+0000: 34513.556: [GC 34513.556: [ParNew: 2593753K->96041K(2831168K), 0.0558160 secs] 5097234K->2606988K(12268352K), 0.0561140 secs] [Times: user=0.72 sys=0.00, real=0.06 secs] 
2011-02-26T15:34:32.966+0000: 34522.265: [GC 34522.265: [ParNew: 2612649K->101926K(2831168K), 0.1135960 secs] 5123596K->2672915K(12268352K), 0.1138700 secs] [Times: user=1.19 sys=0.01, real=0.12 secs] 
2011-02-26T15:34:39.419+0000: 34528.718: [GC 34528.718: [ParNew: 2618534K->257323K(2831168K), 0.1375430 secs] 5189523K->2893675K(12268352K), 0.1377700 secs] [Times: user=1.51 sys=0.00, real=0.13 secs] 
2011-02-26T15:34:44.216+0000: 34533.515: [GC 34533.515: [ParNew: 2773931K->146699K(2831168K), 0.1087850 secs] 5410283K->2854833K(12268352K), 0.1090180 secs] [Times: user=1.16 sys=0.01, real=0.11 secs] 
2011-02-26T15:34:53.132+0000: 34542.431: [GC 34542.431: [ParNew: 2663307K->80404K(2831168K), 0.0830240 secs] 5371441K->2823113K(12268352K), 0.0833140 secs] [Times: user=0.92 sys=0.00, real=0.08 secs] 
2011-02-26T15:35:05.713+0000: 34555.012: [GC 34555.012: [ParNew: 2596993K->119247K(2831168K), 0.1089080 secs] 5339702K->2927260K(12268352K), 0.1091520 secs] [Times: user=1.18 sys=0.00, real=0.11 secs] 
2011-02-26T15:35:12.357+0000: 34561.656: [GC 34561.656: [ParNew: 2635855K->71348K(2831168K), 0.1281650 secs] 5443868K->2951315K(12268352K), 0.1284020 secs] [Times: user=1.02 sys=0.00, real=0.13 secs] 
2011-02-26T15:35:32.553+0000: 34581.852: [GC 34581.852: [ParNew: 2587956K->144555K(2831168K), 0.1302430 secs] 5467923K->3061500K(12268352K), 0.1304720 secs] [Times: user=1.35 sys=0.00, real=0.13 secs] 
2011-02-26T15:35:46.354+0000: 34595.653: [GC 34595.653: [ParNew: 2661163K->139067K(2831168K), 0.1871920 secs] 5578108K->3178549K(12268352K), 0.1874830 secs] [Times: user=1.93 sys=0.00, real=0.19 secs] 
2011-02-26T15:36:03.598+0000: 34612.897: [GC 34612.898: [ParNew: 2655675K->101183K(2831168K), 0.1361240 secs] 5695157K->3241101K(12268352K), 0.1364170 secs] [Times: user=1.40 sys=0.00, real=0.13 secs] 
2011-02-26T15:36:07.183+0000: 34616.482: [GC 34616.483: [ParNew: 2617754K->42546K(2831168K), 0.0588220 secs] 5757672K->3227972K(12268352K), 0.0591220 secs] [Times: user=0.66 sys=0.00, real=0.06 secs] 
2011-02-26T15:36:26.824+0000: 34636.123: [GC 34636.123: [ParNew: 2559154K->66696K(2831168K), 0.0514830 secs] 5744580K->3256480K(12268352K), 0.0517930 secs] [Times: user=0.58 sys=0.00, real=0.05 secs] 
2011-02-26T15:36:36.333+0000: 34645.632: [GC 34645.632: [ParNew: 2583304K->88760K(2831168K), 0.1119610 secs] 5773088K->3317043K(12268352K), 0.1121930 secs] [Times: user=1.16 sys=0.00, real=0.11 secs] 
2011-02-26T15:36:52.193+0000: 34661.492: [GC 34661.492: [ParNew: 2605368K->149098K(2831168K), 0.1191660 secs] 5833651K->3449855K(12268352K), 0.1193990 secs] [Times: user=1.19 sys=0.00, real=0.12 secs] 
2011-02-26T15:37:04.259+0000: 34673.558: [GC 34673.558: [ParNew: 2665706K->73732K(2831168K), 0.0950890 secs] 5966463K->3420171K(12268352K), 0.0953340 secs] [Times: user=0.83 sys=0.00, real=0.09 secs] 
2011-02-26T15:37:06.774+0000: 34676.073: [GC 34676.073: [ParNew: 2590340K->55428K(2831168K), 0.0879130 secs] 5936779K->3458368K(12268352K), 0.0881550 secs] [Times: user=0.80 sys=0.02, real=0.09 secs] 
2011-02-26T15:37:24.220+0000: 34693.519: [GC 34693.519: [ParNew: 2572036K->60981K(2831168K), 0.0547200 secs] 5974976K->3475037K(12268352K), 0.0549610 secs] [Times: user=0.65 sys=0.00, real=0.05 secs] 
2011-02-26T15:37:33.936+0000: 34703.235: [GC 34703.236: [ParNew: 2577589K->115085K(2831168K), 0.1210030 secs] 5991645K->3582729K(12268352K), 0.1213070 secs] [Times: user=1.43 sys=0.00, real=0.13 secs] 
2011-02-26T15:37:50.292+0000: 34719.591: [GC 34719.591: [ParNew: 2631693K->256653K(2831168K), 0.1556480 secs] 6099337K->3822062K(12268352K), 0.1559630 secs] [Times: user=1.55 sys=0.01, real=0.16 secs] 
2011-02-26T15:37:58.082+0000: 34727.381: [GC 34727.381: [ParNew: 2773261K->104606K(2831168K), 0.1452630 secs] 6338670K->3754926K(12268352K), 0.1454880 secs] [Times: user=1.35 sys=0.00, real=0.15 secs] 
2011-02-26T15:38:06.221+0000: 34735.520: [GC 34735.520: [ParNew: 2621214K->76988K(2831168K), 0.1137850 secs] 6271534K->3793849K(12268352K), 0.1140250 secs] [Times: user=1.16 sys=0.00, real=0.11 secs] 
2011-02-26T15:38:15.054+0000: 34744.353: [GC 34744.353: [ParNew: 2593596K->70394K(2831168K), 0.0796040 secs] 6310457K->3831467K(12268352K), 0.0798430 secs] [Times: user=0.92 sys=0.00, real=0.08 secs] 
2011-02-26T15:38:33.264+0000: 34762.563: [GC 34762.563: [ParNew: 2587002K->144754K(2831168K), 0.1685320 secs] 6348075K->3954546K(12268352K), 0.1687640 secs] [Times: user=1.45 sys=0.00, real=0.17 secs] 
2011-02-26T15:38:48.884+0000: 34778.183: [GC 34778.183: [ParNew: 2661362K->194055K(2831168K), 0.2505070 secs] 6471154K->4128038K(12268352K), 0.2507450 secs] [Times: user=2.04 sys=0.01, real=0.25 secs] 
2011-02-26T15:39:04.707+0000: 34794.006: [GC 34794.006: [ParNew: 2710663K->121533K(2831168K), 0.1681840 secs] 6644646K->4182016K(12268352K), 0.1684900 secs] [Times: user=1.64 sys=0.04, real=0.17 secs] 
2011-02-26T15:39:07.160+0000: 34796.459: [GC 34796.459: [ParNew: 2638141K->41957K(2831168K), 0.0553400 secs] 6698624K->4145893K(12268352K), 0.0556360 secs] [Times: user=0.53 sys=0.00, real=0.05 secs] 
2011-02-26T15:39:26.520+0000: 34815.819: [GC 34815.819: [ParNew: 2558565K->73738K(2831168K), 0.0489620 secs] 6662501K->4181003K(12268352K), 0.0492610 secs] [Times: user=0.49 sys=0.00, real=0.05 secs] 
2011-02-26T15:39:36.293+0000: 34825.593: [GC 34825.593: [ParNew: 2590346K->92808K(2831168K), 0.1000510 secs] 6697611K->4240487K(12268352K), 0.1003370 secs] [Times: user=1.18 sys=0.00, real=0.10 secs] 
2011-02-26T15:39:55.148+0000: 34844.447: [GC 34844.447: [ParNew: 2609416K->74120K(2831168K), 0.1146640 secs] 6757095K->4293193K(12268352K), 0.1149620 secs] [Times: user=1.25 sys=0.01, real=0.11 secs] 
2011-02-26T15:40:04.803+0000: 34854.102: [GC 34854.102: [ParNew: 2590728K->139336K(2831168K), 0.0884260 secs] 6809801K->4403710K(12268352K), 0.0886980 secs] [Times: user=0.93 sys=0.00, real=0.09 secs] 
2011-02-26T15:40:08.380+0000: 34857.679: [GC 34857.679: [ParNew: 2655944K->31791K(2831168K), 0.0606110 secs] 6920318K->4333218K(12268352K), 0.0608580 secs] [Times: user=0.55 sys=0.00, real=0.06 secs] 
2011-02-26T15:40:24.560+0000: 34873.859: [GC 34873.860: [ParNew: 2548399K->72785K(2831168K), 0.0710590 secs] 6849826K->4385610K(12268352K), 0.0713570 secs] [Times: user=0.73 sys=0.02, real=0.07 secs] 
2011-02-26T15:40:33.973+0000: 34883.272: [GC 34883.272: [ParNew: 2589420K->111198K(2831168K), 0.1202480 secs] 6902245K->4479219K(12268352K), 0.1205910 secs] [Times: user=1.24 sys=0.00, real=0.12 secs] 
2011-02-26T15:40:34.096+0000: 34883.395: [GC 34883.395: [ParNew: 119134K->80973K(2831168K), 0.1052030 secs] 4487155K->4543776K(12268352K), 0.1054640 secs] [Times: user=0.97 sys=0.00, real=0.11 secs] 
2011-02-26T15:40:51.759+0000: 34901.059: [GC 34901.059: [ParNew: 2597581K->116088K(2831168K), 0.0579000 secs] 7060384K->4578957K(12268352K), 0.0581340 secs] [Times: user=0.66 sys=0.00, real=0.06 secs] 
2011-02-26T15:41:02.030+0000: 34911.329: [GC 34911.330: [ParNew: 2632696K->224375K(2831168K), 0.1409490 secs] 7095565K->4774545K(12268352K), 0.1411900 secs] [Times: user=1.45 sys=0.00, real=0.14 secs] 
2011-02-26T15:41:05.676+0000: 34914.975: [GC 34914.975: [ParNew: 2740983K->149658K(2831168K), 0.0911130 secs] 7291153K->4764035K(12268352K), 0.0913580 secs] [Times: user=0.96 sys=0.01, real=0.10 secs] 
2011-02-26T15:41:07.356+0000: 34916.655: [GC 34916.655: [ParNew: 2666266K->32976K(2831168K), 0.0543370 secs] 7280643K->4747675K(12268352K), 0.0545790 secs] [Times: user=0.64 sys=0.00, real=0.06 secs] 
2011-02-26T15:41:13.124+0000: 34922.423: [GC 34922.423: [ParNew: 2549584K->45706K(2831168K), 0.0394180 secs] 7264283K->4766843K(12268352K), 0.0396550 secs] [Times: user=0.51 sys=0.01, real=0.04 secs] 
2011-02-26T15:41:32.583+0000: 34941.882: [GC 34941.882: [ParNew: 2562314K->136799K(2831168K), 0.1316910 secs] 7283451K->4897323K(12268352K), 0.1320270 secs] [Times: user=1.26 sys=0.01, real=0.13 secs] 
2011-02-26T15:41:46.239+0000: 34955.538: [GC 34955.538: [ParNew: 2653407K->194339K(2831168K), 0.2204160 secs] 7413931K->5073325K(12268352K), 0.2207210 secs] [Times: user=1.97 sys=0.01, real=0.22 secs] 
2011-02-26T15:42:03.970+0000: 34973.269: [GC 34973.269: [ParNew: 2710947K->137934K(2831168K), 0.1933840 secs] 7589933K->5143386K(12268352K), 0.1936440 secs] [Times: user=1.97 sys=0.00, real=0.21 secs] 
2011-02-26T15:42:06.676+0000: 34975.976: [GC 34975.976: [ParNew: 2654542K->110109K(2831168K), 0.1599580 secs] 7659994K->5222873K(12268352K), 0.1603650 secs] [Times: user=1.21 sys=0.02, real=0.16 secs] 
2011-02-26T15:42:23.173+0000: 34992.472: [GC 34992.473: [ParNew: 2626717K->38884K(2831168K), 0.0407970 secs] 7739481K->5159198K(12268352K), 0.0410310 secs] [Times: user=0.52 sys=0.00, real=0.04 secs] 
2011-02-26T15:42:36.210+0000: 35005.509: [GC 35005.509: [ParNew: 2555492K->86196K(2831168K), 0.1184140 secs] 7675806K->5234848K(12268352K), 0.1187220 secs] [Times: user=1.11 sys=0.01, real=0.12 secs] 
2011-02-26T15:42:52.752+0000: 35022.051: [GC 35022.052: [ParNew: 2602804K->73146K(2831168K), 0.1222860 secs] 7751456K->5291956K(12268352K), 0.1225880 secs] [Times: user=1.24 sys=0.01, real=0.12 secs] 
2011-02-26T15:42:52.881+0000: 35022.180: [GC 35022.180: [ParNew: 82576K->49847K(2831168K), 0.0644160 secs] 5301386K->5315319K(12268352K), 0.0647000 secs] [Times: user=0.63 sys=0.01, real=0.06 secs] 
2011-02-26T15:43:05.677+0000: 35034.976: [GC 35034.976: [ParNew: 2566419K->59626K(2831168K), 0.0334990 secs] 7831890K->5325108K(12268352K), 0.0338030 secs] [Times: user=0.45 sys=0.01, real=0.03 secs] 
2011-02-26T15:43:09.391+0000: 35038.690: [GC 35038.690: [ParNew: 2576234K->24119K(2831168K), 0.0484730 secs] 7841716K->5319142K(12268352K), 0.0487680 secs] [Times: user=0.51 sys=0.00, real=0.05 secs] 
2011-02-26T15:43:22.006+0000: 35051.305: [GC 35051.305: [ParNew: 2540727K->136698K(2831168K), 0.0565850 secs] 7835750K->5437668K(12268352K), 0.0568750 secs] [Times: user=0.74 sys=0.01, real=0.06 secs] 
2011-02-26T15:43:25.679+0000: 35054.978: [GC 35054.978: [ParNew: 2653306K->182811K(2831168K), 0.0755350 secs] 7954276K->5523836K(12268352K), 0.0758290 secs] [Times: user=0.78 sys=0.00, real=0.07 secs] 
2011-02-26T15:43:30.127+0000: 35059.426: [GC 35059.426: [ParNew: 2699419K->21152K(2831168K), 0.0488130 secs] 8040444K->5453835K(12268352K), 0.0490980 secs] [Times: user=0.60 sys=0.00, real=0.05 secs] 
2011-02-26T15:43:37.494+0000: 35066.793: [GC 35066.793: [ParNew: 2537760K->126905K(2831168K), 0.0847740 secs] 7970443K->5574626K(12268352K), 0.0850590 secs] [Times: user=1.03 sys=0.01, real=0.09 secs] 
2011-02-26T15:43:55.951+0000: 35085.250: [GC 35085.250: [ParNew: 2643513K->122102K(2831168K), 0.1480190 secs] 8091234K->5669011K(12268352K), 0.1483110 secs] [Times: user=1.57 sys=0.00, real=0.15 secs] 
2011-02-26T15:44:06.072+0000: 35095.371: [GC 35095.371: [ParNew: 2638710K->83121K(2831168K), 0.1287830 secs] 8185619K->5715042K(12268352K), 0.1291210 secs] [Times: user=1.12 sys=0.00, real=0.13 secs] 
2011-02-26T15:44:14.197+0000: 35103.496: [GC 35103.496: [ParNew: 2599729K->46201K(2831168K), 0.0719590 secs] 8231650K->5720819K(12268352K), 0.0722550 secs] [Times: user=0.75 sys=0.01, real=0.08 secs] 
2011-02-26T15:44:20.176+0000: 35109.475: [GC 35109.475: [ParNew: 2562809K->138394K(2831168K), 0.0862050 secs] 8237427K->5845179K(12268352K), 0.0864840 secs] [Times: user=1.03 sys=0.00, real=0.09 secs] 
2011-02-26T15:44:24.869+0000: 35114.168: [GC 35114.168: [ParNew: 2655002K->39767K(2831168K), 0.0839720 secs] 8361787K->5867705K(12268352K), 0.0842650 secs] [Times: user=0.82 sys=0.01, real=0.08 secs] 
2011-02-26T15:44:34.469+0000: 35123.768: [GC 35123.769: [ParNew: 2556375K->152144K(2831168K), 0.1036980 secs] 8384313K->5999452K(12268352K), 0.1039310 secs] [Times: user=1.17 sys=0.00, real=0.10 secs] 
2011-02-26T15:44:53.061+0000: 35142.360: [GC 35142.360: [ParNew: 2668752K->200497K(2831168K), 0.1948450 secs] 8516060K->6177718K(12268352K), 0.1951020 secs] [Times: user=2.05 sys=0.03, real=0.19 secs] 
2011-02-26T15:45:05.547+0000: 35154.846: [GC 35154.847: [ParNew: 2717105K->118269K(2831168K), 0.1670100 secs] 8694326K->6219245K(12268352K), 0.1737230 secs] [Times: user=1.81 sys=0.00, real=0.18 secs] 
2011-02-26T15:45:09.731+0000: 35159.030: [GC 35159.030: [ParNew: 2634877K->83906K(2831168K), 0.0971590 secs] 8735853K->6256514K(12268352K), 0.0974530 secs] [Times: user=1.01 sys=0.00, real=0.10 secs] 
2011-02-26T15:45:31.799+0000: 35181.098: [GC 35181.098: [ParNew: 2600514K->90718K(2831168K), 0.0843290 secs] 8773122K->6283282K(12268352K), 0.0845620 secs] [Times: user=0.84 sys=0.00, real=0.08 secs] 
2011-02-26T15:45:43.743+0000: 35193.042: [GC 35193.042: [ParNew: 2607326K->87491K(2831168K), 0.1188870 secs] 8799890K->6350151K(12268352K), 0.1191200 secs] [Times: user=1.30 sys=0.02, real=0.12 secs] 
2011-02-26T15:46:00.551+0000: 35209.850: [GC 35209.850: [ParNew: 2604099K->78270K(2831168K), 0.1114990 secs] 8866759K->6405535K(12268352K), 0.1117720 secs] [Times: user=1.14 sys=0.00, real=0.11 secs] 
2011-02-26T15:46:06.618+0000: 35215.917: [GC 35215.917: [ParNew: 2594878K->33303K(2831168K), 0.0722340 secs] 8922143K->6406370K(12268352K), 0.0724800 secs] [Times: user=0.76 sys=0.02, real=0.08 secs] 
2011-02-26T15:46:18.893+0000: 35228.192: [GC 35228.192: [ParNew: 2549911K->55956K(2831168K), 0.0462570 secs] 8922978K->6438005K(12268352K), 0.0464950 secs] [Times: user=0.53 sys=0.00, real=0.05 secs] 
2011-02-26T15:46:32.998+0000: 35242.297: [GC 35242.298: [ParNew: 2572564K->166085K(2831168K), 0.0804790 secs] 8954613K->6575260K(12268352K), 0.0807720 secs] [Times: user=0.90 sys=0.01, real=0.08 secs] 
2011-02-26T15:46:42.319+0000: 35251.618: [GC 35251.618: [ParNew: 2682693K->102808K(2831168K), 0.1275700 secs] 9091868K->6576395K(12268352K), 0.1278610 secs] [Times: user=1.25 sys=0.00, real=0.13 secs] 
2011-02-26T15:46:59.403+0000: 35268.702: [GC 35268.702: [ParNew: 2619416K->127339K(2831168K), 0.1325390 secs] 9093003K->6675510K(12268352K), 0.1328370 secs] [Times: user=1.45 sys=0.00, real=0.13 secs] 
2011-02-26T15:47:06.231+0000: 35275.530: [GC 35275.530: [ParNew: 2643947K->82749K(2831168K), 0.1047080 secs] 9192118K->6718056K(12268352K), 0.1049530 secs] [Times: user=1.05 sys=0.01, real=0.10 secs] 
2011-02-26T15:47:17.150+0000: 35286.449: [GC 35286.449: [ParNew: 2599357K->63150K(2831168K), 0.0651420 secs] 9234664K->6721125K(12268352K), 0.0653990 secs] [Times: user=0.65 sys=0.00, real=0.06 secs] 
2011-02-26T15:47:32.275+0000: 35301.574: [GC 35301.574: [ParNew: 2579758K->249236K(2831168K), 0.1205180 secs] 9237733K->6950280K(12268352K), 0.1207330 secs] [Times: user=1.31 sys=0.00, real=0.12 secs] 
2011-02-26T15:47:35.213+0000: 35304.512: [GC 35304.512: [ParNew: 2765844K->123021K(2831168K), 0.1584630 secs] 9466888K->7054769K(12268352K), 0.1586930 secs] [Times: user=1.71 sys=0.01, real=0.16 secs] 
2011-02-26T15:47:53.912+0000: 35323.211: [GC 35323.211: [ParNew: 2639629K->159118K(2831168K), 0.1644100 secs] 9571377K->7169427K(12268352K), 0.1646440 secs] [Times: user=1.82 sys=0.00, real=0.16 secs] 
2011-02-26T15:48:05.548+0000: 35334.847: [GC 35334.847: [ParNew: 2675666K->116561K(2831168K), 0.1572740 secs] 9685975K->7245172K(12268352K), 0.1575740 secs] [Times: user=1.65 sys=0.00, real=0.16 secs] 
2011-02-26T15:48:05.707+0000: 35335.006: [GC [1 CMS-initial-mark: 7128610K(9437184K)] 7246508K(12268352K), 0.0934980 secs] [Times: user=0.10 sys=0.00, real=0.10 secs] 
2011-02-26T15:48:05.801+0000: 35335.100: [CMS-concurrent-mark-start]
2011-02-26T15:48:06.356+0000: 35335.655: [CMS-concurrent-mark: 0.555/0.555 secs] [Times: user=2.47 sys=0.16, real=0.55 secs] 
2011-02-26T15:48:06.356+0000: 35335.655: [CMS-concurrent-preclean-start]
2011-02-26T15:48:06.403+0000: 35335.702: [CMS-concurrent-preclean: 0.043/0.046 secs] [Times: user=0.14 sys=0.03, real=0.05 secs] 
2011-02-26T15:48:06.403+0000: 35335.702: [CMS-concurrent-abortable-preclean-start]
2011-02-26T15:48:08.495+0000: 35337.794: [CMS-concurrent-abortable-preclean: 1.982/2.092 secs] [Times: user=4.07 sys=0.72, real=2.09 secs] 
2011-02-26T15:48:08.496+0000: 35337.795: [GC[YG occupancy: 1460022 K (2831168 K)]35337.795: [Rescan (parallel) , 0.1147330 secs]35337.910: [weak refs processing, 0.0323100 secs] [1 CMS-remark: 7128610K(9437184K)] 8588633K(12268352K), 0.1472710 secs] [Times: user=1.52 sys=0.02, real=0.15 secs] 
2011-02-26T15:48:08.649+0000: 35337.948: [CMS-concurrent-sweep-start]
2011-02-26T15:48:10.957+0000: 35340.256: [GC 35340.256: [ParNew: 2633169K->83038K(2831168K), 0.1116750 secs] 9196984K->6720744K(12268352K), 0.1119230 secs] [Times: user=1.06 sys=0.00, real=0.12 secs] 
2011-02-26T15:48:32.260+0000: 35361.559: [GC 35361.560: [ParNew: 2599646K->115270K(2831168K), 0.1166600 secs] 6941495K->4484195K(12268352K), 0.1170530 secs] [Times: user=1.27 sys=0.01, real=0.12 secs] 
2011-02-26T15:48:44.665+0000: 35373.964: [GC 35373.964: [ParNew: 2630396K->97987K(2831168K), 0.1595800 secs] 5757065K->3327845K(12268352K), 0.1598130 secs] [Times: user=1.62 sys=0.00, real=0.16 secs] 
2011-02-26T15:49:02.083+0000: 35391.382: [GC 35391.382: [ParNew: 2614615K->77232K(2831168K), 0.1110300 secs] 4167021K->1695557K(12268352K), 0.1113520 secs] [Times: user=1.13 sys=0.02, real=0.11 secs] 
2011-02-26T15:49:02.197+0000: 35391.496: [GC 35391.496: [ParNew: 85927K->35174K(2831168K), 0.0595210 secs] 1703846K->1699051K(12268352K), 0.0597940 secs] [Times: user=0.61 sys=0.01, real=0.05 secs] 
2011-02-26T15:49:03.696+0000: 35392.995: [CMS-concurrent-sweep: 54.333/55.047 secs] [Times: user=103.66 sys=17.54, real=55.04 secs] 
2011-02-26T15:49:03.696+0000: 35392.995: [CMS-concurrent-reset-start]
2011-02-26T15:49:03.717+0000: 35393.016: [CMS-concurrent-reset: 0.021/0.021 secs] [Times: user=0.04 sys=0.01, real=0.03 secs] 
2011-02-26T15:49:06.612+0000: 35395.911: [GC 35395.911: [ParNew: 2551782K->11703K(2831168K), 0.0191540 secs] 3666782K->1126713K(12268352K), 0.0194510 secs] [Times: user=0.25 sys=0.00, real=0.02 secs] 
2011-02-26T15:49:19.637+0000: 35408.936: [GC 35408.936: [ParNew: 2528311K->55915K(2831168K), 0.0428430 secs] 3643321K->1177690K(12268352K), 0.0431410 secs] [Times: user=0.51 sys=0.00, real=0.05 secs] 
2011-02-26T15:49:33.625+0000: 35422.924: [GC 35422.924: [ParNew: 2572523K->91417K(2831168K), 0.1025030 secs] 3694298K->1239126K(12268352K), 0.1028180 secs] [Times: user=1.18 sys=0.00, real=0.11 secs] 
2011-02-26T15:49:41.472+0000: 35430.771: [GC 35430.771: [ParNew: 2608025K->73126K(2831168K), 0.1137460 secs] 3755734K->1287522K(12268352K), 0.1140510 secs] [Times: user=1.13 sys=0.00, real=0.11 secs] 
2011-02-26T15:50:01.308+0000: 35450.607: [GC 35450.607: [ParNew: 2589734K->121010K(2831168K), 0.1161870 secs] 3804130K->1389007K(12268352K), 0.1164730 secs] [Times: user=1.25 sys=0.00, real=0.12 secs] 
2011-02-26T15:50:21.350+0000: 35470.649: [GC 35470.649: [ParNew: 2637604K->98061K(2831168K), 0.1369020 secs] 3905601K->1453759K(12268352K), 0.1372100 secs] [Times: user=1.28 sys=0.00, real=0.14 secs] 
2011-02-26T15:50:27.247+0000: 35476.546: [GC 35476.546: [ParNew: 2614669K->68647K(2831168K), 0.0979050 secs] 3970367K->1488379K(12268352K), 0.0982100 secs] [Times: user=0.78 sys=0.00, real=0.09 secs] 
2011-02-26T15:50:34.946+0000: 35484.245: [GC 35484.245: [ParNew: 2585255K->260280K(2831168K), 0.0930330 secs] 4004987K->1694826K(12268352K), 0.0933390 secs] [Times: user=1.03 sys=0.01, real=0.10 secs] 
2011-02-26T15:50:39.641+0000: 35488.941: [GC 35488.941: [ParNew: 2776888K->165737K(2831168K), 0.1550380 secs] 4211434K->1682654K(12268352K), 0.1553610 secs] [Times: user=1.35 sys=0.00, real=0.15 secs] 
2011-02-26T15:50:43.953+0000: 35493.252: [GC 35493.252: [ParNew: 2682345K->59112K(2831168K), 0.1082230 secs] 4199262K->1710752K(12268352K), 0.1085150 secs] [Times: user=1.05 sys=0.01, real=0.11 secs] 
2011-02-26T15:51:00.370+0000: 35509.669: [GC 35509.669: [ParNew: 2575720K->126766K(2831168K), 0.0979530 secs] 4227360K->1802069K(12268352K), 0.0982530 secs] [Times: user=1.16 sys=0.00, real=0.10 secs] 
2011-02-26T15:51:07.819+0000: 35517.118: [GC 35517.119: [ParNew: 2643137K->89394K(2831168K), 0.1313710 secs] 4318440K->1876145K(12268352K), 0.1316750 secs] [Times: user=1.29 sys=0.02, real=0.13 secs] 
2011-02-26T15:51:18.597+0000: 35527.896: [GC 35527.896: [ParNew: 2606002K->75711K(2831168K), 0.0755740 secs] 4392753K->1890744K(12268352K), 0.0758670 secs] [Times: user=0.89 sys=0.01, real=0.08 secs] 
2011-02-26T15:51:35.165+0000: 35544.464: [GC 35544.464: [ParNew: 2592319K->160017K(2831168K), 0.1518340 secs] 4407352K->2033051K(12268352K), 0.1534980 secs] [Times: user=1.68 sys=0.01, real=0.16 secs] 
2011-02-26T15:51:50.513+0000: 35559.812: [GC 35559.812: [ParNew: 2676625K->109552K(2831168K), 0.1662110 secs] 4549659K->2099064K(12268352K), 0.1664670 secs] [Times: user=1.67 sys=0.00, real=0.17 secs] 
2011-02-26T15:52:04.897+0000: 35574.196: [GC 35574.196: [ParNew: 2626160K->67902K(2831168K), 0.1053180 secs] 4615672K->2121172K(12268352K), 0.1056500 secs] [Times: user=1.07 sys=0.01, real=0.11 secs] 
2011-02-26T15:52:07.133+0000: 35576.432: [GC 35576.432: [ParNew: 2584504K->27705K(2831168K), 0.0508690 secs] 4637773K->2115870K(12268352K), 0.0511690 secs] [Times: user=0.51 sys=0.02, real=0.05 secs] 
2011-02-26T15:52:27.233+0000: 35596.532: [GC 35596.533: [ParNew: 2544313K->62552K(2831168K), 0.0441990 secs] 4632478K->2153926K(12268352K), 0.0444350 secs] [Times: user=0.51 sys=0.00, real=0.05 secs] 
2011-02-26T15:52:37.018+0000: 35606.317: [GC 35606.317: [ParNew: 2579160K->99415K(2831168K), 0.1076440 secs] 4670534K->2228455K(12268352K), 0.1079340 secs] [Times: user=1.19 sys=0.00, real=0.10 secs] 
2011-02-26T15:52:48.000+0000: 35617.299: [GC 35617.299: [ParNew: 2616023K->150344K(2831168K), 0.1306350 secs] 4745063K->2350857K(12268352K), 0.1309450 secs] [Times: user=1.30 sys=0.01, real=0.13 secs] 
2011-02-26T15:53:04.478+0000: 35633.777: [GC 35633.778: [ParNew: 2666952K->94796K(2831168K), 0.0966160 secs] 4867465K->2338809K(12268352K), 0.0969170 secs] [Times: user=1.08 sys=0.00, real=0.10 secs] 
2011-02-26T15:53:07.255+0000: 35636.554: [GC 35636.554: [ParNew: 2611404K->67268K(2831168K), 0.0865220 secs] 4855417K->2388176K(12268352K), 0.0868200 secs] [Times: user=0.93 sys=0.00, real=0.09 secs] 
2011-02-26T15:53:12.800+0000: 35642.099: [GC 35642.099: [ParNew: 2583876K->115145K(2831168K), 0.0487820 secs] 4904784K->2443341K(12268352K), 0.0490790 secs] [Times: user=0.53 sys=0.00, real=0.05 secs] 
2011-02-26T15:53:32.135+0000: 35661.434: [GC 35661.434: [ParNew: 2631753K->111970K(2831168K), 0.0908240 secs] 4959949K->2465053K(12268352K), 0.0910580 secs] [Times: user=0.91 sys=0.01, real=0.09 secs] 
2011-02-26T15:53:44.863+0000: 35674.162: [GC 35674.162: [ParNew: 2628578K->271425K(2831168K), 0.1595150 secs] 4981661K->2706071K(12268352K), 0.1597530 secs] [Times: user=1.69 sys=0.00, real=0.16 secs] 
2011-02-26T15:53:49.780+0000: 35679.079: [GC 35679.079: [ParNew: 2788033K->176595K(2831168K), 0.1713550 secs] 5222679K->2708973K(12268352K), 0.1716150 secs] [Times: user=1.57 sys=0.01, real=0.17 secs] 
2011-02-26T15:53:53.762+0000: 35683.061: [GC 35683.062: [ParNew: 2693203K->47406K(2831168K), 0.1138060 secs] 5225581K->2705887K(12268352K), 0.1141350 secs] [Times: user=1.22 sys=0.00, real=0.11 secs] 
2011-02-26T15:54:05.402+0000: 35694.701: [GC 35694.701: [ParNew: 2564014K->91475K(2831168K), 0.0828590 secs] 5222495K->2780786K(12268352K), 0.0831030 secs] [Times: user=0.86 sys=0.02, real=0.08 secs] 
2011-02-26T15:54:07.440+0000: 35696.739: [GC 35696.739: [ParNew: 2608058K->64701K(2831168K), 0.0966100 secs] 5297369K->2823689K(12268352K), 0.0968470 secs] [Times: user=0.74 sys=0.01, real=0.10 secs] 
2011-02-26T15:54:29.997+0000: 35719.296: [GC 35719.296: [ParNew: 2581309K->123650K(2831168K), 0.0751190 secs] 5340297K->2891386K(12268352K), 0.0753670 secs] [Times: user=0.92 sys=0.02, real=0.07 secs] 
2011-02-26T15:54:38.993+0000: 35728.292: [GC 35728.292: [ParNew: 2640258K->177585K(2831168K), 0.1798650 secs] 5407994K->3045215K(12268352K), 0.1800970 secs] [Times: user=1.94 sys=0.01, real=0.18 secs] 
2011-02-26T15:54:57.280+0000: 35746.579: [GC 35746.580: [ParNew: 2694193K->121765K(2831168K), 0.1782850 secs] 5561823K->3125745K(12268352K), 0.1785890 secs] [Times: user=1.86 sys=0.00, real=0.18 secs] 
2011-02-26T15:55:06.013+0000: 35755.312: [GC 35755.312: [ParNew: 2638351K->58750K(2831168K), 0.0870860 secs] 5642330K->3125930K(12268352K), 0.0873880 secs] [Times: user=0.93 sys=0.00, real=0.09 secs] 
2011-02-26T15:55:11.611+0000: 35760.910: [GC 35760.911: [ParNew: 2575358K->22522K(2831168K), 0.0512760 secs] 5642538K->3112595K(12268352K), 0.0515640 secs] [Times: user=0.50 sys=0.00, real=0.05 secs] 
2011-02-26T15:55:32.157+0000: 35781.456: [GC 35781.457: [ParNew: 2539130K->81402K(2831168K), 0.0625880 secs] 5629203K->3181689K(12268352K), 0.0629000 secs] [Times: user=0.73 sys=0.00, real=0.06 secs] 
2011-02-26T15:55:44.543+0000: 35793.843: [GC 35793.843: [ParNew: 2598010K->87711K(2831168K), 0.1090600 secs] 5698297K->3237725K(12268352K), 0.1092950 secs] [Times: user=1.25 sys=0.00, real=0.11 secs] 
2011-02-26T15:55:56.829+0000: 35806.128: [GC 35806.128: [ParNew: 2604319K->146576K(2831168K), 0.1007300 secs] 5754333K->3359213K(12268352K), 0.1009620 secs] [Times: user=1.07 sys=0.00, real=0.10 secs] 
2011-02-26T15:56:02.119+0000: 35811.418: [GC 35811.418: [ParNew: 2663184K->132684K(2831168K), 0.0728090 secs] 5875821K->3390082K(12268352K), 0.0731170 secs] [Times: user=0.79 sys=0.02, real=0.07 secs] 
2011-02-26T15:56:05.778+0000: 35815.077: [GC 35815.077: [ParNew: 2649292K->24058K(2831168K), 0.0698700 secs] 5906690K->3388627K(12268352K), 0.0701650 secs] [Times: user=0.71 sys=0.02, real=0.07 secs] 
2011-02-26T15:56:11.865+0000: 35821.164: [GC 35821.165: [ParNew: 2540666K->96018K(2831168K), 0.0554240 secs] 5905235K->3471012K(12268352K), 0.0557220 secs] [Times: user=0.58 sys=0.01, real=0.06 secs] 
2011-02-26T15:56:20.784+0000: 35830.083: [GC 35830.083: [ParNew: 2612626K->47569K(2831168K), 0.0630460 secs] 5987620K->3445910K(12268352K), 0.0633400 secs] [Times: user=0.63 sys=0.00, real=0.07 secs] 
2011-02-26T15:56:33.825+0000: 35843.124: [GC 35843.124: [ParNew: 2564177K->126396K(2831168K), 0.1182900 secs] 5962518K->3555672K(12268352K), 0.1185890 secs] [Times: user=1.07 sys=0.00, real=0.12 secs] 
2011-02-26T15:56:51.123+0000: 35860.422: [GC 35860.423: [ParNew: 2643004K->117967K(2831168K), 0.1552040 secs] 6072280K->3645612K(12268352K), 0.1555520 secs] [Times: user=1.56 sys=0.01, real=0.16 secs] 
2011-02-26T15:56:58.063+0000: 35867.362: [GC 35867.362: [ParNew: 2634575K->243726K(2831168K), 0.1406570 secs] 6162220K->3856034K(12268352K), 0.1409770 secs] [Times: user=1.39 sys=0.02, real=0.14 secs] 
2011-02-26T15:57:06.137+0000: 35875.436: [GC 35875.436: [ParNew: 2760334K->70008K(2831168K), 0.1001860 secs] 6372642K->3736196K(12268352K), 0.1004280 secs] [Times: user=1.00 sys=0.00, real=0.11 secs] 
2011-02-26T15:57:12.570+0000: 35881.869: [GC 35881.869: [ParNew: 2586616K->49949K(2831168K), 0.0812440 secs] 6252804K->3762862K(12268352K), 0.0814850 secs] [Times: user=0.86 sys=0.00, real=0.08 secs] 
2011-02-26T15:57:32.624+0000: 35901.923: [GC 35901.923: [ParNew: 2566557K->126976K(2831168K), 0.1216380 secs] 6279470K->3876996K(12268352K), 0.1219330 secs] [Times: user=1.35 sys=0.00, real=0.12 secs] 
2011-02-26T15:57:45.662+0000: 35914.961: [GC 35914.961: [ParNew: 2643584K->195401K(2831168K), 0.1916760 secs] 6393604K->4061285K(12268352K), 0.1919140 secs] [Times: user=2.07 sys=0.00, real=0.19 secs] 
2011-02-26T15:58:03.465+0000: 35932.764: [GC 35932.764: [ParNew: 2712009K->120612K(2831168K), 0.2117490 secs] 6577893K->4113923K(12268352K), 0.2119800 secs] [Times: user=1.83 sys=0.00, real=0.21 secs] 
2011-02-26T15:58:06.738+0000: 35936.037: [GC 35936.037: [ParNew: 2637220K->96542K(2831168K), 0.1060550 secs] 6630531K->4178282K(12268352K), 0.1062920 secs] [Times: user=1.02 sys=0.00, real=0.11 secs] 
2011-02-26T15:58:23.484+0000: 35952.783: [GC 35952.783: [ParNew: 2613150K->71135K(2831168K), 0.0482670 secs] 6694890K->4157375K(12268352K), 0.0485080 secs] [Times: user=0.59 sys=0.00, real=0.05 secs] 
2011-02-26T15:58:34.371+0000: 35963.670: [GC 35963.670: [ParNew: 2587743K->89609K(2831168K), 0.0894850 secs] 6673983K->4208698K(12268352K), 0.0897140 secs] [Times: user=1.03 sys=0.00, real=0.09 secs] 
2011-02-26T15:58:51.773+0000: 35981.072: [GC 35981.072: [ParNew: 2606217K->73781K(2831168K), 0.1094400 secs] 6725306K->4262200K(12268352K), 0.1097320 secs] [Times: user=1.19 sys=0.00, real=0.11 secs] 
2011-02-26T15:59:05.137+0000: 35994.436: [GC 35994.436: [ParNew: 2590389K->52168K(2831168K), 0.0686450 secs] 6778808K->4283443K(12268352K), 0.0688930 secs] [Times: user=0.76 sys=0.01, real=0.07 secs] 
2011-02-26T15:59:07.308+0000: 35996.607: [GC 35996.608: [ParNew: 2568776K->23629K(2831168K), 0.0420850 secs] 6800051K->4283762K(12268352K), 0.0423880 secs] [Times: user=0.45 sys=0.00, real=0.05 secs] 
2011-02-26T15:59:17.032+0000: 36006.332: [GC 36006.332: [ParNew: 2540237K->66309K(2831168K), 0.0459430 secs] 6800370K->4329869K(12268352K), 0.0462040 secs] [Times: user=0.52 sys=0.00, real=0.05 secs] 
2011-02-26T15:59:33.402+0000: 36022.701: [GC 36022.701: [ParNew: 2582917K->113185K(2831168K), 0.1190940 secs] 6846477K->4425880K(12268352K), 0.1193250 secs] [Times: user=1.24 sys=0.00, real=0.12 secs] 
2011-02-26T15:59:49.188+0000: 36038.487: [GC 36038.488: [ParNew: 2629793K->140647K(2831168K), 0.1512010 secs] 6942488K->4546644K(12268352K), 0.1514350 secs] [Times: user=1.52 sys=0.01, real=0.15 secs] 
2011-02-26T16:00:04.779+0000: 36054.078: [GC 36054.078: [ParNew: 2657255K->111733K(2831168K), 0.1347090 secs] 7063252K->4610787K(12268352K), 0.1350120 secs] [Times: user=1.46 sys=0.00, real=0.13 secs] 
2011-02-26T16:00:07.220+0000: 36056.519: [GC 36056.520: [ParNew: 2628341K->78286K(2831168K), 0.0812340 secs] 7127395K->4649150K(12268352K), 0.0815270 secs] [Times: user=0.79 sys=0.00, real=0.08 secs] 
2011-02-26T16:00:11.121+0000: 36060.420: [GC 36060.420: [ParNew: 2594894K->198358K(2831168K), 0.0653860 secs] 7165758K->4776410K(12268352K), 0.0656850 secs] [Times: user=0.78 sys=0.00, real=0.06 secs] 
2011-02-26T16:00:15.601+0000: 36064.900: [GC 36064.901: [ParNew: 2714966K->117543K(2831168K), 0.0709150 secs] 7293018K->4733130K(12268352K), 0.0712010 secs] [Times: user=0.72 sys=0.00, real=0.07 secs] 
2011-02-26T16:00:31.512+0000: 36080.811: [GC 36080.811: [ParNew: 2634151K->87049K(2831168K), 0.0905960 secs] 7249738K->4730895K(12268352K), 0.0908840 secs] [Times: user=1.00 sys=0.00, real=0.09 secs] 
2011-02-26T16:00:31.604+0000: 36080.903: [GC 36080.903: [ParNew: 88119K->46546K(2831168K), 0.0790390 secs] 4731965K->4761664K(12268352K), 0.0792790 secs] [Times: user=0.74 sys=0.02, real=0.08 secs] 
2011-02-26T16:00:41.545+0000: 36090.844: [GC 36090.845: [ParNew: 2563154K->145866K(2831168K), 0.0915130 secs] 7278272K->4860985K(12268352K), 0.0918000 secs] [Times: user=1.10 sys=0.00, real=0.10 secs] 
2011-02-26T16:01:00.031+0000: 36109.330: [GC 36109.331: [ParNew: 2662474K->191882K(2831168K), 0.2157810 secs] 7377593K->5044027K(12268352K), 0.2161080 secs] [Times: user=2.23 sys=0.00, real=0.22 secs] 
2011-02-26T16:01:06.196+0000: 36115.495: [GC 36115.496: [ParNew: 2708487K->117313K(2831168K), 0.1550380 secs] 7560632K->5091223K(12268352K), 0.1553510 secs] [Times: user=1.55 sys=0.00, real=0.16 secs] 
2011-02-26T16:01:14.894+0000: 36124.193: [GC 36124.193: [ParNew: 2633921K->41967K(2831168K), 0.0610160 secs] 7607831K->5044338K(12268352K), 0.0613160 secs] [Times: user=0.66 sys=0.00, real=0.06 secs] 
2011-02-26T16:01:34.639+0000: 36143.938: [GC 36143.938: [ParNew: 2558575K->109117K(2831168K), 0.1171580 secs] 7560946K->5137646K(12268352K), 0.1175150 secs] [Times: user=1.36 sys=0.00, real=0.11 secs] 
2011-02-26T16:01:47.906+0000: 36157.205: [GC 36157.206: [ParNew: 2625725K->90246K(2831168K), 0.1224810 secs] 7654254K->5176041K(12268352K), 0.1227890 secs] [Times: user=1.39 sys=0.01, real=0.13 secs] 
2011-02-26T16:02:02.936+0000: 36172.235: [GC 36172.235: [ParNew: 2606854K->144677K(2831168K), 0.1085590 secs] 7692649K->5288047K(12268352K), 0.1089380 secs] [Times: user=1.16 sys=0.00, real=0.11 secs] 
2011-02-26T16:02:08.668+0000: 36177.967: [GC 36177.967: [ParNew: 2661244K->48954K(2831168K), 0.0559740 secs] 7804614K->5233341K(12268352K), 0.0562170 secs] [Times: user=0.57 sys=0.00, real=0.05 secs] 
2011-02-26T16:02:13.702+0000: 36183.001: [GC 36183.001: [ParNew: 2565562K->16498K(2831168K), 0.0300490 secs] 7749949K->5210141K(12268352K), 0.0302850 secs] [Times: user=0.34 sys=0.00, real=0.03 secs] 
2011-02-26T16:02:27.907+0000: 36197.206: [GC 36197.206: [ParNew: 2533106K->66378K(2831168K), 0.0532030 secs] 7726749K->5271266K(12268352K), 0.0534990 secs] [Times: user=0.62 sys=0.00, real=0.05 secs] 
2011-02-26T16:02:37.205+0000: 36206.504: [GC 36206.504: [ParNew: 2582986K->119770K(2831168K), 0.1192880 secs] 7787874K->5367400K(12268352K), 0.1195720 secs] [Times: user=1.41 sys=0.00, real=0.12 secs] 
2011-02-26T16:02:55.954+0000: 36225.253: [GC 36225.253: [ParNew: 2636378K->105652K(2831168K), 0.1735340 secs] 7884008K->5456427K(12268352K), 0.1738460 secs] [Times: user=1.64 sys=0.02, real=0.18 secs] 
2011-02-26T16:03:05.667+0000: 36234.966: [GC 36234.966: [ParNew: 2622260K->85725K(2831168K), 0.1255960 secs] 7973035K->5521172K(12268352K), 0.1259170 secs] [Times: user=1.17 sys=0.01, real=0.13 secs] 
2011-02-26T16:03:09.145+0000: 36238.444: [GC 36238.444: [ParNew: 2602333K->39219K(2831168K), 0.0658030 secs] 8037780K->5511445K(12268352K), 0.0661050 secs] [Times: user=0.71 sys=0.00, real=0.07 secs] 
2011-02-26T16:03:26.109+0000: 36255.409: [GC 36255.409: [ParNew: 2555827K->230178K(2831168K), 0.0746030 secs] 8028053K->5715869K(12268352K), 0.0748870 secs] [Times: user=0.89 sys=0.03, real=0.07 secs] 
2011-02-26T16:03:31.114+0000: 36260.413: [GC 36260.413: [ParNew: 2746786K->131973K(2831168K), 0.1100290 secs] 8232477K->5681711K(12268352K), 0.1102650 secs] [Times: user=1.18 sys=0.01, real=0.11 secs] 
2011-02-26T16:03:33.761+0000: 36263.060: [GC 36263.060: [ParNew: 2648581K->103920K(2831168K), 0.1183030 secs] 8198319K->5768738K(12268352K), 0.1185330 secs] [Times: user=1.31 sys=0.00, real=0.12 secs] 
2011-02-26T16:03:47.951+0000: 36277.250: [GC 36277.250: [ParNew: 2620528K->138495K(2831168K), 0.1505440 secs] 8285346K->5881334K(12268352K), 0.1507820 secs] [Times: user=1.53 sys=0.01, real=0.15 secs] 
2011-02-26T16:04:04.661+0000: 36293.960: [GC 36293.960: [ParNew: 2655103K->183415K(2831168K), 0.1670460 secs] 8397942K->6024308K(12268352K), 0.1673350 secs] [Times: user=1.73 sys=0.00, real=0.17 secs] 
2011-02-26T16:04:06.932+0000: 36296.231: [GC 36296.231: [ParNew: 2700023K->105766K(2831168K), 0.1181670 secs] 8540916K->6057151K(12268352K), 0.1184740 secs] [Times: user=1.17 sys=0.02, real=0.12 secs] 
2011-02-26T16:04:23.080+0000: 36312.379: [GC 36312.379: [ParNew: 2622374K->91191K(2831168K), 0.0692960 secs] 8573759K->6051680K(12268352K), 0.0695310 secs] [Times: user=0.79 sys=0.01, real=0.07 secs] 
2011-02-26T16:04:34.321+0000: 36323.620: [GC 36323.620: [ParNew: 2607799K->110863K(2831168K), 0.1372500 secs] 8568288K->6144325K(12268352K), 0.1374830 secs] [Times: user=1.34 sys=0.00, real=0.14 secs] 
2011-02-26T16:04:53.388+0000: 36342.687: [GC 36342.687: [ParNew: 2627471K->72959K(2831168K), 0.1191750 secs] 8660933K->6181673K(12268352K), 0.1194990 secs] [Times: user=1.27 sys=0.02, real=0.12 secs] 
2011-02-26T16:05:05.465+0000: 36354.764: [GC 36354.765: [ParNew: 2589567K->61179K(2831168K), 0.0780880 secs] 8698281K->6212445K(12268352K), 0.0783310 secs] [Times: user=0.90 sys=0.01, real=0.08 secs] 
2011-02-26T16:05:09.175+0000: 36358.474: [GC 36358.474: [ParNew: 2577787K->27443K(2831168K), 0.0449740 secs] 8729053K->6210612K(12268352K), 0.0452120 secs] [Times: user=0.53 sys=0.00, real=0.05 secs] 
2011-02-26T16:05:31.617+0000: 36380.916: [GC 36380.916: [ParNew: 2544051K->79009K(2831168K), 0.0575040 secs] 8727220K->6267718K(12268352K), 0.0577440 secs] [Times: user=0.74 sys=0.01, real=0.06 secs] 
2011-02-26T16:05:35.308+0000: 36384.607: [GC 36384.607: [ParNew: 2595617K->163335K(2831168K), 0.0979450 secs] 8784326K->6398627K(12268352K), 0.0981930 secs] [Times: user=1.15 sys=0.00, real=0.09 secs] 
2011-02-26T16:05:50.187+0000: 36399.486: [GC 36399.486: [ParNew: 2679943K->111930K(2831168K), 0.1240060 secs] 8915235K->6420042K(12268352K), 0.1242420 secs] [Times: user=1.40 sys=0.00, real=0.12 secs] 
2011-02-26T16:06:05.133+0000: 36414.432: [GC 36414.432: [ParNew: 2628538K->92419K(2831168K), 0.1223180 secs] 8936650K->6473310K(12268352K), 0.1225680 secs] [Times: user=1.28 sys=0.01, real=0.12 secs] 
2011-02-26T16:06:07.194+0000: 36416.493: [GC 36416.493: [ParNew: 2608981K->69918K(2831168K), 0.0784350 secs] 8989872K->6519174K(12268352K), 0.0786720 secs] [Times: user=0.79 sys=0.00, real=0.08 secs] 
2011-02-26T16:06:24.451+0000: 36433.750: [GC 36433.751: [ParNew: 2586649K->59186K(2831168K), 0.0495540 secs] 9035905K->6514509K(12268352K), 0.0498870 secs] [Times: user=0.60 sys=0.00, real=0.05 secs] 
2011-02-26T16:06:24.503+0000: 36433.802: [GC 36433.802: [ParNew: 60252K->13586K(2831168K), 0.0631310 secs] 6515574K->6521806K(12268352K), 0.0633550 secs] [Times: user=0.66 sys=0.00, real=0.06 secs] 
2011-02-26T16:06:33.821+0000: 36443.120: [GC 36443.120: [ParNew: 2530194K->262935K(2831168K), 0.0796750 secs] 9038414K->6771157K(12268352K), 0.0799970 secs] [Times: user=0.93 sys=0.01, real=0.08 secs] 
2011-02-26T16:06:39.922+0000: 36449.221: [GC 36449.221: [ParNew: 2779543K->105575K(2831168K), 0.1666880 secs] 9287765K->6706012K(12268352K), 0.1669870 secs] [Times: user=1.50 sys=0.00, real=0.17 secs] 
2011-02-26T16:06:57.556+0000: 36466.855: [GC 36466.855: [ParNew: 2622183K->152662K(2831168K), 0.1551890 secs] 9222620K->6824737K(12268352K), 0.1555540 secs] [Times: user=1.70 sys=0.00, real=0.16 secs] 
2011-02-26T16:07:05.789+0000: 36475.088: [GC 36475.089: [ParNew: 2669270K->110038K(2831168K), 0.1571290 secs] 9341345K->6894377K(12268352K), 0.1574490 secs] [Times: user=1.55 sys=0.01, real=0.15 secs] 
2011-02-26T16:07:10.615+0000: 36479.914: [GC 36479.915: [ParNew: 2626646K->52202K(2831168K), 0.0857750 secs] 9410985K->6884812K(12268352K), 0.0861100 secs] [Times: user=0.85 sys=0.00, real=0.09 secs] 
2011-02-26T16:07:32.132+0000: 36501.431: [GC 36501.431: [ParNew: 2568810K->115097K(2831168K), 0.1096850 secs] 9401420K->6973118K(12268352K), 0.1099920 secs] [Times: user=1.27 sys=0.00, real=0.11 secs] 
2011-02-26T16:07:43.719+0000: 36513.018: [GC 36513.018: [ParNew: 2631705K->113814K(2831168K), 0.1648500 secs] 9489726K->7079644K(12268352K), 0.1650820 secs] [Times: user=1.73 sys=0.02, real=0.16 secs] 
2011-02-26T16:08:01.280+0000: 36530.579: [GC 36530.580: [ParNew: 2630422K->160870K(2831168K), 0.1328580 secs] 9596252K->7204167K(12268352K), 0.1331780 secs] [Times: user=1.31 sys=0.01, real=0.13 secs] 
2011-02-26T16:08:06.057+0000: 36535.356: [GC 36535.356: [ParNew: 2677478K->42821K(2831168K), 0.0653660 secs] 9720775K->7127565K(12268352K), 0.0656090 secs] [Times: user=0.72 sys=0.00, real=0.07 secs] 
2011-02-26T16:08:06.125+0000: 36535.424: [GC [1 CMS-initial-mark: 7084744K(9437184K)] 7149464K(12268352K), 0.0245860 secs] [Times: user=0.03 sys=0.00, real=0.03 secs] 
2011-02-26T16:08:06.150+0000: 36535.449: [CMS-concurrent-mark-start]
2011-02-26T16:08:07.050+0000: 36536.349: [CMS-concurrent-mark: 0.897/0.900 secs] [Times: user=5.35 sys=0.80, real=0.90 secs] 
2011-02-26T16:08:07.050+0000: 36536.349: [CMS-concurrent-preclean-start]
2011-02-26T16:08:07.090+0000: 36536.389: [CMS-concurrent-preclean: 0.038/0.039 secs] [Times: user=0.07 sys=0.01, real=0.04 secs] 
2011-02-26T16:08:07.090+0000: 36536.389: [CMS-concurrent-abortable-preclean-start]
2011-02-26T16:08:11.689+0000: 36540.988: [GC 36540.988: [ParNew: 2559429K->17961K(2831168K), 0.0345000 secs] 9644173K->7118266K(12268352K), 0.0347380 secs] [Times: user=0.41 sys=0.00, real=0.03 secs] 
 CMS: abort preclean due to time 2011-02-26T16:08:12.132+0000: 36541.431: [CMS-concurrent-abortable-preclean: 4.970/5.042 secs] [Times: user=9.81 sys=1.98, real=5.04 secs] 
2011-02-26T16:08:12.134+0000: 36541.433: [GC[YG occupancy: 98088 K (2831168 K)]36541.433: [Rescan (parallel) , 0.0310990 secs]36541.464: [weak refs processing, 0.0248470 secs] [1 CMS-remark: 7100304K(9437184K)] 7198393K(12268352K), 0.0561710 secs] [Times: user=0.38 sys=0.00, real=0.06 secs] 
2011-02-26T16:08:12.190+0000: 36541.489: [CMS-concurrent-sweep-start]
2011-02-26T16:08:32.369+0000: 36561.668: [GC 36561.668: [ParNew: 2534569K->67612K(2831168K), 0.0747700 secs] 6840811K->4385394K(12268352K), 0.0750450 secs] [Times: user=0.79 sys=0.02, real=0.07 secs] 
2011-02-26T16:08:37.387+0000: 36566.686: [GC 36566.686: [ParNew: 2584220K->165368K(2831168K), 0.1179420 secs] 6364561K->4002731K(12268352K), 0.1181720 secs] [Times: user=1.24 sys=0.02, real=0.11 secs] 
2011-02-26T16:08:43.048+0000: 36572.347: [GC 36572.347: [ParNew: 2681976K->133380K(2831168K), 0.0887080 secs] 5796037K->3308420K(12268352K), 0.0889390 secs] [Times: user=0.94 sys=0.00, real=0.09 secs] 
2011-02-26T16:08:47.519+0000: 36576.818: [GC 36576.818: [ParNew: 2649988K->33697K(2831168K), 0.0633720 secs] 5280657K->2762280K(12268352K), 0.0636050 secs] [Times: user=0.66 sys=0.01, real=0.06 secs] 
2011-02-26T16:08:53.976+0000: 36583.275: [GC 36583.275: [ParNew: 2550305K->125821K(2831168K), 0.0613750 secs] 4597483K->2194455K(12268352K), 0.0616150 secs] [Times: user=0.74 sys=0.01, real=0.07 secs] 
2011-02-26T16:08:59.131+0000: 36588.430: [GC 36588.431: [ParNew: 2642429K->35684K(2831168K), 0.0677980 secs] 4222342K->1730139K(12268352K), 0.0680310 secs] [Times: user=0.76 sys=0.02, real=0.07 secs] 
2011-02-26T16:09:00.813+0000: 36590.112: [CMS-concurrent-sweep: 48.019/48.623 secs] [Times: user=113.26 sys=18.10, real=48.62 secs] 
2011-02-26T16:09:00.813+0000: 36590.112: [CMS-concurrent-reset-start]
2011-02-26T16:09:00.837+0000: 36590.136: [CMS-concurrent-reset: 0.024/0.024 secs] [Times: user=0.07 sys=0.03, real=0.03 secs] 
2011-02-26T16:09:05.003+0000: 36594.302: [GC 36594.302: [ParNew: 2552292K->32536K(2831168K), 0.0556370 secs] 3983622K->1488175K(12268352K), 0.0558830 secs] [Times: user=0.61 sys=0.00, real=0.06 secs] 
2011-02-26T16:09:08.256+0000: 36597.555: [GC 36597.555: [ParNew: 2549144K->25391K(2831168K), 0.0404510 secs] 4004783K->1502466K(12268352K), 0.0406950 secs] [Times: user=0.47 sys=0.00, real=0.04 secs] 
2011-02-26T16:09:11.735+0000: 36601.034: [GC 36601.034: [ParNew: 2541999K->21233K(2831168K), 0.0332170 secs] 4019074K->1507195K(12268352K), 0.0334520 secs] [Times: user=0.39 sys=0.00, real=0.04 secs] 
2011-02-26T16:09:19.223+0000: 36608.522: [GC 36608.522: [ParNew: 2537841K->41468K(2831168K), 0.0451230 secs] 4023803K->1543544K(12268352K), 0.0453560 secs] [Times: user=0.53 sys=0.00, real=0.05 secs] 
2011-02-26T16:09:32.957+0000: 36622.256: [GC 36622.257: [ParNew: 2558076K->95030K(2831168K), 0.0940160 secs] 4060152K->1620619K(12268352K), 0.0943550 secs] [Times: user=1.05 sys=0.01, real=0.09 secs] 
2011-02-26T16:09:39.409+0000: 36628.708: [GC 36628.709: [ParNew: 2611638K->239234K(2831168K), 0.1656930 secs] 4137227K->1845996K(12268352K), 0.1659880 secs] [Times: user=1.59 sys=0.01, real=0.16 secs] 
2011-02-26T16:09:43.379+0000: 36632.678: [GC 36632.678: [ParNew: 2755842K->224112K(2831168K), 0.1115170 secs] 4362604K->1898183K(12268352K), 0.1118090 secs] [Times: user=1.08 sys=0.01, real=0.11 secs] 
2011-02-26T16:09:45.822+0000: 36635.121: [GC 36635.122: [ParNew: 2740720K->34400K(2831168K), 0.0833400 secs] 4414791K->1896492K(12268352K), 0.0836310 secs] [Times: user=0.89 sys=0.00, real=0.08 secs] 
2011-02-26T16:09:51.563+0000: 36640.862: [GC 36640.862: [ParNew: 2551008K->50444K(2831168K), 0.0575950 secs] 4413100K->1932229K(12268352K), 0.0578950 secs] [Times: user=0.66 sys=0.00, real=0.06 secs] 
2011-02-26T16:10:05.544+0000: 36654.843: [GC 36654.843: [ParNew: 2567052K->106759K(2831168K), 0.1182380 secs] 4448837K->2028315K(12268352K), 0.1185380 secs] [Times: user=1.13 sys=0.00, real=0.12 secs] 
2011-02-26T16:10:10.381+0000: 36659.680: [GC 36659.680: [ParNew: 2623367K->71234K(2831168K), 0.2049600 secs] 4544923K->2075700K(12268352K), 0.2052560 secs] [Times: user=1.27 sys=0.00, real=0.20 secs] 
2011-02-26T16:10:33.267+0000: 36682.566: [GC 36682.566: [ParNew: 2587842K->140589K(2831168K), 0.1120940 secs] 4592308K->2168900K(12268352K), 0.1123250 secs] [Times: user=1.23 sys=0.00, real=0.12 secs] 
2011-02-26T16:10:43.248+0000: 36692.547: [GC 36692.547: [ParNew: 2657197K->182401K(2831168K), 0.1862500 secs] 4685508K->2319588K(12268352K), 0.3093120 secs] [Times: user=1.90 sys=0.01, real=0.32 secs] 
2011-02-26T16:10:57.240+0000: 36706.539: [GC 36706.539: [ParNew: 2699009K->192784K(2831168K), 0.1525920 secs] 4836196K->2443896K(12268352K), 0.1529000 secs] [Times: user=1.44 sys=0.02, real=0.15 secs] 
2011-02-26T16:11:05.808+0000: 36715.107: [GC 36715.108: [ParNew: 2709392K->38704K(2831168K), 0.0771380 secs] 4960504K->2328974K(12268352K), 0.0774750 secs] [Times: user=0.75 sys=0.00, real=0.07 secs] 
2011-02-26T16:11:13.367+0000: 36722.666: [GC 36722.666: [ParNew: 2555312K->26913K(2831168K), 0.0506070 secs] 4845582K->2334331K(12268352K), 0.0508550 secs] [Times: user=0.54 sys=0.01, real=0.06 secs] 
2011-02-26T16:11:32.298+0000: 36741.597: [GC 36741.597: [ParNew: 2543521K->83636K(2831168K), 0.0921770 secs] 4850939K->2406309K(12268352K), 0.0924690 secs] [Times: user=0.90 sys=0.00, real=0.09 secs] 
2011-02-26T16:11:46.201+0000: 36755.500: [GC 36755.500: [ParNew: 2600244K->90905K(2831168K), 0.1356040 secs] 4922917K->2473988K(12268352K), 0.1358530 secs] [Times: user=1.13 sys=0.00, real=0.13 secs] 
2011-02-26T16:11:54.954+0000: 36764.253: [GC 36764.253: [ParNew: 2607513K->85881K(2831168K), 0.1241660 secs] 4990596K->2525383K(12268352K), 0.1244590 secs] [Times: user=1.20 sys=0.01, real=0.13 secs] 
2011-02-26T16:12:05.592+0000: 36774.891: [GC 36774.891: [ParNew: 2602489K->68851K(2831168K), 0.0902580 secs] 5041991K->2564104K(12268352K), 0.0905390 secs] [Times: user=0.94 sys=0.01, real=0.09 secs] 
2011-02-26T16:12:11.914+0000: 36781.213: [GC 36781.214: [ParNew: 2585459K->49184K(2831168K), 0.0767220 secs] 5080712K->2589908K(12268352K), 0.0769600 secs] [Times: user=0.85 sys=0.00, real=0.08 secs] 
2011-02-26T16:12:32.189+0000: 36801.488: [GC 36801.488: [ParNew: 2565792K->121389K(2831168K), 0.1086870 secs] 5106516K->2687378K(12268352K), 0.1089550 secs] [Times: user=1.11 sys=0.02, real=0.11 secs] 
2011-02-26T16:12:44.250+0000: 36813.549: [GC 36813.549: [ParNew: 2637997K->135255K(2831168K), 0.1464390 secs] 5203986K->2788661K(12268352K), 0.1466720 secs] [Times: user=1.53 sys=0.01, real=0.14 secs] 
2011-02-26T16:12:50.677+0000: 36819.976: [GC 36819.977: [ParNew: 2651863K->249995K(2831168K), 0.1486880 secs] 5305269K->2998776K(12268352K), 0.1489810 secs] [Times: user=1.62 sys=0.01, real=0.14 secs] 
2011-02-26T16:13:04.985+0000: 36834.284: [GC 36834.284: [ParNew: 2766603K->106813K(2831168K), 0.1181370 secs] 5515384K->2907364K(12268352K), 0.1184400 secs] [Times: user=1.38 sys=0.00, real=0.12 secs] 
2011-02-26T16:13:08.011+0000: 36837.311: [GC 36837.311: [ParNew: 2623400K->81126K(2831168K), 0.1106990 secs] 5423951K->2974360K(12268352K), 0.1109950 secs] [Times: user=0.99 sys=0.03, real=0.11 secs] 
2011-02-26T16:13:30.829+0000: 36860.128: [GC 36860.128: [ParNew: 2597734K->120640K(2831168K), 0.0802430 secs] 5490968K->3023636K(12268352K), 0.0805410 secs] [Times: user=0.94 sys=0.00, real=0.08 secs] 
2011-02-26T16:13:44.969+0000: 36874.268: [GC 36874.268: [ParNew: 2637248K->173335K(2831168K), 0.2034290 secs] 5540244K->3179523K(12268352K), 0.2037850 secs] [Times: user=2.01 sys=0.01, real=0.20 secs] 
2011-02-26T16:13:58.916+0000: 36888.215: [GC 36888.215: [ParNew: 2689943K->198134K(2831168K), 0.1844620 secs] 5696131K->3342231K(12268352K), 0.1847510 secs] [Times: user=1.97 sys=0.01, real=0.19 secs] 
2011-02-26T16:14:06.226+0000: 36895.525: [GC 36895.525: [ParNew: 2714742K->63249K(2831168K), 0.0956030 secs] 5858839K->3280688K(12268352K), 0.0959030 secs] [Times: user=1.02 sys=0.02, real=0.10 secs] 
2011-02-26T16:14:17.923+0000: 36907.222: [GC 36907.222: [ParNew: 2579857K->68040K(2831168K), 0.0445420 secs] 5797296K->3301448K(12268352K), 0.0448440 secs] [Times: user=0.53 sys=0.00, real=0.05 secs] 
2011-02-26T16:14:33.365+0000: 36922.664: [GC 36922.664: [ParNew: 2584648K->81091K(2831168K), 0.0883170 secs] 5818056K->3340325K(12268352K), 0.0886130 secs] [Times: user=0.99 sys=0.01, real=0.09 secs] 
2011-02-26T16:14:49.509+0000: 36938.808: [GC 36938.808: [ParNew: 2597699K->73466K(2831168K), 0.1204850 secs] 5856933K->3398338K(12268352K), 0.1207310 secs] [Times: user=1.28 sys=0.01, real=0.12 secs] 
2011-02-26T16:14:58.895+0000: 36948.194: [GC 36948.194: [ParNew: 2590074K->137168K(2831168K), 0.0962910 secs] 5914946K->3513576K(12268352K), 0.0965280 secs] [Times: user=1.00 sys=0.00, real=0.10 secs] 
2011-02-26T16:15:06.095+0000: 36955.395: [GC 36955.395: [ParNew: 2653776K->45524K(2831168K), 0.0720830 secs] 6030184K->3466247K(12268352K), 0.0723310 secs] [Times: user=0.75 sys=0.00, real=0.08 secs] 
2011-02-26T16:15:15.063+0000: 36964.362: [GC 36964.362: [ParNew: 2562132K->52521K(2831168K), 0.0651200 secs] 5982855K->3499765K(12268352K), 0.0653610 secs] [Times: user=0.75 sys=0.01, real=0.07 secs] 
2011-02-26T16:15:33.005+0000: 36982.304: [GC 36982.304: [ParNew: 2569129K->119412K(2831168K), 0.1054130 secs] 6016373K->3598870K(12268352K), 0.1057060 secs] [Times: user=1.28 sys=0.02, real=0.11 secs] 
2011-02-26T16:15:47.955+0000: 36997.254: [GC 36997.255: [ParNew: 2636020K->124074K(2831168K), 0.1591010 secs] 6115478K->3694602K(12268352K), 0.1593640 secs] [Times: user=1.63 sys=0.00, real=0.16 secs] 
2011-02-26T16:15:59.127+0000: 37008.426: [GC 37008.426: [ParNew: 2640682K->258028K(2831168K), 0.1878450 secs] 6211210K->3926802K(12268352K), 0.1881270 secs] [Times: user=2.01 sys=0.00, real=0.19 secs] 
2011-02-26T16:16:05.467+0000: 37014.767: [GC 37014.767: [ParNew: 2774799K->66701K(2831168K), 0.1031770 secs] 6443573K->3799514K(12268352K), 0.1034850 secs] [Times: user=1.00 sys=0.00, real=0.11 secs] 
2011-02-26T16:16:05.572+0000: 37014.871: [GC 37014.872: [ParNew: 67759K->21072K(2831168K), 0.0637280 secs] 3800573K->3799082K(12268352K), 0.0639570 secs] [Times: user=0.65 sys=0.00, real=0.06 secs] 
2011-02-26T16:16:09.217+0000: 37018.516: [GC 37018.516: [ParNew: 2537680K->23746K(2831168K), 0.0226170 secs] 6315690K->3801758K(12268352K), 0.0229060 secs] [Times: user=0.29 sys=0.02, real=0.03 secs] 
2011-02-26T16:16:31.791+0000: 37041.090: [GC 37041.091: [ParNew: 2540354K->120464K(2831168K), 0.1121290 secs] 6318366K->3915888K(12268352K), 0.1124870 secs] [Times: user=1.09 sys=0.01, real=0.11 secs] 
2011-02-26T16:16:43.513+0000: 37052.812: [GC 37052.813: [ParNew: 2637072K->183896K(2831168K), 0.1966450 secs] 6432496K->4090950K(12268352K), 0.1969420 secs] [Times: user=2.05 sys=0.02, real=0.20 secs] 
2011-02-26T16:16:59.386+0000: 37068.685: [GC 37068.685: [ParNew: 2700504K->123700K(2831168K), 0.2151720 secs] 6607558K->4165619K(12268352K), 0.2154680 secs] [Times: user=2.06 sys=0.01, real=0.22 secs] 
2011-02-26T16:17:06.571+0000: 37075.870: [GC 37075.870: [ParNew: 2640308K->107054K(2831168K), 0.1207900 secs] 6682227K->4250681K(12268352K), 0.1210820 secs] [Times: user=1.19 sys=0.00, real=0.12 secs] 
2011-02-26T16:17:16.625+0000: 37085.924: [GC 37085.925: [ParNew: 2623662K->32820K(2831168K), 0.0411370 secs] 6767289K->4192922K(12268352K), 0.0414320 secs] [Times: user=0.51 sys=0.00, real=0.04 secs] 
2011-02-26T16:17:33.421+0000: 37102.720: [GC 37102.720: [ParNew: 2549492K->87593K(2831168K), 0.0910590 secs] 6709593K->4269452K(12268352K), 0.0955810 secs] [Times: user=0.98 sys=0.00, real=0.09 secs] 
2011-02-26T16:17:33.518+0000: 37102.817: [GC 37102.817: [ParNew: 88738K->28323K(2831168K), 0.1043300 secs] 4270597K->4276097K(12268352K), 0.1045170 secs] [Times: user=0.77 sys=0.00, real=0.11 secs] 
2011-02-26T16:17:49.074+0000: 37118.373: [GC 37118.374: [ParNew: 2544931K->76163K(2831168K), 0.0555590 secs] 6792705K->4323939K(12268352K), 0.0558470 secs] [Times: user=0.65 sys=0.02, real=0.06 secs] 
2011-02-26T16:18:05.207+0000: 37134.506: [GC 37134.506: [ParNew: 2592771K->55972K(2831168K), 0.0999050 secs] 6840547K->4357511K(12268352K), 0.1001530 secs] [Times: user=0.99 sys=0.00, real=0.10 secs] 
2011-02-26T16:18:07.748+0000: 37137.047: [GC 37137.047: [ParNew: 2572580K->45065K(2831168K), 0.0516620 secs] 6874119K->4385414K(12268352K), 0.0519020 secs] [Times: user=0.55 sys=0.00, real=0.05 secs] 
2011-02-26T16:18:17.244+0000: 37146.543: [GC 37146.543: [ParNew: 2561673K->54736K(2831168K), 0.0459890 secs] 6902022K->4398403K(12268352K), 0.0462900 secs] [Times: user=0.55 sys=0.01, real=0.05 secs] 
2011-02-26T16:18:34.152+0000: 37163.451: [GC 37163.452: [ParNew: 2571344K->112640K(2831168K), 0.1675640 secs] 6915011K->4503138K(12268352K), 0.1678290 secs] [Times: user=1.36 sys=0.00, real=0.17 secs] 
2011-02-26T16:18:48.754+0000: 37178.053: [GC 37178.053: [ParNew: 2629248K->155705K(2831168K), 0.2005260 secs] 7019746K->4635923K(12268352K), 0.2007830 secs] [Times: user=1.47 sys=0.00, real=0.20 secs] 
2011-02-26T16:19:04.611+0000: 37193.910: [GC 37193.911: [ParNew: 2672313K->116952K(2831168K), 0.1328940 secs] 7152531K->4691509K(12268352K), 0.1331970 secs] [Times: user=1.41 sys=0.00, real=0.13 secs] 
2011-02-26T16:19:07.171+0000: 37196.470: [GC 37196.470: [ParNew: 2633560K->78541K(2831168K), 0.0870360 secs] 7208117K->4726542K(12268352K), 0.0873030 secs] [Times: user=0.80 sys=0.00, real=0.09 secs] 
2011-02-26T16:19:12.913+0000: 37202.212: [GC 37202.212: [ParNew: 2595149K->194840K(2831168K), 0.0648710 secs] 7243150K->4850350K(12268352K), 0.0651080 secs] [Times: user=0.77 sys=0.01, real=0.07 secs] 
2011-02-26T16:19:17.488+0000: 37206.787: [GC 37206.787: [ParNew: 2711448K->117100K(2831168K), 0.0750200 secs] 7366958K->4809707K(12268352K), 0.0752500 secs] [Times: user=0.69 sys=0.00, real=0.07 secs] 
2011-02-26T16:19:31.431+0000: 37220.731: [GC 37220.731: [ParNew: 2633708K->83117K(2831168K), 0.0857160 secs] 7326315K->4800698K(12268352K), 0.0859460 secs] [Times: user=0.93 sys=0.00, real=0.09 secs] 
2011-02-26T16:19:41.829+0000: 37231.128: [GC 37231.128: [ParNew: 2599725K->171282K(2831168K), 0.1450180 secs] 7317306K->4951309K(12268352K), 0.1453090 secs] [Times: user=1.55 sys=0.00, real=0.14 secs] 
2011-02-26T16:20:00.162+0000: 37249.462: [GC 37249.462: [ParNew: 2687890K->154696K(2831168K), 0.2045740 secs] 7467917K->5067388K(12268352K), 0.2048700 secs] [Times: user=2.18 sys=0.02, real=0.21 secs] 
2011-02-26T16:20:05.465+0000: 37254.764: [GC 37254.764: [ParNew: 2671262K->189608K(2831168K), 0.1444430 secs] 7583954K->5228824K(12268352K), 0.1447500 secs] [Times: user=1.46 sys=0.02, real=0.15 secs] 
2011-02-26T16:20:09.428+0000: 37258.727: [GC 37258.727: [ParNew: 2706216K->37660K(2831168K), 0.0522170 secs] 7745432K->5103110K(12268352K), 0.0525110 secs] [Times: user=0.61 sys=0.00, real=0.05 secs] 
2011-02-26T16:20:32.560+0000: 37281.859: [GC 37281.859: [ParNew: 2554268K->97460K(2831168K), 0.0672150 secs] 7619718K->5180801K(12268352K), 0.0674980 secs] [Times: user=0.79 sys=0.00, real=0.07 secs] 
2011-02-26T16:20:42.664+0000: 37291.963: [GC 37291.964: [ParNew: 2614068K->89380K(2831168K), 0.1021470 secs] 7697409K->5229058K(12268352K), 0.1024300 secs] [Times: user=1.18 sys=0.00, real=0.10 secs] 
2011-02-26T16:20:59.521+0000: 37308.820: [GC 37308.820: [ParNew: 2605988K->70763K(2831168K), 0.1076240 secs] 7745666K->5276669K(12268352K), 0.1079220 secs] [Times: user=1.19 sys=0.00, real=0.11 secs] 
2011-02-26T16:21:07.004+0000: 37316.303: [GC 37316.303: [ParNew: 2587371K->56643K(2831168K), 0.0687630 secs] 7793277K->5308953K(12268352K), 0.0690640 secs] [Times: user=0.75 sys=0.02, real=0.07 secs] 
2011-02-26T16:21:17.051+0000: 37326.350: [GC 37326.351: [ParNew: 2573251K->34032K(2831168K), 0.0466570 secs] 7825561K->5302652K(12268352K), 0.0469580 secs] [Times: user=0.50 sys=0.01, real=0.05 secs] 
2011-02-26T16:21:29.639+0000: 37338.938: [GC 37338.939: [ParNew: 2550640K->157086K(2831168K), 0.0704620 secs] 7819260K->5444937K(12268352K), 0.0707650 secs] [Times: user=0.80 sys=0.00, real=0.07 secs] 
2011-02-26T16:21:33.153+0000: 37342.452: [GC 37342.452: [ParNew: 2673694K->64492K(2831168K), 0.1013750 secs] 7961545K->5472205K(12268352K), 0.1016280 secs] [Times: user=1.08 sys=0.00, real=0.10 secs] 
2011-02-26T16:21:36.625+0000: 37345.924: [GC 37345.924: [ParNew: 2581100K->71885K(2831168K), 0.0939240 secs] 7988813K->5525438K(12268352K), 0.0941520 secs] [Times: user=0.96 sys=0.02, real=0.10 secs] 
2011-02-26T16:21:50.982+0000: 37360.281: [GC 37360.281: [ParNew: 2588493K->97348K(2831168K), 0.0953950 secs] 8042046K->5601033K(12268352K), 0.0956300 secs] [Times: user=1.04 sys=0.00, real=0.10 secs] 
2011-02-26T16:22:05.289+0000: 37374.588: [GC 37374.588: [ParNew: 2613956K->79176K(2831168K), 0.1080370 secs] 8117641K->5641519K(12268352K), 0.1083670 secs] [Times: user=1.16 sys=0.00, real=0.11 secs] 
2011-02-26T16:22:09.193+0000: 37378.492: [GC 37378.492: [ParNew: 2595784K->63825K(2831168K), 0.0878640 secs] 8158127K->5691628K(12268352K), 0.0881750 secs] [Times: user=0.84 sys=0.00, real=0.09 secs] 
2011-02-26T16:22:31.366+0000: 37400.665: [GC 37400.665: [ParNew: 2580433K->250931K(2831168K), 0.0779600 secs] 8208236K->5890847K(12268352K), 0.0782740 secs] [Times: user=0.96 sys=0.03, real=0.08 secs] 
2011-02-26T16:22:33.758+0000: 37403.057: [GC 37403.057: [ParNew: 2767539K->116871K(2831168K), 0.1487240 secs] 8407455K->5980896K(12268352K), 0.1490150 secs] [Times: user=1.65 sys=0.01, real=0.15 secs] 
2011-02-26T16:22:38.720+0000: 37408.019: [GC 37408.019: [ParNew: 2633479K->164681K(2831168K), 0.1810520 secs] 8497504K->6119063K(12268352K), 0.1813610 secs] [Times: user=1.31 sys=0.01, real=0.18 secs] 
2011-02-26T16:22:53.751+0000: 37423.050: [GC 37423.050: [ParNew: 2681289K->90895K(2831168K), 0.0999920 secs] 8635671K->6086708K(12268352K), 0.1002860 secs] [Times: user=1.13 sys=0.00, real=0.10 secs] 
2011-02-26T16:23:11.492+0000: 37440.791: [GC 37440.791: [ParNew: 2607503K->145000K(2831168K), 0.1632030 secs] 8603316K->6217570K(12268352K), 0.1635190 secs] [Times: user=1.56 sys=0.01, real=0.16 secs] 
2011-02-26T16:23:16.655+0000: 37445.954: [GC 37445.954: [ParNew: 2661608K->98342K(2831168K), 0.1402880 secs] 8734178K->6279184K(12268352K), 0.1406330 secs] [Times: user=1.30 sys=0.01, real=0.14 secs] 
2011-02-26T16:23:32.081+0000: 37461.380: [GC 37461.380: [ParNew: 2614950K->90671K(2831168K), 0.0994270 secs] 8795792K->6297267K(12268352K), 0.0997460 secs] [Times: user=1.04 sys=0.00, real=0.10 secs] 
2011-02-26T16:23:44.462+0000: 37473.761: [GC 37473.761: [ParNew: 2607279K->84190K(2831168K), 0.1518480 secs] 8813875K->6365058K(12268352K), 0.1521040 secs] [Times: user=1.44 sys=0.01, real=0.15 secs] 
2011-02-26T16:24:01.466+0000: 37490.766: [GC 37490.766: [ParNew: 2600798K->72860K(2831168K), 0.1045930 secs] 8881666K->6421049K(12268352K), 0.1048720 secs] [Times: user=1.13 sys=0.00, real=0.11 secs] 
2011-02-26T16:24:06.808+0000: 37496.107: [GC 37496.108: [ParNew: 2589468K->51669K(2831168K), 0.0627690 secs] 8937657K->6445388K(12268352K), 0.0630650 secs] [Times: user=0.67 sys=0.01, real=0.06 secs] 
2011-02-26T16:24:22.473+0000: 37511.772: [GC 37511.772: [ParNew: 2568305K->48356K(2831168K), 0.0424060 secs] 8962024K->6451717K(12268352K), 0.0426480 secs] [Times: user=0.52 sys=0.00, real=0.04 secs] 
2011-02-26T16:24:22.517+0000: 37511.816: [GC 37511.816: [ParNew: 49984K->17170K(2831168K), 0.0466930 secs] 6453345K->6452397K(12268352K), 0.0468750 secs] [Times: user=0.45 sys=0.00, real=0.05 secs] 
2011-02-26T16:24:33.664+0000: 37522.963: [GC 37522.964: [ParNew: 2533778K->160518K(2831168K), 0.0718730 secs] 8969005K->6595746K(12268352K), 0.0721410 secs] [Times: user=0.85 sys=0.01, real=0.07 secs] 
2011-02-26T16:24:44.012+0000: 37533.311: [GC 37533.311: [ParNew: 2677126K->92685K(2831168K), 0.1222220 secs] 9112354K->6597769K(12268352K), 0.1225680 secs] [Times: user=1.21 sys=0.00, real=0.12 secs] 
2011-02-26T16:25:01.196+0000: 37550.495: [GC 37550.495: [ParNew: 2609293K->124724K(2831168K), 0.1256610 secs] 9114377K->6688999K(12268352K), 0.1259170 secs] [Times: user=1.35 sys=0.01, real=0.13 secs] 
2011-02-26T16:25:06.922+0000: 37556.221: [GC 37556.221: [ParNew: 2641332K->77654K(2831168K), 0.1025670 secs] 9205607K->6725895K(12268352K), 0.1028570 secs] [Times: user=1.00 sys=0.01, real=0.10 secs] 
2011-02-26T16:25:18.741+0000: 37568.040: [GC 37568.041: [ParNew: 2594262K->54850K(2831168K), 0.0560470 secs] 9242503K->6725259K(12268352K), 0.0562910 secs] [Times: user=0.65 sys=0.00, real=0.06 secs] 
2011-02-26T16:25:33.765+0000: 37583.064: [GC 37583.064: [ParNew: 2571458K->120413K(2831168K), 0.1120930 secs] 9241867K->6830266K(12268352K), 0.1124020 secs] [Times: user=1.30 sys=0.00, real=0.12 secs] 
2011-02-26T16:25:36.930+0000: 37586.229: [GC 37586.229: [ParNew: 2637021K->255250K(2831168K), 0.1573550 secs] 9346874K->7052186K(12268352K), 0.1576340 secs] [Times: user=1.65 sys=0.01, real=0.16 secs] 
2011-02-26T16:25:55.166+0000: 37604.465: [GC 37604.465: [ParNew: 2771858K->141236K(2831168K), 0.1575090 secs] 9568794K->7001784K(12268352K), 0.1578040 secs] [Times: user=1.82 sys=0.01, real=0.16 secs] 
2011-02-26T16:26:06.117+0000: 37615.416: [GC 37615.417: [ParNew: 2657844K->97885K(2831168K), 0.1559280 secs] 9518392K->7073425K(12268352K), 0.1562340 secs] [Times: user=1.60 sys=0.01, real=0.16 secs] 
2011-02-26T16:26:11.641+0000: 37620.940: [GC 37620.940: [ParNew: 2614493K->69700K(2831168K), 0.0901660 secs] 9590033K->7104963K(12268352K), 0.0904470 secs] [Times: user=0.92 sys=0.00, real=0.09 secs] 
2011-02-26T16:26:31.772+0000: 37641.071: [GC 37641.071: [ParNew: 2586313K->122618K(2831168K), 0.1195860 secs] 9621575K->7192245K(12268352K), 0.1198760 secs] [Times: user=1.40 sys=0.01, real=0.12 secs] 
2011-02-26T16:26:42.944+0000: 37652.244: [GC 37652.244: [ParNew: 2639226K->116729K(2831168K), 0.1505410 secs] 9708853K->7287739K(12268352K), 0.1508310 secs] [Times: user=1.70 sys=0.00, real=0.15 secs] 
2011-02-26T16:26:43.097+0000: 37652.396: [GC [1 CMS-initial-mark: 7171009K(9437184K)] 7293685K(12268352K), 0.1226230 secs] [Times: user=0.12 sys=0.00, real=0.13 secs] 
2011-02-26T16:26:43.220+0000: 37652.519: [CMS-concurrent-mark-start]
2011-02-26T16:26:43.889+0000: 37653.188: [CMS-concurrent-mark: 0.666/0.669 secs] [Times: user=3.24 sys=0.24, real=0.67 secs] 
2011-02-26T16:26:43.889+0000: 37653.188: [CMS-concurrent-preclean-start]
2011-02-26T16:26:43.937+0000: 37653.236: [CMS-concurrent-preclean: 0.046/0.048 secs] [Times: user=0.06 sys=0.00, real=0.04 secs] 
2011-02-26T16:26:43.937+0000: 37653.236: [CMS-concurrent-abortable-preclean-start]
 CMS: abort preclean due to time 2011-02-26T16:26:48.992+0000: 37658.291: [CMS-concurrent-abortable-preclean: 5.025/5.055 secs] [Times: user=8.72 sys=1.91, real=5.06 secs] 
2011-02-26T16:26:48.993+0000: 37658.292: [GC[YG occupancy: 988809 K (2831168 K)]37658.292: [Rescan (parallel) , 0.1672000 secs]37658.459: [weak refs processing, 0.0330950 secs] [1 CMS-remark: 7171009K(9437184K)] 8159819K(12268352K), 0.2005470 secs] [Times: user=2.13 sys=0.00, real=0.20 secs] 
2011-02-26T16:26:49.194+0000: 37658.493: [CMS-concurrent-sweep-start]
2011-02-26T16:27:00.011+0000: 37669.310: [GC 37669.310: [ParNew: 2633337K->89709K(2831168K), 0.1367870 secs] 8012736K->5559475K(12268352K), 0.1370270 secs] [Times: user=1.32 sys=0.00, real=0.14 secs] 
2011-02-26T16:27:06.686+0000: 37675.986: [GC 37675.986: [ParNew: 2606317K->39369K(2831168K), 0.0658580 secs] 6977453K->4454909K(12268352K), 0.0661010 secs] [Times: user=0.76 sys=0.00, real=0.07 secs] 
2011-02-26T16:27:20.170+0000: 37689.470: [GC 37689.470: [ParNew: 2555977K->40661K(2831168K), 0.0426480 secs] 5055657K->2551271K(12268352K), 0.0429220 secs] [Times: user=0.48 sys=0.01, real=0.04 secs] 
2011-02-26T16:27:28.910+0000: 37698.209: [CMS-concurrent-sweep: 39.377/39.716 secs] [Times: user=71.35 sys=12.22, real=39.72 secs] 
2011-02-26T16:27:28.910+0000: 37698.209: [CMS-concurrent-reset-start]
2011-02-26T16:27:28.936+0000: 37698.235: [CMS-concurrent-reset: 0.026/0.026 secs] [Times: user=0.01 sys=0.00, real=0.02 secs] 
2011-02-26T16:27:33.582+0000: 37702.882: [GC 37702.882: [ParNew: 2557292K->97619K(2831168K), 0.0909290 secs] 3597732K->1165111K(12268352K), 0.0912180 secs] [Times: user=0.97 sys=0.00, real=0.09 secs] 
2011-02-26T16:27:33.675+0000: 37702.974: [GC 37702.974: [ParNew: 98577K->28528K(2831168K), 0.0898560 secs] 1166069K->1166054K(12268352K), 0.0900810 secs] [Times: user=0.84 sys=0.00, real=0.09 secs] 
2011-02-26T16:27:41.374+0000: 37710.673: [GC 37710.674: [ParNew: 2545136K->135543K(2831168K), 0.0577940 secs] 3682662K->1273069K(12268352K), 0.0580810 secs] [Times: user=0.78 sys=0.00, real=0.06 secs] 
2011-02-26T16:27:59.450+0000: 37728.749: [GC 37728.749: [ParNew: 2652151K->103165K(2831168K), 0.1058030 secs] 3789677K->1285534K(12268352K), 0.1060990 secs] [Times: user=1.18 sys=0.00, real=0.10 secs] 
2011-02-26T16:28:08.122+0000: 37737.422: [GC 37737.422: [ParNew: 2619773K->71259K(2831168K), 0.1258860 secs] 3802142K->1339284K(12268352K), 0.1262060 secs] [Times: user=1.09 sys=0.00, real=0.13 secs] 
2011-02-26T16:28:14.209+0000: 37743.509: [GC 37743.509: [ParNew: 2587867K->30787K(2831168K), 0.0660350 secs] 3855892K->1326782K(12268352K), 0.0663430 secs] [Times: user=0.58 sys=0.00, real=0.06 secs] 
2011-02-26T16:28:33.399+0000: 37762.698: [GC 37762.698: [ParNew: 2547395K->104372K(2831168K), 0.1084840 secs] 3843390K->1425953K(12268352K), 0.1088030 secs] [Times: user=1.05 sys=0.02, real=0.11 secs] 
2011-02-26T16:28:42.838+0000: 37772.137: [GC 37772.138: [ParNew: 2620980K->250056K(2831168K), 0.2292540 secs] 3942561K->1662301K(12268352K), 0.2295690 secs] [Times: user=1.67 sys=0.02, real=0.23 secs] 
2011-02-26T16:28:47.399+0000: 37776.698: [GC 37776.699: [ParNew: 2766664K->159388K(2831168K), 0.2016210 secs] 4178909K->1645562K(12268352K), 0.2019170 secs] [Times: user=1.57 sys=0.00, real=0.20 secs] 
2011-02-26T16:28:52.102+0000: 37781.401: [GC 37781.401: [ParNew: 2675996K->57205K(2831168K), 0.1162660 secs] 4162170K->1653728K(12268352K), 0.1165660 secs] [Times: user=1.08 sys=0.00, real=0.12 secs] 
2011-02-26T16:29:05.322+0000: 37794.621: [GC 37794.621: [ParNew: 2573813K->99933K(2831168K), 0.0996340 secs] 4170336K->1732767K(12268352K), 0.0999370 secs] [Times: user=1.10 sys=0.00, real=0.10 secs] 
2011-02-26T16:29:08.131+0000: 37797.430: [GC 37797.430: [ParNew: 2616541K->68667K(2831168K), 0.0993770 secs] 4249375K->1780692K(12268352K), 0.0996780 secs] [Times: user=0.91 sys=0.01, real=0.10 secs] 
2011-02-26T16:29:22.310+0000: 37811.609: [GC 37811.609: [ParNew: 2585275K->160659K(2831168K), 0.0794270 secs] 4297300K->1883624K(12268352K), 0.0797550 secs] [Times: user=0.89 sys=0.00, real=0.08 secs] 
2011-02-26T16:29:35.575+0000: 37824.874: [GC 37824.875: [ParNew: 2677267K->152400K(2831168K), 0.1662350 secs] 4400232K->1942718K(12268352K), 0.1665980 secs] [Times: user=1.67 sys=0.02, real=0.17 secs] 
2011-02-26T16:29:51.019+0000: 37840.318: [GC 37840.319: [ParNew: 2669008K->118157K(2831168K), 0.1760450 secs] 4459326K->2035093K(12268352K), 0.1763360 secs] [Times: user=1.84 sys=0.01, real=0.17 secs] 
2011-02-26T16:30:05.268+0000: 37854.568: [GC 37854.568: [ParNew: 2634765K->96433K(2831168K), 0.1132140 secs] 4551701K->2095119K(12268352K), 0.1135180 secs] [Times: user=1.19 sys=0.02, real=0.11 secs] 
2011-02-26T16:30:08.015+0000: 37857.314: [GC 37857.314: [ParNew: 2613041K->37156K(2831168K), 0.0485410 secs] 4611727K->2073301K(12268352K), 0.0488370 secs] [Times: user=0.53 sys=0.00, real=0.05 secs] 
2011-02-26T16:30:29.982+0000: 37879.281: [GC 37879.282: [ParNew: 2553764K->71400K(2831168K), 0.0458720 secs] 4589909K->2111011K(12268352K), 0.0461740 secs] [Times: user=0.52 sys=0.01, real=0.05 secs] 
2011-02-26T16:30:38.336+0000: 37887.635: [GC 37887.635: [ParNew: 2588008K->80065K(2831168K), 0.1002740 secs] 4627619K->2161055K(12268352K), 0.1005650 secs] [Times: user=1.18 sys=0.00, real=0.10 secs] 
2011-02-26T16:30:51.136+0000: 37900.435: [GC 37900.435: [ParNew: 2596673K->145977K(2831168K), 0.1092420 secs] 4677663K->2298994K(12268352K), 0.1095310 secs] [Times: user=1.19 sys=0.00, real=0.11 secs] 
2011-02-26T16:31:04.720+0000: 37914.019: [GC 37914.019: [ParNew: 2662585K->81605K(2831168K), 0.0910740 secs] 4815602K->2275236K(12268352K), 0.0913740 secs] [Times: user=1.02 sys=0.01, real=0.09 secs] 
2011-02-26T16:31:07.078+0000: 37916.377: [GC 37916.378: [ParNew: 2598213K->56404K(2831168K), 0.0772050 secs] 4791844K->2315810K(12268352K), 0.0775000 secs] [Times: user=0.70 sys=0.00, real=0.07 secs] 
2011-02-26T16:31:21.023+0000: 37930.322: [GC 37930.322: [ParNew: 2573012K->83251K(2831168K), 0.0468180 secs] 4832418K->2349305K(12268352K), 0.0471120 secs] [Times: user=0.54 sys=0.00, real=0.05 secs] 
2011-02-26T16:31:33.831+0000: 37943.130: [GC 37943.130: [ParNew: 2599871K->155295K(2831168K), 0.1715410 secs] 4865924K->2471697K(12268352K), 0.1718300 secs] [Times: user=1.39 sys=0.00, real=0.17 secs] 
2011-02-26T16:31:34.004+0000: 37943.303: [GC 37943.303: [ParNew: 155637K->109356K(2831168K), 0.1664840 secs] 2472039K->2559522K(12268352K), 0.1667110 secs] [Times: user=1.38 sys=0.03, real=0.17 secs] 
2011-02-26T16:31:51.878+0000: 37961.177: [GC 37961.177: [ParNew: 2625964K->100951K(2831168K), 0.0731710 secs] 5076130K->2551117K(12268352K), 0.0734590 secs] [Times: user=0.82 sys=0.00, real=0.07 secs] 
2011-02-26T16:31:56.500+0000: 37965.799: [GC 37965.800: [ParNew: 2617559K->167562K(2831168K), 0.1593010 secs] 5067725K->2699605K(12268352K), 0.1595780 secs] [Times: user=1.68 sys=0.02, real=0.16 secs] 
2011-02-26T16:32:00.838+0000: 37970.137: [GC 37970.137: [ParNew: 2684170K->66381K(2831168K), 0.0895250 secs] 5216213K->2727836K(12268352K), 0.0898030 secs] [Times: user=0.98 sys=0.00, real=0.09 secs] 
2011-02-26T16:32:05.966+0000: 37975.265: [GC 37975.265: [ParNew: 2582989K->35362K(2831168K), 0.0616410 secs] 5244444K->2731959K(12268352K), 0.0619420 secs] [Times: user=0.63 sys=0.00, real=0.07 secs] 
2011-02-26T16:32:11.727+0000: 37981.026: [GC 37981.027: [ParNew: 2551993K->49612K(2831168K), 0.0554490 secs] 5248590K->2767624K(12268352K), 0.0557660 secs] [Times: user=0.60 sys=0.00, real=0.05 secs] 
2011-02-26T16:32:11.785+0000: 37981.084: [GC 37981.084: [ParNew: 51467K->17606K(2831168K), 0.0449300 secs] 2769479K->2765575K(12268352K), 0.0451840 secs] [Times: user=0.53 sys=0.00, real=0.05 secs] 
2011-02-26T16:32:32.057+0000: 38001.356: [GC 38001.356: [ParNew: 2534214K->108914K(2831168K), 0.0784400 secs] 5282183K->2856900K(12268352K), 0.0786730 secs] [Times: user=0.97 sys=0.01, real=0.08 secs] 
2011-02-26T16:32:44.453+0000: 38013.752: [GC 38013.752: [ParNew: 2625522K->173906K(2831168K), 0.1900690 secs] 5373508K->3027359K(12268352K), 0.1903060 secs] [Times: user=2.00 sys=0.02, real=0.19 secs] 
2011-02-26T16:33:01.423+0000: 38030.723: [GC 38030.723: [ParNew: 2690514K->123219K(2831168K), 0.1935740 secs] 5543967K->3113567K(12268352K), 0.1938160 secs] [Times: user=2.02 sys=0.00, real=0.20 secs] 
2011-02-26T16:33:06.894+0000: 38036.193: [GC 38036.193: [ParNew: 2639827K->90763K(2831168K), 0.0968060 secs] 5630175K->3160734K(12268352K), 0.0970500 secs] [Times: user=1.02 sys=0.01, real=0.10 secs] 
2011-02-26T16:33:16.182+0000: 38045.481: [GC 38045.481: [ParNew: 2607371K->37786K(2831168K), 0.0353180 secs] 5677342K->3118134K(12268352K), 0.0355540 secs] [Times: user=0.39 sys=0.00, real=0.04 secs] 
2011-02-26T16:33:33.199+0000: 38062.498: [GC 38062.498: [ParNew: 2554394K->76141K(2831168K), 0.0792860 secs] 5634742K->3177783K(12268352K), 0.0795200 secs] [Times: user=0.88 sys=0.00, real=0.08 secs] 
2011-02-26T16:33:48.371+0000: 38077.670: [GC 38077.671: [ParNew: 2592749K->90639K(2831168K), 0.1150180 secs] 5694391K->3251898K(12268352K), 0.1152520 secs] [Times: user=1.25 sys=0.00, real=0.11 secs] 
2011-02-26T16:34:00.333+0000: 38089.632: [GC 38089.632: [ParNew: 2607247K->138570K(2831168K), 0.0988430 secs] 5768506K->3357142K(12268352K), 0.0990790 secs] [Times: user=1.04 sys=0.01, real=0.10 secs] 
2011-02-26T16:34:05.034+0000: 38094.333: [GC 38094.334: [ParNew: 2655178K->129761K(2831168K), 0.0760410 secs] 5873750K->3388936K(12268352K), 0.0763410 secs] [Times: user=0.87 sys=0.00, real=0.08 secs] 
2011-02-26T16:34:06.654+0000: 38095.953: [GC 38095.953: [ParNew: 2646369K->21312K(2831168K), 0.0562050 secs] 5905544K->3383898K(12268352K), 0.0565050 secs] [Times: user=0.61 sys=0.00, real=0.06 secs] 
2011-02-26T16:34:08.912+0000: 38098.211: [GC 38098.211: [ParNew: 2537920K->11091K(2831168K), 0.0249770 secs] 5900506K->3378335K(12268352K), 0.0252740 secs] [Times: user=0.26 sys=0.00, real=0.03 secs] 
2011-02-26T16:34:23.445+0000: 38112.744: [GC 38112.744: [ParNew: 2527699K->53014K(2831168K), 0.0551900 secs] 5894943K->3427322K(12268352K), 0.0554840 secs] [Times: user=0.61 sys=0.00, real=0.06 secs] 
2011-02-26T16:34:34.506+0000: 38123.805: [GC 38123.805: [ParNew: 2569622K->125838K(2831168K), 0.1212390 secs] 5943930K->3548477K(12268352K), 0.1215230 secs] [Times: user=1.40 sys=0.02, real=0.13 secs] 
2011-02-26T16:34:53.430+0000: 38142.729: [GC 38142.729: [ParNew: 2642446K->126990K(2831168K), 0.1497890 secs] 6065085K->3651666K(12268352K), 0.1500810 secs] [Times: user=1.58 sys=0.01, real=0.15 secs] 
2011-02-26T16:35:04.943+0000: 38154.242: [GC 38154.242: [ParNew: 2643598K->235532K(2831168K), 0.1358430 secs] 6168274K->3847626K(12268352K), 0.1361200 secs] [Times: user=1.43 sys=0.00, real=0.14 secs] 
2011-02-26T16:35:06.649+0000: 38155.948: [GC 38155.949: [ParNew: 2752140K->40618K(2831168K), 0.0928230 secs] 6364234K->3847884K(12268352K), 0.0930720 secs] [Times: user=0.93 sys=0.01, real=0.09 secs] 
2011-02-26T16:35:14.120+0000: 38163.419: [GC 38163.419: [ParNew: 2557226K->69788K(2831168K), 0.0639000 secs] 6364492K->3888770K(12268352K), 0.0641370 secs] [Times: user=0.76 sys=0.00, real=0.06 secs] 
2011-02-26T16:35:32.774+0000: 38182.073: [GC 38182.073: [ParNew: 2586417K->133940K(2831168K), 0.1256880 secs] 6405399K->4002486K(12268352K), 0.1259230 secs] [Times: user=1.41 sys=0.01, real=0.13 secs] 
2011-02-26T16:35:32.901+0000: 38182.200: [GC 38182.200: [ParNew: 135223K->68460K(2831168K), 0.1233930 secs] 4003769K->4056776K(12268352K), 0.1236020 secs] [Times: user=1.15 sys=0.01, real=0.12 secs] 
2011-02-26T16:35:47.313+0000: 38196.612: [GC 38196.612: [ParNew: 2585068K->167600K(2831168K), 0.0895350 secs] 6573384K->4155918K(12268352K), 0.0897640 secs] [Times: user=1.12 sys=0.00, real=0.09 secs] 
2011-02-26T16:36:04.573+0000: 38213.872: [GC 38213.872: [ParNew: 2684208K->162111K(2831168K), 0.1952810 secs] 6672526K->4281395K(12268352K), 0.1955280 secs] [Times: user=2.10 sys=0.02, real=0.20 secs] 
2011-02-26T16:36:07.805+0000: 38217.104: [GC 38217.104: [ParNew: 2678719K->106786K(2831168K), 0.1230910 secs] 6798003K->4334077K(12268352K), 0.1233730 secs] [Times: user=1.19 sys=0.03, real=0.13 secs] 
2011-02-26T16:36:24.739+0000: 38234.038: [GC 38234.038: [ParNew: 2623394K->57320K(2831168K), 0.0514670 secs] 6850685K->4288421K(12268352K), 0.0517050 secs] [Times: user=0.55 sys=0.00, real=0.05 secs] 
2011-02-26T16:36:35.256+0000: 38244.555: [GC 38244.555: [ParNew: 2573928K->89911K(2831168K), 0.0995940 secs] 6805029K->4356603K(12268352K), 0.0999000 secs] [Times: user=1.06 sys=0.00, real=0.10 secs] 
2011-02-26T16:36:53.669+0000: 38262.968: [GC 38262.968: [ParNew: 2606519K->76802K(2831168K), 0.1147810 secs] 6873211K->4413801K(12268352K), 0.1150770 secs] [Times: user=1.20 sys=0.01, real=0.11 secs] 
2011-02-26T16:37:05.748+0000: 38275.047: [GC 38275.047: [ParNew: 2593410K->39776K(2831168K), 0.0737450 secs] 6930409K->4420746K(12268352K), 0.0740500 secs] [Times: user=0.84 sys=0.00, real=0.07 secs] 
2011-02-26T16:37:10.584+0000: 38279.883: [GC 38279.883: [ParNew: 2556384K->30740K(2831168K), 0.0489920 secs] 6937354K->4440922K(12268352K), 0.0492840 secs] [Times: user=0.53 sys=0.00, real=0.05 secs] 
2011-02-26T16:37:23.330+0000: 38292.629: [GC 38292.629: [ParNew: 2547348K->84791K(2831168K), 0.0535350 secs] 6957530K->4503304K(12268352K), 0.0538340 secs] [Times: user=0.65 sys=0.00, real=0.05 secs] 
2011-02-26T16:37:34.418+0000: 38303.717: [GC 38303.718: [ParNew: 2601399K->123141K(2831168K), 0.1226790 secs] 7019912K->4592127K(12268352K), 0.1229680 secs] [Times: user=1.36 sys=0.00, real=0.12 secs] 
2011-02-26T16:37:53.041+0000: 38322.340: [GC 38322.340: [ParNew: 2639749K->112401K(2831168K), 0.1570930 secs] 7108735K->4682854K(12268352K), 0.1573930 secs] [Times: user=1.60 sys=0.00, real=0.16 secs] 
2011-02-26T16:38:05.412+0000: 38334.712: [GC 38334.712: [ParNew: 2629009K->91543K(2831168K), 0.1298090 secs] 7199462K->4745463K(12268352K), 0.1301490 secs] [Times: user=1.22 sys=0.01, real=0.13 secs] 
2011-02-26T16:38:07.653+0000: 38336.952: [GC 38336.952: [ParNew: 2608151K->62616K(2831168K), 0.0706860 secs] 7262071K->4769572K(12268352K), 0.0709850 secs] [Times: user=0.72 sys=0.01, real=0.07 secs] 
2011-02-26T16:38:19.351+0000: 38348.650: [GC 38348.650: [ParNew: 2579224K->193390K(2831168K), 0.0609360 secs] 7286180K->4907467K(12268352K), 0.0612360 secs] [Times: user=0.70 sys=0.01, real=0.06 secs] 
2011-02-26T16:38:24.167+0000: 38353.466: [GC 38353.467: [ParNew: 2709998K->128173K(2831168K), 0.0772560 secs] 7424075K->4880724K(12268352K), 0.0775420 secs] [Times: user=0.71 sys=0.01, real=0.07 secs] 
2011-02-26T16:38:30.170+0000: 38359.469: [GC 38359.470: [ParNew: 2644781K->49648K(2831168K), 0.0747090 secs] 7397332K->4836708K(12268352K), 0.0749990 secs] [Times: user=0.78 sys=0.01, real=0.07 secs] 
2011-02-26T16:38:39.631+0000: 38368.931: [GC 38368.931: [ParNew: 2566256K->155760K(2831168K), 0.1118460 secs] 7353316K->4972903K(12268352K), 0.1121370 secs] [Times: user=1.26 sys=0.01, real=0.11 secs] 
2011-02-26T16:38:57.578+0000: 38386.877: [GC 38386.877: [ParNew: 2672368K->177460K(2831168K), 0.2061580 secs] 7489511K->5129029K(12268352K), 0.2064750 secs] [Times: user=2.08 sys=0.03, real=0.20 secs] 
2011-02-26T16:39:06.202+0000: 38395.501: [GC 38395.501: [ParNew: 2694020K->118645K(2831168K), 0.1451310 secs] 7645589K->5191170K(12268352K), 0.1454300 secs] [Times: user=1.44 sys=0.01, real=0.15 secs] 
2011-02-26T16:39:12.711+0000: 38402.010: [GC 38402.011: [ParNew: 2635253K->50989K(2831168K), 0.0839220 secs] 7707778K->5168453K(12268352K), 0.0842210 secs] [Times: user=0.90 sys=0.00, real=0.08 secs] 
2011-02-26T16:39:34.489+0000: 38423.788: [GC 38423.788: [ParNew: 2567597K->94655K(2831168K), 0.1182910 secs] 7685061K->5250272K(12268352K), 0.1185540 secs] [Times: user=1.09 sys=0.02, real=0.12 secs] 
2011-02-26T16:39:46.412+0000: 38435.711: [GC 38435.711: [ParNew: 2611263K->90639K(2831168K), 0.1212740 secs] 7766880K->5317119K(12268352K), 0.1215100 secs] [Times: user=1.26 sys=0.01, real=0.12 secs] 
2011-02-26T16:40:04.287+0000: 38453.586: [GC 38453.586: [ParNew: 2607247K->72819K(2831168K), 0.1154870 secs] 7833727K->5360116K(12268352K), 0.1157250 secs] [Times: user=1.26 sys=0.00, real=0.11 secs] 
2011-02-26T16:40:07.057+0000: 38456.357: [GC 38456.357: [ParNew: 2589427K->51103K(2831168K), 0.0637220 secs] 7876724K->5384817K(12268352K), 0.0639640 secs] [Times: user=0.68 sys=0.01, real=0.07 secs] 
2011-02-26T16:40:20.604+0000: 38469.903: [GC 38469.903: [ParNew: 2567711K->61107K(2831168K), 0.0419240 secs] 7901425K->5398847K(12268352K), 0.0421620 secs] [Times: user=0.52 sys=0.00, real=0.04 secs] 
2011-02-26T16:40:32.400+0000: 38481.699: [GC 38481.700: [ParNew: 2577715K->158979K(2831168K), 0.0952070 secs] 7915455K->5524554K(12268352K), 0.0954410 secs] [Times: user=0.99 sys=0.01, real=0.09 secs] 
2011-02-26T16:40:43.037+0000: 38492.336: [GC 38492.336: [ParNew: 2675587K->107330K(2831168K), 0.1225090 secs] 8041162K->5534698K(12268352K), 0.1227500 secs] [Times: user=1.32 sys=0.01, real=0.12 secs] 
2011-02-26T16:41:00.227+0000: 38509.526: [GC 38509.527: [ParNew: 2623938K->139524K(2831168K), 0.1492010 secs] 8051306K->5650524K(12268352K), 0.1494370 secs] [Times: user=1.56 sys=0.03, real=0.14 secs] 
2011-02-26T16:41:06.068+0000: 38515.367: [GC 38515.367: [ParNew: 2656132K->83113K(2831168K), 0.1145680 secs] 8167132K->5679543K(12268352K), 0.1148100 secs] [Times: user=1.09 sys=0.00, real=0.11 secs] 
2011-02-26T16:41:11.971+0000: 38521.270: [GC 38521.270: [ParNew: 2599721K->35288K(2831168K), 0.0517810 secs] 8196151K->5651727K(12268352K), 0.0520210 secs] [Times: user=0.49 sys=0.00, real=0.05 secs] 
2011-02-26T16:41:32.076+0000: 38541.375: [GC 38541.375: [ParNew: 2529922K->189478K(2831168K), 0.1029640 secs] 8146361K->5829865K(12268352K), 0.1032840 secs] [Times: user=1.02 sys=0.01, real=0.11 secs] 
2011-02-26T16:41:34.710+0000: 38544.009: [GC 38544.010: [ParNew: 2706086K->181599K(2831168K), 0.1347770 secs] 8346473K->5981173K(12268352K), 0.1350640 secs] [Times: user=1.43 sys=0.01, real=0.13 secs] 
2011-02-26T16:41:39.593+0000: 38548.892: [GC 38548.892: [ParNew: 2698207K->151693K(2831168K), 0.1349720 secs] 8497781K->6099864K(12268352K), 0.1352580 secs] [Times: user=1.42 sys=0.04, real=0.14 secs] 
2011-02-26T16:41:51.638+0000: 38560.937: [GC 38560.938: [ParNew: 2668301K->97348K(2831168K), 0.0979590 secs] 8616472K->6081311K(12268352K), 0.0982970 secs] [Times: user=1.06 sys=0.00, real=0.09 secs] 
2011-02-26T16:42:05.201+0000: 38574.500: [GC 38574.500: [ParNew: 2613956K->132816K(2831168K), 0.1296260 secs] 8597919K->6193079K(12268352K), 0.1299280 secs] [Times: user=1.37 sys=0.01, real=0.13 secs] 
2011-02-26T16:42:07.811+0000: 38577.110: [GC 38577.110: [ParNew: 2649424K->83886K(2831168K), 0.0988950 secs] 8709687K->6232115K(12268352K), 0.0991950 secs] [Times: user=0.97 sys=0.01, real=0.10 secs] 
2011-02-26T16:42:29.868+0000: 38599.167: [GC 38599.167: [ParNew: 2600494K->102314K(2831168K), 0.0809790 secs] 8748723K->6259559K(12268352K), 0.0812810 secs] [Times: user=0.96 sys=0.01, real=0.08 secs] 
2011-02-26T16:42:38.593+0000: 38607.892: [GC 38607.892: [ParNew: 2618922K->114426K(2831168K), 0.1580320 secs] 8776167K->6367590K(12268352K), 0.1582900 secs] [Times: user=1.69 sys=0.01, real=0.16 secs] 
2011-02-26T16:42:57.637+0000: 38626.936: [GC 38626.937: [ParNew: 2631034K->91610K(2831168K), 0.1591020 secs] 8884198K->6431036K(12268352K), 0.1594150 secs] [Times: user=1.49 sys=0.01, real=0.16 secs] 
2011-02-26T16:43:07.225+0000: 38636.524: [GC 38636.524: [ParNew: 2608218K->45767K(2831168K), 0.0705380 secs] 8947644K->6428245K(12268352K), 0.0708020 secs] [Times: user=0.77 sys=0.00, real=0.07 secs] 
2011-02-26T16:43:13.406+0000: 38642.705: [GC 38642.705: [ParNew: 2562375K->32001K(2831168K), 0.0442360 secs] 8944853K->6436389K(12268352K), 0.0444810 secs] [Times: user=0.51 sys=0.01, real=0.05 secs] 
2011-02-26T16:43:32.634+0000: 38661.933: [GC 38661.933: [ParNew: 2548609K->82102K(2831168K), 0.0789950 secs] 8952997K->6500693K(12268352K), 0.0792400 secs] [Times: user=0.93 sys=0.00, real=0.08 secs] 
2011-02-26T16:43:36.811+0000: 38666.110: [GC 38666.110: [ParNew: 2598710K->154756K(2831168K), 0.1206260 secs] 9017301K->6631349K(12268352K), 0.1209180 secs] [Times: user=1.20 sys=0.01, real=0.12 secs] 
2011-02-26T16:43:55.006+0000: 38684.305: [GC 38684.305: [ParNew: 2671364K->122375K(2831168K), 0.1239390 secs] 9147957K->6658536K(12268352K), 0.1242320 secs] [Times: user=1.30 sys=0.01, real=0.13 secs] 
2011-02-26T16:44:05.539+0000: 38694.838: [GC 38694.838: [ParNew: 2638983K->149819K(2831168K), 0.1186430 secs] 9175144K->6768163K(12268352K), 0.1189580 secs] [Times: user=1.17 sys=0.01, real=0.12 secs] 
2011-02-26T16:44:08.227+0000: 38697.526: [GC 38697.527: [ParNew: 2666427K->38441K(2831168K), 0.0696810 secs] 9284771K->6698956K(12268352K), 0.0699880 secs] [Times: user=0.73 sys=0.01, real=0.08 secs] 
2011-02-26T16:44:30.081+0000: 38719.380: [GC 38719.380: [ParNew: 2555049K->101368K(2831168K), 0.0655490 secs] 9215564K->6771649K(12268352K), 0.0658710 secs] [Times: user=0.76 sys=0.00, real=0.06 secs] 
2011-02-26T16:44:35.302+0000: 38724.602: [GC 38724.602: [ParNew: 2617976K->263030K(2831168K), 0.1648660 secs] 9288257K->7008523K(12268352K), 0.1652190 secs] [Times: user=1.52 sys=0.01, real=0.17 secs] 
2011-02-26T16:44:44.716+0000: 38734.015: [GC 38734.016: [ParNew: 2779638K->100397K(2831168K), 0.1326010 secs] 9525131K->6931058K(12268352K), 0.1328850 secs] [Times: user=1.41 sys=0.00, real=0.14 secs] 
2011-02-26T16:45:02.538+0000: 38751.837: [GC 38751.838: [ParNew: 2617005K->159345K(2831168K), 0.1497300 secs] 9447666K->7058522K(12268352K), 0.1499770 secs] [Times: user=1.59 sys=0.00, real=0.15 secs] 
2011-02-26T16:45:13.481+0000: 38762.780: [GC 38762.780: [ParNew: 2676081K->115098K(2831168K), 0.1604350 secs] 9575258K->7133061K(12268352K), 0.1606700 secs] [Times: user=1.56 sys=0.01, real=0.16 secs] 
2011-02-26T16:45:20.333+0000: 38769.632: [GC 38769.632: [ParNew: 2631706K->53120K(2831168K), 0.0804160 secs] 9649669K->7125441K(12268352K), 0.0806560 secs] [Times: user=0.83 sys=0.00, real=0.08 secs] 
2011-02-26T16:45:34.170+0000: 38783.469: [GC 38783.469: [ParNew: 2569728K->174758K(2831168K), 0.1620730 secs] 9642049K->7274660K(12268352K), 0.1623610 secs] [Times: user=1.69 sys=0.01, real=0.16 secs] 
2011-02-26T16:45:34.333+0000: 38783.632: [GC [1 CMS-initial-mark: 7099901K(9437184K)] 7279334K(12268352K), 0.2277380 secs] [Times: user=0.23 sys=0.01, real=0.23 secs] 
2011-02-26T16:45:34.561+0000: 38783.860: [CMS-concurrent-mark-start]
2011-02-26T16:45:35.220+0000: 38784.520: [CMS-concurrent-mark: 0.657/0.659 secs] [Times: user=4.32 sys=0.40, real=0.66 secs] 
2011-02-26T16:45:35.221+0000: 38784.520: [CMS-concurrent-preclean-start]
2011-02-26T16:45:35.294+0000: 38784.593: [CMS-concurrent-preclean: 0.069/0.073 secs] [Times: user=0.09 sys=0.03, real=0.07 secs] 
2011-02-26T16:45:35.294+0000: 38784.593: [CMS-concurrent-abortable-preclean-start]
 CMS: abort preclean due to time 2011-02-26T16:45:40.552+0000: 38789.851: [CMS-concurrent-abortable-preclean: 5.190/5.258 secs] [Times: user=8.53 sys=1.40, real=5.26 secs] 
2011-02-26T16:45:40.554+0000: 38789.853: [GC[YG occupancy: 1184831 K (2831168 K)]38789.853: [Rescan (parallel) , 1.2673520 secs]38791.120: [weak refs processing, 0.0295440 secs] [1 CMS-remark: 7099901K(9437184K)] 8284732K(12268352K), 1.2971340 secs] [Times: user=14.54 sys=0.10, real=1.30 secs] 
2011-02-26T16:45:41.851+0000: 38791.150: [CMS-concurrent-sweep-start]
2011-02-26T16:45:51.379+0000: 38800.678: [GC 38800.678: [ParNew: 2691375K->129871K(2831168K), 0.1785700 secs] 8687326K->6253719K(12268352K), 0.1788040 secs] [Times: user=1.69 sys=0.00, real=0.18 secs] 
2011-02-26T16:45:51.560+0000: 38800.859: [GC 38800.859: [ParNew: 130888K->32563K(2831168K), 0.0641370 secs] 6254706K->6211052K(12268352K), 0.0643180 secs] [Times: user=0.66 sys=0.01, real=0.06 secs] 
2011-02-26T16:46:05.039+0000: 38814.338: [GC 38814.338: [ParNew: 2549171K->67405K(2831168K), 0.0365440 secs] 7267632K->4785866K(12268352K), 0.0367840 secs] [Times: user=0.40 sys=0.01, real=0.03 secs] 
2011-02-26T16:46:07.510+0000: 38816.809: [GC 38816.809: [ParNew: 2584013K->28003K(2831168K), 0.0485700 secs] 7091702K->4569147K(12268352K), 0.0488080 secs] [Times: user=0.51 sys=0.00, real=0.04 secs] 
2011-02-26T16:46:26.369+0000: 38835.668: [GC 38835.668: [ParNew: 2544611K->64110K(2831168K), 0.0461480 secs] 5345035K->2867923K(12268352K), 0.0464150 secs] [Times: user=0.52 sys=0.01, real=0.04 secs] 
2011-02-26T16:46:36.101+0000: 38845.400: [GC 38845.400: [ParNew: 2580718K->107015K(2831168K), 0.1019960 secs] 4615128K->2177167K(12268352K), 0.1022280 secs] [Times: user=1.14 sys=0.00, real=0.10 secs] 
2011-02-26T16:46:44.899+0000: 38854.198: [CMS-concurrent-sweep: 62.408/63.048 secs] [Times: user=125.04 sys=22.86, real=63.05 secs] 
2011-02-26T16:46:44.899+0000: 38854.198: [CMS-concurrent-reset-start]
2011-02-26T16:46:44.924+0000: 38854.223: [CMS-concurrent-reset: 0.025/0.025 secs] [Times: user=0.08 sys=0.00, real=0.02 secs] 
2011-02-26T16:46:45.212+0000: 38854.512: [GC 38854.512: [ParNew: 2623623K->145073K(2831168K), 0.1177680 secs] 3724818K->1318693K(12268352K), 0.1180650 secs] [Times: user=1.15 sys=0.02, real=0.12 secs] 
2011-02-26T16:46:49.569+0000: 38858.868: [GC 38858.869: [ParNew: 2661681K->50299K(2831168K), 0.0789910 secs] 3835301K->1341202K(12268352K), 0.0792750 secs] [Times: user=0.80 sys=0.01, real=0.08 secs] 
2011-02-26T16:46:57.114+0000: 38866.413: [GC 38866.413: [ParNew: 2566907K->47966K(2831168K), 0.0585960 secs] 3857810K->1364176K(12268352K), 0.0588780 secs] [Times: user=0.65 sys=0.00, real=0.06 secs] 
2011-02-26T16:47:05.868+0000: 38875.167: [GC 38875.167: [ParNew: 2564527K->50162K(2831168K), 0.0722840 secs] 3880737K->1401659K(12268352K), 0.0725890 secs] [Times: user=0.76 sys=0.01, real=0.07 secs] 
2011-02-26T16:47:10.320+0000: 38879.619: [GC 38879.619: [ParNew: 2566770K->111609K(2831168K), 0.0731680 secs] 3918267K->1500575K(12268352K), 0.0734670 secs] [Times: user=0.69 sys=0.00, real=0.08 secs] 
2011-02-26T16:47:27.729+0000: 38897.028: [GC 38897.028: [ParNew: 2628217K->77631K(2831168K), 0.0759540 secs] 4017183K->1483662K(12268352K), 0.0762460 secs] [Times: user=0.63 sys=0.02, real=0.07 secs] 
2011-02-26T16:47:37.210+0000: 38906.509: [GC 38906.509: [ParNew: 2594239K->130871K(2831168K), 0.1601260 secs] 4000270K->1596372K(12268352K), 0.1604130 secs] [Times: user=1.44 sys=0.00, real=0.16 secs] 
2011-02-26T16:47:48.435+0000: 38917.734: [GC 38917.734: [ParNew: 2647479K->243847K(2831168K), 0.2197640 secs] 4112980K->1813272K(12268352K), 0.2200570 secs] [Times: user=1.75 sys=0.01, real=0.22 secs] 
2011-02-26T16:47:53.101+0000: 38922.400: [GC 38922.400: [ParNew: 2760455K->136642K(2831168K), 0.0919450 secs] 4329880K->1758917K(12268352K), 0.0922310 secs] [Times: user=0.93 sys=0.00, real=0.09 secs] 
2011-02-26T16:48:01.261+0000: 38930.560: [GC 38930.560: [ParNew: 2653250K->83995K(2831168K), 0.0929000 secs] 4275525K->1749609K(12268352K), 0.0931460 secs] [Times: user=1.04 sys=0.00, real=0.09 secs] 
2011-02-26T16:48:06.590+0000: 38935.889: [GC 38935.889: [ParNew: 2600603K->54133K(2831168K), 0.0844520 secs] 4266217K->1777292K(12268352K), 0.0846970 secs] [Times: user=0.77 sys=0.00, real=0.08 secs] 
2011-02-26T16:48:18.023+0000: 38947.322: [GC 38947.322: [ParNew: 2570741K->62241K(2831168K), 0.0665460 secs] 4293900K->1805723K(12268352K), 0.0668690 secs] [Times: user=0.79 sys=0.00, real=0.07 secs] 
2011-02-26T16:48:35.315+0000: 38964.614: [GC 38964.614: [ParNew: 2578849K->159689K(2831168K), 0.1411930 secs] 4322331K->1957953K(12268352K), 0.1415050 secs] [Times: user=1.60 sys=0.00, real=0.14 secs] 
2011-02-26T16:48:49.438+0000: 38978.737: [GC 38978.737: [ParNew: 2676297K->149090K(2831168K), 0.1912600 secs] 4474561K->2074534K(12268352K), 0.1914870 secs] [Times: user=2.04 sys=0.00, real=0.19 secs] 
2011-02-26T16:49:04.830+0000: 38994.129: [GC 38994.130: [ParNew: 2665698K->112929K(2831168K), 0.1658160 secs] 4591142K->2152252K(12268352K), 0.1661440 secs] [Times: user=1.54 sys=0.01, real=0.16 secs] 
2011-02-26T16:49:07.109+0000: 38996.408: [GC 38996.408: [ParNew: 2629537K->37570K(2831168K), 0.0533200 secs] 4668860K->2112546K(12268352K), 0.0536360 secs] [Times: user=0.55 sys=0.01, real=0.05 secs] 
2011-02-26T16:49:26.230+0000: 39015.529: [GC 39015.530: [ParNew: 2554178K->68829K(2831168K), 0.0405050 secs] 4629154K->2146529K(12268352K), 0.0408090 secs] [Times: user=0.47 sys=0.00, real=0.04 secs] 
2011-02-26T16:49:36.108+0000: 39025.407: [GC 39025.407: [ParNew: 2585437K->120534K(2831168K), 0.0942100 secs] 4663137K->2232802K(12268352K), 0.0945370 secs] [Times: user=1.07 sys=0.00, real=0.09 secs] 
2011-02-26T16:49:52.002+0000: 39041.301: [GC 39041.301: [ParNew: 2637142K->150309K(2831168K), 0.1169370 secs] 4749410K->2334878K(12268352K), 0.1171760 secs] [Times: user=1.30 sys=0.00, real=0.12 secs] 
2011-02-26T16:50:04.470+0000: 39053.770: [GC 39053.770: [ParNew: 2666917K->85243K(2831168K), 0.0955560 secs] 4851486K->2315839K(12268352K), 0.0958630 secs] [Times: user=1.06 sys=0.00, real=0.09 secs] 
2011-02-26T16:50:07.007+0000: 39056.306: [GC 39056.306: [ParNew: 2601851K->58842K(2831168K), 0.0820920 secs] 4832447K->2350745K(12268352K), 0.0824270 secs] [Times: user=0.89 sys=0.00, real=0.09 secs] 
2011-02-26T16:50:16.168+0000: 39065.467: [GC 39065.467: [ParNew: 2575450K->64156K(2831168K), 0.0412270 secs] 4867353K->2364033K(12268352K), 0.0415470 secs] [Times: user=0.46 sys=0.00, real=0.04 secs] 
2011-02-26T16:50:33.280+0000: 39082.579: [GC 39082.579: [ParNew: 2580764K->110109K(2831168K), 0.0948440 secs] 4880641K->2449558K(12268352K), 0.0951840 secs] [Times: user=1.02 sys=0.00, real=0.09 secs] 
2011-02-26T16:50:48.393+0000: 39097.692: [GC 39097.692: [ParNew: 2626717K->154495K(2831168K), 0.1439770 secs] 4966166K->2584984K(12268352K), 0.1443030 secs] [Times: user=1.56 sys=0.01, real=0.14 secs] 
2011-02-26T16:50:58.159+0000: 39107.458: [GC 39107.458: [ParNew: 2671103K->244547K(2831168K), 0.1427900 secs] 5101592K->2768555K(12268352K), 0.1431280 secs] [Times: user=1.36 sys=0.00, real=0.14 secs] 
2011-02-26T16:51:03.111+0000: 39112.410: [GC 39112.410: [ParNew: 2761155K->134715K(2831168K), 0.0929020 secs] 5285163K->2710367K(12268352K), 0.0932240 secs] [Times: user=0.94 sys=0.00, real=0.09 secs] 
2011-02-26T16:51:05.677+0000: 39114.976: [GC 39114.976: [ParNew: 2651323K->43485K(2831168K), 0.0850540 secs] 5226975K->2738471K(12268352K), 0.0853540 secs] [Times: user=0.95 sys=0.00, real=0.08 secs] 
2011-02-26T16:51:08.164+0000: 39117.463: [GC 39117.463: [ParNew: 2560093K->14164K(2831168K), 0.0334450 secs] 5255079K->2719332K(12268352K), 0.0337440 secs] [Times: user=0.35 sys=0.00, real=0.04 secs] 
2011-02-26T16:51:31.466+0000: 39140.765: [GC 39140.765: [ParNew: 2530772K->114830K(2831168K), 0.0812960 secs] 5235940K->2829493K(12268352K), 0.0816220 secs] [Times: user=1.04 sys=0.00, real=0.09 secs] 
2011-02-26T16:51:40.926+0000: 39150.225: [GC 39150.226: [ParNew: 2631438K->180775K(2831168K), 0.1819010 secs] 5346101K->3002598K(12268352K), 0.1821930 secs] [Times: user=1.99 sys=0.02, real=0.19 secs] 
2011-02-26T16:51:58.818+0000: 39168.117: [GC 39168.117: [ParNew: 2697383K->141146K(2831168K), 0.2279840 secs] 5519206K->3097550K(12268352K), 0.2316670 secs] [Times: user=2.09 sys=0.02, real=0.23 secs] 
2011-02-26T16:52:06.155+0000: 39175.454: [GC 39175.454: [ParNew: 2657754K->110430K(2831168K), 0.1486360 secs] 5614158K->3173085K(12268352K), 0.1488780 secs] [Times: user=1.33 sys=0.00, real=0.15 secs] 
2011-02-26T16:52:12.615+0000: 39181.914: [GC 39181.915: [ParNew: 2627038K->35811K(2831168K), 0.0462330 secs] 5689693K->3115791K(12268352K), 0.0464690 secs] [Times: user=0.50 sys=0.00, real=0.05 secs] 
2011-02-26T16:52:32.484+0000: 39201.783: [GC 39201.784: [ParNew: 2552472K->77106K(2831168K), 0.0874170 secs] 5632453K->3171747K(12268352K), 0.0876480 secs] [Times: user=0.95 sys=0.00, real=0.09 secs] 
2011-02-26T16:52:45.540+0000: 39214.839: [GC 39214.840: [ParNew: 2593714K->82806K(2831168K), 0.1049770 secs] 5688355K->3235661K(12268352K), 0.1052100 secs] [Times: user=1.14 sys=0.01, real=0.10 secs] 
2011-02-26T16:53:00.965+0000: 39230.264: [GC 39230.264: [ParNew: 2599414K->141906K(2831168K), 0.0958470 secs] 5752269K->3349409K(12268352K), 0.0961570 secs] [Times: user=1.07 sys=0.01, real=0.10 secs] 
2011-02-26T16:53:05.528+0000: 39234.827: [GC 39234.827: [ParNew: 2658514K->48380K(2831168K), 0.0768680 secs] 5866017K->3299351K(12268352K), 0.0771640 secs] [Times: user=0.83 sys=0.00, real=0.08 secs] 
2011-02-26T16:53:07.877+0000: 39237.176: [GC 39237.177: [ParNew: 2564988K->20972K(2831168K), 0.0395320 secs] 5815959K->3291490K(12268352K), 0.0398600 secs] [Times: user=0.48 sys=0.01, real=0.04 secs] 
2011-02-26T16:53:30.137+0000: 39259.436: [GC 39259.436: [ParNew: 2537580K->88106K(2831168K), 0.0629740 secs] 5808098K->3366161K(12268352K), 0.0632810 secs] [Times: user=0.70 sys=0.00, real=0.07 secs] 
2011-02-26T16:53:39.566+0000: 39268.865: [GC 39268.865: [ParNew: 2604714K->137057K(2831168K), 0.1386010 secs] 5882769K->3491500K(12268352K), 0.1388940 secs] [Times: user=1.54 sys=0.00, real=0.14 secs] 
2011-02-26T16:53:57.518+0000: 39286.817: [GC 39286.817: [ParNew: 2653665K->119189K(2831168K), 0.1541040 secs] 6008108K->3582221K(12268352K), 0.1543420 secs] [Times: user=1.64 sys=0.01, real=0.15 secs] 
2011-02-26T16:54:05.888+0000: 39295.187: [GC 39295.187: [ParNew: 2635797K->85814K(2831168K), 0.1020560 secs] 6098829K->3630223K(12268352K), 0.1023850 secs] [Times: user=0.98 sys=0.02, real=0.10 secs] 
2011-02-26T16:54:10.278+0000: 39299.577: [GC 39299.578: [ParNew: 2602290K->28712K(2831168K), 0.0472180 secs] 6146699K->3597781K(12268352K), 0.0474580 secs] [Times: user=0.45 sys=0.00, real=0.04 secs] 
2011-02-26T16:54:17.303+0000: 39306.603: [GC 39306.603: [ParNew: 2545320K->76203K(2831168K), 0.0626870 secs] 6114389K->3654147K(12268352K), 0.0629760 secs] [Times: user=0.77 sys=0.00, real=0.06 secs] 
2011-02-26T16:54:33.671+0000: 39322.970: [GC 39322.971: [ParNew: 2592811K->141113K(2831168K), 0.1534080 secs] 6170755K->3774378K(12268352K), 0.1536860 secs] [Times: user=1.63 sys=0.01, real=0.15 secs] 
2011-02-26T16:54:50.248+0000: 39339.547: [GC 39339.547: [ParNew: 2657721K->206053K(2831168K), 0.1924060 secs] 6290986K->3962556K(12268352K), 0.1926370 secs] [Times: user=2.00 sys=0.00, real=0.19 secs] 
2011-02-26T16:55:04.861+0000: 39354.160: [GC 39354.160: [ParNew: 2722661K->132318K(2831168K), 0.1861690 secs] 6479164K->4017428K(12268352K), 0.1864150 secs] [Times: user=1.98 sys=0.00, real=0.19 secs] 
2011-02-26T16:55:07.089+0000: 39356.388: [GC 39356.388: [ParNew: 2648926K->99512K(2831168K), 0.1107730 secs] 6534036K->4075567K(12268352K), 0.1110500 secs] [Times: user=1.04 sys=0.00, real=0.12 secs] 
2011-02-26T16:55:23.246+0000: 39372.545: [GC 39372.545: [ParNew: 2616120K->65937K(2831168K), 0.0492060 secs] 6592175K->4048464K(12268352K), 0.0495030 secs] [Times: user=0.63 sys=0.00, real=0.05 secs] 
2011-02-26T16:55:34.475+0000: 39383.774: [GC 39383.774: [ParNew: 2582545K->102765K(2831168K), 0.1207200 secs] 6565072K->4131134K(12268352K), 0.1210100 secs] [Times: user=1.44 sys=0.00, real=0.12 secs] 
2011-02-26T16:55:53.849+0000: 39403.148: [GC 39403.148: [ParNew: 2619373K->76843K(2831168K), 0.1157290 secs] 6647742K->4174845K(12268352K), 0.1159720 secs] [Times: user=1.20 sys=0.00, real=0.11 secs] 
2011-02-26T16:56:05.479+0000: 39414.778: [GC 39414.778: [ParNew: 2593451K->46692K(2831168K), 0.0784760 secs] 6691453K->4188530K(12268352K), 0.0787190 secs] [Times: user=0.81 sys=0.01, real=0.08 secs] 
2011-02-26T16:56:07.339+0000: 39416.638: [GC 39416.638: [ParNew: 2563266K->100436K(2831168K), 0.0508050 secs] 6705103K->4270106K(12268352K), 0.0510390 secs] [Times: user=0.53 sys=0.00, real=0.05 secs] 
2011-02-26T16:56:16.617+0000: 39425.916: [GC 39425.917: [ParNew: 2617044K->103733K(2831168K), 0.0503810 secs] 6786714K->4276025K(12268352K), 0.0506730 secs] [Times: user=0.45 sys=0.00, real=0.05 secs] 
2011-02-26T16:56:31.512+0000: 39440.811: [GC 39440.811: [ParNew: 2620450K->74237K(2831168K), 0.0808680 secs] 6792741K->4270290K(12268352K), 0.0810990 secs] [Times: user=0.73 sys=0.00, real=0.08 secs] 
2011-02-26T16:56:31.594+0000: 39440.893: [GC 39440.893: [ParNew: 75089K->33267K(2831168K), 0.0856430 secs] 4271141K->4291388K(12268352K), 0.0858230 secs] [Times: user=0.85 sys=0.01, real=0.09 secs] 
2011-02-26T16:56:42.838+0000: 39452.137: [GC 39452.137: [ParNew: 2549875K->113972K(2831168K), 0.0699550 secs] 6807996K->4372093K(12268352K), 0.0702600 secs] [Times: user=0.76 sys=0.01, real=0.07 secs] 
2011-02-26T16:56:59.701+0000: 39469.000: [GC 39469.000: [ParNew: 2630580K->121156K(2831168K), 0.1531970 secs] 6888701K->4478308K(12268352K), 0.1534930 secs] [Times: user=1.56 sys=0.01, real=0.15 secs] 
2011-02-26T16:57:06.161+0000: 39475.460: [GC 39475.460: [ParNew: 2637750K->83326K(2831168K), 0.1040610 secs] 6994901K->4526225K(12268352K), 0.1043570 secs] [Times: user=1.02 sys=0.00, real=0.10 secs] 
2011-02-26T16:57:10.807+0000: 39480.106: [GC 39480.106: [ParNew: 2599934K->44872K(2831168K), 0.0490850 secs] 7042833K->4508667K(12268352K), 0.0493670 secs] [Times: user=0.59 sys=0.00, real=0.05 secs] 
2011-02-26T16:57:30.238+0000: 39499.538: [GC 39499.538: [ParNew: 2561480K->211992K(2831168K), 0.0734240 secs] 7025275K->4697642K(12268352K), 0.0737220 secs] [Times: user=0.80 sys=0.01, real=0.07 secs] 
2011-02-26T16:57:33.853+0000: 39503.152: [GC 39503.152: [ParNew: 2728600K->101315K(2831168K), 0.1320110 secs] 7214250K->4705667K(12268352K), 0.1322950 secs] [Times: user=1.44 sys=0.00, real=0.13 secs] 
2011-02-26T16:57:37.109+0000: 39506.408: [GC 39506.408: [ParNew: 2617923K->150348K(2831168K), 0.1477440 secs] 7222275K->4838346K(12268352K), 0.1480230 secs] [Times: user=1.33 sys=0.02, real=0.15 secs] 
2011-02-26T16:57:50.222+0000: 39519.521: [GC 39519.521: [ParNew: 2666956K->112410K(2831168K), 0.1058380 secs] 7354954K->4852096K(12268352K), 0.1061260 secs] [Times: user=1.19 sys=0.00, real=0.11 secs] 
2011-02-26T16:58:05.170+0000: 39534.469: [GC 39534.469: [ParNew: 2629018K->153333K(2831168K), 0.1409980 secs] 7368704K->4970721K(12268352K), 0.1412470 secs] [Times: user=1.54 sys=0.00, real=0.14 secs] 
2011-02-26T16:58:07.162+0000: 39536.461: [GC 39536.461: [ParNew: 2669941K->92906K(2831168K), 0.1109770 secs] 7487329K->5008807K(12268352K), 0.1112270 secs] [Times: user=1.05 sys=0.01, real=0.11 secs] 
2011-02-26T16:58:23.127+0000: 39552.426: [GC 39552.426: [ParNew: 2609514K->81591K(2831168K), 0.0644370 secs] 7525415K->5004051K(12268352K), 0.0646750 secs] [Times: user=0.78 sys=0.00, real=0.07 secs] 
2011-02-26T16:58:36.013+0000: 39565.312: [GC 39565.312: [ParNew: 2598199K->118542K(2831168K), 0.1402460 secs] 7520659K->5113695K(12268352K), 0.1404840 secs] [Times: user=1.52 sys=0.00, real=0.14 secs] 
2011-02-26T16:58:52.344+0000: 39581.643: [GC 39581.643: [ParNew: 2635150K->76625K(2831168K), 0.1245770 secs] 7630303K->5151846K(12268352K), 0.1248190 secs] [Times: user=1.30 sys=0.01, real=0.13 secs] 
2011-02-26T16:59:05.193+0000: 39594.492: [GC 39594.493: [ParNew: 2593233K->63937K(2831168K), 0.0789610 secs] 7668454K->5185857K(12268352K), 0.0792110 secs] [Times: user=0.92 sys=0.00, real=0.08 secs] 
2011-02-26T16:59:07.549+0000: 39596.848: [GC 39596.849: [ParNew: 2580545K->27029K(2831168K), 0.0464420 secs] 7702465K->5183084K(12268352K), 0.0466850 secs] [Times: user=0.43 sys=0.00, real=0.04 secs] 
2011-02-26T16:59:25.639+0000: 39614.938: [GC 39614.939: [ParNew: 2543637K->74978K(2831168K), 0.0397000 secs] 7699692K->5233917K(12268352K), 0.0399380 secs] [Times: user=0.43 sys=0.00, real=0.04 secs] 
2011-02-26T16:59:33.665+0000: 39622.964: [GC 39622.965: [ParNew: 2591586K->184029K(2831168K), 0.0950710 secs] 7750525K->5378781K(12268352K), 0.0953050 secs] [Times: user=1.11 sys=0.00, real=0.10 secs] 
2011-02-26T16:59:38.331+0000: 39627.630: [GC 39627.630: [ParNew: 2700637K->143950K(2831168K), 0.1204530 secs] 7895389K->5415494K(12268352K), 0.1206850 secs] [Times: user=1.25 sys=0.00, real=0.12 secs] 
2011-02-26T16:59:43.189+0000: 39632.488: [GC 39632.488: [ParNew: 2660558K->49100K(2831168K), 0.0844370 secs] 7932102K->5440352K(12268352K), 0.0846720 secs] [Times: user=0.91 sys=0.01, real=0.08 secs] 
2011-02-26T16:59:49.328+0000: 39638.627: [GC 39638.627: [ParNew: 2565708K->132735K(2831168K), 0.0584770 secs] 7956960K->5538950K(12268352K), 0.0587040 secs] [Times: user=0.68 sys=0.01, real=0.05 secs] 
2011-02-26T16:59:54.578+0000: 39643.877: [GC 39643.877: [ParNew: 2649343K->33728K(2831168K), 0.0770240 secs] 8055558K->5554222K(12268352K), 0.0772940 secs] [Times: user=0.70 sys=0.00, real=0.07 secs] 
2011-02-26T17:00:00.631+0000: 39649.930: [GC 39649.931: [ParNew: 2550336K->62507K(2831168K), 0.0552800 secs] 8070830K->5607915K(12268352K), 0.0555330 secs] [Times: user=0.60 sys=0.01, real=0.06 secs] 
2011-02-26T17:00:05.635+0000: 39654.934: [GC 39654.934: [ParNew: 2579115K->31176K(2831168K), 0.0558680 secs] 8124523K->5608304K(12268352K), 0.0561090 secs] [Times: user=0.60 sys=0.01, real=0.06 secs] 
2011-02-26T17:00:08.021+0000: 39657.320: [GC 39657.320: [ParNew: 2547784K->25192K(2831168K), 0.0389740 secs] 8124912K->5620558K(12268352K), 0.0392100 secs] [Times: user=0.38 sys=0.00, real=0.04 secs] 
2011-02-26T17:00:12.718+0000: 39662.017: [GC 39662.017: [ParNew: 2541800K->25855K(2831168K), 0.0361400 secs] 8137166K->5630051K(12268352K), 0.0363720 secs] [Times: user=0.44 sys=0.00, real=0.03 secs] 
2011-02-26T17:00:26.938+0000: 39676.237: [GC 39676.238: [ParNew: 2542463K->51474K(2831168K), 0.0653910 secs] 8146659K->5678373K(12268352K), 0.0656230 secs] [Times: user=0.69 sys=0.01, real=0.06 secs] 
2011-02-26T17:00:34.153+0000: 39683.452: [GC 39683.452: [ParNew: 2568082K->296999K(2831168K), 0.1501710 secs] 8194981K->5965439K(12268352K), 0.1504780 secs] [Times: user=1.79 sys=0.01, real=0.15 secs] 
2011-02-26T17:00:38.753+0000: 39688.052: [GC 39688.052: [ParNew: 2813607K->183943K(2831168K), 0.1296000 secs] 8482047K->5943619K(12268352K), 0.1298710 secs] [Times: user=1.44 sys=0.00, real=0.13 secs] 
2011-02-26T17:00:43.344+0000: 39692.643: [GC 39692.643: [ParNew: 2700551K->45512K(2831168K), 0.0852550 secs] 8460227K->5927469K(12268352K), 0.0855300 secs] [Times: user=0.91 sys=0.00, real=0.09 secs] 
2011-02-26T17:00:59.733+0000: 39709.032: [GC 39709.032: [ParNew: 2562120K->122063K(2831168K), 0.0948850 secs] 8444077K->6023819K(12268352K), 0.0951970 secs] [Times: user=1.17 sys=0.01, real=0.10 secs] 
2011-02-26T17:01:06.523+0000: 39715.822: [GC 39715.823: [ParNew: 2638671K->89706K(2831168K), 0.1382980 secs] 8540427K->6104803K(12268352K), 0.1385430 secs] [Times: user=1.43 sys=0.01, real=0.14 secs] 
2011-02-26T17:01:19.978+0000: 39729.277: [GC 39729.277: [ParNew: 2606314K->82077K(2831168K), 0.0841160 secs] 8621411K->6134605K(12268352K), 0.0843540 secs] [Times: user=0.97 sys=0.01, real=0.08 secs] 
2011-02-26T17:01:33.914+0000: 39743.213: [GC 39743.213: [ParNew: 2598685K->147736K(2831168K), 0.1532520 secs] 8651213K->6262466K(12268352K), 0.1534840 secs] [Times: user=1.63 sys=0.00, real=0.16 secs] 
2011-02-26T17:01:51.043+0000: 39760.342: [GC 39760.342: [ParNew: 2664344K->111696K(2831168K), 0.1607090 secs] 8779074K->6345188K(12268352K), 0.1609400 secs] [Times: user=1.71 sys=0.00, real=0.16 secs] 
2011-02-26T17:02:04.734+0000: 39774.033: [GC 39774.033: [ParNew: 2628304K->52867K(2831168K), 0.0757390 secs] 8861796K->6336745K(12268352K), 0.0759850 secs] [Times: user=0.83 sys=0.00, real=0.08 secs] 
2011-02-26T17:02:07.222+0000: 39776.521: [GC 39776.522: [ParNew: 2569475K->36060K(2831168K), 0.0450100 secs] 8853353K->6351600K(12268352K), 0.0453010 secs] [Times: user=0.45 sys=0.00, real=0.05 secs] 
2011-02-26T17:02:29.503+0000: 39798.802: [GC 39798.803: [ParNew: 2552668K->88909K(2831168K), 0.0499570 secs] 8868208K->6407612K(12268352K), 0.0502970 secs] [Times: user=0.65 sys=0.00, real=0.05 secs] 
2011-02-26T17:02:35.022+0000: 39804.321: [GC 39804.321: [ParNew: 2605517K->161551K(2831168K), 0.0957320 secs] 8924220K->6524424K(12268352K), 0.0960200 secs] [Times: user=1.06 sys=0.00, real=0.10 secs] 
2011-02-26T17:02:48.399+0000: 39817.698: [GC 39817.698: [ParNew: 2678159K->89438K(2831168K), 0.1311580 secs] 9041032K->6527374K(12268352K), 0.1314740 secs] [Times: user=1.33 sys=0.02, real=0.13 secs] 
2011-02-26T17:03:04.724+0000: 39834.023: [GC 39834.024: [ParNew: 2606046K->115774K(2831168K), 0.1230930 secs] 9043982K->6617995K(12268352K), 0.1376420 secs] [Times: user=1.23 sys=0.00, real=0.14 secs] 
2011-02-26T17:03:07.793+0000: 39837.093: [GC 39837.093: [ParNew: 2632382K->73985K(2831168K), 0.0867200 secs] 9134603K->6651721K(12268352K), 0.0870230 secs] [Times: user=0.89 sys=0.00, real=0.09 secs] 
2011-02-26T17:03:24.075+0000: 39853.374: [GC 39853.375: [ParNew: 2590593K->104822K(2831168K), 0.0568560 secs] 9168329K->6690154K(12268352K), 0.0571550 secs] [Times: user=0.74 sys=0.02, real=0.06 secs] 
2011-02-26T17:03:35.137+0000: 39864.436: [GC 39864.437: [ParNew: 2621430K->106393K(2831168K), 0.1149460 secs] 9206762K->6750304K(12268352K), 0.1152640 secs] [Times: user=1.25 sys=0.00, real=0.11 secs] 
2011-02-26T17:03:43.407+0000: 39872.706: [GC 39872.706: [ParNew: 2623001K->249525K(2831168K), 0.1460130 secs] 9266912K->6983991K(12268352K), 0.1462890 secs] [Times: user=1.57 sys=0.00, real=0.15 secs] 
2011-02-26T17:03:58.931+0000: 39888.230: [GC 39888.231: [ParNew: 2766133K->126827K(2831168K), 0.1261300 secs] 9500599K->6908133K(12268352K), 0.1264090 secs] [Times: user=1.44 sys=0.00, real=0.13 secs] 
2011-02-26T17:04:06.263+0000: 39895.562: [GC 39895.562: [ParNew: 2643435K->92580K(2831168K), 0.1374300 secs] 9424741K->6984844K(12268352K), 0.1377260 secs] [Times: user=1.43 sys=0.01, real=0.14 secs] 
2011-02-26T17:04:16.229+0000: 39905.528: [GC 39905.529: [ParNew: 2609188K->76009K(2831168K), 0.0771900 secs] 9501452K->7003879K(12268352K), 0.0775350 secs] [Times: user=0.79 sys=0.00, real=0.07 secs] 
2011-02-26T17:04:33.417+0000: 39922.716: [GC 39922.716: [ParNew: 2592617K->142695K(2831168K), 0.1683870 secs] 9520487K->7120440K(12268352K), 0.1686980 secs] [Times: user=1.61 sys=0.00, real=0.17 secs] 
2011-02-26T17:04:49.348+0000: 39938.647: [GC 39938.647: [ParNew: 2659303K->130523K(2831168K), 0.1753310 secs] 9637048K->7233195K(12268352K), 0.1756520 secs] [Times: user=1.85 sys=0.00, real=0.17 secs] 
2011-02-26T17:04:49.525+0000: 39938.824: [GC [1 CMS-initial-mark: 7102671K(9437184K)] 7239577K(12268352K), 0.1157040 secs] [Times: user=0.12 sys=0.00, real=0.12 secs] 
2011-02-26T17:04:49.641+0000: 39938.940: [CMS-concurrent-mark-start]
2011-02-26T17:04:50.354+0000: 39939.653: [CMS-concurrent-mark: 0.710/0.713 secs] [Times: user=3.55 sys=0.27, real=0.71 secs] 
2011-02-26T17:04:50.354+0000: 39939.653: [CMS-concurrent-preclean-start]
2011-02-26T17:04:50.416+0000: 39939.715: [CMS-concurrent-preclean: 0.059/0.062 secs] [Times: user=0.09 sys=0.07, real=0.06 secs] 
2011-02-26T17:04:50.416+0000: 39939.715: [CMS-concurrent-abortable-preclean-start]
2011-02-26T17:04:53.887+0000: 39943.186: [CMS-concurrent-abortable-preclean: 2.942/3.472 secs] [Times: user=7.53 sys=1.94, real=3.48 secs] 
2011-02-26T17:04:53.889+0000: 39943.189: [GC[YG occupancy: 1419165 K (2831168 K)]39943.189: [Rescan (parallel) , 0.1715420 secs]39943.360: [weak refs processing, 0.0340160 secs] [1 CMS-remark: 7102671K(9437184K)] 8521837K(12268352K), 0.2058210 secs] [Times: user=2.21 sys=0.01, real=0.20 secs] 
2011-02-26T17:04:54.096+0000: 39943.395: [CMS-concurrent-sweep-start]
2011-02-26T17:05:00.406+0000: 39949.705: [GC 39949.705: [ParNew: 2647131K->95358K(2831168K), 0.1216140 secs] 8809536K->6348599K(12268352K), 0.1219150 secs] [Times: user=1.28 sys=0.00, real=0.13 secs] 
2011-02-26T17:05:06.824+0000: 39956.123: [GC 39956.123: [ParNew: 2611966K->31740K(2831168K), 0.0460530 secs] 8196952K->5647943K(12268352K), 0.0463570 secs] [Times: user=0.47 sys=0.02, real=0.05 secs] 
2011-02-26T17:05:19.244+0000: 39968.543: [GC 39968.543: [ParNew: 2548348K->29856K(2831168K), 0.0404930 secs] 6858183K->4349585K(12268352K), 0.0407760 secs] [Times: user=0.51 sys=0.01, real=0.04 secs] 
2011-02-26T17:05:33.572+0000: 39982.872: [GC 39982.872: [ParNew: 2546464K->108431K(2831168K), 0.0886050 secs] 5506374K->3091698K(12268352K), 0.0888860 secs] [Times: user=1.04 sys=0.00, real=0.09 secs] 
2011-02-26T17:05:45.671+0000: 39994.970: [GC 39994.970: [ParNew: 2625039K->141295K(2831168K), 0.1199280 secs] 4562888K->2146074K(12268352K), 0.1243110 secs] [Times: user=1.32 sys=0.01, real=0.12 secs] 
2011-02-26T17:05:53.251+0000: 40002.550: [CMS-concurrent-sweep: 58.561/59.156 secs] [Times: user=118.13 sys=21.12, real=59.16 secs] 
2011-02-26T17:05:53.252+0000: 40002.551: [CMS-concurrent-reset-start]
2011-02-26T17:05:53.273+0000: 40002.572: [CMS-concurrent-reset: 0.021/0.021 secs] [Times: user=0.02 sys=0.00, real=0.02 secs] 
2011-02-26T17:05:58.947+0000: 40008.246: [GC 40008.246: [ParNew: 2657903K->101907K(2831168K), 0.0952250 secs] 3831557K->1325269K(12268352K), 0.0955210 secs] [Times: user=1.01 sys=0.00, real=0.10 secs] 
2011-02-26T17:06:06.394+0000: 40015.693: [GC 40015.693: [ParNew: 2618515K->66356K(2831168K), 0.0988640 secs] 3841877K->1360799K(12268352K), 0.0991880 secs] [Times: user=1.03 sys=0.02, real=0.10 secs] 
2011-02-26T17:06:14.543+0000: 40023.842: [GC 40023.843: [ParNew: 2582964K->45847K(2831168K), 0.0649050 secs] 3877407K->1366163K(12268352K), 0.0652000 secs] [Times: user=0.63 sys=0.01, real=0.07 secs] 
2011-02-26T17:06:33.018+0000: 40042.318: [GC 40042.318: [ParNew: 2562455K->109378K(2831168K), 0.0979870 secs] 3882771K->1464488K(12268352K), 0.0982260 secs] [Times: user=0.93 sys=0.01, real=0.09 secs] 
2011-02-26T17:06:46.822+0000: 40056.121: [GC 40056.122: [ParNew: 2625986K->130817K(2831168K), 0.1530430 secs] 3981096K->1573176K(12268352K), 0.1533350 secs] [Times: user=1.52 sys=0.04, real=0.15 secs] 
2011-02-26T17:06:54.051+0000: 40063.350: [GC 40063.350: [ParNew: 2647578K->243881K(2831168K), 0.1737730 secs] 4089936K->1772451K(12268352K), 0.1740610 secs] [Times: user=1.56 sys=0.01, real=0.17 secs] 
2011-02-26T17:06:54.226+0000: 40063.526: [GC 40063.526: [ParNew: 246077K->38954K(2831168K), 0.1261070 secs] 1774648K->1763294K(12268352K), 0.1263390 secs] [Times: user=1.04 sys=0.01, real=0.13 secs] 
2011-02-26T17:06:58.957+0000: 40068.256: [GC 40068.256: [ParNew: 2555562K->120965K(2831168K), 0.0493430 secs] 4279902K->1845314K(12268352K), 0.0496340 secs] [Times: user=0.62 sys=0.00, real=0.05 secs] 
2011-02-26T17:07:06.982+0000: 40076.281: [GC 40076.281: [ParNew: 2637573K->58608K(2831168K), 0.1270670 secs] 4361922K->1821589K(12268352K), 0.1273650 secs] [Times: user=0.84 sys=0.00, real=0.13 secs] 
2011-02-26T17:07:09.410+0000: 40078.709: [GC 40078.709: [ParNew: 2575216K->38764K(2831168K), 0.0859470 secs] 4338197K->1840854K(12268352K), 0.0862430 secs] [Times: user=0.64 sys=0.00, real=0.08 secs] 
2011-02-26T17:07:31.870+0000: 40101.169: [GC 40101.169: [ParNew: 2555372K->111370K(2831168K), 0.0968160 secs] 4357462K->1923756K(12268352K), 0.0971180 secs] [Times: user=0.95 sys=0.00, real=0.09 secs] 
2011-02-26T17:07:40.949+0000: 40110.248: [GC 40110.248: [ParNew: 2627978K->174019K(2831168K), 0.1961010 secs] 4440364K->2089112K(12268352K), 0.1963320 secs] [Times: user=1.98 sys=0.00, real=0.19 secs] 
2011-02-26T17:07:57.706+0000: 40127.005: [GC 40127.005: [ParNew: 2690627K->130696K(2831168K), 0.2030600 secs] 4605720K->2180413K(12268352K), 0.2032980 secs] [Times: user=1.93 sys=0.02, real=0.21 secs] 
2011-02-26T17:08:06.285+0000: 40135.584: [GC 40135.584: [ParNew: 2647304K->96458K(2831168K), 0.1116270 secs] 4697021K->2233794K(12268352K), 0.1118700 secs] [Times: user=1.17 sys=0.00, real=0.12 secs] 
2011-02-26T17:08:14.312+0000: 40143.612: [GC 40143.612: [ParNew: 2613066K->37592K(2831168K), 0.0429370 secs] 4750402K->2190671K(12268352K), 0.0478850 secs] [Times: user=0.47 sys=0.00, real=0.05 secs] 
2011-02-26T17:08:32.918+0000: 40162.218: [GC 40162.218: [ParNew: 2554200K->70168K(2831168K), 0.0850100 secs] 4707279K->2243897K(12268352K), 0.0852490 secs] [Times: user=0.81 sys=0.00, real=0.08 secs] 
2011-02-26T17:08:47.025+0000: 40176.324: [GC 40176.324: [ParNew: 2586776K->83181K(2831168K), 0.1182900 secs] 4760505K->2317310K(12268352K), 0.1185220 secs] [Times: user=1.14 sys=0.00, real=0.12 secs] 
2011-02-26T17:08:56.580+0000: 40185.879: [GC 40185.879: [ParNew: 2599789K->139838K(2831168K), 0.0957170 secs] 4833918K->2432484K(12268352K), 0.0960120 secs] [Times: user=1.05 sys=0.00, real=0.09 secs] 
2011-02-26T17:09:05.476+0000: 40194.775: [GC 40194.775: [ParNew: 2656446K->56403K(2831168K), 0.0743360 secs] 4949092K->2387868K(12268352K), 0.0909520 secs] [Times: user=0.79 sys=0.00, real=0.10 secs] 
2011-02-26T17:09:08.448+0000: 40197.747: [GC 40197.747: [ParNew: 2573011K->41854K(2831168K), 0.0558120 secs] 4904476K->2413206K(12268352K), 0.0560480 secs] [Times: user=0.57 sys=0.00, real=0.05 secs] 
2011-02-26T17:09:31.385+0000: 40220.684: [GC 40220.684: [ParNew: 2558462K->113660K(2831168K), 0.0655840 secs] 4929814K->2492577K(12268352K), 0.0659020 secs] [Times: user=0.79 sys=0.00, real=0.07 secs] 
2011-02-26T17:09:41.611+0000: 40230.910: [GC 40230.910: [ParNew: 2630268K->131448K(2831168K), 0.1640060 secs] 5009185K->2590711K(12268352K), 0.1643410 secs] [Times: user=1.47 sys=0.00, real=0.16 secs] 
2011-02-26T17:09:58.802+0000: 40248.101: [GC 40248.102: [ParNew: 2648056K->101552K(2831168K), 0.1471950 secs] 5107319K->2665263K(12268352K), 0.1474440 secs] [Times: user=1.58 sys=0.01, real=0.15 secs] 
2011-02-26T17:10:04.298+0000: 40253.597: [GC 40253.597: [ParNew: 2618160K->235834K(2831168K), 0.1308880 secs] 5181871K->2869760K(12268352K), 0.1312020 secs] [Times: user=1.23 sys=0.04, real=0.13 secs] 
2011-02-26T17:10:06.306+0000: 40255.605: [GC 40255.605: [ParNew: 2752442K->114663K(2831168K), 0.0673600 secs] 5386368K->2789262K(12268352K), 0.0676620 secs] [Times: user=0.77 sys=0.00, real=0.07 secs] 
2011-02-26T17:10:07.755+0000: 40257.054: [GC 40257.054: [ParNew: 2631271K->15819K(2831168K), 0.0462880 secs] 5305870K->2777309K(12268352K), 0.0466010 secs] [Times: user=0.54 sys=0.00, real=0.05 secs] 
2011-02-26T17:10:20.142+0000: 40269.441: [GC 40269.441: [ParNew: 2532427K->66705K(2831168K), 0.0563090 secs] 5293917K->2834931K(12268352K), 0.0566270 secs] [Times: user=0.65 sys=0.01, real=0.06 secs] 
2011-02-26T17:10:33.909+0000: 40283.208: [GC 40283.208: [ParNew: 2583313K->153637K(2831168K), 0.1432580 secs] 5351539K->2982520K(12268352K), 0.1435550 secs] [Times: user=1.55 sys=0.01, real=0.14 secs] 
2011-02-26T17:10:50.257+0000: 40299.556: [GC 40299.556: [ParNew: 2670245K->190015K(2831168K), 0.2151490 secs] 5499128K->3145498K(12268352K), 0.2154500 secs] [Times: user=2.11 sys=0.00, real=0.22 secs] 
2011-02-26T17:11:04.867+0000: 40314.166: [GC 40314.166: [ParNew: 2706621K->124439K(2831168K), 0.1616530 secs] 5662103K->3197341K(12268352K), 0.1619540 secs] [Times: user=1.70 sys=0.01, real=0.18 secs] 
2011-02-26T17:11:07.137+0000: 40316.437: [GC 40316.437: [ParNew: 2641047K->91580K(2831168K), 0.1072790 secs] 5713949K->3247069K(12268352K), 0.1076050 secs] [Times: user=0.98 sys=0.01, real=0.10 secs] 
2011-02-26T17:11:26.098+0000: 40335.397: [GC 40335.398: [ParNew: 2608188K->62290K(2831168K), 0.0407970 secs] 5763677K->3222751K(12268352K), 0.0410360 secs] [Times: user=0.46 sys=0.00, real=0.04 secs] 
2011-02-26T17:11:35.577+0000: 40344.876: [GC 40344.876: [ParNew: 2578898K->90205K(2831168K), 0.1140550 secs] 5739359K->3287738K(12268352K), 0.1142880 secs] [Times: user=1.17 sys=0.01, real=0.11 secs] 
2011-02-26T17:11:54.970+0000: 40364.269: [GC 40364.269: [ParNew: 2606813K->77286K(2831168K), 0.1150220 secs] 5804346K->3346459K(12268352K), 0.1153180 secs] [Times: user=1.19 sys=0.00, real=0.11 secs] 
2011-02-26T17:12:05.812+0000: 40375.111: [GC 40375.111: [ParNew: 2593894K->54823K(2831168K), 0.0811110 secs] 5863067K->3369456K(12268352K), 0.0814080 secs] [Times: user=0.86 sys=0.01, real=0.08 secs] 
2011-02-26T17:12:07.287+0000: 40376.586: [GC 40376.586: [ParNew: 2571431K->105975K(2831168K), 0.0616530 secs] 5886064K->3446935K(12268352K), 0.0619420 secs] [Times: user=0.72 sys=0.00, real=0.07 secs] 
2011-02-26T17:12:12.578+0000: 40381.877: [GC 40381.877: [ParNew: 2622583K->113453K(2831168K), 0.0587620 secs] 5963543K->3464327K(12268352K), 0.0589950 secs] [Times: user=0.59 sys=0.00, real=0.06 secs] 
2011-02-26T17:12:17.427+0000: 40386.726: [GC 40386.726: [ParNew: 2630061K->46713K(2831168K), 0.0689430 secs] 5980935K->3505357K(12268352K), 0.0692350 secs] [Times: user=0.74 sys=0.00, real=0.07 secs] 
2011-02-26T17:12:32.298+0000: 40401.597: [GC 40401.597: [ParNew: 2563321K->66098K(2831168K), 0.0648740 secs] 6021965K->3542076K(12268352K), 0.0651720 secs] [Times: user=0.74 sys=0.01, real=0.06 secs] 
2011-02-26T17:12:43.819+0000: 40413.119: [GC 40413.119: [ParNew: 2582706K->117152K(2831168K), 0.1279550 secs] 6058684K->3652478K(12268352K), 0.1282460 secs] [Times: user=1.45 sys=0.01, real=0.13 secs] 
2011-02-26T17:13:00.465+0000: 40429.764: [GC 40429.764: [ParNew: 2633760K->122202K(2831168K), 0.1564160 secs] 6169086K->3758114K(12268352K), 0.1567290 secs] [Times: user=1.71 sys=0.00, real=0.16 secs] 
2011-02-26T17:13:06.686+0000: 40435.985: [GC 40435.985: [ParNew: 2638810K->87655K(2831168K), 0.1131460 secs] 6274722K->3810767K(12268352K), 0.1134530 secs] [Times: user=1.16 sys=0.00, real=0.12 secs] 
2011-02-26T17:13:16.295+0000: 40445.594: [GC 40445.595: [ParNew: 2604263K->196536K(2831168K), 0.0681200 secs] 6327375K->3935352K(12268352K), 0.0684160 secs] [Times: user=0.85 sys=0.01, real=0.07 secs] 
2011-02-26T17:13:26.686+0000: 40455.986: [GC 40455.986: [ParNew: 2713144K->66681K(2831168K), 0.0733170 secs] 6451960K->3833107K(12268352K), 0.0736060 secs] [Times: user=0.82 sys=0.00, real=0.08 secs] 
2011-02-26T17:13:33.655+0000: 40462.954: [GC 40462.954: [ParNew: 2583289K->114783K(2831168K), 0.1724780 secs] 6349715K->3934982K(12268352K), 0.1727840 secs] [Times: user=1.68 sys=0.00, real=0.18 secs] 
2011-02-26T17:13:49.357+0000: 40478.656: [GC 40478.657: [ParNew: 2631391K->169640K(2831168K), 0.1640690 secs] 6451590K->4078802K(12268352K), 0.1643830 secs] [Times: user=1.69 sys=0.01, real=0.16 secs] 
2011-02-26T17:14:05.065+0000: 40494.364: [GC 40494.364: [ParNew: 2686248K->126091K(2831168K), 0.1958390 secs] 6595410K->4164226K(12268352K), 0.1961510 secs] [Times: user=1.98 sys=0.01, real=0.20 secs] 
2011-02-26T17:14:07.641+0000: 40496.940: [GC 40496.940: [ParNew: 2642699K->101894K(2831168K), 0.1113200 secs] 6680834K->4235622K(12268352K), 0.1115620 secs] [Times: user=1.06 sys=0.01, real=0.11 secs] 
2011-02-26T17:14:29.667+0000: 40518.966: [GC 40518.966: [ParNew: 2618502K->89636K(2831168K), 0.0679820 secs] 6752230K->4233729K(12268352K), 0.0682240 secs] [Times: user=0.85 sys=0.00, real=0.07 secs] 
2011-02-26T17:14:37.231+0000: 40526.530: [GC 40526.530: [ParNew: 2606244K->115271K(2831168K), 0.1319320 secs] 6750337K->4331906K(12268352K), 0.1321630 secs] [Times: user=1.42 sys=0.00, real=0.13 secs] 
2011-02-26T17:14:55.556+0000: 40544.855: [GC 40544.855: [ParNew: 2631879K->84691K(2831168K), 0.1127080 secs] 6848514K->4371122K(12268352K), 0.1129430 secs] [Times: user=1.32 sys=0.00, real=0.12 secs] 
2011-02-26T17:15:05.536+0000: 40554.835: [GC 40554.835: [ParNew: 2601299K->37569K(2831168K), 0.0691920 secs] 6887730K->4369461K(12268352K), 0.0694420 secs] [Times: user=0.78 sys=0.00, real=0.07 secs] 
2011-02-26T17:15:11.876+0000: 40561.175: [GC 40561.175: [ParNew: 2554177K->41624K(2831168K), 0.0593900 secs] 6886069K->4393823K(12268352K), 0.0597010 secs] [Times: user=0.65 sys=0.02, real=0.06 secs] 
2011-02-26T17:15:26.026+0000: 40575.325: [GC 40575.325: [ParNew: 2558232K->48451K(2831168K), 0.0715110 secs] 6910431K->4416851K(12268352K), 0.0717380 secs] [Times: user=0.86 sys=0.00, real=0.08 secs] 
2011-02-26T17:15:36.008+0000: 40585.307: [GC 40585.307: [ParNew: 2565059K->120798K(2831168K), 0.1159230 secs] 6933459K->4527901K(12268352K), 0.1162430 secs] [Times: user=1.29 sys=0.01, real=0.11 secs] 
2011-02-26T17:15:54.029+0000: 40603.328: [GC 40603.328: [ParNew: 2637406K->112093K(2831168K), 0.1566370 secs] 7044509K->4622020K(12268352K), 0.1568790 secs] [Times: user=1.53 sys=0.03, real=0.15 secs] 
2011-02-26T17:16:05.503+0000: 40614.802: [GC 40614.802: [ParNew: 2628701K->90484K(2831168K), 0.1163400 secs] 7138628K->4682470K(12268352K), 0.1166440 secs] [Times: user=1.21 sys=0.01, real=0.12 secs] 
2011-02-26T17:16:08.050+0000: 40617.349: [GC 40617.349: [ParNew: 2607092K->40944K(2831168K), 0.0641190 secs] 7199078K->4683460K(12268352K), 0.0644130 secs] [Times: user=0.65 sys=0.01, real=0.06 secs] 
2011-02-26T17:16:30.028+0000: 40639.327: [GC 40639.328: [ParNew: 2557552K->101152K(2831168K), 0.0574000 secs] 7200068K->4750903K(12268352K), 0.0577070 secs] [Times: user=0.69 sys=0.00, real=0.05 secs] 
2011-02-26T17:16:33.687+0000: 40642.986: [GC 40642.986: [ParNew: 2617760K->255571K(2831168K), 0.1362750 secs] 7267511K->4966174K(12268352K), 0.1365700 secs] [Times: user=1.37 sys=0.01, real=0.14 secs] 
2011-02-26T17:16:38.147+0000: 40647.446: [GC 40647.447: [ParNew: 2772179K->161966K(2831168K), 0.1421540 secs] 7482782K->4957859K(12268352K), 0.1424770 secs] [Times: user=1.43 sys=0.01, real=0.14 secs] 
2011-02-26T17:16:45.881+0000: 40655.180: [GC 40655.180: [ParNew: 2678574K->66480K(2831168K), 0.1064260 secs] 7474467K->4923199K(12268352K), 0.1067060 secs] [Times: user=1.10 sys=0.00, real=0.11 secs] 
2011-02-26T17:17:02.859+0000: 40672.158: [GC 40672.158: [ParNew: 2583088K->150950K(2831168K), 0.1175430 secs] 7439807K->5048027K(12268352K), 0.1178990 secs] [Times: user=1.32 sys=0.00, real=0.11 secs] 
2011-02-26T17:17:06.874+0000: 40676.173: [GC 40676.173: [ParNew: 2667558K->101477K(2831168K), 0.1547210 secs] 7564635K->5118218K(12268352K), 0.1550180 secs] [Times: user=1.28 sys=0.00, real=0.16 secs] 
2011-02-26T17:17:20.563+0000: 40689.862: [GC 40689.862: [ParNew: 2618085K->82843K(2831168K), 0.0692990 secs] 7634826K->5113259K(12268352K), 0.0695910 secs] [Times: user=0.82 sys=0.00, real=0.07 secs] 
2011-02-26T17:17:35.782+0000: 40705.081: [GC 40705.081: [ParNew: 2599451K->120650K(2831168K), 0.1451890 secs] 7629867K->5215369K(12268352K), 0.1454980 secs] [Times: user=1.46 sys=0.00, real=0.15 secs] 
2011-02-26T17:17:52.618+0000: 40721.917: [GC 40721.917: [ParNew: 2637258K->86161K(2831168K), 0.1514020 secs] 7731977K->5275939K(12268352K), 0.1516690 secs] [Times: user=1.59 sys=0.01, real=0.15 secs] 
2011-02-26T17:18:05.424+0000: 40734.723: [GC 40734.723: [ParNew: 2602769K->55285K(2831168K), 0.0852730 secs] 7792547K->5294545K(12268352K), 0.0855940 secs] [Times: user=0.91 sys=0.02, real=0.09 secs] 
2011-02-26T17:18:07.653+0000: 40736.952: [GC 40736.952: [ParNew: 2571893K->35725K(2831168K), 0.0490380 secs] 7811153K->5307788K(12268352K), 0.0493350 secs] [Times: user=0.46 sys=0.00, real=0.05 secs] 
2011-02-26T17:18:30.260+0000: 40759.559: [GC 40759.559: [ParNew: 2552333K->74445K(2831168K), 0.0687090 secs] 7824396K->5349723K(12268352K), 0.2628030 secs] [Times: user=0.75 sys=0.00, real=0.26 secs] 
2011-02-26T17:18:34.269+0000: 40763.568: [GC 40763.568: [ParNew: 2591053K->175392K(2831168K), 0.1114100 secs] 7866331K->5492670K(12268352K), 0.1116400 secs] [Times: user=1.13 sys=0.02, real=0.11 secs] 
2011-02-26T17:18:49.386+0000: 40778.685: [GC 40778.685: [ParNew: 2692000K->96794K(2831168K), 0.1363280 secs] 8009278K->5494359K(12268352K), 0.1365650 secs] [Times: user=1.50 sys=0.01, real=0.14 secs] 
2011-02-26T17:19:04.891+0000: 40794.190: [GC 40794.190: [ParNew: 2613402K->90198K(2831168K), 0.1205820 secs] 8010967K->5556357K(12268352K), 0.1208270 secs] [Times: user=1.29 sys=0.00, real=0.12 secs] 
2011-02-26T17:19:06.953+0000: 40796.252: [GC 40796.252: [ParNew: 2606806K->69103K(2831168K), 0.0871250 secs] 8072965K->5603213K(12268352K), 0.0873640 secs] [Times: user=0.89 sys=0.00, real=0.09 secs] 
2011-02-26T17:19:21.479+0000: 40810.778: [GC 40810.778: [ParNew: 2585725K->66344K(2831168K), 0.0552870 secs] 8119835K->5606849K(12268352K), 0.0555230 secs] [Times: user=0.63 sys=0.00, real=0.05 secs] 
2011-02-26T17:19:21.536+0000: 40810.835: [GC 40810.835: [ParNew: 67912K->31617K(2831168K), 0.0617840 secs] 5608418K->5624994K(12268352K), 0.0619680 secs] [Times: user=0.65 sys=0.01, real=0.07 secs] 
2011-02-26T17:19:33.771+0000: 40823.070: [GC 40823.070: [ParNew: 2541350K->202747K(2831168K), 0.0653760 secs] 8134728K->5796125K(12268352K), 0.0656240 secs] [Times: user=0.75 sys=0.00, real=0.06 secs] 
2011-02-26T17:19:38.026+0000: 40827.325: [GC 40827.326: [ParNew: 2719355K->149425K(2831168K), 0.1336160 secs] 8312733K->5831023K(12268352K), 0.1338470 secs] [Times: user=1.40 sys=0.02, real=0.14 secs] 
2011-02-26T17:19:42.350+0000: 40831.649: [GC 40831.649: [ParNew: 2666033K->132372K(2831168K), 0.1188250 secs] 8347631K->5937101K(12268352K), 0.1191120 secs] [Times: user=1.24 sys=0.01, real=0.12 secs] 
2011-02-26T17:19:56.959+0000: 40846.258: [GC 40846.258: [ParNew: 2648980K->105660K(2831168K), 0.0897590 secs] 8453709K->5929440K(12268352K), 0.0900550 secs] [Times: user=0.96 sys=0.01, real=0.09 secs] 
2011-02-26T17:20:07.266+0000: 40856.565: [GC 40856.565: [ParNew: 2622268K->86712K(2831168K), 0.1400010 secs] 8446048K->6009434K(12268352K), 0.1402880 secs] [Times: user=1.45 sys=0.00, real=0.14 secs] 
2011-02-26T17:20:11.049+0000: 40860.349: [GC 40860.349: [ParNew: 2603320K->65523K(2831168K), 0.0829110 secs] 8526042K->6040295K(12268352K), 0.0831890 secs] [Times: user=0.80 sys=0.03, real=0.08 secs] 
2011-02-26T17:20:32.310+0000: 40881.609: [GC 40881.609: [ParNew: 2582131K->116730K(2831168K), 0.1216080 secs] 8556903K->6120994K(12268352K), 0.1218380 secs] [Times: user=1.21 sys=0.00, real=0.12 secs] 
2011-02-26T17:20:44.189+0000: 40893.488: [GC 40893.488: [ParNew: 2633338K->112948K(2831168K), 0.1726300 secs] 8637602K->6222683K(12268352K), 0.1729210 secs] [Times: user=1.73 sys=0.01, real=0.17 secs] 
2011-02-26T17:21:01.152+0000: 40910.451: [GC 40910.452: [ParNew: 2629556K->89054K(2831168K), 0.1365650 secs] 8739291K->6287584K(12268352K), 0.1368120 secs] [Times: user=1.29 sys=0.02, real=0.14 secs] 
2011-02-26T17:21:06.937+0000: 40916.236: [GC 40916.236: [ParNew: 2605662K->41792K(2831168K), 0.0649300 secs] 8804192K->6283600K(12268352K), 0.0652450 secs] [Times: user=0.66 sys=0.01, real=0.07 secs] 
2011-02-26T17:21:17.054+0000: 40926.353: [GC 40926.353: [ParNew: 2558400K->56406K(2831168K), 0.0407880 secs] 8800208K->6305901K(12268352K), 0.0410700 secs] [Times: user=0.52 sys=0.00, real=0.04 secs] 
2011-02-26T17:21:33.385+0000: 40942.684: [GC 40942.684: [ParNew: 2573014K->68405K(2831168K), 0.0886750 secs] 8822509K->6342538K(12268352K), 0.0889810 secs] [Times: user=1.03 sys=0.02, real=0.09 secs] 
2011-02-26T17:21:38.971+0000: 40948.270: [GC 40948.270: [ParNew: 2585013K->141172K(2831168K), 0.1093180 secs] 8859146K->6473128K(12268352K), 0.1095540 secs] [Times: user=1.10 sys=0.00, real=0.11 secs] 
2011-02-26T17:21:57.654+0000: 40966.953: [GC 40966.953: [ParNew: 2657780K->112062K(2831168K), 0.1145910 secs] 8989736K->6497828K(12268352K), 0.1148250 secs] [Times: user=1.29 sys=0.01, real=0.12 secs] 
2011-02-26T17:22:06.317+0000: 40975.616: [GC 40975.616: [ParNew: 2628670K->78929K(2831168K), 0.1075440 secs] 9014436K->6547222K(12268352K), 0.1077870 secs] [Times: user=1.12 sys=0.00, real=0.11 secs] 
2011-02-26T17:22:11.825+0000: 40981.124: [GC 40981.124: [ParNew: 2595537K->33276K(2831168K), 0.0616810 secs] 9063830K->6535895K(12268352K), 0.0619210 secs] [Times: user=0.65 sys=0.01, real=0.07 secs] 
2011-02-26T17:22:29.085+0000: 40998.385: [GC 40998.385: [ParNew: 2549884K->92831K(2831168K), 0.0673670 secs] 9052503K->6616871K(12268352K), 0.0676120 secs] [Times: user=0.79 sys=0.00, real=0.07 secs] 
2011-02-26T17:22:41.452+0000: 41010.751: [GC 41010.751: [ParNew: 2609439K->111695K(2831168K), 0.1181730 secs] 9133479K->6691189K(12268352K), 0.1185210 secs] [Times: user=1.20 sys=0.01, real=0.12 secs] 
2011-02-26T17:22:46.621+0000: 41015.920: [GC 41015.920: [ParNew: 2628303K->237928K(2831168K), 0.1507380 secs] 9207797K->6906858K(12268352K), 0.1509780 secs] [Times: user=1.50 sys=0.02, real=0.15 secs] 
2011-02-26T17:23:04.236+0000: 41033.535: [GC 41033.535: [ParNew: 2754536K->130217K(2831168K), 0.1225780 secs] 9423466K->6846108K(12268352K), 0.1228230 secs] [Times: user=1.42 sys=0.00, real=0.13 secs] 
2011-02-26T17:23:06.717+0000: 41036.016: [GC 41036.016: [ParNew: 2646825K->95262K(2831168K), 0.1446890 secs] 9362716K->6925177K(12268352K), 0.1583450 secs] [Times: user=1.15 sys=0.02, real=0.16 secs] 
2011-02-26T17:23:19.571+0000: 41048.870: [GC 41048.870: [ParNew: 2611870K->79632K(2831168K), 0.0581820 secs] 9441785K->6919001K(12268352K), 0.0584740 secs] [Times: user=0.65 sys=0.00, real=0.06 secs] 
2011-02-26T17:23:33.971+0000: 41063.270: [GC 41063.270: [ParNew: 2596240K->157477K(2831168K), 0.1826710 secs] 9435609K->7059131K(12268352K), 0.1829560 secs] [Times: user=1.60 sys=0.01, real=0.18 secs] 
2011-02-26T17:23:51.101+0000: 41080.400: [GC 41080.400: [ParNew: 2674085K->121301K(2831168K), 0.1814990 secs] 9575739K->7154318K(12268352K), 0.1818110 secs] [Times: user=1.86 sys=0.00, real=0.18 secs] 
2011-02-26T17:24:05.235+0000: 41094.534: [GC 41094.534: [ParNew: 2637909K->96001K(2831168K), 0.1259610 secs] 9670926K->7218179K(12268352K), 0.1262080 secs] [Times: user=1.26 sys=0.02, real=0.13 secs] 
2011-02-26T17:24:05.363+0000: 41094.662: [GC [1 CMS-initial-mark: 7122177K(9437184K)] 7224919K(12268352K), 0.0396620 secs] [Times: user=0.04 sys=0.00, real=0.04 secs] 
2011-02-26T17:24:05.402+0000: 41094.701: [CMS-concurrent-mark-start]
2011-02-26T17:24:06.249+0000: 41095.548: [CMS-concurrent-mark: 0.846/0.846 secs] [Times: user=4.77 sys=0.60, real=0.85 secs] 
2011-02-26T17:24:06.251+0000: 41095.550: [CMS-concurrent-preclean-start]
2011-02-26T17:24:06.297+0000: 41095.596: [CMS-concurrent-preclean: 0.044/0.046 secs] [Times: user=0.08 sys=0.01, real=0.04 secs] 
2011-02-26T17:24:06.297+0000: 41095.596: [CMS-concurrent-abortable-preclean-start]
2011-02-26T17:24:08.137+0000: 41097.436: [GC 41097.436: [ParNew: 2612609K->33198K(2831168K), 0.0530670 secs] 9734787K->7190083K(12268352K), 0.0533170 secs] [Times: user=0.59 sys=0.01, real=0.06 secs] 
 CMS: abort preclean due to time 2011-02-26T17:24:11.321+0000: 41100.620: [CMS-concurrent-abortable-preclean: 4.925/5.024 secs] [Times: user=11.14 sys=2.35, real=5.03 secs] 
2011-02-26T17:24:11.322+0000: 41100.621: [GC[YG occupancy: 931784 K (2831168 K)]41100.621: [Rescan (parallel) , 0.0723470 secs]41100.693: [weak refs processing, 0.0254870 secs] [1 CMS-remark: 7156884K(9437184K)] 8088669K(12268352K), 0.0980810 secs] [Times: user=0.94 sys=0.00, real=0.10 secs] 
2011-02-26T17:24:11.420+0000: 41100.719: [CMS-concurrent-sweep-start]
2011-02-26T17:24:27.251+0000: 41116.550: [GC 41116.550: [ParNew: 2549806K->38175K(2831168K), 0.0561460 secs] 7792138K->5284290K(12268352K), 0.0563910 secs] [Times: user=0.56 sys=0.01, real=0.06 secs] 
2011-02-26T17:24:37.070+0000: 41126.369: [GC 41126.369: [ParNew: 2554839K->96895K(2831168K), 0.0978730 secs] 6785461K->4358687K(12268352K), 0.0981220 secs] [Times: user=1.02 sys=0.00, real=0.10 secs] 
2011-02-26T17:24:37.170+0000: 41126.469: [GC 41126.469: [ParNew: 97662K->14290K(2831168K), 0.1049700 secs] 4359454K->4352131K(12268352K), 0.1051560 secs] [Times: user=0.83 sys=0.01, real=0.10 secs] 
2011-02-26T17:24:48.952+0000: 41138.251: [GC 41138.252: [ParNew: 2530898K->124601K(2831168K), 0.0550210 secs] 5673756K->3267459K(12268352K), 0.0553150 secs] [Times: user=0.66 sys=0.00, real=0.06 secs] 
2011-02-26T17:24:53.847+0000: 41143.146: [GC 41143.146: [ParNew: 2641209K->128833K(2831168K), 0.0732990 secs] 5371895K->2899615K(12268352K), 0.0736110 secs] [Times: user=0.68 sys=0.01, real=0.07 secs] 
2011-02-26T17:24:58.182+0000: 41147.481: [GC 41147.482: [ParNew: 2645441K->36555K(2831168K), 0.0703430 secs] 5038765K->2539227K(12268352K), 0.0706070 secs] [Times: user=0.71 sys=0.00, real=0.07 secs] 
2011-02-26T17:25:06.121+0000: 41155.420: [GC 41155.421: [ParNew: 2553163K->48448K(2831168K), 0.0574270 secs] 4440533K->1956369K(12268352K), 0.0577580 secs] [Times: user=0.61 sys=0.01, real=0.06 secs] 
2011-02-26T17:25:12.343+0000: 41161.642: [GC 41161.642: [ParNew: 2565056K->37572K(2831168K), 0.0633570 secs] 3880422K->1382415K(12268352K), 0.0636020 secs] [Times: user=0.69 sys=0.00, real=0.06 secs] 
2011-02-26T17:25:12.706+0000: 41162.005: [CMS-concurrent-sweep: 60.512/61.285 secs] [Times: user=127.27 sys=22.23, real=61.28 secs] 
2011-02-26T17:25:12.706+0000: 41162.005: [CMS-concurrent-reset-start]
2011-02-26T17:25:12.728+0000: 41162.027: [CMS-concurrent-reset: 0.022/0.022 secs] [Times: user=0.04 sys=0.00, real=0.03 secs] 
2011-02-26T17:25:32.427+0000: 41181.726: [GC 41181.727: [ParNew: 2554180K->128714K(2831168K), 0.0941850 secs] 3880103K->1481793K(12268352K), 0.0945030 secs] [Times: user=1.08 sys=0.00, real=0.09 secs] 
2011-02-26T17:25:44.958+0000: 41194.257: [GC 41194.257: [ParNew: 2645322K->142029K(2831168K), 0.1591500 secs] 3998401K->1583648K(12268352K), 0.1593930 secs] [Times: user=1.66 sys=0.01, real=0.16 secs] 
2011-02-26T17:25:56.202+0000: 41205.501: [GC 41205.501: [ParNew: 2658637K->243119K(2831168K), 0.1563760 secs] 4100256K->1774612K(12268352K), 0.1566350 secs] [Times: user=1.53 sys=0.03, real=0.16 secs] 
2011-02-26T17:26:00.836+0000: 41210.135: [GC 41210.135: [ParNew: 2759727K->147774K(2831168K), 0.0912730 secs] 4291220K->1728809K(12268352K), 0.0915280 secs] [Times: user=0.98 sys=0.02, real=0.10 secs] 
2011-02-26T17:26:04.990+0000: 41214.289: [GC 41214.290: [ParNew: 2664382K->43688K(2831168K), 0.0839180 secs] 4245417K->1743122K(12268352K), 0.0842290 secs] [Times: user=0.78 sys=0.00, real=0.08 secs] 
2011-02-26T17:26:07.317+0000: 41216.616: [GC 41216.617: [ParNew: 2560296K->20984K(2831168K), 0.0397570 secs] 4259730K->1738488K(12268352K), 0.0401110 secs] [Times: user=0.37 sys=0.00, real=0.04 secs] 
2011-02-26T17:26:26.456+0000: 41235.755: [GC 41235.755: [ParNew: 2537592K->95596K(2831168K), 0.0722520 secs] 4255096K->1820628K(12268352K), 0.0726240 secs] [Times: user=0.89 sys=0.00, real=0.08 secs] 
2011-02-26T17:26:36.489+0000: 41245.788: [GC 41245.788: [ParNew: 2612204K->167084K(2831168K), 0.2614880 secs] 4337236K->1980099K(12268352K), 0.2617880 secs] [Times: user=1.93 sys=0.02, real=0.26 secs] 
2011-02-26T17:26:55.409+0000: 41264.708: [GC 41264.708: [ParNew: 2683692K->158559K(2831168K), 0.2419900 secs] 4496707K->2108877K(12268352K), 0.2423660 secs] [Times: user=2.17 sys=0.00, real=0.24 secs] 
2011-02-26T17:27:05.574+0000: 41274.873: [GC 41274.873: [ParNew: 2675167K->115949K(2831168K), 0.1477950 secs] 4625485K->2179822K(12268352K), 0.1588810 secs] [Times: user=1.39 sys=0.00, real=0.16 secs] 
2011-02-26T17:27:10.130+0000: 41279.429: [GC 41279.429: [ParNew: 2632557K->36314K(2831168K), 0.0505580 secs] 4696430K->2126665K(12268352K), 0.0508740 secs] [Times: user=0.43 sys=0.00, real=0.05 secs] 
2011-02-26T17:27:32.249+0000: 41301.548: [GC 41301.548: [ParNew: 2552922K->76782K(2831168K), 0.0685310 secs] 4643273K->2174863K(12268352K), 0.0688460 secs] [Times: user=0.78 sys=0.00, real=0.07 secs] 
2011-02-26T17:27:43.634+0000: 41312.933: [GC 41312.934: [ParNew: 2593390K->89610K(2831168K), 0.1185590 secs] 4691471K->2238342K(12268352K), 0.1188910 secs] [Times: user=1.25 sys=0.01, real=0.12 secs] 
2011-02-26T17:27:57.300+0000: 41326.599: [GC 41326.599: [ParNew: 2606218K->146781K(2831168K), 0.1038990 secs] 4754950K->2359846K(12268352K), 0.1041950 secs] [Times: user=1.04 sys=0.01, real=0.10 secs] 
2011-02-26T17:28:06.417+0000: 41335.716: [GC 41335.717: [ParNew: 2663389K->56445K(2831168K), 0.0813800 secs] 4876454K->2314059K(12268352K), 0.0816900 secs] [Times: user=0.85 sys=0.00, real=0.08 secs] 
2011-02-26T17:28:09.871+0000: 41339.170: [GC 41339.170: [ParNew: 2573053K->42863K(2831168K), 0.0612240 secs] 4830667K->2342500K(12268352K), 0.0615120 secs] [Times: user=0.64 sys=0.01, real=0.06 secs] 
2011-02-26T17:28:28.296+0000: 41357.595: [GC 41357.595: [ParNew: 2559471K->62564K(2831168K), 0.0604780 secs] 4859108K->2374044K(12268352K), 0.0607890 secs] [Times: user=0.76 sys=0.01, real=0.07 secs] 
2011-02-26T17:28:36.209+0000: 41365.508: [GC 41365.508: [ParNew: 2579172K->124031K(2831168K), 0.1260080 secs] 4890652K->2490308K(12268352K), 0.1262470 secs] [Times: user=1.38 sys=0.02, real=0.12 secs] 
2011-02-26T17:28:54.917+0000: 41384.216: [GC 41384.216: [ParNew: 2640639K->127468K(2831168K), 0.1427280 secs] 5006916K->2594190K(12268352K), 0.1429700 secs] [Times: user=1.54 sys=0.00, real=0.14 secs] 
2011-02-26T17:29:07.677+0000: 41396.976: [GC 41396.976: [ParNew: 2644076K->88275K(2831168K), 0.1045060 secs] 5110798K->2642521K(12268352K), 0.1048150 secs] [Times: user=1.11 sys=0.00, real=0.11 secs] 
2011-02-26T17:29:09.951+0000: 41399.250: [GC 41399.250: [ParNew: 2604883K->187190K(2831168K), 0.0719650 secs] 5159129K->2767193K(12268352K), 0.0722740 secs] [Times: user=0.78 sys=0.00, real=0.07 secs] 
2011-02-26T17:29:13.611+0000: 41402.910: [GC 41402.910: [ParNew: 2703798K->120620K(2831168K), 0.0713110 secs] 5283801K->2724237K(12268352K), 0.0716120 secs] [Times: user=0.65 sys=0.02, real=0.07 secs] 
2011-02-26T17:29:18.322+0000: 41407.621: [GC 41407.621: [ParNew: 2637228K->30672K(2831168K), 0.0761050 secs] 5240845K->2746456K(12268352K), 0.0763530 secs] [Times: user=0.75 sys=0.01, real=0.08 secs] 
2011-02-26T17:29:33.370+0000: 41422.669: [GC 41422.669: [ParNew: 2547280K->142468K(2831168K), 0.1188110 secs] 5263064K->2874916K(12268352K), 0.1190530 secs] [Times: user=1.35 sys=0.00, real=0.12 secs] 
2011-02-26T17:29:49.262+0000: 41438.561: [GC 41438.561: [ParNew: 2659076K->202318K(2831168K), 0.1900320 secs] 5391524K->3049161K(12268352K), 0.1903680 secs] [Times: user=1.97 sys=0.02, real=0.19 secs] 
2011-02-26T17:30:04.927+0000: 41454.227: [GC 41454.227: [ParNew: 2718925K->143692K(2831168K), 0.1924930 secs] 5565767K->3119546K(12268352K), 0.1928160 secs] [Times: user=1.97 sys=0.00, real=0.20 secs] 
2011-02-26T17:30:07.490+0000: 41456.789: [GC 41456.789: [ParNew: 2660300K->108303K(2831168K), 0.1206460 secs] 5636154K->3182985K(12268352K), 0.1209500 secs] [Times: user=1.08 sys=0.01, real=0.12 secs] 
2011-02-26T17:30:29.455+0000: 41478.754: [GC 41478.754: [ParNew: 2624911K->62965K(2831168K), 0.0511540 secs] 5699593K->3146728K(12268352K), 0.0514130 secs] [Times: user=0.65 sys=0.00, real=0.05 secs] 
2011-02-26T17:30:37.302+0000: 41486.601: [GC 41486.601: [ParNew: 2579573K->88969K(2831168K), 0.0961230 secs] 5663336K->3212874K(12268352K), 0.0963580 secs] [Times: user=1.10 sys=0.00, real=0.10 secs] 
2011-02-26T17:30:55.506+0000: 41504.805: [GC 41504.805: [ParNew: 2605577K->76727K(2831168K), 0.1143780 secs] 5729482K->3269671K(12268352K), 0.1146180 secs] [Times: user=1.28 sys=0.00, real=0.12 secs] 
2011-02-26T17:31:06.863+0000: 41516.162: [GC 41516.162: [ParNew: 2593335K->49913K(2831168K), 0.0844530 secs] 5786279K->3286915K(12268352K), 0.0847030 secs] [Times: user=0.81 sys=0.01, real=0.09 secs] 
2011-02-26T17:31:09.234+0000: 41518.533: [GC 41518.533: [ParNew: 2566521K->108131K(2831168K), 0.0549910 secs] 5803523K->3370280K(12268352K), 0.0552360 secs] [Times: user=0.61 sys=0.00, real=0.06 secs] 
2011-02-26T17:31:22.146+0000: 41531.445: [GC 41531.445: [ParNew: 2624739K->55093K(2831168K), 0.0535680 secs] 5886888K->3325433K(12268352K), 0.0538080 secs] [Times: user=0.52 sys=0.00, real=0.06 secs] 
2011-02-26T17:31:33.977+0000: 41543.276: [GC 41543.277: [ParNew: 2571701K->131150K(2831168K), 0.1320370 secs] 5842041K->3450741K(12268352K), 0.1323330 secs] [Times: user=1.40 sys=0.02, real=0.13 secs] 
2011-02-26T17:31:46.786+0000: 41556.085: [GC 41556.086: [ParNew: 2647758K->181801K(2831168K), 0.1434710 secs] 5967349K->3604384K(12268352K), 0.1437750 secs] [Times: user=1.56 sys=0.00, real=0.15 secs] 
2011-02-26T17:32:03.887+0000: 41573.186: [GC 41573.186: [ParNew: 2698409K->107438K(2831168K), 0.1047210 secs] 6120992K->3587606K(12268352K), 0.1050200 secs] [Times: user=1.13 sys=0.01, real=0.11 secs] 
2011-02-26T17:32:06.779+0000: 41576.078: [GC 41576.079: [ParNew: 2624046K->71321K(2831168K), 0.0941560 secs] 6104214K->3631205K(12268352K), 0.0944610 secs] [Times: user=0.94 sys=0.01, real=0.09 secs] 
2011-02-26T17:32:16.492+0000: 41585.791: [GC 41585.791: [ParNew: 2587929K->60985K(2831168K), 0.0435230 secs] 6147813K->3628723K(12268352K), 0.0438180 secs] [Times: user=0.49 sys=0.00, real=0.04 secs] 
2011-02-26T17:32:26.623+0000: 41595.922: [GC 41595.922: [ParNew: 2577593K->205031K(2831168K), 0.0850300 secs] 6145331K->3798305K(12268352K), 0.0853470 secs] [Times: user=1.03 sys=0.01, real=0.09 secs] 
2011-02-26T17:32:35.217+0000: 41604.516: [GC 41604.517: [ParNew: 2721639K->137820K(2831168K), 0.1305440 secs] 6314913K->3774011K(12268352K), 0.1308680 secs] [Times: user=1.43 sys=0.02, real=0.13 secs] 
2011-02-26T17:32:53.868+0000: 41623.167: [GC 41623.167: [ParNew: 2654428K->187414K(2831168K), 0.2057590 secs] 6290619K->3947806K(12268352K), 0.2060720 secs] [Times: user=1.98 sys=0.01, real=0.20 secs] 
2011-02-26T17:33:05.895+0000: 41635.194: [GC 41635.195: [ParNew: 2704022K->115916K(2831168K), 0.1580950 secs] 6464414K->3995946K(12268352K), 0.1584130 secs] [Times: user=1.70 sys=0.00, real=0.18 secs] 
2011-02-26T17:33:12.756+0000: 41642.055: [GC 41642.055: [ParNew: 2632524K->82224K(2831168K), 0.1066110 secs] 6512554K->4032681K(12268352K), 0.1068470 secs] [Times: user=1.18 sys=0.00, real=0.11 secs] 
2011-02-26T17:33:30.317+0000: 41659.616: [GC 41659.616: [ParNew: 2598832K->76546K(2831168K), 0.0866920 secs] 6549289K->4065777K(12268352K), 0.0869510 secs] [Times: user=1.02 sys=0.00, real=0.09 secs] 
2011-02-26T17:33:39.327+0000: 41668.626: [GC 41668.626: [ParNew: 2593154K->108785K(2831168K), 0.1119720 secs] 6582385K->4153446K(12268352K), 0.1139600 secs] [Times: user=1.23 sys=0.00, real=0.11 secs] 
2011-02-26T17:33:58.119+0000: 41687.418: [GC 41687.418: [ParNew: 2625393K->72490K(2831168K), 0.1170740 secs] 6670054K->4188329K(12268352K), 0.1173610 secs] [Times: user=1.24 sys=0.01, real=0.11 secs] 
2011-02-26T17:34:07.480+0000: 41696.780: [GC 41696.780: [ParNew: 2589098K->51187K(2831168K), 0.0691780 secs] 6704937K->4211150K(12268352K), 0.0695310 secs] [Times: user=0.70 sys=0.01, real=0.07 secs] 
2011-02-26T17:34:11.938+0000: 41701.237: [GC 41701.237: [ParNew: 2567795K->17093K(2831168K), 0.0380240 secs] 6727758K->4193042K(12268352K), 0.0383250 secs] [Times: user=0.48 sys=0.00, real=0.03 secs] 
2011-02-26T17:34:27.305+0000: 41716.604: [GC 41716.604: [ParNew: 2533701K->145721K(2831168K), 0.0585230 secs] 6709650K->4330735K(12268352K), 0.0588390 secs] [Times: user=0.75 sys=0.00, real=0.06 secs] 
2011-02-26T17:34:34.563+0000: 41723.862: [GC 41723.862: [ParNew: 2662329K->119700K(2831168K), 0.1058580 secs] 6847343K->4343586K(12268352K), 0.1061530 secs] [Times: user=1.14 sys=0.01, real=0.11 secs] 
2011-02-26T17:34:52.694+0000: 41741.993: [GC 41741.993: [ParNew: 2636308K->119357K(2831168K), 0.1427220 secs] 6860194K->4437295K(12268352K), 0.1430180 secs] [Times: user=1.52 sys=0.01, real=0.14 secs] 
2011-02-26T17:35:05.887+0000: 41755.186: [GC 41755.187: [ParNew: 2635965K->88341K(2831168K), 0.1153610 secs] 6953903K->4488408K(12268352K), 0.1156700 secs] [Times: user=1.25 sys=0.03, real=0.11 secs] 
2011-02-26T17:35:08.093+0000: 41757.392: [GC 41757.393: [ParNew: 2604949K->66228K(2831168K), 0.0742600 secs] 7005016K->4525615K(12268352K), 0.0745480 secs] [Times: user=0.77 sys=0.00, real=0.08 secs] 
2011-02-26T17:35:25.580+0000: 41774.879: [GC 41774.879: [ParNew: 2582836K->83996K(2831168K), 0.0523760 secs] 7042223K->4548770K(12268352K), 0.0526780 secs] [Times: user=0.65 sys=0.00, real=0.05 secs] 
2011-02-26T17:35:34.011+0000: 41783.310: [GC 41783.310: [ParNew: 2600604K->246738K(2831168K), 0.1186540 secs] 7065378K->4770456K(12268352K), 0.1189520 secs] [Times: user=1.27 sys=0.00, real=0.12 secs] 
2011-02-26T17:35:38.426+0000: 41787.725: [GC 41787.726: [ParNew: 2763346K->160044K(2831168K), 0.1250770 secs] 7287064K->4758816K(12268352K), 0.1253760 secs] [Times: user=1.43 sys=0.01, real=0.13 secs] 
2011-02-26T17:35:43.122+0000: 41792.421: [GC 41792.421: [ParNew: 2676652K->65963K(2831168K), 0.1066790 secs] 7275424K->4801374K(12268352K), 0.1069730 secs] [Times: user=1.17 sys=0.01, real=0.11 secs] 
2011-02-26T17:36:00.299+0000: 41809.598: [GC 41809.599: [ParNew: 2582571K->145196K(2831168K), 0.0964630 secs] 7317982K->4901191K(12268352K), 0.0967620 secs] [Times: user=1.17 sys=0.00, real=0.09 secs] 
2011-02-26T17:36:06.182+0000: 41815.481: [GC 41815.481: [ParNew: 2661804K->94209K(2831168K), 0.1360110 secs] 7417799K->4970727K(12268352K), 0.1363140 secs] [Times: user=1.33 sys=0.00, real=0.14 secs] 
2011-02-26T17:36:13.307+0000: 41822.606: [GC 41822.607: [ParNew: 2610817K->60899K(2831168K), 0.0691610 secs] 7487335K->4967433K(12268352K), 0.0694420 secs] [Times: user=0.75 sys=0.00, real=0.06 secs] 
2011-02-26T17:36:34.451+0000: 41843.750: [GC 41843.750: [ParNew: 2577507K->115707K(2831168K), 0.1430690 secs] 7484041K->5060425K(12268352K), 0.1433980 secs] [Times: user=1.35 sys=0.00, real=0.14 secs] 
2011-02-26T17:36:46.614+0000: 41855.913: [GC 41855.913: [ParNew: 2632315K->105038K(2831168K), 0.1538650 secs] 7577033K->5149875K(12268352K), 0.1541390 secs] [Times: user=1.70 sys=0.00, real=0.16 secs] 
2011-02-26T17:37:04.282+0000: 41873.581: [GC 41873.582: [ParNew: 2621637K->79212K(2831168K), 0.1070800 secs] 7666474K->5192176K(12268352K), 0.1073260 secs] [Times: user=1.18 sys=0.00, real=0.11 secs] 
2011-02-26T17:37:06.622+0000: 41875.921: [GC 41875.921: [ParNew: 2595820K->34513K(2831168K), 0.0604010 secs] 7708784K->5189718K(12268352K), 0.0736250 secs] [Times: user=0.64 sys=0.00, real=0.07 secs] 
2011-02-26T17:37:17.344+0000: 41886.643: [GC 41886.643: [ParNew: 2551121K->24596K(2831168K), 0.0370470 secs] 7706326K->5188766K(12268352K), 0.0372880 secs] [Times: user=0.48 sys=0.00, real=0.04 secs] 
2011-02-26T17:37:32.986+0000: 41902.285: [GC 41902.285: [ParNew: 2541204K->167721K(2831168K), 0.0866860 secs] 7705374K->5350758K(12268352K), 0.0869940 secs] [Times: user=1.02 sys=0.00, real=0.09 secs] 
2011-02-26T17:37:37.739+0000: 41907.038: [GC 41907.038: [ParNew: 2684329K->165193K(2831168K), 0.1345160 secs] 7867366K->5408376K(12268352K), 0.1348080 secs] [Times: user=1.12 sys=0.02, real=0.13 secs] 
2011-02-26T17:37:42.498+0000: 41911.797: [GC 41911.797: [ParNew: 2681801K->59283K(2831168K), 0.1286700 secs] 7924984K->5443566K(12268352K), 0.1289740 secs] [Times: user=1.18 sys=0.01, real=0.12 secs] 
2011-02-26T17:37:50.187+0000: 41919.486: [GC 41919.487: [ParNew: 2575891K->49818K(2831168K), 0.0530000 secs] 7960174K->5448191K(12268352K), 0.0533060 secs] [Times: user=0.51 sys=0.00, real=0.05 secs] 
2011-02-26T17:38:04.846+0000: 41934.145: [GC 41934.145: [ParNew: 2566426K->84164K(2831168K), 0.0910930 secs] 7964799K->5520516K(12268352K), 0.0914080 secs] [Times: user=0.89 sys=0.00, real=0.10 secs] 
2011-02-26T17:38:09.765+0000: 41939.064: [GC 41939.064: [ParNew: 2600772K->65582K(2831168K), 0.0876990 secs] 8037124K->5572752K(12268352K), 0.0880090 secs] [Times: user=0.81 sys=0.01, real=0.09 secs] 
2011-02-26T17:38:25.611+0000: 41954.910: [GC 41954.910: [ParNew: 2582190K->76594K(2831168K), 0.0595310 secs] 8089360K->5597423K(12268352K), 0.0598120 secs] [Times: user=0.66 sys=0.00, real=0.06 secs] 
2011-02-26T17:38:35.621+0000: 41964.921: [GC 41964.921: [ParNew: 2593202K->104706K(2831168K), 0.1186990 secs] 8114031K->5680905K(12268352K), 0.1190250 secs] [Times: user=1.31 sys=0.01, real=0.12 secs] 
2011-02-26T17:38:40.866+0000: 41970.165: [GC 41970.165: [ParNew: 2592472K->174105K(2831168K), 0.1417790 secs] 8168671K->5834877K(12268352K), 0.1420640 secs] [Times: user=1.42 sys=0.01, real=0.15 secs] 
2011-02-26T17:38:45.148+0000: 41974.447: [GC 41974.447: [ParNew: 2690713K->108899K(2831168K), 0.0761370 secs] 8351485K->5827781K(12268352K), 0.0764310 secs] [Times: user=0.84 sys=0.00, real=0.07 secs] 
2011-02-26T17:38:58.488+0000: 41987.787: [GC 41987.787: [ParNew: 2625507K->102205K(2831168K), 0.0924080 secs] 8344389K->5911435K(12268352K), 0.0926530 secs] [Times: user=1.09 sys=0.01, real=0.09 secs] 
2011-02-26T17:39:05.909+0000: 41995.208: [GC 41995.208: [ParNew: 2618813K->74273K(2831168K), 0.1254270 secs] 8428043K->5975920K(12268352K), 0.1256760 secs] [Times: user=1.18 sys=0.03, real=0.12 secs] 
2011-02-26T17:39:12.697+0000: 42001.996: [GC 42001.996: [ParNew: 2590881K->66959K(2831168K), 0.0769120 secs] 8492528K->6006817K(12268352K), 0.0771530 secs] [Times: user=0.90 sys=0.00, real=0.08 secs] 
2011-02-26T17:39:32.607+0000: 42021.906: [GC 42021.906: [ParNew: 2583567K->130497K(2831168K), 0.1189040 secs] 8523425K->6109491K(12268352K), 0.1191410 secs] [Times: user=1.36 sys=0.00, real=0.11 secs] 
2011-02-26T17:39:46.606+0000: 42035.905: [GC 42035.905: [ParNew: 2647105K->129908K(2831168K), 0.1823810 secs] 8626099K->6227410K(12268352K), 0.1826160 secs] [Times: user=1.91 sys=0.01, real=0.19 secs] 
2011-02-26T17:40:03.627+0000: 42052.926: [GC 42052.926: [ParNew: 2646516K->97185K(2831168K), 0.1543670 secs] 8744018K->6289560K(12268352K), 0.1546880 secs] [Times: user=1.44 sys=0.01, real=0.16 secs] 
2011-02-26T17:40:06.717+0000: 42056.016: [GC 42056.016: [ParNew: 2613793K->40436K(2831168K), 0.0595410 secs] 8806168K->6275334K(12268352K), 0.0694690 secs] [Times: user=0.61 sys=0.00, real=0.07 secs] 
2011-02-26T17:40:19.733+0000: 42069.032: [GC 42069.033: [ParNew: 2557044K->46680K(2831168K), 0.0383750 secs] 8791942K->6285374K(12268352K), 0.0386740 secs] [Times: user=0.52 sys=0.00, real=0.04 secs] 
2011-02-26T17:40:32.482+0000: 42081.781: [GC 42081.781: [ParNew: 2563288K->137181K(2831168K), 0.0857150 secs] 8801982K->6402014K(12268352K), 0.0860240 secs] [Times: user=0.87 sys=0.00, real=0.09 secs] 
2011-02-26T17:40:38.278+0000: 42087.577: [GC 42087.577: [ParNew: 2653789K->163717K(2831168K), 0.0995680 secs] 8918622K->6471517K(12268352K), 0.0998640 secs] [Times: user=1.02 sys=0.00, real=0.10 secs] 
2011-02-26T17:40:53.119+0000: 42102.418: [GC 42102.418: [ParNew: 2680325K->105489K(2831168K), 0.1097240 secs] 8988125K->6474975K(12268352K), 0.1100210 secs] [Times: user=1.20 sys=0.01, real=0.11 secs] 
2011-02-26T17:41:05.205+0000: 42114.505: [GC 42114.505: [ParNew: 2622097K->83164K(2831168K), 0.1092350 secs] 8991583K->6522987K(12268352K), 0.1095460 secs] [Times: user=1.14 sys=0.00, real=0.11 secs] 
2011-02-26T17:41:07.054+0000: 42116.353: [GC 42116.353: [ParNew: 2599772K->60131K(2831168K), 0.0661770 secs] 9039595K->6555524K(12268352K), 0.0664770 secs] [Times: user=0.67 sys=0.00, real=0.07 secs] 
2011-02-26T17:41:25.877+0000: 42135.176: [GC 42135.176: [ParNew: 2576739K->74424K(2831168K), 0.0544730 secs] 9072132K->6575006K(12268352K), 0.0547720 secs] [Times: user=0.69 sys=0.00, real=0.06 secs] 
2011-02-26T17:41:35.741+0000: 42145.040: [GC 42145.040: [ParNew: 2591032K->120500K(2831168K), 0.1286230 secs] 9091614K->6682694K(12268352K), 0.1289140 secs] [Times: user=1.41 sys=0.01, real=0.13 secs] 
2011-02-26T17:41:49.876+0000: 42159.175: [GC 42159.176: [ParNew: 2637108K->246132K(2831168K), 0.1759160 secs] 9199302K->6910588K(12268352K), 0.1762490 secs] [Times: user=1.67 sys=0.02, real=0.18 secs] 
2011-02-26T17:41:59.700+0000: 42168.999: [GC 42169.000: [ParNew: 2762740K->88031K(2831168K), 0.1110730 secs] 9427196K->6806379K(12268352K), 0.1113660 secs] [Times: user=1.27 sys=0.00, real=0.11 secs] 
2011-02-26T17:42:06.145+0000: 42175.444: [GC 42175.444: [ParNew: 2604639K->68880K(2831168K), 0.1128370 secs] 9322987K->6864745K(12268352K), 0.1131440 secs] [Times: user=1.15 sys=0.01, real=0.12 secs] 
2011-02-26T17:42:11.650+0000: 42180.949: [GC 42180.949: [ParNew: 2585488K->38119K(2831168K), 0.0627790 secs] 9381353K->6864884K(12268352K), 0.0630920 secs] [Times: user=0.64 sys=0.01, real=0.06 secs] 
2011-02-26T17:42:32.441+0000: 42201.740: [GC 42201.740: [ParNew: 2554727K->126003K(2831168K), 0.1084600 secs] 9381492K->6981098K(12268352K), 0.1086960 secs] [Times: user=1.24 sys=0.00, real=0.11 secs] 
2011-02-26T17:42:44.972+0000: 42214.271: [GC 42214.271: [ParNew: 2642611K->192472K(2831168K), 0.1883460 secs] 9497706K->7164790K(12268352K), 0.1885840 secs] [Times: user=1.98 sys=0.02, real=0.19 secs] 
2011-02-26T17:43:01.901+0000: 42231.200: [GC 42231.200: [ParNew: 2709080K->120079K(2831168K), 0.2083210 secs] 9681398K->7219659K(12268352K), 0.2085650 secs] [Times: user=1.74 sys=0.01, real=0.21 secs] 
2011-02-26T17:43:02.111+0000: 42231.410: [GC [1 CMS-initial-mark: 7099579K(9437184K)] 7226210K(12268352K), 0.0705820 secs] [Times: user=0.07 sys=0.00, real=0.07 secs] 
2011-02-26T17:43:02.182+0000: 42231.481: [CMS-concurrent-mark-start]
2011-02-26T17:43:02.887+0000: 42232.186: [CMS-concurrent-mark: 0.703/0.705 secs] [Times: user=3.19 sys=0.18, real=0.71 secs] 
2011-02-26T17:43:02.887+0000: 42232.186: [CMS-concurrent-preclean-start]
2011-02-26T17:43:02.928+0000: 42232.227: [CMS-concurrent-preclean: 0.039/0.040 secs] [Times: user=0.05 sys=0.01, real=0.04 secs] 
2011-02-26T17:43:02.928+0000: 42232.227: [CMS-concurrent-abortable-preclean-start]
2011-02-26T17:43:05.677+0000: 42234.976: [CMS-concurrent-abortable-preclean: 2.737/2.749 secs] [Times: user=5.22 sys=0.95, real=2.74 secs] 
2011-02-26T17:43:05.678+0000: 42234.977: [GC[YG occupancy: 1389334 K (2831168 K)]42234.977: [Rescan (parallel) , 0.1557020 secs]42235.133: [weak refs processing, 0.0319030 secs] [1 CMS-remark: 7099579K(9437184K)] 8488913K(12268352K), 0.1878430 secs] [Times: user=1.85 sys=0.00, real=0.19 secs] 
2011-02-26T17:43:05.866+0000: 42235.165: [CMS-concurrent-sweep-start]
2011-02-26T17:43:06.601+0000: 42235.900: [GC 42235.900: [ParNew: 2636687K->52839K(2831168K), 0.0834180 secs] 9362850K->6839308K(12268352K), 0.0837290 secs] [Times: user=0.75 sys=0.01, real=0.08 secs] 
2011-02-26T17:43:15.655+0000: 42244.954: [GC 42244.954: [ParNew: 2569447K->52173K(2831168K), 0.0384750 secs] 8311869K->5801179K(12268352K), 0.0387850 secs] [Times: user=0.52 sys=0.00, real=0.04 secs] 
2011-02-26T17:43:32.947+0000: 42262.246: [GC 42262.246: [ParNew: 2568790K->85968K(2831168K), 0.0789450 secs] 6315978K->3852802K(12268352K), 0.0791940 secs] [Times: user=0.87 sys=0.01, real=0.07 secs] 
2011-02-26T17:43:33.028+0000: 42262.327: [GC 42262.327: [ParNew: 87960K->31750K(2831168K), 0.0755770 secs] 3854758K->3860657K(12268352K), 0.0757600 secs] [Times: user=0.72 sys=0.01, real=0.07 secs] 
2011-02-26T17:43:47.086+0000: 42276.385: [GC 42276.385: [ParNew: 2548358K->80819K(2831168K), 0.0544520 secs] 4910465K->2442926K(12268352K), 0.0547500 secs] [Times: user=0.71 sys=0.02, real=0.06 secs] 
2011-02-26T17:43:56.010+0000: 42285.309: [GC 42285.309: [ParNew: 2597461K->74477K(2831168K), 0.1011900 secs] 4120748K->1653978K(12268352K), 0.1015030 secs] [Times: user=0.99 sys=0.00, real=0.10 secs] 
2011-02-26T17:43:56.113+0000: 42285.412: [GC 42285.412: [ParNew: 76559K->44235K(2831168K), 0.0681070 secs] 1656003K->1675588K(12268352K), 0.0683460 secs] [Times: user=0.67 sys=0.00, real=0.07 secs] 
2011-02-26T17:43:59.111+0000: 42288.410: [CMS-concurrent-sweep: 52.599/53.245 secs] [Times: user=106.38 sys=19.61, real=53.25 secs] 
2011-02-26T17:43:59.111+0000: 42288.410: [CMS-concurrent-reset-start]
2011-02-26T17:43:59.134+0000: 42288.433: [CMS-concurrent-reset: 0.023/0.023 secs] [Times: user=0.02 sys=0.01, real=0.02 secs] 
2011-02-26T17:44:05.574+0000: 42294.873: [GC 42294.873: [ParNew: 2560843K->54551K(2831168K), 0.0378790 secs] 3796515K->1290226K(12268352K), 0.0381620 secs] [Times: user=0.51 sys=0.00, real=0.04 secs] 
2011-02-26T17:44:07.688+0000: 42296.987: [GC 42296.987: [ParNew: 2571159K->34854K(2831168K), 0.0546930 secs] 3806834K->1312554K(12268352K), 0.0549930 secs] [Times: user=0.54 sys=0.01, real=0.06 secs] 
2011-02-26T17:44:29.013+0000: 42318.312: [GC 42318.312: [ParNew: 2551462K->86241K(2831168K), 0.0624100 secs] 3829162K->1370483K(12268352K), 0.0627320 secs] [Times: user=0.78 sys=0.00, real=0.06 secs] 
2011-02-26T17:44:37.995+0000: 42327.295: [GC 42327.295: [ParNew: 2602849K->127040K(2831168K), 0.1390300 secs] 3887091K->1481502K(12268352K), 0.1393200 secs] [Times: user=1.58 sys=0.00, real=0.14 secs] 
2011-02-26T17:44:56.776+0000: 42346.076: [GC 42346.076: [ParNew: 2643648K->102102K(2831168K), 0.1542710 secs] 3998110K->1559884K(12268352K), 0.1545610 secs] [Times: user=1.52 sys=0.01, real=0.16 secs] 
2011-02-26T17:45:02.218+0000: 42351.517: [GC 42351.517: [ParNew: 2618710K->235128K(2831168K), 0.1640450 secs] 4076492K->1757546K(12268352K), 0.1643340 secs] [Times: user=1.43 sys=0.00, real=0.16 secs] 
2011-02-26T17:45:05.632+0000: 42354.931: [GC 42354.931: [ParNew: 2751736K->114598K(2831168K), 0.1089840 secs] 4274154K->1680838K(12268352K), 0.1092870 secs] [Times: user=0.83 sys=0.00, real=0.11 secs] 
2011-02-26T17:45:06.989+0000: 42356.288: [GC 42356.288: [ParNew: 2631206K->26289K(2831168K), 0.0651300 secs] 4197446K->1686897K(12268352K), 0.0654320 secs] [Times: user=0.53 sys=0.00, real=0.06 secs] 
2011-02-26T17:45:14.142+0000: 42363.441: [GC 42363.441: [ParNew: 2542897K->45527K(2831168K), 0.0527210 secs] 4203505K->1710469K(12268352K), 0.0529630 secs] [Times: user=0.57 sys=0.01, real=0.05 secs] 
2011-02-26T17:45:34.371+0000: 42383.670: [GC 42383.670: [ParNew: 2562135K->130407K(2831168K), 0.1481180 secs] 4227077K->1836560K(12268352K), 0.1484530 secs] [Times: user=1.40 sys=0.01, real=0.15 secs] 
2011-02-26T17:45:46.734+0000: 42396.033: [GC 42396.034: [ParNew: 2647015K->189942K(2831168K), 0.1839230 secs] 4353168K->2005511K(12268352K), 0.1841600 secs] [Times: user=1.95 sys=0.00, real=0.19 secs] 
2011-02-26T17:46:04.563+0000: 42413.862: [GC 42413.862: [ParNew: 2706538K->143181K(2831168K), 0.1968770 secs] 4522107K->2093053K(12268352K), 0.1972000 secs] [Times: user=1.97 sys=0.02, real=0.20 secs] 
2011-02-26T17:46:07.387+0000: 42416.686: [GC 42416.687: [ParNew: 2659789K->107370K(2831168K), 0.1088160 secs] 4609661K->2156124K(12268352K), 0.1090540 secs] [Times: user=1.13 sys=0.01, real=0.10 secs] 
2011-02-26T17:46:17.905+0000: 42427.204: [GC 42427.204: [ParNew: 2579281K->35762K(2831168K), 0.0425410 secs] 4628035K->2087764K(12268352K), 0.0427730 secs] [Times: user=0.51 sys=0.00, real=0.05 secs] 
2011-02-26T17:46:33.301+0000: 42442.600: [GC 42442.600: [ParNew: 2552370K->80077K(2831168K), 0.0823970 secs] 4604372K->2150605K(12268352K), 0.0827630 secs] [Times: user=0.88 sys=0.01, real=0.08 secs] 
2011-02-26T17:46:47.777+0000: 42457.077: [GC 42457.077: [ParNew: 2596685K->84080K(2831168K), 0.1047960 secs] 4667213K->2212876K(12268352K), 0.1051050 secs] [Times: user=1.12 sys=0.00, real=0.10 secs] 
2011-02-26T17:47:00.400+0000: 42469.699: [GC 42469.699: [ParNew: 2600717K->144078K(2831168K), 0.0945420 secs] 4729512K->2329332K(12268352K), 0.0948100 secs] [Times: user=1.03 sys=0.02, real=0.09 secs] 
2011-02-26T17:47:00.496+0000: 42469.795: [GC 42469.795: [ParNew: 148822K->18166K(2831168K), 0.0674290 secs] 2334076K->2323752K(12268352K), 0.0676090 secs] [Times: user=0.75 sys=0.02, real=0.07 secs] 
2011-02-26T17:47:05.680+0000: 42474.979: [GC 42474.979: [ParNew: 2534774K->36336K(2831168K), 0.0297060 secs] 4840360K->2341922K(12268352K), 0.0299490 secs] [Times: user=0.35 sys=0.00, real=0.03 secs] 
2011-02-26T17:47:07.472+0000: 42476.771: [GC 42476.771: [ParNew: 2552898K->25927K(2831168K), 0.0382370 secs] 4858484K->2350729K(12268352K), 0.0384810 secs] [Times: user=0.38 sys=0.01, real=0.04 secs] 
2011-02-26T17:47:29.960+0000: 42499.259: [GC 42499.259: [ParNew: 2542535K->108667K(2831168K), 0.0682130 secs] 4867337K->2438415K(12268352K), 0.0684530 secs] [Times: user=0.69 sys=0.01, real=0.07 secs] 
2011-02-26T17:47:38.227+0000: 42507.526: [GC 42507.526: [ParNew: 2625275K->137059K(2831168K), 0.1480410 secs] 4955023K->2541043K(12268352K), 0.1483310 secs] [Times: user=1.60 sys=0.02, real=0.14 secs] 
2011-02-26T17:47:56.971+0000: 42526.270: [GC 42526.270: [ParNew: 2653667K->114645K(2831168K), 0.1610430 secs] 5057651K->2623201K(12268352K), 0.1613480 secs] [Times: user=1.59 sys=0.01, real=0.16 secs] 
2011-02-26T17:48:05.954+0000: 42535.253: [GC 42535.253: [ParNew: 2631253K->90721K(2831168K), 0.1026190 secs] 5139809K->2679556K(12268352K), 0.1029310 secs] [Times: user=1.03 sys=0.00, real=0.10 secs] 
2011-02-26T17:48:07.944+0000: 42537.243: [GC 42537.243: [ParNew: 2607329K->29290K(2831168K), 0.0437710 secs] 5196164K->2642825K(12268352K), 0.0440950 secs] [Times: user=0.45 sys=0.01, real=0.04 secs] 
2011-02-26T17:48:15.551+0000: 42544.850: [GC 42544.851: [ParNew: 2545898K->211263K(2831168K), 0.0710820 secs] 5159433K->2827318K(12268352K), 0.0713200 secs] [Times: user=0.91 sys=0.00, real=0.07 secs] 
2011-02-26T17:48:20.153+0000: 42549.452: [GC 42549.452: [ParNew: 2727871K->106171K(2831168K), 0.0797850 secs] 5343926K->2762782K(12268352K), 0.0800180 secs] [Times: user=0.91 sys=0.00, real=0.08 secs] 
2011-02-26T17:48:32.538+0000: 42561.837: [GC 42561.838: [ParNew: 2622779K->95155K(2831168K), 0.0845940 secs] 5279390K->2769472K(12268352K), 0.0848810 secs] [Times: user=0.98 sys=0.00, real=0.08 secs] 
2011-02-26T17:48:45.651+0000: 42574.950: [GC 42574.951: [ParNew: 2611763K->162333K(2831168K), 0.1678390 secs] 5286080K->2922546K(12268352K), 0.1681140 secs] [Times: user=1.76 sys=0.00, real=0.17 secs] 
2011-02-26T17:49:02.465+0000: 42591.764: [GC 42591.764: [ParNew: 2678941K->145334K(2831168K), 0.1923480 secs] 5439154K->3038344K(12268352K), 0.1926460 secs] [Times: user=2.11 sys=0.01, real=0.20 secs] 
2011-02-26T17:49:06.693+0000: 42595.992: [GC 42595.992: [ParNew: 2661942K->112611K(2831168K), 0.1351190 secs] 5554952K->3116310K(12268352K), 0.1354410 secs] [Times: user=1.30 sys=0.00, real=0.14 secs] 
2011-02-26T17:49:12.524+0000: 42601.823: [GC 42601.823: [ParNew: 2629219K->53861K(2831168K), 0.0548500 secs] 5632918K->3072254K(12268352K), 0.0551660 secs] [Times: user=0.62 sys=0.00, real=0.06 secs] 
2011-02-26T17:49:29.984+0000: 42619.283: [GC 42619.283: [ParNew: 2570469K->55760K(2831168K), 0.0772680 secs] 5588862K->3109329K(12268352K), 0.0775660 secs] [Times: user=0.84 sys=0.00, real=0.08 secs] 
2011-02-26T17:49:39.704+0000: 42629.003: [GC 42629.003: [ParNew: 2572368K->86065K(2831168K), 0.1007950 secs] 5625937K->3177073K(12268352K), 0.1010970 secs] [Times: user=0.87 sys=0.00, real=0.10 secs] 
2011-02-26T17:49:58.506+0000: 42647.805: [GC 42647.805: [ParNew: 2602673K->76798K(2831168K), 0.1112990 secs] 5693681K->3237273K(12268352K), 0.1115610 secs] [Times: user=1.18 sys=0.00, real=0.12 secs] 
2011-02-26T17:50:06.036+0000: 42655.335: [GC 42655.335: [ParNew: 2593406K->50547K(2831168K), 0.0693220 secs] 5753881K->3256520K(12268352K), 0.0696090 secs] [Times: user=0.79 sys=0.00, real=0.07 secs] 
2011-02-26T17:50:08.685+0000: 42657.984: [GC 42657.984: [ParNew: 2567155K->20576K(2831168K), 0.0353640 secs] 5773128K->3245034K(12268352K), 0.0356860 secs] [Times: user=0.40 sys=0.00, real=0.04 secs] 
2011-02-26T17:50:16.768+0000: 42666.067: [GC 42666.067: [ParNew: 2537184K->119853K(2831168K), 0.0523890 secs] 5761642K->3347817K(12268352K), 0.0526260 secs] [Times: user=0.62 sys=0.02, real=0.05 secs] 
2011-02-26T17:50:21.474+0000: 42670.774: [GC 42670.774: [ParNew: 2636461K->29434K(2831168K), 0.0668610 secs] 5864425K->3371257K(12268352K), 0.0670960 secs] [Times: user=0.78 sys=0.01, real=0.07 secs] 
2011-02-26T17:50:28.259+0000: 42677.558: [GC 42677.558: [ParNew: 2546042K->106283K(2831168K), 0.0518490 secs] 5887865K->3462240K(12268352K), 0.0520830 secs] [Times: user=0.56 sys=0.00, real=0.05 secs] 
2011-02-26T17:50:33.025+0000: 42682.324: [GC 42682.324: [ParNew: 2622891K->52426K(2831168K), 0.0966150 secs] 5978848K->3508301K(12268352K), 0.0968490 secs] [Times: user=0.82 sys=0.00, real=0.10 secs] 
2011-02-26T17:50:36.556+0000: 42685.855: [GC 42685.855: [ParNew: 2569034K->79906K(2831168K), 0.0930040 secs] 6024909K->3576457K(12268352K), 0.0932370 secs] [Times: user=0.94 sys=0.00, real=0.10 secs] 
2011-02-26T17:50:43.610+0000: 42692.909: [GC 42692.909: [ParNew: 2596514K->56279K(2831168K), 0.0866580 secs] 6093065K->3616623K(12268352K), 0.0868980 secs] [Times: user=0.90 sys=0.00, real=0.09 secs] 
2011-02-26T17:50:49.926+0000: 42699.225: [GC 42699.225: [ParNew: 2572887K->63172K(2831168K), 0.0575530 secs] 6133231K->3647528K(12268352K), 0.0578400 secs] [Times: user=0.64 sys=0.01, real=0.06 secs] 
2011-02-26T17:50:56.174+0000: 42705.473: [GC 42705.473: [ParNew: 2579780K->43424K(2831168K), 0.0629680 secs] 6164136K->3658974K(12268352K), 0.0632670 secs] [Times: user=0.71 sys=0.00, real=0.07 secs] 
2011-02-26T17:51:05.847+0000: 42715.146: [GC 42715.146: [ParNew: 2560032K->67640K(2831168K), 0.0640940 secs] 6175582K->3716353K(12268352K), 0.0644130 secs] [Times: user=0.78 sys=0.00, real=0.07 secs] 
2011-02-26T17:51:11.342+0000: 42720.641: [GC 42720.642: [ParNew: 2584256K->39435K(2831168K), 0.0668430 secs] 6232968K->3725261K(12268352K), 0.0671250 secs] [Times: user=0.66 sys=0.01, real=0.07 secs] 
2011-02-26T17:51:11.411+0000: 42720.710: [GC 42720.710: [ParNew: 40525K->11004K(2831168K), 0.0371730 secs] 3726351K->3718340K(12268352K), 0.0374250 secs] [Times: user=0.40 sys=0.00, real=0.04 secs] 
2011-02-26T17:51:31.551+0000: 42740.850: [GC 42740.851: [ParNew: 2527612K->223588K(2831168K), 0.0667960 secs] 6234948K->3930924K(12268352K), 0.0670950 secs] [Times: user=0.74 sys=0.00, real=0.07 secs] 
2011-02-26T17:51:34.028+0000: 42743.327: [GC 42743.327: [ParNew: 2740196K->100805K(2831168K), 0.1285440 secs] 6447532K->4004424K(12268352K), 0.1287740 secs] [Times: user=1.41 sys=0.00, real=0.12 secs] 
2011-02-26T17:51:50.173+0000: 42759.472: [GC 42759.472: [ParNew: 2617413K->154722K(2831168K), 0.1699770 secs] 6521032K->4147577K(12268352K), 0.1702120 secs] [Times: user=1.78 sys=0.01, real=0.17 secs] 
2011-02-26T17:52:04.987+0000: 42774.286: [GC 42774.287: [ParNew: 2671330K->125405K(2831168K), 0.1691500 secs] 6664185K->4228186K(12268352K), 0.1694010 secs] [Times: user=1.76 sys=0.00, real=0.17 secs] 
2011-02-26T17:52:07.335+0000: 42776.634: [GC 42776.634: [ParNew: 2642013K->97353K(2831168K), 0.1138960 secs] 6744794K->4294386K(12268352K), 0.1141410 secs] [Times: user=1.11 sys=0.01, real=0.12 secs] 
2011-02-26T17:52:26.777+0000: 42796.076: [GC 42796.076: [ParNew: 2613961K->106072K(2831168K), 0.0751550 secs] 6810994K->4312645K(12268352K), 0.0753990 secs] [Times: user=0.94 sys=0.00, real=0.07 secs] 
2011-02-26T17:52:36.292+0000: 42805.591: [GC 42805.591: [ParNew: 2622680K->135678K(2831168K), 0.1481700 secs] 6829253K->4430594K(12268352K), 0.1484060 secs] [Times: user=1.55 sys=0.00, real=0.15 secs] 
2011-02-26T17:52:54.944+0000: 42824.243: [GC 42824.243: [ParNew: 2652286K->84674K(2831168K), 0.1267420 secs] 6947202K->4466851K(12268352K), 0.1269800 secs] [Times: user=1.35 sys=0.00, real=0.13 secs] 
2011-02-26T17:53:05.729+0000: 42835.028: [GC 42835.028: [ParNew: 2601282K->52799K(2831168K), 0.0717600 secs] 6983459K->4480167K(12268352K), 0.0720670 secs] [Times: user=0.81 sys=0.00, real=0.07 secs] 
2011-02-26T17:53:10.980+0000: 42840.280: [GC 42840.280: [ParNew: 2569412K->33069K(2831168K), 0.0474410 secs] 6996780K->4486351K(12268352K), 0.0477360 secs] [Times: user=0.53 sys=0.00, real=0.05 secs] 
2011-02-26T17:53:11.030+0000: 42840.329: [GC 42840.329: [ParNew: 34212K->7573K(2831168K), 0.0252460 secs] 4487494K->4471538K(12268352K), 0.0254710 secs] [Times: user=0.26 sys=0.00, real=0.02 secs] 
2011-02-26T17:53:31.217+0000: 42860.516: [GC 42860.516: [ParNew: 2524181K->149940K(2831168K), 0.0513030 secs] 6988146K->4613906K(12268352K), 0.0515960 secs] [Times: user=0.61 sys=0.01, real=0.05 secs] 
2011-02-26T17:53:34.285+0000: 42863.584: [GC 42863.585: [ParNew: 2666548K->102148K(2831168K), 0.1606350 secs] 7130514K->4687169K(12268352K), 0.1608920 secs] [Times: user=1.53 sys=0.01, real=0.16 secs] 
2011-02-26T17:53:52.820+0000: 42882.119: [GC 42882.119: [ParNew: 2618756K->131389K(2831168K), 0.1579240 secs] 7203777K->4796637K(12268352K), 0.1581620 secs] [Times: user=1.35 sys=0.01, real=0.16 secs] 
2011-02-26T17:54:05.296+0000: 42894.595: [GC 42894.595: [ParNew: 2647997K->93086K(2831168K), 0.1212230 secs] 7313245K->4841361K(12268352K), 0.1215630 secs] [Times: user=1.30 sys=0.01, real=0.13 secs] 
2011-02-26T17:54:07.506+0000: 42896.805: [GC 42896.805: [ParNew: 2609694K->63335K(2831168K), 0.0709390 secs] 7357969K->4866125K(12268352K), 0.0711810 secs] [Times: user=0.79 sys=0.00, real=0.08 secs] 
2011-02-26T17:54:30.465+0000: 42919.764: [GC 42919.764: [ParNew: 2579943K->77473K(2831168K), 0.0626140 secs] 7382733K->4890757K(12268352K), 0.0628530 secs] [Times: user=0.77 sys=0.01, real=0.07 secs] 
2011-02-26T17:54:34.886+0000: 42924.185: [GC 42924.185: [ParNew: 2594081K->265744K(2831168K), 0.1494890 secs] 7407365K->5147316K(12268352K), 0.4477630 secs] [Times: user=1.69 sys=0.01, real=0.45 secs] 
2011-02-26T17:54:40.161+0000: 42929.460: [GC 42929.460: [ParNew: 2782352K->152959K(2831168K), 0.1235700 secs] 7663924K->5115994K(12268352K), 0.1238520 secs] [Times: user=1.26 sys=0.00, real=0.12 secs] 
2011-02-26T17:54:45.606+0000: 42934.906: [GC 42934.906: [ParNew: 2669567K->59992K(2831168K), 0.0891820 secs] 7632602K->5066122K(12268352K), 0.0894760 secs] [Times: user=1.04 sys=0.00, real=0.09 secs] 
2011-02-26T17:55:02.952+0000: 42952.251: [GC 42952.251: [ParNew: 2576600K->138948K(2831168K), 0.1051970 secs] 7582730K->5175122K(12268352K), 0.1054980 secs] [Times: user=1.20 sys=0.01, real=0.11 secs] 
2011-02-26T17:55:06.526+0000: 42955.825: [GC 42955.826: [ParNew: 2655556K->172195K(2831168K), 0.1301270 secs] 7691730K->5325974K(12268352K), 0.1304310 secs] [Times: user=1.29 sys=0.01, real=0.13 secs] 
2011-02-26T17:55:18.316+0000: 42967.615: [GC 42967.616: [ParNew: 2688803K->86554K(2831168K), 0.0644680 secs] 7842582K->5253762K(12268352K), 0.0647710 secs] [Times: user=0.77 sys=0.00, real=0.07 secs] 
2011-02-26T17:55:35.541+0000: 42984.840: [GC 42984.840: [ParNew: 2603162K->140697K(2831168K), 0.1390310 secs] 7770370K->5370714K(12268352K), 0.1393330 secs] [Times: user=1.52 sys=0.02, real=0.14 secs] 
2011-02-26T17:55:49.790+0000: 42999.089: [GC 42999.089: [ParNew: 2657307K->104482K(2831168K), 0.1719570 secs] 7887324K->5444329K(12268352K), 0.1722570 secs] [Times: user=1.67 sys=0.01, real=0.17 secs] 
2011-02-26T17:56:04.806+0000: 43014.105: [GC 43014.105: [ParNew: 2621090K->72972K(2831168K), 0.0986120 secs] 7960937K->5475751K(12268352K), 0.0989180 secs] [Times: user=1.08 sys=0.00, real=0.10 secs] 
2011-02-26T17:56:07.059+0000: 43016.358: [GC 43016.358: [ParNew: 2589580K->36090K(2831168K), 0.0530270 secs] 7992359K->5476134K(12268352K), 0.0532640 secs] [Times: user=0.54 sys=0.00, real=0.05 secs] 
2011-02-26T17:56:26.160+0000: 43035.459: [GC 43035.459: [ParNew: 2552698K->58935K(2831168K), 0.0528220 secs] 7992742K->5501738K(12268352K), 0.0531530 secs] [Times: user=0.52 sys=0.00, real=0.05 secs] 
2011-02-26T17:56:34.274+0000: 43043.573: [GC 43043.573: [ParNew: 2575543K->166761K(2831168K), 0.1211620 secs] 8018346K->5648281K(12268352K), 0.1214620 secs] [Times: user=0.95 sys=0.03, real=0.12 secs] 
2011-02-26T17:56:46.695+0000: 43055.994: [GC 43055.994: [ParNew: 2683369K->87664K(2831168K), 0.1223970 secs] 8164889K->5646229K(12268352K), 0.1227030 secs] [Times: user=1.30 sys=0.00, real=0.13 secs] 
2011-02-26T17:57:04.279+0000: 43073.579: [GC 43073.579: [ParNew: 2604272K->126391K(2831168K), 0.1160390 secs] 8162837K->5746603K(12268352K), 0.1162870 secs] [Times: user=1.18 sys=0.01, real=0.11 secs] 
2011-02-26T17:57:06.849+0000: 43076.148: [GC 43076.148: [ParNew: 2642955K->76918K(2831168K), 0.0915420 secs] 8263166K->5776482K(12268352K), 0.0917830 secs] [Times: user=0.86 sys=0.02, real=0.09 secs] 
2011-02-26T17:57:19.268+0000: 43088.567: [GC 43088.567: [ParNew: 2593526K->57893K(2831168K), 0.0489520 secs] 8293090K->5767408K(12268352K), 0.0491920 secs] [Times: user=0.58 sys=0.00, real=0.04 secs] 
2011-02-26T17:57:33.743+0000: 43103.042: [GC 43103.043: [ParNew: 2574532K->137722K(2831168K), 0.1746350 secs] 8284046K->5892978K(12268352K), 0.1748720 secs] [Times: user=1.53 sys=0.00, real=0.18 secs] 
2011-02-26T17:57:33.922+0000: 43103.221: [GC 43103.221: [ParNew: 146670K->97104K(2831168K), 0.1648400 secs] 5901925K->5972163K(12268352K), 0.1650560 secs] [Times: user=1.40 sys=0.01, real=0.17 secs] 
2011-02-26T17:57:44.664+0000: 43113.963: [GC 43113.963: [ParNew: 2613712K->230714K(2831168K), 0.0758140 secs] 8488771K->6105829K(12268352K), 0.0760460 secs] [Times: user=0.97 sys=0.02, real=0.08 secs] 
2011-02-26T17:57:49.018+0000: 43118.317: [GC 43118.317: [ParNew: 2747350K->137032K(2831168K), 0.1064750 secs] 8622464K->6063559K(12268352K), 0.1067360 secs] [Times: user=0.98 sys=0.00, real=0.10 secs] 
2011-02-26T17:57:55.710+0000: 43125.009: [GC 43125.009: [ParNew: 2653640K->75082K(2831168K), 0.0874770 secs] 8580167K->6041052K(12268352K), 0.0877230 secs] [Times: user=0.89 sys=0.00, real=0.09 secs] 
2011-02-26T17:58:05.004+0000: 43134.303: [GC 43134.303: [ParNew: 2591690K->85622K(2831168K), 0.0943040 secs] 8557660K->6099181K(12268352K), 0.0945500 secs] [Times: user=1.03 sys=0.01, real=0.10 secs] 
2011-02-26T17:58:07.866+0000: 43137.165: [GC 43137.165: [ParNew: 2602230K->53770K(2831168K), 0.0765250 secs] 8615789K->6122793K(12268352K), 0.0767680 secs] [Times: user=0.73 sys=0.00, real=0.08 secs] 
2011-02-26T17:58:26.944+0000: 43156.243: [GC 43156.244: [ParNew: 2570378K->116446K(2831168K), 0.0728860 secs] 8639401K->6194007K(12268352K), 0.0731320 secs] [Times: user=0.91 sys=0.00, real=0.08 secs] 
2011-02-26T17:58:36.641+0000: 43165.940: [GC 43165.941: [ParNew: 2633054K->155538K(2831168K), 0.1703500 secs] 8710615K->6326325K(12268352K), 0.1747440 secs] [Times: user=1.86 sys=0.03, real=0.17 secs] 
2011-02-26T17:58:55.366+0000: 43184.665: [GC 43184.666: [ParNew: 2672146K->116869K(2831168K), 0.1952310 secs] 8842933K->6419808K(12268352K), 0.1955330 secs] [Times: user=1.87 sys=0.02, real=0.20 secs] 
2011-02-26T17:59:05.570+0000: 43194.869: [GC 43194.869: [ParNew: 2633183K->66464K(2831168K), 0.0882450 secs] 8936121K->6434269K(12268352K), 0.0885140 secs] [Times: user=0.91 sys=0.01, real=0.09 secs] 
2011-02-26T17:59:10.061+0000: 43199.360: [GC 43199.360: [ParNew: 2583079K->25922K(2831168K), 0.0610970 secs] 8950883K->6418252K(12268352K), 0.0613600 secs] [Times: user=0.47 sys=0.01, real=0.06 secs] 
2011-02-26T17:59:31.822+0000: 43221.121: [GC 43221.121: [ParNew: 2542530K->67955K(2831168K), 0.0606120 secs] 8934860K->6467475K(12268352K), 0.0609040 secs] [Times: user=0.68 sys=0.01, real=0.06 secs] 
2011-02-26T17:59:40.050+0000: 43229.349: [GC 43229.350: [ParNew: 2584563K->156785K(2831168K), 0.1189380 secs] 8984083K->6606786K(12268352K), 0.1192320 secs] [Times: user=1.21 sys=0.01, real=0.12 secs] 
2011-02-26T17:59:52.598+0000: 43241.897: [GC 43241.897: [ParNew: 2673393K->91284K(2831168K), 0.1148810 secs] 9123394K->6606002K(12268352K), 0.1151860 secs] [Times: user=1.08 sys=0.01, real=0.11 secs] 
2011-02-26T18:00:05.337+0000: 43254.636: [GC 43254.637: [ParNew: 2607892K->80689K(2831168K), 0.1088680 secs] 9122610K->6657852K(12268352K), 0.1091170 secs] [Times: user=1.18 sys=0.02, real=0.10 secs] 
2011-02-26T18:00:07.331+0000: 43256.630: [GC 43256.630: [ParNew: 2597297K->62054K(2831168K), 0.0686290 secs] 9174460K->6693368K(12268352K), 0.0688750 secs] [Times: user=0.66 sys=0.00, real=0.07 secs] 
2011-02-26T18:00:25.702+0000: 43275.001: [GC 43275.001: [ParNew: 2578662K->101196K(2831168K), 0.0590600 secs] 9209976K->6737490K(12268352K), 0.0593030 secs] [Times: user=0.74 sys=0.00, real=0.06 secs] 
2011-02-26T18:00:35.647+0000: 43284.946: [GC 43284.946: [ParNew: 2617804K->121983K(2831168K), 0.1359860 secs] 9254098K->6824975K(12268352K), 0.1362240 secs] [Times: user=1.46 sys=0.00, real=0.14 secs] 
2011-02-26T18:00:53.602+0000: 43302.901: [GC 43302.901: [ParNew: 2577383K->112413K(2831168K), 0.1463950 secs] 9280375K->6917656K(12268352K), 0.1466350 secs] [Times: user=1.55 sys=0.01, real=0.15 secs] 
2011-02-26T18:00:57.915+0000: 43307.214: [GC 43307.214: [ParNew: 2629021K->142019K(2831168K), 0.1206980 secs] 9434264K->7011235K(12268352K), 0.1209290 secs] [Times: user=1.25 sys=0.08, real=0.12 secs] 
2011-02-26T18:01:07.838+0000: 43317.137: [GC 43317.137: [ParNew (promotion failed): 2658599K->2583089K(2831168K), 0.5888520 secs]43317.726: [CMS: 6913520K->591225K(9437184K), 4.3637290 secs] 9527815K->591225K(12268352K), [CMS Perm : 24617K->24383K(41104K)], 4.9529780 secs] [Times: user=5.85 sys=0.02, real=4.95 secs] 
2011-02-26T18:01:14.513+0000: 43323.812: [GC 43323.812: [ParNew: 2516608K->59851K(2831168K), 0.0260650 secs] 3107833K->651076K(12268352K), 0.0263820 secs] [Times: user=0.31 sys=0.01, real=0.03 secs] 
2011-02-26T18:01:32.317+0000: 43341.616: [GC 43341.616: [ParNew: 2576459K->122618K(2831168K), 0.0979010 secs] 3167684K->758481K(12268352K), 0.0982900 secs] [Times: user=1.12 sys=0.01, real=0.09 secs] 
2011-02-26T18:01:43.908+0000: 43353.207: [GC 43353.207: [ParNew: 2639226K->170529K(2831168K), 0.1758340 secs] 3275089K->910199K(12268352K), 0.1761600 secs] [Times: user=1.73 sys=0.00, real=0.17 secs] 
2011-02-26T18:02:01.047+0000: 43370.346: [GC 43370.346: [ParNew: 2687137K->127105K(2831168K), 0.1755770 secs] 3426807K->1002477K(12268352K), 0.1758140 secs] [Times: user=1.80 sys=0.00, real=0.18 secs] 
2011-02-26T18:02:06.553+0000: 43375.852: [GC 43375.852: [ParNew: 2643713K->96580K(2831168K), 0.0999640 secs] 3519085K->1061268K(12268352K), 0.1002030 secs] [Times: user=1.06 sys=0.00, real=0.10 secs] 
2011-02-26T18:02:14.722+0000: 43384.021: [GC 43384.021: [ParNew: 2613188K->26306K(2831168K), 0.0276870 secs] 3577876K->999233K(12268352K), 0.0279230 secs] [Times: user=0.26 sys=0.01, real=0.03 secs] 
2011-02-26T18:02:32.993+0000: 43402.292: [GC 43402.292: [ParNew: 2542914K->80620K(2831168K), 0.0603120 secs] 3515841K->1068955K(12268352K), 0.0605840 secs] [Times: user=0.72 sys=0.01, real=0.06 secs] 
2011-02-26T18:02:46.656+0000: 43415.955: [GC 43415.955: [ParNew: 2597228K->83734K(2831168K), 0.1037480 secs] 3585563K->1130961K(12268352K), 0.1040440 secs] [Times: user=1.17 sys=0.01, real=0.11 secs] 
2011-02-26T18:02:55.378+0000: 43424.677: [GC 43424.677: [ParNew: 2600342K->141507K(2831168K), 0.0898990 secs] 3647569K->1244888K(12268352K), 0.0901930 secs] [Times: user=0.87 sys=0.00, real=0.09 secs] 
2011-02-26T18:02:59.566+0000: 43428.865: [GC 43428.865: [ParNew: 2658115K->126144K(2831168K), 0.0624990 secs] 3761496K->1275359K(12268352K), 0.0627320 secs] [Times: user=0.66 sys=0.00, real=0.07 secs] 
2011-02-26T18:03:05.656+0000: 43434.955: [GC 43434.955: [ParNew: 2642752K->47529K(2831168K), 0.0444100 secs] 3791967K->1219669K(12268352K), 0.0447010 secs] [Times: user=0.40 sys=0.00, real=0.05 secs] 
2011-02-26T18:03:10.677+0000: 43439.976: [GC 43439.977: [ParNew: 2564137K->28355K(2831168K), 0.0384120 secs] 3736277K->1225535K(12268352K), 0.0386550 secs] [Times: user=0.45 sys=0.01, real=0.04 secs] 
2011-02-26T18:03:24.914+0000: 43454.213: [GC 43454.213: [ParNew: 2544963K->49520K(2831168K), 0.0487790 secs] 3742143K->1264243K(12268352K), 0.0491030 secs] [Times: user=0.52 sys=0.00, real=0.05 secs] 
2011-02-26T18:03:35.276+0000: 43464.575: [GC 43464.575: [ParNew: 2566128K->124580K(2831168K), 0.1042680 secs] 3780851K->1379817K(12268352K), 0.1045550 secs] [Times: user=1.16 sys=0.01, real=0.11 secs] 
2011-02-26T18:03:53.128+0000: 43482.427: [GC 43482.427: [ParNew: 2641188K->172334K(2831168K), 0.1407220 secs] 3896425K->1530469K(12268352K), 0.1410460 secs] [Times: user=1.49 sys=0.00, real=0.14 secs] 
2011-02-26T18:04:05.531+0000: 43494.830: [GC 43494.830: [ParNew: 2688942K->84067K(2831168K), 0.0998590 secs] 4047077K->1516879K(12268352K), 0.1001460 secs] [Times: user=0.84 sys=0.01, real=0.10 secs] 
2011-02-26T18:04:07.241+0000: 43496.540: [GC 43496.541: [ParNew: 2600675K->187857K(2831168K), 0.0650960 secs] 4033487K->1655036K(12268352K), 0.0653390 secs] [Times: user=0.67 sys=0.00, real=0.06 secs] 
2011-02-26T18:04:10.066+0000: 43499.365: [GC 43499.365: [ParNew: 2704465K->110749K(2831168K), 0.0603530 secs] 4171644K->1661068K(12268352K), 0.0606390 secs] [Times: user=0.67 sys=0.03, real=0.06 secs] 
2011-02-26T18:04:13.957+0000: 43503.256: [GC 43503.256: [ParNew: 2627357K->41138K(2831168K), 0.0651940 secs] 4177676K->1694233K(12268352K), 0.0654800 secs] [Times: user=0.64 sys=0.00, real=0.06 secs] 
2011-02-26T18:04:33.987+0000: 43523.286: [GC 43523.287: [ParNew: 2557746K->121399K(2831168K), 0.0927230 secs] 4210841K->1801197K(12268352K), 0.0930190 secs] [Times: user=0.99 sys=0.00, real=0.09 secs] 
2011-02-26T18:04:46.105+0000: 43535.405: [GC 43535.405: [ParNew: 2638007K->179603K(2831168K), 0.1805490 secs] 4317805K->1965056K(12268352K), 0.1808530 secs] [Times: user=1.77 sys=0.00, real=0.18 secs] 
2011-02-26T18:05:03.615+0000: 43552.914: [GC 43552.914: [ParNew: 2696211K->152287K(2831168K), 0.1972460 secs] 4481664K->2075486K(12268352K), 0.1975100 secs] [Times: user=1.98 sys=0.00, real=0.20 secs] 
2011-02-26T18:05:06.875+0000: 43556.174: [GC 43556.174: [ParNew: 2668895K->115478K(2831168K), 0.1169000 secs] 4592094K->2152405K(12268352K), 0.1171340 secs] [Times: user=1.17 sys=0.00, real=0.12 secs] 
2011-02-26T18:05:21.313+0000: 43570.612: [GC 43570.612: [ParNew: 2632086K->37488K(2831168K), 0.0339430 secs] 4669013K->2082185K(12268352K), 0.0341820 secs] [Times: user=0.40 sys=0.00, real=0.04 secs] 
2011-02-26T18:05:33.884+0000: 43583.183: [GC 43583.183: [ParNew: 2554096K->91217K(2831168K), 0.0774770 secs] 4598793K->2166292K(12268352K), 0.0777460 secs] [Times: user=0.86 sys=0.00, real=0.08 secs] 
2011-02-26T18:05:51.129+0000: 43600.428: [GC 43600.428: [ParNew: 2607825K->78190K(2831168K), 0.1116910 secs] 4682900K->2223663K(12268352K), 0.1120250 secs] [Times: user=1.16 sys=0.00, real=0.11 secs] 
2011-02-26T18:06:03.070+0000: 43612.369: [GC 43612.369: [ParNew: 2594798K->140903K(2831168K), 0.0765180 secs] 4740271K->2331640K(12268352K), 0.0768190 secs] [Times: user=0.79 sys=0.00, real=0.07 secs] 
2011-02-26T18:06:06.260+0000: 43615.560: [GC 43615.560: [ParNew: 2657511K->50066K(2831168K), 0.0602320 secs] 4848248K->2281983K(12268352K), 0.0605160 secs] [Times: user=0.48 sys=0.00, real=0.06 secs] 
2011-02-26T18:06:13.461+0000: 43622.760: [GC 43622.760: [ParNew: 2566674K->41833K(2831168K), 0.0377140 secs] 4798591K->2284585K(12268352K), 0.0380060 secs] [Times: user=0.40 sys=0.00, real=0.04 secs] 
2011-02-26T18:06:32.763+0000: 43642.062: [GC 43642.062: [ParNew: 2558441K->102022K(2831168K), 0.0823380 secs] 4801193K->2373345K(12268352K), 0.0825810 secs] [Times: user=0.90 sys=0.01, real=0.08 secs] 
2011-02-26T18:06:46.282+0000: 43655.581: [GC 43655.581: [ParNew: 2618630K->152116K(2831168K), 0.1306780 secs] 4889953K->2510188K(12268352K), 0.1309120 secs] [Times: user=1.43 sys=0.01, real=0.13 secs] 
2011-02-26T18:06:57.363+0000: 43666.662: [GC 43666.662: [ParNew: 2668757K->105132K(2831168K), 0.1163750 secs] 5026829K->2559380K(12268352K), 0.1166090 secs] [Times: user=1.20 sys=0.00, real=0.12 secs] 
2011-02-26T18:06:57.481+0000: 43666.780: [GC 43666.780: [ParNew: 106598K->23964K(2831168K), 0.0543430 secs] 2560846K->2536678K(12268352K), 0.0545210 secs] [Times: user=0.53 sys=0.00, real=0.05 secs] 
2011-02-26T18:07:05.977+0000: 43675.276: [GC 43675.276: [ParNew: 2540572K->63601K(2831168K), 0.0245900 secs] 5053286K->2576317K(12268352K), 0.0248250 secs] [Times: user=0.37 sys=0.00, real=0.03 secs] 
2011-02-26T18:07:10.902+0000: 43680.201: [GC 43680.201: [ParNew: 2580209K->21555K(2831168K), 0.0390880 secs] 5092925K->2562768K(12268352K), 0.0393180 secs] [Times: user=0.39 sys=0.01, real=0.04 secs] 
2011-02-26T18:07:22.643+0000: 43691.942: [GC 43691.942: [ParNew: 2538163K->198591K(2831168K), 0.0643530 secs] 5079376K->2749275K(12268352K), 0.0645920 secs] [Times: user=0.76 sys=0.00, real=0.07 secs] 
2011-02-26T18:07:27.965+0000: 43697.264: [GC 43697.264: [ParNew: 2715199K->114338K(2831168K), 0.0672100 secs] 5265883K->2707399K(12268352K), 0.0674450 secs] [Times: user=0.79 sys=0.00, real=0.07 secs] 
2011-02-26T18:07:33.121+0000: 43702.420: [GC 43702.420: [ParNew: 2630946K->87772K(2831168K), 0.0724610 secs] 5224007K->2709986K(12268352K), 0.0727380 secs] [Times: user=0.78 sys=0.00, real=0.07 secs] 
2011-02-26T18:07:48.399+0000: 43717.699: [GC 43717.699: [ParNew: 2604380K->155742K(2831168K), 0.1378270 secs] 5226594K->2846704K(12268352K), 0.1380980 secs] [Times: user=1.46 sys=0.01, real=0.14 secs] 
2011-02-26T18:08:04.732+0000: 43734.031: [GC 43734.031: [ParNew: 2672350K->135633K(2831168K), 0.1724600 secs] 5363312K->2953636K(12268352K), 0.1727480 secs] [Times: user=1.81 sys=0.00, real=0.17 secs] 
2011-02-26T18:08:07.115+0000: 43736.414: [GC 43736.414: [ParNew: 2652241K->108444K(2831168K), 0.1091280 secs] 5470244K->3033941K(12268352K), 0.1094290 secs] [Times: user=1.04 sys=0.00, real=0.11 secs] 
2011-02-26T18:08:22.834+0000: 43752.133: [GC 43752.133: [ParNew: 2625052K->92365K(2831168K), 0.0615840 secs] 5550549K->3027118K(12268352K), 0.0618900 secs] [Times: user=0.78 sys=0.00, real=0.06 secs] 
2011-02-26T18:08:34.546+0000: 43763.845: [GC 43763.845: [ParNew: 2608973K->106851K(2831168K), 0.1218320 secs] 5543726K->3111399K(12268352K), 0.1221670 secs] [Times: user=1.33 sys=0.00, real=0.13 secs] 
2011-02-26T18:08:52.634+0000: 43781.933: [GC 43781.933: [ParNew: 2623459K->77387K(2831168K), 0.0976630 secs] 5628007K->3150002K(12268352K), 0.0979480 secs] [Times: user=1.06 sys=0.00, real=0.10 secs] 
2011-02-26T18:09:05.705+0000: 43795.004: [GC 43795.004: [ParNew: 2593995K->59530K(2831168K), 0.0649630 secs] 5666610K->3177034K(12268352K), 0.0652760 secs] [Times: user=0.78 sys=0.00, real=0.07 secs] 
2011-02-26T18:09:07.977+0000: 43797.276: [GC 43797.277: [ParNew: 2576119K->27336K(2831168K), 0.0513400 secs] 5693623K->3176242K(12268352K), 0.0516680 secs] [Times: user=0.53 sys=0.01, real=0.05 secs] 
2011-02-26T18:09:18.829+0000: 43808.128: [GC 43808.128: [ParNew: 2543944K->129734K(2831168K), 0.0469460 secs] 5692850K->3281046K(12268352K), 0.0472760 secs] [Times: user=0.47 sys=0.01, real=0.04 secs] 
2011-02-26T18:09:33.542+0000: 43822.841: [GC 43822.841: [ParNew: 2646342K->108745K(2831168K), 0.1027320 secs] 5797654K->3296939K(12268352K), 0.1029650 secs] [Times: user=1.05 sys=0.01, real=0.10 secs] 
2011-02-26T18:09:47.526+0000: 43836.825: [GC 43836.825: [ParNew: 2625353K->134695K(2831168K), 0.1329380 secs] 5813547K->3410787K(12268352K), 0.1332290 secs] [Times: user=1.38 sys=0.00, real=0.14 secs] 
2011-02-26T18:10:04.452+0000: 43853.751: [GC 43853.751: [ParNew: 2651303K->108100K(2831168K), 0.1244700 secs] 5927395K->3470108K(12268352K), 0.1247920 secs] [Times: user=1.19 sys=0.01, real=0.13 secs] 
2011-02-26T18:10:07.609+0000: 43856.909: [GC 43856.909: [ParNew: 2624708K->83294K(2831168K), 0.0899500 secs] 5986716K->3525902K(12268352K), 0.0902790 secs] [Times: user=0.77 sys=0.00, real=0.09 secs] 
2011-02-26T18:10:18.138+0000: 43867.438: [GC 43867.438: [ParNew: 2599902K->50320K(2831168K), 0.0366530 secs] 6042510K->3501564K(12268352K), 0.0369750 secs] [Times: user=0.41 sys=0.00, real=0.03 secs] 
2011-02-26T18:10:32.966+0000: 43882.265: [GC 43882.265: [ParNew: 2566928K->230899K(2831168K), 0.0855750 secs] 6018172K->3717114K(12268352K), 0.0858600 secs] [Times: user=1.03 sys=0.00, real=0.09 secs] 
2011-02-26T18:10:36.073+0000: 43885.372: [GC 43885.372: [ParNew: 2747507K->106069K(2831168K), 0.1188800 secs] 6233722K->3808189K(12268352K), 0.1192090 secs] [Times: user=1.30 sys=0.00, real=0.12 secs] 
2011-02-26T18:10:54.229+0000: 43903.528: [GC 43903.529: [ParNew: 2622677K->153122K(2831168K), 0.1467130 secs] 6324797K->3927894K(12268352K), 0.1470150 secs] [Times: user=1.49 sys=0.00, real=0.14 secs] 
2011-02-26T18:11:05.680+0000: 43914.979: [GC 43914.979: [ParNew: 2669730K->112707K(2831168K), 0.1458600 secs] 6444502K->4003716K(12268352K), 0.1461300 secs] [Times: user=1.43 sys=0.01, real=0.14 secs] 
2011-02-26T18:11:07.824+0000: 43917.123: [GC 43917.123: [ParNew: 2629315K->80157K(2831168K), 0.0734890 secs] 6520324K->4041263K(12268352K), 0.0737340 secs] [Times: user=0.79 sys=0.00, real=0.08 secs] 
2011-02-26T18:11:30.231+0000: 43939.531: [GC 43939.531: [ParNew: 2593895K->116795K(2831168K), 0.0696300 secs] 6555001K->4084110K(12268352K), 0.0700120 secs] [Times: user=0.83 sys=0.00, real=0.07 secs] 
2011-02-26T18:11:39.140+0000: 43948.439: [GC 43948.439: [ParNew: 2633403K->119053K(2831168K), 0.1647430 secs] 6600718K->4187049K(12268352K), 0.1649680 secs] [Times: user=1.53 sys=0.01, real=0.16 secs] 
2011-02-26T18:11:56.723+0000: 43966.022: [GC 43966.022: [ParNew: 2635661K->93372K(2831168K), 0.1170470 secs] 6703657K->4248787K(12268352K), 0.1172790 secs] [Times: user=1.17 sys=0.01, real=0.12 secs] 
2011-02-26T18:12:06.211+0000: 43975.510: [GC 43975.510: [ParNew: 2609980K->56428K(2831168K), 0.0591180 secs] 6765395K->4253800K(12268352K), 0.0593600 secs] [Times: user=0.65 sys=0.00, real=0.06 secs] 
2011-02-26T18:12:09.864+0000: 43979.163: [GC 43979.163: [ParNew: 2573049K->20025K(2831168K), 0.0342680 secs] 6770421K->4240996K(12268352K), 0.0344990 secs] [Times: user=0.40 sys=0.00, real=0.04 secs] 
2011-02-26T18:12:31.695+0000: 44000.994: [GC 44000.995: [ParNew: 2536633K->155397K(2831168K), 0.0787110 secs] 6757604K->4382243K(12268352K), 0.0790520 secs] [Times: user=0.88 sys=0.00, real=0.08 secs] 
2011-02-26T18:12:34.861+0000: 44004.160: [GC 44004.160: [ParNew: 2672005K->91288K(2831168K), 0.1078180 secs] 6898851K->4443644K(12268352K), 0.1081240 secs] [Times: user=1.00 sys=0.00, real=0.11 secs] 
2011-02-26T18:12:52.137+0000: 44021.436: [GC 44021.436: [ParNew: 2607896K->107472K(2831168K), 0.1253650 secs] 6960252K->4536214K(12268352K), 0.1256570 secs] [Times: user=1.16 sys=0.01, real=0.13 secs] 
2011-02-26T18:13:05.203+0000: 44034.502: [GC 44034.502: [ParNew: 2624080K->96867K(2831168K), 0.1007950 secs] 7052822K->4601187K(12268352K), 0.1010380 secs] [Times: user=1.06 sys=0.01, real=0.10 secs] 
2011-02-26T18:13:07.233+0000: 44036.532: [GC 44036.533: [ParNew: 2613475K->67962K(2831168K), 0.0647590 secs] 7117795K->4635081K(12268352K), 0.0650000 secs] [Times: user=0.66 sys=0.00, real=0.07 secs] 
2011-02-26T18:13:22.650+0000: 44051.949: [GC 44051.949: [ParNew: 2584570K->88653K(2831168K), 0.0464820 secs] 7151689K->4661014K(12268352K), 0.0467150 secs] [Times: user=0.48 sys=0.00, real=0.04 secs] 
2011-02-26T18:13:34.438+0000: 44063.737: [GC 44063.737: [ParNew: 2605261K->100954K(2831168K), 0.1350950 secs] 7177622K->4728176K(12268352K), 0.1353720 secs] [Times: user=1.08 sys=0.01, real=0.13 secs] 
2011-02-26T18:13:38.298+0000: 44067.597: [GC 44067.597: [ParNew: 2617562K->247607K(2831168K), 0.1579250 secs] 7244784K->4954674K(12268352K), 0.1582110 secs] [Times: user=1.68 sys=0.00, real=0.15 secs] 
2011-02-26T18:13:42.786+0000: 44072.085: [GC 44072.085: [ParNew: 2764215K->140894K(2831168K), 0.0764280 secs] 7471282K->4900644K(12268352K), 0.0767020 secs] [Times: user=0.84 sys=0.00, real=0.08 secs] 
2011-02-26T18:13:57.525+0000: 44086.824: [GC 44086.825: [ParNew: 2657502K->119178K(2831168K), 0.0804830 secs] 7417252K->4899342K(12268352K), 0.0807550 secs] [Times: user=1.02 sys=0.01, real=0.08 secs] 
2011-02-26T18:14:06.070+0000: 44095.369: [GC 44095.370: [ParNew: 2635786K->81846K(2831168K), 0.1250740 secs] 7415950K->4963356K(12268352K), 0.1253790 secs] [Times: user=1.17 sys=0.02, real=0.12 secs] 
2011-02-26T18:14:09.542+0000: 44098.841: [GC 44098.841: [ParNew: 2598454K->59486K(2831168K), 0.0639520 secs] 7479964K->4988636K(12268352K), 0.0642260 secs] [Times: user=0.65 sys=0.00, real=0.06 secs] 
2011-02-26T18:14:32.656+0000: 44121.955: [GC 44121.955: [ParNew: 2576094K->121146K(2831168K), 0.0851810 secs] 7505244K->5065527K(12268352K), 0.0854140 secs] [Times: user=1.04 sys=0.00, real=0.09 secs] 
2011-02-26T18:14:43.556+0000: 44132.855: [GC 44132.855: [ParNew: 2637754K->168463K(2831168K), 0.1655070 secs] 7582135K->5222081K(12268352K), 0.1657980 secs] [Times: user=1.81 sys=0.01, real=0.17 secs] 
2011-02-26T18:15:00.365+0000: 44149.665: [GC 44149.665: [ParNew: 2685071K->99410K(2831168K), 0.1353090 secs] 7738689K->5256889K(12268352K), 0.1356280 secs] [Times: user=1.33 sys=0.00, real=0.14 secs] 
2011-02-26T18:15:06.963+0000: 44156.262: [GC 44156.262: [ParNew: 2616018K->44281K(2831168K), 0.0562460 secs] 7773497K->5244566K(12268352K), 0.0565510 secs] [Times: user=0.58 sys=0.00, real=0.06 secs] 
2011-02-26T18:15:12.743+0000: 44162.042: [GC 44162.043: [ParNew: 2560889K->25518K(2831168K), 0.0301970 secs] 7761174K->5236105K(12268352K), 0.0304790 secs] [Times: user=0.38 sys=0.00, real=0.03 secs] 
2011-02-26T18:15:32.491+0000: 44181.790: [GC 44181.790: [ParNew: 2542126K->102123K(2831168K), 0.0940700 secs] 7752713K->5325851K(12268352K), 0.0943650 secs] [Times: user=1.13 sys=0.00, real=0.09 secs] 
2011-02-26T18:15:36.742+0000: 44186.041: [GC 44186.041: [ParNew: 2618776K->162056K(2831168K), 0.1074360 secs] 7842504K->5441651K(12268352K), 0.1076620 secs] [Times: user=1.18 sys=0.01, real=0.11 secs] 
2011-02-26T18:15:36.851+0000: 44186.150: [GC 44186.150: [ParNew: 163156K->47474K(2831168K), 0.0825050 secs] 5442752K->5462095K(12268352K), 0.0826920 secs] [Times: user=0.58 sys=0.00, real=0.08 secs] 
2011-02-26T18:15:41.887+0000: 44191.186: [GC 44191.186: [ParNew: 2563377K->109822K(2831168K), 0.0375840 secs] 7977999K->5524444K(12268352K), 0.0378090 secs] [Times: user=0.37 sys=0.00, real=0.03 secs] 
2011-02-26T18:15:45.153+0000: 44194.452: [GC 44194.452: [ParNew: 2626430K->98341K(2831168K), 0.0779690 secs] 8041052K->5616133K(12268352K), 0.0782040 secs] [Times: user=0.56 sys=0.00, real=0.08 secs] 
2011-02-26T18:15:59.171+0000: 44208.470: [GC 44208.470: [ParNew: 2614949K->92035K(2831168K), 0.0589660 secs] 8132741K->5633312K(12268352K), 0.0591990 secs] [Times: user=0.65 sys=0.00, real=0.06 secs] 
2011-02-26T18:16:06.129+0000: 44215.428: [GC 44215.428: [ParNew: 2608643K->59154K(2831168K), 0.0826600 secs] 8149920K->5671942K(12268352K), 0.0829370 secs] [Times: user=0.79 sys=0.00, real=0.08 secs] 
2011-02-26T18:16:13.428+0000: 44222.727: [GC 44222.727: [ParNew: 2575762K->53396K(2831168K), 0.0512390 secs] 8188550K->5695242K(12268352K), 0.0515330 secs] [Times: user=0.59 sys=0.01, real=0.05 secs] 
2011-02-26T18:16:32.681+0000: 44241.980: [GC 44241.980: [ParNew: 2570004K->101098K(2831168K), 0.0798920 secs] 8211850K->5772831K(12268352K), 0.0801860 secs] [Times: user=0.92 sys=0.00, real=0.08 secs] 
2011-02-26T18:16:45.990+0000: 44255.289: [GC 44255.289: [ParNew: 2614199K->88008K(2831168K), 0.1312590 secs] 8285933K->5843874K(12268352K), 0.1315570 secs] [Times: user=1.35 sys=0.01, real=0.13 secs] 
2011-02-26T18:16:51.270+0000: 44260.569: [GC 44260.569: [ParNew: 2604616K->151317K(2831168K), 0.1178320 secs] 8360482K->5975720K(12268352K), 0.1181220 secs] [Times: user=1.19 sys=0.03, real=0.12 secs] 
2011-02-26T18:17:05.217+0000: 44274.516: [GC 44274.516: [ParNew: 2667925K->121858K(2831168K), 0.1105180 secs] 8492328K->5997505K(12268352K), 0.1108560 secs] [Times: user=1.23 sys=0.01, real=0.11 secs] 
2011-02-26T18:17:07.549+0000: 44276.849: [GC 44276.849: [ParNew: 2638466K->81354K(2831168K), 0.0923040 secs] 8514113K->6043623K(12268352K), 0.0926010 secs] [Times: user=0.86 sys=0.00, real=0.09 secs] 
2011-02-26T18:17:29.084+0000: 44298.383: [GC 44298.383: [ParNew: 2597962K->110829K(2831168K), 0.0707820 secs] 8560231K->6082265K(12268352K), 0.0710830 secs] [Times: user=0.89 sys=0.01, real=0.07 secs] 
2011-02-26T18:17:37.859+0000: 44307.158: [GC 44307.158: [ParNew: 2627437K->168904K(2831168K), 0.1770480 secs] 8598873K->6235277K(12268352K), 0.1773200 secs] [Times: user=1.86 sys=0.01, real=0.17 secs] 
2011-02-26T18:17:56.594+0000: 44325.893: [GC 44325.894: [ParNew: 2685512K->121899K(2831168K), 0.1935440 secs] 8751885K->6326275K(12268352K), 0.1976610 secs] [Times: user=1.75 sys=0.02, real=0.20 secs] 
2011-02-26T18:18:05.930+0000: 44335.229: [GC 44335.229: [ParNew: 2638507K->88022K(2831168K), 0.0954410 secs] 8842883K->6368410K(12268352K), 0.0957390 secs] [Times: user=0.92 sys=0.00, real=0.09 secs] 
2011-02-26T18:18:10.403+0000: 44339.703: [GC 44339.703: [ParNew: 2604630K->34508K(2831168K), 0.0388880 secs] 8885018K->6333303K(12268352K), 0.0391850 secs] [Times: user=0.40 sys=0.00, real=0.04 secs] 
2011-02-26T18:18:32.333+0000: 44361.632: [GC 44361.632: [ParNew: 2551116K->65038K(2831168K), 0.0624270 secs] 8849911K->6375684K(12268352K), 0.0626600 secs] [Times: user=0.75 sys=0.00, real=0.06 secs] 
2011-02-26T18:18:42.995+0000: 44372.294: [GC 44372.294: [ParNew: 2581646K->86174K(2831168K), 0.0952630 secs] 8892292K->6448531K(12268352K), 0.0954820 secs] [Times: user=1.05 sys=0.01, real=0.10 secs] 
2011-02-26T18:18:51.559+0000: 44380.858: [GC 44380.858: [ParNew: 2602782K->71198K(2831168K), 0.0948890 secs] 8965139K->6494978K(12268352K), 0.0951200 secs] [Times: user=0.97 sys=0.01, real=0.09 secs] 
2011-02-26T18:19:05.061+0000: 44394.360: [GC 44394.360: [ParNew: 2587806K->100751K(2831168K), 0.0896440 secs] 9011586K->6575270K(12268352K), 0.0898910 secs] [Times: user=0.89 sys=0.02, real=0.09 secs] 
2011-02-26T18:19:07.534+0000: 44396.833: [GC 44396.833: [ParNew: 2617359K->63772K(2831168K), 0.0646680 secs] 9091878K->6602125K(12268352K), 0.0649080 secs] [Times: user=0.66 sys=0.00, real=0.07 secs] 
2011-02-26T18:19:26.946+0000: 44416.245: [GC 44416.245: [ParNew: 2580380K->85259K(2831168K), 0.0488460 secs] 9118733K->6629188K(12268352K), 0.0490920 secs] [Times: user=0.60 sys=0.00, real=0.05 secs] 
2011-02-26T18:19:36.591+0000: 44425.890: [GC 44425.890: [ParNew: 2601867K->121694K(2831168K), 0.1188880 secs] 9145796K->6729865K(12268352K), 0.1191840 secs] [Times: user=1.32 sys=0.00, real=0.12 secs] 
2011-02-26T18:19:55.042+0000: 44444.341: [GC 44444.341: [ParNew: 2638302K->103800K(2831168K), 0.1366100 secs] 9246473K->6816622K(12268352K), 0.1368930 secs] [Times: user=1.41 sys=0.00, real=0.14 secs] 
2011-02-26T18:20:00.453+0000: 44449.752: [GC 44449.752: [ParNew: 2620408K->204772K(2831168K), 0.0968570 secs] 9333230K->6976330K(12268352K), 0.0971440 secs] [Times: user=1.06 sys=0.00, real=0.10 secs] 
2011-02-26T18:20:04.837+0000: 44454.136: [GC 44454.136: [ParNew: 2721380K->124459K(2831168K), 0.0686430 secs] 9492938K->6943224K(12268352K), 0.0689480 secs] [Times: user=0.76 sys=0.00, real=0.07 secs] 
2011-02-26T18:20:06.545+0000: 44455.844: [GC 44455.844: [ParNew: 2641067K->20825K(2831168K), 0.0467670 secs] 9459832K->6939741K(12268352K), 0.0470650 secs] [Times: user=0.52 sys=0.00, real=0.05 secs] 
2011-02-26T18:20:13.897+0000: 44463.196: [GC 44463.196: [ParNew: 2537433K->47043K(2831168K), 0.0464820 secs] 9456349K->6971524K(12268352K), 0.0467720 secs] [Times: user=0.47 sys=0.00, real=0.05 secs] 
2011-02-26T18:20:32.978+0000: 44482.277: [GC 44482.277: [ParNew: 2563651K->158540K(2831168K), 0.1310340 secs] 9488132K->7125726K(12268352K), 0.1313250 secs] [Times: user=1.37 sys=0.03, real=0.13 secs] 
2011-02-26T18:20:47.671+0000: 44496.970: [GC 44496.970: [ParNew: 2675148K->185014K(2831168K), 0.1861440 secs] 9642334K->7274300K(12268352K), 0.1863980 secs] [Times: user=1.98 sys=0.00, real=0.19 secs] 
2011-02-26T18:20:47.859+0000: 44497.158: [GC [1 CMS-initial-mark: 7089286K(9437184K)] 7275084K(12268352K), 0.1655940 secs] [Times: user=0.17 sys=0.00, real=0.16 secs] 
2011-02-26T18:20:48.025+0000: 44497.324: [CMS-concurrent-mark-start]
2011-02-26T18:20:48.596+0000: 44497.895: [CMS-concurrent-mark: 0.568/0.571 secs] [Times: user=2.87 sys=0.21, real=0.57 secs] 
2011-02-26T18:20:48.596+0000: 44497.895: [CMS-concurrent-preclean-start]
2011-02-26T18:20:48.645+0000: 44497.944: [CMS-concurrent-preclean: 0.047/0.049 secs] [Times: user=0.12 sys=0.04, real=0.05 secs] 
2011-02-26T18:20:48.645+0000: 44497.944: [CMS-concurrent-abortable-preclean-start]
 CMS: abort preclean due to time 2011-02-26T18:20:53.839+0000: 44503.138: [CMS-concurrent-abortable-preclean: 5.166/5.193 secs] [Times: user=8.83 sys=1.56, real=5.20 secs] 
2011-02-26T18:20:53.840+0000: 44503.139: [GC[YG occupancy: 1078721 K (2831168 K)]44503.139: [Rescan (parallel) , 0.2277800 secs]44503.367: [weak refs processing, 0.0339800 secs] [1 CMS-remark: 7089286K(9437184K)] 8168007K(12268352K), 0.2619890 secs] [Times: user=2.88 sys=0.00, real=0.26 secs] 
2011-02-26T18:20:54.102+0000: 44503.401: [CMS-concurrent-sweep-start]
2011-02-26T18:21:04.606+0000: 44513.905: [GC 44513.905: [ParNew: 2701622K->133804K(2831168K), 0.1994760 secs] 6808876K->4368051K(12268352K), 0.1997200 secs] [Times: user=1.82 sys=0.01, real=0.20 secs] 
2011-02-26T18:21:07.117+0000: 44516.416: [GC 44516.417: [ParNew: 2650370K->97362K(2831168K), 0.0926810 secs] 6207757K->3740787K(12268352K), 0.0929200 secs] [Times: user=0.85 sys=0.03, real=0.09 secs] 
2011-02-26T18:21:18.861+0000: 44528.160: [CMS-concurrent-sweep: 24.419/24.759 secs] [Times: user=46.44 sys=8.73, real=24.76 secs] 
2011-02-26T18:21:18.861+0000: 44528.160: [CMS-concurrent-reset-start]
2011-02-26T18:21:18.883+0000: 44528.182: [CMS-concurrent-reset: 0.022/0.022 secs] [Times: user=0.04 sys=0.00, real=0.02 secs] 
2011-02-26T18:21:19.650+0000: 44528.949: [GC 44528.949: [ParNew: 2613970K->31223K(2831168K), 0.0311890 secs] 3613343K->1033896K(12268352K), 0.0314290 secs] [Times: user=0.35 sys=0.00, real=0.03 secs] 
2011-02-26T18:21:34.016+0000: 44543.316: [GC 44543.316: [ParNew: 2547831K->90299K(2831168K), 0.0896330 secs] 3550504K->1113981K(12268352K), 0.0898660 secs] [Times: user=0.97 sys=0.00, real=0.09 secs] 
2011-02-26T18:21:49.584+0000: 44558.883: [GC 44558.884: [ParNew: 2606907K->71757K(2831168K), 0.1068760 secs] 3630589K->1164046K(12268352K), 0.1072020 secs] [Times: user=1.17 sys=0.00, real=0.11 secs] 
2011-02-26T18:21:58.905+0000: 44568.205: [GC 44568.205: [ParNew: 2588365K->69192K(2831168K), 0.0808050 secs] 3680654K->1205160K(12268352K), 0.0810950 secs] [Times: user=0.92 sys=0.00, real=0.08 secs] 
2011-02-26T18:22:05.981+0000: 44575.280: [GC 44575.280: [ParNew: 2585800K->50572K(2831168K), 0.0705160 secs] 3721768K->1234982K(12268352K), 0.0708100 secs] [Times: user=0.67 sys=0.00, real=0.07 secs] 
2011-02-26T18:22:10.010+0000: 44579.309: [GC 44579.309: [ParNew: 2567180K->22830K(2831168K), 0.0446150 secs] 3751590K->1233297K(12268352K), 0.0449050 secs] [Times: user=0.40 sys=0.00, real=0.04 secs] 
2011-02-26T18:22:31.595+0000: 44600.894: [GC 44600.895: [ParNew: 2539438K->93946K(2831168K), 0.0669200 secs] 3749905K->1318352K(12268352K), 0.0671540 secs] [Times: user=0.82 sys=0.01, real=0.07 secs] 
2011-02-26T18:22:42.366+0000: 44611.665: [GC 44611.666: [ParNew: 2610554K->135659K(2831168K), 0.1566780 secs] 3834960K->1441578K(12268352K), 0.1569690 secs] [Times: user=1.56 sys=0.00, real=0.16 secs] 
2011-02-26T18:22:59.612+0000: 44628.911: [GC 44628.911: [ParNew: 2652267K->102246K(2831168K), 0.1881580 secs] 3958186K->1513066K(12268352K), 0.1884690 secs] [Times: user=1.58 sys=0.01, real=0.19 secs] 
2011-02-26T18:23:06.533+0000: 44635.832: [GC 44635.832: [ParNew: 2618854K->76019K(2831168K), 0.0843710 secs] 4029674K->1556284K(12268352K), 0.0846730 secs] [Times: user=0.83 sys=0.00, real=0.09 secs] 
2011-02-26T18:23:12.592+0000: 44641.891: [GC 44641.891: [ParNew: 2592627K->188795K(2831168K), 0.0642030 secs] 4072892K->1682692K(12268352K), 0.0644420 secs] [Times: user=0.75 sys=0.01, real=0.06 secs] 
2011-02-26T18:23:15.855+0000: 44645.154: [GC 44645.154: [ParNew: 2705403K->117658K(2831168K), 0.0822670 secs] 4199300K->1706811K(12268352K), 0.0825020 secs] [Times: user=0.99 sys=0.01, real=0.09 secs] 
2011-02-26T18:23:20.120+0000: 44649.419: [GC 44649.420: [ParNew: 2634266K->23332K(2831168K), 0.0636520 secs] 4223419K->1714569K(12268352K), 0.0638790 secs] [Times: user=0.62 sys=0.01, real=0.06 secs] 
2011-02-26T18:23:35.301+0000: 44664.600: [GC 44664.600: [ParNew: 2539940K->126657K(2831168K), 0.0908770 secs] 4231177K->1832596K(12268352K), 0.0911670 secs] [Times: user=1.01 sys=0.01, real=0.09 secs] 
2011-02-26T18:23:50.795+0000: 44680.094: [GC 44680.094: [ParNew: 2643265K->186423K(2831168K), 0.1919280 secs] 4349204K->2010307K(12268352K), 0.1922340 secs] [Times: user=2.11 sys=0.00, real=0.20 secs] 
2011-02-26T18:24:07.271+0000: 44696.570: [GC 44696.570: [ParNew: 2703031K->131162K(2831168K), 0.1879320 secs] 4526915K->2086261K(12268352K), 0.1882340 secs] [Times: user=1.96 sys=0.01, real=0.19 secs] 
2011-02-26T18:24:13.345+0000: 44702.644: [GC 44702.644: [ParNew: 2647770K->101123K(2831168K), 0.1234520 secs] 4602869K->2150138K(12268352K), 0.1237200 secs] [Times: user=1.21 sys=0.00, real=0.13 secs] 
2011-02-26T18:24:25.260+0000: 44714.559: [GC 44714.560: [ParNew: 2617731K->39865K(2831168K), 0.0662540 secs] 4666746K->2117608K(12268352K), 0.0665890 secs] [Times: user=0.59 sys=0.00, real=0.07 secs] 
2011-02-26T18:24:35.064+0000: 44724.363: [GC 44724.363: [ParNew: 2556473K->96342K(2831168K), 0.0732880 secs] 4634216K->2194723K(12268352K), 0.0735210 secs] [Times: user=0.91 sys=0.00, real=0.08 secs] 
2011-02-26T18:24:47.731+0000: 44737.030: [GC 44737.030: [ParNew: 2612950K->63564K(2831168K), 0.0931980 secs] 4711331K->2228346K(12268352K), 0.0934940 secs] [Times: user=0.93 sys=0.02, real=0.09 secs] 
2011-02-26T18:25:04.693+0000: 44753.992: [GC 44753.992: [ParNew: 2580172K->84306K(2831168K), 0.0613130 secs] 4744954K->2282251K(12268352K), 0.0750440 secs] [Times: user=0.75 sys=0.00, real=0.08 secs] 
2011-02-26T18:25:08.163+0000: 44757.462: [GC 44757.462: [ParNew: 2600914K->114003K(2831168K), 0.0650790 secs] 4798859K->2354970K(12268352K), 0.0653170 secs] [Times: user=0.66 sys=0.00, real=0.07 secs] 
2011-02-26T18:25:13.631+0000: 44762.930: [GC 44762.930: [ParNew: 2630611K->34535K(2831168K), 0.0440240 secs] 4871578K->2290074K(12268352K), 0.0443540 secs] [Times: user=0.46 sys=0.00, real=0.04 secs] 
2011-02-26T18:25:30.979+0000: 44780.278: [GC 44780.278: [ParNew: 2551143K->85592K(2831168K), 0.0823920 secs] 4806682K->2368409K(12268352K), 0.0826860 secs] [Times: user=0.81 sys=0.00, real=0.08 secs] 
2011-02-26T18:25:41.015+0000: 44790.314: [GC 44790.314: [ParNew: 2602200K->131041K(2831168K), 0.1209270 secs] 4885017K->2466717K(12268352K), 0.1211610 secs] [Times: user=1.30 sys=0.00, real=0.12 secs] 
2011-02-26T18:25:58.634+0000: 44807.933: [GC 44807.933: [ParNew: 2647649K->123463K(2831168K), 0.1473200 secs] 4983325K->2562633K(12268352K), 0.1475520 secs] [Times: user=1.59 sys=0.00, real=0.15 secs] 
2011-02-26T18:26:05.869+0000: 44815.168: [GC 44815.169: [ParNew: 2640008K->84392K(2831168K), 0.1041750 secs] 5079177K->2605925K(12268352K), 0.1044740 secs] [Times: user=1.05 sys=0.00, real=0.11 secs] 
2011-02-26T18:26:09.340+0000: 44818.639: [GC 44818.639: [ParNew: 2601000K->28640K(2831168K), 0.0423810 secs] 5122533K->2575779K(12268352K), 0.0426720 secs] [Times: user=0.40 sys=0.01, real=0.04 secs] 
2011-02-26T18:26:31.040+0000: 44840.339: [GC 44840.340: [ParNew: 2545248K->224330K(2831168K), 0.0736170 secs] 5092387K->2776999K(12268352K), 0.0739210 secs] [Times: user=0.86 sys=0.00, real=0.07 secs] 
2011-02-26T18:26:33.745+0000: 44843.045: [GC 44843.045: [ParNew: 2740994K->96458K(2831168K), 0.1488620 secs] 5293662K->2848424K(12268352K), 0.1491810 secs] [Times: user=1.37 sys=0.01, real=0.15 secs] 
2011-02-26T18:26:33.897+0000: 44843.196: [GC 44843.196: [ParNew: 97598K->52411K(2831168K), 0.1292680 secs] 2849565K->2884602K(12268352K), 0.1295580 secs] [Times: user=1.07 sys=0.00, real=0.13 secs] 
2011-02-26T18:26:48.729+0000: 44858.028: [GC 44858.028: [ParNew: 2569019K->132683K(2831168K), 0.0748690 secs] 5401210K->2964875K(12268352K), 0.0751460 secs] [Times: user=0.93 sys=0.00, real=0.07 secs] 
2011-02-26T18:27:05.076+0000: 44874.375: [GC 44874.376: [ParNew: 2649291K->160168K(2831168K), 0.1739000 secs] 5481483K->3107675K(12268352K), 0.1741990 secs] [Times: user=1.87 sys=0.00, real=0.18 secs] 
2011-02-26T18:27:07.482+0000: 44876.781: [GC 44876.781: [ParNew: 2676776K->101739K(2831168K), 0.1200170 secs] 5624283K->3154303K(12268352K), 0.1203170 secs] [Times: user=1.19 sys=0.00, real=0.12 secs] 
2011-02-26T18:27:18.000+0000: 44887.299: [GC 44887.299: [ParNew: 2618347K->57135K(2831168K), 0.0532380 secs] 5670911K->3116734K(12268352K), 0.0535260 secs] [Times: user=0.62 sys=0.01, real=0.05 secs] 
2011-02-26T18:27:33.617+0000: 44902.916: [GC 44902.916: [ParNew: 2573743K->124480K(2831168K), 0.1337660 secs] 5633342K->3235773K(12268352K), 0.1340370 secs] [Times: user=1.42 sys=0.01, real=0.14 secs] 
2011-02-26T18:27:49.599+0000: 44918.898: [GC 44918.898: [ParNew: 2641088K->87131K(2831168K), 0.1346210 secs] 5752381K->3298285K(12268352K), 0.1348780 secs] [Times: user=1.33 sys=0.01, real=0.13 secs] 
2011-02-26T18:28:04.650+0000: 44933.949: [GC 44933.949: [ParNew: 2603739K->60610K(2831168K), 0.0727710 secs] 5814893K->3315187K(12268352K), 0.0730630 secs] [Times: user=0.75 sys=0.00, real=0.07 secs] 
2011-02-26T18:28:06.669+0000: 44935.968: [GC 44935.968: [ParNew: 2577410K->41208K(2831168K), 0.0484650 secs] 5831987K->3335735K(12268352K), 0.0487640 secs] [Times: user=0.49 sys=0.00, real=0.05 secs] 
2011-02-26T18:28:18.677+0000: 44947.976: [GC 44947.976: [ParNew: 2557816K->28726K(2831168K), 0.0298560 secs] 5852343K->3326349K(12268352K), 0.0301480 secs] [Times: user=0.33 sys=0.01, real=0.03 secs] 
2011-02-26T18:28:28.508+0000: 44957.807: [GC 44957.807: [ParNew: 2545334K->160764K(2831168K), 0.0637600 secs] 5842957K->3480820K(12268352K), 0.0640510 secs] [Times: user=0.73 sys=0.01, real=0.06 secs] 
2011-02-26T18:28:32.643+0000: 44961.942: [GC 44961.943: [ParNew: 2677372K->40292K(2831168K), 0.0967180 secs] 5997428K->3475389K(12268352K), 0.0970190 secs] [Times: user=0.79 sys=0.00, real=0.10 secs] 
2011-02-26T18:28:35.363+0000: 44964.662: [GC 44964.662: [ParNew: 2556900K->79400K(2831168K), 0.0810600 secs] 5991997K->3544086K(12268352K), 0.0813520 secs] [Times: user=0.81 sys=0.01, real=0.08 secs] 
2011-02-26T18:28:52.376+0000: 44981.676: [GC 44981.676: [ParNew: 2596008K->116897K(2831168K), 0.1119330 secs] 6060694K->3646380K(12268352K), 0.1122180 secs] [Times: user=1.29 sys=0.01, real=0.12 secs] 
2011-02-26T18:29:05.654+0000: 44994.953: [GC 44994.953: [ParNew: 2633505K->74304K(2831168K), 0.1169200 secs] 6162988K->3683112K(12268352K), 0.1172380 secs] [Times: user=1.25 sys=0.00, real=0.12 secs] 
2011-02-26T18:29:09.926+0000: 44999.225: [GC 44999.225: [ParNew: 2590856K->64630K(2831168K), 0.0824410 secs] 6199663K->3727591K(12268352K), 0.0827380 secs] [Times: user=0.92 sys=0.00, real=0.09 secs] 
2011-02-26T18:29:26.742+0000: 45016.041: [GC 45016.041: [ParNew: 2581238K->55366K(2831168K), 0.0562240 secs] 6244199K->3736155K(12268352K), 0.0565190 secs] [Times: user=0.63 sys=0.00, real=0.06 secs] 
2011-02-26T18:29:34.485+0000: 45023.784: [GC 45023.784: [ParNew: 2571974K->245743K(2831168K), 0.1547060 secs] 6252763K->3972518K(12268352K), 0.1549990 secs] [Times: user=1.31 sys=0.00, real=0.16 secs] 
2011-02-26T18:29:39.412+0000: 45028.711: [GC 45028.711: [ParNew: 2762351K->152398K(2831168K), 0.1210330 secs] 6489126K->3957304K(12268352K), 0.1212730 secs] [Times: user=1.26 sys=0.00, real=0.12 secs] 
2011-02-26T18:29:43.914+0000: 45033.213: [GC 45033.213: [ParNew: 2669006K->58300K(2831168K), 0.1175930 secs] 6473912K->3988752K(12268352K), 0.1178290 secs] [Times: user=1.18 sys=0.01, real=0.12 secs] 
2011-02-26T18:30:01.266+0000: 45050.565: [GC 45050.565: [ParNew: 2574908K->130827K(2831168K), 0.1195600 secs] 6505360K->4082634K(12268352K), 0.1197810 secs] [Times: user=1.34 sys=0.00, real=0.12 secs] 
2011-02-26T18:30:06.603+0000: 45055.902: [GC 45055.902: [ParNew: 2647435K->93280K(2831168K), 0.1376260 secs] 6599242K->4165156K(12268352K), 0.1633220 secs] [Times: user=1.27 sys=0.01, real=0.16 secs] 
2011-02-26T18:30:14.715+0000: 45064.014: [GC 45064.014: [ParNew: 2609888K->66542K(2831168K), 0.0604520 secs] 6681764K->4159236K(12268352K), 0.0606900 secs] [Times: user=0.74 sys=0.00, real=0.06 secs] 
2011-02-26T18:30:33.085+0000: 45082.384: [GC 45082.384: [ParNew: 2583150K->137742K(2831168K), 0.1195970 secs] 6675844K->4278252K(12268352K), 0.1199000 secs] [Times: user=1.39 sys=0.00, real=0.12 secs] 
2011-02-26T18:30:46.505+0000: 45095.804: [GC 45095.804: [ParNew: 2654365K->101327K(2831168K), 0.1550090 secs] 6794875K->4352184K(12268352K), 0.1552410 secs] [Times: user=1.72 sys=0.00, real=0.16 secs] 
2011-02-26T18:30:46.665+0000: 45095.964: [GC 45095.964: [ParNew: 128223K->71476K(2831168K), 0.0729720 secs] 4379081K->4386449K(12268352K), 0.0731920 secs] [Times: user=0.74 sys=0.01, real=0.08 secs] 
2011-02-26T18:31:04.216+0000: 45113.516: [GC 45113.516: [ParNew: 2588084K->91507K(2831168K), 0.0412470 secs] 6903057K->4406594K(12268352K), 0.0414840 secs] [Times: user=0.50 sys=0.00, real=0.05 secs] 
2011-02-26T18:31:06.926+0000: 45116.225: [GC 45116.225: [ParNew: 2608115K->35909K(2831168K), 0.0568650 secs] 6923202K->4397498K(12268352K), 0.0571000 secs] [Times: user=0.64 sys=0.00, real=0.06 secs] 
2011-02-26T18:31:16.983+0000: 45126.282: [GC 45126.282: [ParNew: 2552517K->52892K(2831168K), 0.0294440 secs] 6914106K->4417994K(12268352K), 0.0297310 secs] [Times: user=0.39 sys=0.00, real=0.03 secs] 
2011-02-26T18:31:32.902+0000: 45142.201: [GC 45142.202: [ParNew: 2569500K->164310K(2831168K), 0.0710660 secs] 6934602K->4552869K(12268352K), 0.0713870 secs] [Times: user=0.80 sys=0.00, real=0.07 secs] 
2011-02-26T18:31:38.891+0000: 45148.190: [GC 45148.190: [ParNew: 2680918K->101211K(2831168K), 0.1059720 secs] 7069477K->4552276K(12268352K), 0.1062630 secs] [Times: user=1.18 sys=0.00, real=0.10 secs] 
2011-02-26T18:31:57.743+0000: 45167.042: [GC 45167.042: [ParNew: 2617819K->123612K(2831168K), 0.1276260 secs] 7068884K->4639084K(12268352K), 0.1278570 secs] [Times: user=1.42 sys=0.00, real=0.13 secs] 
2011-02-26T18:32:05.939+0000: 45175.238: [GC 45175.238: [ParNew: 2640220K->82175K(2831168K), 0.1048510 secs] 7155692K->4686360K(12268352K), 0.1051300 secs] [Times: user=0.92 sys=0.00, real=0.10 secs] 
2011-02-26T18:32:08.041+0000: 45177.340: [GC 45177.340: [ParNew: 2598764K->33011K(2831168K), 0.0476330 secs] 7202948K->4669928K(12268352K), 0.0478700 secs] [Times: user=0.49 sys=0.00, real=0.05 secs] 
2011-02-26T18:32:31.190+0000: 45200.489: [GC 45200.489: [ParNew: 2549619K->100229K(2831168K), 0.0629260 secs] 7186536K->4743884K(12268352K), 0.0631690 secs] [Times: user=0.79 sys=0.00, real=0.06 secs] 
2011-02-26T18:32:40.030+0000: 45209.329: [GC 45209.329: [ParNew: 2616837K->116097K(2831168K), 0.1252930 secs] 7260492K->4836702K(12268352K), 0.1256090 secs] [Times: user=1.31 sys=0.00, real=0.12 secs] 
2011-02-26T18:32:46.655+0000: 45215.954: [GC 45215.954: [ParNew: 2632705K->225655K(2831168K), 0.1380430 secs] 7353310K->5020039K(12268352K), 0.1383630 secs] [Times: user=1.48 sys=0.06, real=0.14 secs] 
2011-02-26T18:32:51.047+0000: 45220.347: [GC 45220.347: [ParNew: 2742263K->122730K(2831168K), 0.0968320 secs] 7536647K->4965312K(12268352K), 0.0970710 secs] [Times: user=1.00 sys=0.00, real=0.09 secs] 
2011-02-26T18:33:04.444+0000: 45233.743: [GC 45233.743: [ParNew: 2639338K->100461K(2831168K), 0.1019890 secs] 7481920K->4976420K(12268352K), 0.1022290 secs] [Times: user=0.94 sys=0.00, real=0.10 secs] 
2011-02-26T18:33:09.727+0000: 45239.026: [GC 45239.026: [ParNew: 2617069K->72287K(2831168K), 0.1041990 secs] 7493028K->5032505K(12268352K), 0.1044390 secs] [Times: user=1.04 sys=0.01, real=0.11 secs] 
2011-02-26T18:33:18.313+0000: 45247.612: [GC 45247.612: [ParNew: 2588895K->61617K(2831168K), 0.0605040 secs] 7549113K->5043263K(12268352K), 0.0607410 secs] [Times: user=0.66 sys=0.00, real=0.06 secs] 
2011-02-26T18:33:34.858+0000: 45264.157: [GC 45264.158: [ParNew: 2578225K->208428K(2831168K), 0.1237840 secs] 7559871K->5234457K(12268352K), 0.1240590 secs] [Times: user=1.38 sys=0.01, real=0.12 secs] 
2011-02-26T18:33:43.923+0000: 45273.222: [GC 45273.222: [ParNew: 2725036K->114746K(2831168K), 0.1596490 secs] 7751065K->5250184K(12268352K), 0.1598810 secs] [Times: user=1.71 sys=0.00, real=0.16 secs] 
2011-02-26T18:34:00.797+0000: 45290.096: [GC 45290.096: [ParNew: 2631354K->94163K(2831168K), 0.1248060 secs] 7766792K->5323475K(12268352K), 0.1250400 secs] [Times: user=1.27 sys=0.01, real=0.13 secs] 
2011-02-26T18:34:06.314+0000: 45295.613: [GC 45295.613: [ParNew: 2610771K->42744K(2831168K), 0.0665170 secs] 7840083K->5317241K(12268352K), 0.0667620 secs] [Times: user=0.64 sys=0.00, real=0.07 secs] 
2011-02-26T18:34:12.149+0000: 45301.448: [GC 45301.448: [ParNew: 2559352K->21007K(2831168K), 0.0364490 secs] 7833849K->5307884K(12268352K), 0.0367140 secs] [Times: user=0.35 sys=0.00, real=0.03 secs] 
2011-02-26T18:34:32.718+0000: 45322.017: [GC 45322.017: [ParNew: 2537615K->84833K(2831168K), 0.0715510 secs] 7824492K->5384042K(12268352K), 0.0718460 secs] [Times: user=0.80 sys=0.00, real=0.07 secs] 
2011-02-26T18:34:38.547+0000: 45327.846: [GC 45327.846: [ParNew: 2601441K->164212K(2831168K), 0.1062000 secs] 7900650K->5521572K(12268352K), 0.1065100 secs] [Times: user=1.08 sys=0.01, real=0.11 secs] 
2011-02-26T18:34:53.844+0000: 45343.143: [GC 45343.143: [ParNew: 2680820K->95919K(2831168K), 0.1094780 secs] 8038180K->5513599K(12268352K), 0.1097740 secs] [Times: user=1.15 sys=0.01, real=0.11 secs] 
2011-02-26T18:35:05.288+0000: 45354.587: [GC 45354.588: [ParNew: 2612527K->83434K(2831168K), 0.1003670 secs] 8030207K->5570903K(12268352K), 0.1152740 secs] [Times: user=1.05 sys=0.01, real=0.11 secs] 
2011-02-26T18:35:06.951+0000: 45356.250: [GC 45356.250: [ParNew: 2600234K->59921K(2831168K), 0.0657440 secs] 8087703K->5595250K(12268352K), 0.0660430 secs] [Times: user=0.53 sys=0.00, real=0.07 secs] 
2011-02-26T18:35:23.711+0000: 45373.010: [GC 45373.010: [ParNew: 2576529K->80106K(2831168K), 0.0449030 secs] 8111858K->5619795K(12268352K), 0.0451410 secs] [Times: user=0.51 sys=0.00, real=0.04 secs] 
2011-02-26T18:35:34.672+0000: 45383.971: [GC 45383.972: [ParNew: 2596714K->133639K(2831168K), 0.1121870 secs] 8136403K->5728944K(12268352K), 0.1124750 secs] [Times: user=1.29 sys=0.01, real=0.11 secs] 
2011-02-26T18:35:52.498+0000: 45401.797: [GC 45401.797: [ParNew: 2650247K->86135K(2831168K), 0.1407870 secs] 8245552K->5781761K(12268352K), 0.1410510 secs] [Times: user=1.46 sys=0.02, real=0.15 secs] 
2011-02-26T18:35:57.795+0000: 45407.094: [GC 45407.094: [ParNew: 2602743K->205611K(2831168K), 0.0997760 secs] 8298369K->5952395K(12268352K), 0.1000050 secs] [Times: user=1.17 sys=0.00, real=0.10 secs] 
2011-02-26T18:36:05.795+0000: 45415.094: [GC 45415.095: [ParNew: 2722219K->61097K(2831168K), 0.0846730 secs] 8469003K->5857514K(12268352K), 0.0849180 secs] [Times: user=0.93 sys=0.00, real=0.09 secs] 
2011-02-26T18:36:07.717+0000: 45417.016: [GC 45417.016: [ParNew: 2577705K->46681K(2831168K), 0.0562800 secs] 8374122K->5884620K(12268352K), 0.0565200 secs] [Times: user=0.60 sys=0.00, real=0.06 secs] 
2011-02-26T18:36:30.177+0000: 45439.476: [GC 45439.476: [ParNew: 2563289K->103863K(2831168K), 0.0752930 secs] 8401228K->5949642K(12268352K), 0.0755910 secs] [Times: user=0.92 sys=0.00, real=0.08 secs] 
2011-02-26T18:36:39.454+0000: 45448.753: [GC 45448.753: [ParNew: 2620471K->163845K(2831168K), 0.1737410 secs] 8466250K->6105821K(12268352K), 0.1740320 secs] [Times: user=1.94 sys=0.00, real=0.18 secs] 
2011-02-26T18:36:57.413+0000: 45466.712: [GC 45466.712: [ParNew: 2680453K->161965K(2831168K), 0.1914060 secs] 8622429K->6243740K(12268352K), 0.1917030 secs] [Times: user=2.00 sys=0.00, real=0.19 secs] 
2011-02-26T18:37:05.833+0000: 45475.132: [GC 45475.132: [ParNew: 2678573K->112244K(2831168K), 0.1200870 secs] 8760348K->6302112K(12268352K), 0.1203860 secs] [Times: user=1.19 sys=0.00, real=0.12 secs] 
2011-02-26T18:37:08.585+0000: 45477.884: [GC 45477.884: [ParNew: 2628852K->33849K(2831168K), 0.0304230 secs] 8818720K->6240668K(12268352K), 0.0306980 secs] [Times: user=0.37 sys=0.01, real=0.03 secs] 
2011-02-26T18:37:31.361+0000: 45500.660: [GC 45500.660: [ParNew: 2550457K->70626K(2831168K), 0.0479670 secs] 8757276K->6281307K(12268352K), 0.0482560 secs] [Times: user=0.50 sys=0.01, real=0.05 secs] 
2011-02-26T18:37:43.944+0000: 45513.243: [GC 45513.244: [ParNew: 2587234K->82561K(2831168K), 0.1128670 secs] 8797915K->6339183K(12268352K), 0.1131290 secs] [Times: user=1.24 sys=0.00, real=0.12 secs] 
2011-02-26T18:37:52.263+0000: 45521.562: [GC 45521.562: [ParNew: 2599169K->154061K(2831168K), 0.1334350 secs] 8855791K->6480384K(12268352K), 0.1336670 secs] [Times: user=1.27 sys=0.01, real=0.13 secs] 
2011-02-26T18:38:05.147+0000: 45534.446: [GC 45534.446: [ParNew: 2670669K->82127K(2831168K), 0.0852550 secs] 8996992K->6453249K(12268352K), 0.0855000 secs] [Times: user=0.86 sys=0.00, real=0.09 secs] 
2011-02-26T18:38:06.968+0000: 45536.267: [GC 45536.267: [ParNew: 2598735K->54246K(2831168K), 0.0730320 secs] 8969857K->6484594K(12268352K), 0.0732720 secs] [Times: user=0.66 sys=0.00, real=0.08 secs] 
2011-02-26T18:38:20.476+0000: 45549.775: [GC 45549.775: [ParNew: 2570854K->49704K(2831168K), 0.0416530 secs] 9001202K->6484920K(12268352K), 0.0419180 secs] [Times: user=0.49 sys=0.01, real=0.05 secs] 
2011-02-26T18:38:33.909+0000: 45563.208: [GC 45563.208: [ParNew: 2566312K->126567K(2831168K), 0.1081450 secs] 9001528K->6603745K(12268352K), 0.1084460 secs] [Times: user=1.18 sys=0.00, real=0.11 secs] 
2011-02-26T18:38:51.090+0000: 45580.390: [GC 45580.390: [ParNew: 2643175K->104303K(2831168K), 0.1541790 secs] 9120353K->6681602K(12268352K), 0.1545340 secs] [Times: user=1.45 sys=0.00, real=0.15 secs] 
2011-02-26T18:39:05.093+0000: 45594.392: [GC 45594.392: [ParNew: 2620911K->80742K(2831168K), 0.1032790 secs] 9198209K->6736317K(12268352K), 0.1035860 secs] [Times: user=1.06 sys=0.00, real=0.10 secs] 
2011-02-26T18:39:07.324+0000: 45596.623: [GC 45596.623: [ParNew: 2597350K->36874K(2831168K), 0.0475360 secs] 9252925K->6728637K(12268352K), 0.0478430 secs] [Times: user=0.52 sys=0.00, real=0.05 secs] 
2011-02-26T18:39:09.412+0000: 45598.711: [GC 45598.711: [ParNew: 2553482K->175073K(2831168K), 0.0557930 secs] 9245245K->6872209K(12268352K), 0.0560870 secs] [Times: user=0.62 sys=0.00, real=0.06 secs] 
2011-02-26T18:39:14.172+0000: 45603.471: [GC 45603.471: [ParNew: 2691681K->120289K(2831168K), 0.0758740 secs] 9388817K->6839834K(12268352K), 0.0761740 secs] [Times: user=0.79 sys=0.02, real=0.08 secs] 
2011-02-26T18:39:28.320+0000: 45617.619: [GC 45617.619: [ParNew: 2636897K->70200K(2831168K), 0.0829720 secs] 9356442K->6824776K(12268352K), 0.0832700 secs] [Times: user=0.88 sys=0.03, real=0.08 secs] 
2011-02-26T18:39:36.540+0000: 45625.839: [GC 45625.839: [ParNew: 2586808K->158016K(2831168K), 0.1347030 secs] 9341384K->6968245K(12268352K), 0.1350110 secs] [Times: user=1.46 sys=0.00, real=0.13 secs] 
2011-02-26T18:39:55.597+0000: 45644.896: [GC 45644.896: [ParNew: 2674624K->166219K(2831168K), 0.1942840 secs] 9484853K->7103664K(12268352K), 0.1946090 secs] [Times: user=2.07 sys=0.01, real=0.20 secs] 
2011-02-26T18:40:05.856+0000: 45655.155: [GC 45655.156: [ParNew: 2682827K->118786K(2831168K), 0.1504650 secs] 9620272K->7178701K(12268352K), 0.1507650 secs] [Times: user=1.63 sys=0.01, real=0.16 secs] 
2011-02-26T18:40:08.122+0000: 45657.421: [GC 45657.421: [ParNew: 2635394K->56379K(2831168K), 0.0714100 secs] 9695309K->7176333K(12268352K), 0.0717090 secs] [Times: user=0.74 sys=0.00, real=0.07 secs] 
2011-02-26T18:40:08.195+0000: 45657.494: [GC [1 CMS-initial-mark: 7119953K(9437184K)] 7179535K(12268352K), 0.0142270 secs] [Times: user=0.02 sys=0.00, real=0.02 secs] 
2011-02-26T18:40:08.210+0000: 45657.509: [CMS-concurrent-mark-start]
2011-02-26T18:40:08.896+0000: 45658.195: [CMS-concurrent-mark: 0.684/0.686 secs] [Times: user=3.31 sys=0.54, real=0.68 secs] 
2011-02-26T18:40:08.896+0000: 45658.195: [CMS-concurrent-preclean-start]
2011-02-26T18:40:08.931+0000: 45658.230: [CMS-concurrent-preclean: 0.035/0.035 secs] [Times: user=0.05 sys=0.00, real=0.04 secs] 
2011-02-26T18:40:08.931+0000: 45658.230: [CMS-concurrent-abortable-preclean-start]
 CMS: abort preclean due to time 2011-02-26T18:40:13.943+0000: 45663.242: [CMS-concurrent-abortable-preclean: 4.902/5.012 secs] [Times: user=8.83 sys=1.79, real=5.01 secs] 
2011-02-26T18:40:13.944+0000: 45663.243: [GC[YG occupancy: 1328100 K (2831168 K)]45663.243: [Rescan (parallel) , 1.0283400 secs]45664.271: [weak refs processing, 0.0265640 secs] [1 CMS-remark: 7119953K(9437184K)] 8448054K(12268352K), 1.0551500 secs] [Times: user=11.48 sys=0.07, real=1.06 secs] 
2011-02-26T18:40:14.999+0000: 45664.298: [CMS-concurrent-sweep-start]
2011-02-26T18:40:28.612+0000: 45677.911: [GC 45677.911: [ParNew: 2572987K->47449K(2831168K), 0.0532280 secs] 6925112K->4406244K(12268352K), 0.0535160 secs] [Times: user=0.50 sys=0.00, real=0.05 secs] 
2011-02-26T18:40:37.226+0000: 45686.525: [GC 45686.525: [ParNew: 2564057K->91082K(2831168K), 0.0970270 secs] 5614752K->3179862K(12268352K), 0.0973530 secs] [Times: user=1.11 sys=0.01, real=0.10 secs] 
2011-02-26T18:40:49.150+0000: 45698.449: [CMS-concurrent-sweep: 33.935/34.151 secs] [Times: user=63.75 sys=11.08, real=34.15 secs] 
2011-02-26T18:40:49.150+0000: 45698.449: [CMS-concurrent-reset-start]
2011-02-26T18:40:49.170+0000: 45698.469: [CMS-concurrent-reset: 0.020/0.020 secs] [Times: user=0.02 sys=0.00, real=0.02 secs] 
2011-02-26T18:40:55.194+0000: 45704.493: [GC 45704.494: [ParNew: 2607690K->72046K(2831168K), 0.1062020 secs] 3586752K->1123042K(12268352K), 0.1064990 secs] [Times: user=1.14 sys=0.00, real=0.11 secs] 
2011-02-26T18:41:03.350+0000: 45712.649: [GC 45712.650: [ParNew: 2588654K->142668K(2831168K), 0.0819940 secs] 3639650K->1236585K(12268352K), 0.0823030 secs] [Times: user=0.79 sys=0.00, real=0.08 secs] 
2011-02-26T18:41:06.247+0000: 45715.546: [GC 45715.546: [ParNew: 2659276K->44611K(2831168K), 0.0624610 secs] 3753193K->1260240K(12268352K), 0.0627090 secs] [Times: user=0.55 sys=0.00, real=0.07 secs] 
2011-02-26T18:41:07.590+0000: 45716.889: [GC 45716.889: [ParNew: 2561219K->20952K(2831168K), 0.0243830 secs] 3776848K->1245516K(12268352K), 0.0246230 secs] [Times: user=0.25 sys=0.00, real=0.02 secs] 
2011-02-26T18:41:09.855+0000: 45719.154: [GC 45719.154: [ParNew: 2537560K->15653K(2831168K), 0.0218080 secs] 3762124K->1243525K(12268352K), 0.0220980 secs] [Times: user=0.23 sys=0.00, real=0.03 secs] 
2011-02-26T18:41:16.425+0000: 45725.724: [GC 45725.724: [ParNew: 2532261K->109724K(2831168K), 0.0515170 secs] 3760133K->1347987K(12268352K), 0.0517700 secs] [Times: user=0.58 sys=0.00, real=0.05 secs] 
2011-02-26T18:41:22.158+0000: 45731.457: [GC 45731.457: [ParNew: 2626332K->27450K(2831168K), 0.0725060 secs] 3864595K->1368167K(12268352K), 0.0727450 secs] [Times: user=0.60 sys=0.00, real=0.07 secs] 
2011-02-26T18:41:29.000+0000: 45738.299: [GC 45738.300: [ParNew: 2544058K->28122K(2831168K), 0.0481460 secs] 3884775K->1388646K(12268352K), 0.0484690 secs] [Times: user=0.38 sys=0.01, real=0.05 secs] 
2011-02-26T18:41:33.592+0000: 45742.891: [GC 45742.891: [ParNew: 2544730K->61066K(2831168K), 0.0938550 secs] 3905254K->1440270K(12268352K), 0.0941340 secs] [Times: user=0.82 sys=0.00, real=0.09 secs] 
2011-02-26T18:41:38.439+0000: 45747.739: [GC 45747.739: [ParNew: 2577674K->86135K(2831168K), 0.1228400 secs] 3956878K->1518048K(12268352K), 0.1231430 secs] [Times: user=1.08 sys=0.00, real=0.12 secs] 
2011-02-26T18:41:48.102+0000: 45757.401: [GC 45757.402: [ParNew: 2602743K->135093K(2831168K), 0.1035470 secs] 4034656K->1622422K(12268352K), 0.1038630 secs] [Times: user=1.00 sys=0.00, real=0.10 secs] 
2011-02-26T18:41:54.107+0000: 45763.406: [GC 45763.407: [ParNew: 2651701K->50736K(2831168K), 0.0893750 secs] 4139030K->1655535K(12268352K), 0.0896830 secs] [Times: user=0.91 sys=0.00, real=0.09 secs] 
2011-02-26T18:42:00.269+0000: 45769.568: [GC 45769.568: [ParNew: 2567344K->35264K(2831168K), 0.0561520 secs] 4172143K->1671515K(12268352K), 0.0563800 secs] [Times: user=0.52 sys=0.02, real=0.05 secs] 
2011-02-26T18:42:05.618+0000: 45774.917: [GC 45774.917: [ParNew: 2551872K->30669K(2831168K), 0.0446300 secs] 4188123K->1692660K(12268352K), 0.0449280 secs] [Times: user=0.46 sys=0.00, real=0.04 secs] 
2011-02-26T18:42:07.839+0000: 45777.138: [GC 45777.138: [ParNew: 2547277K->28282K(2831168K), 0.0378420 secs] 4209268K->1700038K(12268352K), 0.0381320 secs] [Times: user=0.39 sys=0.02, real=0.03 secs] 
2011-02-26T18:42:13.817+0000: 45783.116: [GC 45783.116: [ParNew: 2544890K->28014K(2831168K), 0.0382770 secs] 4216646K->1706486K(12268352K), 0.0385700 secs] [Times: user=0.41 sys=0.00, real=0.04 secs] 
2011-02-26T18:42:21.724+0000: 45791.023: [GC 45791.024: [ParNew: 2544622K->17635K(2831168K), 0.0356340 secs] 4223094K->1711166K(12268352K), 0.0359240 secs] [Times: user=0.40 sys=0.00, real=0.04 secs] 
2011-02-26T18:42:26.759+0000: 45796.058: [GC 45796.059: [ParNew: 2534243K->187149K(2831168K), 0.0652250 secs] 4227774K->1892241K(12268352K), 0.0655140 secs] [Times: user=0.72 sys=0.00, real=0.06 secs] 
2011-02-26T18:42:31.782+0000: 45801.081: [GC 45801.081: [ParNew: 2703757K->118189K(2831168K), 0.0651380 secs] 4408849K->1854108K(12268352K), 0.0654270 secs] [Times: user=0.57 sys=0.01, real=0.07 secs] 
2011-02-26T18:42:34.276+0000: 45803.575: [GC 45803.575: [ParNew: 2634797K->125221K(2831168K), 0.0792640 secs] 4370716K->1962285K(12268352K), 0.0797610 secs] [Times: user=0.86 sys=0.02, real=0.08 secs] 
2011-02-26T18:42:37.320+0000: 45806.619: [GC 45806.619: [ParNew: 2641829K->98344K(2831168K), 0.0998850 secs] 4478893K->2045348K(12268352K), 0.1001710 secs] [Times: user=1.17 sys=0.00, real=0.10 secs] 
2011-02-26T18:42:44.794+0000: 45814.093: [GC 45814.093: [ParNew: 2614952K->77317K(2831168K), 0.1133150 secs] 4561956K->2106165K(12268352K), 0.1136010 secs] [Times: user=1.17 sys=0.00, real=0.12 secs] 
2011-02-26T18:42:51.816+0000: 45821.115: [GC 45821.115: [ParNew: 2593925K->73603K(2831168K), 0.0761450 secs] 4622773K->2144856K(12268352K), 0.0764210 secs] [Times: user=0.91 sys=0.00, real=0.08 secs] 
2011-02-26T18:42:58.173+0000: 45827.472: [GC 45827.473: [ParNew: 2590211K->58145K(2831168K), 0.0839600 secs] 4661464K->2180034K(12268352K), 0.0842520 secs] [Times: user=0.91 sys=0.01, real=0.09 secs] 
2011-02-26T18:43:07.394+0000: 45836.693: [GC 45836.693: [ParNew: 2574753K->81147K(2831168K), 0.0879060 secs] 4696642K->2246996K(12268352K), 0.0882550 secs] [Times: user=0.93 sys=0.00, real=0.09 secs] 
2011-02-26T18:43:09.652+0000: 45838.951: [GC 45838.952: [ParNew: 2597755K->48560K(2831168K), 0.0711110 secs] 4763604K->2261391K(12268352K), 0.0715140 secs] [Times: user=0.71 sys=0.00, real=0.07 secs] 
2011-02-26T18:43:15.023+0000: 45844.323: [GC 45844.323: [ParNew: 2565168K->33187K(2831168K), 0.0444550 secs] 4777999K->2257966K(12268352K), 0.0447450 secs] [Times: user=0.54 sys=0.00, real=0.05 secs] 
2011-02-26T18:43:23.106+0000: 45852.405: [GC 45852.405: [ParNew: 2549795K->60346K(2831168K), 0.0611370 secs] 4774574K->2315220K(12268352K), 0.0614400 secs] [Times: user=0.72 sys=0.00, real=0.07 secs] 
2011-02-26T18:43:31.016+0000: 45860.315: [GC 45860.316: [ParNew: 2576954K->38645K(2831168K), 0.0524190 secs] 4831828K->2325976K(12268352K), 0.0526540 secs] [Times: user=0.65 sys=0.00, real=0.06 secs] 
2011-02-26T18:43:34.596+0000: 45863.895: [GC 45863.895: [ParNew: 2555253K->65032K(2831168K), 0.0648900 secs] 4842584K->2372150K(12268352K), 0.0651190 secs] [Times: user=0.77 sys=0.01, real=0.07 secs] 
2011-02-26T18:43:41.930+0000: 45871.230: [GC 45871.230: [ParNew: 2581640K->47232K(2831168K), 0.0834270 secs] 4888758K->2408826K(12268352K), 0.0836670 secs] [Times: user=0.84 sys=0.01, real=0.08 secs] 
2011-02-26T18:43:51.413+0000: 45880.713: [GC 45880.713: [ParNew: 2563840K->62194K(2831168K), 0.0473320 secs] 4925434K->2442435K(12268352K), 0.0476210 secs] [Times: user=0.51 sys=0.00, real=0.05 secs] 
2011-02-26T18:43:58.198+0000: 45887.497: [GC 45887.497: [ParNew: 2578802K->36327K(2831168K), 0.0461280 secs] 4959043K->2440283K(12268352K), 0.0464010 secs] [Times: user=0.45 sys=0.00, real=0.04 secs] 
2011-02-26T18:44:04.894+0000: 45894.193: [GC 45894.193: [ParNew: 2552935K->20734K(2831168K), 0.0411260 secs] 4956891K->2444257K(12268352K), 0.0414870 secs] [Times: user=0.41 sys=0.01, real=0.04 secs] 
2011-02-26T18:44:09.041+0000: 45898.340: [GC 45898.340: [ParNew: 2537342K->17009K(2831168K), 0.0317160 secs] 4960865K->2454466K(12268352K), 0.0320690 secs] [Times: user=0.26 sys=0.02, real=0.03 secs] 
2011-02-26T18:44:14.154+0000: 45903.453: [GC 45903.453: [ParNew: 2533617K->110521K(2831168K), 0.0512080 secs] 4971074K->2554271K(12268352K), 0.0514980 secs] [Times: user=0.47 sys=0.01, real=0.05 secs] 
2011-02-26T18:44:31.845+0000: 45921.144: [GC 45921.144: [ParNew: 2627129K->68101K(2831168K), 0.0990340 secs] 5070879K->2536387K(12268352K), 0.0993410 secs] [Times: user=0.85 sys=0.00, real=0.10 secs] 
2011-02-26T18:44:41.974+0000: 45931.273: [GC 45931.273: [ParNew: 2584709K->137174K(2831168K), 0.1367750 secs] 5052995K->2665692K(12268352K), 0.1370950 secs] [Times: user=1.45 sys=0.00, real=0.14 secs] 
2011-02-26T18:44:59.261+0000: 45948.560: [GC 45948.560: [ParNew: 2653782K->123688K(2831168K), 0.1483090 secs] 5182300K->2751035K(12268352K), 0.1486170 secs] [Times: user=1.45 sys=0.01, real=0.15 secs] 
2011-02-26T18:45:06.893+0000: 45956.192: [GC 45956.192: [ParNew: 2640296K->87139K(2831168K), 0.1021660 secs] 5267643K->2798563K(12268352K), 0.1024020 secs] [Times: user=1.05 sys=0.00, real=0.10 secs] 
2011-02-26T18:45:16.366+0000: 45965.665: [GC 45965.665: [ParNew: 2603747K->36216K(2831168K), 0.0549480 secs] 5315171K->2776620K(12268352K), 0.0552430 secs] [Times: user=0.66 sys=0.00, real=0.06 secs] 
2011-02-26T18:45:32.912+0000: 45982.211: [GC 45982.212: [ParNew: 2501433K->155627K(2831168K), 0.0939940 secs] 5241837K->2923850K(12268352K), 0.0943120 secs] [Times: user=0.99 sys=0.00, real=0.09 secs] 
2011-02-26T18:45:35.726+0000: 45985.025: [GC 45985.025: [ParNew: 2672235K->165226K(2831168K), 0.1482680 secs] 5440458K->3073663K(12268352K), 0.1485360 secs] [Times: user=1.43 sys=0.01, real=0.15 secs] 
2011-02-26T18:45:52.851+0000: 46002.150: [GC 46002.150: [ParNew: 2681834K->140057K(2831168K), 0.1502640 secs] 5590271K->3188060K(12268352K), 0.1505580 secs] [Times: user=1.65 sys=0.01, real=0.15 secs] 
2011-02-26T18:46:08.611+0000: 46017.910: [GC 46017.910: [ParNew: 2656665K->121947K(2831168K), 0.1572240 secs] 5704668K->3278603K(12268352K), 0.1575240 secs] [Times: user=1.67 sys=0.00, real=0.16 secs] 
2011-02-26T18:46:11.766+0000: 46021.065: [GC 46021.065: [ParNew: 2638555K->94837K(2831168K), 0.1075190 secs] 5795211K->3343522K(12268352K), 0.1078040 secs] [Times: user=1.19 sys=0.00, real=0.11 secs] 
2011-02-26T18:46:31.752+0000: 46041.051: [GC 46041.052: [ParNew: 2611445K->105796K(2831168K), 0.0870140 secs] 5860130K->3375636K(12268352K), 0.0872630 secs] [Times: user=1.03 sys=0.00, real=0.09 secs] 
2011-02-26T18:46:42.499+0000: 46051.798: [GC 46051.798: [ParNew: 2622404K->93387K(2831168K), 0.1447150 secs] 5892244K->3453780K(12268352K), 0.1449560 secs] [Times: user=1.58 sys=0.01, real=0.14 secs] 
2011-02-26T18:46:59.223+0000: 46068.522: [GC 46068.522: [ParNew: 2609995K->78161K(2831168K), 0.1145540 secs] 5970388K->3516210K(12268352K), 0.1148530 secs] [Times: user=1.22 sys=0.00, real=0.12 secs] 
2011-02-26T18:47:06.480+0000: 46075.779: [GC 46075.779: [ParNew: 2594769K->52822K(2831168K), 0.0629120 secs] 6032818K->3535581K(12268352K), 0.0632130 secs] [Times: user=0.65 sys=0.00, real=0.06 secs] 
2011-02-26T18:47:17.654+0000: 46086.953: [GC 46086.953: [ParNew: 2569430K->33933K(2831168K), 0.0417050 secs] 6052189K->3533061K(12268352K), 0.0420010 secs] [Times: user=0.52 sys=0.00, real=0.04 secs] 
2011-02-26T18:47:32.627+0000: 46101.926: [GC 46101.926: [ParNew: 2550776K->163661K(2831168K), 0.0745480 secs] 6049904K->3682933K(12268352K), 0.0748490 secs] [Times: user=0.85 sys=0.00, real=0.08 secs] 
2011-02-26T18:47:32.704+0000: 46102.003: [GC 46102.003: [ParNew: 167497K->47195K(2831168K), 0.1168650 secs] 3686769K->3703140K(12268352K), 0.1171170 secs] [Times: user=0.67 sys=0.01, real=0.12 secs] 
2011-02-26T18:47:39.775+0000: 46109.074: [GC 46109.074: [ParNew: 2563803K->99506K(2831168K), 0.0709860 secs] 6219748K->3755467K(12268352K), 0.0712140 secs] [Times: user=0.83 sys=0.00, real=0.07 secs] 
2011-02-26T18:47:58.875+0000: 46128.174: [GC 46128.174: [ParNew: 2616114K->125695K(2831168K), 0.1557910 secs] 6272075K->3861462K(12268352K), 0.1561160 secs] [Times: user=1.53 sys=0.01, real=0.16 secs] 
2011-02-26T18:48:07.464+0000: 46136.763: [GC 46136.763: [ParNew: 2642303K->82420K(2831168K), 0.1121730 secs] 6378070K->3904388K(12268352K), 0.1124740 secs] [Times: user=1.04 sys=0.01, real=0.11 secs] 
2011-02-26T18:48:14.320+0000: 46143.620: [GC 46143.620: [ParNew: 2599028K->38686K(2831168K), 0.0596850 secs] 6420996K->3889088K(12268352K), 0.0599810 secs] [Times: user=0.65 sys=0.00, real=0.06 secs] 
2011-02-26T18:48:32.729+0000: 46162.028: [GC 46162.028: [ParNew: 2555294K->93234K(2831168K), 0.1069850 secs] 6405696K->3974709K(12268352K), 0.1072750 secs] [Times: user=0.91 sys=0.00, real=0.10 secs] 
2011-02-26T18:48:37.994+0000: 46167.293: [GC 46167.293: [ParNew: 2609842K->238552K(2831168K), 0.1534470 secs] 6491317K->4194659K(12268352K), 0.1536850 secs] [Times: user=1.36 sys=0.00, real=0.16 secs] 
2011-02-26T18:48:42.911+0000: 46172.210: [GC 46172.210: [ParNew: 2755160K->136560K(2831168K), 0.0892000 secs] 6711267K->4150382K(12268352K), 0.0894300 secs] [Times: user=0.92 sys=0.00, real=0.09 secs] 
2011-02-26T18:48:51.317+0000: 46180.616: [GC 46180.616: [ParNew: 2653168K->75658K(2831168K), 0.0771370 secs] 6666990K->4118411K(12268352K), 0.0773920 secs] [Times: user=0.86 sys=0.01, real=0.08 secs] 
2011-02-26T18:49:05.511+0000: 46194.810: [GC 46194.810: [ParNew: 2592266K->114769K(2831168K), 0.1085030 secs] 6635019K->4215904K(12268352K), 0.1087480 secs] [Times: user=1.19 sys=0.00, real=0.11 secs] 
2011-02-26T18:49:07.760+0000: 46197.059: [GC 46197.059: [ParNew: 2631377K->78989K(2831168K), 0.0956740 secs] 6732512K->4266824K(12268352K), 0.0959220 secs] [Times: user=0.89 sys=0.01, real=0.09 secs] 
2011-02-26T18:49:31.107+0000: 46220.406: [GC 46220.406: [ParNew: 2595597K->126818K(2831168K), 0.0793000 secs] 6783432K->4322551K(12268352K), 0.0795450 secs] [Times: user=0.98 sys=0.01, real=0.08 secs] 
2011-02-26T18:49:40.356+0000: 46229.655: [GC 46229.655: [ParNew: 2643426K->168596K(2831168K), 0.1867610 secs] 6839159K->4468619K(12268352K), 0.1870540 secs] [Times: user=1.87 sys=0.01, real=0.19 secs] 
2011-02-26T18:49:57.945+0000: 46247.244: [GC 46247.244: [ParNew: 2685204K->111222K(2831168K), 0.1620210 secs] 6985227K->4531556K(12268352K), 0.1623260 secs] [Times: user=1.57 sys=0.02, real=0.17 secs] 
2011-02-26T18:50:07.845+0000: 46257.144: [GC 46257.144: [ParNew: 2627830K->45689K(2831168K), 0.0680290 secs] 7048164K->4511292K(12268352K), 0.0684160 secs] [Times: user=0.76 sys=0.01, real=0.07 secs] 
2011-02-26T18:50:14.226+0000: 46263.525: [GC 46263.525: [ParNew: 2562297K->38032K(2831168K), 0.0426800 secs] 7027900K->4520935K(12268352K), 0.0429240 secs] [Times: user=0.52 sys=0.00, real=0.05 secs] 
2011-02-26T18:50:33.205+0000: 46282.504: [GC 46282.504: [ParNew: 2554640K->85879K(2831168K), 0.0655380 secs] 7037543K->4584140K(12268352K), 0.0657720 secs] [Times: user=0.78 sys=0.01, real=0.07 secs] 
2011-02-26T18:50:37.840+0000: 46287.139: [GC 46287.139: [ParNew: 2602487K->159701K(2831168K), 0.1027530 secs] 7100748K->4715138K(12268352K), 0.1029930 secs] [Times: user=1.03 sys=0.02, real=0.10 secs] 
2011-02-26T18:50:55.659+0000: 46304.959: [GC 46304.959: [ParNew: 2676309K->109870K(2831168K), 0.1183990 secs] 7231746K->4726961K(12268352K), 0.1186380 secs] [Times: user=1.31 sys=0.00, real=0.12 secs] 
2011-02-26T18:51:05.824+0000: 46315.123: [GC 46315.123: [ParNew: 2626477K->86328K(2831168K), 0.1036390 secs] 7243568K->4783569K(12268352K), 0.1038880 secs] [Times: user=1.06 sys=0.00, real=0.11 secs] 
2011-02-26T18:51:09.119+0000: 46318.418: [GC 46318.418: [ParNew: 2602936K->36892K(2831168K), 0.0575700 secs] 7300177K->4777761K(12268352K), 0.0578060 secs] [Times: user=0.55 sys=0.00, real=0.05 secs] 
2011-02-26T18:51:25.472+0000: 46334.771: [GC 46334.771: [ParNew: 2553500K->57783K(2831168K), 0.0521200 secs] 7294369K->4810761K(12268352K), 0.0524130 secs] [Times: user=0.65 sys=0.00, real=0.05 secs] 
2011-02-26T18:51:35.840+0000: 46345.139: [GC 46345.140: [ParNew: 2574391K->105666K(2831168K), 0.1155050 secs] 7327369K->4909719K(12268352K), 0.1157950 secs] [Times: user=1.27 sys=0.00, real=0.11 secs] 
2011-02-26T18:51:50.524+0000: 46359.823: [GC 46359.824: [ParNew: 2622294K->238839K(2831168K), 0.1373530 secs] 7426347K->5132939K(12268352K), 0.1376430 secs] [Times: user=1.44 sys=0.01, real=0.14 secs] 
2011-02-26T18:51:50.664+0000: 46359.963: [GC 46359.963: [ParNew: 251923K->38438K(2831168K), 0.0713930 secs] 5146023K->5132946K(12268352K), 0.0716480 secs] [Times: user=0.78 sys=0.00, real=0.07 secs] 
2011-02-26T18:51:55.041+0000: 46364.340: [GC 46364.340: [ParNew: 2555046K->127414K(2831168K), 0.0610550 secs] 7649554K->5221985K(12268352K), 0.0613130 secs] [Times: user=0.69 sys=0.00, real=0.06 secs] 
2011-02-26T18:52:00.320+0000: 46369.619: [GC 46369.619: [ParNew: 2644022K->60979K(2831168K), 0.0825450 secs] 7738593K->5199440K(12268352K), 0.0827720 secs] [Times: user=0.87 sys=0.01, real=0.08 secs] 
2011-02-26T18:52:07.648+0000: 46376.947: [GC 46376.947: [ParNew: 2577587K->43470K(2831168K), 0.0661980 secs] 7716048K->5220382K(12268352K), 0.0664830 secs] [Times: user=0.72 sys=0.00, real=0.06 secs] 
2011-02-26T18:52:17.845+0000: 46387.144: [GC 46387.144: [ParNew: 2560078K->67322K(2831168K), 0.0698350 secs] 7736990K->5272647K(12268352K), 0.0700760 secs] [Times: user=0.79 sys=0.00, real=0.07 secs] 
2011-02-26T18:52:35.369+0000: 46404.668: [GC 46404.668: [ParNew: 2583930K->157465K(2831168K), 0.1276950 secs] 7789255K->5411972K(12268352K), 0.1279230 secs] [Times: user=1.42 sys=0.00, real=0.12 secs] 
2011-02-26T18:52:49.630+0000: 46418.929: [GC 46418.929: [ParNew: 2674076K->205076K(2831168K), 0.1909080 secs] 7928583K->5584842K(12268352K), 0.1911390 secs] [Times: user=2.05 sys=0.01, real=0.19 secs] 
2011-02-26T18:53:05.137+0000: 46434.436: [GC 46434.437: [ParNew: 2721684K->121157K(2831168K), 0.1496110 secs] 8101450K->5625835K(12268352K), 0.1649170 secs] [Times: user=1.52 sys=0.01, real=0.17 secs] 
2011-02-26T18:53:08.185+0000: 46437.484: [GC 46437.484: [ParNew: 2637765K->40198K(2831168K), 0.0468510 secs] 8142443K->5580786K(12268352K), 0.0470870 secs] [Times: user=0.52 sys=0.00, real=0.05 secs] 
2011-02-26T18:53:26.218+0000: 46455.517: [GC 46455.517: [ParNew: 2556806K->67011K(2831168K), 0.0389840 secs] 8097394K->5611600K(12268352K), 0.0393220 secs] [Times: user=0.48 sys=0.00, real=0.03 secs] 
2011-02-26T18:53:36.264+0000: 46465.563: [GC 46465.563: [ParNew: 2583619K->104501K(2831168K), 0.0860160 secs] 8128208K->5681245K(12268352K), 0.0862460 secs] [Times: user=1.03 sys=0.00, real=0.09 secs] 
2011-02-26T18:53:45.823+0000: 46475.122: [GC 46475.122: [ParNew: 2621109K->143534K(2831168K), 0.1052900 secs] 8197853K->5791950K(12268352K), 0.1055240 secs] [Times: user=1.18 sys=0.01, real=0.11 secs] 
2011-02-26T18:53:51.068+0000: 46480.367: [GC 46480.367: [ParNew: 2660142K->47256K(2831168K), 0.0756400 secs] 8308558K->5817456K(12268352K), 0.0758740 secs] [Times: user=0.82 sys=0.00, real=0.07 secs] 
2011-02-26T18:53:57.801+0000: 46487.100: [GC 46487.100: [ParNew: 2563864K->42415K(2831168K), 0.0648040 secs] 8334064K->5836551K(12268352K), 0.0650350 secs] [Times: user=0.61 sys=0.00, real=0.06 secs] 
2011-02-26T18:54:07.435+0000: 46496.734: [GC 46496.734: [ParNew: 2559023K->60204K(2831168K), 0.0636220 secs] 8353159K->5886603K(12268352K), 0.0638650 secs] [Times: user=0.71 sys=0.01, real=0.07 secs] 
2011-02-26T18:54:15.472+0000: 46504.771: [GC 46504.771: [ParNew: 2576812K->42330K(2831168K), 0.0695660 secs] 8403211K->5905625K(12268352K), 0.0698570 secs] [Times: user=0.66 sys=0.01, real=0.07 secs] 
2011-02-26T18:54:32.980+0000: 46522.279: [GC 46522.279: [ParNew: 2558938K->97632K(2831168K), 0.0846140 secs] 8422233K->5990971K(12268352K), 0.0849140 secs] [Times: user=0.91 sys=0.00, real=0.08 secs] 
2011-02-26T18:54:46.250+0000: 46535.549: [GC 46535.549: [ParNew: 2614286K->139080K(2831168K), 0.1315010 secs] 8507624K->6111751K(12268352K), 0.1317900 secs] [Times: user=1.44 sys=0.01, real=0.13 secs] 
2011-02-26T18:55:00.199+0000: 46549.498: [GC 46549.498: [ParNew: 2655688K->236859K(2831168K), 0.1316660 secs] 8628359K->6296441K(12268352K), 0.1320490 secs] [Times: user=1.33 sys=0.00, real=0.13 secs] 
2011-02-26T18:55:05.648+0000: 46554.947: [GC 46554.947: [ParNew: 2753467K->51134K(2831168K), 0.0830960 secs] 8813049K->6159016K(12268352K), 0.0834000 secs] [Times: user=0.92 sys=0.03, real=0.08 secs] 
2011-02-26T18:55:09.155+0000: 46558.454: [GC 46558.454: [ParNew: 2567742K->39705K(2831168K), 0.0718600 secs] 8675624K->6185978K(12268352K), 0.0721900 secs] [Times: user=0.76 sys=0.00, real=0.08 secs] 
2011-02-26T18:55:31.041+0000: 46580.340: [GC 46580.340: [ParNew: 2556313K->109368K(2831168K), 0.0811200 secs] 8702586K->6271151K(12268352K), 0.0814560 secs] [Times: user=0.90 sys=0.00, real=0.08 secs] 
2011-02-26T18:55:39.998+0000: 46589.297: [GC 46589.297: [ParNew: 2625976K->171999K(2831168K), 0.1750500 secs] 8787759K->6433610K(12268352K), 0.1752800 secs] [Times: user=1.86 sys=0.02, real=0.17 secs] 
2011-02-26T18:55:58.172+0000: 46607.471: [GC 46607.471: [ParNew: 2688607K->159048K(2831168K), 0.1997860 secs] 8950218K->6555474K(12268352K), 0.2000190 secs] [Times: user=2.09 sys=0.01, real=0.20 secs] 
2011-02-26T18:56:07.031+0000: 46616.330: [GC 46616.330: [ParNew: 2675656K->118747K(2831168K), 0.1337360 secs] 9072082K->6632409K(12268352K), 0.1339830 secs] [Times: user=1.32 sys=0.00, real=0.13 secs] 
2011-02-26T18:56:15.518+0000: 46624.817: [GC 46624.817: [ParNew: 2635355K->37326K(2831168K), 0.0488520 secs] 9149017K->6576663K(12268352K), 0.0491610 secs] [Times: user=0.54 sys=0.00, real=0.05 secs] 
2011-02-26T18:56:33.251+0000: 46642.550: [GC 46642.550: [ParNew: 2553947K->85569K(2831168K), 0.0769330 secs] 9093285K->6640387K(12268352K), 0.0772770 secs] [Times: user=0.87 sys=0.00, real=0.08 secs] 
2011-02-26T18:56:33.330+0000: 46642.629: [GC 46642.629: [ParNew: 87580K->20908K(2831168K), 0.0835860 secs] 6642398K->6637231K(12268352K), 0.0838220 secs] [Times: user=0.70 sys=0.00, real=0.08 secs] 
2011-02-26T18:56:47.530+0000: 46656.829: [GC 46656.829: [ParNew: 2537516K->70523K(2831168K), 0.0709700 secs] 9153839K->6686847K(12268352K), 0.0712080 secs] [Times: user=0.82 sys=0.00, real=0.07 secs] 
2011-02-26T18:56:56.926+0000: 46666.225: [GC 46666.225: [ParNew: 2587131K->140317K(2831168K), 0.0913570 secs] 9203455K->6808445K(12268352K), 0.0915950 secs] [Times: user=1.04 sys=0.00, real=0.10 secs] 
2011-02-26T18:57:06.515+0000: 46675.814: [GC 46675.814: [ParNew: 2656925K->55575K(2831168K), 0.0770160 secs] 9325053K->6771351K(12268352K), 0.0772590 secs] [Times: user=0.88 sys=0.00, real=0.08 secs] 
2011-02-26T18:57:11.264+0000: 46680.563: [GC 46680.563: [ParNew: 2572183K->39650K(2831168K), 0.0631500 secs] 9287959K->6791346K(12268352K), 0.0634570 secs] [Times: user=0.63 sys=0.00, real=0.07 secs] 
2011-02-26T18:57:32.133+0000: 46701.432: [GC 46701.432: [ParNew: 2556266K->108760K(2831168K), 0.0716330 secs] 9307963K->6879475K(12268352K), 0.0719230 secs] [Times: user=0.85 sys=0.00, real=0.07 secs] 
2011-02-26T18:57:32.206+0000: 46701.505: [GC 46701.505: [ParNew: 109806K->28372K(2831168K), 0.0922860 secs] 6880521K->6879775K(12268352K), 0.0925120 secs] [Times: user=0.87 sys=0.00, real=0.10 secs] 
2011-02-26T18:57:43.801+0000: 46713.100: [GC 46713.101: [ParNew: 2544980K->111950K(2831168K), 0.0772770 secs] 9396383K->6963354K(12268352K), 0.0775660 secs] [Times: user=0.77 sys=0.00, real=0.08 secs] 
2011-02-26T18:58:00.251+0000: 46729.550: [GC 46729.550: [ParNew: 2628558K->102033K(2831168K), 0.1356130 secs] 9479962K->7052754K(12268352K), 0.1359040 secs] [Times: user=1.41 sys=0.01, real=0.13 secs] 
2011-02-26T18:58:07.697+0000: 46736.996: [GC 46736.996: [ParNew: 2618641K->67908K(2831168K), 0.0767820 secs] 9569362K->7085338K(12268352K), 0.0771270 secs] [Times: user=0.78 sys=0.00, real=0.08 secs] 
2011-02-26T18:58:14.377+0000: 46743.676: [GC 46743.676: [ParNew: 2584516K->189675K(2831168K), 0.0592270 secs] 9601946K->7219276K(12268352K), 0.0594680 secs] [Times: user=0.73 sys=0.01, real=0.05 secs] 
2011-02-26T18:58:18.850+0000: 46748.149: [GC 46748.149: [ParNew: 2706283K->121676K(2831168K), 0.0635330 secs] 9735884K->7175178K(12268352K), 0.0637630 secs] [Times: user=0.65 sys=0.01, real=0.06 secs] 
2011-02-26T18:58:28.065+0000: 46757.364: [GC 46757.364: [ParNew: 2638284K->47925K(2831168K), 0.0685760 secs] 9691786K->7131658K(12268352K), 0.0688110 secs] [Times: user=0.79 sys=0.00, real=0.07 secs] 
2011-02-26T18:58:28.135+0000: 46757.434: [GC [1 CMS-initial-mark: 7083733K(9437184K)] 7131856K(12268352K), 0.0506170 secs] [Times: user=0.05 sys=0.00, real=0.05 secs] 
2011-02-26T18:58:28.186+0000: 46757.485: [CMS-concurrent-mark-start]
2011-02-26T18:58:28.549+0000: 46757.848: [CMS-concurrent-mark: 0.363/0.363 secs] [Times: user=1.70 sys=0.14, real=0.37 secs] 
2011-02-26T18:58:28.549+0000: 46757.848: [CMS-concurrent-preclean-start]
2011-02-26T18:58:28.581+0000: 46757.880: [CMS-concurrent-preclean: 0.032/0.032 secs] [Times: user=0.05 sys=0.02, real=0.03 secs] 
2011-02-26T18:58:28.581+0000: 46757.880: [CMS-concurrent-abortable-preclean-start]
2011-02-26T18:58:33.470+0000: 46762.769: [CMS-concurrent-abortable-preclean: 4.760/4.888 secs] [Times: user=10.94 sys=2.45, real=4.89 secs] 
2011-02-26T18:58:33.471+0000: 46762.770: [GC[YG occupancy: 1314779 K (2831168 K)]46762.770: [Rescan (parallel) , 0.1809420 secs]46762.951: [weak refs processing, 0.0367110 secs] [1 CMS-remark: 7083733K(9437184K)] 8398512K(12268352K), 0.2179020 secs] [Times: user=2.14 sys=0.01, real=0.22 secs] 
2011-02-26T18:58:33.689+0000: 46762.988: [CMS-concurrent-sweep-start]
2011-02-26T18:58:37.790+0000: 46767.089: [GC 46767.089: [ParNew: 2564533K->150252K(2831168K), 0.1280990 secs] 8910151K->6533069K(12268352K), 0.1284070 secs] [Times: user=1.40 sys=0.01, real=0.13 secs] 
2011-02-26T18:58:56.420+0000: 46785.719: [GC 46785.719: [ParNew: 2666860K->163184K(2831168K), 0.2224680 secs] 6600050K->4232860K(12268352K), 0.2227040 secs] [Times: user=2.24 sys=0.00, real=0.22 secs] 
2011-02-26T18:59:08.842+0000: 46798.141: [GC 46798.142: [ParNew: 2679792K->117255K(2831168K), 0.1654600 secs] 5150268K->2705580K(12268352K), 0.1657600 secs] [Times: user=1.59 sys=0.00, real=0.17 secs] 
2011-02-26T18:59:12.611+0000: 46801.910: [GC 46801.910: [ParNew: 2633863K->54138K(2831168K), 0.0905610 secs] 4773099K->2256389K(12268352K), 0.0908580 secs] [Times: user=0.93 sys=0.01, real=0.09 secs] 
2011-02-26T18:59:19.497+0000: 46808.796: [CMS-concurrent-sweep: 45.101/45.808 secs] [Times: user=88.66 sys=15.82, real=45.81 secs] 
2011-02-26T18:59:19.497+0000: 46808.796: [CMS-concurrent-reset-start]
2011-02-26T18:59:19.517+0000: 46808.816: [CMS-concurrent-reset: 0.020/0.020 secs] [Times: user=0.03 sys=0.01, real=0.02 secs] 
2011-02-26T18:59:32.927+0000: 46822.226: [GC 46822.226: [ParNew: 2570746K->96557K(2831168K), 0.0749310 secs] 3529060K->1081738K(12268352K), 0.0751600 secs] [Times: user=0.88 sys=0.02, real=0.08 secs] 
2011-02-26T18:59:46.310+0000: 46835.609: [GC 46835.609: [ParNew: 2613165K->91894K(2831168K), 0.1083090 secs] 3598346K->1134726K(12268352K), 0.1086270 secs] [Times: user=1.14 sys=0.00, real=0.11 secs] 
2011-02-26T19:00:02.647+0000: 46851.946: [GC 46851.946: [ParNew: 2608502K->139760K(2831168K), 0.1085210 secs] 3651334K->1240841K(12268352K), 0.1088190 secs] [Times: user=1.05 sys=0.00, real=0.11 secs] 
2011-02-26T19:00:06.329+0000: 46855.628: [GC 46855.628: [ParNew: 2656368K->49616K(2831168K), 0.1021310 secs] 3757449K->1270873K(12268352K), 0.1024180 secs] [Times: user=0.88 sys=0.02, real=0.11 secs] 
2011-02-26T19:00:10.735+0000: 46860.035: [GC 46860.035: [ParNew: 2566224K->28353K(2831168K), 0.0638480 secs] 3787481K->1268624K(12268352K), 0.0641420 secs] [Times: user=0.63 sys=0.00, real=0.07 secs] 
2011-02-26T19:00:27.476+0000: 46876.775: [GC 46876.775: [ParNew: 2544961K->85417K(2831168K), 0.0615640 secs] 3785232K->1343750K(12268352K), 0.0618560 secs] [Times: user=0.69 sys=0.00, real=0.07 secs] 
2011-02-26T19:00:37.044+0000: 46886.343: [GC 46886.343: [ParNew: 2602025K->128308K(2831168K), 0.1270510 secs] 3860358K->1443701K(12268352K), 0.1273500 secs] [Times: user=1.33 sys=0.00, real=0.13 secs] 
2011-02-26T19:00:55.679+0000: 46904.978: [GC 46904.978: [ParNew: 2644916K->125571K(2831168K), 0.1615010 secs] 3960309K->1547049K(12268352K), 0.1617970 secs] [Times: user=1.61 sys=0.01, real=0.16 secs] 
2011-02-26T19:01:06.267+0000: 46915.566: [GC 46915.566: [ParNew: 2642320K->93401K(2831168K), 0.1128830 secs] 4063798K->1605627K(12268352K), 0.1204290 secs] [Times: user=1.21 sys=0.01, real=0.12 secs] 
2011-02-26T19:01:06.389+0000: 46915.688: [GC 46915.688: [ParNew: 97999K->36461K(2831168K), 0.0515260 secs] 1610225K->1590915K(12268352K), 0.0517540 secs] [Times: user=0.49 sys=0.00, real=0.05 secs] 
2011-02-26T19:01:10.302+0000: 46919.601: [GC 46919.601: [ParNew: 2553069K->16280K(2831168K), 0.0156140 secs] 4107523K->1570745K(12268352K), 0.0159170 secs] [Times: user=0.14 sys=0.00, real=0.02 secs] 
2011-02-26T19:01:32.735+0000: 46942.034: [GC 46942.034: [ParNew: 2503310K->91935K(2831168K), 0.0491220 secs] 4057775K->1655427K(12268352K), 0.0494240 secs] [Times: user=0.65 sys=0.00, real=0.05 secs] 
2011-02-26T19:01:35.402+0000: 46944.701: [GC 46944.701: [ParNew: 2608543K->218398K(2831168K), 0.1254680 secs] 4172035K->1846723K(12268352K), 0.1257930 secs] [Times: user=1.23 sys=0.00, real=0.13 secs] 
2011-02-26T19:01:39.188+0000: 46948.487: [GC 46948.488: [ParNew: 2735006K->173771K(2831168K), 0.1511270 secs] 4363331K->1935697K(12268352K), 0.1514050 secs] [Times: user=1.60 sys=0.00, real=0.15 secs] 
2011-02-26T19:01:47.741+0000: 46957.040: [GC 46957.041: [ParNew: 2690379K->70348K(2831168K), 0.1258900 secs] 4452305K->1899097K(12268352K), 0.1261570 secs] [Times: user=1.18 sys=0.00, real=0.13 secs] 
2011-02-26T19:02:04.669+0000: 46973.968: [GC 46973.968: [ParNew: 2586956K->132423K(2831168K), 0.1258050 secs] 4415705K->2011937K(12268352K), 0.1262880 secs] [Times: user=1.30 sys=0.00, real=0.12 secs] 
2011-02-26T19:02:07.814+0000: 46977.113: [GC 46977.114: [ParNew: 2649031K->98413K(2831168K), 0.1214000 secs] 4528545K->2088398K(12268352K), 0.1216400 secs] [Times: user=1.18 sys=0.00, real=0.12 secs] 
2011-02-26T19:02:24.437+0000: 46993.736: [GC 46993.736: [ParNew: 2615021K->96038K(2831168K), 0.0687470 secs] 4605006K->2098499K(12268352K), 0.0689880 secs] [Times: user=0.88 sys=0.01, real=0.07 secs] 
2011-02-26T19:02:34.629+0000: 47003.928: [GC 47003.928: [ParNew: 2612646K->133414K(2831168K), 0.1384990 secs] 4615107K->2210397K(12268352K), 0.1388460 secs] [Times: user=1.46 sys=0.00, real=0.14 secs] 
2011-02-26T19:02:53.337+0000: 47022.636: [GC 47022.636: [ParNew: 2650022K->86838K(2831168K), 0.1247650 secs] 4727005K->2256925K(12268352K), 0.1250600 secs] [Times: user=1.33 sys=0.00, real=0.13 secs] 
2011-02-26T19:03:06.538+0000: 47035.837: [GC 47035.837: [ParNew: 2603432K->50316K(2831168K), 0.0706590 secs] 4773519K->2264869K(12268352K), 0.0709590 secs] [Times: user=0.74 sys=0.00, real=0.08 secs] 
2011-02-26T19:03:09.063+0000: 47038.362: [GC 47038.362: [ParNew: 2566924K->35125K(2831168K), 0.0469630 secs] 4781477K->2280346K(12268352K), 0.0472550 secs] [Times: user=0.48 sys=0.00, real=0.05 secs] 
2011-02-26T19:03:21.412+0000: 47050.711: [GC 47050.711: [ParNew: 2551733K->114324K(2831168K), 0.0462180 secs] 4796954K->2363403K(12268352K), 0.0465180 secs] [Times: user=0.53 sys=0.00, real=0.05 secs] 
2011-02-26T19:03:33.342+0000: 47062.641: [GC 47062.641: [ParNew: 2630932K->99943K(2831168K), 0.1033460 secs] 4880011K->2383264K(12268352K), 0.1036690 secs] [Times: user=1.00 sys=0.00, real=0.10 secs] 
2011-02-26T19:03:48.447+0000: 47077.746: [GC 47077.746: [ParNew: 2616551K->139200K(2831168K), 0.1620670 secs] 4899872K->2504805K(12268352K), 0.1622990 secs] [Times: user=1.33 sys=0.02, real=0.16 secs] 
2011-02-26T19:04:04.826+0000: 47094.125: [GC 47094.125: [ParNew: 2655808K->124755K(2831168K), 0.1288920 secs] 5021413K->2579207K(12268352K), 0.1291600 secs] [Times: user=1.38 sys=0.01, real=0.13 secs] 
2011-02-26T19:04:07.731+0000: 47097.030: [GC 47097.030: [ParNew: 2641361K->81110K(2831168K), 0.0840660 secs] 5095813K->2613136K(12268352K), 0.0892270 secs] [Times: user=0.90 sys=0.00, real=0.09 secs] 
2011-02-26T19:04:24.310+0000: 47113.609: [GC 47113.609: [ParNew: 2597718K->86145K(2831168K), 0.0497910 secs] 5129744K->2625568K(12268352K), 0.0500300 secs] [Times: user=0.51 sys=0.01, real=0.05 secs] 
2011-02-26T19:04:34.129+0000: 47123.428: [GC 47123.428: [ParNew: 2602808K->240093K(2831168K), 0.1569070 secs] 5142231K->2829560K(12268352K), 0.1571380 secs] [Times: user=1.31 sys=0.01, real=0.15 secs] 
2011-02-26T19:04:34.288+0000: 47123.587: [GC 47123.587: [ParNew: 241247K->44617K(2831168K), 0.1319420 secs] 2830714K->2856154K(12268352K), 0.1321310 secs] [Times: user=1.02 sys=0.01, real=0.13 secs] 
2011-02-26T19:04:40.582+0000: 47129.881: [GC 47129.881: [ParNew: 2561225K->68194K(2831168K), 0.0784350 secs] 5372762K->2879734K(12268352K), 0.0787020 secs] [Times: user=0.96 sys=0.00, real=0.08 secs] 
2011-02-26T19:04:58.207+0000: 47147.506: [GC 47147.507: [ParNew: 2584802K->136196K(2831168K), 0.1428000 secs] 5396342K->3006634K(12268352K), 0.1430400 secs] [Times: user=1.56 sys=0.00, real=0.14 secs] 
2011-02-26T19:05:06.540+0000: 47155.839: [GC 47155.839: [ParNew: 2652804K->99005K(2831168K), 0.1392190 secs] 5523242K->3084688K(12268352K), 0.1394660 secs] [Times: user=1.33 sys=0.00, real=0.14 secs] 
2011-02-26T19:05:11.858+0000: 47161.158: [GC 47161.158: [ParNew: 2615613K->48988K(2831168K), 0.0830410 secs] 5601296K->3078196K(12268352K), 0.0832800 secs] [Times: user=0.84 sys=0.01, real=0.08 secs] 
2011-02-26T19:05:32.450+0000: 47181.749: [GC 47181.749: [ParNew: 2565630K->131375K(2831168K), 0.1068550 secs] 5594838K->3192716K(12268352K), 0.1071470 secs] [Times: user=1.22 sys=0.00, real=0.10 secs] 
2011-02-26T19:05:45.272+0000: 47194.571: [GC 47194.571: [ParNew: 2647983K->121909K(2831168K), 0.1685130 secs] 5709324K->3294200K(12268352K), 0.1687970 secs] [Times: user=1.77 sys=0.00, real=0.17 secs] 
2011-02-26T19:06:02.341+0000: 47211.640: [GC 47211.640: [ParNew: 2638517K->86489K(2831168K), 0.1216230 secs] 5810808K->3341465K(12268352K), 0.1219150 secs] [Times: user=1.29 sys=0.01, real=0.12 secs] 
2011-02-26T19:06:08.995+0000: 47218.294: [GC 47218.295: [ParNew: 2603096K->38383K(2831168K), 0.0647730 secs] 5858072K->3337183K(12268352K), 0.0650740 secs] [Times: user=0.73 sys=0.02, real=0.07 secs] 
2011-02-26T19:06:14.382+0000: 47223.681: [GC 47223.681: [ParNew: 2554991K->46983K(2831168K), 0.0329300 secs] 5853791K->3355851K(12268352K), 0.0331670 secs] [Times: user=0.39 sys=0.00, real=0.03 secs] 
2011-02-26T19:06:32.642+0000: 47241.941: [GC 47241.941: [ParNew: 2563591K->161056K(2831168K), 0.1048960 secs] 5872459K->3485871K(12268352K), 0.1051310 secs] [Times: user=0.85 sys=0.02, real=0.11 secs] 
2011-02-26T19:06:37.104+0000: 47246.403: [GC 47246.403: [ParNew: 2677664K->166441K(2831168K), 0.1174790 secs] 6002479K->3555284K(12268352K), 0.1177170 secs] [Times: user=1.13 sys=0.02, real=0.12 secs] 
2011-02-26T19:06:42.146+0000: 47251.445: [GC 47251.445: [ParNew: 2683049K->60361K(2831168K), 0.1030200 secs] 6071892K->3590274K(12268352K), 0.1032510 secs] [Times: user=1.14 sys=0.00, real=0.11 secs] 
2011-02-26T19:06:50.027+0000: 47259.326: [GC 47259.326: [ParNew: 2576969K->66965K(2831168K), 0.0654250 secs] 6106882K->3615442K(12268352K), 0.0656560 secs] [Times: user=0.66 sys=0.01, real=0.07 secs] 
2011-02-26T19:07:04.971+0000: 47274.270: [GC 47274.270: [ParNew: 2583573K->89148K(2831168K), 0.0883810 secs] 6132050K->3677812K(12268352K), 0.0886900 secs] [Times: user=0.90 sys=0.01, real=0.09 secs] 
2011-02-26T19:07:10.143+0000: 47279.442: [GC 47279.442: [ParNew: 2605756K->64976K(2831168K), 0.0987460 secs] 6194420K->3724417K(12268352K), 0.0990490 secs] [Times: user=0.83 sys=0.04, real=0.10 secs] 
2011-02-26T19:07:27.209+0000: 47296.508: [GC 47296.508: [ParNew: 2581584K->84597K(2831168K), 0.0603440 secs] 6241025K->3760095K(12268352K), 0.0606440 secs] [Times: user=0.68 sys=0.01, real=0.06 secs] 
2011-02-26T19:07:36.831+0000: 47306.131: [GC 47306.131: [ParNew: 2601205K->105429K(2831168K), 0.1121130 secs] 6276703K->3835678K(12268352K), 0.1124060 secs] [Times: user=1.26 sys=0.00, real=0.11 secs] 
2011-02-26T19:07:46.742+0000: 47316.041: [GC 47316.041: [ParNew: 2622037K->230711K(2831168K), 0.1328450 secs] 6352286K->4041714K(12268352K), 0.1331410 secs] [Times: user=1.44 sys=0.00, real=0.13 secs] 
2011-02-26T19:07:51.305+0000: 47320.604: [GC 47320.604: [ParNew: 2747319K->128965K(2831168K), 0.0850170 secs] 6558322K->3986710K(12268352K), 0.0853060 secs] [Times: user=0.92 sys=0.01, real=0.09 secs] 
2011-02-26T19:08:00.332+0000: 47329.631: [GC 47329.631: [ParNew: 2645573K->84713K(2831168K), 0.0863770 secs] 6503318K->3980826K(12268352K), 0.0866850 secs] [Times: user=0.96 sys=0.00, real=0.09 secs] 
2011-02-26T19:08:07.078+0000: 47336.377: [GC 47336.378: [ParNew: 2601321K->61583K(2831168K), 0.0965710 secs] 6497434K->4020714K(12268352K), 0.0968400 secs] [Times: user=0.95 sys=0.00, real=0.09 secs] 
2011-02-26T19:08:17.477+0000: 47346.776: [GC 47346.776: [ParNew: 2578191K->81324K(2831168K), 0.0726540 secs] 6537322K->4069022K(12268352K), 0.0728880 secs] [Times: user=0.90 sys=0.00, real=0.08 secs] 
2011-02-26T19:08:33.509+0000: 47362.808: [GC 47362.808: [ParNew: 2597932K->155992K(2831168K), 0.1452800 secs] 6585630K->4197798K(12268352K), 0.1455150 secs] [Times: user=1.54 sys=0.00, real=0.14 secs] 
2011-02-26T19:08:49.840+0000: 47379.139: [GC 47379.139: [ParNew: 2672600K->139531K(2831168K), 0.1915520 secs] 6714406K->4306783K(12268352K), 0.1917810 secs] [Times: user=1.87 sys=0.02, real=0.19 secs] 
2011-02-26T19:09:04.738+0000: 47394.037: [GC 47394.038: [ParNew: 2656139K->185623K(2831168K), 0.1444170 secs] 6823391K->4454375K(12268352K), 0.1447440 secs] [Times: user=1.36 sys=0.02, real=0.14 secs] 
2011-02-26T19:09:07.300+0000: 47396.599: [GC 47396.599: [ParNew: 2702231K->111293K(2831168K), 0.0627130 secs] 6970983K->4417190K(12268352K), 0.0630100 secs] [Times: user=0.66 sys=0.00, real=0.06 secs] 
2011-02-26T19:09:18.376+0000: 47407.675: [GC 47407.675: [ParNew: 2627901K->30954K(2831168K), 0.0333790 secs] 6933798K->4340632K(12268352K), 0.0336780 secs] [Times: user=0.33 sys=0.00, real=0.04 secs] 
2011-02-26T19:09:33.646+0000: 47422.945: [GC 47422.945: [ParNew: 2547562K->89139K(2831168K), 0.0892790 secs] 6857240K->4421765K(12268352K), 0.0895160 secs] [Times: user=0.90 sys=0.00, real=0.09 secs] 
2011-02-26T19:09:40.531+0000: 47429.830: [GC 47429.830: [ParNew: 2605747K->80020K(2831168K), 0.1172780 secs] 6938373K->4478638K(12268352K), 0.1175040 secs] [Times: user=1.22 sys=0.00, real=0.12 secs] 
2011-02-26T19:09:58.628+0000: 47447.927: [GC 47447.928: [ParNew: 2596628K->121483K(2831168K), 0.1069950 secs] 6995246K->4573777K(12268352K), 0.1072960 secs] [Times: user=1.19 sys=0.00, real=0.10 secs] 
2011-02-26T19:10:06.335+0000: 47455.634: [GC 47455.634: [ParNew: 2638072K->77632K(2831168K), 0.1037240 secs] 7090367K->4615277K(12268352K), 0.1040400 secs] [Times: user=1.05 sys=0.00, real=0.12 secs] 
2011-02-26T19:10:11.048+0000: 47460.347: [GC 47460.347: [ParNew: 2594240K->31568K(2831168K), 0.0500890 secs] 7131885K->4596328K(12268352K), 0.0503520 secs] [Times: user=0.55 sys=0.00, real=0.05 secs] 
2011-02-26T19:10:32.199+0000: 47481.498: [GC 47481.498: [ParNew: 2548176K->113793K(2831168K), 0.1017100 secs] 7112936K->4697234K(12268352K), 0.1020620 secs] [Times: user=0.94 sys=0.00, real=0.10 secs] 
2011-02-26T19:10:44.206+0000: 47493.505: [GC 47493.505: [ParNew: 2630401K->121726K(2831168K), 0.1338280 secs] 7213842K->4786294K(12268352K), 0.1341220 secs] [Times: user=1.43 sys=0.01, real=0.14 secs] 
2011-02-26T19:10:56.752+0000: 47506.051: [GC 47506.051: [ParNew: 2638334K->233009K(2831168K), 0.1335490 secs] 7302902K->4974175K(12268352K), 0.1338690 secs] [Times: user=1.28 sys=0.01, real=0.13 secs] 
2011-02-26T19:11:00.898+0000: 47510.197: [GC 47510.197: [ParNew: 2749617K->219164K(2831168K), 0.0901170 secs] 7490783K->5011882K(12268352K), 0.0903540 secs] [Times: user=0.97 sys=0.01, real=0.10 secs] 
2011-02-26T19:11:03.430+0000: 47512.729: [GC 47512.729: [ParNew: 2735772K->48302K(2831168K), 0.0810030 secs] 7528490K->5038770K(12268352K), 0.0812360 secs] [Times: user=0.81 sys=0.03, real=0.08 secs] 
2011-02-26T19:11:05.638+0000: 47514.937: [GC 47514.937: [ParNew: 2564910K->18348K(2831168K), 0.0291370 secs] 7555378K->5019947K(12268352K), 0.0293920 secs] [Times: user=0.30 sys=0.01, real=0.03 secs] 
2011-02-26T19:11:07.623+0000: 47516.922: [GC 47516.923: [ParNew: 2534956K->13841K(2831168K), 0.0276240 secs] 7536555K->5025593K(12268352K), 0.0279280 secs] [Times: user=0.29 sys=0.00, real=0.03 secs] 
2011-02-26T19:11:19.206+0000: 47528.505: [GC 47528.505: [ParNew: 2530449K->60525K(2831168K), 0.0503650 secs] 7542201K->5078918K(12268352K), 0.0506600 secs] [Times: user=0.63 sys=0.00, real=0.05 secs] 
2011-02-26T19:11:35.635+0000: 47544.934: [GC 47544.934: [ParNew: 2577133K->145700K(2831168K), 0.1803390 secs] 7595526K->5219392K(12268352K), 0.1806260 secs] [Times: user=1.60 sys=0.00, real=0.18 secs] 
2011-02-26T19:11:49.725+0000: 47559.024: [GC 47559.024: [ParNew: 2662308K->200242K(2831168K), 0.1976710 secs] 7736000K->5402173K(12268352K), 0.1979590 secs] [Times: user=2.09 sys=0.02, real=0.20 secs] 
2011-02-26T19:12:04.844+0000: 47574.143: [GC 47574.143: [ParNew: 2716850K->126487K(2831168K), 0.1599070 secs] 7918781K->5448417K(12268352K), 0.1602180 secs] [Times: user=1.69 sys=0.01, real=0.16 secs] 
2011-02-26T19:12:07.573+0000: 47576.872: [GC 47576.872: [ParNew: 2643095K->55351K(2831168K), 0.0768150 secs] 7965025K->5443569K(12268352K), 0.0771120 secs] [Times: user=0.73 sys=0.02, real=0.08 secs] 
2011-02-26T19:12:25.023+0000: 47594.322: [GC 47594.322: [ParNew: 2571959K->68458K(2831168K), 0.0394650 secs] 7960177K->5460372K(12268352K), 0.0397590 secs] [Times: user=0.52 sys=0.00, real=0.04 secs] 
2011-02-26T19:12:35.236+0000: 47604.535: [GC 47604.535: [ParNew: 2585066K->91891K(2831168K), 0.0890060 secs] 7976980K->5520177K(12268352K), 0.0893510 secs] [Times: user=1.03 sys=0.00, real=0.09 secs] 
2011-02-26T19:12:48.360+0000: 47617.659: [GC 47617.660: [ParNew: 2608499K->145612K(2831168K), 0.1095660 secs] 8036785K->5646176K(12268352K), 0.1097990 secs] [Times: user=1.18 sys=0.00, real=0.11 secs] 
2011-02-26T19:13:02.539+0000: 47631.838: [GC 47631.838: [ParNew: 2662220K->87461K(2831168K), 0.0954520 secs] 8162784K->5627356K(12268352K), 0.0956950 secs] [Times: user=1.08 sys=0.01, real=0.09 secs] 
2011-02-26T19:13:08.942+0000: 47638.241: [GC 47638.242: [ParNew: 2604069K->66650K(2831168K), 0.0957440 secs] 8143964K->5680382K(12268352K), 0.0959860 secs] [Times: user=0.97 sys=0.02, real=0.10 secs] 
2011-02-26T19:13:17.499+0000: 47646.798: [GC 47646.798: [ParNew: 2583258K->43354K(2831168K), 0.0499430 secs] 8196990K->5679897K(12268352K), 0.0501790 secs] [Times: user=0.54 sys=0.00, real=0.05 secs] 
2011-02-26T19:13:33.830+0000: 47663.129: [GC 47663.129: [ParNew: 2559962K->113663K(2831168K), 0.1074180 secs] 8196505K->5779056K(12268352K), 0.1077120 secs] [Times: user=1.07 sys=0.00, real=0.11 secs] 
2011-02-26T19:13:49.115+0000: 47678.414: [GC 47678.414: [ParNew: 2630271K->121223K(2831168K), 0.1540180 secs] 8295664K->5881007K(12268352K), 0.1542980 secs] [Times: user=1.58 sys=0.01, real=0.16 secs] 
2011-02-26T19:14:04.874+0000: 47694.173: [GC 47694.173: [ParNew: 2637831K->84115K(2831168K), 0.1222910 secs] 8397615K->5928377K(12268352K), 0.1225940 secs] [Times: user=1.32 sys=0.00, real=0.12 secs] 
2011-02-26T19:14:08.601+0000: 47697.900: [GC 47697.900: [ParNew: 2600723K->37221K(2831168K), 0.0553460 secs] 8444985K->5921893K(12268352K), 0.0556470 secs] [Times: user=0.52 sys=0.01, real=0.05 secs] 
2011-02-26T19:14:11.447+0000: 47700.746: [GC 47700.746: [ParNew: 2553829K->197198K(2831168K), 0.0683340 secs] 8438501K->6086764K(12268352K), 0.0686440 secs] [Times: user=0.78 sys=0.02, real=0.06 secs] 
2011-02-26T19:14:31.735+0000: 47721.034: [GC 47721.034: [ParNew: 2713806K->111692K(2831168K), 0.1122180 secs] 8603372K->6036170K(12268352K), 0.1125430 secs] [Times: user=1.18 sys=0.00, real=0.12 secs] 
2011-02-26T19:14:42.749+0000: 47732.048: [GC 47732.048: [ParNew: 2628300K->184084K(2831168K), 0.1902620 secs] 8552778K->6206587K(12268352K), 0.1905620 secs] [Times: user=2.07 sys=0.01, real=0.19 secs] 
2011-02-26T19:14:58.551+0000: 47747.850: [GC 47747.850: [ParNew: 2700692K->132226K(2831168K), 0.2230940 secs] 8723195K->6290608K(12268352K), 0.2234030 secs] [Times: user=2.14 sys=0.00, real=0.22 secs] 
2011-02-26T19:15:06.752+0000: 47756.051: [GC 47756.051: [ParNew: 2648786K->112623K(2831168K), 0.1372290 secs] 8807167K->6380064K(12268352K), 0.1375310 secs] [Times: user=1.43 sys=0.01, real=0.14 secs] 
2011-02-26T19:15:12.585+0000: 47761.884: [GC 47761.885: [ParNew: 2629231K->47110K(2831168K), 0.0648790 secs] 8896672K->6356805K(12268352K), 0.0651750 secs] [Times: user=0.74 sys=0.00, real=0.07 secs] 
2011-02-26T19:15:32.779+0000: 47782.078: [GC 47782.078: [ParNew: 2563718K->67195K(2831168K), 0.0659410 secs] 8873413K->6398165K(12268352K), 0.0661750 secs] [Times: user=0.79 sys=0.00, real=0.06 secs] 
2011-02-26T19:15:45.848+0000: 47795.147: [GC 47795.148: [ParNew: 2583803K->103107K(2831168K), 0.1135480 secs] 8914773K->6490918K(12268352K), 0.1138580 secs] [Times: user=1.14 sys=0.01, real=0.11 secs] 
2011-02-26T19:15:58.005+0000: 47807.304: [GC 47807.304: [ParNew: 2619715K->139764K(2831168K), 0.0975190 secs] 9007526K->6589128K(12268352K), 0.0978340 secs] [Times: user=1.05 sys=0.00, real=0.10 secs] 
2011-02-26T19:16:06.157+0000: 47815.456: [GC 47815.456: [ParNew: 2656372K->62711K(2831168K), 0.0704760 secs] 9105736K->6552616K(12268352K), 0.0707710 secs] [Times: user=0.78 sys=0.00, real=0.08 secs] 
2011-02-26T19:16:09.507+0000: 47818.806: [GC 47818.806: [ParNew: 2579384K->39465K(2831168K), 0.0528710 secs] 9069289K->6565027K(12268352K), 0.0531880 secs] [Times: user=0.57 sys=0.00, real=0.06 secs] 
2011-02-26T19:16:09.562+0000: 47818.861: [GC 47818.861: [ParNew: 43607K->12812K(2831168K), 0.0244100 secs] 6569168K->6554984K(12268352K), 0.0246130 secs] [Times: user=0.24 sys=0.00, real=0.02 secs] 
2011-02-26T19:16:29.998+0000: 47839.297: [GC 47839.297: [ParNew: 2529420K->87329K(2831168K), 0.0436230 secs] 9071592K->6629543K(12268352K), 0.0438580 secs] [Times: user=0.58 sys=0.00, real=0.04 secs] 
2011-02-26T19:16:38.776+0000: 47848.075: [GC 47848.075: [ParNew: 2603937K->117873K(2831168K), 0.1237350 secs] 9146151K->6725465K(12268352K), 0.1239630 secs] [Times: user=1.41 sys=0.00, real=0.13 secs] 
2011-02-26T19:16:56.703+0000: 47866.002: [GC 47866.002: [ParNew: 2634481K->119560K(2831168K), 0.1469860 secs] 9242073K->6832359K(12268352K), 0.1472220 secs] [Times: user=1.57 sys=0.02, real=0.15 secs] 
2011-02-26T19:17:08.028+0000: 47877.327: [GC 47877.327: [ParNew: 2636168K->83281K(2831168K), 0.1020230 secs] 9348967K->6875912K(12268352K), 0.1022660 secs] [Times: user=1.05 sys=0.01, real=0.11 secs] 
2011-02-26T19:17:10.693+0000: 47879.992: [GC 47879.992: [ParNew: 2599889K->33155K(2831168K), 0.0422670 secs] 9392520K->6847624K(12268352K), 0.0425020 secs] [Times: user=0.40 sys=0.00, real=0.04 secs] 
2011-02-26T19:17:26.892+0000: 47896.192: [GC 47896.192: [ParNew: 2549763K->195229K(2831168K), 0.0655840 secs] 9364232K->7019023K(12268352K), 0.0658950 secs] [Times: user=0.79 sys=0.00, real=0.07 secs] 
2011-02-26T19:17:33.549+0000: 47902.848: [GC 47902.848: [ParNew: 2711837K->101212K(2831168K), 0.1112340 secs] 9535631K->6964669K(12268352K), 0.1115240 secs] [Times: user=1.08 sys=0.00, real=0.11 secs] 
2011-02-26T19:17:49.425+0000: 47918.724: [GC 47918.724: [ParNew: 2617820K->160319K(2831168K), 0.1748980 secs] 9481277K->7109274K(12268352K), 0.1752260 secs] [Times: user=1.97 sys=0.01, real=0.18 secs] 
2011-02-26T19:18:00.427+0000: 47929.726: [GC 47929.727: [ParNew: 2676927K->132584K(2831168K), 0.1673500 secs] 9625882K->7210415K(12268352K), 0.1675830 secs] [Times: user=1.76 sys=0.03, real=0.16 secs] 
2011-02-26T19:18:09.937+0000: 47939.236: [GC 47939.236: [ParNew: 2649192K->98132K(2831168K), 0.1123690 secs] 9727023K->7259251K(12268352K), 0.1126130 secs] [Times: user=1.12 sys=0.01, real=0.12 secs] 
2011-02-26T19:18:10.051+0000: 47939.350: [GC [1 CMS-initial-mark: 7161118K(9437184K)] 7263436K(12268352K), 0.0590440 secs] [Times: user=0.05 sys=0.00, real=0.06 secs] 
2011-02-26T19:18:10.110+0000: 47939.409: [CMS-concurrent-mark-start]
2011-02-26T19:18:10.713+0000: 47940.012: [CMS-concurrent-mark: 0.601/0.602 secs] [Times: user=3.51 sys=0.49, real=0.60 secs] 
2011-02-26T19:18:10.713+0000: 47940.012: [CMS-concurrent-preclean-start]
2011-02-26T19:18:10.763+0000: 47940.062: [CMS-concurrent-preclean: 0.048/0.050 secs] [Times: user=0.10 sys=0.00, real=0.05 secs] 
2011-02-26T19:18:10.763+0000: 47940.062: [CMS-concurrent-abortable-preclean-start]
2011-02-26T19:18:14.699+0000: 47943.998: [GC 47943.998: [ParNew: 2614740K->42327K(2831168K), 0.0717080 secs] 9775859K->7245760K(12268352K), 0.0719490 secs] [Times: user=0.76 sys=0.01, real=0.07 secs] 
 CMS: abort preclean due to time 2011-02-26T19:18:15.828+0000: 47945.127: [CMS-concurrent-abortable-preclean: 4.955/5.065 secs] [Times: user=10.79 sys=2.13, real=5.07 secs] 
2011-02-26T19:18:15.830+0000: 47945.129: [GC[YG occupancy: 163054 K (2831168 K)]47945.129: [Rescan (parallel) , 0.0282210 secs]47945.157: [weak refs processing, 0.0271460 secs] [1 CMS-remark: 7203432K(9437184K)] 7366487K(12268352K), 0.0556130 secs] [Times: user=0.34 sys=0.00, real=0.05 secs] 
2011-02-26T19:18:15.886+0000: 47945.185: [CMS-concurrent-sweep-start]
2011-02-26T19:18:32.868+0000: 47962.167: [GC 47962.167: [ParNew: 2558935K->97920K(2831168K), 0.0977380 secs] 7145338K->4713900K(12268352K), 0.0979700 secs] [Times: user=0.98 sys=0.00, real=0.09 secs] 
2011-02-26T19:18:47.417+0000: 47976.717: [GC 47976.717: [ParNew: 2614528K->88497K(2831168K), 0.1357740 secs] 5379003K->2936731K(12268352K), 0.1360070 secs] [Times: user=1.36 sys=0.00, real=0.13 secs] 
2011-02-26T19:19:00.993+0000: 47990.292: [CMS-concurrent-sweep: 44.784/45.107 secs] [Times: user=83.61 sys=14.40, real=45.11 secs] 
2011-02-26T19:19:00.993+0000: 47990.292: [CMS-concurrent-reset-start]
2011-02-26T19:19:01.015+0000: 47990.314: [CMS-concurrent-reset: 0.022/0.022 secs] [Times: user=0.02 sys=0.01, real=0.02 secs] 
2011-02-26T19:19:04.427+0000: 47993.726: [GC 47993.726: [ParNew: 2605105K->71218K(2831168K), 0.0978500 secs] 3589559K->1112526K(12268352K), 0.0981450 secs] [Times: user=0.96 sys=0.01, real=0.09 secs] 
2011-02-26T19:19:08.636+0000: 47997.936: [GC 47997.936: [ParNew: 2587826K->49535K(2831168K), 0.0569060 secs] 3629134K->1133374K(12268352K), 0.0572350 secs] [Times: user=0.60 sys=0.00, real=0.06 secs] 
2011-02-26T19:19:12.124+0000: 48001.423: [GC 48001.424: [ParNew: 2566143K->103962K(2831168K), 0.0440870 secs] 3649982K->1192886K(12268352K), 0.0443760 secs] [Times: user=0.53 sys=0.00, real=0.05 secs] 
2011-02-26T19:19:17.745+0000: 48007.044: [GC 48007.044: [ParNew: 2620570K->128113K(2831168K), 0.0586770 secs] 3709494K->1239163K(12268352K), 0.0589640 secs] [Times: user=0.63 sys=0.00, real=0.06 secs] 
2011-02-26T19:19:24.132+0000: 48013.431: [GC 48013.431: [ParNew: 2644721K->27842K(2831168K), 0.0610590 secs] 3755771K->1228910K(12268352K), 0.0613450 secs] [Times: user=0.66 sys=0.00, real=0.06 secs] 
2011-02-26T19:19:34.717+0000: 48024.016: [GC 48024.016: [ParNew: 2544450K->110329K(2831168K), 0.0854130 secs] 3745518K->1329916K(12268352K), 0.0857000 secs] [Times: user=1.04 sys=0.00, real=0.09 secs] 
2011-02-26T19:19:53.042+0000: 48042.341: [GC 48042.341: [ParNew: 2626937K->102666K(2831168K), 0.1777340 secs] 3846524K->1423977K(12268352K), 0.1780240 secs] [Times: user=1.60 sys=0.02, real=0.18 secs] 
2011-02-26T19:20:05.840+0000: 48055.139: [GC 48055.139: [ParNew: 2619274K->88745K(2831168K), 0.1383660 secs] 3940585K->1492774K(12268352K), 0.1386410 secs] [Times: user=1.20 sys=0.01, real=0.14 secs] 
2011-02-26T19:20:09.029+0000: 48058.328: [GC 48058.329: [ParNew: 2605353K->66007K(2831168K), 0.0807730 secs] 4009382K->1526189K(12268352K), 0.0810780 secs] [Times: user=0.63 sys=0.00, real=0.08 secs] 
2011-02-26T19:20:32.028+0000: 48081.327: [GC 48081.327: [ParNew: 2582615K->79481K(2831168K), 0.0497650 secs] 4042797K->1547793K(12268352K), 0.0500890 secs] [Times: user=0.56 sys=0.01, real=0.05 secs] 
2011-02-26T19:20:36.123+0000: 48085.422: [GC 48085.423: [ParNew: 2596089K->251331K(2831168K), 0.1036760 secs] 4064401K->1765444K(12268352K), 0.1039630 secs] [Times: user=1.17 sys=0.00, real=0.11 secs] 
2011-02-26T19:20:40.868+0000: 48090.167: [GC 48090.167: [ParNew: 2767939K->146673K(2831168K), 0.1413910 secs] 4282052K->1743217K(12268352K), 0.1416830 secs] [Times: user=1.37 sys=0.00, real=0.14 secs] 
2011-02-26T19:20:47.211+0000: 48096.510: [GC 48096.510: [ParNew: 2663281K->56599K(2831168K), 0.0933710 secs] 4259825K->1701196K(12268352K), 0.0936580 secs] [Times: user=0.97 sys=0.01, real=0.09 secs] 
2011-02-26T19:21:03.959+0000: 48113.258: [GC 48113.258: [ParNew: 2573207K->142367K(2831168K), 0.1124120 secs] 4217804K->1825250K(12268352K), 0.1127080 secs] [Times: user=1.21 sys=0.02, real=0.11 secs] 
2011-02-26T19:21:07.595+0000: 48116.894: [GC 48116.894: [ParNew: 2658975K->96707K(2831168K), 0.1225590 secs] 4341858K->1894333K(12268352K), 0.1228560 secs] [Times: user=1.22 sys=0.01, real=0.13 secs] 
2011-02-26T19:21:20.936+0000: 48130.235: [GC 48130.235: [ParNew: 2613315K->83263K(2831168K), 0.0645540 secs] 4410941K->1895652K(12268352K), 0.0647960 secs] [Times: user=0.79 sys=0.00, real=0.07 secs] 
2011-02-26T19:21:34.199+0000: 48143.498: [GC 48143.498: [ParNew: 2599871K->134431K(2831168K), 0.1421990 secs] 4412260K->2012317K(12268352K), 0.1425000 secs] [Times: user=1.51 sys=0.00, real=0.14 secs] 
2011-02-26T19:21:52.198+0000: 48161.497: [GC 48161.497: [ParNew: 2651039K->101921K(2831168K), 0.1484360 secs] 4528925K->2096222K(12268352K), 0.1486670 secs] [Times: user=1.49 sys=0.01, real=0.15 secs] 
2011-02-26T19:22:05.389+0000: 48174.688: [GC 48174.689: [ParNew: 2618507K->46348K(2831168K), 0.0762100 secs] 4612809K->2085615K(12268352K), 0.0764540 secs] [Times: user=0.80 sys=0.00, real=0.07 secs] 
2011-02-26T19:22:08.419+0000: 48177.718: [GC 48177.718: [ParNew: 2562956K->34410K(2831168K), 0.0484040 secs] 4602223K->2104637K(12268352K), 0.0486430 secs] [Times: user=0.40 sys=0.00, real=0.05 secs] 
2011-02-26T19:22:27.482+0000: 48196.781: [GC 48196.781: [ParNew: 2551018K->118545K(2831168K), 0.0493520 secs] 4621245K->2196562K(12268352K), 0.0495920 secs] [Times: user=0.63 sys=0.00, real=0.05 secs] 
2011-02-26T19:22:33.549+0000: 48202.849: [GC 48202.849: [ParNew: 2635153K->94119K(2831168K), 0.1213700 secs] 4713170K->2209297K(12268352K), 0.1216050 secs] [Times: user=1.03 sys=0.00, real=0.12 secs] 
2011-02-26T19:22:49.743+0000: 48219.042: [GC 48219.042: [ParNew: 2610727K->126324K(2831168K), 0.1610170 secs] 4725905K->2318496K(12268352K), 0.1612820 secs] [Times: user=1.56 sys=0.02, real=0.16 secs] 
2011-02-26T19:23:04.982+0000: 48234.281: [GC 48234.281: [ParNew: 2642932K->104777K(2831168K), 0.1402300 secs] 4835104K->2387221K(12268352K), 0.1404790 secs] [Times: user=1.27 sys=0.02, real=0.14 secs] 
2011-02-26T19:23:08.049+0000: 48237.348: [GC 48237.348: [ParNew: 2621385K->74711K(2831168K), 0.0808010 secs] 4903829K->2428199K(12268352K), 0.0810370 secs] [Times: user=0.75 sys=0.00, real=0.08 secs] 
2011-02-26T19:23:23.520+0000: 48252.819: [GC 48252.819: [ParNew: 2591319K->98040K(2831168K), 0.0510590 secs] 4944807K->2458620K(12268352K), 0.0513700 secs] [Times: user=0.55 sys=0.00, real=0.05 secs] 
2011-02-26T19:23:34.591+0000: 48263.890: [GC 48263.890: [ParNew: 2614648K->97114K(2831168K), 0.1180220 secs] 4975228K->2510677K(12268352K), 0.1183240 secs] [Times: user=1.20 sys=0.00, real=0.12 secs] 
2011-02-26T19:23:41.027+0000: 48270.326: [GC 48270.326: [ParNew: 2613722K->219939K(2831168K), 0.1178950 secs] 5027285K->2704430K(12268352K), 0.1181260 secs] [Times: user=1.27 sys=0.01, real=0.11 secs] 
2011-02-26T19:23:46.053+0000: 48275.352: [GC 48275.352: [ParNew: 2736547K->136304K(2831168K), 0.0754500 secs] 5221038K->2664018K(12268352K), 0.0756820 secs] [Times: user=0.78 sys=0.00, real=0.08 secs] 
2011-02-26T19:23:58.278+0000: 48287.577: [GC 48287.578: [ParNew: 2652912K->115891K(2831168K), 0.0963650 secs] 5180626K->2675626K(12268352K), 0.0966850 secs] [Times: user=0.99 sys=0.00, real=0.09 secs] 
2011-02-26T19:24:07.091+0000: 48296.390: [GC 48296.390: [ParNew: 2632442K->76372K(2831168K), 0.1263820 secs] 5192177K->2724135K(12268352K), 0.1266810 secs] [Times: user=1.20 sys=0.00, real=0.13 secs] 
2011-02-26T19:24:11.929+0000: 48301.228: [GC 48301.228: [ParNew: 2592980K->53281K(2831168K), 0.0712940 secs] 5240743K->2746193K(12268352K), 0.0716110 secs] [Times: user=0.71 sys=0.00, real=0.07 secs] 
2011-02-26T19:24:32.633+0000: 48321.932: [GC 48321.932: [ParNew: 2569889K->145576K(2831168K), 0.1250720 secs] 5262801K->2865462K(12268352K), 0.1253590 secs] [Times: user=1.30 sys=0.02, real=0.13 secs] 
2011-02-26T19:24:45.741+0000: 48335.040: [GC 48335.040: [ParNew: 2662184K->137289K(2831168K), 0.1872450 secs] 5382070K->2974372K(12268352K), 0.1875340 secs] [Times: user=1.80 sys=0.01, real=0.19 secs] 
2011-02-26T19:25:03.396+0000: 48352.695: [GC 48352.695: [ParNew: 2653897K->103823K(2831168K), 0.1373810 secs] 5490980K->3045101K(12268352K), 0.1376780 secs] [Times: user=1.42 sys=0.01, real=0.14 secs] 
2011-02-26T19:25:07.347+0000: 48356.646: [GC 48356.646: [ParNew: 2620431K->45995K(2831168K), 0.0636510 secs] 5561709K->3031207K(12268352K), 0.0639460 secs] [Times: user=0.65 sys=0.02, real=0.07 secs] 
2011-02-26T19:25:17.517+0000: 48366.816: [GC 48366.816: [ParNew: 2562603K->28779K(2831168K), 0.0352070 secs] 5547815K->3022081K(12268352K), 0.0354870 secs] [Times: user=0.39 sys=0.01, real=0.04 secs] 
2011-02-26T19:25:33.220+0000: 48382.519: [GC 48382.519: [ParNew: 2545387K->149527K(2831168K), 0.0754600 secs] 5538689K->3161568K(12268352K), 0.0757670 secs] [Times: user=0.86 sys=0.00, real=0.07 secs] 
2011-02-26T19:25:39.106+0000: 48388.405: [GC 48388.405: [ParNew: 2666135K->88086K(2831168K), 0.1107340 secs] 5678176K->3160835K(12268352K), 0.1110700 secs] [Times: user=1.18 sys=0.01, real=0.11 secs] 
2011-02-26T19:25:58.066+0000: 48407.365: [GC 48407.365: [ParNew: 2604694K->126599K(2831168K), 0.1236820 secs] 5677443K->3264354K(12268352K), 0.1239170 secs] [Times: user=1.43 sys=0.01, real=0.13 secs] 
2011-02-26T19:26:06.356+0000: 48415.655: [GC 48415.655: [ParNew: 2643207K->78959K(2831168K), 0.1080250 secs] 5780962K->3300994K(12268352K), 0.1082730 secs] [Times: user=1.11 sys=0.00, real=0.11 secs] 
2011-02-26T19:26:10.031+0000: 48419.330: [GC 48419.330: [ParNew: 2595567K->40393K(2831168K), 0.0528770 secs] 5817602K->3294589K(12268352K), 0.0531230 secs] [Times: user=0.53 sys=0.00, real=0.05 secs] 
2011-02-26T19:26:31.870+0000: 48441.169: [GC 48441.169: [ParNew: 2557001K->103760K(2831168K), 0.0853650 secs] 5811197K->3376174K(12268352K), 0.0856130 secs] [Times: user=0.94 sys=0.01, real=0.08 secs] 
2011-02-26T19:26:43.057+0000: 48452.356: [GC 48452.357: [ParNew: 2620368K->117694K(2831168K), 0.1310660 secs] 5892782K->3469401K(12268352K), 0.1313030 secs] [Times: user=1.40 sys=0.01, real=0.13 secs] 
2011-02-26T19:26:51.230+0000: 48460.529: [GC 48460.529: [ParNew: 2634302K->304184K(2831168K), 0.1310490 secs] 5986009K->3728224K(12268352K), 0.1313120 secs] [Times: user=1.31 sys=0.02, real=0.13 secs] 
2011-02-26T19:26:59.382+0000: 48468.681: [GC 48468.681: [ParNew: 2820792K->84243K(2831168K), 0.0844130 secs] 6244832K->3541986K(12268352K), 0.0846490 secs] [Times: user=0.92 sys=0.00, real=0.08 secs] 
2011-02-26T19:27:07.261+0000: 48476.560: [GC 48476.560: [ParNew: 2600851K->59800K(2831168K), 0.1075220 secs] 6058594K->3586642K(12268352K), 0.1077680 secs] [Times: user=1.08 sys=0.00, real=0.11 secs] 
2011-02-26T19:27:12.421+0000: 48481.720: [GC 48481.720: [ParNew: 2576408K->43532K(2831168K), 0.0641290 secs] 6103250K->3607429K(12268352K), 0.0643660 secs] [Times: user=0.66 sys=0.00, real=0.06 secs] 
2011-02-26T19:27:32.536+0000: 48501.835: [GC 48501.836: [ParNew: 2560140K->138105K(2831168K), 0.1458070 secs] 6124037K->3733427K(12268352K), 0.1460450 secs] [Times: user=1.34 sys=0.01, real=0.15 secs] 
2011-02-26T19:27:45.636+0000: 48514.935: [GC 48514.935: [ParNew: 2654713K->201485K(2831168K), 0.1938240 secs] 6250035K->3918319K(12268352K), 0.1940570 secs] [Times: user=2.05 sys=0.00, real=0.20 secs] 
2011-02-26T19:28:03.265+0000: 48532.564: [GC 48532.564: [ParNew: 2718093K->118882K(2831168K), 0.1635710 secs] 6434927K->3959814K(12268352K), 0.1638030 secs] [Times: user=1.71 sys=0.01, real=0.17 secs] 
2011-02-26T19:28:07.223+0000: 48536.522: [GC 48536.522: [ParNew: 2635490K->58783K(2831168K), 0.0768150 secs] 6476422K->3965592K(12268352K), 0.0770560 secs] [Times: user=0.79 sys=0.00, real=0.08 secs] 
2011-02-26T19:28:17.795+0000: 48547.094: [GC 48547.094: [ParNew: 2575391K->55751K(2831168K), 0.0361770 secs] 6482200K->3968005K(12268352K), 0.0364120 secs] [Times: user=0.47 sys=0.00, real=0.04 secs] 
2011-02-26T19:28:33.508+0000: 48562.807: [GC 48562.807: [ParNew: 2572359K->88162K(2831168K), 0.0796420 secs] 6484613K->4023079K(12268352K), 0.0798920 secs] [Times: user=0.93 sys=0.02, real=0.08 secs] 
2011-02-26T19:28:40.825+0000: 48570.124: [GC 48570.124: [ParNew: 2604770K->138580K(2831168K), 0.1123810 secs] 6539687K->4140248K(12268352K), 0.1126380 secs] [Times: user=1.31 sys=0.01, real=0.12 secs] 
2011-02-26T19:28:57.630+0000: 48586.929: [GC 48586.929: [ParNew: 2655188K->101306K(2831168K), 0.0965180 secs] 6656856K->4145274K(12268352K), 0.0967560 secs] [Times: user=1.04 sys=0.00, real=0.09 secs] 
2011-02-26T19:29:06.641+0000: 48595.940: [GC 48595.940: [ParNew: 2617914K->77097K(2831168K), 0.1000150 secs] 6661882K->4201009K(12268352K), 0.1002520 secs] [Times: user=1.00 sys=0.01, real=0.10 secs] 
2011-02-26T19:29:09.781+0000: 48599.080: [GC 48599.080: [ParNew: 2593705K->32867K(2831168K), 0.0530350 secs] 6717617K->4193425K(12268352K), 0.0533280 secs] [Times: user=0.53 sys=0.00, real=0.05 secs] 
2011-02-26T19:29:31.959+0000: 48621.258: [GC 48621.259: [ParNew: 2549475K->97096K(2831168K), 0.1059870 secs] 6710033K->4268297K(12268352K), 0.1062830 secs] [Times: user=0.99 sys=0.00, real=0.10 secs] 
2011-02-26T19:29:43.234+0000: 48632.534: [GC 48632.534: [ParNew: 2613704K->130980K(2831168K), 0.1482930 secs] 6784905K->4387430K(12268352K), 0.1485220 secs] [Times: user=1.54 sys=0.00, real=0.15 secs] 
2011-02-26T19:29:58.739+0000: 48648.038: [GC 48648.038: [ParNew: 2647588K->90513K(2831168K), 0.1193830 secs] 6904038K->4437124K(12268352K), 0.1197020 secs] [Times: user=1.22 sys=0.01, real=0.12 secs] 
2011-02-26T19:30:04.248+0000: 48653.547: [GC 48653.547: [ParNew: 2579837K->151065K(2831168K), 0.0817730 secs] 6926448K->4541890K(12268352K), 0.0820690 secs] [Times: user=0.89 sys=0.04, real=0.08 secs] 
2011-02-26T19:30:06.253+0000: 48655.552: [GC 48655.552: [ParNew: 2667673K->108370K(2831168K), 0.0617820 secs] 7058498K->4556777K(12268352K), 0.0620800 secs] [Times: user=0.66 sys=0.00, real=0.06 secs] 
2011-02-26T19:30:07.958+0000: 48657.257: [GC 48657.257: [ParNew: 2624978K->13468K(2831168K), 0.0395830 secs] 7073385K->4536939K(12268352K), 0.0398810 secs] [Times: user=0.43 sys=0.00, real=0.04 secs] 
2011-02-26T19:30:17.036+0000: 48666.335: [GC 48666.335: [ParNew: 2530076K->52620K(2831168K), 0.0452310 secs] 7053547K->4582761K(12268352K), 0.0455750 secs] [Times: user=0.59 sys=0.00, real=0.05 secs] 
2011-02-26T19:30:35.107+0000: 48684.406: [GC 48684.406: [ParNew: 2569228K->132903K(2831168K), 0.1229730 secs] 7099369K->4712147K(12268352K), 0.1232090 secs] [Times: user=1.41 sys=0.01, real=0.12 secs] 
2011-02-26T19:30:48.919+0000: 48698.218: [GC 48698.219: [ParNew: 2649511K->203724K(2831168K), 0.1982110 secs] 7228755K->4904829K(12268352K), 0.1985110 secs] [Times: user=1.99 sys=0.02, real=0.20 secs] 
2011-02-26T19:31:05.076+0000: 48714.375: [GC 48714.375: [ParNew: 2720332K->131948K(2831168K), 0.1950290 secs] 7421437K->4961898K(12268352K), 0.1952740 secs] [Times: user=2.00 sys=0.00, real=0.20 secs] 
2011-02-26T19:31:09.011+0000: 48718.310: [GC 48718.310: [ParNew: 2648586K->98328K(2831168K), 0.1026330 secs] 7478536K->5017785K(12268352K), 0.1028760 secs] [Times: user=1.01 sys=0.00, real=0.10 secs] 
2011-02-26T19:31:09.118+0000: 48718.417: [GC 48718.417: [ParNew: 103728K->26142K(2831168K), 0.0183310 secs] 5023184K->4953866K(12268352K), 0.0185890 secs] [Times: user=0.22 sys=0.00, real=0.01 secs] 
2011-02-26T19:31:18.326+0000: 48727.625: [GC 48727.625: [ParNew: 2542750K->20479K(2831168K), 0.0242280 secs] 7470474K->4948208K(12268352K), 0.0245170 secs] [Times: user=0.38 sys=0.00, real=0.03 secs] 
2011-02-26T19:31:33.838+0000: 48743.137: [GC 48743.138: [ParNew: 2537087K->95490K(2831168K), 0.0721990 secs] 7464816K->5040441K(12268352K), 0.0724910 secs] [Times: user=0.83 sys=0.00, real=0.07 secs] 
2011-02-26T19:31:49.417+0000: 48758.716: [GC 48758.716: [ParNew: 2612098K->139433K(2831168K), 0.1087690 secs] 7557049K->5150808K(12268352K), 0.1090640 secs] [Times: user=1.15 sys=0.00, real=0.10 secs] 
2011-02-26T19:31:55.119+0000: 48764.418: [GC 48764.418: [ParNew: 2656041K->146938K(2831168K), 0.0877130 secs] 7667416K->5211374K(12268352K), 0.0880440 secs] [Times: user=0.95 sys=0.00, real=0.09 secs] 
2011-02-26T19:31:59.462+0000: 48768.761: [GC 48768.761: [ParNew: 2663546K->44969K(2831168K), 0.0746220 secs] 7727982K->5226904K(12268352K), 0.0749080 secs] [Times: user=0.76 sys=0.00, real=0.07 secs] 
2011-02-26T19:32:04.978+0000: 48774.277: [GC 48774.277: [ParNew: 2561577K->116895K(2831168K), 0.0584250 secs] 7743512K->5319991K(12268352K), 0.0587250 secs] [Times: user=0.64 sys=0.00, real=0.06 secs] 
2011-02-26T19:32:07.051+0000: 48776.351: [GC 48776.351: [ParNew: 2633503K->24942K(2831168K), 0.0560410 secs] 7836599K->5328856K(12268352K), 0.0563220 secs] [Times: user=0.55 sys=0.01, real=0.06 secs] 
2011-02-26T19:32:09.929+0000: 48779.228: [GC 48779.228: [ParNew: 2541550K->15325K(2831168K), 0.0262020 secs] 7845464K->5324593K(12268352K), 0.0264810 secs] [Times: user=0.24 sys=0.00, real=0.02 secs] 
2011-02-26T19:32:15.393+0000: 48784.692: [GC 48784.692: [ParNew: 2531933K->50800K(2831168K), 0.0379430 secs] 7841201K->5369643K(12268352K), 0.0382270 secs] [Times: user=0.39 sys=0.00, real=0.04 secs] 
2011-02-26T19:32:22.344+0000: 48791.643: [GC 48791.643: [ParNew: 2567408K->25419K(2831168K), 0.0478890 secs] 7886251K->5370347K(12268352K), 0.0481770 secs] [Times: user=0.51 sys=0.01, real=0.05 secs] 
2011-02-26T19:32:29.263+0000: 48798.562: [GC 48798.562: [ParNew: 2542027K->29161K(2831168K), 0.0449740 secs] 7886955K->5392299K(12268352K), 0.0452560 secs] [Times: user=0.52 sys=0.00, real=0.05 secs] 
2011-02-26T19:32:33.919+0000: 48803.218: [GC 48803.218: [ParNew: 2545769K->92090K(2831168K), 0.0885560 secs] 7908907K->5473763K(12268352K), 0.0887920 secs] [Times: user=0.81 sys=0.02, real=0.09 secs] 
2011-02-26T19:32:49.064+0000: 48818.363: [GC 48818.363: [ParNew: 2608698K->116842K(2831168K), 0.1210690 secs] 7990371K->5569637K(12268352K), 0.1213030 secs] [Times: user=1.30 sys=0.00, real=0.12 secs] 
2011-02-26T19:33:04.914+0000: 48834.213: [GC 48834.213: [ParNew: 2633450K->82420K(2831168K), 0.1180780 secs] 8086245K->5618062K(12268352K), 0.1184000 secs] [Times: user=1.14 sys=0.01, real=0.12 secs] 
2011-02-26T19:33:07.591+0000: 48836.890: [GC 48836.890: [ParNew: 2599028K->35671K(2831168K), 0.0498420 secs] 8134670K->5613198K(12268352K), 0.0501420 secs] [Times: user=0.53 sys=0.00, real=0.05 secs] 
2011-02-26T19:33:16.532+0000: 48845.831: [GC 48845.832: [ParNew: 2552279K->189376K(2831168K), 0.0598780 secs] 8129806K->5770558K(12268352K), 0.0601710 secs] [Times: user=0.70 sys=0.00, real=0.06 secs] 
2011-02-26T19:33:21.800+0000: 48851.099: [GC 48851.100: [ParNew: 2705984K->119997K(2831168K), 0.0702500 secs] 8287166K->5738163K(12268352K), 0.0705650 secs] [Times: user=0.78 sys=0.00, real=0.07 secs] 
2011-02-26T19:33:32.562+0000: 48861.862: [GC 48861.862: [ParNew: 2636605K->88553K(2831168K), 0.0925110 secs] 8254771K->5735247K(12268352K), 0.0927690 secs] [Times: user=1.00 sys=0.00, real=0.09 secs] 
2011-02-26T19:33:45.028+0000: 48874.327: [GC 48874.327: [ParNew: 2605161K->147397K(2831168K), 0.1457510 secs] 8251855K->5861680K(12268352K), 0.1461290 secs] [Times: user=1.65 sys=0.00, real=0.15 secs] 
2011-02-26T19:34:03.112+0000: 48892.411: [GC 48892.411: [ParNew: 2664005K->159823K(2831168K), 0.1990770 secs] 8378288K->6006223K(12268352K), 0.1993790 secs] [Times: user=2.10 sys=0.00, real=0.20 secs] 
2011-02-26T19:34:07.113+0000: 48896.412: [GC 48896.412: [ParNew: 2676378K->120131K(2831168K), 0.1335660 secs] 8522778K->6088585K(12268352K), 0.1338030 secs] [Times: user=1.23 sys=0.03, real=0.13 secs] 
2011-02-26T19:34:22.750+0000: 48912.049: [GC 48912.050: [ParNew: 2636739K->74360K(2831168K), 0.0591060 secs] 8605193K->6058031K(12268352K), 0.0593450 secs] [Times: user=0.65 sys=0.01, real=0.06 secs] 
2011-02-26T19:34:34.219+0000: 48923.518: [GC 48923.518: [ParNew: 2590968K->97464K(2831168K), 0.1534150 secs] 8574639K->6139348K(12268352K), 0.1536380 secs] [Times: user=1.40 sys=0.00, real=0.15 secs] 
2011-02-26T19:34:52.219+0000: 48941.518: [GC 48941.518: [ParNew: 2614072K->76886K(2831168K), 0.1108110 secs] 8655956K->6188788K(12268352K), 0.1110400 secs] [Times: user=1.20 sys=0.00, real=0.11 secs] 
2011-02-26T19:35:02.501+0000: 48951.800: [GC 48951.800: [ParNew: 2593494K->135182K(2831168K), 0.0803350 secs] 8705396K->6292037K(12268352K), 0.0806250 secs] [Times: user=0.90 sys=0.01, real=0.08 secs] 
2011-02-26T19:35:06.777+0000: 48956.076: [GC 48956.076: [ParNew: 2651790K->41019K(2831168K), 0.0609560 secs] 8808645K->6236950K(12268352K), 0.0611980 secs] [Times: user=0.64 sys=0.00, real=0.07 secs] 
2011-02-26T19:35:17.170+0000: 48966.470: [GC 48966.470: [ParNew: 2557627K->70555K(2831168K), 0.0466970 secs] 8753558K->6279454K(12268352K), 0.0469350 secs] [Times: user=0.51 sys=0.00, real=0.05 secs] 
2011-02-26T19:35:33.505+0000: 48982.804: [GC 48982.804: [ParNew: 2587163K->111017K(2831168K), 0.1264590 secs] 8796062K->6360119K(12268352K), 0.1267430 secs] [Times: user=1.30 sys=0.00, real=0.13 secs] 
2011-02-26T19:35:42.475+0000: 48991.774: [GC 48991.774: [ParNew: 2627625K->95603K(2831168K), 0.1266280 secs] 8876727K->6436748K(12268352K), 0.1281300 secs] [Times: user=1.36 sys=0.00, real=0.13 secs] 
2011-02-26T19:35:59.707+0000: 49009.006: [GC 49009.006: [ParNew: 2612211K->130971K(2831168K), 0.1084690 secs] 8953356K->6535980K(12268352K), 0.1087000 secs] [Times: user=1.25 sys=0.02, real=0.10 secs] 
2011-02-26T19:36:06.329+0000: 49015.628: [GC 49015.628: [ParNew: 2647579K->80118K(2831168K), 0.0936500 secs] 9052588K->6569037K(12268352K), 0.0938940 secs] [Times: user=0.93 sys=0.01, real=0.09 secs] 
2011-02-26T19:36:17.724+0000: 49027.023: [GC 49027.023: [ParNew: 2596726K->59214K(2831168K), 0.0430480 secs] 9085645K->6559810K(12268352K), 0.0433490 secs] [Times: user=0.52 sys=0.00, real=0.05 secs] 
2011-02-26T19:36:32.727+0000: 49042.026: [GC 49042.027: [ParNew: 2575822K->231094K(2831168K), 0.0855850 secs] 9076418K->6757719K(12268352K), 0.0860090 secs] [Times: user=0.88 sys=0.00, real=0.08 secs] 
2011-02-26T19:36:35.775+0000: 49045.074: [GC 49045.074: [ParNew: 2747702K->105723K(2831168K), 0.1344100 secs] 9274327K->6843858K(12268352K), 0.1347010 secs] [Times: user=1.47 sys=0.02, real=0.14 secs] 
2011-02-26T19:36:53.409+0000: 49062.708: [GC 49062.708: [ParNew: 2622331K->160127K(2831168K), 0.1563750 secs] 9360466K->6976473K(12268352K), 0.1566100 secs] [Times: user=1.70 sys=0.01, real=0.15 secs] 
2011-02-26T19:37:05.424+0000: 49074.723: [GC 49074.724: [ParNew: 2676735K->113246K(2831168K), 0.1541640 secs] 9493081K->7045198K(12268352K), 0.1544670 secs] [Times: user=1.59 sys=0.00, real=0.16 secs] 
2011-02-26T19:37:09.262+0000: 49078.561: [GC 49078.561: [ParNew: 2629854K->84182K(2831168K), 0.0893940 secs] 9561806K->7089612K(12268352K), 0.0896880 secs] [Times: user=0.93 sys=0.00, real=0.09 secs] 
2011-02-26T19:37:31.686+0000: 49100.985: [GC 49100.985: [ParNew: 2600790K->124552K(2831168K), 0.0889730 secs] 9606220K->7145430K(12268352K), 0.0892770 secs] [Times: user=1.13 sys=0.00, real=0.09 secs] 
2011-02-26T19:37:43.170+0000: 49112.469: [GC 49112.469: [ParNew: 2641160K->97273K(2831168K), 0.1497200 secs] 9662038K->7223705K(12268352K), 0.1500100 secs] [Times: user=1.59 sys=0.00, real=0.15 secs] 
2011-02-26T19:37:43.323+0000: 49112.622: [GC [1 CMS-initial-mark: 7126432K(9437184K)] 7235786K(12268352K), 0.0837190 secs] [Times: user=0.08 sys=0.00, real=0.08 secs] 
2011-02-26T19:37:43.407+0000: 49112.706: [CMS-concurrent-mark-start]
2011-02-26T19:37:44.124+0000: 49113.423: [CMS-concurrent-mark: 0.717/0.717 secs] [Times: user=3.34 sys=0.26, real=0.71 secs] 
2011-02-26T19:37:44.125+0000: 49113.424: [CMS-concurrent-preclean-start]
2011-02-26T19:37:44.172+0000: 49113.471: [CMS-concurrent-preclean: 0.044/0.047 secs] [Times: user=0.07 sys=0.01, real=0.05 secs] 
2011-02-26T19:37:44.172+0000: 49113.471: [CMS-concurrent-abortable-preclean-start]
 CMS: abort preclean due to time 2011-02-26T19:37:49.226+0000: 49118.525: [CMS-concurrent-abortable-preclean: 5.034/5.054 secs] [Times: user=7.58 sys=1.08, real=5.05 secs] 
2011-02-26T19:37:49.228+0000: 49118.527: [GC[YG occupancy: 631936 K (2831168 K)]49118.527: [Rescan (parallel) , 0.1186230 secs]49118.645: [weak refs processing, 0.0351660 secs] [1 CMS-remark: 7126432K(9437184K)] 7758368K(12268352K), 0.1540660 secs] [Times: user=1.50 sys=0.01, real=0.15 secs] 
2011-02-26T19:37:49.382+0000: 49118.681: [CMS-concurrent-sweep-start]
2011-02-26T19:38:04.566+0000: 49133.865: [GC 49133.865: [ParNew: 2613881K->71762K(2831168K), 0.1077290 secs] 8095806K->5619548K(12268352K), 0.1080320 secs] [Times: user=1.11 sys=0.02, real=0.11 secs] 
2011-02-26T19:38:07.392+0000: 49136.691: [GC 49136.691: [ParNew: 2588370K->50453K(2831168K), 0.0616710 secs] 7872667K->5376548K(12268352K), 0.0619340 secs] [Times: user=0.61 sys=0.01, real=0.06 secs] 
2011-02-26T19:38:11.054+0000: 49140.353: [GC 49140.353: [ParNew: 2567061K->17190K(2831168K), 0.0300150 secs] 7594843K->5054558K(12268352K), 0.0302450 secs] [Times: user=0.39 sys=0.00, real=0.03 secs] 
2011-02-26T19:38:23.506+0000: 49152.805: [GC 49152.805: [ParNew: 2533798K->112073K(2831168K), 0.0547910 secs] 6509012K->4096319K(12268352K), 0.0550730 secs] [Times: user=0.63 sys=0.01, real=0.06 secs] 
2011-02-26T19:38:33.903+0000: 49163.202: [GC 49163.202: [ParNew: 2628696K->118875K(2831168K), 0.1113090 secs] 5772524K->3294889K(12268352K), 0.1116000 secs] [Times: user=1.21 sys=0.00, real=0.11 secs] 
2011-02-26T19:38:34.018+0000: 49163.317: [GC 49163.317: [ParNew: 124490K->83726K(2831168K), 0.1237710 secs] 3300186K->3367903K(12268352K), 0.1240420 secs] [Times: user=1.13 sys=0.03, real=0.12 secs] 
2011-02-26T19:38:55.179+0000: 49184.478: [CMS-concurrent-sweep: 65.180/65.798 secs] [Times: user=123.84 sys=21.00, real=65.80 secs] 
2011-02-26T19:38:55.180+0000: 49184.479: [CMS-concurrent-reset-start]
2011-02-26T19:38:55.201+0000: 49184.500: [CMS-concurrent-reset: 0.021/0.021 secs] [Times: user=0.02 sys=0.01, real=0.02 secs] 
2011-02-26T19:38:59.877+0000: 49189.176: [GC 49189.177: [ParNew: 2600334K->91499K(2831168K), 0.0628000 secs] 3829564K->1320771K(12268352K), 0.0630370 secs] [Times: user=0.84 sys=0.00, real=0.06 secs] 
2011-02-26T19:39:06.401+0000: 49195.700: [GC 49195.700: [ParNew: 2608107K->69191K(2831168K), 0.1064500 secs] 3837379K->1380637K(12268352K), 0.1066890 secs] [Times: user=0.98 sys=0.01, real=0.11 secs] 
2011-02-26T19:39:11.739+0000: 49201.038: [GC 49201.038: [ParNew: 2585799K->51900K(2831168K), 0.0606820 secs] 3897245K->1386562K(12268352K), 0.0609210 secs] [Times: user=0.58 sys=0.00, real=0.06 secs] 
2011-02-26T19:39:21.053+0000: 49210.352: [GC 49210.352: [ParNew: 2568508K->57859K(2831168K), 0.0735760 secs] 3903170K->1425674K(12268352K), 0.0738160 secs] [Times: user=0.79 sys=0.00, real=0.07 secs] 
2011-02-26T19:39:36.088+0000: 49225.387: [GC 49225.387: [ParNew: 2574467K->91566K(2831168K), 0.1018660 secs] 3942282K->1500703K(12268352K), 0.1021000 secs] [Times: user=1.11 sys=0.00, real=0.10 secs] 
2011-02-26T19:39:49.518+0000: 49238.817: [GC 49238.817: [ParNew: 2608174K->228276K(2831168K), 0.1389970 secs] 4017311K->1703558K(12268352K), 0.1392850 secs] [Times: user=1.38 sys=0.00, real=0.14 secs] 
2011-02-26T19:39:54.484+0000: 49243.783: [GC 49243.783: [ParNew: 2744884K->141774K(2831168K), 0.1256580 secs] 4220166K->1675491K(12268352K), 0.1258940 secs] [Times: user=1.06 sys=0.01, real=0.13 secs] 
2011-02-26T19:40:04.224+0000: 49253.523: [GC 49253.523: [ParNew: 2658382K->61149K(2831168K), 0.1008420 secs] 4192099K->1630791K(12268352K), 0.1010770 secs] [Times: user=0.92 sys=0.00, real=0.10 secs] 
2011-02-26T19:40:07.745+0000: 49257.044: [GC 49257.044: [ParNew: 2577757K->40542K(2831168K), 0.0621910 secs] 4147399K->1653234K(12268352K), 0.0625150 secs] [Times: user=0.64 sys=0.01, real=0.07 secs] 
2011-02-26T19:40:11.754+0000: 49261.053: [GC 49261.053: [ParNew: 2557150K->35646K(2831168K), 0.0502430 secs] 4169842K->1662063K(12268352K), 0.0504850 secs] [Times: user=0.54 sys=0.00, real=0.05 secs] 
2011-02-26T19:40:31.828+0000: 49281.127: [GC 49281.127: [ParNew: 2552254K->129556K(2831168K), 0.1005240 secs] 4178671K->1782820K(12268352K), 0.1008240 secs] [Times: user=1.16 sys=0.00, real=0.10 secs] 
2011-02-26T19:40:48.611+0000: 49297.910: [GC 49297.910: [ParNew: 2646164K->159052K(2831168K), 0.1790110 secs] 4299428K->1910059K(12268352K), 0.1793120 secs] [Times: user=1.86 sys=0.00, real=0.18 secs] 
2011-02-26T19:41:04.564+0000: 49313.863: [GC 49313.863: [ParNew: 2675660K->121973K(2831168K), 0.1713550 secs] 4426667K->1996382K(12268352K), 0.1717750 secs] [Times: user=1.83 sys=0.00, real=0.17 secs] 
2011-02-26T19:41:07.156+0000: 49316.456: [GC 49316.456: [ParNew: 2638576K->85894K(2831168K), 0.0836170 secs] 4512985K->2034527K(12268352K), 0.0839190 secs] [Times: user=0.87 sys=0.00, real=0.09 secs] 
2011-02-26T19:41:11.740+0000: 49321.039: [GC 49321.040: [ParNew: 2602502K->22435K(2831168K), 0.0205590 secs] 4551135K->1974382K(12268352K), 0.0208470 secs] [Times: user=0.23 sys=0.00, real=0.02 secs] 
2011-02-26T19:41:30.726+0000: 49340.025: [GC 49340.026: [ParNew: 2539043K->88166K(2831168K), 0.0538600 secs] 4490990K->2047341K(12268352K), 0.0541500 secs] [Times: user=0.66 sys=0.00, real=0.06 secs] 
2011-02-26T19:41:46.092+0000: 49355.391: [GC 49355.392: [ParNew: 2604774K->92142K(2831168K), 0.1022530 secs] 4563949K->2110500K(12268352K), 0.1025440 secs] [Times: user=1.16 sys=0.00, real=0.10 secs] 
2011-02-26T19:41:57.098+0000: 49366.398: [GC 49366.398: [ParNew: 2608750K->77969K(2831168K), 0.1127680 secs] 4627108K->2165518K(12268352K), 0.1130700 secs] [Times: user=1.10 sys=0.00, real=0.11 secs] 
2011-02-26T19:42:05.954+0000: 49375.253: [GC 49375.253: [ParNew: 2594577K->52775K(2831168K), 0.0771730 secs] 4682126K->2185233K(12268352K), 0.0774880 secs] [Times: user=0.83 sys=0.02, real=0.08 secs] 
2011-02-26T19:42:08.302+0000: 49377.601: [GC 49377.602: [ParNew: 2569355K->38115K(2831168K), 0.0450440 secs] 4701813K->2202778K(12268352K), 0.0453920 secs] [Times: user=0.40 sys=0.00, real=0.05 secs] 
2011-02-26T19:42:23.186+0000: 49392.485: [GC 49392.485: [ParNew: 2554723K->51972K(2831168K), 0.0455100 secs] 4719386K->2223902K(12268352K), 0.0458420 secs] [Times: user=0.57 sys=0.00, real=0.05 secs] 
2011-02-26T19:42:34.265+0000: 49403.564: [GC 49403.564: [ParNew: 2568580K->134917K(2831168K), 0.1178020 secs] 4740510K->2352745K(12268352K), 0.1181130 secs] [Times: user=1.32 sys=0.00, real=0.12 secs] 
2011-02-26T19:42:50.797+0000: 49420.096: [GC 49420.096: [ParNew: 2651525K->116509K(2831168K), 0.1496490 secs] 4869353K->2441272K(12268352K), 0.1499560 secs] [Times: user=1.59 sys=0.02, real=0.15 secs] 
2011-02-26T19:43:05.291+0000: 49434.590: [GC 49434.591: [ParNew: 2633117K->90437K(2831168K), 0.1070140 secs] 4957880K->2496089K(12268352K), 0.1072570 secs] [Times: user=1.06 sys=0.00, real=0.11 secs] 
2011-02-26T19:43:07.581+0000: 49436.880: [GC 49436.880: [ParNew: 2607045K->37478K(2831168K), 0.0459690 secs] 5012697K->2475727K(12268352K), 0.0462100 secs] [Times: user=0.44 sys=0.00, real=0.05 secs] 
2011-02-26T19:43:15.818+0000: 49445.117: [GC 49445.117: [ParNew: 2554086K->49867K(2831168K), 0.0271250 secs] 4992335K->2490585K(12268352K), 0.0273600 secs] [Times: user=0.29 sys=0.01, real=0.02 secs] 
2011-02-26T19:43:28.294+0000: 49457.593: [GC 49457.593: [ParNew: 2566475K->197550K(2831168K), 0.0786060 secs] 5007193K->2657078K(12268352K), 0.0788430 secs] [Times: user=0.93 sys=0.01, real=0.08 secs] 
2011-02-26T19:43:32.533+0000: 49461.832: [GC 49461.832: [ParNew: 2714158K->149063K(2831168K), 0.1060190 secs] 5173686K->2652947K(12268352K), 0.1062480 secs] [Times: user=1.02 sys=0.00, real=0.11 secs] 
2011-02-26T19:43:34.968+0000: 49464.267: [GC 49464.267: [ParNew: 2665671K->105675K(2831168K), 0.1225790 secs] 5169555K->2737729K(12268352K), 0.1228060 secs] [Times: user=1.33 sys=0.00, real=0.12 secs] 
2011-02-26T19:43:52.127+0000: 49481.427: [GC 49481.427: [ParNew: 2622283K->149984K(2831168K), 0.1635650 secs] 5254337K->2865403K(12268352K), 0.1638270 secs] [Times: user=1.64 sys=0.00, real=0.16 secs] 
2011-02-26T19:44:05.558+0000: 49494.857: [GC 49494.857: [ParNew: 2666592K->118701K(2831168K), 0.1536970 secs] 5382011K->2945408K(12268352K), 0.1539780 secs] [Times: user=1.55 sys=0.00, real=0.16 secs] 
2011-02-26T19:44:08.053+0000: 49497.352: [GC 49497.353: [ParNew: 2635309K->80996K(2831168K), 0.0832630 secs] 5462016K->2976960K(12268352K), 0.0835930 secs] [Times: user=0.78 sys=0.02, real=0.09 secs] 
2011-02-26T19:44:15.553+0000: 49504.852: [GC 49504.852: [ParNew: 2597604K->135742K(2831168K), 0.0559600 secs] 5493568K->3039664K(12268352K), 0.0562760 secs] [Times: user=0.66 sys=0.00, real=0.06 secs] 
2011-02-26T19:44:28.938+0000: 49518.237: [GC 49518.238: [ParNew: 2652350K->66605K(2831168K), 0.0800630 secs] 5556273K->3010363K(12268352K), 0.0803890 secs] [Times: user=0.72 sys=0.00, real=0.08 secs] 
2011-02-26T19:44:37.369+0000: 49526.668: [GC 49526.669: [ParNew: 2583213K->107248K(2831168K), 0.1097430 secs] 5526971K->3097850K(12268352K), 0.1100370 secs] [Times: user=1.13 sys=0.00, real=0.11 secs] 
2011-02-26T19:44:55.831+0000: 49545.130: [GC 49545.130: [ParNew: 2623856K->78387K(2831168K), 0.1116210 secs] 5614458K->3145286K(12268352K), 0.1118560 secs] [Times: user=1.18 sys=0.01, real=0.11 secs] 
2011-02-26T19:45:05.608+0000: 49554.907: [GC 49554.907: [ParNew: 2594995K->130606K(2831168K), 0.0725080 secs] 5661894K->3239864K(12268352K), 0.0729230 secs] [Times: user=0.69 sys=0.00, real=0.08 secs] 
2011-02-26T19:45:07.564+0000: 49556.863: [GC 49556.863: [ParNew: 2647214K->25725K(2831168K), 0.0544520 secs] 5756472K->3232003K(12268352K), 0.0546890 secs] [Times: user=0.65 sys=0.01, real=0.06 secs] 
2011-02-26T19:45:10.552+0000: 49559.851: [GC 49559.851: [ParNew: 2542333K->97489K(2831168K), 0.0465870 secs] 5748611K->3311927K(12268352K), 0.0468690 secs] [Times: user=0.52 sys=0.00, real=0.05 secs] 
2011-02-26T19:45:14.104+0000: 49563.403: [GC 49563.403: [ParNew: 2614097K->38421K(2831168K), 0.0525900 secs] 5828535K->3344788K(12268352K), 0.0528370 secs] [Times: user=0.49 sys=0.01, real=0.05 secs] 
2011-02-26T19:45:24.083+0000: 49573.382: [GC 49573.382: [ParNew: 2555029K->36816K(2831168K), 0.0539180 secs] 5861396K->3361850K(12268352K), 0.0542150 secs] [Times: user=0.39 sys=0.00, real=0.05 secs] 
2011-02-26T19:45:34.518+0000: 49583.817: [GC 49583.817: [ParNew: 2553424K->122132K(2831168K), 0.1066780 secs] 5878458K->3474896K(12268352K), 0.1069690 secs] [Times: user=1.12 sys=0.00, real=0.10 secs] 
2011-02-26T19:45:53.172+0000: 49602.471: [GC 49602.471: [ParNew: 2638740K->135966K(2831168K), 0.1547470 secs] 5991504K->3590647K(12268352K), 0.1550270 secs] [Times: user=1.57 sys=0.00, real=0.15 secs] 
2011-02-26T19:46:05.844+0000: 49615.143: [GC 49615.143: [ParNew: 2652574K->86936K(2831168K), 0.1257060 secs] 6107255K->3629795K(12268352K), 0.1260180 secs] [Times: user=1.17 sys=0.01, real=0.13 secs] 
2011-02-26T19:46:08.258+0000: 49617.557: [GC 49617.557: [ParNew: 2603524K->39069K(2831168K), 0.0589460 secs] 6146384K->3626918K(12268352K), 0.0591940 secs] [Times: user=0.59 sys=0.00, real=0.07 secs] 
2011-02-26T19:46:21.253+0000: 49630.552: [GC 49630.552: [ParNew: 2555677K->38957K(2831168K), 0.0359050 secs] 6143526K->3629960K(12268352K), 0.0362020 secs] [Times: user=0.38 sys=0.00, real=0.04 secs] 
2011-02-26T19:46:33.208+0000: 49642.507: [GC 49642.508: [ParNew: 2555565K->239044K(2831168K), 0.0829370 secs] 6146568K->3852647K(12268352K), 0.0832350 secs] [Times: user=0.97 sys=0.00, real=0.08 secs] 
2011-02-26T19:46:36.694+0000: 49645.993: [GC 49645.993: [ParNew: 2755652K->97618K(2831168K), 0.1488540 secs] 6369255K->3914490K(12268352K), 0.1491400 secs] [Times: user=1.68 sys=0.00, real=0.15 secs] 
2011-02-26T19:46:54.795+0000: 49664.094: [GC 49664.094: [ParNew: 2614226K->147747K(2831168K), 0.1554740 secs] 6431098K->4036673K(12268352K), 0.1557690 secs] [Times: user=1.75 sys=0.01, real=0.16 secs] 
2011-02-26T19:47:06.025+0000: 49675.324: [GC 49675.324: [ParNew: 2664355K->104998K(2831168K), 0.1729990 secs] 6553281K->4111602K(12268352K), 0.1732420 secs] [Times: user=1.63 sys=0.01, real=0.18 secs] 
2011-02-26T19:47:08.797+0000: 49678.096: [GC 49678.097: [ParNew: 2621589K->48097K(2831168K), 0.0721280 secs] 6628193K->4111893K(12268352K), 0.0723690 secs] [Times: user=0.74 sys=0.00, real=0.07 secs] 
2011-02-26T19:47:24.884+0000: 49694.183: [GC 49694.183: [ParNew: 2564705K->72586K(2831168K), 0.0626530 secs] 6628501K->4147061K(12268352K), 0.0628910 secs] [Times: user=0.78 sys=0.00, real=0.07 secs] 
2011-02-26T19:47:34.060+0000: 49703.359: [GC 49703.359: [ParNew: 2589202K->131893K(2831168K), 0.1362790 secs] 6663677K->4272274K(12268352K), 0.1365670 secs] [Times: user=1.49 sys=0.00, real=0.13 secs] 
2011-02-26T19:47:51.035+0000: 49720.334: [GC 49720.334: [ParNew: 2648501K->102232K(2831168K), 0.1409160 secs] 6788882K->4350671K(12268352K), 0.1412560 secs] [Times: user=1.42 sys=0.01, real=0.14 secs] 
2011-02-26T19:48:05.324+0000: 49734.623: [GC 49734.623: [ParNew: 2618840K->53357K(2831168K), 0.0764700 secs] 6867279K->4348186K(12268352K), 0.0767750 secs] [Times: user=0.87 sys=0.01, real=0.08 secs] 
2011-02-26T19:48:07.712+0000: 49737.011: [GC 49737.012: [ParNew: 2569965K->35829K(2831168K), 0.0471750 secs] 6864794K->4362922K(12268352K), 0.0474900 secs] [Times: user=0.52 sys=0.00, real=0.05 secs] 
2011-02-26T19:48:18.601+0000: 49747.900: [GC 49747.900: [ParNew: 2552437K->24000K(2831168K), 0.0345210 secs] 6879530K->4354041K(12268352K), 0.0349050 secs] [Times: user=0.38 sys=0.00, real=0.03 secs] 
2011-02-26T19:48:29.750+0000: 49759.049: [GC 49759.049: [ParNew: 2540608K->82674K(2831168K), 0.0589340 secs] 6870649K->4431871K(12268352K), 0.0592700 secs] [Times: user=0.66 sys=0.01, real=0.06 secs] 
2011-02-26T19:48:38.618+0000: 49767.917: [GC 49767.917: [ParNew: 2599282K->124305K(2831168K), 0.1321870 secs] 6948479K->4521804K(12268352K), 0.1324680 secs] [Times: user=1.37 sys=0.00, real=0.13 secs] 
2011-02-26T19:48:56.960+0000: 49786.259: [GC 49786.260: [ParNew: 2640913K->123235K(2831168K), 0.1479620 secs] 7038412K->4626490K(12268352K), 0.1482010 secs] [Times: user=1.53 sys=0.00, real=0.15 secs] 
2011-02-26T19:49:05.838+0000: 49795.137: [GC 49795.137: [ParNew: 2639843K->91564K(2831168K), 0.0996600 secs] 7143098K->4678003K(12268352K), 0.0999060 secs] [Times: user=0.98 sys=0.00, real=0.11 secs] 
2011-02-26T19:49:08.411+0000: 49797.710: [GC 49797.710: [ParNew: 2608172K->35114K(2831168K), 0.0464420 secs] 7194611K->4650393K(12268352K), 0.0466840 secs] [Times: user=0.47 sys=0.00, real=0.05 secs] 
2011-02-26T19:49:25.317+0000: 49814.617: [GC 49814.617: [ParNew: 2551722K->76999K(2831168K), 0.0481860 secs] 7167001K->4699160K(12268352K), 0.0484220 secs] [Times: user=0.61 sys=0.01, real=0.04 secs] 
2011-02-26T19:49:35.833+0000: 49825.132: [GC 49825.132: [ParNew: 2593607K->88000K(2831168K), 0.1113570 secs] 7215768K->4758675K(12268352K), 0.1115980 secs] [Times: user=1.06 sys=0.00, real=0.11 secs] 
2011-02-26T19:49:39.895+0000: 49829.194: [GC 49829.194: [ParNew: 2604608K->223558K(2831168K), 0.1332740 secs] 7275283K->4957341K(12268352K), 0.1335110 secs] [Times: user=1.46 sys=0.00, real=0.14 secs] 
2011-02-26T19:49:45.033+0000: 49834.332: [GC 49834.332: [ParNew: 2740166K->134972K(2831168K), 0.0884590 secs] 7473949K->4918187K(12268352K), 0.0887270 secs] [Times: user=0.97 sys=0.00, real=0.09 secs] 
2011-02-26T19:49:57.729+0000: 49847.028: [GC 49847.028: [ParNew: 2651580K->107068K(2831168K), 0.0923770 secs] 7434795K->4921241K(12268352K), 0.0926690 secs] [Times: user=1.07 sys=0.00, real=0.09 secs] 
2011-02-26T19:50:06.256+0000: 49855.555: [GC 49855.555: [ParNew: 2623676K->69744K(2831168K), 0.1130710 secs] 7437849K->4969718K(12268352K), 0.1133910 secs] [Times: user=1.11 sys=0.03, real=0.12 secs] 
2011-02-26T19:50:09.237+0000: 49858.536: [GC 49858.536: [ParNew: 2586352K->32815K(2831168K), 0.0567690 secs] 7486326K->4970925K(12268352K), 0.0570640 secs] [Times: user=0.59 sys=0.00, real=0.05 secs] 
2011-02-26T19:50:25.869+0000: 49875.168: [GC 49875.169: [ParNew: 2549423K->89969K(2831168K), 0.0637730 secs] 7487533K->5039154K(12268352K), 0.0641230 secs] [Times: user=0.74 sys=0.00, real=0.06 secs] 
2011-02-26T19:50:35.147+0000: 49884.446: [GC 49884.446: [ParNew: 2606577K->160492K(2831168K), 0.1667960 secs] 7555762K->5186623K(12268352K), 0.1670900 secs] [Times: user=1.81 sys=0.01, real=0.16 secs] 
2011-02-26T19:50:52.700+0000: 49901.999: [GC 49901.999: [ParNew: 2677100K->114661K(2831168K), 0.1684740 secs] 7703231K->5273786K(12268352K), 0.1687630 secs] [Times: user=1.69 sys=0.00, real=0.17 secs] 
2011-02-26T19:51:05.608+0000: 49914.907: [GC 49914.907: [ParNew: 2631269K->60844K(2831168K), 0.0763270 secs] 7790394K->5269381K(12268352K), 0.0765740 secs] [Times: user=0.72 sys=0.01, real=0.08 secs] 
2011-02-26T19:51:08.994+0000: 49918.293: [GC 49918.293: [ParNew: 2577452K->24911K(2831168K), 0.0424830 secs] 7785989K->5263723K(12268352K), 0.0427240 secs] [Times: user=0.45 sys=0.00, real=0.04 secs] 
2011-02-26T19:51:19.263+0000: 49928.562: [GC 49928.562: [ParNew: 2541519K->24928K(2831168K), 0.0285770 secs] 7780331K->5268462K(12268352K), 0.0288110 secs] [Times: user=0.37 sys=0.00, real=0.03 secs] 
2011-02-26T19:51:33.214+0000: 49942.513: [GC 49942.513: [ParNew: 2541536K->166404K(2831168K), 0.0742830 secs] 7785070K->5427180K(12268352K), 0.0745170 secs] [Times: user=0.87 sys=0.00, real=0.08 secs] 
2011-02-26T19:51:39.533+0000: 49948.832: [GC 49948.833: [ParNew: 2683012K->105982K(2831168K), 0.1199070 secs] 7943788K->5431456K(12268352K), 0.1202060 secs] [Times: user=1.31 sys=0.00, real=0.12 secs] 
2011-02-26T19:51:58.231+0000: 49967.530: [GC 49967.530: [ParNew: 2622590K->102952K(2831168K), 0.1212880 secs] 7948064K->5498617K(12268352K), 0.1259270 secs] [Times: user=1.31 sys=0.01, real=0.13 secs] 
2011-02-26T19:52:06.218+0000: 49975.517: [GC 49975.517: [ParNew: 2619560K->78231K(2831168K), 0.0928930 secs] 8015225K->5554148K(12268352K), 0.0931360 secs] [Times: user=0.95 sys=0.00, real=0.09 secs] 
2011-02-26T19:52:08.453+0000: 49977.752: [GC 49977.752: [ParNew: 2594839K->36706K(2831168K), 0.0411130 secs] 8070756K->5539633K(12268352K), 0.0413470 secs] [Times: user=0.40 sys=0.00, real=0.04 secs] 
2011-02-26T19:52:22.787+0000: 49992.086: [GC 49992.086: [ParNew: 2553314K->49059K(2831168K), 0.0444690 secs] 8056241K->5562109K(12268352K), 0.0447300 secs] [Times: user=0.56 sys=0.00, real=0.05 secs] 
2011-02-26T19:52:34.125+0000: 50003.424: [GC 50003.424: [ParNew: 2565667K->113277K(2831168K), 0.1087260 secs] 8078717K->5670541K(12268352K), 0.1090150 secs] [Times: user=1.24 sys=0.00, real=0.11 secs] 
2011-02-26T19:52:49.542+0000: 50018.841: [GC 50018.841: [ParNew: 2629885K->229369K(2831168K), 0.1269340 secs] 8187149K->5874819K(12268352K), 0.1272130 secs] [Times: user=1.31 sys=0.01, real=0.13 secs] 
2011-02-26T19:52:54.125+0000: 50023.424: [GC 50023.424: [ParNew: 2745977K->145367K(2831168K), 0.0866180 secs] 8391427K->5839897K(12268352K), 0.0869470 secs] [Times: user=1.05 sys=0.00, real=0.09 secs] 
2011-02-26T19:52:58.094+0000: 50027.393: [GC 50027.393: [ParNew: 2661975K->50505K(2831168K), 0.1106610 secs] 8356505K->5868788K(12268352K), 0.1109600 secs] [Times: user=1.15 sys=0.01, real=0.11 secs] 
2011-02-26T19:53:06.020+0000: 50035.319: [GC 50035.319: [ParNew: 2567113K->51359K(2831168K), 0.0540570 secs] 8385396K->5891112K(12268352K), 0.0543580 secs] [Times: user=0.53 sys=0.00, real=0.05 secs] 
2011-02-26T19:53:08.430+0000: 50037.729: [GC 50037.729: [ParNew: 2567967K->39591K(2831168K), 0.0508130 secs] 8407720K->5915230K(12268352K), 0.0511100 secs] [Times: user=0.51 sys=0.00, real=0.05 secs] 
2011-02-26T19:53:16.107+0000: 50045.406: [GC 50045.406: [ParNew: 2556199K->136938K(2831168K), 0.0581900 secs] 8431838K->6022034K(12268352K), 0.0584880 secs] [Times: user=0.73 sys=0.00, real=0.06 secs] 
2011-02-26T19:53:33.069+0000: 50062.368: [GC 50062.368: [ParNew: 2653546K->136995K(2831168K), 0.1338590 secs] 8538642K->6063737K(12268352K), 0.1341580 secs] [Times: user=1.32 sys=0.01, real=0.13 secs] 
2011-02-26T19:53:46.609+0000: 50075.908: [GC 50075.908: [ParNew: 2653603K->195636K(2831168K), 0.1947980 secs] 8580345K->6240698K(12268352K), 0.1950840 secs] [Times: user=2.05 sys=0.00, real=0.19 secs] 
2011-02-26T19:54:04.458+0000: 50093.757: [GC 50093.757: [ParNew: 2712244K->119927K(2831168K), 0.1638430 secs] 8757306K->6291358K(12268352K), 0.1699260 secs] [Times: user=1.62 sys=0.03, real=0.17 secs] 
2011-02-26T19:54:06.784+0000: 50096.083: [GC 50096.084: [ParNew: 2636535K->51048K(2831168K), 0.0681140 secs] 8807966K->6277722K(12268352K), 0.0684120 secs] [Times: user=0.67 sys=0.00, real=0.07 secs] 
2011-02-26T19:54:09.878+0000: 50099.177: [GC 50099.178: [ParNew: 2567656K->14438K(2831168K), 0.0188700 secs] 8794330K->6244166K(12268352K), 0.0191050 secs] [Times: user=0.18 sys=0.00, real=0.01 secs] 
2011-02-26T19:54:31.306+0000: 50120.605: [GC 50120.605: [ParNew: 2531046K->71559K(2831168K), 0.0591920 secs] 8760774K->6305689K(12268352K), 0.0594320 secs] [Times: user=0.76 sys=0.00, real=0.06 secs] 
2011-02-26T19:54:36.580+0000: 50125.879: [GC 50125.879: [ParNew: 2588167K->154528K(2831168K), 0.0949270 secs] 8822297K->6433194K(12268352K), 0.0952180 secs] [Times: user=1.04 sys=0.01, real=0.09 secs] 
2011-02-26T19:54:50.062+0000: 50139.362: [GC 50139.362: [ParNew: 2671136K->96949K(2831168K), 0.1165990 secs] 8949802K->6443595K(12268352K), 0.1168910 secs] [Times: user=1.31 sys=0.00, real=0.12 secs] 
2011-02-26T19:55:05.159+0000: 50154.458: [GC 50154.458: [ParNew: 2613557K->95016K(2831168K), 0.1045470 secs] 8960203K->6508025K(12268352K), 0.1048560 secs] [Times: user=1.07 sys=0.00, real=0.10 secs] 
2011-02-26T19:55:07.003+0000: 50156.302: [GC 50156.303: [ParNew: 2611604K->65322K(2831168K), 0.0686900 secs] 9024613K->6539306K(12268352K), 0.0689840 secs] [Times: user=0.66 sys=0.00, real=0.07 secs] 
2011-02-26T19:55:10.850+0000: 50160.149: [GC 50160.149: [ParNew: 2581930K->18171K(2831168K), 0.0238360 secs] 9055914K->6497161K(12268352K), 0.0241120 secs] [Times: user=0.27 sys=0.00, real=0.02 secs] 
2011-02-26T19:55:31.862+0000: 50181.161: [GC 50181.161: [ParNew: 2534779K->117501K(2831168K), 0.0711360 secs] 9013769K->6608175K(12268352K), 0.0714260 secs] [Times: user=0.80 sys=0.00, real=0.07 secs] 
2011-02-26T19:55:42.175+0000: 50191.474: [GC 50191.475: [ParNew: 2634112K->118113K(2831168K), 0.1329110 secs] 9124786K->6687795K(12268352K), 0.1331950 secs] [Times: user=1.41 sys=0.00, real=0.14 secs] 
2011-02-26T19:55:42.310+0000: 50191.609: [GC 50191.609: [ParNew: 118845K->49640K(2831168K), 0.0985130 secs] 6688528K->6707778K(12268352K), 0.0987360 secs] [Times: user=0.92 sys=0.00, real=0.10 secs] 
2011-02-26T19:56:00.355+0000: 50209.654: [GC 50209.654: [ParNew: 2566248K->75717K(2831168K), 0.0448830 secs] 9224386K->6733855K(12268352K), 0.0451140 secs] [Times: user=0.61 sys=0.00, real=0.05 secs] 
2011-02-26T19:56:05.075+0000: 50214.374: [GC 50214.374: [ParNew: 2592325K->197348K(2831168K), 0.0871000 secs] 9250463K->6900377K(12268352K), 0.0873420 secs] [Times: user=1.05 sys=0.00, real=0.09 secs] 
2011-02-26T19:56:07.931+0000: 50217.230: [GC 50217.230: [ParNew: 2713956K->39915K(2831168K), 0.0584770 secs] 9416985K->6770207K(12268352K), 0.0587760 secs] [Times: user=0.60 sys=0.00, real=0.06 secs] 
2011-02-26T19:56:10.914+0000: 50220.213: [GC 50220.213: [ParNew: 2556523K->27629K(2831168K), 0.0398870 secs] 9286815K->6773641K(12268352K), 0.0401840 secs] [Times: user=0.44 sys=0.00, real=0.04 secs] 
2011-02-26T19:56:29.402+0000: 50238.701: [GC 50238.701: [ParNew: 2544237K->100747K(2831168K), 0.0709280 secs] 9290249K->6860556K(12268352K), 0.0712440 secs] [Times: user=0.81 sys=0.01, real=0.07 secs] 
2011-02-26T19:56:38.071+0000: 50247.370: [GC 50247.370: [ParNew: 2617355K->167794K(2831168K), 0.1871690 secs] 9377164K->7015509K(12268352K), 0.1875040 secs] [Times: user=1.73 sys=0.02, real=0.19 secs] 
2011-02-26T19:56:56.938+0000: 50266.237: [GC 50266.237: [ParNew: 2684402K->162078K(2831168K), 0.2146090 secs] 9532117K->7150442K(12268352K), 0.2148830 secs] [Times: user=2.18 sys=0.00, real=0.21 secs] 
2011-02-26T19:57:06.184+0000: 50275.483: [GC 50275.484: [ParNew: 2678660K->120566K(2831168K), 0.1371360 secs] 9667024K->7228135K(12268352K), 0.1374360 secs] [Times: user=1.43 sys=0.01, real=0.14 secs] 
2011-02-26T19:57:06.324+0000: 50275.623: [GC [1 CMS-initial-mark: 7107568K(9437184K)] 7234975K(12268352K), 0.0479150 secs] [Times: user=0.05 sys=0.01, real=0.05 secs] 
2011-02-26T19:57:06.372+0000: 50275.671: [CMS-concurrent-mark-start]
2011-02-26T19:57:07.107+0000: 50276.406: [CMS-concurrent-mark: 0.734/0.735 secs] [Times: user=4.14 sys=0.72, real=0.74 secs] 
2011-02-26T19:57:07.108+0000: 50276.406: [CMS-concurrent-preclean-start]
2011-02-26T19:57:07.148+0000: 50276.447: [CMS-concurrent-preclean: 0.040/0.040 secs] [Times: user=0.11 sys=0.06, real=0.04 secs] 
2011-02-26T19:57:07.148+0000: 50276.447: [CMS-concurrent-abortable-preclean-start]
2011-02-26T19:57:08.856+0000: 50278.155: [GC 50278.156: [ParNew: 2637174K->38974K(2831168K), 0.0522490 secs] 9744743K->7178676K(12268352K), 0.0524890 secs] [Times: user=0.53 sys=0.00, real=0.05 secs] 
2011-02-26T19:57:11.174+0000: 50280.473: [CMS-concurrent-abortable-preclean: 3.840/4.026 secs] [Times: user=10.16 sys=2.25, real=4.02 secs] 
2011-02-26T19:57:11.175+0000: 50280.474: [GC[YG occupancy: 1299283 K (2831168 K)]50280.475: [Rescan (parallel) , 0.0584120 secs]50280.533: [weak refs processing, 0.0297760 secs] [1 CMS-remark: 7139702K(9437184K)] 8438985K(12268352K), 0.0884400 secs] [Times: user=0.81 sys=0.00, real=0.09 secs] 
2011-02-26T19:57:11.264+0000: 50280.563: [CMS-concurrent-sweep-start]
2011-02-26T19:57:23.844+0000: 50293.143: [GC 50293.143: [ParNew: 2555582K->70594K(2831168K), 0.0351170 secs] 8241642K->5759988K(12268352K), 0.0354140 secs] [Times: user=0.42 sys=0.00, real=0.04 secs] 
2011-02-26T19:57:33.955+0000: 50303.254: [GC 50303.254: [ParNew: 2587202K->91311K(2831168K), 0.0896240 secs] 7479421K->5012066K(12268352K), 0.0898570 secs] [Times: user=1.01 sys=0.01, real=0.09 secs] 
2011-02-26T19:57:48.077+0000: 50317.376: [GC 50317.376: [ParNew: 2607919K->144960K(2831168K), 0.1177990 secs] 6378984K->3988256K(12268352K), 0.1197150 secs] [Times: user=1.21 sys=0.01, real=0.12 secs] 
2011-02-26T19:57:53.697+0000: 50322.996: [GC 50322.996: [ParNew: 2661568K->131102K(2831168K), 0.0790280 secs] 6040401K->3556201K(12268352K), 0.0792640 secs] [Times: user=0.88 sys=0.01, real=0.07 secs] 
2011-02-26T19:57:58.236+0000: 50327.535: [GC 50327.535: [ParNew: 2647710K->43986K(2831168K), 0.0792620 secs] 5686679K->3194071K(12268352K), 0.0794920 secs] [Times: user=0.89 sys=0.00, real=0.08 secs] 
2011-02-26T19:58:05.526+0000: 50334.825: [GC 50334.825: [ParNew: 2560594K->38964K(2831168K), 0.0597990 secs] 5019513K->2520051K(12268352K), 0.0600850 secs] [Times: user=0.53 sys=0.00, real=0.06 secs] 
2011-02-26T19:58:08.016+0000: 50337.315: [GC 50337.316: [ParNew: 2555572K->26028K(2831168K), 0.0407760 secs] 4866882K->2362056K(12268352K), 0.0410850 secs] [Times: user=0.42 sys=0.01, real=0.05 secs] 
2011-02-26T19:58:20.268+0000: 50349.567: [GC 50349.567: [ParNew: 2542636K->50560K(2831168K), 0.0451320 secs] 3866917K->1380879K(12268352K), 0.0453720 secs] [Times: user=0.54 sys=0.00, real=0.04 secs] 
2011-02-26T19:58:21.177+0000: 50350.476: [CMS-concurrent-sweep: 69.223/69.913 secs] [Times: user=142.55 sys=25.16, real=69.92 secs] 
2011-02-26T19:58:21.177+0000: 50350.476: [CMS-concurrent-reset-start]
2011-02-26T19:58:21.199+0000: 50350.498: [CMS-concurrent-reset: 0.022/0.022 secs] [Times: user=0.04 sys=0.00, real=0.02 secs] 
2011-02-26T19:58:35.240+0000: 50364.539: [GC 50364.540: [ParNew: 2567168K->112258K(2831168K), 0.1055420 secs] 3840825K->1428258K(12268352K), 0.1057730 secs] [Times: user=1.13 sys=0.00, real=0.10 secs] 
2011-02-26T19:58:49.331+0000: 50378.630: [GC 50378.630: [ParNew: 2628866K->99053K(2831168K), 0.1450420 secs] 3944866K->1508091K(12268352K), 0.1452790 secs] [Times: user=1.44 sys=0.00, real=0.14 secs] 
2011-02-26T19:59:05.077+0000: 50394.376: [GC 50394.376: [ParNew: 2615661K->88419K(2831168K), 0.1450430 secs] 4024699K->1581471K(12268352K), 0.1453500 secs] [Times: user=1.22 sys=0.00, real=0.15 secs] 
2011-02-26T19:59:07.571+0000: 50396.871: [GC 50396.871: [ParNew: 2605027K->35338K(2831168K), 0.0483490 secs] 4098079K->1564698K(12268352K), 0.0487230 secs] [Times: user=0.49 sys=0.00, real=0.05 secs] 
2011-02-26T19:59:12.219+0000: 50401.518: [GC 50401.519: [ParNew: 2551999K->14013K(2831168K), 0.0327950 secs] 4081359K->1546447K(12268352K), 0.0331130 secs] [Times: user=0.36 sys=0.00, real=0.03 secs] 
2011-02-26T19:59:12.254+0000: 50401.553: [GC 50401.553: [ParNew: 16191K->7859K(2831168K), 0.0211070 secs] 1548625K->1550696K(12268352K), 0.0213490 secs] [Times: user=0.25 sys=0.00, real=0.02 secs] 
2011-02-26T19:59:22.776+0000: 50412.075: [GC 50412.075: [ParNew: 2524467K->190226K(2831168K), 0.0521730 secs] 4067304K->1733067K(12268352K), 0.0524770 secs] [Times: user=0.68 sys=0.00, real=0.06 secs] 
2011-02-26T19:59:27.855+0000: 50417.154: [GC 50417.154: [ParNew: 2706834K->117159K(2831168K), 0.0729700 secs] 4249675K->1700583K(12268352K), 0.0731990 secs] [Times: user=0.76 sys=0.01, real=0.08 secs] 
2011-02-26T19:59:33.532+0000: 50422.831: [GC 50422.831: [ParNew: 2633767K->121773K(2831168K), 0.1036210 secs] 4217191K->1732418K(12268352K), 0.1039270 secs] [Times: user=1.05 sys=0.00, real=0.10 secs] 
2011-02-26T19:59:50.424+0000: 50439.723: [GC 50439.723: [ParNew: 2638381K->169624K(2831168K), 0.2257350 secs] 4249026K->1880960K(12268352K), 0.2260280 secs] [Times: user=1.77 sys=0.02, real=0.23 secs] 
2011-02-26T20:00:05.254+0000: 50454.553: [GC 50454.553: [ParNew: 2686214K->120306K(2831168K), 0.1617700 secs] 4397550K->1952561K(12268352K), 0.1620130 secs] [Times: user=1.69 sys=0.02, real=0.16 secs] 
2011-02-26T20:00:08.001+0000: 50457.300: [GC 50457.300: [ParNew: 2636914K->92468K(2831168K), 0.0984880 secs] 4469169K->2009524K(12268352K), 0.0987250 secs] [Times: user=0.94 sys=0.00, real=0.10 secs] 
2011-02-26T20:00:17.761+0000: 50467.060: [GC 50467.060: [ParNew: 2609076K->58341K(2831168K), 0.0634930 secs] 4526132K->1985167K(12268352K), 0.0637300 secs] [Times: user=0.66 sys=0.01, real=0.06 secs] 
2011-02-26T20:00:33.435+0000: 50482.734: [GC 50482.735: [ParNew: 2574949K->87028K(2831168K), 0.1340340 secs] 4501775K->2057908K(12268352K), 0.1342710 secs] [Times: user=1.07 sys=0.00, real=0.14 secs] 
2011-02-26T20:00:48.090+0000: 50497.389: [GC 50497.389: [ParNew: 2603636K->96633K(2831168K), 0.1347350 secs] 4574516K->2136037K(12268352K), 0.1350100 secs] [Times: user=1.37 sys=0.01, real=0.13 secs] 
2011-02-26T20:01:01.628+0000: 50510.927: [GC 50510.927: [ParNew: 2613241K->146106K(2831168K), 0.0987330 secs] 4652645K->2244701K(12268352K), 0.0990330 secs] [Times: user=1.06 sys=0.01, real=0.10 secs] 
2011-02-26T20:01:06.157+0000: 50515.456: [GC 50515.456: [ParNew: 2662714K->64551K(2831168K), 0.0648710 secs] 4761309K->2209888K(12268352K), 0.0651730 secs] [Times: user=0.74 sys=0.01, real=0.07 secs] 
2011-02-26T20:01:08.529+0000: 50517.828: [GC 50517.829: [ParNew: 2581159K->24858K(2831168K), 0.0408250 secs] 4726496K->2186460K(12268352K), 0.0411460 secs] [Times: user=0.39 sys=0.01, real=0.04 secs] 
2011-02-26T20:01:23.035+0000: 50532.335: [GC 50532.335: [ParNew: 2541466K->69181K(2831168K), 0.0443710 secs] 4703068K->2237514K(12268352K), 0.0446730 secs] [Times: user=0.52 sys=0.00, real=0.05 secs] 
2011-02-26T20:01:34.163+0000: 50543.462: [GC 50543.462: [ParNew: 2585789K->121268K(2831168K), 0.1528430 secs] 4754122K->2337494K(12268352K), 0.1530990 secs] [Times: user=1.36 sys=0.00, real=0.15 secs] 
2011-02-26T20:01:52.009+0000: 50561.308: [GC 50561.308: [ParNew: 2637876K->113510K(2831168K), 0.1735570 secs] 4854102K->2432391K(12268352K), 0.1737910 secs] [Times: user=1.58 sys=0.01, real=0.17 secs] 
2011-02-26T20:02:05.387+0000: 50574.686: [GC 50574.686: [ParNew: 2630118K->93101K(2831168K), 0.1174000 secs] 4948999K->2496940K(12268352K), 0.1177030 secs] [Times: user=1.23 sys=0.00, real=0.11 secs] 
2011-02-26T20:02:07.533+0000: 50576.832: [GC 50576.833: [ParNew: 2609709K->39586K(2831168K), 0.0550430 secs] 5013548K->2485147K(12268352K), 0.0553390 secs] [Times: user=0.53 sys=0.01, real=0.06 secs] 
2011-02-26T20:02:11.408+0000: 50580.707: [GC 50580.707: [ParNew: 2556194K->89958K(2831168K), 0.0376350 secs] 5001755K->2540629K(12268352K), 0.0379320 secs] [Times: user=0.39 sys=0.00, real=0.03 secs] 
2011-02-26T20:02:30.393+0000: 50599.692: [GC 50599.692: [ParNew: 2606566K->57688K(2831168K), 0.0480760 secs] 5057237K->2515796K(12268352K), 0.0497050 secs] [Times: user=0.52 sys=0.00, real=0.05 secs] 
2011-02-26T20:02:34.279+0000: 50603.578: [GC 50603.578: [ParNew: 2574296K->250107K(2831168K), 0.1074440 secs] 5032404K->2749215K(12268352K), 0.1077410 secs] [Times: user=1.12 sys=0.00, real=0.10 secs] 
2011-02-26T20:02:38.986+0000: 50608.285: [GC 50608.285: [ParNew: 2766715K->153167K(2831168K), 0.1411240 secs] 5265823K->2742631K(12268352K), 0.1413610 secs] [Times: user=1.44 sys=0.00, real=0.15 secs] 
2011-02-26T20:02:46.001+0000: 50615.300: [GC 50615.300: [ParNew: 2669775K->56650K(2831168K), 0.0839440 secs] 5259239K->2694586K(12268352K), 0.0841760 secs] [Times: user=0.90 sys=0.02, real=0.08 secs] 
2011-02-26T20:03:04.568+0000: 50633.867: [GC 50633.867: [ParNew: 2573258K->135165K(2831168K), 0.1049120 secs] 5211194K->2810335K(12268352K), 0.1051580 secs] [Times: user=1.23 sys=0.00, real=0.10 secs] 
2011-02-26T20:03:07.007+0000: 50636.306: [GC 50636.306: [ParNew: 2651773K->95708K(2831168K), 0.1236950 secs] 5326943K->2883129K(12268352K), 0.1239370 secs] [Times: user=1.25 sys=0.00, real=0.13 secs] 
2011-02-26T20:03:12.056+0000: 50641.355: [GC 50641.355: [ParNew: 2612316K->41835K(2831168K), 0.0498290 secs] 5399737K->2838470K(12268352K), 0.0501130 secs] [Times: user=0.54 sys=0.00, real=0.05 secs] 
2011-02-26T20:03:31.576+0000: 50660.875: [GC 50660.875: [ParNew: 2558443K->111649K(2831168K), 0.0952220 secs] 5355078K->2932723K(12268352K), 0.0954630 secs] [Times: user=1.12 sys=0.00, real=0.10 secs] 
2011-02-26T20:03:41.329+0000: 50670.628: [GC 50670.628: [ParNew: 2628257K->97591K(2831168K), 0.1490440 secs] 5449331K->3016503K(12268352K), 0.1492860 secs] [Times: user=1.62 sys=0.00, real=0.15 secs] 
2011-02-26T20:04:00.329+0000: 50689.628: [GC 50689.629: [ParNew: 2614228K->76510K(2831168K), 0.1123500 secs] 5533140K->3069140K(12268352K), 0.1125810 secs] [Times: user=1.20 sys=0.01, real=0.11 secs] 
2011-02-26T20:04:00.443+0000: 50689.742: [GC 50689.742: [ParNew: 77813K->33247K(2831168K), 0.0532350 secs] 3070443K->3072408K(12268352K), 0.0534150 secs] [Times: user=0.53 sys=0.00, real=0.05 secs] 
2011-02-26T20:04:06.271+0000: 50695.570: [GC 50695.570: [ParNew: 2549855K->49394K(2831168K), 0.0216690 secs] 5589016K->3088556K(12268352K), 0.0219320 secs] [Times: user=0.26 sys=0.01, real=0.02 secs] 
2011-02-26T20:04:10.567+0000: 50699.866: [GC 50699.867: [ParNew: 2566002K->14476K(2831168K), 0.0300240 secs] 5605164K->3067529K(12268352K), 0.0303200 secs] [Times: user=0.34 sys=0.00, real=0.04 secs] 
2011-02-26T20:04:20.699+0000: 50709.998: [GC 50709.998: [ParNew: 2531084K->108412K(2831168K), 0.0463290 secs] 5584137K->3168050K(12268352K), 0.0465620 secs] [Times: user=0.51 sys=0.00, real=0.04 secs] 
2011-02-26T20:04:32.883+0000: 50722.182: [GC 50722.182: [ParNew: 2625020K->117481K(2831168K), 0.0875950 secs] 5684658K->3204720K(12268352K), 0.0878310 secs] [Times: user=1.04 sys=0.00, real=0.09 secs] 
Heap
 par new generation   total 2831168K, used 2384921K [0x00007f32c0fc0000, 0x00007f3380fc0000, 0x00007f3380fc0000)
  eden space 2516608K,  90% used [0x00007f32c0fc0000, 0x00007f334b60c350, 0x00007f335a960000)
  from space 314560K,  37% used [0x00007f335a960000, 0x00007f3361c1a490, 0x00007f336dc90000)
  to   space 314560K,   0% used [0x00007f336dc90000, 0x00007f336dc90000, 0x00007f3380fc0000)
 concurrent mark-sweep generation total 9437184K, used 3087239K [0x00007f3380fc0000, 0x00007f35c0fc0000, 0x00007f35c0fc0000)
 concurrent-mark-sweep perm gen total 41104K, used 24528K [0x00007f35c0fc0000, 0x00007f35c37e4000, 0x00007f35c63c0000)
