2011-03-01T01:01:46.146+0000: 7.537: [GC 7.537: [ParNew: 327680K->40960K(368640K), 0.1174230 secs] 327680K->98081K(12541952K), 0.1175950 secs] [Times: user=0.42 sys=0.08, real=0.12 secs] 
2011-03-01T01:01:46.360+0000: 7.751: [GC 7.751: [ParNew: 368640K->24244K(368640K), 0.0195610 secs] 425761K->122457K(12541952K), 0.0197240 secs] [Times: user=0.13 sys=0.00, real=0.02 secs] 
2011-03-01T01:01:46.831+0000: 8.222: [GC 8.222: [ParNew: 308501K->40958K(368640K), 0.0192200 secs] 406714K->150236K(12541952K), 0.0193980 secs] [Times: user=0.13 sys=0.02, real=0.02 secs] 
2011-03-01T01:01:47.287+0000: 8.678: [GC 8.678: [ParNew: 354510K->20946K(368640K), 0.0502580 secs] 463788K->359680K(12541952K), 0.0504250 secs] [Times: user=0.30 sys=0.06, real=0.05 secs] 
2011-03-01T01:01:47.805+0000: 9.196: [GC 9.196: [ParNew: 348626K->38201K(368640K), 0.0440390 secs] 687360K->581735K(12541952K), 0.0442000 secs] [Times: user=0.20 sys=0.05, real=0.04 secs] 
2011-03-01T01:01:48.128+0000: 9.519: [GC 9.519: [ParNew: 334457K->30210K(368640K), 0.0341910 secs] 877991K->676550K(12541952K), 0.0343570 secs] [Times: user=0.16 sys=0.01, real=0.04 secs] 
2011-03-01T01:01:48.459+0000: 9.850: [GC 9.850: [ParNew: 357890K->14090K(368640K), 0.0089290 secs] 1004230K->676875K(12541952K), 0.0091380 secs] [Times: user=0.08 sys=0.00, real=0.01 secs] 
2011-03-01T01:01:48.618+0000: 10.009: [Full GC 10.009: [CMS: 662784K->422256K(12173312K), 0.3417140 secs] 838211K->422256K(12541952K), [CMS Perm : 21245K->21219K(21248K)], 0.3420020 secs] [Times: user=0.64 sys=0.04, real=0.34 secs] 
2011-03-01T01:01:49.447+0000: 10.838: [GC 10.838: [ParNew: 327680K->9549K(368640K), 0.0088360 secs] 749936K->431806K(12541952K), 0.0091690 secs] [Times: user=0.08 sys=0.01, real=0.01 secs] 
2011-03-01T01:01:50.257+0000: 11.648: [GC 11.648: [ParNew: 337229K->22187K(368640K), 0.0129650 secs] 759486K->444444K(12541952K), 0.0132850 secs] [Times: user=0.08 sys=0.00, real=0.01 secs] 
2011-03-01T01:01:51.111+0000: 12.502: [GC 12.502: [ParNew: 349867K->31747K(368640K), 0.0208470 secs] 772124K->454004K(12541952K), 0.0211530 secs] [Times: user=0.12 sys=0.00, real=0.02 secs] 
2011-03-01T01:01:51.965+0000: 13.356: [GC 13.356: [ParNew: 359427K->40960K(368640K), 0.0339970 secs] 781684K->473251K(12541952K), 0.0343170 secs] [Times: user=0.20 sys=0.00, real=0.03 secs] 
2011-03-01T01:01:52.924+0000: 14.315: [GC 14.316: [ParNew: 368640K->39059K(368640K), 0.0306870 secs] 800931K->489326K(12541952K), 0.0310010 secs] [Times: user=0.17 sys=0.01, real=0.03 secs] 
2011-03-01T01:01:53.945+0000: 15.336: [GC 15.337: [ParNew: 366739K->14658K(368640K), 0.0221600 secs] 817006K->478849K(12541952K), 0.0224750 secs] [Times: user=0.16 sys=0.00, real=0.02 secs] 
2011-03-01T01:01:54.456+0000: 15.847: [GC 15.848: [ParNew: 342338K->23107K(368640K), 0.0121460 secs] 806529K->487299K(12541952K), 0.0124720 secs] [Times: user=0.08 sys=0.00, real=0.01 secs] 
2011-03-01T01:01:54.807+0000: 16.199: [GC 16.199: [ParNew: 350787K->31737K(368640K), 0.0142830 secs] 814979K->495928K(12541952K), 0.0146030 secs] [Times: user=0.08 sys=0.00, real=0.01 secs] 
2011-03-01T01:01:55.433+0000: 16.824: [GC 16.824: [ParNew: 359417K->21555K(368640K), 0.0238460 secs] 823608K->491912K(12541952K), 0.0241650 secs] [Times: user=0.11 sys=0.01, real=0.02 secs] 
2011-03-01T01:01:56.244+0000: 17.635: [GC 17.635: [ParNew: 349235K->13571K(368640K), 0.0203710 secs] 819592K->489262K(12541952K), 0.0206960 secs] [Times: user=0.10 sys=0.00, real=0.02 secs] 
2011-03-01T01:01:57.120+0000: 18.512: [GC 18.512: [ParNew: 341251K->21132K(368640K), 0.0158850 secs] 816942K->497185K(12541952K), 0.0162020 secs] [Times: user=0.13 sys=0.00, real=0.02 secs] 
2011-03-01T01:01:57.947+0000: 19.338: [GC 19.338: [ParNew: 348812K->40960K(368640K), 0.0230860 secs] 824865K->526900K(12541952K), 0.0234100 secs] [Times: user=0.16 sys=0.00, real=0.02 secs] 
2011-03-01T01:01:58.720+0000: 20.111: [GC 20.111: [ParNew: 368640K->18596K(368640K), 0.0245710 secs] 854580K->522201K(12541952K), 0.0248990 secs] [Times: user=0.18 sys=0.00, real=0.03 secs] 
2011-03-01T01:01:59.224+0000: 20.615: [GC 20.615: [ParNew: 346276K->36710K(368640K), 0.0304510 secs] 849881K->614043K(12541952K), 0.0308030 secs] [Times: user=0.18 sys=0.01, real=0.03 secs] 
2011-03-01T01:01:59.700+0000: 21.091: [GC 21.091: [ParNew: 364390K->28305K(368640K), 0.0174310 secs] 941723K->621568K(12541952K), 0.0177560 secs] [Times: user=0.14 sys=0.00, real=0.02 secs] 
2011-03-01T01:02:00.095+0000: 21.487: [GC 21.487: [ParNew: 355932K->23711K(368640K), 0.0091150 secs] 949195K->616974K(12541952K), 0.0094320 secs] [Times: user=0.08 sys=0.00, real=0.01 secs] 
2011-03-01T01:02:00.417+0000: 21.808: [GC 21.808: [ParNew: 351391K->34990K(368640K), 0.0134500 secs] 944654K->628253K(12541952K), 0.0137740 secs] [Times: user=0.08 sys=0.00, real=0.01 secs] 
2011-03-01T01:02:00.756+0000: 22.147: [GC 22.147: [ParNew: 362660K->35219K(368640K), 0.0193490 secs] 955923K->633312K(12541952K), 0.0196730 secs] [Times: user=0.13 sys=0.01, real=0.02 secs] 
2011-03-01T01:02:01.111+0000: 22.503: [GC 22.503: [ParNew: 362899K->36145K(368640K), 0.0218990 secs] 960992K->650605K(12541952K), 0.0222230 secs] [Times: user=0.16 sys=0.00, real=0.03 secs] 
2011-03-01T01:02:01.463+0000: 22.854: [GC 22.854: [ParNew: 363825K->23697K(368640K), 0.0091450 secs] 978285K->638157K(12541952K), 0.0094530 secs] [Times: user=0.02 sys=0.01, real=0.01 secs] 
2011-03-01T01:02:01.831+0000: 23.222: [GC 23.222: [ParNew: 351377K->32896K(368640K), 0.0117440 secs] 965837K->647357K(12541952K), 0.0120520 secs] [Times: user=0.10 sys=0.00, real=0.02 secs] 
2011-03-01T01:02:02.158+0000: 23.549: [GC 23.549: [ParNew: 360576K->28800K(368640K), 0.0143970 secs] 975037K->646247K(12541952K), 0.0146990 secs] [Times: user=0.08 sys=0.00, real=0.02 secs] 
2011-03-01T01:02:02.416+0000: 23.807: [GC 23.808: [ParNew: 356480K->37722K(368640K), 0.0128950 secs] 973927K->655169K(12541952K), 0.0131940 secs] [Times: user=0.08 sys=0.00, real=0.01 secs] 
2011-03-01T01:02:02.714+0000: 24.105: [GC 24.105: [ParNew: 365402K->33915K(368640K), 0.0176080 secs] 982849K->656085K(12541952K), 0.0179170 secs] [Times: user=0.10 sys=0.00, real=0.01 secs] 
2011-03-01T01:02:03.059+0000: 24.450: [GC 24.450: [ParNew: 361595K->36896K(368640K), 0.0124750 secs] 983765K->659616K(12541952K), 0.0127710 secs] [Times: user=0.08 sys=0.00, real=0.01 secs] 
2011-03-01T01:02:03.348+0000: 24.740: [GC 24.740: [ParNew: 364560K->23209K(368640K), 0.0140310 secs] 987280K->650306K(12541952K), 0.0143040 secs] [Times: user=0.08 sys=0.00, real=0.02 secs] 
2011-03-01T01:02:03.917+0000: 25.308: [GC 25.308: [ParNew: 350889K->18704K(368640K), 0.0099970 secs] 977986K->645801K(12541952K), 0.0103060 secs] [Times: user=0.08 sys=0.00, real=0.01 secs] 
2011-03-01T01:02:04.486+0000: 25.877: [GC 25.877: [ParNew: 346351K->14656K(368640K), 0.0117190 secs] 973448K->641753K(12541952K), 0.0119720 secs] [Times: user=0.08 sys=0.00, real=0.01 secs] 
2011-03-01T01:02:05.007+0000: 26.399: [GC 26.399: [ParNew: 342331K->31542K(368640K), 0.0142460 secs] 969428K->659240K(12541952K), 0.0145680 secs] [Times: user=0.08 sys=0.00, real=0.01 secs] 
2011-03-01T01:02:05.336+0000: 26.728: [GC 26.728: [ParNew: 359222K->22824K(368640K), 0.0198740 secs] 986920K->658688K(12541952K), 0.0201970 secs] [Times: user=0.13 sys=0.00, real=0.02 secs] 
2011-03-01T01:02:05.988+0000: 27.379: [GC 27.380: [ParNew: 350504K->23214K(368640K), 0.0106430 secs] 986368K->659079K(12541952K), 0.0109410 secs] [Times: user=0.08 sys=0.00, real=0.01 secs] 
2011-03-01T01:02:06.556+0000: 27.947: [GC 27.947: [ParNew: 350894K->39715K(368640K), 0.0135680 secs] 986759K->675579K(12541952K), 0.0138870 secs] [Times: user=0.08 sys=0.00, real=0.01 secs] 
2011-03-01T01:02:06.847+0000: 28.239: [GC 28.239: [ParNew: 367395K->10488K(368640K), 0.0194870 secs] 1003259K->663688K(12541952K), 0.0198310 secs] [Times: user=0.12 sys=0.01, real=0.02 secs] 
2011-03-01T01:02:07.159+0000: 28.550: [GC 28.550: [ParNew: 338159K->4506K(368640K), 0.0069130 secs] 991359K->657706K(12541952K), 0.0071450 secs] [Times: user=0.08 sys=0.00, real=0.01 secs] 
2011-03-01T01:02:07.734+0000: 29.125: [GC 29.126: [ParNew: 332186K->7401K(368640K), 0.0086420 secs] 985386K->660601K(12541952K), 0.0089550 secs] [Times: user=0.01 sys=0.00, real=0.01 secs] 
2011-03-01T01:02:08.923+0000: 30.314: [GC 30.314: [ParNew: 335081K->14554K(368640K), 0.0148850 secs] 988281K->667754K(12541952K), 0.0151360 secs] [Times: user=0.14 sys=0.00, real=0.01 secs] 
2011-03-01T01:02:10.352+0000: 31.743: [GC 31.743: [ParNew: 342234K->22340K(368640K), 0.0191410 secs] 995434K->675892K(12541952K), 0.0194320 secs] [Times: user=0.16 sys=0.00, real=0.02 secs] 
2011-03-01T01:02:11.422+0000: 32.814: [GC 32.814: [ParNew: 350020K->30642K(368640K), 0.0255510 secs] 1003572K->687236K(12541952K), 0.0258600 secs] [Times: user=0.23 sys=0.00, real=0.02 secs] 
2011-03-01T01:02:12.441+0000: 33.832: [GC 33.832: [ParNew: 358322K->40960K(368640K), 0.0260520 secs] 1014916K->698584K(12541952K), 0.0263700 secs] [Times: user=0.24 sys=0.00, real=0.03 secs] 
2011-03-01T01:02:13.503+0000: 34.894: [GC 34.894: [ParNew: 368640K->22782K(368640K), 0.0440000 secs] 1026264K->709701K(12541952K), 0.0443280 secs] [Times: user=0.29 sys=0.02, real=0.04 secs] 
2011-03-01T01:02:14.579+0000: 35.970: [GC 35.971: [ParNew: 350462K->13682K(368640K), 0.0142620 secs] 1037381K->700601K(12541952K), 0.0281360 secs] [Times: user=0.12 sys=0.01, real=0.03 secs] 
2011-03-01T01:02:15.669+0000: 37.060: [GC 37.060: [ParNew: 341362K->19951K(368640K), 0.0177170 secs] 1028281K->706871K(12541952K), 0.0179590 secs] [Times: user=0.16 sys=0.00, real=0.02 secs] 
2011-03-01T01:02:16.873+0000: 38.264: [GC 38.264: [ParNew: 347631K->28258K(368640K), 0.0199380 secs] 1034551K->715177K(12541952K), 0.0201830 secs] [Times: user=0.12 sys=0.02, real=0.02 secs] 
2011-03-01T01:02:17.957+0000: 39.348: [GC 39.348: [ParNew: 355973K->36479K(368640K), 0.0281200 secs] 1042893K->727197K(12541952K), 0.0284270 secs] [Times: user=0.18 sys=0.00, real=0.03 secs] 
2011-03-01T01:02:17.986+0000: 39.377: [GC 39.378: [ParNew: 36671K->23781K(368640K), 0.0261750 secs] 727388K->720177K(12541952K), 0.0264670 secs] [Times: user=0.17 sys=0.00, real=0.03 secs] 
2011-03-01T01:02:18.947+0000: 40.338: [GC 40.339: [ParNew: 351461K->35120K(368640K), 0.0301000 secs] 1047857K->736558K(12541952K), 0.0304200 secs] [Times: user=0.24 sys=0.00, real=0.03 secs] 
2011-03-01T01:02:20.043+0000: 41.434: [GC 41.434: [ParNew: 362816K->20612K(368640K), 0.0397230 secs] 1064254K->747624K(12541952K), 0.0400780 secs] [Times: user=0.26 sys=0.01, real=0.04 secs] 
2011-03-01T01:02:20.086+0000: 41.477: [GC 41.477: [ParNew: 25767K->9510K(368640K), 0.0106800 secs] 752780K->736523K(12541952K), 0.0109900 secs] [Times: user=0.08 sys=0.00, real=0.01 secs] 
2011-03-01T01:02:22.162+0000: 43.553: [GC 43.553: [ParNew: 337190K->40960K(368640K), 0.0259980 secs] 1064203K->769710K(12541952K), 0.0263200 secs] [Times: user=0.23 sys=0.01, real=0.03 secs] 
2011-03-01T01:02:24.760+0000: 46.151: [GC 46.151: [ParNew: 368640K->32609K(368640K), 0.0518790 secs] 1097390K->785372K(12541952K), 0.0522010 secs] [Times: user=0.40 sys=0.00, real=0.06 secs] 
2011-03-01T01:02:27.471+0000: 48.862: [GC 48.862: [ParNew: 360289K->36190K(368640K), 0.0584250 secs] 1113052K->810476K(12541952K), 0.0587400 secs] [Times: user=0.43 sys=0.01, real=0.06 secs] 
2011-03-01T01:02:30.253+0000: 51.644: [GC 51.644: [ParNew: 363870K->40960K(368640K), 0.0651370 secs] 1138156K->842580K(12541952K), 0.0654460 secs] [Times: user=0.44 sys=0.00, real=0.06 secs] 
2011-03-01T01:02:33.083+0000: 54.474: [GC 54.474: [ParNew: 368640K->40960K(368640K), 0.0615440 secs] 1170260K->870448K(12541952K), 0.0618550 secs] [Times: user=0.42 sys=0.02, real=0.06 secs] 
2011-03-01T01:02:35.087+0000: 56.478: [GC 56.478: [ParNew: 368640K->37272K(368640K), 0.0585620 secs] 1198128K->894134K(12541952K), 0.0588740 secs] [Times: user=0.35 sys=0.03, real=0.06 secs] 
2011-03-01T01:02:35.938+0000: 57.329: [GC 57.329: [ParNew: 364952K->40960K(368640K), 0.0565880 secs] 1221814K->928732K(12541952K), 0.0569340 secs] [Times: user=0.40 sys=0.00, real=0.06 secs] 
2011-03-01T01:02:36.673+0000: 58.065: [GC 58.065: [ParNew: 368640K->40960K(368640K), 0.0618990 secs] 1256412K->961114K(12541952K), 0.0622250 secs] [Times: user=0.43 sys=0.00, real=0.06 secs] 
2011-03-01T01:02:37.260+0000: 58.651: [GC 58.652: [ParNew: 368640K->40960K(368640K), 0.0585040 secs] 1288794K->990279K(12541952K), 0.0588290 secs] [Times: user=0.38 sys=0.01, real=0.06 secs] 
2011-03-01T01:02:38.292+0000: 59.683: [GC 59.683: [ParNew: 368640K->38811K(368640K), 0.0610570 secs] 1317959K->1017700K(12541952K), 0.0613810 secs] [Times: user=0.42 sys=0.02, real=0.06 secs] 
2011-03-01T01:02:40.258+0000: 61.649: [GC 61.649: [ParNew: 366491K->39723K(368640K), 0.0595890 secs] 1345380K->1048874K(12541952K), 0.0599150 secs] [Times: user=0.39 sys=0.01, real=0.06 secs] 
2011-03-01T01:02:42.948+0000: 64.339: [GC 64.339: [ParNew: 367403K->40960K(368640K), 0.0574810 secs] 1376554K->1079189K(12541952K), 0.0578090 secs] [Times: user=0.39 sys=0.01, real=0.06 secs] 
2011-03-01T01:02:45.519+0000: 66.910: [GC 66.910: [ParNew: 368640K->40960K(368640K), 0.0545560 secs] 1406869K->1105967K(12541952K), 0.0548810 secs] [Times: user=0.40 sys=0.00, real=0.06 secs] 
2011-03-01T01:02:48.570+0000: 69.961: [GC 69.961: [ParNew: 368351K->30659K(368640K), 0.0537220 secs] 1433359K->1122616K(12541952K), 0.0540470 secs] [Times: user=0.36 sys=0.02, real=0.06 secs] 
2011-03-01T01:02:51.292+0000: 72.684: [GC 72.684: [ParNew: 358339K->23705K(368640K), 0.0378410 secs] 1450296K->1137784K(12541952K), 0.0381680 secs] [Times: user=0.25 sys=0.02, real=0.03 secs] 
2011-03-01T01:02:54.382+0000: 75.773: [GC 75.773: [ParNew: 351371K->40960K(368640K), 0.0181390 secs] 1465451K->1157644K(12541952K), 0.0184760 secs] [Times: user=0.15 sys=0.00, real=0.02 secs] 
2011-03-01T01:02:55.339+0000: 76.730: [GC 76.730: [ParNew: 368640K->8620K(368640K), 0.0217780 secs] 1485324K->1143395K(12541952K), 0.0221030 secs] [Times: user=0.15 sys=0.00, real=0.02 secs] 
2011-03-01T01:02:56.271+0000: 77.662: [GC 77.662: [ParNew: 336274K->25529K(368640K), 0.0108800 secs] 1471049K->1160304K(12541952K), 0.0111970 secs] [Times: user=0.08 sys=0.00, real=0.01 secs] 
2011-03-01T01:02:57.253+0000: 78.644: [GC 78.644: [ParNew: 353206K->20981K(368640K), 0.0129340 secs] 1487981K->1162123K(12541952K), 0.0132720 secs] [Times: user=0.07 sys=0.02, real=0.02 secs] 
2011-03-01T01:02:57.766+0000: 79.157: [GC 79.157: [ParNew: 348661K->16202K(368640K), 0.0073220 secs] 1489803K->1157343K(12541952K), 0.0076190 secs] [Times: user=0.03 sys=0.00, real=0.00 secs] 
2011-03-01T01:02:58.324+0000: 79.715: [GC 79.715: [ParNew: 343882K->21213K(368640K), 0.0092120 secs] 1485023K->1162355K(12541952K), 0.0095210 secs] [Times: user=0.05 sys=0.00, real=0.00 secs] 
2011-03-01T01:02:59.046+0000: 80.437: [GC 80.437: [ParNew: 348879K->21289K(368640K), 0.0095070 secs] 1490021K->1162431K(12541952K), 0.0098490 secs] [Times: user=0.08 sys=0.00, real=0.01 secs] 
2011-03-01T01:02:59.694+0000: 81.086: [GC 81.086: [ParNew: 348932K->4367K(368640K), 0.0114020 secs] 1490074K->1148548K(12541952K), 0.0117090 secs] [Times: user=0.07 sys=0.00, real=0.01 secs] 
2011-03-01T01:03:00.354+0000: 81.745: [GC 81.745: [ParNew: 332047K->28350K(368640K), 0.0118580 secs] 1476228K->1172932K(12541952K), 0.0121790 secs] [Times: user=0.10 sys=0.01, real=0.01 secs] 
2011-03-01T01:03:01.071+0000: 82.463: [GC 82.463: [ParNew: 356030K->20347K(368640K), 0.0149590 secs] 1500612K->1172431K(12541952K), 0.0152790 secs] [Times: user=0.13 sys=0.00, real=0.02 secs] 
2011-03-01T01:03:04.489+0000: 85.880: [GC 85.880: [ParNew: 348027K->28299K(368640K), 0.0132840 secs] 1500111K->1180383K(12541952K), 0.0136030 secs] [Times: user=0.08 sys=0.00, real=0.02 secs] 
2011-03-01T01:03:08.177+0000: 89.568: [GC 89.568: [ParNew: 355979K->19224K(368640K), 0.0215760 secs] 1508063K->1174712K(12541952K), 0.0218900 secs] [Times: user=0.15 sys=0.00, real=0.02 secs] 
2011-03-01T01:03:12.119+0000: 93.510: [GC 93.510: [ParNew: 346904K->40960K(368640K), 0.0225550 secs] 1502392K->1201052K(12541952K), 0.0228830 secs] [Times: user=0.16 sys=0.00, real=0.02 secs] 
2011-03-01T01:03:16.167+0000: 97.558: [GC 97.558: [ParNew: 368640K->30315K(368640K), 0.0253080 secs] 1528732K->1208240K(12541952K), 0.0256310 secs] [Times: user=0.15 sys=0.01, real=0.03 secs] 
2011-03-01T01:03:19.293+0000: 100.684: [GC 100.684: [ParNew: 357995K->20487K(368640K), 0.0203080 secs] 1535920K->1208201K(12541952K), 0.0206490 secs] [Times: user=0.12 sys=0.00, real=0.02 secs] 
2011-03-01T01:03:22.739+0000: 104.130: [GC 104.130: [ParNew: 348167K->40960K(368640K), 0.0202390 secs] 1535881K->1235071K(12541952K), 0.0205590 secs] [Times: user=0.15 sys=0.01, real=0.02 secs] 
2011-03-01T01:03:25.335+0000: 106.726: [GC 106.726: [ParNew: 368640K->36545K(368640K), 0.0219020 secs] 1562751K->1237759K(12541952K), 0.0222170 secs] [Times: user=0.15 sys=0.01, real=0.02 secs] 
2011-03-01T01:03:27.969+0000: 109.360: [GC 109.360: [ParNew: 364225K->27292K(368640K), 0.0257280 secs] 1565439K->1243318K(12541952K), 0.0260470 secs] [Times: user=0.17 sys=0.01, real=0.03 secs] 
2011-03-01T01:03:30.501+0000: 111.893: [GC 111.893: [ParNew: 354972K->26070K(368640K), 0.0210860 secs] 1570998K->1250201K(12541952K), 0.0214090 secs] [Times: user=0.15 sys=0.01, real=0.03 secs] 
2011-03-01T01:03:33.099+0000: 114.490: [GC 114.490: [ParNew: 353750K->34591K(368640K), 0.0234450 secs] 1577881K->1268942K(12541952K), 0.0274960 secs] [Times: user=0.15 sys=0.01, real=0.03 secs] 
2011-03-01T01:03:35.435+0000: 116.826: [GC 116.826: [ParNew: 362271K->15318K(368640K), 0.0252610 secs] 1596622K->1259884K(12541952K), 0.0256060 secs] [Times: user=0.16 sys=0.00, real=0.02 secs] 
2011-03-01T01:03:36.308+0000: 117.699: [GC 117.700: [ParNew: 342998K->40960K(368640K), 0.0611780 secs] 1587564K->1301236K(12541952K), 0.0615270 secs] [Times: user=0.39 sys=0.02, real=0.06 secs] 
2011-03-01T01:03:37.010+0000: 118.401: [GC 118.401: [ParNew: 368640K->24465K(368640K), 0.0337190 secs] 1628916K->1301114K(12541952K), 0.0340280 secs] [Times: user=0.22 sys=0.00, real=0.04 secs] 
2011-03-01T01:03:37.798+0000: 119.189: [GC 119.190: [ParNew: 352145K->28760K(368640K), 0.0420430 secs] 1628794K->1322951K(12541952K), 0.0423570 secs] [Times: user=0.31 sys=0.00, real=0.04 secs] 
2011-03-01T01:03:38.442+0000: 119.833: [GC 119.834: [ParNew: 356440K->26272K(368640K), 0.0372460 secs] 1650631K->1339828K(12541952K), 0.0389520 secs] [Times: user=0.27 sys=0.00, real=0.03 secs] 
2011-03-01T01:03:40.108+0000: 121.499: [GC 121.499: [ParNew: 353952K->40960K(368640K), 0.0266980 secs] 1667508K->1362930K(12541952K), 0.0270120 secs] [Times: user=0.22 sys=0.00, real=0.03 secs] 
2011-03-01T01:03:42.730+0000: 124.121: [GC 124.122: [ParNew: 368640K->40445K(368640K), 0.0348730 secs] 1690610K->1377207K(12541952K), 0.0351970 secs] [Times: user=0.26 sys=0.01, real=0.04 secs] 
2011-03-01T01:03:45.375+0000: 126.766: [GC 126.766: [ParNew: 368125K->18956K(368640K), 0.0285950 secs] 1704887K->1368997K(12541952K), 0.0289140 secs] [Times: user=0.16 sys=0.00, real=0.03 secs] 
2011-03-01T01:03:47.923+0000: 129.314: [GC 129.314: [ParNew: 345342K->40960K(368640K), 0.0201170 secs] 1695383K->1391450K(12541952K), 0.0204330 secs] [Times: user=0.15 sys=0.00, real=0.02 secs] 
2011-03-01T01:03:50.581+0000: 131.972: [GC 131.972: [ParNew: 368640K->40960K(368640K), 0.0280870 secs] 1719130K->1403784K(12541952K), 0.0284090 secs] [Times: user=0.23 sys=0.01, real=0.03 secs] 
2011-03-01T01:03:54.115+0000: 135.506: [GC 135.507: [ParNew: 368640K->13712K(368640K), 0.0269400 secs] 1731464K->1391864K(12541952K), 0.0272570 secs] [Times: user=0.16 sys=0.00, real=0.03 secs] 
2011-03-01T01:03:55.137+0000: 136.528: [GC 136.529: [ParNew: 341362K->40960K(368640K), 0.0162470 secs] 1719514K->1420569K(12541952K), 0.0165740 secs] [Times: user=0.12 sys=0.00, real=0.02 secs] 
2011-03-01T01:03:55.846+0000: 137.237: [GC 137.238: [ParNew: 368602K->6886K(368640K), 0.0145760 secs] 1748211K->1395746K(12541952K), 0.0148960 secs] [Times: user=0.08 sys=0.00, real=0.01 secs] 
2011-03-01T01:03:56.403+0000: 137.794: [GC 137.794: [ParNew: 334566K->39415K(368640K), 0.0112750 secs] 1723426K->1428274K(12541952K), 0.0115990 secs] [Times: user=0.07 sys=0.00, real=0.02 secs] 
2011-03-01T01:03:57.043+0000: 138.434: [GC 138.434: [ParNew: 367055K->3244K(368640K), 0.0123580 secs] 1755914K->1402578K(12541952K), 0.0126720 secs] [Times: user=0.09 sys=0.00, real=0.02 secs] 
2011-03-01T01:03:57.684+0000: 139.076: [GC 139.076: [ParNew: 330924K->2543K(368640K), 0.0072110 secs] 1730258K->1401876K(12541952K), 0.0074750 secs] [Times: user=0.00 sys=0.00, real=0.00 secs] 
2011-03-01T01:03:58.362+0000: 139.753: [GC 139.754: [ParNew: 330223K->4194K(368640K), 0.0086620 secs] 1729556K->1403528K(12541952K), 0.0089190 secs] [Times: user=0.06 sys=0.00, real=0.01 secs] 
2011-03-01T01:03:59.149+0000: 140.540: [GC 140.540: [ParNew: 331830K->3922K(368640K), 0.0095430 secs] 1731163K->1403256K(12541952K), 0.0098000 secs] [Times: user=0.08 sys=0.00, real=0.01 secs] 
2011-03-01T01:03:59.810+0000: 141.201: [GC 141.201: [ParNew: 331602K->4197K(368640K), 0.0108300 secs] 1730936K->1404052K(12541952K), 0.0111120 secs] [Times: user=0.08 sys=0.00, real=0.01 secs] 
2011-03-01T01:04:01.053+0000: 142.444: [GC 142.444: [ParNew: 331877K->27748K(368640K), 0.0145280 secs] 1731732K->1428063K(12541952K), 0.0148600 secs] [Times: user=0.12 sys=0.00, real=0.01 secs] 
2011-03-01T01:04:05.106+0000: 146.497: [GC 146.497: [ParNew: 354677K->18431K(368640K), 0.0228930 secs] 1754993K->1429410K(12541952K), 0.0232000 secs] [Times: user=0.16 sys=0.00, real=0.02 secs] 
2011-03-01T01:04:09.474+0000: 150.865: [GC 150.865: [ParNew: 346111K->36829K(368640K), 0.0187830 secs] 1757090K->1447808K(12541952K), 0.0190960 secs] [Times: user=0.12 sys=0.00, real=0.02 secs] 
2011-03-01T01:04:13.659+0000: 155.050: [GC 155.050: [ParNew: 364509K->40960K(368640K), 0.0270950 secs] 1775488K->1460215K(12541952K), 0.0274140 secs] [Times: user=0.23 sys=0.00, real=0.03 secs] 
2011-03-01T01:04:17.931+0000: 159.322: [GC 159.322: [ParNew: 368640K->17698K(368640K), 0.0287490 secs] 1787895K->1454250K(12541952K), 0.0290580 secs] [Times: user=0.23 sys=0.00, real=0.03 secs] 
2011-03-01T01:04:21.049+0000: 162.440: [GC 162.441: [ParNew: 345378K->40960K(368640K), 0.0243610 secs] 1781930K->1485706K(12541952K), 0.0246670 secs] [Times: user=0.16 sys=0.00, real=0.03 secs] 
2011-03-01T01:04:23.956+0000: 165.347: [GC 165.347: [ParNew: 368640K->18187K(368640K), 0.0225070 secs] 1813386K->1474953K(12541952K), 0.0228130 secs] [Times: user=0.16 sys=0.00, real=0.02 secs] 
2011-03-01T01:04:26.632+0000: 168.023: [GC 168.023: [ParNew: 345867K->40960K(368640K), 0.0227510 secs] 1802633K->1504065K(12541952K), 0.0230680 secs] [Times: user=0.19 sys=0.00, real=0.03 secs] 
2011-03-01T01:04:29.203+0000: 170.594: [GC 170.594: [ParNew: 368640K->26115K(368640K), 0.0279170 secs] 1831745K->1503044K(12541952K), 0.0282420 secs] [Times: user=0.19 sys=0.01, real=0.02 secs] 
2011-03-01T01:04:31.659+0000: 173.050: [GC 173.050: [ParNew: 353795K->18941K(368640K), 0.0245390 secs] 1830724K->1506014K(12541952K), 0.0248500 secs] [Times: user=0.16 sys=0.00, real=0.03 secs] 
2011-03-01T01:04:34.348+0000: 175.739: [GC 175.739: [ParNew: 346621K->40960K(368640K), 0.0234650 secs] 1833694K->1530709K(12541952K), 0.0237820 secs] [Times: user=0.16 sys=0.00, real=0.02 secs] 
2011-03-01T01:04:35.766+0000: 177.157: [GC 177.157: [ParNew: 367763K->40960K(368640K), 0.0343980 secs] 1857512K->1541340K(12541952K), 0.0347190 secs] [Times: user=0.23 sys=0.01, real=0.03 secs] 
2011-03-01T01:04:36.390+0000: 177.781: [GC 177.781: [ParNew: 368640K->40960K(368640K), 0.0402750 secs] 1869020K->1557998K(12541952K), 0.0406170 secs] [Times: user=0.29 sys=0.01, real=0.04 secs] 
2011-03-01T01:04:37.294+0000: 178.685: [GC 178.685: [ParNew: 368640K->40960K(368640K), 0.0578970 secs] 1885678K->1573627K(12541952K), 0.0582380 secs] [Times: user=0.20 sys=0.00, real=0.06 secs] 
2011-03-01T01:04:37.804+0000: 179.195: [GC 179.195: [ParNew: 368640K->40960K(368640K), 0.0415240 secs] 1901307K->1589528K(12541952K), 0.0418490 secs] [Times: user=0.29 sys=0.00, real=0.04 secs] 
2011-03-01T01:04:38.976+0000: 180.367: [GC 180.367: [ParNew: 368640K->28051K(368640K), 0.0430210 secs] 1917208K->1598984K(12541952K), 0.0433460 secs] [Times: user=0.27 sys=0.00, real=0.04 secs] 
2011-03-01T01:04:41.652+0000: 183.043: [GC 183.043: [ParNew: 355731K->40960K(368640K), 0.0362810 secs] 1926664K->1621350K(12541952K), 0.0365870 secs] [Times: user=0.27 sys=0.00, real=0.04 secs] 
2011-03-01T01:04:44.256+0000: 185.647: [GC 185.647: [ParNew: 368640K->21577K(368640K), 0.0260280 secs] 1949030K->1615916K(12541952K), 0.0263630 secs] [Times: user=0.16 sys=0.00, real=0.03 secs] 
2011-03-01T01:04:46.993+0000: 188.384: [GC 188.384: [ParNew: 349257K->40960K(368640K), 0.0237140 secs] 1943596K->1639772K(12541952K), 0.0240650 secs] [Times: user=0.21 sys=0.01, real=0.02 secs] 
2011-03-01T01:04:49.681+0000: 191.072: [GC 191.072: [ParNew: 368640K->16801K(368640K), 0.0267570 secs] 1967452K->1631476K(12541952K), 0.0270750 secs] [Times: user=0.23 sys=0.00, real=0.03 secs] 
2011-03-01T01:04:52.275+0000: 193.666: [GC 193.666: [ParNew: 344481K->40960K(368640K), 0.0237570 secs] 1959156K->1664013K(12541952K), 0.0240630 secs] [Times: user=0.18 sys=0.00, real=0.02 secs] 
2011-03-01T01:04:54.780+0000: 196.171: [GC 196.172: [ParNew: 368628K->16910K(368640K), 0.0187020 secs] 1991682K->1646835K(12541952K), 0.0190180 secs] [Times: user=0.14 sys=0.00, real=0.02 secs] 
2011-03-01T01:04:55.603+0000: 196.995: [GC 196.995: [ParNew: 344585K->25618K(368640K), 0.0141450 secs] 1974510K->1655543K(12541952K), 0.0144590 secs] [Times: user=0.11 sys=0.00, real=0.01 secs] 
2011-03-01T01:04:56.208+0000: 197.599: [GC 197.599: [ParNew: 353298K->19651K(368640K), 0.0166780 secs] 1983223K->1654568K(12541952K), 0.0170130 secs] [Times: user=0.12 sys=0.00, real=0.02 secs] 
2011-03-01T01:04:56.779+0000: 198.170: [GC 198.170: [ParNew: 347331K->8180K(368640K), 0.0108860 secs] 1982248K->1643096K(12541952K), 0.0111780 secs] [Times: user=0.08 sys=0.00, real=0.01 secs] 
2011-03-01T01:04:57.555+0000: 198.947: [GC 198.947: [ParNew: 335846K->17825K(368640K), 0.0138090 secs] 1970763K->1655094K(12541952K), 0.0182920 secs] [Times: user=0.08 sys=0.01, real=0.02 secs] 
2011-03-01T01:04:58.177+0000: 199.568: [GC 199.568: [ParNew: 345495K->38541K(368640K), 0.0135060 secs] 1982763K->1676482K(12541952K), 0.0138190 secs] [Times: user=0.08 sys=0.00, real=0.01 secs] 
2011-03-01T01:04:58.869+0000: 200.260: [GC 200.260: [ParNew: 366207K->3617K(368640K), 0.0150700 secs] 2004148K->1652167K(12541952K), 0.0153860 secs] [Times: user=0.11 sys=0.00, real=0.02 secs] 
2011-03-01T01:04:59.974+0000: 201.365: [GC 201.365: [ParNew: 331297K->2918K(368640K), 0.0087270 secs] 1979847K->1651468K(12541952K), 0.0089680 secs] [Times: user=0.02 sys=0.00, real=0.01 secs] 
2011-03-01T01:05:00.542+0000: 201.933: [GC 201.933: [ParNew: 330598K->40019K(368640K), 0.0362060 secs] 1979148K->1829881K(12541952K), 0.0365510 secs] [Times: user=0.21 sys=0.06, real=0.04 secs] 
2011-03-01T01:05:01.035+0000: 202.426: [GC 202.427: [ParNew: 367699K->7554K(368640K), 0.0521810 secs] 2157561K->1818964K(12541952K), 0.0525670 secs] [Times: user=0.26 sys=0.00, real=0.05 secs] 
2011-03-01T01:05:01.463+0000: 202.854: [GC 202.854: [ParNew: 335234K->10718K(368640K), 0.0230720 secs] 2146644K->1822128K(12541952K), 0.0233920 secs] [Times: user=0.17 sys=0.00, real=0.02 secs] 
2011-03-01T01:05:01.959+0000: 203.350: [GC 203.350: [ParNew: 338398K->16297K(368640K), 0.0239190 secs] 2149808K->1827707K(12541952K), 0.0242340 secs] [Times: user=0.17 sys=0.00, real=0.03 secs] 
2011-03-01T01:05:02.514+0000: 203.905: [GC 203.906: [ParNew: 343977K->20834K(368640K), 0.0284070 secs] 2155387K->1832244K(12541952K), 0.0287250 secs] [Times: user=0.18 sys=0.01, real=0.03 secs] 
2011-03-01T01:05:03.005+0000: 204.396: [GC 204.396: [ParNew: 348514K->22057K(368640K), 0.0367900 secs] 2159924K->1837920K(12541952K), 0.0371070 secs] [Times: user=0.23 sys=0.00, real=0.04 secs] 
2011-03-01T01:05:03.588+0000: 204.979: [GC 204.979: [ParNew: 349737K->25334K(368640K), 0.0346970 secs] 2165600K->1845163K(12541952K), 0.0350080 secs] [Times: user=0.24 sys=0.00, real=0.04 secs] 
2011-03-01T01:05:06.210+0000: 207.601: [GC 207.602: [ParNew: 353014K->40960K(368640K), 0.0360990 secs] 2172843K->1865005K(12541952K), 0.0364280 secs] [Times: user=0.29 sys=0.01, real=0.04 secs] 
2011-03-01T01:05:08.356+0000: 209.747: [GC 209.748: [ParNew: 368640K->36098K(368640K), 0.0612030 secs] 2192685K->1947700K(12541952K), 0.0615110 secs] [Times: user=0.31 sys=0.02, real=0.06 secs] 
2011-03-01T01:05:09.167+0000: 210.558: [GC 210.558: [ParNew: 363778K->9870K(368640K), 0.0264380 secs] 2275380K->1945267K(12541952K), 0.0267710 secs] [Times: user=0.14 sys=0.01, real=0.03 secs] 
2011-03-01T01:05:09.973+0000: 211.364: [GC 211.364: [ParNew: 337550K->12109K(368640K), 0.0237190 secs] 2272947K->1947506K(12541952K), 0.0240220 secs] [Times: user=0.17 sys=0.00, real=0.02 secs] 
2011-03-01T01:05:10.830+0000: 212.221: [GC 212.221: [ParNew: 339789K->19521K(368640K), 0.0209650 secs] 2275186K->1954918K(12541952K), 0.0212670 secs] [Times: user=0.16 sys=0.00, real=0.02 secs] 
2011-03-01T01:05:11.727+0000: 213.118: [GC 213.118: [ParNew: 347201K->27061K(368640K), 0.0232230 secs] 2282598K->1962458K(12541952K), 0.0235260 secs] [Times: user=0.15 sys=0.00, real=0.02 secs] 
2011-03-01T01:05:15.590+0000: 216.981: [GC 216.981: [ParNew: 354741K->40960K(368640K), 0.0502570 secs] 2290138K->1992235K(12541952K), 0.0505840 secs] [Times: user=0.40 sys=0.00, real=0.05 secs] 
2011-03-01T01:05:19.214+0000: 220.605: [GC 220.605: [ParNew: 368640K->31705K(368640K), 0.0511160 secs] 2319915K->2013540K(12541952K), 0.0514340 secs] [Times: user=0.32 sys=0.01, real=0.05 secs] 
2011-03-01T01:05:22.747+0000: 224.139: [GC 224.139: [ParNew: 359385K->33683K(368640K), 0.0442090 secs] 2341220K->2041332K(12541952K), 0.0445380 secs] [Times: user=0.30 sys=0.02, real=0.04 secs] 
2011-03-01T01:05:25.469+0000: 226.860: [GC 226.860: [ParNew: 361363K->33344K(368640K), 0.0443670 secs] 2369012K->2065636K(12541952K), 0.0446860 secs] [Times: user=0.30 sys=0.00, real=0.05 secs] 
2011-03-01T01:05:28.231+0000: 229.622: [GC 229.622: [ParNew: 361024K->31868K(368640K), 0.0502850 secs] 2393316K->2091470K(12541952K), 0.0506060 secs] [Times: user=0.35 sys=0.00, real=0.05 secs] 
2011-03-01T01:05:30.628+0000: 232.019: [GC 232.020: [ParNew: 359548K->37864K(368640K), 0.0493560 secs] 2419150K->2123448K(12541952K), 0.0496830 secs] [Times: user=0.31 sys=0.01, real=0.05 secs] 
2011-03-01T01:05:33.270+0000: 234.661: [GC 234.661: [ParNew: 365544K->37623K(368640K), 0.0469540 secs] 2451128K->2150696K(12541952K), 0.0472820 secs] [Times: user=0.32 sys=0.00, real=0.05 secs] 
2011-03-01T01:05:35.102+0000: 236.494: [GC 236.494: [ParNew: 365303K->38795K(368640K), 0.0491930 secs] 2478376K->2178221K(12541952K), 0.0495550 secs] [Times: user=0.34 sys=0.01, real=0.04 secs] 
2011-03-01T01:05:35.916+0000: 237.308: [GC 237.308: [ParNew: 366475K->40960K(368640K), 0.0506990 secs] 2505901K->2209392K(12541952K), 0.0510170 secs] [Times: user=0.32 sys=0.00, real=0.05 secs] 
2011-03-01T01:05:36.758+0000: 238.149: [GC 238.150: [ParNew: 368640K->40960K(368640K), 0.0592520 secs] 2537072K->2241477K(12541952K), 0.0595710 secs] [Times: user=0.38 sys=0.00, real=0.06 secs] 
2011-03-01T01:05:37.329+0000: 238.721: [GC 238.721: [ParNew: 368640K->40960K(368640K), 0.0526020 secs] 2569157K->2270437K(12541952K), 0.0529280 secs] [Times: user=0.36 sys=0.00, real=0.06 secs] 
2011-03-01T01:05:38.252+0000: 239.643: [GC 239.643: [ParNew: 368640K->40702K(368640K), 0.0541990 secs] 2598117K->2299978K(12541952K), 0.0545240 secs] [Times: user=0.40 sys=0.00, real=0.06 secs] 
2011-03-01T01:05:40.561+0000: 241.952: [GC 241.952: [ParNew: 368382K->40960K(368640K), 0.0553540 secs] 2627658K->2331555K(12541952K), 0.0556820 secs] [Times: user=0.40 sys=0.01, real=0.06 secs] 
2011-03-01T01:05:43.130+0000: 244.522: [GC 244.522: [ParNew: 368640K->35052K(368640K), 0.0505850 secs] 2659239K->2352647K(12541952K), 0.0509100 secs] [Times: user=0.37 sys=0.01, real=0.05 secs] 
2011-03-01T01:05:43.182+0000: 244.573: [GC 244.574: [ParNew: 35318K->26307K(368640K), 0.0344620 secs] 2352912K->2369854K(12541952K), 0.0347200 secs] [Times: user=0.22 sys=0.00, real=0.03 secs] 
2011-03-01T01:05:45.723+0000: 247.115: [GC 247.115: [ParNew: 353987K->40960K(368640K), 0.0383670 secs] 2697534K->2399472K(12541952K), 0.0386910 secs] [Times: user=0.23 sys=0.03, real=0.04 secs] 
2011-03-01T01:05:48.731+0000: 250.122: [GC 250.122: [ParNew: 368640K->40960K(368640K), 0.0450360 secs] 2727152K->2420720K(12541952K), 0.0453590 secs] [Times: user=0.30 sys=0.01, real=0.05 secs] 
2011-03-01T01:05:51.385+0000: 252.777: [GC 252.777: [ParNew: 368640K->36098K(368640K), 0.0439120 secs] 2748400K->2436025K(12541952K), 0.0480070 secs] [Times: user=0.31 sys=0.01, real=0.05 secs] 
2011-03-01T01:05:54.443+0000: 255.835: [GC 255.835: [ParNew: 363778K->32560K(368640K), 0.0519260 secs] 2763705K->2456126K(12541952K), 0.0522830 secs] [Times: user=0.33 sys=0.03, real=0.05 secs] 
2011-03-01T01:05:55.077+0000: 256.468: [GC 256.468: [ParNew: 360214K->20795K(368640K), 0.0306670 secs] 2783781K->2465068K(12541952K), 0.0309870 secs] [Times: user=0.19 sys=0.01, real=0.03 secs] 
2011-03-01T01:05:56.298+0000: 257.689: [GC 257.690: [ParNew: 348475K->11181K(368640K), 0.0162880 secs] 2792748K->2455455K(12541952K), 0.0165920 secs] [Times: user=0.14 sys=0.00, real=0.02 secs] 
2011-03-01T01:05:57.129+0000: 258.520: [GC 258.520: [ParNew: 338861K->36469K(368640K), 0.0163930 secs] 2783135K->2480743K(12541952K), 0.0167250 secs] [Times: user=0.16 sys=0.00, real=0.02 secs] 
2011-03-01T01:05:57.468+0000: 258.859: [GC 258.859: [ParNew: 364149K->12377K(368640K), 0.0257330 secs] 2808423K->2472463K(12541952K), 0.0260530 secs] [Times: user=0.16 sys=0.00, real=0.03 secs] 
2011-03-01T01:05:57.769+0000: 259.160: [GC 259.160: [ParNew: 340047K->4170K(368640K), 0.0077400 secs] 2800133K->2464255K(12541952K), 0.0080030 secs] [Times: user=0.08 sys=0.00, real=0.01 secs] 
2011-03-01T01:05:58.138+0000: 259.530: [GC 259.530: [ParNew: 331850K->8328K(368640K), 0.0106420 secs] 2791935K->2468414K(12541952K), 0.0109640 secs] [Times: user=0.08 sys=0.00, real=0.01 secs] 
2011-03-01T01:05:58.547+0000: 259.938: [GC 259.938: [ParNew: 335954K->12071K(368640K), 0.0113860 secs] 2796039K->2472157K(12541952K), 0.0116930 secs] [Times: user=0.07 sys=0.00, real=0.01 secs] 
2011-03-01T01:05:59.032+0000: 260.423: [GC 260.423: [ParNew: 339708K->23436K(368640K), 0.0156270 secs] 2799794K->2485670K(12541952K), 0.0159430 secs] [Times: user=0.14 sys=0.00, real=0.02 secs] 
2011-03-01T01:05:59.687+0000: 261.079: [GC 261.079: [ParNew: 351116K->31883K(368640K), 0.0147840 secs] 2813350K->2494416K(12541952K), 0.0150940 secs] [Times: user=0.08 sys=0.00, real=0.02 secs] 
2011-03-01T01:06:02.373+0000: 263.764: [GC 263.764: [ParNew: 359563K->40960K(368640K), 0.0360120 secs] 2822096K->2515093K(12541952K), 0.0518320 secs] [Times: user=0.23 sys=0.00, real=0.05 secs] 
2011-03-01T01:06:06.730+0000: 268.121: [GC 268.121: [ParNew: 368640K->32545K(368640K), 0.0387240 secs] 2842773K->2526956K(12541952K), 0.0390690 secs] [Times: user=0.28 sys=0.00, real=0.04 secs] 
2011-03-01T01:06:11.165+0000: 272.557: [GC 272.557: [ParNew: 360225K->33891K(368640K), 0.0265570 secs] 2854636K->2542479K(12541952K), 0.0268750 secs] [Times: user=0.14 sys=0.02, real=0.02 secs] 
2011-03-01T01:06:15.443+0000: 276.834: [GC 276.834: [ParNew: 361571K->22884K(368640K), 0.0250570 secs] 2870159K->2542529K(12541952K), 0.0253670 secs] [Times: user=0.18 sys=0.01, real=0.02 secs] 
2011-03-01T01:06:18.985+0000: 280.376: [GC 280.376: [ParNew: 350564K->40700K(368640K), 0.0242370 secs] 2870209K->2568162K(12541952K), 0.0245430 secs] [Times: user=0.14 sys=0.00, real=0.02 secs] 
2011-03-01T01:06:22.335+0000: 283.726: [GC 283.726: [ParNew: 368380K->18811K(368640K), 0.0229970 secs] 2895842K->2556266K(12541952K), 0.0233060 secs] [Times: user=0.16 sys=0.00, real=0.02 secs] 
2011-03-01T01:06:24.950+0000: 286.341: [GC 286.341: [ParNew: 346491K->40960K(368640K), 0.0218120 secs] 2883946K->2582606K(12541952K), 0.0221170 secs] [Times: user=0.16 sys=0.00, real=0.02 secs] 
2011-03-01T01:06:27.660+0000: 289.052: [GC 289.052: [ParNew: 368640K->40701K(368640K), 0.0285930 secs] 2910286K->2589448K(12541952K), 0.0289000 secs] [Times: user=0.24 sys=0.00, real=0.03 secs] 
2011-03-01T01:06:30.328+0000: 291.719: [GC 291.719: [ParNew: 368381K->23212K(368640K), 0.0307760 secs] 2917128K->2588792K(12541952K), 0.0311220 secs] [Times: user=0.22 sys=0.02, real=0.03 secs] 
2011-03-01T01:06:32.762+0000: 294.153: [GC 294.154: [ParNew: 350892K->24265K(368640K), 0.0233310 secs] 2916472K->2600053K(12541952K), 0.0236460 secs] [Times: user=0.21 sys=0.00, real=0.02 secs] 
2011-03-01T01:06:35.286+0000: 296.678: [GC 296.678: [ParNew: 351945K->31861K(368640K), 0.0270430 secs] 2927733K->2617485K(12541952K), 0.0273770 secs] [Times: user=0.18 sys=0.00, real=0.03 secs] 
2011-03-01T01:06:36.162+0000: 297.554: [GC 297.554: [ParNew: 359541K->40960K(368640K), 0.1174810 secs] 2945165K->2666357K(12541952K), 0.1177960 secs] [Times: user=0.74 sys=0.03, real=0.11 secs] 
2011-03-01T01:06:36.776+0000: 298.167: [GC 298.167: [ParNew: 368640K->30532K(368640K), 0.0388930 secs] 2994037K->2670165K(12541952K), 0.0392020 secs] [Times: user=0.23 sys=0.00, real=0.04 secs] 
2011-03-01T01:06:37.540+0000: 298.931: [GC 298.931: [ParNew: 358212K->40337K(368640K), 0.0481300 secs] 2997845K->2700717K(12541952K), 0.0484570 secs] [Times: user=0.35 sys=0.00, real=0.05 secs] 
2011-03-01T01:06:38.248+0000: 299.640: [GC 299.640: [ParNew: 368047K->33318K(368640K), 0.0425760 secs] 3028427K->2711193K(12541952K), 0.0492840 secs] [Times: user=0.26 sys=0.03, real=0.05 secs] 
2011-03-01T01:06:38.299+0000: 299.690: [GC 299.690: [ParNew: 33577K->7790K(368640K), 0.0205900 secs] 2711452K->2699709K(12541952K), 0.0208460 secs] [Times: user=0.14 sys=0.01, real=0.02 secs] 
2011-03-01T01:06:39.961+0000: 301.353: [GC 301.353: [ParNew: 335470K->40021K(368640K), 0.0137780 secs] 3027389K->2731941K(12541952K), 0.0140960 secs] [Times: user=0.15 sys=0.00, real=0.02 secs] 
2011-03-01T01:06:42.699+0000: 304.090: [GC 304.090: [ParNew: 367701K->23484K(368640K), 0.0252670 secs] 3059621K->2725720K(12541952K), 0.0255890 secs] [Times: user=0.17 sys=0.00, real=0.03 secs] 
2011-03-01T01:06:45.073+0000: 306.464: [GC 306.464: [ParNew: 351164K->31670K(368640K), 0.0236620 secs] 3053400K->2744059K(12541952K), 0.0239870 secs] [Times: user=0.19 sys=0.00, real=0.02 secs] 
2011-03-01T01:06:47.658+0000: 309.049: [GC 309.049: [ParNew: 359350K->40041K(368640K), 0.0249740 secs] 3071739K->2762492K(12541952K), 0.0252970 secs] [Times: user=0.17 sys=0.00, real=0.03 secs] 
2011-03-01T01:06:50.385+0000: 311.776: [GC 311.777: [ParNew: 367721K->24178K(368640K), 0.0251090 secs] 3090172K->2756678K(12541952K), 0.0254280 secs] [Times: user=0.15 sys=0.00, real=0.02 secs] 
2011-03-01T01:06:53.593+0000: 314.984: [GC 314.984: [ParNew: 351858K->28564K(368640K), 0.0242030 secs] 3084358K->2771146K(12541952K), 0.0245030 secs] [Times: user=0.20 sys=0.00, real=0.02 secs] 
2011-03-01T01:06:55.626+0000: 317.017: [GC 317.017: [ParNew: 356244K->20998K(368640K), 0.0214970 secs] 3098826K->2773700K(12541952K), 0.0218090 secs] [Times: user=0.16 sys=0.00, real=0.02 secs] 
2011-03-01T01:06:57.168+0000: 318.559: [GC 318.560: [ParNew: 348678K->21516K(368640K), 0.0148780 secs] 3101380K->2774218K(12541952K), 0.0151900 secs] [Times: user=0.10 sys=0.00, real=0.02 secs] 
2011-03-01T01:06:57.670+0000: 319.062: [GC 319.062: [ParNew: 349196K->16925K(368640K), 0.0147900 secs] 3101898K->2769627K(12541952K), 0.0151000 secs] [Times: user=0.15 sys=0.00, real=0.02 secs] 
2011-03-01T01:06:58.054+0000: 319.445: [GC 319.445: [ParNew: 344555K->38125K(368640K), 0.0159780 secs] 3097257K->2790827K(12541952K), 0.0163020 secs] [Times: user=0.11 sys=0.00, real=0.01 secs] 
2011-03-01T01:06:58.450+0000: 319.841: [GC 319.842: [ParNew: 365780K->7894K(368640K), 0.0187160 secs] 3118482K->2771048K(12541952K), 0.0190420 secs] [Times: user=0.15 sys=0.00, real=0.02 secs] 
2011-03-01T01:06:58.860+0000: 320.251: [GC 320.251: [ParNew: 335518K->15206K(368640K), 0.0187550 secs] 3098672K->2778360K(12541952K), 0.0190870 secs] [Times: user=0.14 sys=0.00, real=0.02 secs] 
2011-03-01T01:06:59.208+0000: 320.599: [GC 320.599: [ParNew: 342842K->15244K(368640K), 0.0105780 secs] 3105995K->2778398K(12541952K), 0.0109000 secs] [Times: user=0.07 sys=0.00, real=0.01 secs] 
2011-03-01T01:06:59.709+0000: 321.101: [GC 321.101: [ParNew: 342880K->15199K(368640K), 0.0110840 secs] 3106034K->2778353K(12541952K), 0.0114750 secs] [Times: user=0.08 sys=0.00, real=0.01 secs] 
2011-03-01T01:07:00.186+0000: 321.577: [GC 321.577: [ParNew: 342821K->4123K(368640K), 0.0131110 secs] 3105975K->2769832K(12541952K), 0.0134320 secs] [Times: user=0.08 sys=0.00, real=0.01 secs] 
2011-03-01T01:07:01.922+0000: 323.313: [GC 323.314: [ParNew: 331803K->34977K(368640K), 0.0168390 secs] 3097512K->2800767K(12541952K), 0.0171890 secs] [Times: user=0.13 sys=0.00, real=0.01 secs] 
2011-03-01T01:07:04.548+0000: 325.940: [GC 325.940: [ParNew: 362657K->8403K(368640K), 0.0217150 secs] 3128447K->2784926K(12541952K), 0.0220430 secs] [Times: user=0.16 sys=0.00, real=0.02 secs] 
2011-03-01T01:07:08.955+0000: 330.346: [GC 330.346: [ParNew: 336083K->40960K(368640K), 0.0206230 secs] 3112606K->2823053K(12541952K), 0.0209470 secs] [Times: user=0.14 sys=0.00, real=0.02 secs] 
2011-03-01T01:07:13.262+0000: 334.653: [GC 334.654: [ParNew: 368640K->15989K(368640K), 0.0226940 secs] 3150733K->2807989K(12541952K), 0.0230160 secs] [Times: user=0.17 sys=0.00, real=0.02 secs] 
2011-03-01T01:07:16.976+0000: 338.367: [GC 338.367: [ParNew: 343669K->40960K(368640K), 0.0212920 secs] 3135669K->2837490K(12541952K), 0.0216020 secs] [Times: user=0.15 sys=0.01, real=0.02 secs] 
2011-03-01T01:07:20.431+0000: 341.823: [GC 341.823: [ParNew: 368640K->11209K(368640K), 0.0245150 secs] 3165170K->2823632K(12541952K), 0.0248230 secs] [Times: user=0.19 sys=0.00, real=0.03 secs] 
2011-03-01T01:07:23.149+0000: 344.540: [GC 344.540: [ParNew: 338889K->40960K(368640K), 0.0217630 secs] 3151312K->2858169K(12541952K), 0.0220690 secs] [Times: user=0.15 sys=0.00, real=0.02 secs] 
2011-03-01T01:07:25.791+0000: 347.182: [GC 347.182: [ParNew: 368640K->28379K(368640K), 0.0254690 secs] 3185849K->2857439K(12541952K), 0.0257770 secs] [Times: user=0.23 sys=0.00, real=0.03 secs] 
2011-03-01T01:07:28.492+0000: 349.884: [GC 349.884: [ParNew: 356059K->24980K(368640K), 0.0230220 secs] 3185119K->2864279K(12541952K), 0.0233340 secs] [Times: user=0.19 sys=0.00, real=0.02 secs] 
2011-03-01T01:07:31.083+0000: 352.474: [GC 352.474: [ParNew: 352660K->40878K(368640K), 0.0233590 secs] 3191959K->2888587K(12541952K), 0.0236700 secs] [Times: user=0.20 sys=0.00, real=0.02 secs] 
2011-03-01T01:07:33.747+0000: 355.138: [GC 355.138: [ParNew: 368558K->37055K(368640K), 0.0235870 secs] 3216267K->2897070K(12541952K), 0.0238910 secs] [Times: user=0.16 sys=0.00, real=0.02 secs] 
2011-03-01T01:07:35.433+0000: 356.824: [GC 356.824: [ParNew: 364735K->40960K(368640K), 0.0304990 secs] 3224750K->2912251K(12541952K), 0.0308060 secs] [Times: user=0.21 sys=0.00, real=0.03 secs] 
2011-03-01T01:07:36.184+0000: 357.575: [GC 357.576: [ParNew: 368640K->18863K(368640K), 0.0483690 secs] 3239931K->2905928K(12541952K), 0.0486750 secs] [Times: user=0.27 sys=0.01, real=0.05 secs] 
2011-03-01T01:07:37.025+0000: 358.416: [GC 358.416: [ParNew: 346543K->40960K(368640K), 0.0345900 secs] 3233608K->2937551K(12541952K), 0.0348920 secs] [Times: user=0.24 sys=0.00, real=0.03 secs] 
2011-03-01T01:07:37.626+0000: 359.017: [GC 359.017: [ParNew: 368602K->40960K(368640K), 0.0919890 secs] 3265194K->2967011K(12541952K), 0.0922950 secs] [Times: user=0.60 sys=0.01, real=0.09 secs] 
2011-03-01T01:07:39.355+0000: 360.746: [GC 360.746: [ParNew: 368640K->30810K(368640K), 0.0563740 secs] 3294691K->2985634K(12541952K), 0.0566810 secs] [Times: user=0.37 sys=0.00, real=0.05 secs] 
2011-03-01T01:07:41.052+0000: 362.443: [GC 362.443: [ParNew: 358490K->33888K(368640K), 0.0333730 secs] 3313314K->3003713K(12541952K), 0.0336790 secs] [Times: user=0.24 sys=0.00, real=0.04 secs] 
2011-03-01T01:07:43.537+0000: 364.928: [GC 364.928: [ParNew: 361568K->27404K(368640K), 0.0345400 secs] 3331393K->3007552K(12541952K), 0.0348470 secs] [Times: user=0.22 sys=0.00, real=0.03 secs] 
2011-03-01T01:07:46.138+0000: 367.529: [GC 367.529: [ParNew: 355084K->22983K(368640K), 0.0345350 secs] 3335232K->3013102K(12541952K), 0.0348420 secs] [Times: user=0.22 sys=0.00, real=0.04 secs] 
2011-03-01T01:07:48.742+0000: 370.133: [GC 370.133: [ParNew: 350663K->20674K(368640K), 0.0245350 secs] 3340782K->3021101K(12541952K), 0.0248430 secs] [Times: user=0.23 sys=0.00, real=0.03 secs] 
2011-03-01T01:07:51.386+0000: 372.777: [GC 372.777: [ParNew: 348354K->40960K(368640K), 0.0243320 secs] 3348781K->3046627K(12541952K), 0.0246370 secs] [Times: user=0.16 sys=0.00, real=0.02 secs] 
2011-03-01T01:07:54.508+0000: 375.900: [GC 375.900: [ParNew: 368616K->40960K(368640K), 0.0248120 secs] 3374284K->3057222K(12541952K), 0.0251710 secs] [Times: user=0.14 sys=0.03, real=0.03 secs] 
2011-03-01T01:07:57.039+0000: 378.430: [GC 378.430: [ParNew: 368640K->5944K(368640K), 0.0241750 secs] 3384902K->3038114K(12541952K), 0.0245050 secs] [Times: user=0.16 sys=0.00, real=0.03 secs] 
2011-03-01T01:07:58.494+0000: 379.886: [GC 379.886: [ParNew: 333624K->30627K(368640K), 0.0147850 secs] 3365794K->3062797K(12541952K), 0.0151180 secs] [Times: user=0.08 sys=0.01, real=0.01 secs] 
2011-03-01T01:07:59.161+0000: 380.553: [GC 380.553: [ParNew: 358264K->3646K(368640K), 0.0185040 secs] 3390435K->3045549K(12541952K), 0.0188340 secs] [Times: user=0.14 sys=0.01, real=0.02 secs] 
2011-03-01T01:07:59.875+0000: 381.266: [GC 381.266: [ParNew: 331326K->2876K(368640K), 0.0119950 secs] 3373229K->3044780K(12541952K), 0.0122610 secs] [Times: user=0.08 sys=0.00, real=0.02 secs] 
2011-03-01T01:08:00.423+0000: 381.814: [GC 381.814: [ParNew: 330556K->4734K(368640K), 0.0134340 secs] 3372460K->3046638K(12541952K), 0.0137150 secs] [Times: user=0.13 sys=0.00, real=0.01 secs] 
2011-03-01T01:08:01.108+0000: 382.499: [GC 382.499: [ParNew: 332414K->39268K(368640K), 0.0162620 secs] 3374318K->3081172K(12541952K), 0.0165920 secs] [Times: user=0.12 sys=0.01, real=0.02 secs] 
2011-03-01T01:08:01.625+0000: 383.017: [GC 383.017: [ParNew: 366948K->6072K(368640K), 0.0183030 secs] 3408852K->3058097K(12541952K), 0.0186350 secs] [Times: user=0.10 sys=0.00, real=0.02 secs] 
2011-03-01T01:08:02.245+0000: 383.636: [GC 383.636: [ParNew: 333738K->2158K(368640K), 0.0112490 secs] 3385763K->3054183K(12541952K), 0.0115060 secs] [Times: user=0.08 sys=0.00, real=0.01 secs] 
2011-03-01T01:08:02.764+0000: 384.155: [GC 384.155: [ParNew: 329838K->3137K(368640K), 0.0122180 secs] 3381863K->3055162K(12541952K), 0.0124960 secs] [Times: user=0.09 sys=0.00, real=0.01 secs] 
2011-03-01T01:08:04.339+0000: 385.731: [GC 385.731: [ParNew: 330817K->4587K(368640K), 0.0135200 secs] 3382842K->3056611K(12541952K), 0.0138170 secs] [Times: user=0.08 sys=0.01, real=0.02 secs] 
2011-03-01T01:08:08.766+0000: 390.157: [GC 390.157: [ParNew: 332267K->35940K(368640K), 0.0197500 secs] 3384291K->3088543K(12541952K), 0.0200730 secs] [Times: user=0.16 sys=0.00, real=0.02 secs] 
2011-03-01T01:08:12.987+0000: 394.378: [GC 394.378: [ParNew: 363620K->26192K(368640K), 0.0286300 secs] 3416223K->3093053K(12541952K), 0.0289450 secs] [Times: user=0.20 sys=0.02, real=0.03 secs] 
2011-03-01T01:08:13.017+0000: 394.408: [GC 394.409: [ParNew: 26865K->4630K(368640K), 0.0173160 secs] 3093726K->3081896K(12541952K), 0.0175750 secs] [Times: user=0.14 sys=0.00, real=0.02 secs] 
2011-03-01T01:08:16.908+0000: 398.299: [GC 398.300: [ParNew: 329239K->17427K(368640K), 0.0162890 secs] 3406505K->3094693K(12541952K), 0.0166090 secs] [Times: user=0.15 sys=0.00, real=0.02 secs] 
2011-03-01T01:08:17.234+0000: 398.625: [GC 398.625: [ParNew: 345107K->38185K(368640K), 0.0440930 secs] 3422373K->3246523K(12541952K), 0.0444170 secs] [Times: user=0.28 sys=0.02, real=0.04 secs] 
2011-03-01T01:08:17.753+0000: 399.144: [GC 399.144: [ParNew: 365865K->29396K(368640K), 0.0267220 secs] 3574203K->3250434K(12541952K), 0.0270480 secs] [Times: user=0.17 sys=0.00, real=0.02 secs] 
2011-03-01T01:08:18.301+0000: 399.692: [GC 399.693: [ParNew: 357076K->21305K(368640K), 0.0315480 secs] 3578114K->3261520K(12541952K), 0.0318610 secs] [Times: user=0.21 sys=0.01, real=0.04 secs] 
2011-03-01T01:08:18.756+0000: 400.147: [GC 400.147: [ParNew: 348985K->40960K(368640K), 0.0460540 secs] 3589200K->3284633K(12541952K), 0.0463660 secs] [Times: user=0.32 sys=0.00, real=0.05 secs] 
2011-03-01T01:08:19.268+0000: 400.659: [GC 400.659: [ParNew: 368640K->14171K(368640K), 0.0438350 secs] 3612313K->3276439K(12541952K), 0.0441490 secs] [Times: user=0.28 sys=0.01, real=0.04 secs] 
2011-03-01T01:08:19.814+0000: 401.205: [GC 401.205: [ParNew: 341851K->12427K(368640K), 0.0207230 secs] 3604119K->3274695K(12541952K), 0.0210320 secs] [Times: user=0.16 sys=0.00, real=0.02 secs] 
2011-03-01T01:08:22.388+0000: 403.779: [GC 403.779: [ParNew: 340107K->40960K(368640K), 0.0461110 secs] 3602375K->3318858K(12541952K), 0.0464230 secs] [Times: user=0.31 sys=0.01, real=0.05 secs] 
2011-03-01T01:08:25.110+0000: 406.501: [GC 406.501: [ParNew: 368640K->24233K(368640K), 0.0352420 secs] 3646538K->3316302K(12541952K), 0.0355510 secs] [Times: user=0.20 sys=0.01, real=0.04 secs] 
2011-03-01T01:08:26.785+0000: 408.177: [GC 408.177: [ParNew: 351913K->40960K(368640K), 0.0417210 secs] 3643982K->3421423K(12541952K), 0.0420420 secs] [Times: user=0.20 sys=0.03, real=0.04 secs] 
2011-03-01T01:08:27.635+0000: 409.026: [GC 409.027: [ParNew: 368640K->12625K(368640K), 0.0318340 secs] 3749120K->3415031K(12541952K), 0.0321400 secs] [Times: user=0.23 sys=0.00, real=0.03 secs] 
2011-03-01T01:08:28.447+0000: 409.838: [GC 409.838: [ParNew: 340305K->38076K(368640K), 0.0241090 secs] 3742711K->3440482K(12541952K), 0.0244220 secs] [Times: user=0.16 sys=0.00, real=0.02 secs] 
2011-03-01T01:08:29.271+0000: 410.662: [GC 410.663: [ParNew: 365756K->15533K(368640K), 0.0400400 secs] 3768162K->3439345K(12541952K), 0.0403540 secs] [Times: user=0.31 sys=0.00, real=0.04 secs] 
2011-03-01T01:08:30.106+0000: 411.497: [GC 411.497: [ParNew: 343213K->23436K(368640K), 0.0222620 secs] 3767025K->3447248K(12541952K), 0.0225690 secs] [Times: user=0.16 sys=0.00, real=0.02 secs] 
2011-03-01T01:08:31.210+0000: 412.601: [GC 412.601: [ParNew: 351116K->40960K(368640K), 0.0396970 secs] 3774928K->3474724K(12541952K), 0.0400070 secs] [Times: user=0.31 sys=0.00, real=0.04 secs] 
2011-03-01T01:08:33.738+0000: 415.129: [GC 415.130: [ParNew: 368640K->40960K(368640K), 0.0523750 secs] 3802404K->3502790K(12541952K), 0.0526840 secs] [Times: user=0.37 sys=0.01, real=0.05 secs] 
2011-03-01T01:08:35.440+0000: 416.831: [GC 416.831: [ParNew: 368640K->34534K(368640K), 0.0537700 secs] 3830470K->3520844K(12541952K), 0.0541260 secs] [Times: user=0.36 sys=0.01, real=0.06 secs] 
2011-03-01T01:08:36.131+0000: 417.522: [GC 417.522: [ParNew: 362214K->39212K(368640K), 0.0764140 secs] 3848524K->3552082K(12541952K), 0.0767790 secs] [Times: user=0.48 sys=0.01, real=0.08 secs] 
2011-03-01T01:08:37.014+0000: 418.405: [GC 418.405: [ParNew: 366892K->40960K(368640K), 0.0816930 secs] 3879762K->3583361K(12541952K), 0.0820320 secs] [Times: user=0.48 sys=0.02, real=0.08 secs] 
2011-03-01T01:08:37.685+0000: 419.076: [GC 419.076: [ParNew: 367940K->40960K(368640K), 0.0653250 secs] 3910342K->3613602K(12541952K), 0.0656370 secs] [Times: user=0.40 sys=0.00, real=0.06 secs] 
2011-03-01T01:08:38.901+0000: 420.293: [GC 420.293: [ParNew: 368640K->40937K(368640K), 0.0657600 secs] 3941282K->3643391K(12541952K), 0.0660840 secs] [Times: user=0.46 sys=0.00, real=0.07 secs] 
2011-03-01T01:08:41.432+0000: 422.823: [GC 422.823: [ParNew: 368617K->40960K(368640K), 0.0689430 secs] 3971071K->3674037K(12541952K), 0.0709300 secs] [Times: user=0.45 sys=0.01, real=0.08 secs] 
2011-03-01T01:08:44.104+0000: 425.496: [GC 425.496: [ParNew: 368640K->40960K(368640K), 0.0626890 secs] 4001717K->3702054K(12541952K), 0.0630140 secs] [Times: user=0.40 sys=0.01, real=0.06 secs] 
2011-03-01T01:08:46.915+0000: 428.306: [GC 428.307: [ParNew: 368640K->36011K(368640K), 0.0611300 secs] 4029734K->3724428K(12541952K), 0.0614580 secs] [Times: user=0.40 sys=0.00, real=0.06 secs] 
2011-03-01T01:08:49.479+0000: 430.870: [GC 430.870: [ParNew: 363691K->40017K(368640K), 0.0642070 secs] 4052108K->3754271K(12541952K), 0.0645360 secs] [Times: user=0.45 sys=0.01, real=0.07 secs] 
2011-03-01T01:08:51.944+0000: 433.335: [GC 433.335: [ParNew: 367697K->36362K(368640K), 0.0595460 secs] 4081951K->3776917K(12541952K), 0.0637540 secs] [Times: user=0.40 sys=0.00, real=0.06 secs] 
2011-03-01T01:08:54.538+0000: 435.929: [GC 435.930: [ParNew: 364015K->31063K(368640K), 0.0543490 secs] 4104569K->3797373K(12541952K), 0.0546890 secs] [Times: user=0.36 sys=0.03, real=0.06 secs] 
2011-03-01T01:08:55.337+0000: 436.728: [GC 436.728: [ParNew: 358743K->35322K(368640K), 0.0253660 secs] 4125053K->3801632K(12541952K), 0.0256940 secs] [Times: user=0.16 sys=0.00, real=0.03 secs] 
2011-03-01T01:08:55.875+0000: 437.266: [GC 437.267: [ParNew: 363002K->15540K(368640K), 0.0360640 secs] 4129312K->3798718K(12541952K), 0.0364000 secs] [Times: user=0.23 sys=0.00, real=0.03 secs] 
2011-03-01T01:08:56.355+0000: 437.746: [GC 437.746: [ParNew: 343177K->27688K(368640K), 0.0187020 secs] 4126355K->3810865K(12541952K), 0.0190360 secs] [Times: user=0.12 sys=0.01, real=0.02 secs] 
2011-03-01T01:08:56.750+0000: 438.141: [GC 438.141: [ParNew: 355356K->20709K(368640K), 0.0227710 secs] 4138533K->3808775K(12541952K), 0.0231080 secs] [Times: user=0.15 sys=0.01, real=0.03 secs] 
2011-03-01T01:08:57.206+0000: 438.597: [GC 438.597: [ParNew: 348379K->33589K(368640K), 0.0185200 secs] 4136444K->3821655K(12541952K), 0.0215640 secs] [Times: user=0.16 sys=0.00, real=0.02 secs] 
2011-03-01T01:08:57.612+0000: 439.004: [GC 439.004: [ParNew: 361269K->9308K(368640K), 0.0198810 secs] 4149335K->3804760K(12541952K), 0.0202090 secs] [Times: user=0.10 sys=0.00, real=0.02 secs] 
2011-03-01T01:08:58.078+0000: 439.469: [GC 439.469: [ParNew: 336988K->10191K(368640K), 0.0169090 secs] 4132440K->3805643K(12541952K), 0.0172240 secs] [Times: user=0.16 sys=0.00, real=0.02 secs] 
2011-03-01T01:08:58.524+0000: 439.916: [GC 439.916: [ParNew: 337866K->11369K(368640K), 0.0183900 secs] 4133319K->3807538K(12541952K), 0.0187610 secs] [Times: user=0.11 sys=0.00, real=0.02 secs] 
2011-03-01T01:08:59.091+0000: 440.482: [GC 440.482: [ParNew: 339000K->12586K(368640K), 0.0225940 secs] 4135169K->3812136K(12541952K), 0.0229190 secs] [Times: user=0.16 sys=0.00, real=0.02 secs] 
2011-03-01T01:09:01.360+0000: 442.751: [GC 442.751: [ParNew: 340266K->40960K(368640K), 0.0401140 secs] 4139816K->3847076K(12541952K), 0.0404430 secs] [Times: user=0.30 sys=0.00, real=0.04 secs] 
2011-03-01T01:09:05.579+0000: 446.970: [GC 446.971: [ParNew: 368640K->40960K(368640K), 0.0566660 secs] 4174756K->3875764K(12541952K), 0.0569940 secs] [Times: user=0.40 sys=0.00, real=0.06 secs] 
2011-03-01T01:09:10.069+0000: 451.460: [GC 451.460: [ParNew: 368640K->39479K(368640K), 0.0560870 secs] 4203444K->3893377K(12541952K), 0.0564140 secs] [Times: user=0.35 sys=0.01, real=0.06 secs] 
2011-03-01T01:09:14.078+0000: 455.469: [GC 455.469: [ParNew: 367159K->30490K(368640K), 0.0515110 secs] 4221057K->3906669K(12541952K), 0.0518440 secs] [Times: user=0.38 sys=0.00, real=0.05 secs] 
2011-03-01T01:09:18.286+0000: 459.677: [GC 459.678: [ParNew: 358170K->30346K(368640K), 0.0497980 secs] 4234349K->3927481K(12541952K), 0.0501260 secs] [Times: user=0.33 sys=0.00, real=0.05 secs] 
2011-03-01T01:09:21.400+0000: 462.791: [GC 462.791: [ParNew: 358026K->31006K(368640K), 0.0428310 secs] 4255161K->3948985K(12541952K), 0.0431600 secs] [Times: user=0.33 sys=0.00, real=0.05 secs] 
2011-03-01T01:09:24.297+0000: 465.688: [GC 465.689: [ParNew: 358686K->40960K(368640K), 0.0350860 secs] 4276665K->3974188K(12541952K), 0.0354120 secs] [Times: user=0.24 sys=0.00, real=0.04 secs] 
2011-03-01T01:09:26.780+0000: 468.171: [GC 468.171: [ParNew: 368640K->39362K(368640K), 0.0357360 secs] 4301868K->3989645K(12541952K), 0.0360560 secs] [Times: user=0.26 sys=0.01, real=0.04 secs] 
2011-03-01T01:09:29.689+0000: 471.081: [GC 471.081: [ParNew: 367042K->7173K(368640K), 0.0300040 secs] 4317325K->3971878K(12541952K), 0.0303430 secs] [Times: user=0.21 sys=0.01, real=0.03 secs] 
2011-03-01T01:09:32.226+0000: 473.617: [GC 473.617: [ParNew: 334853K->28116K(368640K), 0.0219630 secs] 4299558K->3992821K(12541952K), 0.0222740 secs] [Times: user=0.16 sys=0.00, real=0.02 secs] 
2011-03-01T01:09:34.796+0000: 476.187: [GC 476.187: [ParNew: 355796K->22074K(368640K), 0.0316460 secs] 4320501K->4001021K(12541952K), 0.0319590 secs] [Times: user=0.23 sys=0.01, real=0.03 secs] 
2011-03-01T01:09:35.899+0000: 477.290: [GC 477.290: [ParNew: 349754K->40960K(368640K), 0.0622600 secs] 4328701K->4034523K(12541952K), 0.0625900 secs] [Times: user=0.36 sys=0.00, real=0.06 secs] 
2011-03-01T01:09:36.496+0000: 477.887: [GC 477.887: [ParNew: 368640K->40960K(368640K), 0.0360150 secs] 4362203K->4043248K(12541952K), 0.0363390 secs] [Times: user=0.24 sys=0.00, real=0.04 secs] 
2011-03-01T01:09:37.389+0000: 478.780: [GC 478.780: [ParNew: 368640K->21265K(368640K), 0.0506660 secs] 4370955K->4049769K(12541952K), 0.0509990 secs] [Times: user=0.35 sys=0.01, real=0.05 secs] 
2011-03-01T01:09:37.441+0000: 478.832: [GC 478.832: [ParNew: 21349K->40960K(368640K), 0.0222400 secs] 4049852K->4072315K(12541952K), 0.0224930 secs] [Times: user=0.18 sys=0.00, real=0.03 secs] 
2011-03-01T01:09:38.078+0000: 479.469: [GC 479.469: [ParNew: 368640K->33989K(368640K), 0.0398540 secs] 4399995K->4077569K(12541952K), 0.0401740 secs] [Times: user=0.30 sys=0.01, real=0.04 secs] 
2011-03-01T01:09:39.298+0000: 480.689: [GC 480.689: [ParNew: 361669K->40752K(368640K), 0.0391990 secs] 4405249K->4103526K(12541952K), 0.0395250 secs] [Times: user=0.26 sys=0.01, real=0.04 secs] 
2011-03-01T01:09:41.756+0000: 483.147: [GC 483.147: [ParNew: 368432K->13660K(368640K), 0.0276480 secs] 4431206K->4091609K(12541952K), 0.0279710 secs] [Times: user=0.16 sys=0.00, real=0.03 secs] 
2011-03-01T01:09:44.275+0000: 485.666: [GC 485.666: [ParNew: 340543K->40960K(368640K), 0.0247680 secs] 4418493K->4127533K(12541952K), 0.0250930 secs] [Times: user=0.16 sys=0.00, real=0.02 secs] 
2011-03-01T01:09:46.909+0000: 488.300: [GC 488.300: [ParNew: 368640K->36713K(368640K), 0.0294240 secs] 4455213K->4130162K(12541952K), 0.0335640 secs] [Times: user=0.22 sys=0.00, real=0.04 secs] 
2011-03-01T01:09:49.741+0000: 491.132: [GC 491.132: [ParNew: 364393K->40960K(368640K), 0.0284470 secs] 4457842K->4139325K(12541952K), 0.0287520 secs] [Times: user=0.23 sys=0.00, real=0.03 secs] 
2011-03-01T01:09:52.395+0000: 493.786: [GC 493.786: [ParNew: 368640K->20216K(368640K), 0.0343860 secs] 4467005K->4136463K(12541952K), 0.0360870 secs] [Times: user=0.24 sys=0.00, real=0.03 secs] 
2011-03-01T01:09:54.628+0000: 496.019: [GC 496.019: [ParNew: 347888K->40415K(368640K), 0.0208910 secs] 4464135K->4156662K(12541952K), 0.0212030 secs] [Times: user=0.16 sys=0.00, real=0.02 secs] 
2011-03-01T01:09:55.548+0000: 496.939: [GC 496.939: [ParNew: 368053K->25172K(368640K), 0.0240050 secs] 4484300K->4149612K(12541952K), 0.0243090 secs] [Times: user=0.15 sys=0.01, real=0.02 secs] 
2011-03-01T01:09:56.097+0000: 497.488: [GC 497.488: [ParNew: 352812K->4919K(368640K), 0.0183780 secs] 4477252K->4137850K(12541952K), 0.0186780 secs] [Times: user=0.11 sys=0.01, real=0.02 secs] 
2011-03-01T01:09:56.522+0000: 497.913: [GC 497.913: [ParNew: 332584K->6884K(368640K), 0.0134390 secs] 4465515K->4139814K(12541952K), 0.0136900 secs] [Times: user=0.16 sys=0.00, real=0.02 secs] 
2011-03-01T01:09:56.968+0000: 498.359: [GC 498.359: [ParNew: 334564K->8530K(368640K), 0.0143960 secs] 4467494K->4141460K(12541952K), 0.0147350 secs] [Times: user=0.09 sys=0.00, real=0.01 secs] 
2011-03-01T01:09:57.444+0000: 498.835: [GC 498.835: [ParNew: 336210K->6412K(368640K), 0.0154920 secs] 4469140K->4140024K(12541952K), 0.0195560 secs] [Times: user=0.08 sys=0.00, real=0.02 secs] 
2011-03-01T01:09:57.894+0000: 499.285: [GC 499.285: [ParNew: 334091K->3433K(368640K), 0.0155230 secs] 4467704K->4137727K(12541952K), 0.0157830 secs] [Times: user=0.09 sys=0.01, real=0.01 secs] 
2011-03-01T01:09:58.398+0000: 499.789: [GC 499.789: [ParNew: 331113K->4806K(368640K), 0.0146060 secs] 4465407K->4139221K(12541952K), 0.0148870 secs] [Times: user=0.08 sys=0.00, real=0.02 secs] 
2011-03-01T01:09:58.856+0000: 500.247: [GC 500.247: [ParNew: 332432K->39762K(368640K), 0.0190130 secs] 4466847K->4176965K(12541952K), 0.0193240 secs] [Times: user=0.11 sys=0.00, real=0.02 secs] 
2011-03-01T01:10:00.071+0000: 501.463: [GC 501.463: [ParNew: 367442K->2370K(368640K), 0.0275270 secs] 4504645K->4147289K(12541952K), 0.0278480 secs] [Times: user=0.20 sys=0.01, real=0.03 secs] 
2011-03-01T01:10:02.726+0000: 504.117: [GC 504.117: [ParNew: 330050K->34715K(368640K), 0.0200730 secs] 4474969K->4179635K(12541952K), 0.0203780 secs] [Times: user=0.16 sys=0.00, real=0.02 secs] 
2011-03-01T01:10:07.355+0000: 508.746: [GC 508.746: [ParNew: 362395K->9647K(368640K), 0.0295370 secs] 4507315K->4165765K(12541952K), 0.0380940 secs] [Times: user=0.20 sys=0.01, real=0.04 secs] 
2011-03-01T01:10:11.730+0000: 513.122: [GC 513.122: [ParNew: 337327K->36272K(368640K), 0.0233990 secs] 4493445K->4192390K(12541952K), 0.0237250 secs] [Times: user=0.18 sys=0.00, real=0.03 secs] 
2011-03-01T01:10:15.831+0000: 517.222: [GC 517.222: [ParNew: 363952K->40960K(368640K), 0.0304250 secs] 4520070K->4207201K(12541952K), 0.0307520 secs] [Times: user=0.24 sys=0.00, real=0.03 secs] 
2011-03-01T01:10:19.473+0000: 520.864: [GC 520.864: [ParNew: 368640K->40960K(368640K), 0.0296400 secs] 4534881K->4215236K(12541952K), 0.0299530 secs] [Times: user=0.22 sys=0.01, real=0.03 secs] 
2011-03-01T01:10:22.807+0000: 524.198: [GC 524.199: [ParNew: 368640K->40960K(368640K), 0.0285810 secs] 4542916K->4223311K(12541952K), 0.0288880 secs] [Times: user=0.20 sys=0.00, real=0.03 secs] 
2011-03-01T01:10:25.616+0000: 527.007: [GC 527.007: [ParNew: 368640K->27636K(368640K), 0.0314080 secs] 4550991K->4226818K(12541952K), 0.0317150 secs] [Times: user=0.21 sys=0.02, real=0.04 secs] 
2011-03-01T01:10:28.178+0000: 529.569: [GC 529.569: [ParNew: 355316K->28079K(368640K), 0.0264540 secs] 4554498K->4239304K(12541952K), 0.0267620 secs] [Times: user=0.17 sys=0.00, real=0.03 secs] 
2011-03-01T01:10:31.023+0000: 532.414: [GC 532.415: [ParNew: 355759K->16899K(368640K), 0.0259030 secs] 4566984K->4238259K(12541952K), 0.0262250 secs] [Times: user=0.20 sys=0.00, real=0.02 secs] 
2011-03-01T01:10:33.614+0000: 535.005: [GC 535.005: [ParNew: 344579K->40960K(368640K), 0.0252170 secs] 4565939K->4266740K(12541952K), 0.0255220 secs] [Times: user=0.17 sys=0.00, real=0.02 secs] 
2011-03-01T01:10:35.649+0000: 537.040: [GC 537.040: [ParNew: 368640K->40960K(368640K), 0.0389380 secs] 4594442K->4282401K(12541952K), 0.0392430 secs] [Times: user=0.26 sys=0.01, real=0.04 secs] 
2011-03-01T01:10:35.690+0000: 537.081: [GC 537.081: [ParNew: 42989K->6016K(368640K), 0.0271620 secs] 4284431K->4261808K(12541952K), 0.0274150 secs] [Times: user=0.22 sys=0.00, real=0.03 secs] 
2011-03-01T01:10:36.502+0000: 537.894: [GC 537.894: [ParNew: 333696K->30265K(368640K), 0.0344490 secs] 4589488K->4286057K(12541952K), 0.0347720 secs] [Times: user=0.30 sys=0.00, real=0.03 secs] 
2011-03-01T01:10:37.224+0000: 538.615: [GC 538.616: [ParNew: 357945K->35338K(368640K), 0.0429360 secs] 4613737K->4305798K(12541952K), 0.0432600 secs] [Times: user=0.31 sys=0.00, real=0.04 secs] 
2011-03-01T01:10:37.923+0000: 539.314: [GC 539.314: [ParNew: 363018K->40960K(368640K), 0.1394770 secs] 4633478K->4353101K(12541952K), 0.1398360 secs] [Times: user=0.71 sys=0.01, real=0.14 secs] 
2011-03-01T01:10:38.648+0000: 540.039: [GC 540.039: [ParNew: 368640K->37867K(368640K), 0.0448570 secs] 4680781K->4366480K(12541952K), 0.0451850 secs] [Times: user=0.29 sys=0.02, real=0.05 secs] 
2011-03-01T01:10:40.396+0000: 541.787: [GC 541.788: [ParNew: 365547K->32074K(368640K), 0.0397360 secs] 4694160K->4378245K(12541952K), 0.0400510 secs] [Times: user=0.24 sys=0.00, real=0.04 secs] 
2011-03-01T01:10:43.218+0000: 544.609: [GC 544.610: [ParNew: 359755K->19372K(368640K), 0.0255940 secs] 4705926K->4375787K(12541952K), 0.0259020 secs] [Times: user=0.15 sys=0.00, real=0.03 secs] 
2011-03-01T01:10:43.245+0000: 544.636: [GC 544.636: [ParNew: 19500K->22146K(368640K), 0.0165560 secs] 4375915K->4378561K(12541952K), 0.0168690 secs] [Times: user=0.09 sys=0.00, real=0.02 secs] 
2011-03-01T01:10:45.830+0000: 547.221: [GC 547.221: [ParNew: 349826K->40960K(368640K), 0.0296320 secs] 4706241K->4403844K(12541952K), 0.0299450 secs] [Times: user=0.23 sys=0.00, real=0.03 secs] 
2011-03-01T01:10:48.461+0000: 549.852: [GC 549.852: [ParNew: 368640K->25050K(368640K), 0.0308790 secs] 4731524K->4401917K(12541952K), 0.0312020 secs] [Times: user=0.24 sys=0.00, real=0.03 secs] 
2011-03-01T01:10:51.046+0000: 552.438: [GC 552.438: [ParNew: 352730K->16147K(368640K), 0.0278600 secs] 4729597K->4403056K(12541952K), 0.0281710 secs] [Times: user=0.17 sys=0.00, real=0.03 secs] 
2011-03-01T01:10:54.242+0000: 555.633: [GC 555.634: [ParNew: 343800K->40960K(368640K), 0.0261720 secs] 4730708K->4433962K(12541952K), 0.0264910 secs] [Times: user=0.22 sys=0.00, real=0.02 secs] 
2011-03-01T01:10:55.064+0000: 556.455: [GC 556.455: [ParNew: 368589K->5550K(368640K), 0.0276300 secs] 4761591K->4414349K(12541952K), 0.0279400 secs] [Times: user=0.15 sys=0.00, real=0.02 secs] 
2011-03-01T01:10:55.807+0000: 557.198: [GC 557.199: [ParNew: 333230K->2961K(368640K), 0.0140530 secs] 4742029K->4411761K(12541952K), 0.0143060 secs] [Times: user=0.08 sys=0.00, real=0.01 secs] 
2011-03-01T01:10:56.263+0000: 557.654: [GC 557.654: [ParNew: 330641K->3321K(368640K), 0.0140810 secs] 4739441K->4412121K(12541952K), 0.0143350 secs] [Times: user=0.12 sys=0.00, real=0.02 secs] 
2011-03-01T01:10:56.666+0000: 558.057: [GC 558.057: [ParNew: 330955K->5198K(368640K), 0.0149710 secs] 4739755K->4413998K(12541952K), 0.0152170 secs] [Times: user=0.08 sys=0.00, real=0.01 secs] 
2011-03-01T01:10:57.081+0000: 558.472: [GC 558.472: [ParNew: 332878K->5086K(368640K), 0.0161010 secs] 4741678K->4414718K(12541952K), 0.0163820 secs] [Times: user=0.16 sys=0.00, real=0.02 secs] 
2011-03-01T01:10:57.494+0000: 558.885: [GC 558.885: [ParNew: 332766K->4244K(368640K), 0.0152490 secs] 4742398K->4414510K(12541952K), 0.0155050 secs] [Times: user=0.10 sys=0.00, real=0.02 secs] 
2011-03-01T01:10:57.896+0000: 559.287: [GC 559.287: [ParNew: 331924K->3159K(368640K), 0.0235450 secs] 4742190K->4413511K(12541952K), 0.0238050 secs] [Times: user=0.15 sys=0.00, real=0.02 secs] 
2011-03-01T01:10:58.420+0000: 559.811: [GC 559.812: [ParNew: 330778K->7379K(368640K), 0.0222370 secs] 4741129K->4418508K(12541952K), 0.0225370 secs] [Times: user=0.12 sys=0.01, real=0.03 secs] 
2011-03-01T01:11:00.129+0000: 561.520: [GC 561.520: [ParNew: 335059K->27555K(368640K), 0.0178770 secs] 4746188K->4438765K(12541952K), 0.0181910 secs] [Times: user=0.16 sys=0.00, real=0.02 secs] 
2011-03-01T01:11:03.289+0000: 564.680: [GC 564.680: [ParNew: 355227K->40960K(368640K), 0.0263540 secs] 4766437K->4459959K(12541952K), 0.0266680 secs] [Times: user=0.19 sys=0.00, real=0.03 secs] 
2011-03-01T01:11:05.512+0000: 566.903: [GC 566.903: [ParNew: 368640K->4337K(368640K), 0.0239600 secs] 4787639K->4437356K(12541952K), 0.0242770 secs] [Times: user=0.20 sys=0.00, real=0.03 secs] 
2011-03-01T01:11:09.513+0000: 570.904: [GC 570.904: [ParNew: 332017K->40589K(368640K), 0.0205310 secs] 4765036K->4473608K(12541952K), 0.0208420 secs] [Times: user=0.14 sys=0.01, real=0.02 secs] 
2011-03-01T01:11:13.393+0000: 574.784: [GC 574.785: [ParNew: 368269K->23644K(368640K), 0.0280650 secs] 4801288K->4468233K(12541952K), 0.0283740 secs] [Times: user=0.20 sys=0.00, real=0.02 secs] 
2011-03-01T01:11:17.532+0000: 578.923: [GC 578.923: [ParNew: 351324K->36683K(368640K), 0.0267760 secs] 4795913K->4491035K(12541952K), 0.0270880 secs] [Times: user=0.23 sys=0.00, real=0.03 secs] 
2011-03-01T01:11:20.916+0000: 582.307: [GC 582.308: [ParNew: 364363K->12339K(368640K), 0.0246150 secs] 4818715K->4476342K(12541952K), 0.0249230 secs] [Times: user=0.16 sys=0.00, real=0.02 secs] 
2011-03-01T01:11:23.926+0000: 585.317: [GC 585.317: [ParNew: 340019K->29404K(368640K), 0.0216510 secs] 4804022K->4493407K(12541952K), 0.0219540 secs] [Times: user=0.16 sys=0.00, real=0.02 secs] 
2011-03-01T01:11:26.419+0000: 587.810: [GC 587.810: [ParNew: 357084K->40960K(368640K), 0.0300060 secs] 4821087K->4514248K(12541952K), 0.0303140 secs] [Times: user=0.24 sys=0.00, real=0.03 secs] 
2011-03-01T01:11:27.366+0000: 588.757: [GC 588.757: [ParNew: 368640K->40960K(368640K), 0.0522780 secs] 4841928K->4671777K(12541952K), 0.0525880 secs] [Times: user=0.31 sys=0.05, real=0.05 secs] 
2011-03-01T01:11:27.903+0000: 589.294: [GC 589.294: [ParNew: 368640K->30737K(368640K), 0.0340150 secs] 4999457K->4671082K(12541952K), 0.0343300 secs] [Times: user=0.24 sys=0.02, real=0.03 secs] 
2011-03-01T01:11:28.418+0000: 589.809: [GC 589.810: [ParNew: 358417K->14429K(368640K), 0.0358940 secs] 4998762K->4665353K(12541952K), 0.0362050 secs] [Times: user=0.20 sys=0.04, real=0.04 secs] 
2011-03-01T01:11:28.954+0000: 590.345: [GC 590.345: [ParNew: 342109K->30216K(368640K), 0.0380810 secs] 4993033K->4681140K(12541952K), 0.0383940 secs] [Times: user=0.25 sys=0.00, real=0.04 secs] 
2011-03-01T01:11:29.451+0000: 590.843: [GC 590.843: [ParNew: 357896K->39185K(368640K), 0.0392130 secs] 5008820K->4695950K(12541952K), 0.0395210 secs] [Times: user=0.32 sys=0.00, real=0.04 secs] 
2011-03-01T01:11:29.991+0000: 591.382: [GC 591.382: [ParNew: 366865K->19051K(368640K), 0.0433270 secs] 5023630K->4688698K(12541952K), 0.0436420 secs] [Times: user=0.31 sys=0.00, real=0.05 secs] 
2011-03-01T01:11:30.806+0000: 592.197: [GC 592.198: [ParNew: 346731K->36559K(368640K), 0.0415050 secs] 5016378K->4712695K(12541952K), 0.0418210 secs] [Times: user=0.32 sys=0.00, real=0.04 secs] 
2011-03-01T01:11:31.955+0000: 593.346: [GC 593.346: [ParNew: 364239K->40960K(368640K), 0.0642540 secs] 5040375K->4886020K(12541952K), 0.0645710 secs] [Times: user=0.40 sys=0.03, real=0.06 secs] 
2011-03-01T01:11:32.968+0000: 594.359: [GC 594.359: [ParNew: 368640K->12159K(368640K), 0.0429030 secs] 5213709K->4875419K(12541952K), 0.0432110 secs] [Times: user=0.29 sys=0.00, real=0.04 secs] 
2011-03-01T01:11:33.013+0000: 594.404: [GC 594.404: [ParNew: 12467K->9372K(368640K), 0.0158230 secs] 4875727K->4872632K(12541952K), 0.0160730 secs] [Times: user=0.09 sys=0.00, real=0.01 secs] 
2011-03-01T01:11:33.919+0000: 595.310: [GC 595.310: [ParNew: 337052K->34996K(368640K), 0.0237530 secs] 5200312K->4898256K(12541952K), 0.0240600 secs] [Times: user=0.19 sys=0.00, real=0.03 secs] 
2011-03-01T01:11:34.908+0000: 596.299: [GC 596.299: [ParNew: 362676K->10841K(368640K), 0.0317570 secs] 5225936K->4890484K(12541952K), 0.0320680 secs] [Times: user=0.24 sys=0.00, real=0.03 secs] 
2011-03-01T01:11:35.817+0000: 597.208: [GC 597.208: [ParNew: 338521K->27012K(368640K), 0.0230330 secs] 5218164K->4906655K(12541952K), 0.0240140 secs] [Times: user=0.15 sys=0.00, real=0.02 secs] 
2011-03-01T01:11:36.792+0000: 598.183: [GC 598.184: [ParNew: 354692K->36254K(368640K), 0.0313220 secs] 5234335K->4921530K(12541952K), 0.0316320 secs] [Times: user=0.21 sys=0.01, real=0.03 secs] 
2011-03-01T01:11:37.693+0000: 599.084: [GC 599.084: [ParNew: 363934K->28041K(368640K), 0.0351120 secs] 5249210K->4921847K(12541952K), 0.0354240 secs] [Times: user=0.29 sys=0.00, real=0.03 secs] 
2011-03-01T01:11:38.033+0000: 599.424: [GC 599.424: [ParNew: 355721K->40960K(368640K), 0.0391530 secs] 5249527K->5010131K(12541952K), 0.0394800 secs] [Times: user=0.25 sys=0.02, real=0.04 secs] 
2011-03-01T01:11:38.448+0000: 599.839: [GC 599.839: [ParNew: 368640K->22872K(368640K), 0.0446240 secs] 5337811K->5022398K(12541952K), 0.0449460 secs] [Times: user=0.26 sys=0.02, real=0.05 secs] 
2011-03-01T01:11:38.765+0000: 600.156: [GC 600.157: [ParNew: 350552K->22357K(368640K), 0.0409610 secs] 5350078K->5036422K(12541952K), 0.0412890 secs] [Times: user=0.23 sys=0.03, real=0.04 secs] 
2011-03-01T01:11:39.157+0000: 600.549: [GC 600.549: [ParNew: 350037K->40960K(368640K), 0.0363100 secs] 5364102K->5060123K(12541952K), 0.0366490 secs] [Times: user=0.25 sys=0.01, real=0.04 secs] 
2011-03-01T01:11:39.549+0000: 600.940: [GC 600.940: [ParNew: 368640K->18738K(368640K), 0.0500210 secs] 5387803K->5064562K(12541952K), 0.0503450 secs] [Times: user=0.35 sys=0.00, real=0.05 secs] 
2011-03-01T01:11:39.900+0000: 601.291: [GC 601.291: [ParNew: 346418K->40960K(368640K), 0.0427640 secs] 5392242K->5089085K(12541952K), 0.0430780 secs] [Times: user=0.32 sys=0.00, real=0.05 secs] 
2011-03-01T01:11:40.213+0000: 601.604: [GC 601.605: [ParNew: 368640K->19872K(368640K), 0.0693290 secs] 5416765K->5096257K(12541952K), 0.0696730 secs] [Times: user=0.37 sys=0.00, real=0.07 secs] 
2011-03-01T01:11:40.612+0000: 602.004: [GC 602.004: [ParNew: 347552K->40960K(368640K), 0.0373940 secs] 5423937K->5121895K(12541952K), 0.0377170 secs] [Times: user=0.26 sys=0.01, real=0.03 secs] 
2011-03-01T01:11:41.072+0000: 602.463: [GC 602.463: [ParNew: 368640K->33573K(368640K), 0.0659760 secs] 5449575K->5141208K(12541952K), 0.0663050 secs] [Times: user=0.46 sys=0.01, real=0.07 secs] 
2011-03-01T01:11:41.490+0000: 602.881: [GC 602.881: [ParNew: 361253K->23863K(368640K), 0.0352580 secs] 5468888K->5140551K(12541952K), 0.0356030 secs] [Times: user=0.27 sys=0.00, real=0.04 secs] 
2011-03-01T01:11:41.992+0000: 603.383: [GC 603.383: [ParNew: 351543K->40960K(368640K), 0.0307160 secs] 5468231K->5158224K(12541952K), 0.0310400 secs] [Times: user=0.24 sys=0.00, real=0.04 secs] 
2011-03-01T01:11:42.697+0000: 604.088: [GC 604.089: [ParNew: 368640K->14650K(368640K), 0.0443610 secs] 5485904K->5154278K(12541952K), 0.0447160 secs] [Times: user=0.29 sys=0.02, real=0.04 secs] 
2011-03-01T01:11:43.628+0000: 605.019: [GC 605.019: [ParNew: 342330K->19672K(368640K), 0.0263970 secs] 5481958K->5159301K(12541952K), 0.0267180 secs] [Times: user=0.20 sys=0.01, real=0.03 secs] 
2011-03-01T01:11:44.623+0000: 606.015: [GC 606.015: [ParNew: 347352K->40960K(368640K), 0.0355620 secs] 5486981K->5186412K(12541952K), 0.0358780 secs] [Times: user=0.26 sys=0.00, real=0.03 secs] 
2011-03-01T01:11:45.623+0000: 607.014: [GC 607.014: [ParNew: 368640K->15608K(368640K), 0.0427090 secs] 5514092K->5183513K(12541952K), 0.0430350 secs] [Times: user=0.28 sys=0.00, real=0.04 secs] 
2011-03-01T01:11:46.546+0000: 607.937: [GC 607.937: [ParNew: 343288K->18628K(368640K), 0.0262910 secs] 5511193K->5186532K(12541952K), 0.0266120 secs] [Times: user=0.16 sys=0.00, real=0.03 secs] 
2011-03-01T01:11:47.480+0000: 608.871: [GC 608.871: [ParNew: 346308K->40960K(368640K), 0.0306030 secs] 5514212K->5208869K(12541952K), 0.0309290 secs] [Times: user=0.24 sys=0.00, real=0.03 secs] 
2011-03-01T01:11:48.475+0000: 609.866: [GC 609.866: [ParNew: 368640K->21319K(368640K), 0.0525080 secs] 5536549K->5219032K(12541952K), 0.0528340 secs] [Times: user=0.28 sys=0.00, real=0.05 secs] 
2011-03-01T01:11:49.482+0000: 610.874: [GC 610.874: [ParNew: 348999K->17568K(368640K), 0.0244440 secs] 5546712K->5215281K(12541952K), 0.0247780 secs] [Times: user=0.21 sys=0.00, real=0.02 secs] 
2011-03-01T01:11:50.422+0000: 611.813: [GC 611.813: [ParNew: 345248K->40960K(368640K), 0.0376410 secs] 5542961K->5246369K(12541952K), 0.0379680 secs] [Times: user=0.29 sys=0.00, real=0.03 secs] 
2011-03-01T01:11:51.367+0000: 612.759: [GC 612.759: [ParNew: 368640K->29927K(368640K), 0.0436520 secs] 5574049K->5255578K(12541952K), 0.0439840 secs] [Times: user=0.31 sys=0.00, real=0.04 secs] 
2011-03-01T01:11:52.387+0000: 613.778: [GC 613.778: [ParNew: 357607K->11109K(368640K), 0.0307610 secs] 5583258K->5248547K(12541952K), 0.0310910 secs] [Times: user=0.24 sys=0.00, real=0.03 secs] 
2011-03-01T01:11:53.453+0000: 614.844: [GC 614.844: [ParNew: 338789K->18971K(368640K), 0.0253480 secs] 5576227K->5256409K(12541952K), 0.0256690 secs] [Times: user=0.19 sys=0.00, real=0.02 secs] 
2011-03-01T01:11:54.676+0000: 616.067: [GC 616.068: [ParNew: 346647K->40960K(368640K), 0.0357160 secs] 5584085K->5286688K(12541952K), 0.0360510 secs] [Times: user=0.24 sys=0.00, real=0.03 secs] 
2011-03-01T01:11:55.484+0000: 616.875: [GC 616.875: [ParNew: 368610K->12229K(368640K), 0.0379560 secs] 5614338K->5276398K(12541952K), 0.0382930 secs] [Times: user=0.23 sys=0.01, real=0.03 secs] 
2011-03-01T01:11:56.084+0000: 617.475: [GC 617.475: [ParNew: 339909K->8509K(368640K), 0.0186330 secs] 5604078K->5272678K(12541952K), 0.0189570 secs] [Times: user=0.09 sys=0.00, real=0.02 secs] 
2011-03-01T01:11:56.970+0000: 618.361: [GC 618.361: [ParNew: 336168K->12119K(368640K), 0.0217280 secs] 5600337K->5276288K(12541952K), 0.0220580 secs] [Times: user=0.16 sys=0.00, real=0.02 secs] 
2011-03-01T01:11:57.289+0000: 618.680: [GC 618.680: [ParNew: 339747K->17542K(368640K), 0.0223500 secs] 5603916K->5281711K(12541952K), 0.0226810 secs] [Times: user=0.16 sys=0.00, real=0.02 secs] 
2011-03-01T01:11:57.693+0000: 619.084: [GC 619.085: [ParNew: 345222K->15128K(368640K), 0.0261290 secs] 5609391K->5282915K(12541952K), 0.0264580 secs] [Times: user=0.18 sys=0.01, real=0.02 secs] 
2011-03-01T01:11:58.085+0000: 619.476: [GC 619.476: [ParNew: 342808K->17538K(368640K), 0.0240960 secs] 5610595K->5287031K(12541952K), 0.0244340 secs] [Times: user=0.16 sys=0.00, real=0.02 secs] 
2011-03-01T01:11:58.450+0000: 619.841: [GC 619.841: [ParNew: 345218K->11563K(368640K), 0.0256800 secs] 5614711K->5285046K(12541952K), 0.0260150 secs] [Times: user=0.22 sys=0.00, real=0.03 secs] 
2011-03-01T01:11:58.891+0000: 620.282: [GC 620.283: [ParNew: 339199K->12854K(368640K), 0.0239820 secs] 5612682K->5288363K(12541952K), 0.0243090 secs] [Times: user=0.22 sys=0.00, real=0.03 secs] 
2011-03-01T01:11:59.302+0000: 620.693: [GC 620.694: [ParNew: 340496K->9615K(368640K), 0.0225290 secs] 5616004K->5286907K(12541952K), 0.0228610 secs] [Times: user=0.18 sys=0.00, real=0.03 secs] 
2011-03-01T01:12:00.358+0000: 621.749: [GC 621.749: [ParNew: 337295K->34027K(368640K), 0.0294480 secs] 5614587K->5312785K(12541952K), 0.0297790 secs] [Times: user=0.23 sys=0.01, real=0.03 secs] 
2011-03-01T01:12:04.071+0000: 625.462: [GC 625.462: [ParNew: 361707K->40960K(368640K), 0.0601340 secs] 5640465K->5340861K(12541952K), 0.0604580 secs] [Times: user=0.46 sys=0.00, real=0.06 secs] 
2011-03-01T01:12:08.403+0000: 629.795: [GC 629.795: [ParNew: 368640K->28442K(368640K), 0.0603050 secs] 5668541K->5352727K(12541952K), 0.0606350 secs] [Times: user=0.40 sys=0.00, real=0.06 secs] 
2011-03-01T01:12:12.660+0000: 634.051: [GC 634.052: [ParNew: 356122K->35903K(368640K), 0.0724430 secs] 5680407K->5379707K(12541952K), 0.0728390 secs] [Times: user=0.49 sys=0.00, real=0.08 secs] 
2011-03-01T01:12:15.121+0000: 636.512: [GC 636.512: [ParNew: 363583K->26133K(368640K), 0.0522930 secs] 5707387K->5393795K(12541952K), 0.0526050 secs] [Times: user=0.40 sys=0.00, real=0.06 secs] 
2011-03-01T01:12:18.635+0000: 640.026: [GC 640.026: [ParNew: 353813K->40960K(368640K), 0.0486140 secs] 5721475K->5420231K(12541952K), 0.0489230 secs] [Times: user=0.33 sys=0.00, real=0.05 secs] 
2011-03-01T01:12:22.215+0000: 643.606: [GC 643.607: [ParNew: 368640K->33531K(368640K), 0.0609540 secs] 5747911K->5439182K(12541952K), 0.0612790 secs] [Times: user=0.40 sys=0.01, real=0.06 secs] 
2011-03-01T01:12:24.793+0000: 646.184: [GC 646.185: [ParNew: 361211K->40960K(368640K), 0.0611600 secs] 5766862K->5472794K(12541952K), 0.0614900 secs] [Times: user=0.44 sys=0.00, real=0.06 secs] 
2011-03-01T01:12:27.444+0000: 648.835: [GC 648.836: [ParNew: 368640K->37415K(368640K), 0.0581190 secs] 5800474K->5496895K(12541952K), 0.0584380 secs] [Times: user=0.39 sys=0.00, real=0.06 secs] 
2011-03-01T01:12:30.016+0000: 651.407: [GC 651.408: [ParNew: 365095K->36548K(368640K), 0.0452320 secs] 5824575K->5520350K(12541952K), 0.0455460 secs] [Times: user=0.30 sys=0.00, real=0.04 secs] 
2011-03-01T01:12:32.613+0000: 654.004: [GC 654.004: [ParNew: 364228K->38559K(368640K), 0.0341400 secs] 5848030K->5540104K(12541952K), 0.0344460 secs] [Times: user=0.25 sys=0.01, real=0.03 secs] 
2011-03-01T01:12:35.395+0000: 656.786: [GC 656.786: [ParNew: 366239K->21142K(368640K), 0.0337670 secs] 5867784K->5538320K(12541952K), 0.0340790 secs] [Times: user=0.24 sys=0.00, real=0.03 secs] 
2011-03-01T01:12:36.301+0000: 657.692: [GC 657.692: [ParNew: 348822K->40960K(368640K), 0.0497570 secs] 5866000K->5575251K(12541952K), 0.0500740 secs] [Times: user=0.36 sys=0.01, real=0.05 secs] 
2011-03-01T01:12:36.909+0000: 658.301: [GC 658.301: [ParNew: 368640K->40916K(368640K), 0.0397390 secs] 5902931K->5593622K(12541952K), 0.0400710 secs] [Times: user=0.31 sys=0.00, real=0.04 secs] 
2011-03-01T01:12:37.713+0000: 659.104: [GC 659.104: [ParNew: 368596K->30852K(368640K), 0.0480430 secs] 5921302K->5603303K(12541952K), 0.0483800 secs] [Times: user=0.37 sys=0.00, real=0.04 secs] 
2011-03-01T01:12:38.252+0000: 659.643: [GC 659.643: [ParNew: 358532K->40960K(368640K), 0.0450140 secs] 5930983K->5630952K(12541952K), 0.0453400 secs] [Times: user=0.30 sys=0.02, real=0.05 secs] 
2011-03-01T01:12:39.515+0000: 660.906: [GC 660.906: [ParNew: 368640K->24525K(368640K), 0.0399630 secs] 5958632K->5632887K(12541952K), 0.0402840 secs] [Times: user=0.26 sys=0.00, real=0.04 secs] 
2011-03-01T01:12:42.234+0000: 663.625: [GC 663.625: [ParNew: 352205K->40960K(368640K), 0.0317570 secs] 5960567K->5656530K(12541952K), 0.0320780 secs] [Times: user=0.22 sys=0.00, real=0.03 secs] 
2011-03-01T01:12:44.870+0000: 666.261: [GC 666.262: [ParNew: 368640K->40960K(368640K), 0.0381250 secs] 5984210K->5663622K(12541952K), 0.0384440 secs] [Times: user=0.31 sys=0.01, real=0.04 secs] 
2011-03-01T01:12:47.606+0000: 668.997: [GC 668.998: [ParNew: 368640K->26460K(368640K), 0.0485320 secs] 5991302K->5666146K(12541952K), 0.0488600 secs] [Times: user=0.27 sys=0.00, real=0.05 secs] 
2011-03-01T01:12:50.208+0000: 671.599: [GC 671.599: [ParNew: 354140K->40960K(368640K), 0.0352950 secs] 5993826K->5689416K(12541952K), 0.0356210 secs] [Times: user=0.24 sys=0.01, real=0.04 secs] 
2011-03-01T01:12:53.507+0000: 674.898: [GC 674.898: [ParNew: 366618K->24237K(368640K), 0.0301000 secs] 6015075K->5679712K(12541952K), 0.0304260 secs] [Times: user=0.24 sys=0.00, real=0.03 secs] 
2011-03-01T01:12:55.724+0000: 677.115: [GC 677.115: [ParNew: 351917K->25903K(368640K), 0.0278790 secs] 6007392K->5688156K(12541952K), 0.0282110 secs] [Times: user=0.17 sys=0.01, real=0.03 secs] 
2011-03-01T01:12:59.329+0000: 680.720: [GC 680.720: [ParNew: 353554K->34823K(368640K), 0.0306620 secs] 6015806K->5703110K(12541952K), 0.0309930 secs] [Times: user=0.23 sys=0.00, real=0.03 secs] 
2011-03-01T01:13:00.123+0000: 681.514: [GC 681.514: [ParNew: 362503K->6837K(368640K), 0.0298160 secs] 6030790K->5691069K(12541952K), 0.0301570 secs] [Times: user=0.19 sys=0.00, real=0.03 secs] 
2011-03-01T01:13:00.720+0000: 682.111: [GC 682.112: [ParNew: 334498K->3623K(368640K), 0.0188940 secs] 6018730K->5687855K(12541952K), 0.0192110 secs] [Times: user=0.16 sys=0.00, real=0.02 secs] 
2011-03-01T01:13:01.149+0000: 682.540: [GC 682.540: [ParNew: 331303K->18110K(368640K), 0.0195950 secs] 6015535K->5702342K(12541952K), 0.0199230 secs] [Times: user=0.15 sys=0.01, real=0.02 secs] 
2011-03-01T01:13:01.477+0000: 682.868: [GC 682.868: [ParNew: 345790K->20914K(368640K), 0.0191070 secs] 6030022K->5705146K(12541952K), 0.0194370 secs] [Times: user=0.15 sys=0.01, real=0.02 secs] 
2011-03-01T01:13:02.006+0000: 683.397: [GC 683.397: [ParNew: 348578K->40960K(368640K), 0.0228450 secs] 6032810K->5726280K(12541952K), 0.0231750 secs] [Times: user=0.16 sys=0.00, real=0.02 secs] 
2011-03-01T01:13:02.420+0000: 683.811: [GC 683.811: [ParNew: 368640K->20123K(368640K), 0.0213690 secs] 6053960K->5711758K(12541952K), 0.0216970 secs] [Times: user=0.16 sys=0.00, real=0.02 secs] 
2011-03-01T01:13:02.866+0000: 684.257: [GC 684.258: [ParNew: 347803K->7818K(368640K), 0.0180310 secs] 6039438K->5699452K(12541952K), 0.0183590 secs] [Times: user=0.13 sys=0.00, real=0.02 secs] 
2011-03-01T01:13:03.334+0000: 684.725: [GC 684.725: [ParNew: 335465K->12314K(368640K), 0.0183880 secs] 6027099K->5704037K(12541952K), 0.0187140 secs] [Times: user=0.10 sys=0.00, real=0.02 secs] 
2011-03-01T01:13:03.792+0000: 685.183: [GC 685.183: [ParNew: 339986K->3167K(368640K), 0.0194060 secs] 6031709K->5697710K(12541952K), 0.0197330 secs] [Times: user=0.15 sys=0.00, real=0.02 secs] 
2011-03-01T01:13:06.382+0000: 687.773: [GC 687.773: [ParNew: 330847K->11472K(368640K), 0.0217590 secs] 6025390K->5706291K(12541952K), 0.0220880 secs] [Times: user=0.17 sys=0.00, real=0.03 secs] 
2011-03-01T01:13:10.696+0000: 692.087: [GC 692.087: [ParNew: 339152K->40960K(368640K), 0.0262180 secs] 6033971K->5736633K(12541952K), 0.0265440 secs] [Times: user=0.15 sys=0.01, real=0.03 secs] 
2011-03-01T01:13:14.754+0000: 696.146: [GC 696.146: [ParNew: 368640K->26744K(368640K), 0.0350740 secs] 6064313K->5737179K(12541952K), 0.0354040 secs] [Times: user=0.24 sys=0.01, real=0.03 secs] 
2011-03-01T01:13:18.572+0000: 699.963: [GC 699.964: [ParNew: 354424K->25303K(368640K), 0.0277630 secs] 6064859K->5745498K(12541952K), 0.0280900 secs] [Times: user=0.21 sys=0.00, real=0.02 secs] 
2011-03-01T01:13:22.395+0000: 703.786: [GC 703.786: [ParNew: 352983K->39324K(368640K), 0.0300380 secs] 6073178K->5769474K(12541952K), 0.0303620 secs] [Times: user=0.20 sys=0.00, real=0.03 secs] 
2011-03-01T01:13:24.967+0000: 706.358: [GC 706.358: [ParNew: 367024K->29231K(368640K), 0.0317200 secs] 6097174K->5769535K(12541952K), 0.0320340 secs] [Times: user=0.24 sys=0.00, real=0.03 secs] 
2011-03-01T01:13:25.000+0000: 706.392: [GC 706.392: [ParNew: 29883K->4495K(368640K), 0.0241810 secs] 5770187K->5755434K(12541952K), 0.0244440 secs] [Times: user=0.18 sys=0.00, real=0.03 secs] 
2011-03-01T01:13:27.426+0000: 708.817: [GC 708.817: [ParNew: 332175K->8127K(368640K), 0.0219400 secs] 6083114K->5759065K(12541952K), 0.0222610 secs] [Times: user=0.16 sys=0.00, real=0.02 secs] 
2011-03-01T01:13:29.970+0000: 711.361: [GC 711.361: [ParNew: 335807K->24682K(368640K), 0.0255090 secs] 6086745K->5775620K(12541952K), 0.0258310 secs] [Times: user=0.23 sys=0.00, real=0.03 secs] 
2011-03-01T01:13:32.535+0000: 713.926: [GC 713.926: [ParNew: 350366K->40960K(368640K), 0.0338030 secs] 6101304K->5800573K(12541952K), 0.0341220 secs] [Times: user=0.24 sys=0.01, real=0.03 secs] 
2011-03-01T01:13:35.149+0000: 716.540: [GC 716.540: [ParNew: 368640K->40960K(368640K), 0.0343450 secs] 6128253K->5815019K(12541952K), 0.0346790 secs] [Times: user=0.24 sys=0.00, real=0.04 secs] 
2011-03-01T01:13:36.236+0000: 717.627: [GC 717.797: [ParNew: 368640K->40960K(368640K), 0.0919880 secs] 6142699K->5828124K(12541952K), 0.0924230 secs] [Times: user=0.52 sys=0.00, real=0.26 secs] 
2011-03-01T01:13:36.838+0000: 718.229: [GC 718.229: [ParNew: 368640K->34079K(368640K), 0.0543970 secs] 6155804K->5845799K(12541952K), 0.0547210 secs] [Times: user=0.38 sys=0.00, real=0.06 secs] 
2011-03-01T01:13:37.648+0000: 719.039: [GC 719.039: [ParNew: 361759K->23875K(368640K), 0.0479560 secs] 6173479K->5853082K(12541952K), 0.0482760 secs] [Times: user=0.31 sys=0.00, real=0.05 secs] 
2011-03-01T01:13:38.226+0000: 719.617: [GC 719.617: [ParNew: 351555K->40960K(368640K), 0.0649110 secs] 6180762K->5885318K(12541952K), 0.0652400 secs] [Times: user=0.39 sys=0.00, real=0.06 secs] 
2011-03-01T01:13:39.266+0000: 720.657: [GC 720.657: [ParNew: 368640K->21832K(368640K), 0.0397460 secs] 6212998K->5886612K(12541952K), 0.0400830 secs] [Times: user=0.27 sys=0.00, real=0.04 secs] 
2011-03-01T01:13:41.519+0000: 722.910: [GC 722.910: [ParNew: 349512K->40960K(368640K), 0.0309990 secs] 6214292K->5914046K(12541952K), 0.0313200 secs] [Times: user=0.24 sys=0.00, real=0.03 secs] 
2011-03-01T01:13:44.239+0000: 725.630: [GC 725.630: [ParNew: 368640K->26243K(368640K), 0.0374670 secs] 6241726K->5913200K(12541952K), 0.0377940 secs] [Times: user=0.29 sys=0.01, real=0.04 secs] 
2011-03-01T01:13:46.786+0000: 728.177: [GC 728.177: [ParNew: 353923K->33514K(368640K), 0.0253460 secs] 6240880K->5930685K(12541952K), 0.0256700 secs] [Times: user=0.16 sys=0.00, real=0.02 secs] 
2011-03-01T01:13:49.350+0000: 730.741: [GC 730.741: [ParNew: 361194K->34725K(368640K), 0.0262150 secs] 6258365K->5942031K(12541952K), 0.0265280 secs] [Times: user=0.24 sys=0.00, real=0.03 secs] 
2011-03-01T01:13:51.807+0000: 733.198: [GC 733.198: [ParNew: 362405K->40960K(368640K), 0.0273540 secs] 6269711K->5961157K(12541952K), 0.0276800 secs] [Times: user=0.17 sys=0.00, real=0.03 secs] 
2011-03-01T01:13:54.494+0000: 735.885: [GC 735.885: [ParNew: 368623K->18393K(368640K), 0.0241350 secs] 6288821K->5948221K(12541952K), 0.0244660 secs] [Times: user=0.15 sys=0.00, real=0.02 secs] 
2011-03-01T01:13:55.395+0000: 736.787: [GC 736.787: [ParNew: 346053K->24333K(368640K), 0.0170910 secs] 6275881K->5954161K(12541952K), 0.0174190 secs] [Times: user=0.08 sys=0.00, real=0.02 secs] 
2011-03-01T01:13:55.918+0000: 737.309: [GC 737.309: [ParNew: 352013K->6046K(368640K), 0.0183880 secs] 6281841K->5943132K(12541952K), 0.0187140 secs] [Times: user=0.15 sys=0.02, real=0.02 secs] 
2011-03-01T01:13:56.348+0000: 737.739: [GC 737.739: [ParNew: 333726K->5866K(368640K), 0.0136750 secs] 6270812K->5942952K(12541952K), 0.0139930 secs] [Times: user=0.08 sys=0.00, real=0.01 secs] 
2011-03-01T01:13:56.707+0000: 738.098: [GC 738.098: [ParNew: 333541K->20646K(368640K), 0.0149040 secs] 6270627K->5957732K(12541952K), 0.0152320 secs] [Times: user=0.08 sys=0.00, real=0.01 secs] 
2011-03-01T01:13:57.092+0000: 738.483: [GC 738.484: [ParNew: 348263K->11004K(368640K), 0.0148180 secs] 6285349K->5948932K(12541952K), 0.0151450 secs] [Times: user=0.13 sys=0.00, real=0.01 secs] 
2011-03-01T01:13:57.401+0000: 738.792: [GC 738.792: [ParNew: 338655K->19859K(368640K), 0.0147930 secs] 6276583K->5958093K(12541952K), 0.0151250 secs] [Times: user=0.16 sys=0.00, real=0.02 secs] 
2011-03-01T01:13:57.750+0000: 739.141: [GC 739.141: [ParNew: 347534K->11510K(368640K), 0.0183950 secs] 6285768K->5950429K(12541952K), 0.0187250 secs] [Times: user=0.16 sys=0.00, real=0.02 secs] 
2011-03-01T01:13:58.159+0000: 739.550: [GC 739.550: [ParNew: 339140K->17066K(368640K), 0.0186170 secs] 6278059K->5958260K(12541952K), 0.0189480 secs] [Times: user=0.16 sys=0.00, real=0.02 secs] 
2011-03-01T01:13:58.601+0000: 739.992: [GC 739.992: [ParNew: 344685K->12541K(368640K), 0.0185810 secs] 6285879K->5954253K(12541952K), 0.0189070 secs] [Times: user=0.16 sys=0.01, real=0.02 secs] 
2011-03-01T01:14:00.005+0000: 741.396: [GC 741.396: [ParNew: 340221K->17611K(368640K), 0.0194410 secs] 6281933K->5959578K(12541952K), 0.0197730 secs] [Times: user=0.14 sys=0.00, real=0.02 secs] 
2011-03-01T01:14:02.687+0000: 744.079: [GC 744.079: [ParNew: 345291K->40960K(368640K), 0.0275960 secs] 6287258K->5985572K(12541952K), 0.0279140 secs] [Times: user=0.22 sys=0.01, real=0.03 secs] 
2011-03-01T01:14:07.061+0000: 748.452: [GC 748.452: [ParNew: 368640K->40960K(368640K), 0.0303060 secs] 6313252K->5999964K(12541952K), 0.0424630 secs] [Times: user=0.18 sys=0.00, real=0.05 secs] 
2011-03-01T01:14:11.340+0000: 752.731: [GC 752.731: [ParNew: 368640K->27122K(368640K), 0.0291810 secs] 6327644K->5997757K(12541952K), 0.0295080 secs] [Times: user=0.24 sys=0.00, real=0.03 secs] 
2011-03-01T01:14:15.614+0000: 757.005: [GC 757.005: [ParNew: 354783K->19508K(368640K), 0.0287830 secs] 6325418K->5998024K(12541952K), 0.0291080 secs] [Times: user=0.17 sys=0.00, real=0.03 secs] 
2011-03-01T01:14:19.160+0000: 760.551: [GC 760.552: [ParNew: 347188K->40960K(368640K), 0.0308680 secs] 6325704K->6027629K(12541952K), 0.0311920 secs] [Times: user=0.25 sys=0.00, real=0.03 secs] 
2011-03-01T01:14:22.790+0000: 764.181: [GC 764.181: [ParNew: 368640K->30641K(368640K), 0.0311640 secs] 6355309K->6027237K(12541952K), 0.0314870 secs] [Times: user=0.24 sys=0.00, real=0.03 secs] 
2011-03-01T01:14:25.393+0000: 766.784: [GC 766.784: [ParNew: 358321K->18567K(368640K), 0.0290400 secs] 6354917K->6025140K(12541952K), 0.0293680 secs] [Times: user=0.20 sys=0.00, real=0.03 secs] 
2011-03-01T01:14:28.079+0000: 769.470: [GC 769.470: [ParNew: 346247K->40960K(368640K), 0.0294870 secs] 6352820K->6052200K(12541952K), 0.0298010 secs] [Times: user=0.24 sys=0.00, real=0.03 secs] 
2011-03-01T01:14:30.542+0000: 771.933: [GC 771.934: [ParNew: 368640K->40960K(368640K), 0.0350780 secs] 6379880K->6062288K(12541952K), 0.0354060 secs] [Times: user=0.28 sys=0.01, real=0.03 secs] 
2011-03-01T01:14:33.145+0000: 774.536: [GC 774.537: [ParNew: 368640K->25045K(368640K), 0.0342960 secs] 6389968K->6060091K(12541952K), 0.0346240 secs] [Times: user=0.23 sys=0.02, real=0.03 secs] 
2011-03-01T01:14:34.917+0000: 776.308: [GC 776.308: [ParNew: 350020K->40827K(368640K), 0.0342750 secs] 6385066K->6170157K(12541952K), 0.0345540 secs] [Times: user=0.22 sys=0.02, real=0.03 secs] 
2011-03-01T01:14:35.356+0000: 776.748: [GC 776.748: [ParNew: 368507K->8446K(368640K), 0.0492700 secs] 6497837K->6217599K(12541952K), 0.0495810 secs] [Times: user=0.36 sys=0.00, real=0.05 secs] 
2011-03-01T01:14:35.773+0000: 777.164: [GC 777.164: [ParNew: 336126K->20743K(368640K), 0.0314950 secs] 6545279K->6229896K(12541952K), 0.0317980 secs] [Times: user=0.25 sys=0.00, real=0.03 secs] 
2011-03-01T01:14:36.157+0000: 777.548: [GC 777.548: [ParNew: 348423K->40960K(368640K), 0.0637520 secs] 6557576K->6252711K(12541952K), 0.0640500 secs] [Times: user=0.37 sys=0.00, real=0.06 secs] 
2011-03-01T01:14:36.556+0000: 777.947: [GC 777.947: [ParNew: 368640K->27491K(368640K), 0.0704310 secs] 6580391K->6265943K(12541952K), 0.0707440 secs] [Times: user=0.44 sys=0.01, real=0.07 secs] 
2011-03-01T01:14:36.921+0000: 778.312: [GC 778.313: [ParNew: 355171K->36336K(368640K), 0.0384020 secs] 6593623K->6288458K(12541952K), 0.0387340 secs] [Times: user=0.28 sys=0.01, real=0.04 secs] 
2011-03-01T01:14:37.270+0000: 778.661: [GC 778.661: [ParNew: 364016K->38591K(368640K), 0.0410910 secs] 6616138K->6304314K(12541952K), 0.0414180 secs] [Times: user=0.32 sys=0.00, real=0.04 secs] 
2011-03-01T01:14:37.678+0000: 779.069: [GC 779.069: [ParNew: 366271K->37781K(368640K), 0.0618270 secs] 6631994K->6317653K(12541952K), 0.0621750 secs] [Times: user=0.46 sys=0.01, real=0.06 secs] 
2011-03-01T01:14:38.042+0000: 779.433: [GC 779.433: [ParNew: 365461K->29022K(368640K), 0.0446270 secs] 6645333K->6320546K(12541952K), 0.0449640 secs] [Times: user=0.33 sys=0.02, real=0.05 secs] 
2011-03-01T01:14:38.369+0000: 779.760: [GC 779.760: [ParNew: 356702K->31859K(368640K), 0.0511670 secs] 6648226K->6338761K(12541952K), 0.0514940 secs] [Times: user=0.38 sys=0.00, real=0.05 secs] 
2011-03-01T01:14:39.130+0000: 780.521: [GC 780.522: [ParNew: 359539K->33236K(368640K), 0.0480470 secs] 6666441K->6354357K(12541952K), 0.0483560 secs] [Times: user=0.37 sys=0.00, real=0.05 secs] 
2011-03-01T01:14:39.753+0000: 781.144: [GC 781.145: [ParNew: 360916K->40960K(368640K), 0.0654830 secs] 6682037K->6456988K(12541952K), 0.0658000 secs] [Times: user=0.48 sys=0.02, real=0.06 secs] 
2011-03-01T01:14:40.412+0000: 781.803: [GC 781.803: [ParNew: 368640K->20766K(368640K), 0.0420420 secs] 6784668K->6455172K(12541952K), 0.0423670 secs] [Times: user=0.26 sys=0.02, real=0.05 secs] 
2011-03-01T01:14:41.136+0000: 782.527: [GC 782.528: [ParNew: 348446K->23739K(368640K), 0.0352920 secs] 6782852K->6458144K(12541952K), 0.0356210 secs] [Times: user=0.24 sys=0.00, real=0.03 secs] 
2011-03-01T01:14:41.847+0000: 783.238: [GC 783.238: [ParNew: 351419K->40960K(368640K), 0.0485690 secs] 6785824K->6484339K(12541952K), 0.0488980 secs] [Times: user=0.33 sys=0.01, real=0.05 secs] 
2011-03-01T01:14:42.584+0000: 783.975: [GC 783.976: [ParNew: 368640K->18055K(368640K), 0.0507600 secs] 6812032K->6486042K(12541952K), 0.0510830 secs] [Times: user=0.31 sys=0.00, real=0.05 secs] 
2011-03-01T01:14:42.636+0000: 784.028: [GC 784.028: [ParNew: 18134K->11033K(368640K), 0.0317000 secs] 6486122K->6479020K(12541952K), 0.0319210 secs] [Times: user=0.22 sys=0.00, real=0.03 secs] 
2011-03-01T01:14:44.019+0000: 785.410: [GC 785.410: [ParNew: 338713K->22583K(368640K), 0.0371600 secs] 6806700K->6490571K(12541952K), 0.0374810 secs] [Times: user=0.32 sys=0.00, real=0.04 secs] 
2011-03-01T01:14:44.824+0000: 786.215: [GC 786.215: [ParNew: 350263K->40960K(368640K), 0.0582930 secs] 6818251K->6593253K(12541952K), 0.0586170 secs] [Times: user=0.39 sys=0.01, real=0.06 secs] 
2011-03-01T01:14:45.855+0000: 787.246: [GC 787.246: [ParNew: 368640K->20467K(368640K), 0.0651010 secs] 6920933K->6600712K(12541952K), 0.0654270 secs] [Times: user=0.35 sys=0.01, real=0.06 secs] 
2011-03-01T01:14:46.852+0000: 788.244: [GC 788.244: [ParNew: 348147K->23263K(368640K), 0.0318410 secs] 6928392K->6603508K(12541952K), 0.0321650 secs] [Times: user=0.26 sys=0.02, real=0.03 secs] 
2011-03-01T01:14:47.832+0000: 789.223: [GC 789.223: [ParNew: 350943K->40960K(368640K), 0.0440910 secs] 6931188K->6621421K(12541952K), 0.0444140 secs] [Times: user=0.28 sys=0.00, real=0.05 secs] 
2011-03-01T01:14:48.884+0000: 790.275: [GC 790.275: [ParNew: 368640K->31556K(368640K), 0.0461370 secs] 6949101K->6629218K(12541952K), 0.0464500 secs] [Times: user=0.32 sys=0.01, real=0.04 secs] 
2011-03-01T01:14:49.896+0000: 791.287: [GC 791.287: [ParNew: 359236K->20483K(368640K), 0.0353100 secs] 6956898K->6632216K(12541952K), 0.0356200 secs] [Times: user=0.19 sys=0.02, real=0.03 secs] 
2011-03-01T01:14:50.949+0000: 792.341: [GC 792.341: [ParNew: 348163K->40960K(368640K), 0.0289880 secs] 6959896K->6653237K(12541952K), 0.0293090 secs] [Times: user=0.24 sys=0.00, real=0.03 secs] 
2011-03-01T01:14:51.923+0000: 793.314: [GC 793.315: [ParNew: 368640K->26288K(368640K), 0.0503790 secs] 6980917K->6663132K(12541952K), 0.0507020 secs] [Times: user=0.31 sys=0.00, real=0.05 secs] 
2011-03-01T01:14:53.038+0000: 794.429: [GC 794.429: [ParNew: 353968K->9964K(368640K), 0.0342980 secs] 6990812K->6659210K(12541952K), 0.0346210 secs] [Times: user=0.21 sys=0.01, real=0.04 secs] 
2011-03-01T01:14:54.220+0000: 795.611: [GC 795.611: [ParNew: 337644K->14650K(368640K), 0.0255130 secs] 6986890K->6663897K(12541952K), 0.0258390 secs] [Times: user=0.23 sys=0.00, real=0.03 secs] 
2011-03-01T01:14:54.803+0000: 796.194: [GC 796.194: [ParNew: 342330K->19464K(368640K), 0.0280620 secs] 6991577K->6668710K(12541952K), 0.0283890 secs] [Times: user=0.20 sys=0.01, real=0.02 secs] 
2011-03-01T01:14:55.957+0000: 797.348: [GC 797.349: [ParNew: 347144K->37150K(368640K), 0.0306020 secs] 6996390K->6686396K(12541952K), 0.0309260 secs] [Times: user=0.24 sys=0.00, real=0.03 secs] 
2011-03-01T01:14:56.759+0000: 798.150: [GC 798.150: [ParNew: 364812K->40960K(368640K), 0.0435270 secs] 7014059K->6705771K(12541952K), 0.0438680 secs] [Times: user=0.32 sys=0.01, real=0.04 secs] 
2011-03-01T01:14:57.204+0000: 798.595: [GC 798.595: [ParNew: 368640K->25790K(368640K), 0.0288430 secs] 7033728K->6696854K(12541952K), 0.0291720 secs] [Times: user=0.19 sys=0.00, real=0.02 secs] 
2011-03-01T01:14:57.234+0000: 798.626: [GC 798.626: [ParNew: 25857K->8574K(368640K), 0.0247030 secs] 6696921K->6688105K(12541952K), 0.0249460 secs] [Times: user=0.18 sys=0.00, real=0.02 secs] 
2011-03-01T01:14:57.604+0000: 798.995: [GC 798.995: [ParNew: 336213K->6100K(368640K), 0.0199860 secs] 7015743K->6685630K(12541952K), 0.0202970 secs] [Times: user=0.15 sys=0.00, real=0.03 secs] 
2011-03-01T01:14:57.937+0000: 799.328: [GC 799.329: [ParNew: 333780K->6329K(368640K), 0.0210620 secs] 7013310K->6685859K(12541952K), 0.0213660 secs] [Times: user=0.16 sys=0.00, real=0.02 secs] 
2011-03-01T01:14:58.229+0000: 799.620: [GC 799.620: [ParNew: 334009K->8027K(368640K), 0.0233790 secs] 7013539K->6689633K(12541952K), 0.0236930 secs] [Times: user=0.16 sys=0.00, real=0.02 secs] 
2011-03-01T01:14:58.439+0000: 799.830: [GC 799.830: [ParNew: 335707K->10415K(368640K), 0.0224580 secs] 7017313K->6692021K(12541952K), 0.0227740 secs] [Times: user=0.16 sys=0.00, real=0.02 secs] 
2011-03-01T01:14:58.720+0000: 800.111: [GC 800.111: [ParNew: 338095K->8964K(368640K), 0.0231440 secs] 7019701K->6692009K(12541952K), 0.0234590 secs] [Times: user=0.17 sys=0.00, real=0.03 secs] 
2011-03-01T01:14:59.028+0000: 800.419: [GC 800.419: [ParNew: 336644K->11505K(368640K), 0.0237930 secs] 7019689K->6695768K(12541952K), 0.0241080 secs] [Times: user=0.16 sys=0.00, real=0.03 secs] 
2011-03-01T01:14:59.294+0000: 800.685: [GC 800.685: [ParNew: 339185K->7226K(368640K), 0.0246860 secs] 7023448K->6693109K(12541952K), 0.0249980 secs] [Times: user=0.17 sys=0.00, real=0.02 secs] 
2011-03-01T01:14:59.556+0000: 800.947: [GC 800.948: [ParNew: 334906K->8623K(368640K), 0.0227980 secs] 7020789K->6695957K(12541952K), 0.0231110 secs] [Times: user=0.16 sys=0.00, real=0.02 secs] 
2011-03-01T01:14:59.907+0000: 801.298: [GC 801.298: [ParNew: 336260K->9805K(368640K), 0.0228660 secs] 7023594K->6697280K(12541952K), 0.0231710 secs] [Times: user=0.16 sys=0.00, real=0.02 secs] 
2011-03-01T01:15:00.217+0000: 801.608: [GC 801.608: [ParNew: 337432K->12527K(368640K), 0.0265140 secs] 7024907K->6702186K(12541952K), 0.0268210 secs] [Times: user=0.17 sys=0.00, real=0.03 secs] 
2011-03-01T01:15:00.665+0000: 802.056: [GC 802.056: [ParNew: 340177K->40960K(368640K), 0.0345600 secs] 7029836K->6738968K(12541952K), 0.0348750 secs] [Times: user=0.22 sys=0.00, real=0.03 secs] 
2011-03-01T01:15:01.479+0000: 802.870: [GC 802.870: [ParNew: 368640K->9071K(368640K), 0.0457500 secs] 7066648K->6719329K(12541952K), 0.0460430 secs] [Times: user=0.22 sys=0.00, real=0.05 secs] 
2011-03-01T01:15:05.213+0000: 806.604: [GC 806.604: [ParNew: 336751K->40960K(368640K), 0.0384470 secs] 7047009K->6756173K(12541952K), 0.0387590 secs] [Times: user=0.27 sys=0.00, real=0.03 secs] 
2011-03-01T01:15:09.656+0000: 811.048: [GC 811.048: [ParNew: 368640K->35234K(368640K), 0.0580510 secs] 7083853K->6772589K(12541952K), 0.0583620 secs] [Times: user=0.40 sys=0.00, real=0.06 secs] 
2011-03-01T01:15:13.566+0000: 814.957: [GC 814.957: [ParNew: 362907K->40960K(368640K), 0.0578890 secs] 7100263K->6798842K(12541952K), 0.0582200 secs] [Times: user=0.40 sys=0.01, real=0.06 secs] 
2011-03-01T01:15:17.719+0000: 819.111: [GC 819.111: [ParNew: 368640K->38145K(368640K), 0.0558440 secs] 7126522K->6818697K(12541952K), 0.0561580 secs] [Times: user=0.38 sys=0.01, real=0.06 secs] 
2011-03-01T01:15:21.055+0000: 822.446: [GC 822.446: [ParNew: 365825K->34853K(368640K), 0.0578510 secs] 7146377K->6838321K(12541952K), 0.0581520 secs] [Times: user=0.40 sys=0.00, real=0.06 secs] 
2011-03-01T01:15:23.967+0000: 825.358: [GC 825.358: [ParNew: 362533K->40960K(368640K), 0.0633620 secs] 7166001K->6867124K(12541952K), 0.0636790 secs] [Times: user=0.44 sys=0.00, real=0.06 secs] 
2011-03-01T01:15:26.646+0000: 828.037: [GC 828.037: [ParNew: 368640K->35484K(368640K), 0.0640870 secs] 7194804K->6888335K(12541952K), 0.0644010 secs] [Times: user=0.44 sys=0.02, real=0.06 secs] 
2011-03-01T01:15:29.329+0000: 830.720: [GC 830.720: [ParNew: 363164K->36093K(368640K), 0.0638240 secs] 7216015K->6916402K(12541952K), 0.0641480 secs] [Times: user=0.46 sys=0.00, real=0.07 secs] 
2011-03-01T01:15:32.096+0000: 833.487: [GC 833.487: [ParNew: 363773K->39407K(368640K), 0.0831620 secs] 7244082K->6947453K(12541952K), 0.0834890 secs] [Times: user=0.48 sys=0.01, real=0.08 secs] 
2011-03-01T01:15:34.648+0000: 836.039: [GC 836.040: [ParNew: 367087K->38983K(368640K), 0.0625180 secs] 7275133K->6973857K(12541952K), 0.0628370 secs] [Times: user=0.48 sys=0.00, real=0.06 secs] 
2011-03-01T01:15:35.812+0000: 837.204: [GC 837.204: [ParNew: 366663K->37084K(368640K), 0.0603990 secs] 7301537K->6998092K(12541952K), 0.0607140 secs] [Times: user=0.41 sys=0.01, real=0.06 secs] 
2011-03-01T01:15:36.452+0000: 837.843: [GC 837.843: [ParNew: 364764K->34292K(368640K), 0.0555960 secs] 7325772K->7018518K(12541952K), 0.0559210 secs] [Times: user=0.44 sys=0.00, real=0.06 secs] 
2011-03-01T01:15:37.289+0000: 838.680: [GC 838.680: [ParNew: 361972K->30045K(368640K), 0.0588910 secs] 7346198K->7035930K(12541952K), 0.0592070 secs] [Times: user=0.44 sys=0.00, real=0.06 secs] 
2011-03-01T01:15:37.881+0000: 839.273: [GC 839.273: [ParNew: 357725K->28348K(368640K), 0.0521210 secs] 7363610K->7054849K(12541952K), 0.0524390 secs] [Times: user=0.39 sys=0.02, real=0.06 secs] 
2011-03-01T01:15:39.356+0000: 840.747: [GC 840.747: [ParNew: 356028K->40505K(368640K), 0.0662930 secs] 7382529K->7087758K(12541952K), 0.0666090 secs] [Times: user=0.47 sys=0.00, real=0.07 secs] 
2011-03-01T01:15:41.870+0000: 843.261: [GC 843.261: [ParNew: 368185K->31759K(368640K), 0.0375560 secs] 7415438K->7093861K(12541952K), 0.0378690 secs] [Times: user=0.30 sys=0.00, real=0.04 secs] 
2011-03-01T01:15:44.442+0000: 845.833: [GC 845.833: [ParNew: 359439K->33146K(368640K), 0.0338180 secs] 7421541K->7105298K(12541952K), 0.0341410 secs] [Times: user=0.22 sys=0.02, real=0.04 secs] 
2011-03-01T01:15:47.115+0000: 848.506: [GC 848.506: [ParNew: 360802K->27782K(368640K), 0.0322470 secs] 7432954K->7109745K(12541952K), 0.0325640 secs] [Times: user=0.22 sys=0.00, real=0.03 secs] 
2011-03-01T01:15:49.976+0000: 851.368: [GC 851.368: [ParNew: 355462K->17482K(368640K), 0.0318400 secs] 7437425K->7109583K(12541952K), 0.0321490 secs] [Times: user=0.24 sys=0.00, real=0.03 secs] 
2011-03-01T01:15:52.627+0000: 854.019: [GC 854.019: [ParNew: 345162K->40960K(368640K), 0.0328400 secs] 7437263K->7139319K(12541952K), 0.0331620 secs] [Times: user=0.24 sys=0.00, real=0.03 secs] 
2011-03-01T01:15:54.794+0000: 856.185: [GC 856.185: [ParNew: 368621K->7160K(368640K), 0.0306610 secs] 7466980K->7119504K(12541952K), 0.0309820 secs] [Times: user=0.21 sys=0.00, real=0.03 secs] 
2011-03-01T01:15:55.513+0000: 856.904: [GC 856.904: [ParNew: 334840K->6818K(368640K), 0.0214790 secs] 7447184K->7119162K(12541952K), 0.0217870 secs] [Times: user=0.19 sys=0.00, real=0.03 secs] 
2011-03-01T01:15:56.125+0000: 857.516: [GC 857.516: [ParNew: 334498K->13894K(368640K), 0.0234270 secs] 7446842K->7126238K(12541952K), 0.0237360 secs] [Times: user=0.16 sys=0.00, real=0.02 secs] 
2011-03-01T01:15:56.508+0000: 857.899: [GC 857.899: [ParNew: 341574K->26845K(368640K), 0.0230700 secs] 7453918K->7139188K(12541952K), 0.0233870 secs] [Times: user=0.16 sys=0.00, real=0.02 secs] 
2011-03-01T01:15:56.957+0000: 858.348: [GC 858.348: [ParNew: 354500K->22318K(368640K), 0.0258750 secs] 7466844K->7139427K(12541952K), 0.0261870 secs] [Times: user=0.16 sys=0.00, real=0.03 secs] 
2011-03-01T01:15:57.406+0000: 858.797: [GC 858.797: [ParNew: 349983K->22172K(368640K), 0.0233700 secs] 7467092K->7139281K(12541952K), 0.0236770 secs] [Times: user=0.16 sys=0.00, real=0.02 secs] 
2011-03-01T01:15:57.897+0000: 859.288: [GC 859.289: [ParNew: 349811K->2612K(368640K), 0.0212820 secs] 7466920K->7124843K(12541952K), 0.0217180 secs] [Times: user=0.15 sys=0.01, real=0.02 secs] 
2011-03-01T01:15:58.387+0000: 859.778: [GC 859.778: [ParNew: 330292K->3709K(368640K), 0.0217210 secs] 7452523K->7125939K(12541952K), 0.0220130 secs] [Times: user=0.16 sys=0.00, real=0.02 secs] 
2011-03-01T01:15:59.174+0000: 860.565: [GC 860.566: [ParNew: 331389K->3699K(368640K), 0.0216570 secs] 7453619K->7126147K(12541952K), 0.0219530 secs] [Times: user=0.17 sys=0.00, real=0.02 secs] 
2011-03-01T01:16:01.644+0000: 863.035: [GC 863.035: [ParNew: 331379K->40960K(368640K), 0.0297840 secs] 7453827K->7167624K(12541952K), 0.0301230 secs] [Times: user=0.18 sys=0.02, real=0.03 secs] 
2011-03-01T01:16:06.046+0000: 867.438: [GC 867.438: [ParNew: 368640K->35089K(368640K), 0.0313380 secs] 7495304K->7171704K(12541952K), 0.0316630 secs] [Times: user=0.24 sys=0.00, real=0.03 secs] 
2011-03-01T01:16:10.463+0000: 871.855: [GC 871.855: [ParNew: 362769K->17146K(368640K), 0.0324670 secs] 7499384K->7163886K(12541952K), 0.0327920 secs] [Times: user=0.24 sys=0.01, real=0.03 secs] 
2011-03-01T01:16:14.687+0000: 876.078: [GC 876.078: [ParNew: 344826K->40960K(368640K), 0.0324980 secs] 7491566K->7193411K(12541952K), 0.0328170 secs] [Times: user=0.24 sys=0.00, real=0.03 secs] 
2011-03-01T01:16:18.501+0000: 879.893: [GC 879.893: [ParNew: 368640K->40960K(368640K), 0.0319340 secs] 7521093K->7200076K(12541952K), 0.0322450 secs] [Times: user=0.23 sys=0.00, real=0.04 secs] 
2011-03-01T01:16:18.535+0000: 879.926: [GC 879.926: [ParNew: 41155K->4960K(368640K), 0.0299830 secs] 7200272K->7177643K(12541952K), 0.0302400 secs] [Times: user=0.17 sys=0.00, real=0.03 secs] 
2011-03-01T01:16:22.102+0000: 883.493: [GC 883.493: [ParNew: 332640K->29710K(368640K), 0.0247220 secs] 7505323K->7202393K(12541952K), 0.0250470 secs] [Times: user=0.24 sys=0.00, real=0.03 secs] 
2011-03-01T01:16:24.699+0000: 886.090: [GC 886.090: [ParNew: 357390K->18663K(368640K), 0.0293920 secs] 7530073K->7201386K(12541952K), 0.0297110 secs] [Times: user=0.24 sys=0.00, real=0.03 secs] 
2011-03-01T01:16:27.356+0000: 888.747: [GC 888.747: [ParNew: 345599K->40960K(368640K), 0.0312360 secs] 7528322K->7230285K(12541952K), 0.0356450 secs] [Times: user=0.24 sys=0.00, real=0.03 secs] 
2011-03-01T01:16:30.030+0000: 891.421: [GC 891.421: [ParNew: 368640K->29980K(368640K), 0.0389630 secs] 7557965K->7232851K(12541952K), 0.0392870 secs] [Times: user=0.32 sys=0.00, real=0.04 secs] 
2011-03-01T01:16:32.486+0000: 893.877: [GC 893.877: [ParNew: 357660K->31656K(368640K), 0.0334180 secs] 7560531K->7244639K(12541952K), 0.0337590 secs] [Times: user=0.23 sys=0.00, real=0.03 secs] 
2011-03-01T01:16:35.131+0000: 896.522: [GC 896.522: [ParNew: 359336K->19256K(368640K), 0.0350790 secs] 7572319K->7242418K(12541952K), 0.0354240 secs] [Times: user=0.28 sys=0.00, real=0.04 secs] 
2011-03-01T01:16:36.052+0000: 897.443: [GC 897.444: [ParNew: 346936K->40960K(368640K), 0.0658350 secs] 7570098K->7278466K(12541952K), 0.0661890 secs] [Times: user=0.46 sys=0.00, real=0.06 secs] 
2011-03-01T01:16:36.693+0000: 898.084: [GC 898.084: [ParNew: 368640K->21911K(368640K), 0.0467820 secs] 7606146K->7273685K(12541952K), 0.0471040 secs] [Times: user=0.31 sys=0.00, real=0.04 secs] 
2011-03-01T01:16:37.523+0000: 898.914: [GC 898.914: [ParNew: 349591K->40960K(368640K), 0.0521950 secs] 7601365K->7304758K(12541952K), 0.0571610 secs] [Times: user=0.38 sys=0.00, real=0.05 secs] 
2011-03-01T01:16:38.101+0000: 899.492: [GC 899.493: [ParNew: 368640K->34054K(368640K), 0.0720540 secs] 7632438K->7320358K(12541952K), 0.0723760 secs] [Times: user=0.51 sys=0.00, real=0.08 secs] 
2011-03-01T01:16:39.408+0000: 900.799: [GC 900.799: [ParNew: 361734K->25854K(368640K), 0.0480530 secs] 7648038K->7329513K(12541952K), 0.0483680 secs] [Times: user=0.31 sys=0.00, real=0.05 secs] 
2011-03-01T01:16:42.049+0000: 903.440: [GC 903.440: [ParNew: 353534K->40960K(368640K), 0.0277270 secs] 7657193K->7351386K(12541952K), 0.0280330 secs] [Times: user=0.24 sys=0.00, real=0.03 secs] 
2011-03-01T01:16:44.609+0000: 906.000: [GC 906.001: [ParNew: 368640K->40960K(368640K), 0.0374920 secs] 7679066K->7358462K(12541952K), 0.0377930 secs] [Times: user=0.32 sys=0.00, real=0.04 secs] 
2011-03-01T01:16:47.382+0000: 908.773: [GC 908.773: [ParNew: 368640K->40960K(368640K), 0.0301750 secs] 7686142K->7372087K(12541952K), 0.0304850 secs] [Times: user=0.22 sys=0.00, real=0.04 secs] 
2011-03-01T01:16:50.251+0000: 911.642: [GC 911.642: [ParNew: 368640K->17698K(368640K), 0.0338860 secs] 7699767K->7364142K(12541952K), 0.0341950 secs] [Times: user=0.25 sys=0.00, real=0.04 secs] 
2011-03-01T01:16:52.656+0000: 914.047: [GC 914.047: [ParNew: 345378K->39312K(368640K), 0.0233110 secs] 7691822K->7385756K(12541952K), 0.0236160 secs] [Times: user=0.16 sys=0.00, real=0.02 secs] 
2011-03-01T01:16:55.375+0000: 916.766: [GC 916.766: [ParNew: 366992K->37876K(368640K), 0.0348740 secs] 7713436K->7392268K(12541952K), 0.0351830 secs] [Times: user=0.23 sys=0.00, real=0.03 secs] 
2011-03-01T01:16:58.218+0000: 919.609: [GC 919.609: [ParNew: 365556K->19526K(368640K), 0.0332520 secs] 7719948K->7383656K(12541952K), 0.0335690 secs] [Times: user=0.23 sys=0.00, real=0.03 secs] 
2011-03-01T01:16:59.084+0000: 920.475: [GC 920.475: [ParNew: 347191K->34838K(368640K), 0.0281640 secs] 7711320K->7398967K(12541952K), 0.0284920 secs] [Times: user=0.15 sys=0.00, real=0.03 secs] 
2011-03-01T01:16:59.660+0000: 921.051: [GC 921.051: [ParNew: 362513K->19951K(368640K), 0.0279220 secs] 7726642K->7388362K(12541952K), 0.0282410 secs] [Times: user=0.23 sys=0.00, real=0.03 secs] 
2011-03-01T01:17:00.070+0000: 921.461: [GC 921.461: [ParNew: 347631K->14254K(368640K), 0.0278600 secs] 7716042K->7382664K(12541952K), 0.0281870 secs] [Times: user=0.20 sys=0.00, real=0.03 secs] 
2011-03-01T01:17:00.534+0000: 921.925: [GC 921.925: [ParNew: 341934K->20897K(368640K), 0.0286550 secs] 7710344K->7396205K(12541952K), 0.0313420 secs] [Times: user=0.20 sys=0.00, real=0.03 secs] 
2011-03-01T01:17:01.058+0000: 922.449: [GC 922.449: [ParNew: 348577K->28016K(368640K), 0.0246190 secs] 7723885K->7404121K(12541952K), 0.0249320 secs] [Times: user=0.16 sys=0.00, real=0.02 secs] 
2011-03-01T01:17:01.539+0000: 922.931: [GC 922.931: [ParNew: 355680K->4101K(368640K), 0.0254790 secs] 7731786K->7390782K(12541952K), 0.0258100 secs] [Times: user=0.21 sys=0.00, real=0.03 secs] 
2011-03-01T01:17:02.190+0000: 923.581: [GC 923.582: [ParNew: 331731K->3195K(368640K), 0.0219670 secs] 7718412K->7389876K(12541952K), 0.0222680 secs] [Times: user=0.16 sys=0.00, real=0.02 secs] 
2011-03-01T01:17:02.859+0000: 924.250: [GC 924.251: [ParNew: 330875K->3981K(368640K), 0.0228840 secs] 7717556K->7390661K(12541952K), 0.0231830 secs] [Times: user=0.16 sys=0.00, real=0.02 secs] 
2011-03-01T01:17:06.728+0000: 928.119: [GC 928.119: [ParNew: 331661K->27245K(368640K), 0.0289560 secs] 7718341K->7414750K(12541952K), 0.0292680 secs] [Times: user=0.24 sys=0.00, real=0.03 secs] 
2011-03-01T01:17:11.048+0000: 932.439: [GC 932.439: [ParNew: 354925K->23566K(368640K), 0.0349770 secs] 7742430K->7422242K(12541952K), 0.0352860 secs] [Times: user=0.25 sys=0.00, real=0.04 secs] 
2011-03-01T01:17:15.345+0000: 936.736: [GC 936.736: [ParNew: 351246K->31857K(368640K), 0.0293690 secs] 7749922K->7430533K(12541952K), 0.0296820 secs] [Times: user=0.22 sys=0.00, real=0.03 secs] 
2011-03-01T01:17:19.164+0000: 940.555: [GC 940.555: [ParNew: 359602K->40960K(368640K), 0.0373350 secs] 7758278K->7449266K(12541952K), 0.0376430 secs] [Times: user=0.26 sys=0.00, real=0.03 secs] 
2011-03-01T01:17:19.203+0000: 940.594: [GC 940.594: [ParNew: 41391K->7538K(368640K), 0.0325460 secs] 7449698K->7431945K(12541952K), 0.0327930 secs] [Times: user=0.24 sys=0.00, real=0.03 secs] 
2011-03-01T01:17:22.211+0000: 943.602: [GC 943.602: [ParNew: 334806K->23870K(368640K), 0.0266110 secs] 7759212K->7448276K(12541952K), 0.0269200 secs] [Times: user=0.24 sys=0.01, real=0.03 secs] 
2011-03-01T01:17:22.886+0000: 944.277: [GC 944.277: [ParNew: 351550K->16554K(368640K), 0.0481100 secs] 7775956K->7518886K(12541952K), 0.0484380 secs] [Times: user=0.32 sys=0.00, real=0.05 secs] 
2011-03-01T01:17:23.913+0000: 945.304: [GC 945.304: [ParNew: 344249K->31810K(368640K), 0.0357330 secs] 7846582K->7534142K(12541952K), 0.0360390 secs] [Times: user=0.22 sys=0.00, real=0.03 secs] 
2011-03-01T01:17:23.951+0000: 945.342: [GC 945.343: [ParNew: 33366K->22841K(368640K), 0.0282850 secs] 7535698K->7539110K(12541952K), 0.0285660 secs] [Times: user=0.17 sys=0.00, real=0.03 secs] 
2011-03-01T01:17:25.680+0000: 947.071: [GC 947.071: [ParNew: 350521K->4311K(368640K), 0.0264160 secs] 7866790K->7528602K(12541952K), 0.0267440 secs] [Times: user=0.24 sys=0.00, real=0.03 secs] 
2011-03-01T01:17:28.372+0000: 949.763: [GC 949.763: [ParNew: 331991K->23173K(368640K), 0.0279700 secs] 7856282K->7547464K(12541952K), 0.0282880 secs] [Times: user=0.20 sys=0.00, real=0.03 secs] 
2011-03-01T01:17:31.010+0000: 952.402: [GC 952.402: [ParNew: 350872K->40960K(368640K), 0.0368200 secs] 7875163K->7571278K(12541952K), 0.0371940 secs] [Times: user=0.32 sys=0.00, real=0.04 secs] 
2011-03-01T01:17:33.525+0000: 954.916: [GC 954.916: [ParNew: 368640K->40960K(368640K), 0.0376940 secs] 7898958K->7586016K(12541952K), 0.0380230 secs] [Times: user=0.23 sys=0.00, real=0.04 secs] 
2011-03-01T01:17:35.336+0000: 956.727: [GC 956.727: [ParNew: 368640K->40960K(368640K), 0.0426010 secs] 7913696K->7597169K(12541952K), 0.0429140 secs] [Times: user=0.31 sys=0.01, real=0.04 secs] 
2011-03-01T01:17:36.118+0000: 957.509: [GC 957.509: [ParNew: 368640K->22287K(368640K), 0.0430530 secs] 7924849K->7594705K(12541952K), 0.0433850 secs] [Times: user=0.30 sys=0.00, real=0.04 secs] 
2011-03-01T01:17:37.000+0000: 958.392: [GC 958.392: [ParNew: 349967K->40960K(368640K), 0.0432580 secs] 7922385K->7622595K(12541952K), 0.0436470 secs] [Times: user=0.29 sys=0.00, real=0.05 secs] 
2011-03-01T01:17:37.218+0000: 958.609: [GC 958.609: [ParNew: 368640K->40960K(368640K), 0.0596210 secs] 7950275K->7781581K(12541952K), 0.0599370 secs] [Times: user=0.39 sys=0.07, real=0.06 secs] 
2011-03-01T01:17:37.543+0000: 958.934: [GC 958.934: [ParNew: 368640K->25770K(368640K), 0.0659450 secs] 8109261K->7788492K(12541952K), 0.0662710 secs] [Times: user=0.41 sys=0.00, real=0.06 secs] 
2011-03-01T01:17:37.922+0000: 959.313: [GC 959.313: [ParNew: 353450K->40960K(368640K), 0.0438860 secs] 8116172K->7806865K(12541952K), 0.0442360 secs] [Times: user=0.37 sys=0.00, real=0.05 secs] 
2011-03-01T01:17:38.355+0000: 959.746: [GC 959.746: [ParNew: 368640K->29392K(368640K), 0.0588980 secs] 8134545K->7809712K(12541952K), 0.0592460 secs] [Times: user=0.40 sys=0.01, real=0.06 secs] 
2011-03-01T01:17:38.871+0000: 960.263: [GC 960.263: [ParNew: 357072K->34059K(368640K), 0.0522610 secs] 8137392K->7827799K(12541952K), 0.0525830 secs] [Times: user=0.39 sys=0.00, real=0.06 secs] 
2011-03-01T01:17:39.408+0000: 960.799: [GC 960.799: [ParNew: 361739K->21283K(368640K), 0.0517330 secs] 8155479K->7838123K(12541952K), 0.0520770 secs] [Times: user=0.39 sys=0.00, real=0.05 secs] 
2011-03-01T01:17:39.978+0000: 961.369: [GC 961.369: [ParNew: 348963K->17057K(368640K), 0.0295520 secs] 8165803K->7833897K(12541952K), 0.0298880 secs] [Times: user=0.24 sys=0.00, real=0.03 secs] 
2011-03-01T01:17:40.576+0000: 961.967: [GC 961.967: [ParNew: 344737K->24806K(368640K), 0.0467290 secs] 8161577K->7841645K(12541952K), 0.0470600 secs] [Times: user=0.23 sys=0.00, real=0.05 secs] 
2011-03-01T01:17:42.074+0000: 963.465: [GC 963.465: [ParNew: 352486K->40960K(368640K), 0.0565480 secs] 8169325K->7868602K(12541952K), 0.0568750 secs] [Times: user=0.38 sys=0.01, real=0.05 secs] 
2011-03-01T01:17:44.757+0000: 966.148: [GC 966.148: [ParNew: 368640K->39523K(368640K), 0.0632860 secs] 8196282K->7891326K(12541952K), 0.0636200 secs] [Times: user=0.46 sys=0.00, real=0.06 secs] 
2011-03-01T01:17:47.405+0000: 968.796: [GC 968.796: [ParNew: 367203K->27376K(368640K), 0.0523240 secs] 8219006K->7903575K(12541952K), 0.0526700 secs] [Times: user=0.34 sys=0.00, real=0.05 secs] 
2011-03-01T01:17:50.163+0000: 971.554: [GC 971.554: [ParNew: 354667K->26664K(368640K), 0.0578810 secs] 8230867K->7921738K(12541952K), 0.0582110 secs] [Times: user=0.42 sys=0.00, real=0.05 secs] 
2011-03-01T01:17:51.753+0000: 973.144: [GC 973.144: [ParNew: 354344K->39914K(368640K), 0.0701240 secs] 8249418K->8023057K(12541952K), 0.0704700 secs] [Times: user=0.44 sys=0.05, real=0.07 secs] 
2011-03-01T01:17:52.510+0000: 973.901: [GC 973.902: [ParNew: 367594K->10804K(368640K), 0.0415960 secs] 8350737K->8019235K(12541952K), 0.0492950 secs] [Times: user=0.32 sys=0.00, real=0.05 secs] 
2011-03-01T01:17:53.334+0000: 974.725: [GC 974.725: [ParNew: 338484K->16481K(368640K), 0.0281840 secs] 8346915K->8024912K(12541952K), 0.0285330 secs] [Times: user=0.16 sys=0.01, real=0.03 secs] 
2011-03-01T01:17:54.206+0000: 975.597: [GC 975.598: [ParNew: 344161K->23958K(368640K), 0.0340930 secs] 8352592K->8032390K(12541952K), 0.0344080 secs] [Times: user=0.24 sys=0.00, real=0.03 secs] 
2011-03-01T01:17:54.694+0000: 976.085: [GC 976.085: [ParNew: 351596K->31725K(368640K), 0.0407500 secs] 8360027K->8040156K(12541952K), 0.0411190 secs] [Times: user=0.32 sys=0.00, real=0.04 secs] 
2011-03-01T01:17:55.179+0000: 976.570: [GC 976.570: [ParNew: 359469K->23937K(368640K), 0.0441400 secs] 8367900K->8040335K(12541952K), 0.0444570 secs] [Times: user=0.32 sys=0.00, real=0.05 secs] 
2011-03-01T01:17:55.824+0000: 977.215: [GC 977.215: [ParNew: 351617K->22594K(368640K), 0.0379440 secs] 8368015K->8043951K(12541952K), 0.0382910 secs] [Times: user=0.24 sys=0.00, real=0.04 secs] 
2011-03-01T01:17:56.244+0000: 977.635: [GC 977.635: [ParNew: 350253K->39376K(368640K), 0.0407910 secs] 8371611K->8074396K(12541952K), 0.0411020 secs] [Times: user=0.22 sys=0.01, real=0.04 secs] 
2011-03-01T01:17:56.586+0000: 977.977: [GC 977.977: [ParNew: 367056K->10696K(368640K), 0.0331350 secs] 8402076K->8052443K(12541952K), 0.0334420 secs] [Times: user=0.24 sys=0.00, real=0.03 secs] 
2011-03-01T01:17:57.101+0000: 978.492: [GC 978.492: [ParNew: 338376K->11722K(368640K), 0.0257320 secs] 8380123K->8053468K(12541952K), 0.0260370 secs] [Times: user=0.24 sys=0.00, real=0.03 secs] 
2011-03-01T01:17:57.508+0000: 978.899: [GC 978.899: [ParNew: 339396K->12378K(368640K), 0.0262220 secs] 8381142K->8054125K(12541952K), 0.0306290 secs] [Times: user=0.21 sys=0.00, real=0.03 secs] 
2011-03-01T01:17:57.968+0000: 979.359: [GC 979.359: [ParNew: 340033K->13242K(368640K), 0.0321400 secs] 8381780K->8057885K(12541952K), 0.0324570 secs] [Times: user=0.24 sys=0.00, real=0.03 secs] 
2011-03-01T01:17:58.445+0000: 979.837: [GC 979.837: [ParNew: 340918K->13097K(368640K), 0.0273190 secs] 8385560K->8058806K(12541952K), 0.0276310 secs] [Times: user=0.17 sys=0.00, real=0.03 secs] 
2011-03-01T01:17:58.995+0000: 980.387: [GC 980.387: [ParNew: 340760K->12343K(368640K), 0.0321580 secs] 8386469K->8061518K(12541952K), 0.0325210 secs] [Times: user=0.24 sys=0.00, real=0.03 secs] 
2011-03-01T01:18:01.241+0000: 982.632: [GC 982.632: [ParNew: 340023K->40960K(368640K), 0.0568700 secs] 8389198K->8108572K(12541952K), 0.0572170 secs] [Times: user=0.38 sys=0.01, real=0.06 secs] 
2011-03-01T01:18:05.648+0000: 987.039: [GC 987.040: [ParNew: 368640K->40462K(368640K), 0.0450900 secs] 8436252K->8124413K(12541952K), 0.0454180 secs] [Times: user=0.31 sys=0.00, real=0.05 secs] 
2011-03-01T01:18:09.964+0000: 991.355: [GC 991.356: [ParNew: 368142K->32003K(368640K), 0.0517530 secs] 8452093K->8139939K(12541952K), 0.0521020 secs] [Times: user=0.31 sys=0.00, real=0.05 secs] 
2011-03-01T01:18:14.401+0000: 995.792: [GC 995.792: [ParNew: 359683K->40960K(368640K), 0.0689840 secs] 8467619K->8177325K(12541952K), 0.0693170 secs] [Times: user=0.52 sys=0.00, real=0.07 secs] 
2011-03-01T01:18:18.436+0000: 999.827: [GC 999.827: [ParNew: 368590K->40960K(368640K), 0.0550930 secs] 8504956K->8194297K(12541952K), 0.0554130 secs] [Times: user=0.38 sys=0.01, real=0.05 secs] 
2011-03-01T01:18:21.784+0000: 1003.175: [GC 1003.175: [ParNew: 368640K->40960K(368640K), 0.0617610 secs] 8521977K->8219648K(12541952K), 0.0620710 secs] [Times: user=0.40 sys=0.02, real=0.06 secs] 
2011-03-01T01:18:24.432+0000: 1005.824: [GC 1005.824: [ParNew: 368640K->37760K(368640K), 0.0635120 secs] 8547328K->8240665K(12541952K), 0.0638270 secs] [Times: user=0.45 sys=0.01, real=0.06 secs] 
2011-03-01T01:18:27.148+0000: 1008.539: [GC 1008.539: [ParNew: 365440K->38507K(368640K), 0.0669890 secs] 8568345K->8266732K(12541952K), 0.0673060 secs] [Times: user=0.45 sys=0.01, real=0.07 secs] 
2011-03-01T01:18:29.762+0000: 1011.153: [GC 1011.154: [ParNew: 366187K->38214K(368640K), 0.0651130 secs] 8594412K->8291318K(12541952K), 0.0654270 secs] [Times: user=0.47 sys=0.00, real=0.06 secs] 
2011-03-01T01:18:32.271+0000: 1013.662: [GC 1013.662: [ParNew: 365894K->39179K(368640K), 0.0669840 secs] 8618998K->8320001K(12541952K), 0.0672970 secs] [Times: user=0.49 sys=0.00, real=0.07 secs] 
2011-03-01T01:18:32.339+0000: 1013.730: [GC [1 CMS-initial-mark: 8280822K(12173312K)] 8320309K(12541952K), 0.0348670 secs] [Times: user=0.04 sys=0.00, real=0.04 secs] 
2011-03-01T01:18:32.375+0000: 1013.766: [CMS-concurrent-mark-start]
2011-03-01T01:18:32.594+0000: 1013.985: [CMS-concurrent-mark: 0.218/0.220 secs] [Times: user=1.81 sys=0.06, real=0.22 secs] 
2011-03-01T01:18:32.594+0000: 1013.986: [CMS-concurrent-preclean-start]
2011-03-01T01:18:32.642+0000: 1014.033: [CMS-concurrent-preclean: 0.046/0.047 secs] [Times: user=0.08 sys=0.01, real=0.04 secs] 
2011-03-01T01:18:32.642+0000: 1014.033: [CMS-concurrent-abortable-preclean-start]
2011-03-01T01:18:35.052+0000: 1016.443: [GC 1016.443: [ParNew: 366859K->37941K(368640K), 0.0704240 secs] 8647681K->8346621K(12541952K), 0.0707390 secs] [Times: user=0.56 sys=0.00, real=0.08 secs] 
2011-03-01T01:18:35.587+0000: 1016.978: [CMS-concurrent-abortable-preclean: 2.843/2.945 secs] [Times: user=6.31 sys=1.17, real=2.95 secs] 
2011-03-01T01:18:35.588+0000: 1016.979: [GC[YG occupancy: 226507 K (368640 K)]1016.979: [Rescan (parallel) , 0.0434910 secs]1017.022: [weak refs processing, 0.0277810 secs] [1 CMS-remark: 8308680K(12173312K)] 8535187K(12541952K), 0.0715750 secs] [Times: user=0.35 sys=0.00, real=0.07 secs] 
2011-03-01T01:18:35.660+0000: 1017.051: [CMS-concurrent-sweep-start]
2011-03-01T01:18:36.067+0000: 1017.458: [GC 1017.458: [ParNew: 365621K->40779K(368640K), 0.0744910 secs] 8089949K->7792446K(12541952K), 0.0748060 secs] [Times: user=0.49 sys=0.01, real=0.07 secs] 
2011-03-01T01:18:36.740+0000: 1018.131: [GC 1018.132: [ParNew: 368459K->40090K(368640K), 0.0708940 secs] 7905005K->7606885K(12541952K), 0.0712130 secs] [Times: user=0.55 sys=0.00, real=0.07 secs] 
2011-03-01T01:18:37.572+0000: 1018.963: [GC 1018.963: [ParNew: 367770K->40960K(368640K), 0.0732050 secs] 7593805K->7296175K(12541952K), 0.0735430 secs] [Times: user=0.56 sys=0.00, real=0.08 secs] 
2011-03-01T01:18:38.243+0000: 1019.634: [GC 1019.635: [ParNew: 368640K->40549K(368640K), 0.0543600 secs] 7278422K->6975921K(12541952K), 0.0546730 secs] [Times: user=0.36 sys=0.00, real=0.05 secs] 
2011-03-01T01:18:39.571+0000: 1020.962: [GC 1020.962: [ParNew: 368229K->39405K(368640K), 0.0453970 secs] 6644522K->6341522K(12541952K), 0.0457000 secs] [Times: user=0.32 sys=0.00, real=0.05 secs] 
2011-03-01T01:18:42.199+0000: 1023.591: [GC 1023.591: [ParNew: 367085K->40233K(368640K), 0.0393620 secs] 5393250K->5082664K(12541952K), 0.0396910 secs] [Times: user=0.30 sys=0.00, real=0.04 secs] 
2011-03-01T01:18:44.858+0000: 1026.250: [GC 1026.250: [ParNew: 367913K->39039K(368640K), 0.0366330 secs] 4087838K->3772602K(12541952K), 0.0369630 secs] [Times: user=0.25 sys=0.00, real=0.04 secs] 
2011-03-01T01:18:47.445+0000: 1028.836: [GC 1028.836: [ParNew: 366719K->40960K(368640K), 0.0371780 secs] 3192645K->2880415K(12541952K), 0.0375110 secs] [Times: user=0.24 sys=0.00, real=0.04 secs] 
2011-03-01T01:18:50.271+0000: 1031.662: [GC 1031.662: [ParNew: 368640K->33751K(368640K), 0.0422990 secs] 2019508K->1699876K(12541952K), 0.0426300 secs] [Times: user=0.33 sys=0.00, real=0.05 secs] 
2011-03-01T01:18:51.963+0000: 1033.354: [CMS-concurrent-sweep: 15.751/16.303 secs] [Times: user=36.92 sys=6.18, real=16.31 secs] 
2011-03-01T01:18:51.963+0000: 1033.354: [CMS-concurrent-reset-start]
2011-03-01T01:18:51.991+0000: 1033.382: [CMS-concurrent-reset: 0.027/0.027 secs] [Times: user=0.03 sys=0.00, real=0.02 secs] 
2011-03-01T01:18:53.601+0000: 1034.992: [GC 1034.993: [ParNew: 361431K->40178K(368640K), 0.0441200 secs] 1137788K->833646K(12541952K), 0.0444740 secs] [Times: user=0.26 sys=0.00, real=0.05 secs] 
2011-03-01T01:18:54.885+0000: 1036.277: [GC 1036.277: [ParNew: 367797K->6957K(368640K), 0.0254100 secs] 1161265K->810378K(12541952K), 0.0257390 secs] [Times: user=0.16 sys=0.00, real=0.02 secs] 
2011-03-01T01:18:55.956+0000: 1037.347: [GC 1037.347: [ParNew: 334637K->5505K(368640K), 0.0165110 secs] 1138058K->808925K(12541952K), 0.0168420 secs] [Times: user=0.08 sys=0.00, real=0.01 secs] 
2011-03-01T01:18:56.456+0000: 1037.847: [GC 1037.847: [ParNew: 333185K->10243K(368640K), 0.0170670 secs] 1136605K->813663K(12541952K), 0.0173950 secs] [Times: user=0.10 sys=0.01, real=0.02 secs] 
2011-03-01T01:18:56.850+0000: 1038.241: [GC 1038.241: [ParNew: 337923K->30176K(368640K), 0.0188680 secs] 1141343K->833596K(12541952K), 0.0192050 secs] [Times: user=0.16 sys=0.00, real=0.02 secs] 
2011-03-01T01:18:57.173+0000: 1038.564: [GC 1038.564: [ParNew: 357819K->14873K(368640K), 0.0197240 secs] 1161240K->823261K(12541952K), 0.0200650 secs] [Times: user=0.11 sys=0.00, real=0.02 secs] 
2011-03-01T01:18:57.690+0000: 1039.081: [GC 1039.081: [ParNew: 342553K->19253K(368640K), 0.0158560 secs] 1150941K->827641K(12541952K), 0.0161870 secs] [Times: user=0.16 sys=0.00, real=0.02 secs] 
2011-03-01T01:18:58.131+0000: 1039.522: [GC 1039.522: [ParNew: 346933K->19228K(368640K), 0.0166810 secs] 1155321K->827616K(12541952K), 0.0170090 secs] [Times: user=0.16 sys=0.01, real=0.02 secs] 
2011-03-01T01:18:58.658+0000: 1040.049: [GC 1040.050: [ParNew: 346908K->4432K(368640K), 0.0193150 secs] 1155296K->817266K(12541952K), 0.0196390 secs] [Times: user=0.16 sys=0.00, real=0.02 secs] 
2011-03-01T01:18:59.108+0000: 1040.499: [GC 1040.499: [ParNew: 332112K->4642K(368640K), 0.0184920 secs] 1144946K->817566K(12541952K), 0.0187970 secs] [Times: user=0.16 sys=0.00, real=0.02 secs] 
2011-03-01T01:19:00.347+0000: 1041.739: [GC 1041.739: [ParNew: 332322K->4317K(368640K), 0.0217710 secs] 1145246K->817970K(12541952K), 0.0220890 secs] [Times: user=0.16 sys=0.00, real=0.02 secs] 
2011-03-01T01:19:03.970+0000: 1045.361: [GC 1045.361: [ParNew: 331997K->40960K(368640K), 0.0268180 secs] 1145650K->854958K(12541952K), 0.0271260 secs] [Times: user=0.24 sys=0.00, real=0.03 secs] 
2011-03-01T01:19:08.288+0000: 1049.679: [GC 1049.679: [ParNew: 368640K->32831K(368640K), 0.0360950 secs] 1182638K->861819K(12541952K), 0.0364420 secs] [Times: user=0.24 sys=0.00, real=0.04 secs] 
2011-03-01T01:19:12.556+0000: 1053.947: [GC 1053.947: [ParNew: 360511K->33559K(368640K), 0.0301590 secs] 1189499K->872383K(12541952K), 0.0304720 secs] [Times: user=0.22 sys=0.00, real=0.03 secs] 
2011-03-01T01:19:16.421+0000: 1057.812: [GC 1057.812: [ParNew: 361239K->17570K(368640K), 0.0311080 secs] 1200063K->866083K(12541952K), 0.0314350 secs] [Times: user=0.24 sys=0.00, real=0.04 secs] 
2011-03-01T01:19:19.537+0000: 1060.928: [GC 1060.928: [ParNew: 345250K->40960K(368640K), 0.0352660 secs] 1193763K->895536K(12541952K), 0.0355840 secs] [Times: user=0.24 sys=0.00, real=0.04 secs] 
2011-03-01T01:19:23.003+0000: 1064.394: [GC 1064.394: [ParNew: 368640K->12669K(368640K), 0.0313460 secs] 1223216K->881188K(12541952K), 0.0316720 secs] [Times: user=0.23 sys=0.00, real=0.03 secs] 
2011-03-01T01:19:25.692+0000: 1067.083: [GC 1067.083: [ParNew: 340349K->40960K(368640K), 0.0289020 secs] 1208868K->913920K(12541952K), 0.0292230 secs] [Times: user=0.21 sys=0.02, real=0.03 secs] 
2011-03-01T01:19:28.289+0000: 1069.680: [GC 1069.680: [ParNew: 368640K->25380K(368640K), 0.0339090 secs] 1241600K->909907K(12541952K), 0.0342360 secs] [Times: user=0.24 sys=0.00, real=0.04 secs] 
2011-03-01T01:19:30.860+0000: 1072.251: [GC 1072.252: [ParNew: 353060K->27245K(368640K), 0.0286490 secs] 1237587K->922106K(12541952K), 0.0289760 secs] [Times: user=0.24 sys=0.00, real=0.03 secs] 
2011-03-01T01:19:33.352+0000: 1074.743: [GC 1074.743: [ParNew: 354925K->31540K(368640K), 0.0310880 secs] 1249786K->936588K(12541952K), 0.0314080 secs] [Times: user=0.21 sys=0.00, real=0.04 secs] 
2011-03-01T01:19:35.478+0000: 1076.869: [GC 1076.869: [ParNew: 359220K->29830K(368640K), 0.0356830 secs] 1264268K->945171K(12541952K), 0.0360050 secs] [Times: user=0.24 sys=0.00, real=0.04 secs] 
2011-03-01T01:19:36.304+0000: 1077.695: [GC 1077.695: [ParNew: 357510K->40960K(368640K), 0.0482990 secs] 1272851K->973861K(12541952K), 0.0486230 secs] [Times: user=0.33 sys=0.00, real=0.05 secs] 
2011-03-01T01:19:37.061+0000: 1078.452: [GC 1078.452: [ParNew: 368640K->37485K(368640K), 0.0433560 secs] 1301541K->986605K(12541952K), 0.0436790 secs] [Times: user=0.31 sys=0.00, real=0.05 secs] 
2011-03-01T01:19:37.940+0000: 1079.331: [GC 1079.331: [ParNew: 365165K->40121K(368640K), 0.0569820 secs] 1314285K->1005348K(12541952K), 0.0573100 secs] [Times: user=0.32 sys=0.00, real=0.06 secs] 
2011-03-01T01:19:38.688+0000: 1080.079: [GC 1080.079: [ParNew: 367801K->28719K(368640K), 0.0553290 secs] 1333028K->1012509K(12541952K), 0.0556480 secs] [Times: user=0.39 sys=0.00, real=0.06 secs] 
2011-03-01T01:19:40.370+0000: 1081.762: [GC 1081.762: [ParNew: 356399K->21747K(368640K), 0.0363150 secs] 1340189K->1020380K(12541952K), 0.0366390 secs] [Times: user=0.28 sys=0.01, real=0.04 secs] 
2011-03-01T01:19:42.934+0000: 1084.326: [GC 1084.326: [ParNew: 349427K->40960K(368640K), 0.0305040 secs] 1348060K->1044381K(12541952K), 0.0308260 secs] [Times: user=0.22 sys=0.01, real=0.03 secs] 
2011-03-01T01:19:45.652+0000: 1087.044: [GC 1087.044: [ParNew: 368640K->37420K(368640K), 0.0383240 secs] 1372061K->1049993K(12541952K), 0.0386590 secs] [Times: user=0.28 sys=0.00, real=0.03 secs] 
2011-03-01T01:19:48.319+0000: 1089.710: [GC 1089.710: [ParNew: 365100K->20053K(368640K), 0.0360520 secs] 1377673K->1049573K(12541952K), 0.0363730 secs] [Times: user=0.22 sys=0.00, real=0.04 secs] 
2011-03-01T01:19:51.066+0000: 1092.457: [GC 1092.457: [ParNew: 347733K->40960K(368640K), 0.0298630 secs] 1377253K->1078787K(12541952K), 0.0302150 secs] [Times: user=0.20 sys=0.01, real=0.03 secs] 
2011-03-01T01:19:54.264+0000: 1095.655: [GC 1095.656: [ParNew: 368598K->40960K(368640K), 0.0302440 secs] 1406425K->1087954K(12541952K), 0.0305630 secs] [Times: user=0.20 sys=0.01, real=0.03 secs] 
2011-03-01T01:19:55.091+0000: 1096.482: [GC 1096.483: [ParNew: 368580K->5356K(368640K), 0.0257930 secs] 1415575K->1066531K(12541952K), 0.0261110 secs] [Times: user=0.24 sys=0.00, real=0.03 secs] 
2011-03-01T01:19:55.591+0000: 1096.983: [GC 1096.983: [ParNew: 332986K->6343K(368640K), 0.0156270 secs] 1394162K->1067518K(12541952K), 0.0159380 secs] [Times: user=0.15 sys=0.00, real=0.02 secs] 
2011-03-01T01:19:56.053+0000: 1097.444: [GC 1097.444: [ParNew: 334023K->10820K(368640K), 0.0172450 secs] 1395198K->1071995K(12541952K), 0.0175590 secs] [Times: user=0.12 sys=0.00, real=0.02 secs] 
2011-03-01T01:19:56.529+0000: 1097.920: [GC 1097.920: [ParNew: 338500K->6500K(368640K), 0.0177200 secs] 1399675K->1067676K(12541952K), 0.0180270 secs] [Times: user=0.16 sys=0.00, real=0.02 secs] 
2011-03-01T01:19:56.870+0000: 1098.261: [GC 1098.261: [ParNew: 334180K->12219K(368640K), 0.0189830 secs] 1395356K->1074162K(12541952K), 0.0192970 secs] [Times: user=0.16 sys=0.00, real=0.02 secs] 
2011-03-01T01:19:57.299+0000: 1098.690: [GC 1098.690: [ParNew: 339886K->27579K(368640K), 0.0178180 secs] 1401829K->1092027K(12541952K), 0.0181350 secs] [Times: user=0.16 sys=0.00, real=0.02 secs] 
2011-03-01T01:19:57.756+0000: 1099.147: [GC 1099.147: [ParNew: 355203K->3175K(368640K), 0.0184500 secs] 1419651K->1073463K(12541952K), 0.0187570 secs] [Times: user=0.13 sys=0.00, real=0.02 secs] 
2011-03-01T01:19:58.244+0000: 1099.635: [GC 1099.636: [ParNew: 330855K->2119K(368640K), 0.0164550 secs] 1401143K->1072407K(12541952K), 0.0167480 secs] [Times: user=0.09 sys=0.01, real=0.01 secs] 
2011-03-01T01:19:58.892+0000: 1100.283: [GC 1100.284: [ParNew: 329799K->2150K(368640K), 0.0158410 secs] 1400087K->1072438K(12541952K), 0.0161450 secs] [Times: user=0.13 sys=0.00, real=0.02 secs] 
2011-03-01T01:20:01.481+0000: 1102.873: [GC 1102.873: [ParNew: 329830K->40960K(368640K), 0.0257170 secs] 1400118K->1116604K(12541952K), 0.0260260 secs] [Times: user=0.24 sys=0.00, real=0.03 secs] 
2011-03-01T01:20:05.524+0000: 1106.915: [GC 1106.915: [ParNew: 368640K->37981K(368640K), 0.0264500 secs] 1444284K->1119572K(12541952K), 0.0267570 secs] [Times: user=0.18 sys=0.00, real=0.02 secs] 
2011-03-01T01:20:09.878+0000: 1111.269: [GC 1111.269: [ParNew: 365661K->18385K(368640K), 0.0300580 secs] 1447252K->1110043K(12541952K), 0.0303550 secs] [Times: user=0.24 sys=0.00, real=0.03 secs] 
2011-03-01T01:20:13.990+0000: 1115.382: [GC 1115.382: [ParNew: 346065K->40889K(368640K), 0.0265940 secs] 1437723K->1132547K(12541952K), 0.0269000 secs] [Times: user=0.23 sys=0.00, real=0.03 secs] 
2011-03-01T01:20:18.133+0000: 1119.524: [GC 1119.525: [ParNew: 368569K->27379K(368640K), 0.0346130 secs] 1460227K->1134444K(12541952K), 0.0349130 secs] [Times: user=0.27 sys=0.01, real=0.03 secs] 
2011-03-01T01:20:20.933+0000: 1122.325: [GC 1122.325: [ParNew: 355059K->30077K(368640K), 0.0297280 secs] 1462124K->1148941K(12541952K), 0.0300610 secs] [Times: user=0.18 sys=0.00, real=0.03 secs] 
2011-03-01T01:20:23.830+0000: 1125.222: [GC 1125.222: [ParNew: 357757K->10075K(368640K), 0.0274940 secs] 1476621K->1138786K(12541952K), 0.0278170 secs] [Times: user=0.24 sys=0.00, real=0.03 secs] 
2011-03-01T01:20:26.505+0000: 1127.896: [GC 1127.896: [ParNew: 337755K->40960K(368640K), 0.0470920 secs] 1466466K->1178424K(12541952K), 0.0474120 secs] [Times: user=0.32 sys=0.00, real=0.05 secs] 
2011-03-01T01:20:29.134+0000: 1130.525: [GC 1130.525: [ParNew: 368640K->28948K(368640K), 0.0305360 secs] 1506104K->1180114K(12541952K), 0.0308590 secs] [Times: user=0.20 sys=0.00, real=0.03 secs] 
2011-03-01T01:20:31.715+0000: 1133.106: [GC 1133.107: [ParNew: 356628K->29847K(368640K), 0.0314980 secs] 1507794K->1191799K(12541952K), 0.0318210 secs] [Times: user=0.24 sys=0.00, real=0.03 secs] 
2011-03-01T01:20:34.376+0000: 1135.767: [GC 1135.767: [ParNew: 357527K->32631K(368640K), 0.0316160 secs] 1519479K->1204954K(12541952K), 0.0319400 secs] [Times: user=0.24 sys=0.00, real=0.03 secs] 
2011-03-01T01:20:37.058+0000: 1138.449: [GC 1138.450: [ParNew: 360311K->16605K(368640K), 0.0324560 secs] 1532634K->1201072K(12541952K), 0.0327660 secs] [Times: user=0.24 sys=0.00, real=0.03 secs] 
2011-03-01T01:20:37.878+0000: 1139.269: [GC 1139.270: [ParNew: 342856K->35235K(368640K), 0.0406200 secs] 1527323K->1219702K(12541952K), 0.0409320 secs] [Times: user=0.27 sys=0.00, real=0.04 secs] 
2011-03-01T01:20:38.639+0000: 1140.030: [GC 1140.030: [ParNew: 362915K->34586K(368640K), 0.0564730 secs] 1547382K->1244124K(12541952K), 0.0567830 secs] [Times: user=0.37 sys=0.00, real=0.06 secs] 
2011-03-01T01:20:39.422+0000: 1140.813: [GC 1140.813: [ParNew: 362266K->33713K(368640K), 0.0538610 secs] 1571804K->1261966K(12541952K), 0.0541880 secs] [Times: user=0.38 sys=0.00, real=0.06 secs] 
2011-03-01T01:20:40.134+0000: 1141.525: [GC 1141.525: [ParNew: 361393K->36301K(368640K), 0.0415160 secs] 1589646K->1279763K(12541952K), 0.0418280 secs] [Times: user=0.27 sys=0.00, real=0.04 secs] 
2011-03-01T01:20:41.149+0000: 1142.540: [GC 1142.540: [ParNew: 323139K->40315K(368640K), 0.0426890 secs] 1566600K->1299254K(12541952K), 0.0430190 secs] [Times: user=0.30 sys=0.00, real=0.05 secs] 
2011-03-01T01:20:41.464+0000: 1142.855: [GC 1142.855: [ParNew: 367995K->23486K(368640K), 0.0505750 secs] 1626934K->1443151K(12541952K), 0.0509020 secs] [Times: user=0.37 sys=0.00, real=0.05 secs] 
2011-03-01T01:20:42.018+0000: 1143.409: [GC 1143.409: [ParNew: 351166K->9019K(368640K), 0.0354270 secs] 1770831K->1437050K(12541952K), 0.0357430 secs] [Times: user=0.25 sys=0.00, real=0.04 secs] 
2011-03-01T01:20:42.562+0000: 1143.953: [GC 1143.953: [ParNew: 336699K->14294K(368640K), 0.0371960 secs] 1764730K->1442324K(12541952K), 0.0375190 secs] [Times: user=0.29 sys=0.00, real=0.04 secs] 
2011-03-01T01:20:43.043+0000: 1144.434: [GC 1144.434: [ParNew: 341974K->22753K(368640K), 0.0404530 secs] 1770004K->1450783K(12541952K), 0.0407840 secs] [Times: user=0.32 sys=0.00, real=0.04 secs] 
2011-03-01T01:20:43.585+0000: 1144.976: [GC 1144.976: [ParNew: 350433K->27213K(368640K), 0.0459740 secs] 1778463K->1455243K(12541952K), 0.0462990 secs] [Times: user=0.32 sys=0.00, real=0.04 secs] 
2011-03-01T01:20:44.092+0000: 1145.483: [GC 1145.483: [ParNew: 354893K->34787K(368640K), 0.0586520 secs] 1782923K->1468871K(12541952K), 0.0589830 secs] [Times: user=0.45 sys=0.00, real=0.06 secs] 
2011-03-01T01:20:45.201+0000: 1146.592: [GC 1146.592: [ParNew: 362467K->37452K(368640K), 0.0616780 secs] 1796551K->1482818K(12541952K), 0.0619990 secs] [Times: user=0.47 sys=0.01, real=0.07 secs] 
2011-03-01T01:20:45.929+0000: 1147.320: [GC 1147.320: [ParNew: 313464K->40942K(368640K), 0.0619720 secs] 1758830K->1580294K(12541952K), 0.0622920 secs] [Times: user=0.47 sys=0.00, real=0.06 secs] 
2011-03-01T01:20:46.730+0000: 1148.121: [GC 1148.121: [ParNew: 368622K->30106K(368640K), 0.0570830 secs] 1907974K->1646592K(12541952K), 0.0573950 secs] [Times: user=0.46 sys=0.01, real=0.06 secs] 
2011-03-01T01:20:47.711+0000: 1149.102: [GC 1149.102: [ParNew: 357786K->22409K(368640K), 0.0383630 secs] 1974272K->1656686K(12541952K), 0.0387000 secs] [Times: user=0.24 sys=0.01, real=0.04 secs] 
2011-03-01T01:20:48.693+0000: 1150.084: [GC 1150.084: [ParNew: 350089K->40960K(368640K), 0.0302790 secs] 1984366K->1676608K(12541952K), 0.0306060 secs] [Times: user=0.19 sys=0.00, real=0.03 secs] 
2011-03-01T01:20:49.710+0000: 1151.101: [GC 1151.101: [ParNew: 368640K->17599K(368640K), 0.0368700 secs] 2004288K->1669361K(12541952K), 0.0371820 secs] [Times: user=0.29 sys=0.01, real=0.04 secs] 
2011-03-01T01:20:50.657+0000: 1152.048: [GC 1152.049: [ParNew: 345279K->40398K(368640K), 0.0283820 secs] 1997041K->1692161K(12541952K), 0.0286930 secs] [Times: user=0.24 sys=0.00, real=0.03 secs] 
2011-03-01T01:20:51.676+0000: 1153.067: [GC 1153.068: [ParNew: 368078K->15816K(368640K), 0.0405800 secs] 2019841K->1690577K(12541952K), 0.0409000 secs] [Times: user=0.27 sys=0.00, real=0.04 secs] 
2011-03-01T01:20:52.707+0000: 1154.098: [GC 1154.098: [ParNew: 343496K->25614K(368640K), 0.0255990 secs] 2018257K->1700375K(12541952K), 0.0259140 secs] [Times: user=0.16 sys=0.00, real=0.03 secs] 
2011-03-01T01:20:53.752+0000: 1155.143: [GC 1155.144: [ParNew: 353294K->24085K(368640K), 0.0315920 secs] 2028055K->1704153K(12541952K), 0.0319150 secs] [Times: user=0.22 sys=0.00, real=0.03 secs] 
2011-03-01T01:20:54.553+0000: 1155.944: [GC 1155.945: [ParNew: 351765K->40960K(368640K), 0.0280960 secs] 2031833K->1721961K(12541952K), 0.0284150 secs] [Times: user=0.18 sys=0.00, real=0.02 secs] 
2011-03-01T01:20:55.198+0000: 1156.589: [GC 1156.589: [ParNew: 368640K->11293K(368640K), 0.0327440 secs] 2049641K->1711947K(12541952K), 0.0330650 secs] [Times: user=0.23 sys=0.01, real=0.03 secs] 
2011-03-01T01:20:55.583+0000: 1156.974: [GC 1156.974: [ParNew: 338973K->6176K(368640K), 0.0183110 secs] 2039627K->1706830K(12541952K), 0.0186270 secs] [Times: user=0.11 sys=0.01, real=0.02 secs] 
2011-03-01T01:20:56.013+0000: 1157.404: [GC 1157.404: [ParNew: 333856K->6512K(368640K), 0.0193100 secs] 2034510K->1707166K(12541952K), 0.0196320 secs] [Times: user=0.11 sys=0.00, real=0.02 secs] 
2011-03-01T01:20:56.357+0000: 1157.748: [GC 1157.748: [ParNew: 334192K->6647K(368640K), 0.0218900 secs] 2034846K->1707300K(12541952K), 0.0222040 secs] [Times: user=0.15 sys=0.00, real=0.02 secs] 
2011-03-01T01:20:56.967+0000: 1158.358: [GC 1158.358: [ParNew: 334327K->8646K(368640K), 0.0285740 secs] 2034980K->1710445K(12541952K), 0.0288840 secs] [Times: user=0.20 sys=0.00, real=0.03 secs] 
2011-03-01T01:20:57.862+0000: 1159.253: [GC 1159.253: [ParNew: 336326K->10750K(368640K), 0.0354040 secs] 2038125K->1714625K(12541952K), 0.0357310 secs] [Times: user=0.24 sys=0.01, real=0.04 secs] 
2011-03-01T01:20:58.694+0000: 1160.086: [GC 1160.086: [ParNew: 338430K->15003K(368640K), 0.0253850 secs] 2042305K->1719599K(12541952K), 0.0257040 secs] [Times: user=0.18 sys=0.00, real=0.02 secs] 
2011-03-01T01:20:59.557+0000: 1160.948: [GC 1160.948: [ParNew: 342683K->14364K(368640K), 0.0381790 secs] 2047279K->1720473K(12541952K), 0.0384970 secs] [Times: user=0.26 sys=0.00, real=0.04 secs] 
2011-03-01T01:21:00.236+0000: 1161.627: [GC 1161.628: [ParNew: 342138K->40049K(368640K), 0.0311170 secs] 2048246K->1747509K(12541952K), 0.0314350 secs] [Times: user=0.24 sys=0.00, real=0.03 secs] 
2011-03-01T01:21:00.269+0000: 1161.660: [GC 1161.660: [ParNew: 41727K->11035K(368640K), 0.0370280 secs] 1749187K->1737959K(12541952K), 0.0372970 secs] [Times: user=0.24 sys=0.00, real=0.04 secs] 
2011-03-01T01:21:00.651+0000: 1162.043: [GC 1162.043: [ParNew: 338715K->7362K(368640K), 0.0178420 secs] 2065639K->1734287K(12541952K), 0.0181570 secs] [Times: user=0.14 sys=0.00, real=0.02 secs] 
2011-03-01T01:21:01.017+0000: 1162.408: [GC 1162.408: [ParNew: 335042K->9545K(368640K), 0.0208430 secs] 2061967K->1736469K(12541952K), 0.0211620 secs] [Times: user=0.16 sys=0.00, real=0.02 secs] 
2011-03-01T01:21:01.492+0000: 1162.883: [GC 1162.883: [ParNew: 337225K->11728K(368640K), 0.0224570 secs] 2064149K->1738653K(12541952K), 0.0228010 secs] [Times: user=0.19 sys=0.00, real=0.03 secs] 
2011-03-01T01:21:01.937+0000: 1163.328: [GC 1163.328: [ParNew: 339380K->15604K(368640K), 0.0256180 secs] 2066305K->1742531K(12541952K), 0.0259490 secs] [Times: user=0.16 sys=0.00, real=0.03 secs] 
2011-03-01T01:21:02.312+0000: 1163.703: [GC 1163.703: [ParNew: 343284K->12064K(368640K), 0.0270790 secs] 2070211K->1743518K(12541952K), 0.0274220 secs] [Times: user=0.24 sys=0.00, real=0.03 secs] 
2011-03-01T01:21:02.712+0000: 1164.103: [GC 1164.103: [ParNew: 339735K->10108K(368640K), 0.0261310 secs] 2071188K->1744266K(12541952K), 0.0264610 secs] [Times: user=0.22 sys=0.01, real=0.03 secs] 
2011-03-01T01:21:03.521+0000: 1164.912: [GC 1164.912: [ParNew: 337788K->39311K(368640K), 0.0248480 secs] 2071946K->1774656K(12541952K), 0.0251780 secs] [Times: user=0.23 sys=0.00, real=0.03 secs] 
2011-03-01T01:21:04.679+0000: 1166.070: [GC 1166.071: [ParNew: 366991K->7917K(368640K), 0.0305550 secs] 2102336K->1757261K(12541952K), 0.0308730 secs] [Times: user=0.24 sys=0.00, real=0.03 secs] 
2011-03-01T01:21:05.793+0000: 1167.184: [GC 1167.184: [ParNew: 335597K->8969K(368640K), 0.0217200 secs] 2084941K->1758314K(12541952K), 0.0220340 secs] [Times: user=0.17 sys=0.01, real=0.02 secs] 
2011-03-01T01:21:06.878+0000: 1168.269: [GC 1168.270: [ParNew: 336649K->14249K(368640K), 0.0247380 secs] 2085994K->1763593K(12541952K), 0.0250740 secs] [Times: user=0.16 sys=0.00, real=0.03 secs] 
2011-03-01T01:21:08.144+0000: 1169.535: [GC 1169.535: [ParNew: 341929K->29426K(368640K), 0.0271710 secs] 2091273K->1778771K(12541952K), 0.0275100 secs] [Times: user=0.17 sys=0.01, real=0.02 secs] 
2011-03-01T01:21:11.350+0000: 1172.741: [GC 1172.741: [ParNew: 357106K->40960K(368640K), 0.0433750 secs] 2106451K->1803194K(12541952K), 0.0436940 secs] [Times: user=0.33 sys=0.00, real=0.05 secs] 
2011-03-01T01:21:12.664+0000: 1174.055: [GC 1174.055: [ParNew: 368640K->26352K(368640K), 0.0529480 secs] 2130874K->1874575K(12541952K), 0.0532770 secs] [Times: user=0.34 sys=0.01, real=0.05 secs] 
2011-03-01T01:21:13.459+0000: 1174.850: [GC 1174.851: [ParNew: 354032K->32120K(368640K), 0.0293800 secs] 2202255K->1880343K(12541952K), 0.0297070 secs] [Times: user=0.24 sys=0.00, real=0.03 secs] 
2011-03-01T01:21:14.252+0000: 1175.643: [GC 1175.643: [ParNew: 359800K->15058K(368640K), 0.0378850 secs] 2208023K->1877801K(12541952K), 0.0382100 secs] [Times: user=0.28 sys=0.00, real=0.04 secs] 
2011-03-01T01:21:15.179+0000: 1176.570: [GC 1176.570: [ParNew: 342738K->23444K(368640K), 0.0325070 secs] 2205481K->1886188K(12541952K), 0.0368590 secs] [Times: user=0.26 sys=0.00, real=0.04 secs] 
2011-03-01T01:21:16.673+0000: 1178.064: [GC 1178.065: [ParNew: 351124K->40960K(368640K), 0.0490710 secs] 2213868K->1911625K(12541952K), 0.0494300 secs] [Times: user=0.36 sys=0.00, real=0.05 secs] 
2011-03-01T01:21:20.043+0000: 1181.434: [GC 1181.434: [ParNew: 368640K->40960K(368640K), 0.0575980 secs] 2239305K->1933279K(12541952K), 0.0579560 secs] [Times: user=0.40 sys=0.00, real=0.05 secs] 
2011-03-01T01:21:23.130+0000: 1184.521: [GC 1184.521: [ParNew: 368640K->36438K(368640K), 0.0510490 secs] 2260959K->1953843K(12541952K), 0.0513500 secs] [Times: user=0.39 sys=0.00, real=0.05 secs] 
2011-03-01T01:21:25.865+0000: 1187.257: [GC 1187.257: [ParNew: 364118K->34713K(368640K), 0.0559790 secs] 2281523K->1976578K(12541952K), 0.0563360 secs] [Times: user=0.39 sys=0.00, real=0.05 secs] 
2011-03-01T01:21:28.223+0000: 1189.614: [GC 1189.614: [ParNew: 362393K->32716K(368640K), 0.0587380 secs] 2304258K->2001437K(12541952K), 0.0590630 secs] [Times: user=0.41 sys=0.00, real=0.05 secs] 
2011-03-01T01:21:30.971+0000: 1192.362: [GC 1192.362: [ParNew: 360396K->40150K(368640K), 0.0594590 secs] 2329117K->2030453K(12541952K), 0.0597730 secs] [Times: user=0.48 sys=0.00, real=0.06 secs] 
2011-03-01T01:21:33.579+0000: 1194.970: [GC 1194.971: [ParNew: 367830K->38600K(368640K), 0.0646880 secs] 2358133K->2058462K(12541952K), 0.0650060 secs] [Times: user=0.49 sys=0.00, real=0.07 secs] 
2011-03-01T01:21:35.133+0000: 1196.524: [GC 1196.524: [ParNew: 366280K->40960K(368640K), 0.0654470 secs] 2386142K->2088392K(12541952K), 0.0663070 secs] [Times: user=0.44 sys=0.01, real=0.06 secs] 
2011-03-01T01:21:35.858+0000: 1197.249: [GC 1197.250: [ParNew: 368640K->39869K(368640K), 0.0672660 secs] 2416072K->2117391K(12541952K), 0.0675920 secs] [Times: user=0.49 sys=0.00, real=0.07 secs] 
2011-03-01T01:21:36.832+0000: 1198.224: [GC 1198.224: [ParNew: 367549K->40960K(368640K), 0.0668360 secs] 2445071K->2148449K(12541952K), 0.0671580 secs] [Times: user=0.47 sys=0.00, real=0.07 secs] 
2011-03-01T01:21:37.408+0000: 1198.799: [GC 1198.799: [ParNew: 368640K->39128K(368640K), 0.0715830 secs] 2476129K->2176339K(12541952K), 0.0719260 secs] [Times: user=0.49 sys=0.00, real=0.07 secs] 
2011-03-01T01:21:38.586+0000: 1199.977: [GC 1199.978: [ParNew: 366808K->40960K(368640K), 0.0697420 secs] 2504019K->2208259K(12541952K), 0.0700690 secs] [Times: user=0.48 sys=0.00, real=0.07 secs] 
2011-03-01T01:21:41.076+0000: 1202.467: [GC 1202.467: [ParNew: 368640K->38585K(368640K), 0.0660100 secs] 2535939K->2235359K(12541952K), 0.0663420 secs] [Times: user=0.48 sys=0.00, real=0.06 secs] 
2011-03-01T01:21:43.657+0000: 1205.048: [GC 1205.048: [ParNew: 366265K->38369K(368640K), 0.0576410 secs] 2563039K->2262354K(12541952K), 0.0579730 secs] [Times: user=0.40 sys=0.00, real=0.06 secs] 
2011-03-01T01:21:46.242+0000: 1207.633: [GC 1207.634: [ParNew: 366049K->21795K(368640K), 0.0416500 secs] 2590034K->2264009K(12541952K), 0.0419780 secs] [Times: user=0.30 sys=0.00, real=0.04 secs] 
2011-03-01T01:21:49.362+0000: 1210.754: [GC 1210.754: [ParNew: 348436K->40960K(368640K), 0.0397130 secs] 2590649K->2291872K(12541952K), 0.0400460 secs] [Times: user=0.29 sys=0.00, real=0.04 secs] 
2011-03-01T01:21:51.953+0000: 1213.344: [GC 1213.344: [ParNew: 368640K->38845K(368640K), 0.0444290 secs] 2619552K->2302100K(12541952K), 0.0447740 secs] [Times: user=0.33 sys=0.01, real=0.04 secs] 
2011-03-01T01:21:54.495+0000: 1215.886: [GC 1215.887: [ParNew: 366525K->18769K(368640K), 0.0459300 secs] 2629780K->2303427K(12541952K), 0.0462670 secs] [Times: user=0.31 sys=0.01, real=0.04 secs] 
2011-03-01T01:21:55.180+0000: 1216.572: [GC 1216.572: [ParNew: 346417K->27423K(368640K), 0.0296600 secs] 2631075K->2312082K(12541952K), 0.0299900 secs] [Times: user=0.22 sys=0.01, real=0.03 secs] 
2011-03-01T01:21:55.674+0000: 1217.065: [GC 1217.066: [ParNew: 355103K->8463K(368640K), 0.0292100 secs] 2639762K->2302901K(12541952K), 0.0295790 secs] [Times: user=0.17 sys=0.00, real=0.03 secs] 
2011-03-01T01:21:56.077+0000: 1217.468: [GC 1217.468: [ParNew: 336143K->6607K(368640K), 0.0193410 secs] 2630581K->2301046K(12541952K), 0.0196760 secs] [Times: user=0.16 sys=0.00, real=0.02 secs] 
2011-03-01T01:21:56.421+0000: 1217.812: [GC 1217.812: [ParNew: 334287K->7873K(368640K), 0.0210710 secs] 2628726K->2302311K(12541952K), 0.0213930 secs] [Times: user=0.17 sys=0.00, real=0.03 secs] 
2011-03-01T01:21:57.333+0000: 1218.724: [GC 1218.724: [ParNew: 335553K->32957K(368640K), 0.0260250 secs] 2629991K->2328962K(12541952K), 0.0263450 secs] [Times: user=0.22 sys=0.00, real=0.02 secs] 
2011-03-01T01:21:57.689+0000: 1219.080: [GC 1219.080: [ParNew: 360630K->8108K(368640K), 0.0259690 secs] 2656635K->2315248K(12541952K), 0.0262960 secs] [Times: user=0.20 sys=0.00, real=0.03 secs] 
2011-03-01T01:21:58.101+0000: 1219.492: [GC 1219.492: [ParNew: 335788K->5895K(368640K), 0.0180780 secs] 2642928K->2313035K(12541952K), 0.0184290 secs] [Times: user=0.15 sys=0.00, real=0.02 secs] 
2011-03-01T01:21:58.505+0000: 1219.896: [GC 1219.897: [ParNew: 333530K->6764K(368640K), 0.0185020 secs] 2640670K->2313904K(12541952K), 0.0188210 secs] [Times: user=0.13 sys=0.00, real=0.02 secs] 
2011-03-01T01:21:58.943+0000: 1220.334: [GC 1220.334: [ParNew: 334443K->9388K(368640K), 0.0282300 secs] 2641583K->2316528K(12541952K), 0.0285660 secs] [Times: user=0.20 sys=0.00, real=0.03 secs] 
2011-03-01T01:22:00.001+0000: 1221.393: [GC 1221.393: [ParNew: 337068K->7838K(368640K), 0.0255160 secs] 2644208K->2315478K(12541952K), 0.0258350 secs] [Times: user=0.21 sys=0.00, real=0.03 secs] 
2011-03-01T01:22:02.663+0000: 1224.054: [GC 1224.054: [ParNew: 335518K->40960K(368640K), 0.0376630 secs] 2643158K->2354342K(12541952K), 0.0379920 secs] [Times: user=0.30 sys=0.00, real=0.04 secs] 
2011-03-01T01:22:07.175+0000: 1228.566: [GC 1228.567: [ParNew: 368640K->19693K(368640K), 0.0433040 secs] 2682022K->2349261K(12541952K), 0.0436310 secs] [Times: user=0.32 sys=0.00, real=0.04 secs] 
2011-03-01T01:22:11.491+0000: 1232.882: [GC 1232.883: [ParNew: 347373K->40960K(368640K), 0.0413120 secs] 2676941K->2378887K(12541952K), 0.0416280 secs] [Times: user=0.31 sys=0.00, real=0.05 secs] 
2011-03-01T01:22:15.886+0000: 1237.277: [GC 1237.277: [ParNew: 368640K->32653K(368640K), 0.0413530 secs] 2706567K->2381695K(12541952K), 0.0416640 secs] [Times: user=0.32 sys=0.00, real=0.04 secs] 
2011-03-01T01:22:19.443+0000: 1240.834: [GC 1240.835: [ParNew: 360333K->40960K(368640K), 0.0396000 secs] 2709375K->2397287K(12541952K), 0.0399120 secs] [Times: user=0.27 sys=0.01, real=0.04 secs] 
2011-03-01T01:22:22.683+0000: 1244.074: [GC 1244.074: [ParNew: 368640K->30775K(368640K), 0.0385210 secs] 2724967K->2399553K(12541952K), 0.0388310 secs] [Times: user=0.28 sys=0.01, real=0.03 secs] 
2011-03-01T01:22:25.393+0000: 1246.784: [GC 1246.784: [ParNew: 358455K->40960K(368640K), 0.0391660 secs] 2727233K->2415526K(12541952K), 0.0394810 secs] [Times: user=0.24 sys=0.00, real=0.04 secs] 
2011-03-01T01:22:27.972+0000: 1249.363: [GC 1249.363: [ParNew: 368640K->28719K(368640K), 0.0396420 secs] 2743206K->2423178K(12541952K), 0.0399480 secs] [Times: user=0.28 sys=0.02, real=0.04 secs] 
2011-03-01T01:22:30.773+0000: 1252.164: [GC 1252.164: [ParNew: 356399K->24988K(368640K), 0.0346230 secs] 2750858K->2427576K(12541952K), 0.0349490 secs] [Times: user=0.26 sys=0.00, real=0.03 secs] 
2011-03-01T01:22:33.269+0000: 1254.661: [GC 1254.661: [ParNew: 352668K->32459K(368640K), 0.0323960 secs] 2755256K->2447172K(12541952K), 0.0327000 secs] [Times: user=0.24 sys=0.00, real=0.04 secs] 
2011-03-01T01:22:35.110+0000: 1256.501: [GC 1256.501: [ParNew: 360139K->34851K(368640K), 0.0471950 secs] 2774852K->2459887K(12541952K), 0.0474990 secs] [Times: user=0.39 sys=0.00, real=0.05 secs] 
2011-03-01T01:22:35.887+0000: 1257.278: [GC 1257.278: [ParNew: 362531K->28597K(368640K), 0.0592730 secs] 2787567K->2469700K(12541952K), 0.0595840 secs] [Times: user=0.31 sys=0.00, real=0.06 secs] 
2011-03-01T01:22:36.711+0000: 1258.102: [GC 1258.102: [ParNew: 356280K->37392K(368640K), 0.0453430 secs] 2797383K->2495903K(12541952K), 0.0456660 secs] [Times: user=0.36 sys=0.01, real=0.05 secs] 
2011-03-01T01:22:37.312+0000: 1258.703: [GC 1258.703: [ParNew: 365072K->34581K(368640K), 0.0440590 secs] 2823583K->2507583K(12541952K), 0.0443800 secs] [Times: user=0.37 sys=0.00, real=0.05 secs] 
2011-03-01T01:22:38.188+0000: 1259.579: [GC 1259.579: [ParNew: 362261K->25035K(368640K), 0.0593130 secs] 2835263K->2518007K(12541952K), 0.0596420 secs] [Times: user=0.39 sys=0.00, real=0.06 secs] 
2011-03-01T01:22:40.154+0000: 1261.545: [GC 1261.545: [ParNew: 352715K->40960K(368640K), 0.0342360 secs] 2845687K->2535685K(12541952K), 0.0345640 secs] [Times: user=0.25 sys=0.00, real=0.03 secs] 
2011-03-01T01:22:43.048+0000: 1264.439: [GC 1264.440: [ParNew: 368640K->40960K(368640K), 0.0428460 secs] 2863365K->2552035K(12541952K), 0.0431670 secs] [Times: user=0.31 sys=0.01, real=0.04 secs] 
2011-03-01T01:22:44.921+0000: 1266.313: [GC 1266.313: [ParNew: 366652K->24743K(368640K), 0.0340760 secs] 2877727K->2543352K(12541952K), 0.0343960 secs] [Times: user=0.27 sys=0.00, real=0.04 secs] 
2011-03-01T01:22:46.595+0000: 1267.986: [GC 1267.986: [ParNew: 352423K->40960K(368640K), 0.0345460 secs] 2871032K->2572020K(12541952K), 0.0348720 secs] [Times: user=0.24 sys=0.00, real=0.03 secs] 
2011-03-01T01:22:49.529+0000: 1270.920: [GC 1270.920: [ParNew: 368640K->29413K(368640K), 0.0342120 secs] 2899700K->2567493K(12541952K), 0.0345360 secs] [Times: user=0.24 sys=0.00, real=0.04 secs] 
2011-03-01T01:22:52.170+0000: 1273.561: [GC 1273.561: [ParNew: 357093K->35842K(368640K), 0.0335640 secs] 2895173K->2580909K(12541952K), 0.0338850 secs] [Times: user=0.24 sys=0.00, real=0.04 secs] 
2011-03-01T01:22:54.628+0000: 1276.019: [GC 1276.019: [ParNew: 363460K->18087K(368640K), 0.0366430 secs] 2908527K->2580031K(12541952K), 0.0369850 secs] [Times: user=0.25 sys=0.00, real=0.04 secs] 
2011-03-01T01:22:55.320+0000: 1276.711: [GC 1276.711: [ParNew: 345737K->26012K(368640K), 0.0205150 secs] 2907681K->2587956K(12541952K), 0.0208490 secs] [Times: user=0.15 sys=0.00, real=0.02 secs] 
2011-03-01T01:22:55.805+0000: 1277.196: [GC 1277.196: [ParNew: 353660K->4014K(368640K), 0.0222960 secs] 2915604K->2572885K(12541952K), 0.0226320 secs] [Times: user=0.17 sys=0.00, real=0.02 secs] 
2011-03-01T01:22:56.198+0000: 1277.589: [GC 1277.590: [ParNew: 331686K->2693K(368640K), 0.0172300 secs] 2900557K->2571564K(12541952K), 0.0175410 secs] [Times: user=0.16 sys=0.00, real=0.02 secs] 
2011-03-01T01:22:56.574+0000: 1277.965: [GC 1277.965: [ParNew: 330373K->15873K(368640K), 0.0192810 secs] 2899244K->2584744K(12541952K), 0.0196250 secs] [Times: user=0.12 sys=0.00, real=0.02 secs] 
2011-03-01T01:22:56.976+0000: 1278.367: [GC 1278.368: [ParNew: 343553K->16797K(368640K), 0.0196700 secs] 2912424K->2586075K(12541952K), 0.0200160 secs] [Times: user=0.16 sys=0.00, real=0.02 secs] 
2011-03-01T01:22:57.593+0000: 1278.984: [GC 1278.984: [ParNew: 344477K->20107K(368640K), 0.0208200 secs] 2913755K->2590082K(12541952K), 0.0211530 secs] [Times: user=0.15 sys=0.00, real=0.02 secs] 
2011-03-01T01:23:00.164+0000: 1281.555: [GC 1281.555: [ParNew: 347787K->33229K(368640K), 0.0451130 secs] 2917762K->2603305K(12541952K), 0.0454760 secs] [Times: user=0.21 sys=0.00, real=0.04 secs] 
2011-03-01T01:23:02.009+0000: 1283.400: [GC 1283.400: [ParNew: 360851K->38986K(368640K), 0.0300290 secs] 2930927K->2616846K(12541952K), 0.0303650 secs] [Times: user=0.24 sys=0.00, real=0.03 secs] 
2011-03-01T01:23:03.243+0000: 1284.635: [GC 1284.635: [ParNew: 366636K->8497K(368640K), 0.0292340 secs] 2944496K->2600460K(12541952K), 0.0295720 secs] [Times: user=0.19 sys=0.00, real=0.02 secs] 
2011-03-01T01:23:03.902+0000: 1285.293: [GC 1285.293: [ParNew: 336114K->4165K(368640K), 0.0185840 secs] 2928077K->2596129K(12541952K), 0.0189130 secs] [Times: user=0.13 sys=0.00, real=0.02 secs] 
2011-03-01T01:23:06.837+0000: 1288.228: [GC 1288.228: [ParNew: 331845K->26649K(368640K), 0.0237090 secs] 2923809K->2618613K(12541952K), 0.0240430 secs] [Times: user=0.16 sys=0.00, real=0.02 secs] 
2011-03-01T01:23:11.111+0000: 1292.502: [GC 1292.503: [ParNew: 354329K->20841K(368640K), 0.0298500 secs] 2946293K->2623341K(12541952K), 0.0301710 secs] [Times: user=0.22 sys=0.00, real=0.03 secs] 
2011-03-01T01:23:14.997+0000: 1296.388: [GC 1296.388: [ParNew: 348521K->35136K(368640K), 0.0278820 secs] 2951021K->2637635K(12541952K), 0.0282120 secs] [Times: user=0.22 sys=0.00, real=0.03 secs] 
2011-03-01T01:23:18.715+0000: 1300.106: [GC 1300.106: [ParNew: 362816K->40960K(368640K), 0.0357050 secs] 2965315K->2654404K(12541952K), 0.0360330 secs] [Times: user=0.24 sys=0.00, real=0.03 secs] 
2011-03-01T01:23:22.211+0000: 1303.603: [GC 1303.603: [ParNew: 368640K->33982K(368640K), 0.0363680 secs] 2982084K->2662417K(12541952K), 0.0366970 secs] [Times: user=0.31 sys=0.00, real=0.04 secs] 
2011-03-01T01:23:24.770+0000: 1306.161: [GC 1306.161: [ParNew: 361662K->18858K(368640K), 0.0302530 secs] 2990097K->2657480K(12541952K), 0.0305740 secs] [Times: user=0.24 sys=0.00, real=0.03 secs] 
2011-03-01T01:23:27.264+0000: 1308.655: [GC 1308.655: [ParNew: 346538K->40960K(368640K), 0.0319150 secs] 2985160K->2683881K(12541952K), 0.0322440 secs] [Times: user=0.25 sys=0.01, real=0.03 secs] 
2011-03-01T01:23:29.919+0000: 1311.310: [GC 1311.310: [ParNew: 368640K->18086K(368640K), 0.0335650 secs] 3011561K->2676951K(12541952K), 0.0339080 secs] [Times: user=0.24 sys=0.00, real=0.04 secs] 
2011-03-01T01:23:32.446+0000: 1313.837: [GC 1313.837: [ParNew: 345766K->40960K(368640K), 0.0310290 secs] 3004631K->2702365K(12541952K), 0.0313540 secs] [Times: user=0.24 sys=0.00, real=0.03 secs] 
2011-03-01T01:23:35.038+0000: 1316.429: [GC 1316.429: [ParNew: 368640K->40960K(368640K), 0.0353160 secs] 3030045K->2713118K(12541952K), 0.0356250 secs] [Times: user=0.24 sys=0.00, real=0.04 secs] 
2011-03-01T01:23:35.881+0000: 1317.272: [GC 1317.272: [ParNew: 368640K->40960K(368640K), 0.0643180 secs] 3040798K->2733526K(12541952K), 0.0646390 secs] [Times: user=0.39 sys=0.01, real=0.07 secs] 
2011-03-01T01:23:36.524+0000: 1317.915: [GC 1317.915: [ParNew: 368640K->40960K(368640K), 0.0426340 secs] 3061210K->2742184K(12541952K), 0.0429270 secs] [Times: user=0.31 sys=0.01, real=0.04 secs] 
2011-03-01T01:23:36.568+0000: 1317.959: [GC 1317.959: [ParNew: 41061K->10923K(368640K), 0.0440620 secs] 2742285K->2735057K(12541952K), 0.0443030 secs] [Times: user=0.27 sys=0.00, real=0.04 secs] 
2011-03-01T01:23:37.413+0000: 1318.804: [GC 1318.804: [ParNew: 338603K->39990K(368640K), 0.0295360 secs] 3062737K->2764125K(12541952K), 0.0298360 secs] [Times: user=0.20 sys=0.00, real=0.03 secs] 
2011-03-01T01:23:38.044+0000: 1319.435: [GC 1319.435: [ParNew: 367670K->40960K(368640K), 0.0477600 secs] 3091805K->2781991K(12541952K), 0.0480630 secs] [Times: user=0.33 sys=0.01, real=0.05 secs] 
2011-03-01T01:23:39.297+0000: 1320.688: [GC 1320.688: [ParNew: 368640K->40960K(368640K), 0.0613030 secs] 3109671K->2802288K(12541952K), 0.0616070 secs] [Times: user=0.45 sys=0.00, real=0.06 secs] 
2011-03-01T01:23:41.843+0000: 1323.234: [GC 1323.234: [ParNew: 368640K->32591K(368640K), 0.0264420 secs] 3129968K->2804758K(12541952K), 0.0267450 secs] [Times: user=0.19 sys=0.01, real=0.02 secs] 
2011-03-01T01:23:44.463+0000: 1325.854: [GC 1325.854: [ParNew: 360271K->16204K(368640K), 0.0267180 secs] 3132438K->2799013K(12541952K), 0.0270410 secs] [Times: user=0.18 sys=0.01, real=0.02 secs] 
2011-03-01T01:23:46.924+0000: 1328.315: [GC 1328.315: [ParNew: 343884K->40960K(368640K), 0.0284470 secs] 3126693K->2824267K(12541952K), 0.0287640 secs] [Times: user=0.17 sys=0.00, real=0.03 secs] 
2011-03-01T01:23:49.482+0000: 1330.873: [GC 1330.873: [ParNew: 354267K->40259K(368640K), 0.0292970 secs] 3137574K->2845196K(12541952K), 0.0296340 secs] [Times: user=0.21 sys=0.00, real=0.03 secs] 
2011-03-01T01:23:49.787+0000: 1331.178: [GC 1331.178: [ParNew: 367939K->17600K(368640K), 0.0468290 secs] 3172876K->2974606K(12541952K), 0.0471560 secs] [Times: user=0.28 sys=0.01, real=0.05 secs] 
2011-03-01T01:23:50.345+0000: 1331.736: [GC 1331.736: [ParNew: 345280K->21873K(368640K), 0.0316480 secs] 3302286K->2978879K(12541952K), 0.0319720 secs] [Times: user=0.24 sys=0.00, real=0.03 secs] 
2011-03-01T01:23:50.869+0000: 1332.260: [GC 1332.260: [ParNew: 349553K->27591K(368640K), 0.0355060 secs] 3306559K->2984597K(12541952K), 0.0358410 secs] [Times: user=0.32 sys=0.00, real=0.04 secs] 
2011-03-01T01:23:51.382+0000: 1332.773: [GC 1332.774: [ParNew: 355271K->35876K(368640K), 0.0479160 secs] 3312277K->3006685K(12541952K), 0.0482370 secs] [Times: user=0.37 sys=0.00, real=0.04 secs] 
2011-03-01T01:23:51.920+0000: 1333.311: [GC 1333.311: [ParNew: 363556K->18873K(368640K), 0.0547010 secs] 3334365K->2999978K(12541952K), 0.0550210 secs] [Times: user=0.41 sys=0.00, real=0.06 secs] 
2011-03-01T01:23:52.450+0000: 1333.841: [GC 1333.841: [ParNew: 346553K->26487K(368640K), 0.0474210 secs] 3327658K->3015970K(12541952K), 0.0477320 secs] [Times: user=0.39 sys=0.00, real=0.05 secs] 
2011-03-01T01:23:54.318+0000: 1335.710: [GC 1335.710: [ParNew: 354167K->36646K(368640K), 0.0411290 secs] 3343650K->3026129K(12541952K), 0.0414480 secs] [Times: user=0.32 sys=0.00, real=0.04 secs] 
2011-03-01T01:23:55.425+0000: 1336.816: [GC 1336.816: [ParNew: 364299K->20469K(368640K), 0.0486360 secs] 3353782K->3025274K(12541952K), 0.0489730 secs] [Times: user=0.34 sys=0.00, real=0.05 secs] 
2011-03-01T01:23:56.033+0000: 1337.424: [GC 1337.424: [ParNew: 348149K->30576K(368640K), 0.0298530 secs] 3352954K->3035381K(12541952K), 0.0301780 secs] [Times: user=0.21 sys=0.00, real=0.04 secs] 
2011-03-01T01:23:56.538+0000: 1337.929: [GC 1337.929: [ParNew: 358256K->26740K(368640K), 0.0392670 secs] 3363061K->3039195K(12541952K), 0.0395830 secs] [Times: user=0.31 sys=0.00, real=0.04 secs] 
2011-03-01T01:23:56.983+0000: 1338.374: [GC 1338.374: [ParNew: 354397K->22221K(368640K), 0.0241980 secs] 3366853K->3037546K(12541952K), 0.0316340 secs] [Times: user=0.19 sys=0.00, real=0.03 secs] 
2011-03-01T01:23:57.427+0000: 1338.818: [GC 1338.819: [ParNew: 349901K->27622K(368640K), 0.0235810 secs] 3365226K->3042947K(12541952K), 0.0238970 secs] [Times: user=0.16 sys=0.00, real=0.02 secs] 
2011-03-01T01:23:57.913+0000: 1339.304: [GC 1339.304: [ParNew: 355302K->11468K(368640K), 0.0243920 secs] 3370627K->3031230K(12541952K), 0.0247230 secs] [Times: user=0.20 sys=0.00, real=0.02 secs] 
2011-03-01T01:23:58.489+0000: 1339.880: [GC 1339.880: [ParNew: 339148K->20867K(368640K), 0.0252560 secs] 3358910K->3042588K(12541952K), 0.0255760 secs] [Times: user=0.20 sys=0.00, real=0.03 secs] 
2011-03-01T01:24:00.031+0000: 1341.422: [GC 1341.423: [ParNew: 348509K->33148K(368640K), 0.0283490 secs] 3370230K->3055506K(12541952K), 0.0287040 secs] [Times: user=0.24 sys=0.00, real=0.03 secs] 
2011-03-01T01:24:00.603+0000: 1341.994: [GC 1341.994: [ParNew: 360828K->26899K(368640K), 0.0357360 secs] 3383186K->3058617K(12541952K), 0.0360530 secs] [Times: user=0.28 sys=0.00, real=0.03 secs] 
2011-03-01T01:24:01.302+0000: 1342.694: [GC 1342.694: [ParNew: 354559K->37038K(368640K), 0.0298420 secs] 3386277K->3073781K(12541952K), 0.0301610 secs] [Times: user=0.20 sys=0.00, real=0.03 secs] 
2011-03-01T01:24:03.642+0000: 1345.033: [GC 1345.033: [ParNew: 364718K->40960K(368640K), 0.0371190 secs] 3401461K->3087478K(12541952K), 0.0374560 secs] [Times: user=0.29 sys=0.00, real=0.04 secs] 
2011-03-01T01:24:08.083+0000: 1349.474: [GC 1349.474: [ParNew: 368640K->40960K(368640K), 0.0450310 secs] 3415158K->3108365K(12541952K), 0.0453440 secs] [Times: user=0.34 sys=0.00, real=0.04 secs] 
2011-03-01T01:24:12.259+0000: 1353.650: [GC 1353.650: [ParNew: 368640K->34624K(368640K), 0.0428800 secs] 3436045K->3117589K(12541952K), 0.0431930 secs] [Times: user=0.32 sys=0.00, real=0.05 secs] 
2011-03-01T01:24:16.891+0000: 1358.282: [GC 1358.282: [ParNew: 362304K->40960K(368640K), 0.0485460 secs] 3445269K->3142711K(12541952K), 0.0488550 secs] [Times: user=0.38 sys=0.00, real=0.05 secs] 
2011-03-01T01:24:19.998+0000: 1361.390: [GC 1361.390: [ParNew: 368640K->36059K(368640K), 0.0508680 secs] 3470391K->3156497K(12541952K), 0.0511860 secs] [Times: user=0.40 sys=0.00, real=0.05 secs] 
2011-03-01T01:24:23.112+0000: 1364.503: [GC 1364.503: [ParNew: 363739K->40960K(368640K), 0.0516060 secs] 3484177K->3181296K(12541952K), 0.0519210 secs] [Times: user=0.39 sys=0.00, real=0.06 secs] 
2011-03-01T01:24:25.744+0000: 1367.135: [GC 1367.135: [ParNew: 368640K->40954K(368640K), 0.0526190 secs] 3508976K->3202030K(12541952K), 0.0529350 secs] [Times: user=0.34 sys=0.01, real=0.05 secs] 
2011-03-01T01:24:28.387+0000: 1369.778: [GC 1369.779: [ParNew: 368634K->35527K(368640K), 0.0525450 secs] 3529710K->3218086K(12541952K), 0.0528600 secs] [Times: user=0.39 sys=0.00, real=0.05 secs] 
2011-03-01T01:24:28.996+0000: 1370.387: [GC 1370.388: [ParNew: 363207K->30239K(368640K), 0.0621750 secs] 3545766K->3300394K(12541952K), 0.0625020 secs] [Times: user=0.36 sys=0.00, real=0.06 secs] 
2011-03-01T01:24:29.732+0000: 1371.123: [GC 1371.124: [ParNew: 357919K->10359K(368640K), 0.0401110 secs] 3628074K->3298900K(12541952K), 0.0404330 secs] [Times: user=0.28 sys=0.00, real=0.04 secs] 
2011-03-01T01:24:30.478+0000: 1371.869: [GC 1371.869: [ParNew: 338039K->19711K(368640K), 0.0369300 secs] 3626580K->3308252K(12541952K), 0.0372910 secs] [Times: user=0.28 sys=0.01, real=0.04 secs] 
2011-03-01T01:24:31.206+0000: 1372.597: [GC 1372.597: [ParNew: 347391K->31668K(368640K), 0.0549580 secs] 3635932K->3320209K(12541952K), 0.0552720 secs] [Times: user=0.30 sys=0.00, real=0.05 secs] 
2011-03-01T01:24:31.951+0000: 1373.342: [GC 1373.342: [ParNew: 359348K->40960K(368640K), 0.0539640 secs] 3647889K->3337942K(12541952K), 0.0543090 secs] [Times: user=0.35 sys=0.00, real=0.06 secs] 
2011-03-01T01:24:34.434+0000: 1375.825: [GC 1375.825: [ParNew: 368640K->27379K(368640K), 0.0697570 secs] 3665622K->3353429K(12541952K), 0.0700850 secs] [Times: user=0.50 sys=0.00, real=0.07 secs] 
2011-03-01T01:24:35.553+0000: 1376.945: [GC 1376.945: [ParNew: 355059K->40960K(368640K), 0.0614940 secs] 3681109K->3378477K(12541952K), 0.0618160 secs] [Times: user=0.43 sys=0.00, real=0.06 secs] 
2011-03-01T01:24:36.190+0000: 1377.581: [GC 1377.581: [ParNew: 368640K->40960K(368640K), 0.0768010 secs] 3706157K->3418620K(12541952K), 0.0771200 secs] [Times: user=0.56 sys=0.01, real=0.08 secs] 
2011-03-01T01:24:36.980+0000: 1378.371: [GC 1378.371: [ParNew: 368640K->40960K(368640K), 0.0638240 secs] 3746300K->3448044K(12541952K), 0.0641420 secs] [Times: user=0.46 sys=0.00, real=0.07 secs] 
2011-03-01T01:24:37.651+0000: 1379.042: [GC 1379.042: [ParNew: 368640K->40960K(368640K), 0.0688120 secs] 3775724K->3478092K(12541952K), 0.0691280 secs] [Times: user=0.51 sys=0.00, real=0.07 secs] 
2011-03-01T01:24:39.119+0000: 1380.510: [GC 1380.511: [ParNew: 368640K->40753K(368640K), 0.0614350 secs] 3805772K->3507422K(12541952K), 0.0617470 secs] [Times: user=0.47 sys=0.00, real=0.06 secs] 
2011-03-01T01:24:41.758+0000: 1383.149: [GC 1383.149: [ParNew: 368433K->40960K(368640K), 0.0617570 secs] 3835102K->3538928K(12541952K), 0.0620680 secs] [Times: user=0.44 sys=0.00, real=0.06 secs] 
2011-03-01T01:24:44.442+0000: 1385.833: [GC 1385.833: [ParNew: 368640K->39641K(368640K), 0.0751320 secs] 3866608K->3565710K(12541952K), 0.0754370 secs] [Times: user=0.51 sys=0.00, real=0.08 secs] 
2011-03-01T01:24:47.205+0000: 1388.596: [GC 1388.596: [ParNew: 367347K->40702K(368640K), 0.0661640 secs] 3893416K->3594337K(12541952K), 0.0664960 secs] [Times: user=0.48 sys=0.00, real=0.06 secs] 
2011-03-01T01:24:47.273+0000: 1388.664: [GC 1388.664: [ParNew: 40833K->17500K(368640K), 0.0462950 secs] 3594468K->3599323K(12541952K), 0.0465530 secs] [Times: user=0.33 sys=0.00, real=0.04 secs] 
2011-03-01T01:24:50.265+0000: 1391.656: [GC 1391.657: [ParNew: 345180K->39731K(368640K), 0.0333490 secs] 3927003K->3621554K(12541952K), 0.0336650 secs] [Times: user=0.24 sys=0.00, real=0.03 secs] 
2011-03-01T01:24:52.904+0000: 1394.295: [GC 1394.295: [ParNew: 367411K->34934K(368640K), 0.0507590 secs] 3949234K->3641514K(12541952K), 0.0511130 secs] [Times: user=0.34 sys=0.00, real=0.05 secs] 
2011-03-01T01:24:55.535+0000: 1396.926: [GC 1396.926: [ParNew: 362614K->10864K(368640K), 0.0361250 secs] 3969194K->3632893K(12541952K), 0.0364640 secs] [Times: user=0.24 sys=0.00, real=0.03 secs] 
2011-03-01T01:24:58.048+0000: 1399.439: [GC 1399.439: [ParNew: 338544K->40960K(368640K), 0.0311370 secs] 3960573K->3665360K(12541952K), 0.0314680 secs] [Times: user=0.24 sys=0.00, real=0.03 secs] 
2011-03-01T01:24:58.946+0000: 1400.337: [GC 1400.337: [ParNew: 368640K->7351K(368640K), 0.0289160 secs] 3993040K->3645975K(12541952K), 0.0292540 secs] [Times: user=0.19 sys=0.00, real=0.03 secs] 
2011-03-01T01:24:59.449+0000: 1400.841: [GC 1400.841: [ParNew: 335031K->4406K(368640K), 0.0184980 secs] 3973655K->3643030K(12541952K), 0.0188100 secs] [Times: user=0.16 sys=0.00, real=0.02 secs] 
2011-03-01T01:24:59.965+0000: 1401.356: [GC 1401.356: [ParNew: 332086K->9909K(368640K), 0.0203510 secs] 3970710K->3648533K(12541952K), 0.0206730 secs] [Times: user=0.16 sys=0.00, real=0.02 secs] 
2011-03-01T01:25:00.857+0000: 1402.248: [GC 1402.248: [ParNew: 337584K->37376K(368640K), 0.0264820 secs] 3976208K->3676001K(12541952K), 0.0268120 secs] [Times: user=0.21 sys=0.00, real=0.03 secs] 
2011-03-01T01:25:01.320+0000: 1402.712: [GC 1402.712: [ParNew: 365056K->12536K(368640K), 0.0332820 secs] 4003681K->3666223K(12541952K), 0.0336540 secs] [Times: user=0.25 sys=0.00, real=0.04 secs] 
2011-03-01T01:25:01.778+0000: 1403.169: [GC 1403.169: [ParNew: 340216K->4354K(368640K), 0.0203930 secs] 3993903K->3658041K(12541952K), 0.0207320 secs] [Times: user=0.16 sys=0.00, real=0.02 secs] 
2011-03-01T01:25:02.236+0000: 1403.627: [GC 1403.627: [ParNew: 332032K->5435K(368640K), 0.0199480 secs] 3985719K->3659122K(12541952K), 0.0202820 secs] [Times: user=0.16 sys=0.00, real=0.02 secs] 
2011-03-01T01:25:02.672+0000: 1404.063: [GC 1404.063: [ParNew: 333109K->11567K(368640K), 0.0320730 secs] 3986796K->3665254K(12541952K), 0.0324000 secs] [Times: user=0.27 sys=0.01, real=0.04 secs] 
2011-03-01T01:25:03.143+0000: 1404.534: [GC 1404.534: [ParNew: 339209K->8988K(368640K), 0.0219650 secs] 3992896K->3663766K(12541952K), 0.0223050 secs] [Times: user=0.17 sys=0.00, real=0.02 secs] 
2011-03-01T01:25:03.623+0000: 1405.015: [GC 1405.015: [ParNew: 336668K->8782K(368640K), 0.0227650 secs] 3991446K->3664858K(12541952K), 0.0230780 secs] [Times: user=0.18 sys=0.00, real=0.02 secs] 
2011-03-01T01:25:06.286+0000: 1407.677: [GC 1407.678: [ParNew: 336462K->38657K(368640K), 0.0303440 secs] 3992538K->3695373K(12541952K), 0.0607130 secs] [Times: user=0.24 sys=0.00, real=0.06 secs] 
2011-03-01T01:25:10.481+0000: 1411.873: [GC 1411.873: [ParNew: 366337K->18025K(368640K), 0.0419650 secs] 4023053K->3690755K(12541952K), 0.0422930 secs] [Times: user=0.32 sys=0.01, real=0.05 secs] 
2011-03-01T01:25:14.701+0000: 1416.092: [GC 1416.092: [ParNew: 345705K->40960K(368640K), 0.0345200 secs] 4018435K->3713691K(12541952K), 0.0348500 secs] [Times: user=0.32 sys=0.00, real=0.04 secs] 
2011-03-01T01:25:18.569+0000: 1419.960: [GC 1419.960: [ParNew: 368640K->40960K(368640K), 0.0473030 secs] 4041371K->3728610K(12541952K), 0.0476300 secs] [Times: user=0.35 sys=0.01, real=0.05 secs] 
2011-03-01T01:25:22.048+0000: 1423.439: [GC 1423.439: [ParNew: 368640K->40426K(368640K), 0.0468280 secs] 4056290K->3751576K(12541952K), 0.0471560 secs] [Times: user=0.33 sys=0.00, real=0.05 secs] 
2011-03-01T01:25:24.685+0000: 1426.076: [GC 1426.076: [ParNew: 368106K->30636K(368640K), 0.0442880 secs] 4079256K->3754625K(12541952K), 0.0446120 secs] [Times: user=0.30 sys=0.01, real=0.04 secs] 
2011-03-01T01:25:27.142+0000: 1428.534: [GC 1428.534: [ParNew: 358316K->39757K(368640K), 0.0440280 secs] 4082305K->3779072K(12541952K), 0.0491950 secs] [Times: user=0.32 sys=0.00, real=0.04 secs] 
2011-03-01T01:25:29.852+0000: 1431.243: [GC 1431.243: [ParNew: 367437K->37107K(368640K), 0.0410080 secs] 4106752K->3791524K(12541952K), 0.0413570 secs] [Times: user=0.31 sys=0.00, real=0.05 secs] 
2011-03-01T01:25:32.562+0000: 1433.953: [GC 1433.954: [ParNew: 364787K->14715K(368640K), 0.0361090 secs] 4119204K->3781493K(12541952K), 0.0372610 secs] [Times: user=0.28 sys=0.00, real=0.03 secs] 
2011-03-01T01:25:35.129+0000: 1436.521: [GC 1436.521: [ParNew: 342395K->40960K(368640K), 0.0358540 secs] 4109173K->3811219K(12541952K), 0.0361910 secs] [Times: user=0.28 sys=0.00, real=0.04 secs] 
2011-03-01T01:25:35.948+0000: 1437.339: [GC 1437.339: [ParNew: 368640K->38934K(368640K), 0.0407120 secs] 4138899K->3817883K(12541952K), 0.0410570 secs] [Times: user=0.28 sys=0.00, real=0.04 secs] 
2011-03-01T01:25:36.668+0000: 1438.059: [GC 1438.059: [ParNew: 366614K->32851K(368640K), 0.0588990 secs] 4145563K->3841489K(12541952K), 0.0592160 secs] [Times: user=0.42 sys=0.00, real=0.06 secs] 
2011-03-01T01:25:37.359+0000: 1438.750: [GC 1438.750: [ParNew: 360570K->35241K(368640K), 0.0504570 secs] 4169208K->3860741K(12541952K), 0.0507940 secs] [Times: user=0.37 sys=0.00, real=0.05 secs] 
2011-03-01T01:25:37.411+0000: 1438.802: [GC 1438.802: [ParNew: 35515K->9793K(368640K), 0.0365490 secs] 3861015K->3852510K(12541952K), 0.0368210 secs] [Times: user=0.25 sys=0.00, real=0.04 secs] 
2011-03-01T01:25:38.089+0000: 1439.480: [GC 1439.480: [ParNew: 337473K->30714K(368640K), 0.0453590 secs] 4180190K->3873431K(12541952K), 0.0457040 secs] [Times: user=0.28 sys=0.00, real=0.05 secs] 
2011-03-01T01:25:39.655+0000: 1441.046: [GC 1441.046: [ParNew: 358394K->26971K(368640K), 0.0402860 secs] 4201111K->3886120K(12541952K), 0.0406060 secs] [Times: user=0.26 sys=0.00, real=0.04 secs] 
2011-03-01T01:25:42.541+0000: 1443.932: [GC 1443.932: [ParNew: 354651K->39027K(368640K), 0.0334230 secs] 4213800K->3908373K(12541952K), 0.0337370 secs] [Times: user=0.25 sys=0.00, real=0.04 secs] 
2011-03-01T01:25:45.119+0000: 1446.511: [GC 1446.511: [ParNew: 366707K->18868K(368640K), 0.0324940 secs] 4236053K->3900454K(12541952K), 0.0328090 secs] [Times: user=0.24 sys=0.00, real=0.04 secs] 
2011-03-01T01:25:47.611+0000: 1449.002: [GC 1449.002: [ParNew: 346548K->40960K(368640K), 0.0307730 secs] 4228134K->3923189K(12541952K), 0.0310990 secs] [Times: user=0.24 sys=0.00, real=0.03 secs] 
2011-03-01T01:25:50.380+0000: 1451.771: [GC 1451.772: [ParNew: 368640K->27435K(368640K), 0.0396550 secs] 4250869K->3927074K(12541952K), 0.0399790 secs] [Times: user=0.32 sys=0.00, real=0.04 secs] 
2011-03-01T01:25:53.519+0000: 1454.910: [GC 1454.910: [ParNew: 355115K->31067K(368640K), 0.0317790 secs] 4254754K->3940878K(12541952K), 0.0321040 secs] [Times: user=0.24 sys=0.00, real=0.03 secs] 
2011-03-01T01:25:54.879+0000: 1456.270: [GC 1456.271: [ParNew: 358700K->5331K(368640K), 0.0261350 secs] 4268511K->3925416K(12541952K), 0.0264960 secs] [Times: user=0.22 sys=0.00, real=0.03 secs] 
2011-03-01T01:25:57.438+0000: 1458.829: [GC 1458.829: [ParNew: 333007K->25666K(368640K), 0.0228170 secs] 4253092K->3945751K(12541952K), 0.0231430 secs] [Times: user=0.16 sys=0.00, real=0.02 secs] 
2011-03-01T01:25:58.198+0000: 1459.589: [GC 1459.589: [ParNew: 353346K->17011K(368640K), 0.0266580 secs] 4273431K->3945053K(12541952K), 0.0269830 secs] [Times: user=0.18 sys=0.00, real=0.03 secs] 
2011-03-01T01:25:58.961+0000: 1460.352: [GC 1460.353: [ParNew: 344691K->21584K(368640K), 0.0195760 secs] 4272733K->3949626K(12541952K), 0.0198970 secs] [Times: user=0.16 sys=0.00, real=0.02 secs] 
2011-03-01T01:25:59.613+0000: 1461.004: [GC 1461.004: [ParNew: 349264K->2913K(368640K), 0.0199270 secs] 4277306K->3935710K(12541952K), 0.0202620 secs] [Times: user=0.12 sys=0.01, real=0.02 secs] 
2011-03-01T01:26:01.009+0000: 1462.400: [GC 1462.400: [ParNew: 330593K->37271K(368640K), 0.0243450 secs] 4263390K->3970068K(12541952K), 0.0246620 secs] [Times: user=0.18 sys=0.00, real=0.03 secs] 
2011-03-01T01:26:01.480+0000: 1462.871: [GC 1462.871: [ParNew: 364951K->4600K(368640K), 0.0249130 secs] 4297748K->3947675K(12541952K), 0.0252500 secs] [Times: user=0.17 sys=0.00, real=0.03 secs] 
2011-03-01T01:26:01.925+0000: 1463.316: [GC 1463.316: [ParNew: 332280K->1726K(368640K), 0.0180940 secs] 4275355K->3944800K(12541952K), 0.0183890 secs] [Times: user=0.08 sys=0.01, real=0.02 secs] 
2011-03-01T01:26:02.463+0000: 1463.854: [GC 1463.854: [ParNew: 329405K->2337K(368640K), 0.0180880 secs] 4272479K->3945412K(12541952K), 0.0183830 secs] [Times: user=0.10 sys=0.00, real=0.01 secs] 
2011-03-01T01:26:02.944+0000: 1464.335: [GC 1464.336: [ParNew: 330017K->3757K(368640K), 0.0192090 secs] 4273092K->3946832K(12541952K), 0.0195300 secs] [Times: user=0.13 sys=0.00, real=0.01 secs] 
2011-03-01T01:26:03.381+0000: 1464.772: [GC 1464.772: [ParNew: 331430K->4157K(368640K), 0.0193520 secs] 4274505K->3947608K(12541952K), 0.0196620 secs] [Times: user=0.16 sys=0.00, real=0.02 secs] 
2011-03-01T01:26:05.340+0000: 1466.731: [GC 1466.731: [ParNew: 331837K->5180K(368640K), 0.0220080 secs] 4275288K->3949250K(12541952K), 0.0223170 secs] [Times: user=0.16 sys=0.00, real=0.03 secs] 
2011-03-01T01:26:09.513+0000: 1470.904: [GC 1470.904: [ParNew: 332860K->34650K(368640K), 0.0285170 secs] 4276930K->3978847K(12541952K), 0.0288330 secs] [Times: user=0.19 sys=0.01, real=0.02 secs] 
2011-03-01T01:26:13.773+0000: 1475.164: [GC 1475.164: [ParNew: 362330K->30676K(368640K), 0.0373720 secs] 4306527K->3987317K(12541952K), 0.0376840 secs] [Times: user=0.29 sys=0.00, real=0.03 secs] 
2011-03-01T01:26:17.952+0000: 1479.343: [GC 1479.343: [ParNew: 358356K->26254K(368640K), 0.0328850 secs] 4314997K->3994808K(12541952K), 0.0331980 secs] [Times: user=0.27 sys=0.01, real=0.04 secs] 
2011-03-01T01:26:21.142+0000: 1482.533: [GC 1482.533: [ParNew: 353934K->29472K(368640K), 0.0326730 secs] 4322488K->4007773K(12541952K), 0.0329850 secs] [Times: user=0.25 sys=0.00, real=0.04 secs] 
2011-03-01T01:26:23.942+0000: 1485.333: [GC 1485.334: [ParNew: 357152K->31224K(368640K), 0.0316840 secs] 4335453K->4017612K(12541952K), 0.0320110 secs] [Times: user=0.22 sys=0.00, real=0.03 secs] 
2011-03-01T01:26:26.575+0000: 1487.966: [GC 1487.966: [ParNew: 358904K->32605K(368640K), 0.0325540 secs] 4345292K->4031048K(12541952K), 0.0328780 secs] [Times: user=0.24 sys=0.00, real=0.03 secs] 
2011-03-01T01:26:29.128+0000: 1490.519: [GC 1490.520: [ParNew: 360285K->12634K(368640K), 0.0320740 secs] 4358728K->4021087K(12541952K), 0.0323970 secs] [Times: user=0.23 sys=0.00, real=0.03 secs] 
2011-03-01T01:26:31.893+0000: 1493.285: [GC 1493.285: [ParNew: 340314K->40960K(368640K), 0.0291310 secs] 4348767K->4049413K(12541952K), 0.0294560 secs] [Times: user=0.18 sys=0.01, real=0.03 secs] 
2011-03-01T01:26:34.651+0000: 1496.042: [GC 1496.042: [ParNew: 368640K->38482K(368640K), 0.0405760 secs] 4377093K->4057037K(12541952K), 0.0409020 secs] [Times: user=0.32 sys=0.00, real=0.04 secs] 
2011-03-01T01:26:35.653+0000: 1497.044: [GC 1497.045: [ParNew: 366162K->40960K(368640K), 0.0671930 secs] 4384717K->4072969K(12541952K), 0.0675460 secs] [Times: user=0.42 sys=0.01, real=0.06 secs] 
2011-03-01T01:26:36.288+0000: 1497.679: [GC 1497.679: [ParNew: 368640K->40960K(368640K), 0.0479260 secs] 4400649K->4093276K(12541952K), 0.0482410 secs] [Times: user=0.32 sys=0.00, real=0.05 secs] 
2011-03-01T01:26:37.099+0000: 1498.490: [GC 1498.490: [ParNew: 368640K->37451K(368640K), 0.0378390 secs] 4420956K->4107993K(12541952K), 0.0381560 secs] [Times: user=0.29 sys=0.00, real=0.04 secs] 
2011-03-01T01:26:37.718+0000: 1499.109: [GC 1499.109: [ParNew: 363714K->37939K(368640K), 0.0759950 secs] 4434256K->4126230K(12541952K), 0.0763300 secs] [Times: user=0.35 sys=0.00, real=0.08 secs] 
2011-03-01T01:26:38.856+0000: 1500.248: [GC 1500.248: [ParNew: 365619K->40445K(368640K), 0.0357680 secs] 4453910K->4145092K(12541952K), 0.0360800 secs] [Times: user=0.24 sys=0.00, real=0.04 secs] 
2011-03-01T01:26:41.369+0000: 1502.760: [GC 1502.761: [ParNew: 368125K->25111K(368640K), 0.0259390 secs] 4472772K->4140190K(12541952K), 0.0262500 secs] [Times: user=0.18 sys=0.01, real=0.03 secs] 
2011-03-01T01:26:44.040+0000: 1505.431: [GC 1505.431: [ParNew: 352791K->31211K(368640K), 0.0262420 secs] 4467870K->4156457K(12541952K), 0.0265510 secs] [Times: user=0.19 sys=0.00, real=0.03 secs] 
2011-03-01T01:26:46.664+0000: 1508.055: [GC 1508.055: [ParNew: 356995K->16323K(368640K), 0.0262340 secs] 4482242K->4153749K(12541952K), 0.0265440 secs] [Times: user=0.18 sys=0.00, real=0.02 secs] 
2011-03-01T01:26:49.453+0000: 1510.844: [GC 1510.845: [ParNew: 344042K->40960K(368640K), 0.0300010 secs] 4481469K->4178827K(12541952K), 0.0303010 secs] [Times: user=0.23 sys=0.00, real=0.03 secs] 
2011-03-01T01:26:49.485+0000: 1510.876: [GC 1510.876: [ParNew: 41351K->7005K(368640K), 0.0305440 secs] 4179219K->4160941K(12541952K), 0.0307920 secs] [Times: user=0.19 sys=0.00, real=0.03 secs] 
2011-03-01T01:26:52.009+0000: 1513.401: [GC 1513.401: [ParNew: 334685K->33939K(368640K), 0.0197680 secs] 4488621K->4187875K(12541952K), 0.0200760 secs] [Times: user=0.16 sys=0.00, real=0.02 secs] 
2011-03-01T01:26:54.658+0000: 1516.049: [GC 1516.049: [ParNew: 361619K->14055K(368640K), 0.0224630 secs] 4515555K->4178275K(12541952K), 0.0227790 secs] [Times: user=0.16 sys=0.00, real=0.02 secs] 
2011-03-01T01:26:56.187+0000: 1517.578: [GC 1517.578: [ParNew: 341735K->35070K(368640K), 0.0195030 secs] 4505955K->4199290K(12541952K), 0.0198210 secs] [Times: user=0.16 sys=0.00, real=0.02 secs] 
2011-03-01T01:26:56.672+0000: 1518.063: [GC 1518.063: [ParNew: 362750K->12006K(368640K), 0.0258590 secs] 4526970K->4182453K(12541952K), 0.0261800 secs] [Times: user=0.22 sys=0.00, real=0.03 secs] 
2011-03-01T01:26:57.106+0000: 1518.497: [GC 1518.497: [ParNew: 339671K->18787K(368640K), 0.0205270 secs] 4510118K->4189233K(12541952K), 0.0208480 secs] [Times: user=0.16 sys=0.00, real=0.02 secs] 
2011-03-01T01:26:57.458+0000: 1518.849: [GC 1518.849: [ParNew: 346467K->20750K(368640K), 0.0233640 secs] 4516913K->4191196K(12541952K), 0.0236790 secs] [Times: user=0.15 sys=0.00, real=0.02 secs] 
2011-03-01T01:26:57.790+0000: 1519.181: [GC 1519.182: [ParNew: 348386K->18849K(368640K), 0.0249950 secs] 4518833K->4190573K(12541952K), 0.0253140 secs] [Times: user=0.19 sys=0.00, real=0.03 secs] 
2011-03-01T01:26:58.169+0000: 1519.560: [GC 1519.560: [ParNew: 346521K->23111K(368640K), 0.0236710 secs] 4518244K->4197743K(12541952K), 0.0239920 secs] [Times: user=0.15 sys=0.01, real=0.02 secs] 
2011-03-01T01:26:58.534+0000: 1519.925: [GC 1519.925: [ParNew: 350791K->14495K(368640K), 0.0217410 secs] 4525423K->4192261K(12541952K), 0.0220600 secs] [Times: user=0.17 sys=0.00, real=0.02 secs] 
2011-03-01T01:26:58.995+0000: 1520.387: [GC 1520.387: [ParNew: 342133K->24547K(368640K), 0.0203650 secs] 4519899K->4202313K(12541952K), 0.0206830 secs] [Times: user=0.16 sys=0.00, real=0.02 secs] 
2011-03-01T01:26:59.500+0000: 1520.892: [GC 1520.892: [ParNew: 352227K->2360K(368640K), 0.0206370 secs] 4529993K->4184777K(12541952K), 0.0209460 secs] [Times: user=0.16 sys=0.00, real=0.02 secs] 
2011-03-01T01:27:00.107+0000: 1521.498: [GC 1521.498: [ParNew: 330040K->2795K(368640K), 0.0202360 secs] 4512457K->4185212K(12541952K), 0.0205490 secs] [Times: user=0.16 sys=0.00, real=0.02 secs] 
2011-03-01T01:27:00.855+0000: 1522.246: [GC 1522.247: [ParNew: 330475K->40960K(368640K), 0.0555080 secs] 4512892K->4364964K(12541952K), 0.0558170 secs] [Times: user=0.40 sys=0.00, real=0.05 secs] 
2011-03-01T01:27:01.499+0000: 1522.890: [GC 1522.890: [ParNew: 368640K->6298K(368640K), 0.0316380 secs] 4692644K->4352340K(12541952K), 0.0319380 secs] [Times: user=0.24 sys=0.00, real=0.03 secs] 
2011-03-01T01:27:02.049+0000: 1523.440: [GC 1523.440: [ParNew: 333978K->11414K(368640K), 0.0333530 secs] 4680020K->4357456K(12541952K), 0.0336620 secs] [Times: user=0.24 sys=0.00, real=0.04 secs] 
2011-03-01T01:27:02.628+0000: 1524.019: [GC 1524.019: [ParNew: 339094K->18351K(368640K), 0.0375810 secs] 4685136K->4364393K(12541952K), 0.0378900 secs] [Times: user=0.32 sys=0.00, real=0.04 secs] 
2011-03-01T01:27:03.204+0000: 1524.595: [GC 1524.595: [ParNew: 346031K->25236K(368640K), 0.0454830 secs] 4692073K->4371278K(12541952K), 0.0458070 secs] [Times: user=0.33 sys=0.00, real=0.04 secs] 
2011-03-01T01:27:03.756+0000: 1525.147: [GC 1525.147: [ParNew: 352916K->26134K(368640K), 0.0452670 secs] 4698958K->4376608K(12541952K), 0.0456190 secs] [Times: user=0.32 sys=0.00, real=0.04 secs] 
2011-03-01T01:27:05.425+0000: 1526.816: [GC 1526.817: [ParNew: 353814K->34609K(368640K), 0.0421090 secs] 4704288K->4389928K(12541952K), 0.0424200 secs] [Times: user=0.32 sys=0.00, real=0.04 secs] 
2011-03-01T01:27:09.897+0000: 1531.289: [GC 1531.289: [ParNew: 362289K->36343K(368640K), 0.0606780 secs] 4717608K->4404228K(12541952K), 0.0610400 secs] [Times: user=0.43 sys=0.00, real=0.06 secs] 
2011-03-01T01:27:13.600+0000: 1534.991: [GC 1534.991: [ParNew: 364023K->40960K(368640K), 0.0582710 secs] 4731908K->4436061K(12541952K), 0.0585870 secs] [Times: user=0.41 sys=0.01, real=0.06 secs] 
2011-03-01T01:27:17.742+0000: 1539.133: [GC 1539.134: [ParNew: 368640K->29557K(368640K), 0.0456500 secs] 4763741K->4445191K(12541952K), 0.0459710 secs] [Times: user=0.37 sys=0.00, real=0.04 secs] 
2011-03-01T01:27:21.050+0000: 1542.441: [GC 1542.441: [ParNew: 357237K->36722K(368640K), 0.0463340 secs] 4772871K->4467836K(12541952K), 0.0466480 secs] [Times: user=0.33 sys=0.00, real=0.05 secs] 
2011-03-01T01:27:23.870+0000: 1545.261: [GC 1545.261: [ParNew: 364402K->39284K(368640K), 0.0512540 secs] 4795516K->4489986K(12541952K), 0.0515680 secs] [Times: user=0.38 sys=0.00, real=0.05 secs] 
2011-03-01T01:27:26.470+0000: 1547.861: [GC 1547.861: [ParNew: 366964K->40960K(368640K), 0.0511740 secs] 4817666K->4513662K(12541952K), 0.0514890 secs] [Times: user=0.40 sys=0.00, real=0.05 secs] 
2011-03-01T01:27:29.084+0000: 1550.475: [GC 1550.475: [ParNew: 368640K->28833K(368640K), 0.0520570 secs] 4841342K->4524329K(12541952K), 0.0597130 secs] [Times: user=0.40 sys=0.01, real=0.06 secs] 
2011-03-01T01:27:31.759+0000: 1553.150: [GC 1553.150: [ParNew: 356513K->40960K(368640K), 0.0583320 secs] 4852009K->4559338K(12541952K), 0.0586440 secs] [Times: user=0.42 sys=0.00, real=0.06 secs] 
2011-03-01T01:27:34.447+0000: 1555.838: [GC 1555.838: [ParNew: 368640K->40960K(368640K), 0.0526850 secs] 4887018K->4580646K(12541952K), 0.0547130 secs] [Times: user=0.40 sys=0.00, real=0.05 secs] 
2011-03-01T01:27:35.602+0000: 1556.993: [GC 1556.994: [ParNew: 368640K->40960K(368640K), 0.0590160 secs] 4908326K->4604617K(12541952K), 0.0593670 secs] [Times: user=0.42 sys=0.02, real=0.05 secs] 
2011-03-01T01:27:36.258+0000: 1557.649: [GC 1557.649: [ParNew: 368640K->40960K(368640K), 0.0574680 secs] 4932297K->4624640K(12541952K), 0.0578130 secs] [Times: user=0.41 sys=0.00, real=0.06 secs] 
2011-03-01T01:27:36.781+0000: 1558.172: [GC 1558.172: [ParNew: 368640K->40799K(368640K), 0.0637780 secs] 4952338K->4715250K(12541952K), 0.0640890 secs] [Times: user=0.48 sys=0.00, real=0.07 secs] 
2011-03-01T01:27:37.184+0000: 1558.575: [GC 1558.575: [ParNew: 368479K->34618K(368640K), 0.0488970 secs] 5042930K->4737400K(12541952K), 0.0492070 secs] [Times: user=0.33 sys=0.00, real=0.05 secs] 
2011-03-01T01:27:37.657+0000: 1559.048: [GC 1559.048: [ParNew: 362298K->19696K(368640K), 0.0560470 secs] 5065080K->4746552K(12541952K), 0.0563590 secs] [Times: user=0.40 sys=0.00, real=0.06 secs] 
2011-03-01T01:27:38.284+0000: 1559.675: [GC 1559.675: [ParNew: 347376K->40960K(368640K), 0.0430410 secs] 5074232K->4768468K(12541952K), 0.0433550 secs] [Times: user=0.33 sys=0.00, real=0.04 secs] 
2011-03-01T01:27:38.857+0000: 1560.248: [GC 1560.248: [ParNew: 368640K->26856K(368640K), 0.0654300 secs] 5096148K->4786787K(12541952K), 0.0657430 secs] [Times: user=0.47 sys=0.00, real=0.07 secs] 
2011-03-01T01:27:39.601+0000: 1560.992: [GC 1560.992: [ParNew: 354536K->40122K(368640K), 0.0397530 secs] 5114467K->4800052K(12541952K), 0.0445390 secs] [Times: user=0.31 sys=0.00, real=0.05 secs] 
2011-03-01T01:27:40.350+0000: 1561.742: [GC 1561.742: [ParNew: 367802K->21605K(368640K), 0.0624260 secs] 5127732K->4807336K(12541952K), 0.0627570 secs] [Times: user=0.46 sys=0.00, real=0.07 secs] 
2011-03-01T01:27:41.730+0000: 1563.122: [GC 1563.122: [ParNew: 349285K->40700K(368640K), 0.0520410 secs] 5135016K->4902983K(12541952K), 0.0523740 secs] [Times: user=0.40 sys=0.00, real=0.06 secs] 
2011-03-01T01:27:42.727+0000: 1564.119: [GC 1564.119: [ParNew: 368380K->40960K(368640K), 0.0513140 secs] 5230663K->4914888K(12541952K), 0.0516480 secs] [Times: user=0.40 sys=0.00, real=0.05 secs] 
2011-03-01T01:27:43.738+0000: 1565.129: [GC 1565.129: [ParNew: 368640K->24071K(368640K), 0.0553430 secs] 5242568K->4926214K(12541952K), 0.0557030 secs] [Times: user=0.39 sys=0.00, real=0.06 secs] 
2011-03-01T01:27:44.795+0000: 1566.186: [GC 1566.186: [ParNew: 351751K->20942K(368640K), 0.0305910 secs] 5253894K->4923085K(12541952K), 0.0309220 secs] [Times: user=0.24 sys=0.00, real=0.03 secs] 
2011-03-01T01:27:45.773+0000: 1567.164: [GC 1567.164: [ParNew: 348622K->40960K(368640K), 0.0392990 secs] 5250765K->4944973K(12541952K), 0.0396130 secs] [Times: user=0.26 sys=0.00, real=0.04 secs] 
2011-03-01T01:27:46.786+0000: 1568.178: [GC 1568.178: [ParNew: 368640K->29645K(368640K), 0.0580010 secs] 5272653K->4959827K(12541952K), 0.0583210 secs] [Times: user=0.41 sys=0.00, real=0.06 secs] 
2011-03-01T01:27:47.786+0000: 1569.177: [GC 1569.177: [ParNew: 357325K->11083K(368640K), 0.0356990 secs] 5287507K->4952652K(12541952K), 0.0360510 secs] [Times: user=0.25 sys=0.00, real=0.04 secs] 
2011-03-01T01:27:48.864+0000: 1570.255: [GC 1570.255: [ParNew: 338763K->20353K(368640K), 0.0439260 secs] 5280332K->4961921K(12541952K), 0.0442570 secs] [Times: user=0.24 sys=0.00, real=0.04 secs] 
2011-03-01T01:27:49.797+0000: 1571.188: [GC 1571.188: [ParNew: 348033K->40960K(368640K), 0.0415010 secs] 5289601K->4985710K(12541952K), 0.0418330 secs] [Times: user=0.32 sys=0.00, real=0.05 secs] 
2011-03-01T01:27:50.808+0000: 1572.199: [GC 1572.200: [ParNew: 368640K->18579K(368640K), 0.0543150 secs] 5313390K->4989633K(12541952K), 0.0546690 secs] [Times: user=0.40 sys=0.01, real=0.06 secs] 
2011-03-01T01:27:51.863+0000: 1573.255: [GC 1573.255: [ParNew: 346259K->18331K(368640K), 0.0437740 secs] 5317313K->4989385K(12541952K), 0.0440670 secs] [Times: user=0.25 sys=0.00, real=0.04 secs] 
2011-03-01T01:27:52.858+0000: 1574.249: [GC 1574.249: [ParNew: 346011K->40960K(368640K), 0.0388740 secs] 5317065K->5013774K(12541952K), 0.0391810 secs] [Times: user=0.31 sys=0.00, real=0.04 secs] 
2011-03-01T01:27:54.027+0000: 1575.418: [GC 1575.418: [ParNew: 368640K->19655K(368640K), 0.0537690 secs] 5341454K->5020252K(12541952K), 0.0540790 secs] [Times: user=0.38 sys=0.00, real=0.05 secs] 
2011-03-01T01:27:54.617+0000: 1576.008: [GC 1576.008: [ParNew: 347275K->10119K(368640K), 0.0228060 secs] 5347872K->5010716K(12541952K), 0.0231020 secs] [Times: user=0.16 sys=0.00, real=0.02 secs] 
2011-03-01T01:27:55.102+0000: 1576.494: [GC 1576.494: [ParNew: 337749K->11882K(368640K), 0.0301020 secs] 5338345K->5012478K(12541952K), 0.0373430 secs] [Times: user=0.25 sys=0.04, real=0.04 secs] 
2011-03-01T01:27:55.412+0000: 1576.803: [GC 1576.804: [ParNew: 339525K->15700K(368640K), 0.0319340 secs] 5340122K->5016297K(12541952K), 0.0322610 secs] [Times: user=0.20 sys=0.01, real=0.03 secs] 
2011-03-01T01:27:55.769+0000: 1577.160: [GC 1577.160: [ParNew: 343374K->16204K(368640K), 0.0340830 secs] 5343971K->5022007K(12541952K), 0.0344340 secs] [Times: user=0.25 sys=0.00, real=0.04 secs] 
2011-03-01T01:27:56.085+0000: 1577.476: [GC 1577.476: [ParNew: 343884K->11549K(368640K), 0.0260570 secs] 5349687K->5018112K(12541952K), 0.0263580 secs] [Times: user=0.16 sys=0.00, real=0.02 secs] 
2011-03-01T01:27:56.340+0000: 1577.731: [GC 1577.731: [ParNew: 339229K->12965K(368640K), 0.0282970 secs] 5345792K->5022451K(12541952K), 0.0286620 secs] [Times: user=0.24 sys=0.00, real=0.03 secs] 
2011-03-01T01:27:56.644+0000: 1578.035: [GC 1578.035: [ParNew: 340622K->12517K(368640K), 0.0257520 secs] 5350107K->5022160K(12541952K), 0.0260710 secs] [Times: user=0.17 sys=0.00, real=0.03 secs] 
2011-03-01T01:27:57.025+0000: 1578.417: [GC 1578.417: [ParNew: 340164K->9558K(368640K), 0.0279690 secs] 5349807K->5022683K(12541952K), 0.0283410 secs] [Times: user=0.15 sys=0.02, real=0.02 secs] 
2011-03-01T01:27:57.282+0000: 1578.673: [GC 1578.673: [ParNew: 337238K->11573K(368640K), 0.0253220 secs] 5350363K->5024844K(12541952K), 0.0256590 secs] [Times: user=0.23 sys=0.00, real=0.03 secs] 
2011-03-01T01:27:57.614+0000: 1579.005: [GC 1579.005: [ParNew: 339253K->30476K(368640K), 0.0287420 secs] 5352524K->5045707K(12541952K), 0.0290750 secs] [Times: user=0.18 sys=0.00, real=0.02 secs] 
2011-03-01T01:27:57.913+0000: 1579.304: [GC 1579.305: [ParNew: 358097K->7012K(368640K), 0.0292500 secs] 5373328K->5032596K(12541952K), 0.0295800 secs] [Times: user=0.21 sys=0.00, real=0.03 secs] 
2011-03-01T01:27:58.220+0000: 1579.611: [GC 1579.611: [ParNew: 334640K->14114K(368640K), 0.0206910 secs] 5360224K->5039698K(12541952K), 0.0210400 secs] [Times: user=0.16 sys=0.00, real=0.02 secs] 
2011-03-01T01:27:58.506+0000: 1579.897: [GC 1579.897: [ParNew: 341731K->23012K(368640K), 0.0225150 secs] 5367315K->5048596K(12541952K), 0.0228490 secs] [Times: user=0.16 sys=0.00, real=0.02 secs] 
2011-03-01T01:27:58.950+0000: 1580.341: [GC 1580.342: [ParNew: 350635K->5689K(368640K), 0.0244770 secs] 5376219K->5035955K(12541952K), 0.0248070 secs] [Times: user=0.20 sys=0.00, real=0.03 secs] 
2011-03-01T01:28:00.399+0000: 1581.790: [GC 1581.790: [ParNew: 333369K->27377K(368640K), 0.0427400 secs] 5363635K->5123179K(12541952K), 0.0511700 secs] [Times: user=0.31 sys=0.01, real=0.05 secs] 
2011-03-01T01:28:03.692+0000: 1585.084: [GC 1585.084: [ParNew: 355057K->35414K(368640K), 0.0510690 secs] 5450859K->5148440K(12541952K), 0.0514010 secs] [Times: user=0.37 sys=0.00, real=0.05 secs] 
2011-03-01T01:28:08.144+0000: 1589.535: [GC 1589.535: [ParNew: 363094K->34751K(368640K), 0.0437010 secs] 5476120K->5164741K(12541952K), 0.0440240 secs] [Times: user=0.31 sys=0.00, real=0.04 secs] 
2011-03-01T01:28:12.502+0000: 1593.893: [GC 1593.893: [ParNew: 362431K->27541K(368640K), 0.0412730 secs] 5492421K->5172307K(12541952K), 0.0416060 secs] [Times: user=0.33 sys=0.00, real=0.05 secs] 
2011-03-01T01:28:16.727+0000: 1598.118: [GC 1598.118: [ParNew: 355221K->32966K(368640K), 0.0417200 secs] 5499987K->5192396K(12541952K), 0.0420360 secs] [Times: user=0.32 sys=0.00, real=0.04 secs] 
2011-03-01T01:28:19.750+0000: 1601.141: [GC 1601.142: [ParNew: 360646K->17565K(368640K), 0.0393360 secs] 5520076K->5191560K(12541952K), 0.0396980 secs] [Times: user=0.32 sys=0.00, real=0.04 secs] 
2011-03-01T01:28:23.108+0000: 1604.499: [GC 1604.499: [ParNew: 345245K->40960K(368640K), 0.0410630 secs] 5519240K->5221000K(12541952K), 0.0414010 secs] [Times: user=0.32 sys=0.00, real=0.04 secs] 
2011-03-01T01:28:25.858+0000: 1607.250: [GC 1607.250: [ParNew: 368640K->30762K(368640K), 0.0448840 secs] 5548680K->5230922K(12541952K), 0.0451980 secs] [Times: user=0.33 sys=0.00, real=0.05 secs] 
2011-03-01T01:28:28.579+0000: 1609.970: [GC 1609.970: [ParNew: 358442K->25541K(368640K), 0.0446090 secs] 5558602K->5241119K(12541952K), 0.0449520 secs] [Times: user=0.32 sys=0.00, real=0.05 secs] 
2011-03-01T01:28:31.343+0000: 1612.734: [GC 1612.734: [ParNew: 353221K->40960K(368640K), 0.0452070 secs] 5568799K->5267605K(12541952K), 0.0455730 secs] [Times: user=0.37 sys=0.00, real=0.04 secs] 
2011-03-01T01:28:33.908+0000: 1615.299: [GC 1615.299: [ParNew: 368640K->40960K(368640K), 0.0558850 secs] 5595290K->5283409K(12541952K), 0.0562060 secs] [Times: user=0.36 sys=0.00, real=0.06 secs] 
2011-03-01T01:28:33.966+0000: 1615.357: [GC 1615.358: [ParNew: 42910K->28653K(368640K), 0.0341730 secs] 5285360K->5282188K(12541952K), 0.0344660 secs] [Times: user=0.22 sys=0.00, real=0.03 secs] 
2011-03-01T01:28:35.426+0000: 1616.817: [GC 1616.817: [ParNew: 356333K->37618K(368640K), 0.0558760 secs] 5609868K->5300431K(12541952K), 0.0561990 secs] [Times: user=0.35 sys=0.00, real=0.06 secs] 
2011-03-01T01:28:36.044+0000: 1617.436: [GC 1617.436: [ParNew: 365298K->40960K(368640K), 0.0698070 secs] 5628111K->5325323K(12541952K), 0.0701860 secs] [Times: user=0.44 sys=0.00, real=0.07 secs] 
2011-03-01T01:28:36.830+0000: 1618.222: [GC 1618.222: [ParNew: 368640K->38471K(368640K), 0.0803940 secs] 5653003K->5345194K(12541952K), 0.0807500 secs] [Times: user=0.52 sys=0.00, real=0.08 secs] 
2011-03-01T01:28:37.404+0000: 1618.795: [GC 1618.795: [ParNew: 366151K->30938K(368640K), 0.0511710 secs] 5672874K->5353673K(12541952K), 0.0515290 secs] [Times: user=0.32 sys=0.01, real=0.05 secs] 
2011-03-01T01:28:38.388+0000: 1619.779: [GC 1619.779: [ParNew: 358618K->24196K(368640K), 0.0479770 secs] 5681353K->5367724K(12541952K), 0.0483020 secs] [Times: user=0.32 sys=0.01, real=0.05 secs] 
2011-03-01T01:28:40.661+0000: 1622.052: [GC 1622.052: [ParNew: 351876K->40960K(368640K), 0.0385070 secs] 5695404K->5391044K(12541952K), 0.0388330 secs] [Times: user=0.32 sys=0.00, real=0.04 secs] 
2011-03-01T01:28:43.323+0000: 1624.714: [GC 1624.714: [ParNew: 368640K->32394K(368640K), 0.0384150 secs] 5718724K->5392066K(12541952K), 0.0387440 secs] [Times: user=0.28 sys=0.00, real=0.04 secs] 
2011-03-01T01:28:45.834+0000: 1627.225: [GC 1627.225: [ParNew: 360074K->29254K(368640K), 0.0430530 secs] 5719746K->5405576K(12541952K), 0.0433780 secs] [Times: user=0.34 sys=0.00, real=0.04 secs] 
2011-03-01T01:28:48.508+0000: 1629.899: [GC 1629.900: [ParNew: 356934K->40960K(368640K), 0.0352630 secs] 5733256K->5427539K(12541952K), 0.0355830 secs] [Times: user=0.26 sys=0.00, real=0.04 secs] 
2011-03-01T01:28:51.156+0000: 1632.547: [GC 1632.547: [ParNew: 368612K->14647K(368640K), 0.0357450 secs] 5755192K->5413367K(12541952K), 0.0361060 secs] [Times: user=0.24 sys=0.00, real=0.03 secs] 
2011-03-01T01:28:54.300+0000: 1635.691: [GC 1635.691: [ParNew: 342327K->40960K(368640K), 0.0350560 secs] 5741047K->5444482K(12541952K), 0.0353980 secs] [Times: user=0.29 sys=0.00, real=0.04 secs] 
2011-03-01T01:28:55.382+0000: 1636.773: [GC 1636.773: [ParNew: 368605K->6475K(368640K), 0.0327980 secs] 5772128K->5425927K(12541952K), 0.0331180 secs] [Times: user=0.25 sys=0.00, real=0.04 secs] 
2011-03-01T01:28:55.989+0000: 1637.381: [GC 1637.381: [ParNew: 334122K->4076K(368640K), 0.0195250 secs] 5753573K->5423527K(12541952K), 0.0198310 secs] [Times: user=0.16 sys=0.00, real=0.02 secs] 
2011-03-01T01:28:56.471+0000: 1637.862: [GC 1637.863: [ParNew: 331737K->5341K(368640K), 0.0206870 secs] 5751189K->5424792K(12541952K), 0.0210120 secs] [Times: user=0.14 sys=0.01, real=0.02 secs] 
2011-03-01T01:28:56.813+0000: 1638.204: [GC 1638.205: [ParNew: 333021K->22568K(368640K), 0.0225970 secs] 5752472K->5442020K(12541952K), 0.0229270 secs] [Times: user=0.18 sys=0.00, real=0.02 secs] 
2011-03-01T01:28:57.225+0000: 1638.616: [GC 1638.616: [ParNew: 350248K->21780K(368640K), 0.0239440 secs] 5769700K->5442177K(12541952K), 0.0242760 secs] [Times: user=0.16 sys=0.00, real=0.02 secs] 
2011-03-01T01:28:57.613+0000: 1639.005: [GC 1639.005: [ParNew: 349460K->20199K(368640K), 0.0235290 secs] 5769857K->5441186K(12541952K), 0.0238570 secs] [Times: user=0.18 sys=0.01, real=0.02 secs] 
2011-03-01T01:28:58.072+0000: 1639.463: [GC 1639.463: [ParNew: 347818K->17047K(368640K), 0.0226830 secs] 5768805K->5438423K(12541952K), 0.0230120 secs] [Times: user=0.19 sys=0.00, real=0.03 secs] 
2011-03-01T01:28:58.679+0000: 1640.070: [GC 1640.070: [ParNew: 344727K->27332K(368640K), 0.0241550 secs] 5766103K->5451301K(12541952K), 0.0244870 secs] [Times: user=0.18 sys=0.00, real=0.03 secs] 
2011-03-01T01:29:00.361+0000: 1641.752: [GC 1641.752: [ParNew: 355012K->3585K(368640K), 0.0258840 secs] 5778981K->5433221K(12541952K), 0.0261910 secs] [Times: user=0.23 sys=0.00, real=0.03 secs] 
2011-03-01T01:29:04.164+0000: 1645.555: [GC 1645.555: [ParNew: 331265K->34672K(368640K), 0.0277540 secs] 5760901K->5464308K(12541952K), 0.0280940 secs] [Times: user=0.20 sys=0.00, real=0.02 secs] 
2011-03-01T01:29:08.042+0000: 1649.433: [GC 1649.433: [ParNew: 362352K->21977K(368640K), 0.0366980 secs] 5791988K->5465988K(12541952K), 0.0370460 secs] [Times: user=0.30 sys=0.01, real=0.04 secs] 
2011-03-01T01:29:12.549+0000: 1653.940: [GC 1653.940: [ParNew: 349657K->27244K(368640K), 0.0334510 secs] 5793668K->5481115K(12541952K), 0.0337620 secs] [Times: user=0.25 sys=0.00, real=0.04 secs] 
2011-03-01T01:29:16.622+0000: 1658.013: [GC 1658.013: [ParNew: 354924K->14132K(368640K), 0.0307640 secs] 5808795K->5477944K(12541952K), 0.0310780 secs] [Times: user=0.25 sys=0.00, real=0.04 secs] 
2011-03-01T01:29:20.072+0000: 1661.463: [GC 1661.463: [ParNew: 341812K->39456K(368640K), 0.0304740 secs] 5805624K->5503268K(12541952K), 0.0307770 secs] [Times: user=0.23 sys=0.00, real=0.03 secs] 
2011-03-01T01:29:23.239+0000: 1664.631: [GC 1664.631: [ParNew: 367136K->19601K(368640K), 0.0397120 secs] 5830948K->5499320K(12541952K), 0.0400190 secs] [Times: user=0.32 sys=0.00, real=0.04 secs] 
2011-03-01T01:29:25.856+0000: 1667.247: [GC 1667.247: [ParNew: 347281K->40960K(368640K), 0.0320420 secs] 5827000K->5522934K(12541952K), 0.0323410 secs] [Times: user=0.24 sys=0.00, real=0.03 secs] 
2011-03-01T01:29:28.325+0000: 1669.716: [GC 1669.716: [ParNew: 368640K->12080K(368640K), 0.0349320 secs] 5850614K->5512090K(12541952K), 0.0352540 secs] [Times: user=0.24 sys=0.00, real=0.03 secs] 
2011-03-01T01:29:30.914+0000: 1672.305: [GC 1672.305: [ParNew: 339760K->40960K(368640K), 0.0336720 secs] 5839770K->5547095K(12541952K), 0.0339780 secs] [Times: user=0.25 sys=0.00, real=0.03 secs] 
2011-03-01T01:29:33.426+0000: 1674.817: [GC 1674.817: [ParNew: 368640K->20078K(368640K), 0.0365680 secs] 5874775K->5540185K(12541952K), 0.0368790 secs] [Times: user=0.25 sys=0.00, real=0.04 secs] 
2011-03-01T01:29:35.334+0000: 1676.726: [GC 1676.726: [ParNew: 347758K->40960K(368640K), 0.0462750 secs] 5867865K->5570663K(12541952K), 0.0465860 secs] [Times: user=0.32 sys=0.01, real=0.04 secs] 
2011-03-01T01:29:36.177+0000: 1677.568: [GC 1677.568: [ParNew: 368640K->30783K(368640K), 0.0416760 secs] 5898343K->5576742K(12541952K), 0.0419850 secs] [Times: user=0.32 sys=0.00, real=0.04 secs] 
2011-03-01T01:29:36.929+0000: 1678.320: [GC 1678.321: [ParNew: 358463K->37569K(368640K), 0.0477890 secs] 5904422K->5598967K(12541952K), 0.0481400 secs] [Times: user=0.35 sys=0.00, real=0.05 secs] 
2011-03-01T01:29:37.599+0000: 1678.990: [GC 1678.990: [ParNew: 365249K->28450K(368640K), 0.0484340 secs] 5926647K->5605088K(12541952K), 0.0487510 secs] [Times: user=0.39 sys=0.00, real=0.05 secs] 
2011-03-01T01:29:38.301+0000: 1679.692: [GC 1679.692: [ParNew: 356130K->39613K(368640K), 0.0513270 secs] 5932768K->5635265K(12541952K), 0.0516390 secs] [Times: user=0.39 sys=0.00, real=0.06 secs] 
2011-03-01T01:29:40.307+0000: 1681.698: [GC 1681.699: [ParNew: 367293K->33285K(368640K), 0.0403110 secs] 5962945K->5643890K(12541952K), 0.0406290 secs] [Times: user=0.31 sys=0.00, real=0.05 secs] 
2011-03-01T01:29:42.972+0000: 1684.364: [GC 1684.364: [ParNew: 360965K->29173K(368640K), 0.0330600 secs] 5971570K->5650094K(12541952K), 0.0334110 secs] [Times: user=0.26 sys=0.00, real=0.03 secs] 
2011-03-01T01:29:45.527+0000: 1686.918: [GC 1686.918: [ParNew: 356853K->27786K(368640K), 0.0361810 secs] 5977774K->5658899K(12541952K), 0.0365290 secs] [Times: user=0.25 sys=0.00, real=0.04 secs] 
2011-03-01T01:29:48.038+0000: 1689.430: [GC 1689.430: [ParNew: 355466K->29352K(368640K), 0.0364320 secs] 5986579K->5670637K(12541952K), 0.0367710 secs] [Times: user=0.26 sys=0.01, real=0.04 secs] 
2011-03-01T01:29:50.426+0000: 1691.817: [GC 1691.817: [ParNew: 357032K->35463K(368640K), 0.0350110 secs] 5998317K->5684848K(12541952K), 0.0353570 secs] [Times: user=0.24 sys=0.00, real=0.03 secs] 
2011-03-01T01:29:53.568+0000: 1694.960: [GC 1694.960: [ParNew: 363143K->30821K(368640K), 0.0358720 secs] 6012528K->5692407K(12541952K), 0.0362140 secs] [Times: user=0.25 sys=0.00, real=0.04 secs] 
2011-03-01T01:29:54.870+0000: 1696.261: [GC 1696.261: [ParNew: 358484K->4743K(368640K), 0.0304850 secs] 6020070K->5676606K(12541952K), 0.0308230 secs] [Times: user=0.23 sys=0.01, real=0.03 secs] 
2011-03-01T01:29:55.459+0000: 1696.850: [GC 1696.851: [ParNew: 332412K->3461K(368640K), 0.0203240 secs] 6004276K->5675325K(12541952K), 0.0206600 secs] [Times: user=0.16 sys=0.00, real=0.02 secs] 
2011-03-01T01:29:56.059+0000: 1697.450: [GC 1697.450: [ParNew: 331105K->3311K(368640K), 0.0205160 secs] 6002969K->5675175K(12541952K), 0.0208500 secs] [Times: user=0.16 sys=0.00, real=0.02 secs] 
2011-03-01T01:29:57.374+0000: 1698.765: [GC 1698.765: [ParNew: 330991K->23491K(368640K), 0.0238260 secs] 6002855K->5695355K(12541952K), 0.0241460 secs] [Times: user=0.17 sys=0.00, real=0.02 secs] 
2011-03-01T01:29:57.732+0000: 1699.124: [GC 1699.124: [ParNew: 351171K->18131K(368640K), 0.0252250 secs] 6023035K->5692014K(12541952K), 0.0255430 secs] [Times: user=0.23 sys=0.01, real=0.03 secs] 
2011-03-01T01:29:58.055+0000: 1699.446: [GC 1699.446: [ParNew: 345811K->33428K(368640K), 0.0243280 secs] 6019694K->5707310K(12541952K), 0.0246460 secs] [Times: user=0.16 sys=0.01, real=0.02 secs] 
2011-03-01T01:29:58.377+0000: 1699.768: [GC 1699.768: [ParNew: 361108K->11842K(368640K), 0.0235210 secs] 6034990K->5689409K(12541952K), 0.0238370 secs] [Times: user=0.16 sys=0.00, real=0.02 secs] 
2011-03-01T01:29:58.776+0000: 1700.167: [GC 1700.168: [ParNew: 339522K->19614K(368640K), 0.0212300 secs] 6017089K->5697181K(12541952K), 0.0215470 secs] [Times: user=0.15 sys=0.00, real=0.02 secs] 
2011-03-01T01:29:59.211+0000: 1700.603: [GC 1700.603: [ParNew: 347358K->17619K(368640K), 0.0221820 secs] 6024925K->5695269K(12541952K), 0.0224950 secs] [Times: user=0.18 sys=0.00, real=0.03 secs] 
2011-03-01T01:29:59.235+0000: 1700.626: [GC 1700.626: [ParNew: 17641K->2769K(368640K), 0.0214790 secs] 5695290K->5685134K(12541952K), 0.0217220 secs] [Times: user=0.16 sys=0.00, real=0.02 secs] 
2011-03-01T01:30:00.267+0000: 1701.659: [GC 1701.659: [ParNew: 330449K->2918K(368640K), 0.0221200 secs] 6012814K->5685516K(12541952K), 0.0224280 secs] [Times: user=0.16 sys=0.00, real=0.02 secs] 
2011-03-01T01:30:03.182+0000: 1704.573: [GC 1704.573: [ParNew: 330598K->29704K(368640K), 0.0291000 secs] 6013196K->5712730K(12541952K), 0.0294190 secs] [Times: user=0.20 sys=0.00, real=0.03 secs] 
2011-03-01T01:30:07.519+0000: 1708.910: [GC 1708.910: [ParNew: 357384K->36429K(368640K), 0.0367780 secs] 6040410K->5731244K(12541952K), 0.0371090 secs] [Times: user=0.27 sys=0.00, real=0.04 secs] 
2011-03-01T01:30:11.788+0000: 1713.180: [GC 1713.180: [ParNew: 364109K->30089K(368640K), 0.0329190 secs] 6058924K->5736871K(12541952K), 0.0332400 secs] [Times: user=0.24 sys=0.00, real=0.03 secs] 
2011-03-01T01:30:16.085+0000: 1717.476: [GC 1717.476: [ParNew: 357769K->22756K(368640K), 0.0313390 secs] 6064551K->5739447K(12541952K), 0.0316480 secs] [Times: user=0.23 sys=0.00, real=0.03 secs] 
2011-03-01T01:30:17.062+0000: 1718.453: [GC 1718.453: [ParNew: 350436K->35645K(368640K), 0.0537330 secs] 6067127K->5889577K(12541952K), 0.0540600 secs] [Times: user=0.43 sys=0.02, real=0.06 secs] 
2011-03-01T01:30:17.678+0000: 1719.070: [GC 1719.070: [ParNew: 363325K->5575K(368640K), 0.0337440 secs] 6217257K->5890480K(12541952K), 0.0340600 secs] [Times: user=0.25 sys=0.00, real=0.04 secs] 
2011-03-01T01:30:18.261+0000: 1719.652: [GC 1719.653: [ParNew: 333255K->11508K(368640K), 0.0349790 secs] 6218160K->5896413K(12541952K), 0.0353360 secs] [Times: user=0.31 sys=0.00, real=0.04 secs] 
2011-03-01T01:30:18.836+0000: 1720.227: [GC 1720.228: [ParNew: 339188K->19102K(368640K), 0.0384390 secs] 6224093K->5904007K(12541952K), 0.0387740 secs] [Times: user=0.31 sys=0.00, real=0.04 secs] 
2011-03-01T01:30:19.405+0000: 1720.796: [GC 1720.796: [ParNew: 346782K->27322K(368640K), 0.0436920 secs] 6231687K->5912227K(12541952K), 0.0440310 secs] [Times: user=0.32 sys=0.00, real=0.04 secs] 
2011-03-01T01:30:19.948+0000: 1721.339: [GC 1721.339: [ParNew: 355002K->29429K(368640K), 0.0521420 secs] 6239907K->5918351K(12541952K), 0.0524760 secs] [Times: user=0.40 sys=0.00, real=0.05 secs] 
2011-03-01T01:30:20.999+0000: 1722.390: [GC 1722.390: [ParNew: 357109K->35593K(368640K), 0.0675850 secs] 6246031K->6003505K(12541952K), 0.0680480 secs] [Times: user=0.55 sys=0.00, real=0.07 secs] 
2011-03-01T01:30:21.842+0000: 1723.233: [GC 1723.233: [ParNew: 363273K->39299K(368640K), 0.0740810 secs] 6331185K->6091311K(12541952K), 0.0745030 secs] [Times: user=0.55 sys=0.00, real=0.08 secs] 
2011-03-01T01:30:22.849+0000: 1724.240: [GC 1724.241: [ParNew: 366979K->21308K(368640K), 0.0501230 secs] 6418991K->6105366K(12541952K), 0.0504540 secs] [Times: user=0.38 sys=0.00, real=0.05 secs] 
2011-03-01T01:30:23.843+0000: 1725.234: [GC 1725.234: [ParNew: 348988K->15231K(368640K), 0.0273720 secs] 6433046K->6099289K(12541952K), 0.0277260 secs] [Times: user=0.17 sys=0.00, real=0.02 secs] 
2011-03-01T01:30:24.785+0000: 1726.177: [GC 1726.177: [ParNew: 342911K->32431K(368640K), 0.0318950 secs] 6426969K->6116489K(12541952K), 0.0322080 secs] [Times: user=0.24 sys=0.00, real=0.03 secs] 
2011-03-01T01:30:25.742+0000: 1727.133: [GC 1727.134: [ParNew: 360111K->26713K(368640K), 0.0431330 secs] 6444169K->6122573K(12541952K), 0.0434690 secs] [Times: user=0.27 sys=0.01, real=0.04 secs] 
2011-03-01T01:30:26.702+0000: 1728.093: [GC 1728.093: [ParNew: 354393K->20568K(368640K), 0.0372700 secs] 6450253K->6126783K(12541952K), 0.0375770 secs] [Times: user=0.31 sys=0.00, real=0.04 secs] 
2011-03-01T01:30:27.691+0000: 1729.083: [GC 1729.083: [ParNew: 348248K->36216K(368640K), 0.0331570 secs] 6454463K->6142431K(12541952K), 0.0334610 secs] [Times: user=0.29 sys=0.00, real=0.04 secs] 
2011-03-01T01:30:28.629+0000: 1730.020: [GC 1730.020: [ParNew: 363896K->31481K(368640K), 0.0438200 secs] 6470111K->6145515K(12541952K), 0.0441770 secs] [Times: user=0.33 sys=0.00, real=0.05 secs] 
2011-03-01T01:30:29.634+0000: 1731.025: [GC 1731.026: [ParNew: 359161K->22272K(368640K), 0.0477300 secs] 6473195K->6160223K(12541952K), 0.0480730 secs] [Times: user=0.33 sys=0.00, real=0.05 secs] 
2011-03-01T01:30:30.636+0000: 1732.027: [GC 1732.027: [ParNew: 349952K->27961K(368640K), 0.0301350 secs] 6487903K->6165912K(12541952K), 0.0304370 secs] [Times: user=0.24 sys=0.00, real=0.03 secs] 
2011-03-01T01:30:31.581+0000: 1732.972: [GC 1732.972: [ParNew: 355641K->33905K(368640K), 0.0365690 secs] 6493592K->6177123K(12541952K), 0.0368760 secs] [Times: user=0.32 sys=0.00, real=0.04 secs] 
2011-03-01T01:30:32.526+0000: 1733.917: [GC 1733.917: [ParNew: 361585K->38149K(368640K), 0.0393870 secs] 6504803K->6189249K(12541952K), 0.0397470 secs] [Times: user=0.29 sys=0.00, real=0.04 secs] 
2011-03-01T01:30:33.497+0000: 1734.888: [GC 1734.889: [ParNew: 365829K->16630K(368640K), 0.0376310 secs] 6516929K->6179506K(12541952K), 0.0379390 secs] [Times: user=0.27 sys=0.00, real=0.04 secs] 
2011-03-01T01:30:34.462+0000: 1735.853: [GC 1735.854: [ParNew: 344310K->40960K(368640K), 0.0403720 secs] 6507186K->6208330K(12541952K), 0.0406820 secs] [Times: user=0.30 sys=0.01, real=0.04 secs] 
2011-03-01T01:30:35.454+0000: 1736.845: [GC 1736.845: [ParNew: 368640K->13953K(368640K), 0.0456530 secs] 6536010K->6201696K(12541952K), 0.0459620 secs] [Times: user=0.32 sys=0.00, real=0.04 secs] 
2011-03-01T01:30:36.448+0000: 1737.839: [GC 1737.839: [ParNew: 341633K->13389K(368640K), 0.0308290 secs] 6529376K->6201132K(12541952K), 0.0311200 secs] [Times: user=0.24 sys=0.00, real=0.03 secs] 
2011-03-01T01:30:37.277+0000: 1738.668: [GC 1738.668: [ParNew: 341069K->40960K(368640K), 0.0465780 secs] 6528812K->6231189K(12541952K), 0.0468880 secs] [Times: user=0.32 sys=0.00, real=0.05 secs] 
2011-03-01T01:30:37.839+0000: 1739.230: [GC 1739.230: [ParNew: 368640K->18392K(368640K), 0.0568200 secs] 6558869K->6230885K(12541952K), 0.0571460 secs] [Times: user=0.41 sys=0.00, real=0.06 secs] 
2011-03-01T01:30:38.323+0000: 1739.714: [GC 1739.715: [ParNew: 346072K->40960K(368640K), 0.0480470 secs] 6558565K->6261189K(12541952K), 0.0483810 secs] [Times: user=0.35 sys=0.00, real=0.04 secs] 
2011-03-01T01:30:38.832+0000: 1740.223: [GC 1740.223: [ParNew: 368640K->23730K(368640K), 0.0545590 secs] 6588869K->6268605K(12541952K), 0.0548860 secs] [Times: user=0.40 sys=0.01, real=0.06 secs] 
2011-03-01T01:30:39.367+0000: 1740.758: [GC 1740.758: [ParNew: 351410K->40960K(368640K), 0.0482880 secs] 6596285K->6286518K(12541952K), 0.0486190 secs] [Times: user=0.34 sys=0.01, real=0.05 secs] 
2011-03-01T01:30:39.732+0000: 1741.123: [GC 1741.123: [ParNew: 368640K->40960K(368640K), 0.0610180 secs] 6614198K->6307672K(12541952K), 0.0613490 secs] [Times: user=0.46 sys=0.01, real=0.07 secs] 
2011-03-01T01:30:40.282+0000: 1741.673: [GC 1741.673: [ParNew: 368640K->40960K(368640K), 0.0657700 secs] 6635352K->6338256K(12541952K), 0.0660980 secs] [Times: user=0.46 sys=0.00, real=0.07 secs] 
2011-03-01T01:30:41.039+0000: 1742.430: [GC 1742.431: [ParNew: 368640K->35751K(368640K), 0.0711700 secs] 6665936K->6351148K(12541952K), 0.0715010 secs] [Times: user=0.56 sys=0.00, real=0.07 secs] 
2011-03-01T01:30:41.857+0000: 1743.248: [GC 1743.248: [ParNew: 363431K->36556K(368640K), 0.0415610 secs] 6678828K->6361998K(12541952K), 0.0418890 secs] [Times: user=0.32 sys=0.00, real=0.04 secs] 
2011-03-01T01:30:42.676+0000: 1744.067: [GC 1744.068: [ParNew: 364236K->21220K(368640K), 0.0466530 secs] 6689678K->6425475K(12541952K), 0.0469820 secs] [Times: user=0.32 sys=0.00, real=0.05 secs] 
2011-03-01T01:30:43.288+0000: 1744.679: [GC 1744.679: [ParNew: 348900K->27547K(368640K), 0.0329890 secs] 6753155K->6431802K(12541952K), 0.0333170 secs] [Times: user=0.24 sys=0.00, real=0.03 secs] 
2011-03-01T01:30:43.881+0000: 1745.272: [GC 1745.272: [ParNew: 355227K->14256K(368640K), 0.0406650 secs] 6759482K->6435388K(12541952K), 0.0409930 secs] [Times: user=0.32 sys=0.00, real=0.04 secs] 
2011-03-01T01:30:44.425+0000: 1745.816: [GC 1745.816: [ParNew: 341936K->21662K(368640K), 0.0413770 secs] 6763068K->6442794K(12541952K), 0.0417000 secs] [Times: user=0.33 sys=0.01, real=0.04 secs] 
2011-03-01T01:30:45.179+0000: 1746.570: [GC 1746.570: [ParNew: 349342K->40960K(368640K), 0.0481460 secs] 6770474K->6465039K(12541952K), 0.0506460 secs] [Times: user=0.40 sys=0.00, real=0.05 secs] 
2011-03-01T01:30:45.954+0000: 1747.345: [GC 1747.345: [ParNew: 368640K->23053K(368640K), 0.0666470 secs] 6792719K->6473348K(12541952K), 0.0669800 secs] [Times: user=0.48 sys=0.00, real=0.06 secs] 
2011-03-01T01:30:47.393+0000: 1748.784: [GC 1748.784: [ParNew: 350733K->27076K(368640K), 0.0428780 secs] 6801028K->6477371K(12541952K), 0.0432020 secs] [Times: user=0.34 sys=0.01, real=0.04 secs] 
2011-03-01T01:30:49.877+0000: 1751.268: [GC 1751.268: [ParNew: 354779K->40960K(368640K), 0.0647820 secs] 6805075K->6505681K(12541952K), 0.0651100 secs] [Times: user=0.48 sys=0.00, real=0.06 secs] 
2011-03-01T01:30:49.943+0000: 1751.335: [GC 1751.335: [ParNew: 41318K->25576K(368640K), 0.0619600 secs] 6506040K->6525961K(12541952K), 0.0622260 secs] [Times: user=0.43 sys=0.00, real=0.06 secs] 
2011-03-01T01:30:52.503+0000: 1753.894: [GC 1753.895: [ParNew: 353256K->40960K(368640K), 0.0467700 secs] 6853641K->6548521K(12541952K), 0.0471100 secs] [Times: user=0.34 sys=0.01, real=0.04 secs] 
2011-03-01T01:30:54.649+0000: 1756.040: [GC 1756.040: [ParNew: 368640K->14152K(368640K), 0.0524970 secs] 6876201K->6544192K(12541952K), 0.0528300 secs] [Times: user=0.41 sys=0.00, real=0.05 secs] 
2011-03-01T01:30:55.365+0000: 1756.756: [GC 1756.756: [ParNew: 341832K->37101K(368640K), 0.0307490 secs] 6871872K->6567141K(12541952K), 0.0310840 secs] [Times: user=0.24 sys=0.00, real=0.03 secs] 
2011-03-01T01:30:55.851+0000: 1757.242: [GC 1757.242: [ParNew: 364781K->11971K(368640K), 0.0391660 secs] 6894821K->6557150K(12541952K), 0.0395040 secs] [Times: user=0.31 sys=0.00, real=0.04 secs] 
2011-03-01T01:30:56.348+0000: 1757.739: [GC 1757.740: [ParNew: 339621K->10533K(368640K), 0.0249670 secs] 6884799K->6555711K(12541952K), 0.0253000 secs] [Times: user=0.18 sys=0.00, real=0.03 secs] 
2011-03-01T01:30:56.816+0000: 1758.207: [GC 1758.207: [ParNew: 338213K->24548K(368640K), 0.0268290 secs] 6883391K->6569726K(12541952K), 0.0271610 secs] [Times: user=0.17 sys=0.01, real=0.03 secs] 
2011-03-01T01:30:58.087+0000: 1759.478: [GC 1759.479: [ParNew: 352178K->28234K(368640K), 0.0343550 secs] 6897356K->6576944K(12541952K), 0.0346900 secs] [Times: user=0.24 sys=0.00, real=0.03 secs] 
2011-03-01T01:30:58.474+0000: 1759.865: [GC 1759.865: [ParNew: 355914K->12299K(368640K), 0.0341910 secs] 6904624K->6567104K(12541952K), 0.0345230 secs] [Times: user=0.25 sys=0.00, real=0.03 secs] 
2011-03-01T01:30:58.884+0000: 1760.275: [GC 1760.275: [ParNew: 339979K->13981K(368640K), 0.0265610 secs] 6894784K->6568786K(12541952K), 0.0268980 secs] [Times: user=0.18 sys=0.00, real=0.02 secs] 
2011-03-01T01:30:59.308+0000: 1760.699: [GC 1760.699: [ParNew: 341657K->14458K(368640K), 0.0308110 secs] 6896462K->6569263K(12541952K), 0.0311420 secs] [Times: user=0.24 sys=0.00, real=0.03 secs] 
2011-03-01T01:30:59.749+0000: 1761.140: [GC 1761.140: [ParNew: 342125K->14487K(368640K), 0.0326550 secs] 6896930K->6573189K(12541952K), 0.0329900 secs] [Times: user=0.24 sys=0.00, real=0.03 secs] 
2011-03-01T01:31:00.356+0000: 1761.747: [GC 1761.747: [ParNew: 342167K->28533K(368640K), 0.0364590 secs] 6900869K->6590838K(12541952K), 0.0367900 secs] [Times: user=0.24 sys=0.00, real=0.04 secs] 
2011-03-01T01:31:04.062+0000: 1765.453: [GC 1765.453: [ParNew: 356213K->31065K(368640K), 0.0538490 secs] 6918518K->6609321K(12541952K), 0.0541860 secs] [Times: user=0.39 sys=0.00, real=0.05 secs] 
2011-03-01T01:31:08.048+0000: 1769.439: [GC 1769.439: [ParNew: 358745K->40422K(368640K), 0.0632400 secs] 6937001K->6639684K(12541952K), 0.0635730 secs] [Times: user=0.48 sys=0.00, real=0.06 secs] 
2011-03-01T01:31:12.778+0000: 1774.169: [GC 1774.169: [ParNew: 368102K->29729K(368640K), 0.0613960 secs] 6967364K->6654631K(12541952K), 0.0617100 secs] [Times: user=0.45 sys=0.00, real=0.06 secs] 
2011-03-01T01:31:16.497+0000: 1777.888: [GC 1777.888: [ParNew: 357409K->34683K(368640K), 0.0606200 secs] 6982311K->6683012K(12541952K), 0.0609550 secs] [Times: user=0.41 sys=0.00, real=0.06 secs] 
2011-03-01T01:31:20.152+0000: 1781.543: [GC 1781.544: [ParNew: 362238K->31097K(368640K), 0.0537930 secs] 7010567K->6700659K(12541952K), 0.0541270 secs] [Times: user=0.41 sys=0.00, real=0.05 secs] 
2011-03-01T01:31:23.210+0000: 1784.601: [GC 1784.601: [ParNew: 358777K->34177K(368640K), 0.0427750 secs] 7028339K->6719043K(12541952K), 0.0431050 secs] [Times: user=0.32 sys=0.00, real=0.05 secs] 
2011-03-01T01:31:25.800+0000: 1787.191: [GC 1787.191: [ParNew: 361857K->31445K(368640K), 0.0419340 secs] 7046723K->6729313K(12541952K), 0.0422670 secs] [Times: user=0.32 sys=0.00, real=0.05 secs] 
2011-03-01T01:31:28.394+0000: 1789.785: [GC 1789.786: [ParNew: 359125K->23370K(368640K), 0.0424410 secs] 7056993K->6736447K(12541952K), 0.0427730 secs] [Times: user=0.31 sys=0.00, real=0.04 secs] 
2011-03-01T01:31:30.940+0000: 1792.331: [GC 1792.331: [ParNew: 351050K->40960K(368640K), 0.0450730 secs] 7064127K->6766640K(12541952K), 0.0454030 secs] [Times: user=0.33 sys=0.00, real=0.05 secs] 
2011-03-01T01:31:33.691+0000: 1795.082: [GC 1795.082: [ParNew: 368640K->40960K(368640K), 0.0421470 secs] 7094320K->6777774K(12541952K), 0.0424720 secs] [Times: user=0.32 sys=0.00, real=0.05 secs] 
2011-03-01T01:31:35.454+0000: 1796.845: [GC 1796.845: [ParNew: 368640K->40960K(368640K), 0.0543900 secs] 7105454K->6798924K(12541952K), 0.0547220 secs] [Times: user=0.40 sys=0.00, real=0.05 secs] 
2011-03-01T01:31:36.280+0000: 1797.671: [GC 1797.671: [ParNew: 368640K->35302K(368640K), 0.0547610 secs] 7126604K->6814404K(12541952K), 0.0551170 secs] [Times: user=0.41 sys=0.00, real=0.06 secs] 
2011-03-01T01:31:37.100+0000: 1798.491: [GC 1798.492: [ParNew: 362982K->40110K(368640K), 0.0563820 secs] 7142084K->6843605K(12541952K), 0.0567120 secs] [Times: user=0.43 sys=0.00, real=0.06 secs] 
2011-03-01T01:31:37.632+0000: 1799.024: [GC 1799.024: [ParNew: 367790K->40960K(368640K), 0.0545070 secs] 7171285K->6862980K(12541952K), 0.0548270 secs] [Times: user=0.35 sys=0.00, real=0.05 secs] 
2011-03-01T01:31:38.716+0000: 1800.107: [GC 1800.108: [ParNew: 368640K->24046K(368640K), 0.0551720 secs] 7190660K->6866692K(12541952K), 0.0555000 secs] [Times: user=0.39 sys=0.00, real=0.05 secs] 
2011-03-01T01:31:41.107+0000: 1802.498: [GC 1802.498: [ParNew: 351726K->40960K(368640K), 0.0502000 secs] 7194372K->6895225K(12541952K), 0.0505390 secs] [Times: user=0.38 sys=0.01, real=0.05 secs] 
2011-03-01T01:31:43.580+0000: 1804.971: [GC 1804.971: [ParNew: 368640K->40960K(368640K), 0.0509530 secs] 7222905K->6909626K(12541952K), 0.0512900 secs] [Times: user=0.40 sys=0.00, real=0.05 secs] 
2011-03-01T01:31:46.042+0000: 1807.433: [GC 1807.433: [ParNew: 368640K->29244K(368640K), 0.0498980 secs] 7237306K->6918122K(12541952K), 0.0502340 secs] [Times: user=0.38 sys=0.00, real=0.05 secs] 
2011-03-01T01:31:48.894+0000: 1810.285: [GC 1810.285: [ParNew: 356924K->24978K(368640K), 0.0351170 secs] 7245802K->6923964K(12541952K), 0.0354450 secs] [Times: user=0.24 sys=0.00, real=0.03 secs] 
2011-03-01T01:31:51.487+0000: 1812.878: [GC 1812.878: [ParNew: 352658K->20659K(368640K), 0.0337390 secs] 7251644K->6929455K(12541952K), 0.0340630 secs] [Times: user=0.24 sys=0.00, real=0.03 secs] 
2011-03-01T01:31:54.441+0000: 1815.832: [GC 1815.832: [ParNew: 348298K->40960K(368640K), 0.0352650 secs] 7257094K->6953327K(12541952K), 0.0356000 secs] [Times: user=0.32 sys=0.00, real=0.04 secs] 
2011-03-01T01:31:55.384+0000: 1816.775: [GC 1816.775: [ParNew: 368640K->16601K(368640K), 0.0309880 secs] 7281007K->6936277K(12541952K), 0.0313160 secs] [Times: user=0.23 sys=0.00, real=0.03 secs] 
2011-03-01T01:31:55.980+0000: 1817.371: [GC 1817.371: [ParNew: 344249K->26466K(368640K), 0.0265080 secs] 7263924K->6946142K(12541952K), 0.0268460 secs] [Times: user=0.23 sys=0.00, real=0.03 secs] 
2011-03-01T01:31:56.430+0000: 1817.821: [GC 1817.821: [ParNew: 354146K->6872K(368640K), 0.0269670 secs] 7273822K->6935289K(12541952K), 0.0272980 secs] [Times: user=0.23 sys=0.01, real=0.03 secs] 
2011-03-01T01:31:56.762+0000: 1818.153: [GC 1818.153: [ParNew: 334549K->3893K(368640K), 0.0235140 secs] 7262966K->6932310K(12541952K), 0.0238370 secs] [Times: user=0.21 sys=0.00, real=0.03 secs] 
2011-03-01T01:31:57.192+0000: 1818.583: [GC 1818.583: [ParNew: 331539K->15566K(368640K), 0.0247980 secs] 7259956K->6944693K(12541952K), 0.0251140 secs] [Times: user=0.22 sys=0.00, real=0.03 secs] 
2011-03-01T01:31:57.596+0000: 1818.987: [GC 1818.987: [ParNew: 343238K->11403K(368640K), 0.0241740 secs] 7272364K->6941156K(12541952K), 0.0244880 secs] [Times: user=0.16 sys=0.00, real=0.02 secs] 
2011-03-01T01:31:57.988+0000: 1819.379: [GC 1819.379: [ParNew: 339069K->12764K(368640K), 0.0241530 secs] 7268822K->6943212K(12541952K), 0.0244650 secs] [Times: user=0.16 sys=0.00, real=0.02 secs] 
2011-03-01T01:31:58.457+0000: 1819.848: [GC 1819.848: [ParNew: 340444K->7321K(368640K), 0.0224130 secs] 7270892K->6937935K(12541952K), 0.0227260 secs] [Times: user=0.16 sys=0.00, real=0.02 secs] 
2011-03-01T01:31:59.469+0000: 1820.860: [GC 1820.861: [ParNew: 335001K->17327K(368640K), 0.0244320 secs] 7265615K->6950567K(12541952K), 0.0247380 secs] [Times: user=0.18 sys=0.00, real=0.03 secs] 
2011-03-01T01:32:02.232+0000: 1823.624: [GC 1823.624: [ParNew: 345007K->40960K(368640K), 0.0342870 secs] 7278247K->6980069K(12541952K), 0.0345940 secs] [Times: user=0.29 sys=0.00, real=0.03 secs] 
2011-03-01T01:32:06.230+0000: 1827.622: [GC 1827.622: [ParNew: 368640K->31426K(368640K), 0.0312370 secs] 7307749K->6975309K(12541952K), 0.0315460 secs] [Times: user=0.24 sys=0.00, real=0.03 secs] 
2011-03-01T01:32:10.322+0000: 1831.713: [GC 1831.714: [ParNew: 359106K->26900K(368640K), 0.0364860 secs] 7302989K->6984094K(12541952K), 0.0368000 secs] [Times: user=0.29 sys=0.00, real=0.04 secs] 
2011-03-01T01:32:14.541+0000: 1835.932: [GC 1835.933: [ParNew: 354580K->22644K(368640K), 0.0338930 secs] 7311774K->6987538K(12541952K), 0.0341990 secs] [Times: user=0.28 sys=0.00, real=0.04 secs] 
2011-03-01T01:32:18.570+0000: 1839.961: [GC 1839.961: [ParNew: 350324K->16940K(368640K), 0.0323990 secs] 7315218K->6991693K(12541952K), 0.0327210 secs] [Times: user=0.24 sys=0.00, real=0.04 secs] 
2011-03-01T01:32:22.048+0000: 1843.439: [GC 1843.439: [ParNew: 344620K->40960K(368640K), 0.0315300 secs] 7319373K->7016151K(12541952K), 0.0318400 secs] [Times: user=0.24 sys=0.00, real=0.03 secs] 
2011-03-01T01:32:24.614+0000: 1846.005: [GC 1846.005: [ParNew: 368640K->19083K(368640K), 0.0412870 secs] 7343831K->7013705K(12541952K), 0.0415940 secs] [Times: user=0.26 sys=0.00, real=0.04 secs] 
2011-03-01T01:32:27.310+0000: 1848.701: [GC 1848.701: [ParNew: 346763K->40960K(368640K), 0.0344780 secs] 7341385K->7035582K(12541952K), 0.0347870 secs] [Times: user=0.29 sys=0.00, real=0.04 secs] 
2011-03-01T01:32:30.040+0000: 1851.431: [GC 1851.431: [ParNew: 368640K->40960K(368640K), 0.0404600 secs] 7363262K->7045652K(12541952K), 0.0407710 secs] [Times: user=0.32 sys=0.00, real=0.04 secs] 
2011-03-01T01:32:32.664+0000: 1854.056: [GC 1854.056: [ParNew: 368640K->40960K(368640K), 0.0400370 secs] 7373338K->7055769K(12541952K), 0.0403410 secs] [Times: user=0.27 sys=0.00, real=0.04 secs] 
2011-03-01T01:32:32.706+0000: 1854.097: [GC 1854.098: [ParNew: 41694K->20905K(368640K), 0.0353200 secs] 7056504K->7045987K(12541952K), 0.0355730 secs] [Times: user=0.24 sys=0.00, real=0.03 secs] 
2011-03-01T01:32:35.320+0000: 1856.711: [GC 1856.711: [ParNew: 348585K->40960K(368640K), 0.0399870 secs] 7373667K->7070850K(12541952K), 0.0402960 secs] [Times: user=0.31 sys=0.00, real=0.04 secs] 
2011-03-01T01:32:36.188+0000: 1857.579: [GC 1857.579: [ParNew: 368640K->31085K(368640K), 0.0459910 secs] 7398530K->7079274K(12541952K), 0.0463060 secs] [Times: user=0.32 sys=0.00, real=0.05 secs] 
2011-03-01T01:32:36.827+0000: 1858.218: [GC 1858.218: [ParNew: 358765K->40960K(368640K), 0.0747860 secs] 7406954K->7110393K(12541952K), 0.0751190 secs] [Times: user=0.39 sys=0.00, real=0.07 secs] 
2011-03-01T01:32:37.597+0000: 1858.988: [GC 1858.988: [ParNew: 368640K->40897K(368640K), 0.0794160 secs] 7438073K->7124302K(12541952K), 0.0797290 secs] [Times: user=0.46 sys=0.00, real=0.08 secs] 
2011-03-01T01:32:38.193+0000: 1859.585: [GC 1859.585: [ParNew: 368577K->40906K(368640K), 0.0575570 secs] 7451982K->7141460K(12541952K), 0.0578660 secs] [Times: user=0.40 sys=0.02, real=0.05 secs] 
2011-03-01T01:32:39.818+0000: 1861.209: [GC 1861.209: [ParNew: 368586K->33415K(368640K), 0.0476730 secs] 7469140K->7150793K(12541952K), 0.0479830 secs] [Times: user=0.34 sys=0.00, real=0.05 secs] 
2011-03-01T01:32:42.421+0000: 1863.813: [GC 1863.813: [ParNew: 361095K->35376K(368640K), 0.0395460 secs] 7478473K->7163137K(12541952K), 0.0398550 secs] [Times: user=0.31 sys=0.00, real=0.04 secs] 
2011-03-01T01:32:45.182+0000: 1866.573: [GC 1866.574: [ParNew: 363056K->25317K(368640K), 0.0392530 secs] 7490817K->7163409K(12541952K), 0.0395690 secs] [Times: user=0.31 sys=0.00, real=0.03 secs] 
2011-03-01T01:32:48.027+0000: 1869.418: [GC 1869.418: [ParNew: 352997K->12992K(368640K), 0.0365220 secs] 7491089K->7161253K(12541952K), 0.0368250 secs] [Times: user=0.25 sys=0.00, real=0.04 secs] 
2011-03-01T01:32:51.062+0000: 1872.453: [GC 1872.453: [ParNew: 340672K->40960K(368640K), 0.0370460 secs] 7488933K->7193720K(12541952K), 0.0373460 secs] [Times: user=0.25 sys=0.01, real=0.04 secs] 
2011-03-01T01:32:54.215+0000: 1875.606: [GC 1875.607: [ParNew: 368600K->40960K(368640K), 0.0380560 secs] 7521360K->7200137K(12541952K), 0.0383640 secs] [Times: user=0.24 sys=0.00, real=0.04 secs] 
2011-03-01T01:32:55.017+0000: 1876.408: [GC 1876.408: [ParNew: 368630K->7601K(368640K), 0.0349590 secs] 7527807K->7187974K(12541952K), 0.0352810 secs] [Times: user=0.24 sys=0.00, real=0.03 secs] 
2011-03-01T01:32:55.741+0000: 1877.132: [GC 1877.132: [ParNew: 335281K->3546K(368640K), 0.0216130 secs] 7515654K->7183919K(12541952K), 0.0219160 secs] [Times: user=0.18 sys=0.00, real=0.03 secs] 
2011-03-01T01:32:56.175+0000: 1877.566: [GC 1877.566: [ParNew: 331180K->2945K(368640K), 0.0224820 secs] 7511553K->7183318K(12541952K), 0.0227870 secs] [Times: user=0.16 sys=0.00, real=0.02 secs] 
2011-03-01T01:32:56.532+0000: 1877.924: [GC 1877.924: [ParNew: 330599K->17238K(368640K), 0.0242670 secs] 7510972K->7197611K(12541952K), 0.0246530 secs] [Times: user=0.20 sys=0.00, real=0.02 secs] 
2011-03-01T01:32:56.939+0000: 1878.330: [GC 1878.330: [ParNew: 344918K->9820K(368640K), 0.0250390 secs] 7525291K->7190909K(12541952K), 0.0253700 secs] [Times: user=0.21 sys=0.00, real=0.03 secs] 
2011-03-01T01:32:57.468+0000: 1878.859: [GC 1878.860: [ParNew: 337500K->15669K(368640K), 0.0246540 secs] 7518589K->7197378K(12541952K), 0.0249840 secs] [Times: user=0.17 sys=0.01, real=0.03 secs] 
2011-03-01T01:32:57.850+0000: 1879.241: [GC 1879.241: [ParNew: 343349K->21766K(368640K), 0.0248380 secs] 7525058K->7203644K(12541952K), 0.0251780 secs] [Times: user=0.23 sys=0.00, real=0.03 secs] 
2011-03-01T01:32:58.270+0000: 1879.661: [GC 1879.662: [ParNew: 349404K->3494K(368640K), 0.0239730 secs] 7531282K->7188041K(12541952K), 0.0242960 secs] [Times: user=0.20 sys=0.00, real=0.03 secs] 
2011-03-01T01:32:58.706+0000: 1880.097: [GC 1880.097: [ParNew: 331174K->18993K(368640K), 0.0252010 secs] 7515721K->7203817K(12541952K), 0.0255290 secs] [Times: user=0.16 sys=0.00, real=0.02 secs] 
2011-03-01T01:32:59.641+0000: 1881.032: [GC 1881.032: [ParNew: 346673K->19201K(368640K), 0.0259570 secs] 7531497K->7204586K(12541952K), 0.0262860 secs] [Times: user=0.23 sys=0.00, real=0.03 secs] 
2011-03-01T01:33:02.388+0000: 1883.779: [GC 1883.779: [ParNew: 346881K->39837K(368640K), 0.0314060 secs] 7532266K->7225485K(12541952K), 0.0317240 secs] [Times: user=0.24 sys=0.00, real=0.03 secs] 
2011-03-01T01:33:05.027+0000: 1886.418: [GC 1886.418: [ParNew: 367517K->7585K(368640K), 0.0475230 secs] 7553165K->7274525K(12541952K), 0.0478410 secs] [Times: user=0.33 sys=0.00, real=0.05 secs] 
2011-03-01T01:33:05.984+0000: 1887.375: [GC 1887.375: [ParNew: 335265K->28481K(368640K), 0.0420570 secs] 7602205K->7360958K(12541952K), 0.0423820 secs] [Times: user=0.33 sys=0.02, real=0.04 secs] 
2011-03-01T01:33:07.847+0000: 1889.238: [GC 1889.238: [ParNew: 356161K->22640K(368640K), 0.0307900 secs] 7688638K->7363598K(12541952K), 0.0311110 secs] [Times: user=0.24 sys=0.00, real=0.03 secs] 
2011-03-01T01:33:12.010+0000: 1893.401: [GC 1893.401: [ParNew: 350320K->14138K(368640K), 0.0285860 secs] 7691278K->7360986K(12541952K), 0.0289080 secs] [Times: user=0.24 sys=0.00, real=0.03 secs] 
2011-03-01T01:33:16.178+0000: 1897.569: [GC 1897.569: [ParNew: 341818K->40960K(368640K), 0.0315450 secs] 7688666K->7388941K(12541952K), 0.0318820 secs] [Times: user=0.24 sys=0.00, real=0.03 secs] 
2011-03-01T01:33:19.501+0000: 1900.893: [GC 1900.893: [ParNew: 368640K->29542K(368640K), 0.0367110 secs] 7716621K->7387465K(12541952K), 0.0370350 secs] [Times: user=0.32 sys=0.00, real=0.04 secs] 
2011-03-01T01:33:23.019+0000: 1904.410: [GC 1904.411: [ParNew: 357222K->40960K(368640K), 0.0374870 secs] 7715145K->7404608K(12541952K), 0.0378380 secs] [Times: user=0.31 sys=0.01, real=0.04 secs] 
2011-03-01T01:33:25.739+0000: 1907.130: [GC 1907.130: [ParNew: 368640K->40960K(368640K), 0.0392630 secs] 7732288K->7417183K(12541952K), 0.0395840 secs] [Times: user=0.32 sys=0.00, real=0.04 secs] 
2011-03-01T01:33:26.924+0000: 1908.315: [GC 1908.315: [ParNew: 368640K->35512K(368640K), 0.0546500 secs] 7744863K->7561380K(12541952K), 0.0549760 secs] [Times: user=0.39 sys=0.00, real=0.05 secs] 
2011-03-01T01:33:27.465+0000: 1908.856: [GC 1908.856: [ParNew: 363192K->7808K(368640K), 0.0432920 secs] 7889060K->7562276K(12541952K), 0.0436180 secs] [Times: user=0.30 sys=0.00, real=0.04 secs] 
2011-03-01T01:33:28.009+0000: 1909.400: [GC 1909.400: [ParNew: 335488K->22347K(368640K), 0.0377180 secs] 7889956K->7576816K(12541952K), 0.0380410 secs] [Times: user=0.33 sys=0.00, real=0.04 secs] 
2011-03-01T01:33:28.557+0000: 1909.948: [GC 1909.948: [ParNew: 350027K->37689K(368640K), 0.0449010 secs] 7904496K->7592158K(12541952K), 0.0452210 secs] [Times: user=0.32 sys=0.00, real=0.04 secs] 
2011-03-01T01:33:29.145+0000: 1910.536: [GC 1910.536: [ParNew: 365369K->22026K(368640K), 0.0541080 secs] 7919838K->7589040K(12541952K), 0.0544380 secs] [Times: user=0.39 sys=0.01, real=0.05 secs] 
2011-03-01T01:33:29.677+0000: 1911.068: [GC 1911.068: [ParNew: 349706K->22950K(368640K), 0.0434340 secs] 7916720K->7589965K(12541952K), 0.0437590 secs] [Times: user=0.32 sys=0.00, real=0.04 secs] 
2011-03-01T01:33:30.189+0000: 1911.580: [GC 1911.581: [ParNew: 350630K->40960K(368640K), 0.0492840 secs] 7917645K->7607974K(12541952K), 0.0496070 secs] [Times: user=0.40 sys=0.00, real=0.05 secs] 
2011-03-01T01:33:32.719+0000: 1914.110: [GC 1914.110: [ParNew: 368640K->40960K(368640K), 0.0703810 secs] 7935654K->7625295K(12541952K), 0.0707140 secs] [Times: user=0.53 sys=0.01, real=0.07 secs] 
2011-03-01T01:33:35.478+0000: 1916.869: [GC 1916.870: [ParNew: 368640K->39416K(368640K), 0.0778580 secs] 7952975K->7654496K(12541952K), 0.0781780 secs] [Times: user=0.51 sys=0.00, real=0.08 secs] 
2011-03-01T01:33:36.313+0000: 1917.705: [GC 1917.705: [ParNew: 367096K->36607K(368640K), 0.0540890 secs] 7982176K->7675548K(12541952K), 0.0561110 secs] [Times: user=0.38 sys=0.00, real=0.05 secs] 
2011-03-01T01:33:36.953+0000: 1918.344: [GC 1918.344: [ParNew: 364287K->32751K(368640K), 0.0516140 secs] 8003228K->7697728K(12541952K), 0.0519290 secs] [Times: user=0.38 sys=0.00, real=0.05 secs] 
2011-03-01T01:33:37.772+0000: 1919.163: [GC 1919.164: [ParNew: 360431K->33017K(368640K), 0.0588550 secs] 8025408K->7723866K(12541952K), 0.0591810 secs] [Times: user=0.45 sys=0.00, real=0.05 secs] 
2011-03-01T01:33:38.432+0000: 1919.824: [GC 1919.824: [ParNew: 360697K->34027K(368640K), 0.0558520 secs] 8051546K->7750862K(12541952K), 0.0561630 secs] [Times: user=0.38 sys=0.00, real=0.05 secs] 
2011-03-01T01:33:40.120+0000: 1921.512: [GC 1921.512: [ParNew: 361707K->33493K(368640K), 0.0602570 secs] 8078542K->7776240K(12541952K), 0.0605690 secs] [Times: user=0.48 sys=0.00, real=0.06 secs] 
2011-03-01T01:33:42.963+0000: 1924.354: [GC 1924.355: [ParNew: 361173K->37334K(368640K), 0.0595440 secs] 8103920K->7803891K(12541952K), 0.0598880 secs] [Times: user=0.42 sys=0.02, real=0.06 secs] 
2011-03-01T01:33:45.680+0000: 1927.071: [GC 1927.072: [ParNew: 365014K->34381K(368640K), 0.0570220 secs] 8131571K->7823878K(12541952K), 0.0573500 secs] [Times: user=0.43 sys=0.00, real=0.06 secs] 
2011-03-01T01:33:48.405+0000: 1929.796: [GC 1929.796: [ParNew: 362061K->37863K(368640K), 0.0544240 secs] 8151558K->7850388K(12541952K), 0.0547480 secs] [Times: user=0.38 sys=0.00, real=0.05 secs] 
2011-03-01T01:33:51.331+0000: 1932.722: [GC 1932.723: [ParNew: 365543K->40960K(368640K), 0.0494260 secs] 8178068K->7875269K(12541952K), 0.0497560 secs] [Times: user=0.40 sys=0.00, real=0.05 secs] 
2011-03-01T01:33:54.377+0000: 1935.768: [GC 1935.768: [ParNew: 368640K->24149K(368640K), 0.0455250 secs] 8202949K->7882695K(12541952K), 0.0458650 secs] [Times: user=0.31 sys=0.01, real=0.05 secs] 
2011-03-01T01:33:55.198+0000: 1936.589: [GC 1936.589: [ParNew: 351780K->38792K(368640K), 0.0300640 secs] 8210325K->7897338K(12541952K), 0.0303980 secs] [Times: user=0.24 sys=0.00, real=0.03 secs] 
2011-03-01T01:33:55.766+0000: 1937.157: [GC 1937.157: [ParNew: 366472K->35225K(368640K), 0.0424440 secs] 8225018K->7906663K(12541952K), 0.0427800 secs] [Times: user=0.31 sys=0.00, real=0.04 secs] 
2011-03-01T01:33:56.226+0000: 1937.617: [GC 1937.617: [ParNew: 362905K->13822K(368640K), 0.0279090 secs] 8234343K->7891999K(12541952K), 0.0282310 secs] [Times: user=0.19 sys=0.00, real=0.03 secs] 
2011-03-01T01:33:56.578+0000: 1937.969: [GC 1937.969: [ParNew: 341480K->19728K(368640K), 0.0248140 secs] 8219656K->7897904K(12541952K), 0.0251370 secs] [Times: user=0.16 sys=0.00, real=0.03 secs] 
2011-03-01T01:33:58.030+0000: 1939.422: [GC 1939.422: [ParNew: 347408K->21340K(368640K), 0.0293470 secs] 8225584K->7899516K(12541952K), 0.0296580 secs] [Times: user=0.24 sys=0.00, real=0.03 secs] 
2011-03-01T01:33:58.784+0000: 1940.175: [GC 1940.175: [ParNew: 349020K->32877K(368640K), 0.0496580 secs] 8227196K->7981077K(12541952K), 0.0499890 secs] [Times: user=0.37 sys=0.00, real=0.05 secs] 
2011-03-01T01:33:59.457+0000: 1940.848: [GC 1940.848: [ParNew: 360557K->11786K(368640K), 0.0445360 secs] 8308757K->7981921K(12541952K), 0.0448560 secs] [Times: user=0.32 sys=0.00, real=0.04 secs] 
2011-03-01T01:34:00.226+0000: 1941.617: [GC 1941.617: [ParNew: 339466K->37962K(368640K), 0.0376280 secs] 8309601K->8008097K(12541952K), 0.0379670 secs] [Times: user=0.26 sys=0.01, real=0.04 secs] 
2011-03-01T01:34:00.822+0000: 1942.213: [GC 1942.213: [ParNew: 365642K->14770K(368640K), 0.0514490 secs] 8335777K->8000434K(12541952K), 0.0517810 secs] [Times: user=0.40 sys=0.00, real=0.06 secs] 
2011-03-01T01:34:01.517+0000: 1942.908: [GC 1942.908: [ParNew: 342450K->26332K(368640K), 0.0369000 secs] 8328114K->8011996K(12541952K), 0.0372190 secs] [Times: user=0.27 sys=0.00, real=0.03 secs] 
2011-03-01T01:34:01.934+0000: 1943.326: [GC 1943.326: [ParNew: 354012K->25031K(368640K), 0.0455960 secs] 8339676K->8020267K(12541952K), 0.0459200 secs] [Times: user=0.33 sys=0.00, real=0.04 secs] 
2011-03-01T01:34:02.300+0000: 1943.691: [GC 1943.691: [ParNew: 352691K->30900K(368640K), 0.0323910 secs] 8347928K->8026136K(12541952K), 0.0327020 secs] [Times: user=0.23 sys=0.01, real=0.04 secs] 
2011-03-01T01:34:02.847+0000: 1944.238: [GC 1944.238: [ParNew: 358530K->12493K(368640K), 0.0363510 secs] 8353766K->8013471K(12541952K), 0.0366590 secs] [Times: user=0.24 sys=0.00, real=0.04 secs] 
2011-03-01T01:34:03.525+0000: 1944.916: [GC 1944.916: [ParNew: 340173K->35130K(368640K), 0.0343690 secs] 8341151K->8036108K(12541952K), 0.0346750 secs] [Times: user=0.24 sys=0.00, real=0.03 secs] 
2011-03-01T01:34:04.905+0000: 1946.296: [GC 1946.296: [ParNew: 362748K->12287K(368640K), 0.0429790 secs] 8363726K->8028515K(12541952K), 0.0432940 secs] [Times: user=0.29 sys=0.00, real=0.04 secs] 
2011-03-01T01:34:08.082+0000: 1949.473: [GC 1949.473: [ParNew: 339967K->40960K(368640K), 0.0379410 secs] 8356195K->8058311K(12541952K), 0.0382720 secs] [Times: user=0.31 sys=0.01, real=0.04 secs] 
2011-03-01T01:34:12.383+0000: 1953.775: [GC 1953.775: [ParNew: 368640K->40287K(368640K), 0.0614940 secs] 8385991K->8079667K(12541952K), 0.0618270 secs] [Times: user=0.44 sys=0.01, real=0.06 secs] 
2011-03-01T01:34:17.052+0000: 1958.443: [GC 1958.443: [ParNew: 367967K->40896K(368640K), 0.0617300 secs] 8407347K->8102294K(12541952K), 0.0620620 secs] [Times: user=0.49 sys=0.00, real=0.07 secs] 
2011-03-01T01:34:20.419+0000: 1961.810: [GC 1961.810: [ParNew: 368576K->40960K(368640K), 0.0644060 secs] 8429974K->8127108K(12541952K), 0.0647150 secs] [Times: user=0.49 sys=0.00, real=0.07 secs] 
2011-03-01T01:34:23.681+0000: 1965.072: [GC 1965.073: [ParNew: 368640K->29525K(368640K), 0.0675090 secs] 8454788K->8144792K(12541952K), 0.0678190 secs] [Times: user=0.49 sys=0.00, real=0.07 secs] 
2011-03-01T01:34:26.554+0000: 1967.945: [GC 1967.945: [ParNew: 357205K->37650K(368640K), 0.0690240 secs] 8472472K->8176448K(12541952K), 0.0693400 secs] [Times: user=0.48 sys=0.00, real=0.07 secs] 
2011-03-01T01:34:29.195+0000: 1970.586: [GC 1970.587: [ParNew: 365330K->31833K(368640K), 0.0553630 secs] 8504128K->8198101K(12541952K), 0.0623640 secs] [Times: user=0.40 sys=0.00, real=0.06 secs] 
2011-03-01T01:34:31.718+0000: 1973.109: [GC 1973.109: [ParNew: 359513K->36759K(368640K), 0.0395340 secs] 8525781K->8221326K(12541952K), 0.0398450 secs] [Times: user=0.29 sys=0.00, real=0.04 secs] 
2011-03-01T01:34:34.700+0000: 1976.091: [GC 1976.091: [ParNew: 364439K->35859K(368640K), 0.0357190 secs] 8549006K->8236359K(12541952K), 0.0360300 secs] [Times: user=0.25 sys=0.00, real=0.04 secs] 
2011-03-01T01:34:35.766+0000: 1977.157: [GC 1977.157: [ParNew: 363539K->40960K(368640K), 0.0589910 secs] 8564039K->8265147K(12541952K), 0.0593010 secs] [Times: user=0.37 sys=0.00, real=0.06 secs] 
2011-03-01T01:34:36.379+0000: 1977.770: [GC 1977.770: [ParNew: 368640K->29171K(368640K), 0.0578940 secs] 8592827K->8267700K(12541952K), 0.0582040 secs] [Times: user=0.43 sys=0.00, real=0.06 secs] 
2011-03-01T01:34:37.225+0000: 1978.616: [GC 1978.616: [ParNew: 356851K->40960K(368640K), 0.1389310 secs] 8595380K->8333685K(12541952K), 0.1392380 secs] [Times: user=0.75 sys=0.00, real=0.14 secs] 
2011-03-01T01:34:37.365+0000: 1978.756: [GC [1 CMS-initial-mark: 8292725K(12173312K)] 8333821K(12541952K), 0.0273110 secs] [Times: user=0.02 sys=0.00, real=0.03 secs] 
2011-03-01T01:34:37.393+0000: 1978.784: [CMS-concurrent-mark-start]
2011-03-01T01:34:37.819+0000: 1979.210: [CMS-concurrent-mark: 0.426/0.426 secs] [Times: user=4.26 sys=0.56, real=0.42 secs] 
2011-03-01T01:34:37.819+0000: 1979.210: [CMS-concurrent-preclean-start]
2011-03-01T01:34:37.849+0000: 1979.240: [GC 1979.240: [ParNew: 368640K->40960K(368640K), 0.1040690 secs] 8661365K->8361770K(12541952K), 0.1043810 secs] [Times: user=0.68 sys=0.02, real=0.11 secs] 
2011-03-01T01:34:38.002+0000: 1979.394: [CMS-concurrent-preclean: 0.076/0.184 secs] [Times: user=1.31 sys=0.12, real=0.19 secs] 
2011-03-01T01:34:38.003+0000: 1979.394: [CMS-concurrent-abortable-preclean-start]
2011-03-01T01:34:38.408+0000: 1979.799: [CMS-concurrent-abortable-preclean: 0.394/0.405 secs] [Times: user=1.12 sys=0.16, real=0.40 secs] 
2011-03-01T01:34:38.409+0000: 1979.800: [GC[YG occupancy: 208248 K (368640 K)]1979.800: [Rescan (parallel) , 0.0578210 secs]1979.858: [weak refs processing, 0.0295740 secs] [1 CMS-remark: 8320810K(12173312K)] 8529058K(12541952K), 0.0876740 secs] [Times: user=0.48 sys=0.00, real=0.09 secs] 
2011-03-01T01:34:38.497+0000: 1979.888: [CMS-concurrent-sweep-start]
2011-03-01T01:34:39.305+0000: 1980.696: [GC 1980.696: [ParNew: 368640K->26292K(368640K), 0.0715020 secs] 8065035K->7745017K(12541952K), 0.0718020 secs] [Times: user=0.48 sys=0.00, real=0.07 secs] 
2011-03-01T01:34:41.947+0000: 1983.338: [GC 1983.338: [ParNew: 353972K->31176K(368640K), 0.0505840 secs] 6931764K->6626640K(12541952K), 0.0508990 secs] [Times: user=0.37 sys=0.00, real=0.05 secs] 
2011-03-01T01:34:44.646+0000: 1986.037: [GC 1986.038: [ParNew: 358856K->39956K(368640K), 0.0448970 secs] 6077662K->5776678K(12541952K), 0.0452060 secs] [Times: user=0.32 sys=0.00, real=0.04 secs] 
2011-03-01T01:34:47.379+0000: 1988.770: [GC 1988.770: [ParNew: 367636K->36786K(368640K), 0.0459090 secs] 5186588K->4869475K(12541952K), 0.0462170 secs] [Times: user=0.32 sys=0.01, real=0.05 secs] 
2011-03-01T01:34:50.400+0000: 1991.791: [GC 1991.791: [ParNew: 364466K->35627K(368640K), 0.0433360 secs] 3879504K->3566177K(12541952K), 0.0436640 secs] [Times: user=0.33 sys=0.00, real=0.05 secs] 
2011-03-01T01:34:53.597+0000: 1994.989: [GC 1994.989: [ParNew: 363307K->23129K(368640K), 0.0412910 secs] 2595803K->2271240K(12541952K), 0.0416160 secs] [Times: user=0.32 sys=0.00, real=0.04 secs] 
2011-03-01T01:34:54.926+0000: 1996.318: [GC 1996.318: [ParNew: 350780K->40960K(368640K), 0.0270030 secs] 2165606K->1862491K(12541952K), 0.0273360 secs] [Times: user=0.17 sys=0.00, real=0.03 secs] 
2011-03-01T01:34:55.697+0000: 1997.088: [GC 1997.090: [ParNew: 368614K->10137K(368640K), 0.0283470 secs] 1727621K->1383410K(12541952K), 0.0287010 secs] [Times: user=0.21 sys=0.00, real=0.03 secs] 
2011-03-01T01:34:56.380+0000: 1997.771: [GC 1997.771: [ParNew: 337802K->5199K(368640K), 0.0145070 secs] 1484973K->1152370K(12541952K), 0.0148310 secs] [Times: user=0.13 sys=0.00, real=0.02 secs] 
2011-03-01T01:34:56.858+0000: 1998.249: [GC 1998.250: [ParNew: 332879K->16254K(368640K), 0.0160350 secs] 1376340K->1059716K(12541952K), 0.0163770 secs] [Times: user=0.13 sys=0.00, real=0.02 secs] 
2011-03-01T01:34:57.222+0000: 1998.613: [GC 1998.613: [ParNew: 343934K->11367K(368640K), 0.0162730 secs] 1313856K->981289K(12541952K), 0.0166010 secs] [Times: user=0.15 sys=0.00, real=0.02 secs] 
2011-03-01T01:34:57.600+0000: 1998.991: [GC 1998.991: [ParNew: 338984K->7417K(368640K), 0.0173000 secs] 1233927K->903971K(12541952K), 0.0176320 secs] [Times: user=0.16 sys=0.00, real=0.02 secs] 
2011-03-01T01:34:57.721+0000: 1999.112: [CMS-concurrent-sweep: 18.785/19.224 secs] [Times: user=36.49 sys=5.44, real=19.22 secs] 
2011-03-01T01:34:57.721+0000: 1999.112: [CMS-concurrent-reset-start]
2011-03-01T01:34:57.748+0000: 1999.140: [CMS-concurrent-reset: 0.027/0.027 secs] [Times: user=0.05 sys=0.00, real=0.03 secs] 
2011-03-01T01:34:57.994+0000: 1999.386: [GC 1999.386: [ParNew: 335077K->6204K(368640K), 0.0169610 secs] 1221753K->894383K(12541952K), 0.0172920 secs] [Times: user=0.08 sys=0.00, real=0.01 secs] 
2011-03-01T01:34:58.388+0000: 1999.779: [GC 1999.780: [ParNew: 333872K->23769K(368640K), 0.0162360 secs] 1222050K->912614K(12541952K), 0.0165500 secs] [Times: user=0.14 sys=0.00, real=0.02 secs] 
2011-03-01T01:34:58.830+0000: 2000.222: [GC 2000.222: [ParNew: 351408K->20922K(368640K), 0.0170050 secs] 1240253K->911509K(12541952K), 0.0173230 secs] [Times: user=0.16 sys=0.00, real=0.02 secs] 
2011-03-01T01:34:59.339+0000: 2000.730: [GC 2000.730: [ParNew: 348561K->31026K(368640K), 0.0173840 secs] 1239149K->921614K(12541952K), 0.0176940 secs] [Times: user=0.16 sys=0.00, real=0.02 secs] 
2011-03-01T01:35:01.378+0000: 2002.769: [GC 2002.769: [ParNew: 358706K->34274K(368640K), 0.0194230 secs] 1249294K->927848K(12541952K), 0.0197350 secs] [Times: user=0.16 sys=0.00, real=0.02 secs] 
2011-03-01T01:35:05.847+0000: 2007.238: [GC 2007.238: [ParNew: 361954K->28337K(368640K), 0.0241140 secs] 1255528K->927020K(12541952K), 0.0244350 secs] [Times: user=0.16 sys=0.00, real=0.02 secs] 
2011-03-01T01:35:09.953+0000: 2011.345: [GC 2011.345: [ParNew: 356018K->40960K(368640K), 0.0292450 secs] 1254701K->947821K(12541952K), 0.0295700 secs] [Times: user=0.18 sys=0.01, real=0.03 secs] 
2011-03-01T01:35:09.984+0000: 2011.376: [GC 2011.376: [ParNew: 41430K->7158K(368640K), 0.0267940 secs] 948292K->931549K(12541952K), 0.0270590 secs] [Times: user=0.15 sys=0.00, real=0.02 secs] 
2011-03-01T01:35:13.979+0000: 2015.370: [GC 2015.371: [ParNew: 334838K->23210K(368640K), 0.0177330 secs] 1259229K->947601K(12541952K), 0.0194730 secs] [Times: user=0.16 sys=0.00, real=0.02 secs] 
2011-03-01T01:35:18.305+0000: 2019.696: [GC 2019.696: [ParNew: 350890K->24377K(368640K), 0.0266590 secs] 1275281K->958457K(12541952K), 0.0269690 secs] [Times: user=0.17 sys=0.00, real=0.02 secs] 
2011-03-01T01:35:21.913+0000: 2023.304: [GC 2023.304: [ParNew: 352057K->26778K(368640K), 0.0263830 secs] 1286137K->968794K(12541952K), 0.0266920 secs] [Times: user=0.19 sys=0.00, real=0.02 secs] 
2011-03-01T01:35:24.679+0000: 2026.070: [GC 2026.071: [ParNew: 354458K->37787K(368640K), 0.0277070 secs] 1296474K->988057K(12541952K), 0.0280180 secs] [Times: user=0.20 sys=0.00, real=0.03 secs] 
2011-03-01T01:35:27.164+0000: 2028.556: [GC 2028.556: [ParNew: 365467K->28228K(368640K), 0.0282480 secs] 1315737K->988663K(12541952K), 0.0285600 secs] [Times: user=0.16 sys=0.00, real=0.03 secs] 
2011-03-01T01:35:29.982+0000: 2031.373: [GC 2031.373: [ParNew: 355908K->36528K(368640K), 0.0316380 secs] 1316343K->1007077K(12541952K), 0.0319530 secs] [Times: user=0.22 sys=0.01, real=0.04 secs] 
2011-03-01T01:35:32.542+0000: 2033.933: [GC 2033.933: [ParNew: 364208K->30580K(368640K), 0.0333410 secs] 1334757K->1011335K(12541952K), 0.0377070 secs] [Times: user=0.23 sys=0.00, real=0.04 secs] 
2011-03-01T01:35:35.033+0000: 2036.424: [GC 2036.424: [ParNew: 358260K->32315K(368640K), 0.0566470 secs] 1339015K->1023334K(12541952K), 0.0569960 secs] [Times: user=0.29 sys=0.00, real=0.05 secs] 
2011-03-01T01:35:35.853+0000: 2037.245: [GC 2037.245: [ParNew: 359995K->39767K(368640K), 0.0441370 secs] 1351014K->1044089K(12541952K), 0.0444600 secs] [Times: user=0.25 sys=0.00, real=0.04 secs] 
2011-03-01T01:35:36.600+0000: 2037.991: [GC 2037.991: [ParNew: 367447K->35509K(368640K), 0.0533820 secs] 1371769K->1055919K(12541952K), 0.0536970 secs] [Times: user=0.32 sys=0.01, real=0.06 secs] 
2011-03-01T01:35:37.293+0000: 2038.684: [GC 2038.684: [ParNew: 363189K->40960K(368640K), 0.0520780 secs] 1383599K->1079057K(12541952K), 0.0523900 secs] [Times: user=0.37 sys=0.01, real=0.05 secs] 
2011-03-01T01:35:38.181+0000: 2039.572: [GC 2039.572: [ParNew: 368290K->27219K(368640K), 0.0481780 secs] 1406388K->1082448K(12541952K), 0.0485740 secs] [Times: user=0.37 sys=0.00, real=0.05 secs] 
2011-03-01T01:35:40.071+0000: 2041.462: [GC 2041.462: [ParNew: 354899K->39916K(368640K), 0.0419170 secs] 1410128K->1109716K(12541952K), 0.0422410 secs] [Times: user=0.32 sys=0.00, real=0.05 secs] 
2011-03-01T01:35:42.773+0000: 2044.164: [GC 2044.164: [ParNew: 367596K->40960K(368640K), 0.0320000 secs] 1437396K->1123278K(12541952K), 0.0323200 secs] [Times: user=0.21 sys=0.01, real=0.03 secs] 
2011-03-01T01:35:45.546+0000: 2046.937: [GC 2046.937: [ParNew: 368640K->37922K(368640K), 0.0307060 secs] 1450958K->1132494K(12541952K), 0.0310390 secs] [Times: user=0.22 sys=0.01, real=0.03 secs] 
2011-03-01T01:35:47.997+0000: 2049.388: [GC 2049.388: [ParNew: 365602K->40960K(368640K), 0.0314290 secs] 1460174K->1145739K(12541952K), 0.0317420 secs] [Times: user=0.24 sys=0.00, real=0.03 secs] 
2011-03-01T01:35:50.541+0000: 2051.932: [GC 2051.932: [ParNew: 368640K->25257K(368640K), 0.0293740 secs] 1473419K->1140239K(12541952K), 0.0296830 secs] [Times: user=0.24 sys=0.00, real=0.03 secs] 
2011-03-01T01:35:53.893+0000: 2055.284: [GC 2055.284: [ParNew: 352937K->28842K(368640K), 0.0308420 secs] 1467919K->1152013K(12541952K), 0.0311650 secs] [Times: user=0.20 sys=0.00, real=0.03 secs] 
2011-03-01T01:35:54.879+0000: 2056.270: [GC 2056.270: [ParNew: 356522K->14997K(368640K), 0.0233650 secs] 1479693K->1146593K(12541952K), 0.0236940 secs] [Times: user=0.16 sys=0.00, real=0.03 secs] 
2011-03-01T01:35:55.646+0000: 2057.038: [GC 2057.038: [ParNew: 342653K->14175K(368640K), 0.0156170 secs] 1474249K->1145770K(12541952K), 0.0197910 secs] [Times: user=0.16 sys=0.00, real=0.02 secs] 
2011-03-01T01:35:56.187+0000: 2057.578: [GC 2057.578: [ParNew: 341817K->20222K(368640K), 0.0169170 secs] 1473413K->1151817K(12541952K), 0.0172500 secs] [Times: user=0.11 sys=0.00, real=0.02 secs] 
2011-03-01T01:35:56.701+0000: 2058.092: [GC 2058.092: [ParNew: 347902K->20935K(368640K), 0.0179090 secs] 1479497K->1152531K(12541952K), 0.0182390 secs] [Times: user=0.16 sys=0.00, real=0.02 secs] 
2011-03-01T01:35:57.091+0000: 2058.482: [GC 2058.483: [ParNew: 348553K->5465K(368640K), 0.0184910 secs] 1480149K->1141993K(12541952K), 0.0188210 secs] [Times: user=0.14 sys=0.00, real=0.02 secs] 
2011-03-01T01:35:57.566+0000: 2058.957: [GC 2058.957: [ParNew: 333145K->4913K(368640K), 0.0167190 secs] 1469673K->1141819K(12541952K), 0.0170460 secs] [Times: user=0.08 sys=0.00, real=0.01 secs] 
2011-03-01T01:35:58.097+0000: 2059.488: [GC 2059.488: [ParNew: 332593K->14005K(368640K), 0.0180200 secs] 1469499K->1151517K(12541952K), 0.0183530 secs] [Times: user=0.13 sys=0.00, real=0.02 secs] 
2011-03-01T01:35:58.461+0000: 2059.852: [GC 2059.852: [ParNew: 341685K->25043K(368640K), 0.0186200 secs] 1479197K->1163283K(12541952K), 0.0189480 secs] [Times: user=0.16 sys=0.00, real=0.02 secs] 
2011-03-01T01:35:58.947+0000: 2060.338: [GC 2060.338: [ParNew: 352676K->6706K(368640K), 0.0175260 secs] 1490917K->1147995K(12541952K), 0.0178360 secs] [Times: user=0.13 sys=0.00, real=0.02 secs] 
2011-03-01T01:36:00.117+0000: 2061.508: [GC 2061.508: [ParNew: 334386K->21692K(368640K), 0.0197330 secs] 1475675K->1162980K(12541952K), 0.0200410 secs] [Times: user=0.16 sys=0.00, real=0.02 secs] 
2011-03-01T01:36:01.623+0000: 2063.014: [GC 2063.014: [ParNew: 349372K->18021K(368640K), 0.0211780 secs] 1490660K->1161894K(12541952K), 0.0215000 secs] [Times: user=0.14 sys=0.00, real=0.02 secs] 
2011-03-01T01:36:04.302+0000: 2065.693: [GC 2065.693: [ParNew: 345701K->40960K(368640K), 0.0282410 secs] 1489574K->1188197K(12541952K), 0.0285680 secs] [Times: user=0.22 sys=0.00, real=0.03 secs] 
2011-03-01T01:36:09.067+0000: 2070.458: [GC 2070.458: [ParNew: 368640K->40960K(368640K), 0.0292970 secs] 1515877K->1196538K(12541952K), 0.0296270 secs] [Times: user=0.22 sys=0.00, real=0.03 secs] 
2011-03-01T01:36:13.385+0000: 2074.776: [GC 2074.776: [ParNew: 367531K->28731K(368640K), 0.0293260 secs] 1523110K->1199666K(12541952K), 0.0308260 secs] [Times: user=0.21 sys=0.00, real=0.03 secs] 
2011-03-01T01:36:17.781+0000: 2079.172: [GC 2079.172: [ParNew: 356411K->22720K(368640K), 0.0299090 secs] 1527346K->1203703K(12541952K), 0.0302200 secs] [Times: user=0.24 sys=0.00, real=0.03 secs] 
2011-03-01T01:36:20.904+0000: 2082.296: [GC 2082.296: [ParNew: 350400K->27165K(368640K), 0.0287130 secs] 1531383K->1214048K(12541952K), 0.0290390 secs] [Times: user=0.19 sys=0.00, real=0.03 secs] 
2011-03-01T01:36:23.680+0000: 2085.071: [GC 2085.071: [ParNew: 354845K->28802K(368640K), 0.0289610 secs] 1541728K->1225989K(12541952K), 0.0292720 secs] [Times: user=0.24 sys=0.00, real=0.03 secs] 
2011-03-01T01:36:26.319+0000: 2087.710: [GC 2087.710: [ParNew: 356482K->25830K(368640K), 0.0281910 secs] 1553669K->1234924K(12541952K), 0.0285070 secs] [Times: user=0.24 sys=0.00, real=0.03 secs] 
2011-03-01T01:36:28.969+0000: 2090.360: [GC 2090.360: [ParNew: 353510K->23186K(368640K), 0.0278840 secs] 1562604K->1242399K(12541952K), 0.0282140 secs] [Times: user=0.23 sys=0.00, real=0.03 secs] 
2011-03-01T01:36:31.639+0000: 2093.031: [GC 2093.031: [ParNew: 350866K->39028K(368640K), 0.0287420 secs] 1570079K->1268518K(12541952K), 0.0290580 secs] [Times: user=0.23 sys=0.01, real=0.03 secs] 
2011-03-01T01:36:34.172+0000: 2095.563: [GC 2095.564: [ParNew: 366708K->19822K(368640K), 0.0277940 secs] 1596198K->1259532K(12541952K), 0.0281330 secs] [Times: user=0.21 sys=0.00, real=0.02 secs] 
2011-03-01T01:36:35.370+0000: 2096.761: [GC 2096.761: [ParNew: 310270K->40960K(368640K), 0.0455010 secs] 1549980K->1366817K(12541952K), 0.0458230 secs] [Times: user=0.39 sys=0.00, real=0.05 secs] 
2011-03-01T01:36:35.718+0000: 2097.110: [GC 2097.110: [ParNew: 368640K->13914K(368640K), 0.0488010 secs] 1694497K->1426865K(12541952K), 0.0597620 secs] [Times: user=0.38 sys=0.00, real=0.06 secs] 
2011-03-01T01:36:36.120+0000: 2097.511: [GC 2097.512: [ParNew: 341594K->40482K(368640K), 0.0365050 secs] 1754545K->1453432K(12541952K), 0.0368410 secs] [Times: user=0.30 sys=0.00, real=0.04 secs] 
2011-03-01T01:36:36.455+0000: 2097.846: [GC 2097.846: [ParNew: 368162K->24426K(368640K), 0.0564340 secs] 1781112K->1459888K(12541952K), 0.0567660 secs] [Times: user=0.36 sys=0.00, real=0.05 secs] 
2011-03-01T01:36:36.893+0000: 2098.284: [GC 2098.284: [ParNew: 352106K->19504K(368640K), 0.0491290 secs] 1787568K->1472147K(12541952K), 0.0494400 secs] [Times: user=0.35 sys=0.00, real=0.05 secs] 
2011-03-01T01:36:37.335+0000: 2098.726: [GC 2098.727: [ParNew: 347184K->17210K(368640K), 0.0451550 secs] 1799827K->1481505K(12541952K), 0.0454750 secs] [Times: user=0.31 sys=0.00, real=0.04 secs] 
2011-03-01T01:36:37.692+0000: 2099.083: [GC 2099.083: [ParNew: 344890K->40960K(368640K), 0.0456040 secs] 1809185K->1513631K(12541952K), 0.0459170 secs] [Times: user=0.34 sys=0.00, real=0.05 secs] 
2011-03-01T01:36:38.009+0000: 2099.400: [GC 2099.400: [ParNew: 368640K->36849K(368640K), 0.0459400 secs] 1841311K->1527982K(12541952K), 0.0462470 secs] [Times: user=0.33 sys=0.00, real=0.05 secs] 
2011-03-01T01:36:38.401+0000: 2099.792: [GC 2099.792: [ParNew: 364529K->23013K(368640K), 0.0474360 secs] 1855662K->1531334K(12541952K), 0.0477510 secs] [Times: user=0.36 sys=0.01, real=0.05 secs] 
2011-03-01T01:36:38.835+0000: 2100.226: [GC 2100.226: [ParNew: 350693K->40960K(368640K), 0.0456100 secs] 1859014K->1557451K(12541952K), 0.0459270 secs] [Times: user=0.33 sys=0.00, real=0.04 secs] 
2011-03-01T01:36:40.368+0000: 2101.759: [GC 2101.759: [ParNew: 368640K->39614K(368640K), 0.0631240 secs] 1885131K->1564815K(12541952K), 0.0634480 secs] [Times: user=0.41 sys=0.02, real=0.06 secs] 
2011-03-01T01:36:42.901+0000: 2104.292: [GC 2104.292: [ParNew: 367294K->30384K(368640K), 0.0629580 secs] 1892495K->1578682K(12541952K), 0.0632760 secs] [Times: user=0.49 sys=0.00, real=0.07 secs] 
2011-03-01T01:36:45.284+0000: 2106.675: [GC 2106.676: [ParNew: 358064K->31292K(368640K), 0.0518580 secs] 1906362K->1601905K(12541952K), 0.0521700 secs] [Times: user=0.34 sys=0.01, real=0.05 secs] 
2011-03-01T01:36:48.080+0000: 2109.472: [GC 2109.472: [ParNew: 358972K->31817K(368640K), 0.0540100 secs] 1929585K->1624297K(12541952K), 0.0543290 secs] [Times: user=0.38 sys=0.00, real=0.06 secs] 
2011-03-01T01:36:50.728+0000: 2112.119: [GC 2112.119: [ParNew: 359497K->32116K(368640K), 0.0521930 secs] 1951977K->1645954K(12541952K), 0.0525080 secs] [Times: user=0.39 sys=0.00, real=0.05 secs] 
2011-03-01T01:36:54.214+0000: 2115.606: [GC 2115.606: [ParNew: 359796K->30846K(368640K), 0.0496500 secs] 1973634K->1666927K(12541952K), 0.0499720 secs] [Times: user=0.34 sys=0.00, real=0.05 secs] 
2011-03-01T01:36:54.925+0000: 2116.316: [GC 2116.316: [ParNew: 358473K->24654K(368640K), 0.0395440 secs] 1994554K->1678014K(12541952K), 0.0398770 secs] [Times: user=0.25 sys=0.00, real=0.04 secs] 
2011-03-01T01:36:55.543+0000: 2116.934: [GC 2116.934: [ParNew: 352312K->8457K(368640K), 0.0202250 secs] 2005672K->1668280K(12541952K), 0.0205490 secs] [Times: user=0.12 sys=0.00, real=0.03 secs] 
2011-03-01T01:36:56.149+0000: 2117.541: [GC 2117.541: [ParNew: 336081K->5237K(368640K), 0.0167990 secs] 1995904K->1665060K(12541952K), 0.0171060 secs] [Times: user=0.15 sys=0.01, real=0.02 secs] 
2011-03-01T01:36:56.567+0000: 2117.958: [GC 2117.958: [ParNew: 332898K->9468K(368640K), 0.0187730 secs] 1992721K->1669290K(12541952K), 0.0190850 secs] [Times: user=0.15 sys=0.00, real=0.02 secs] 
2011-03-01T01:36:57.006+0000: 2118.397: [GC 2118.397: [ParNew: 337106K->11529K(368640K), 0.0215620 secs] 1996928K->1671352K(12541952K), 0.0218810 secs] [Times: user=0.16 sys=0.00, real=0.02 secs] 
2011-03-01T01:36:57.410+0000: 2118.801: [GC 2118.801: [ParNew: 339159K->24513K(368640K), 0.0244530 secs] 1998981K->1686008K(12541952K), 0.0247740 secs] [Times: user=0.22 sys=0.00, real=0.03 secs] 
2011-03-01T01:36:57.883+0000: 2119.275: [GC 2119.275: [ParNew: 352193K->28687K(368640K), 0.0253250 secs] 2013688K->1693812K(12541952K), 0.0256550 secs] [Times: user=0.18 sys=0.00, real=0.02 secs] 
2011-03-01T01:36:58.303+0000: 2119.694: [GC 2119.694: [ParNew: 356367K->9163K(368640K), 0.0222990 secs] 2021492K->1679311K(12541952K), 0.0226280 secs] [Times: user=0.17 sys=0.00, real=0.03 secs] 
2011-03-01T01:36:58.758+0000: 2120.149: [GC 2120.150: [ParNew: 336822K->4895K(368640K), 0.0181030 secs] 2006970K->1675042K(12541952K), 0.0185280 secs] [Times: user=0.15 sys=0.00, real=0.02 secs] 
2011-03-01T01:36:59.377+0000: 2120.769: [GC 2120.769: [ParNew: 332575K->8649K(368640K), 0.0201920 secs] 2002722K->1678797K(12541952K), 0.0216660 secs] [Times: user=0.16 sys=0.00, real=0.02 secs] 
2011-03-01T01:37:01.066+0000: 2122.457: [GC 2122.457: [ParNew: 336329K->40960K(368640K), 0.0398960 secs] 2006477K->1720499K(12541952K), 0.0402330 secs] [Times: user=0.28 sys=0.01, real=0.04 secs] 
2011-03-01T01:37:05.331+0000: 2126.722: [GC 2126.722: [ParNew: 368640K->37343K(368640K), 0.0442530 secs] 2048179K->1733188K(12541952K), 0.0445700 secs] [Times: user=0.34 sys=0.00, real=0.05 secs] 
2011-03-01T01:37:09.720+0000: 2131.111: [GC 2131.112: [ParNew: 365023K->40960K(368640K), 0.0531280 secs] 2060868K->1758468K(12541952K), 0.0534710 secs] [Times: user=0.41 sys=0.00, real=0.05 secs] 
2011-03-01T01:37:13.866+0000: 2135.257: [GC 2135.257: [ParNew: 368640K->31945K(368640K), 0.0470870 secs] 2086148K->1764923K(12541952K), 0.0474060 secs] [Times: user=0.33 sys=0.00, real=0.05 secs] 
2011-03-01T01:37:17.759+0000: 2139.150: [GC 2139.150: [ParNew: 359625K->40960K(368640K), 0.0480730 secs] 2092603K->1791643K(12541952K), 0.0483900 secs] [Times: user=0.36 sys=0.00, real=0.05 secs] 
2011-03-01T01:37:19.676+0000: 2141.067: [GC 2141.067: [ParNew: 368640K->40960K(368640K), 0.0585110 secs] 2119323K->1881009K(12541952K), 0.0588260 secs] [Times: user=0.41 sys=0.00, real=0.06 secs] 
2011-03-01T01:37:20.613+0000: 2142.004: [GC 2142.005: [ParNew: 368640K->11846K(368640K), 0.0409940 secs] 2208689K->1872264K(12541952K), 0.0413070 secs] [Times: user=0.28 sys=0.00, real=0.04 secs] 
2011-03-01T01:37:21.442+0000: 2142.834: [GC 2142.834: [ParNew: 339526K->14029K(368640K), 0.0281490 secs] 2199944K->1874448K(12541952K), 0.0284710 secs] [Times: user=0.22 sys=0.00, real=0.03 secs] 
2011-03-01T01:37:22.232+0000: 2143.623: [GC 2143.623: [ParNew: 341709K->22437K(368640K), 0.0342970 secs] 2202128K->1882855K(12541952K), 0.0346110 secs] [Times: user=0.31 sys=0.00, real=0.04 secs] 
2011-03-01T01:37:23.010+0000: 2144.401: [GC 2144.401: [ParNew: 350117K->30810K(368640K), 0.0383620 secs] 2210535K->1891228K(12541952K), 0.0386750 secs] [Times: user=0.32 sys=0.00, real=0.04 secs] 
2011-03-01T01:37:24.824+0000: 2146.215: [GC 2146.215: [ParNew: 358490K->40960K(368640K), 0.0548240 secs] 2218908K->1908645K(12541952K), 0.0551410 secs] [Times: user=0.43 sys=0.00, real=0.05 secs] 
2011-03-01T01:37:27.519+0000: 2148.910: [GC 2148.910: [ParNew: 368640K->40960K(368640K), 0.0880950 secs] 2236325K->1946995K(12541952K), 0.0900480 secs] [Times: user=0.64 sys=0.00, real=0.09 secs] 
2011-03-01T01:37:29.999+0000: 2151.390: [GC 2151.391: [ParNew: 368640K->40960K(368640K), 0.0629770 secs] 2274675K->1973629K(12541952K), 0.0633770 secs] [Times: user=0.48 sys=0.00, real=0.07 secs] 
2011-03-01T01:37:32.615+0000: 2154.006: [GC 2154.006: [ParNew: 368640K->27782K(368640K), 0.0630680 secs] 2301309K->1989819K(12541952K), 0.0675320 secs] [Times: user=0.49 sys=0.00, real=0.07 secs] 
2011-03-01T01:37:35.238+0000: 2156.630: [GC 2156.630: [ParNew: 355462K->40960K(368640K), 0.0626710 secs] 2317499K->2024632K(12541952K), 0.0629870 secs] [Times: user=0.47 sys=0.00, real=0.06 secs] 
2011-03-01T01:37:36.067+0000: 2157.458: [GC 2157.459: [ParNew: 368640K->36464K(368640K), 0.0628880 secs] 2352312K->2047697K(12541952K), 0.0632090 secs] [Times: user=0.40 sys=0.00, real=0.06 secs] 
2011-03-01T01:37:36.784+0000: 2158.175: [GC 2158.175: [ParNew: 364144K->36596K(368640K), 0.0533190 secs] 2375377K->2072420K(12541952K), 0.0536500 secs] [Times: user=0.36 sys=0.00, real=0.05 secs] 
2011-03-01T01:37:37.563+0000: 2158.954: [GC 2158.954: [ParNew: 364276K->32853K(368640K), 0.0504780 secs] 2400100K->2090087K(12541952K), 0.0508110 secs] [Times: user=0.35 sys=0.00, real=0.05 secs] 
2011-03-01T01:37:38.379+0000: 2159.771: [GC 2159.771: [ParNew: 360533K->31458K(368640K), 0.0517940 secs] 2417767K->2110384K(12541952K), 0.0521320 secs] [Times: user=0.39 sys=0.01, real=0.05 secs] 
2011-03-01T01:37:39.777+0000: 2161.168: [GC 2161.168: [ParNew: 359138K->36649K(368640K), 0.0455870 secs] 2438064K->2135511K(12541952K), 0.0459220 secs] [Times: user=0.32 sys=0.00, real=0.05 secs] 
2011-03-01T01:37:42.557+0000: 2163.948: [GC 2163.948: [ParNew: 364329K->25680K(368640K), 0.0463410 secs] 2463191K->2144793K(12541952K), 0.0466680 secs] [Times: user=0.32 sys=0.00, real=0.05 secs] 
2011-03-01T01:37:45.134+0000: 2166.525: [GC 2166.525: [ParNew: 353360K->24783K(368640K), 0.0384310 secs] 2472473K->2157525K(12541952K), 0.0387620 secs] [Times: user=0.27 sys=0.01, real=0.04 secs] 
2011-03-01T01:37:47.712+0000: 2169.103: [GC 2169.103: [ParNew: 352463K->25405K(368640K), 0.0410670 secs] 2485205K->2171405K(12541952K), 0.0413930 secs] [Times: user=0.30 sys=0.00, real=0.05 secs] 
2011-03-01T01:37:50.370+0000: 2171.762: [GC 2171.762: [ParNew: 353085K->40960K(368640K), 0.0425340 secs] 2499085K->2203949K(12541952K), 0.0428580 secs] [Times: user=0.32 sys=0.00, real=0.05 secs] 
2011-03-01T01:37:53.692+0000: 2175.083: [GC 2175.083: [ParNew: 368640K->26217K(368640K), 0.0417250 secs] 2531629K->2205352K(12541952K), 0.0420470 secs] [Times: user=0.32 sys=0.00, real=0.05 secs] 
2011-03-01T01:37:54.943+0000: 2176.335: [GC 2176.335: [ParNew: 353897K->20968K(368640K), 0.0337840 secs] 2533032K->2213335K(12541952K), 0.0341490 secs] [Times: user=0.23 sys=0.01, real=0.03 secs] 
2011-03-01T01:37:58.098+0000: 2179.489: [GC 2179.490: [ParNew: 348615K->35076K(368640K), 0.0267830 secs] 2540982K->2227442K(12541952K), 0.0271180 secs] [Times: user=0.21 sys=0.00, real=0.03 secs] 
2011-03-01T01:38:00.355+0000: 2181.746: [GC 2181.747: [ParNew: 362756K->40960K(368640K), 0.0350200 secs] 2555122K->2242398K(12541952K), 0.0353450 secs] [Times: user=0.24 sys=0.00, real=0.03 secs] 
2011-03-01T01:38:00.949+0000: 2182.340: [GC 2182.340: [ParNew: 368640K->9558K(368640K), 0.0316540 secs] 2570078K->2228787K(12541952K), 0.0319930 secs] [Times: user=0.24 sys=0.00, real=0.03 secs] 
2011-03-01T01:38:01.402+0000: 2182.793: [GC 2182.794: [ParNew: 337238K->5406K(368640K), 0.0339670 secs] 2556467K->2224635K(12541952K), 0.0343280 secs] [Times: user=0.28 sys=0.01, real=0.04 secs] 
2011-03-01T01:38:01.759+0000: 2183.150: [GC 2183.150: [ParNew: 333086K->7626K(368640K), 0.0198820 secs] 2552315K->2226856K(12541952K), 0.0202180 secs] [Times: user=0.16 sys=0.00, real=0.02 secs] 
2011-03-01T01:38:02.206+0000: 2183.597: [GC 2183.597: [ParNew: 335306K->7965K(368640K), 0.0194350 secs] 2554536K->2227194K(12541952K), 0.0197680 secs] [Times: user=0.13 sys=0.00, real=0.02 secs] 
2011-03-01T01:38:02.602+0000: 2183.993: [GC 2183.993: [ParNew: 335645K->9465K(368640K), 0.0232950 secs] 2554874K->2231302K(12541952K), 0.0236300 secs] [Times: user=0.19 sys=0.00, real=0.03 secs] 
2011-03-01T01:38:03.039+0000: 2184.430: [GC 2184.430: [ParNew: 337103K->9057K(368640K), 0.0213100 secs] 2558940K->2232125K(12541952K), 0.0216490 secs] [Times: user=0.16 sys=0.00, real=0.02 secs] 
2011-03-01T01:38:03.470+0000: 2184.861: [GC 2184.861: [ParNew: 336707K->26583K(368640K), 0.0222960 secs] 2559776K->2250875K(12541952K), 0.0226270 secs] [Times: user=0.16 sys=0.00, real=0.03 secs] 
2011-03-01T01:38:03.915+0000: 2185.306: [GC 2185.307: [ParNew: 354250K->4271K(368640K), 0.0220840 secs] 2578542K->2238423K(12541952K), 0.0224250 secs] [Times: user=0.16 sys=0.00, real=0.02 secs] 
2011-03-01T01:38:04.330+0000: 2185.722: [GC 2185.722: [ParNew: 331951K->4166K(368640K), 0.0165970 secs] 2566103K->2238318K(12541952K), 0.0169140 secs] [Times: user=0.16 sys=0.00, real=0.02 secs] 
2011-03-01T01:38:06.042+0000: 2187.433: [GC 2187.433: [ParNew: 331846K->12563K(368640K), 0.0211290 secs] 2565998K->2246714K(12541952K), 0.0214820 secs] [Times: user=0.17 sys=0.00, real=0.03 secs] 
2011-03-01T01:38:10.311+0000: 2191.702: [GC 2191.703: [ParNew: 340243K->40960K(368640K), 0.0390470 secs] 2574394K->2286534K(12541952K), 0.0393720 secs] [Times: user=0.31 sys=0.00, real=0.04 secs] 
2011-03-01T01:38:14.709+0000: 2196.101: [GC 2196.101: [ParNew: 368640K->23016K(368640K), 0.0360040 secs] 2614214K->2278645K(12541952K), 0.0363340 secs] [Times: user=0.28 sys=0.00, real=0.04 secs] 
2011-03-01T01:38:17.305+0000: 2198.696: [GC 2198.696: [ParNew: 350696K->22051K(368640K), 0.0344980 secs] 2606325K->2289966K(12541952K), 0.0348210 secs] [Times: user=0.24 sys=0.01, real=0.03 secs] 
2011-03-01T01:38:20.233+0000: 2201.624: [GC 2201.624: [ParNew: 349731K->40960K(368640K), 0.0308580 secs] 2617646K->2314821K(12541952K), 0.0311800 secs] [Times: user=0.22 sys=0.00, real=0.03 secs] 
2011-03-01T01:38:23.561+0000: 2204.952: [GC 2204.952: [ParNew: 366717K->29761K(368640K), 0.0345880 secs] 2640578K->2321734K(12541952K), 0.0349130 secs] [Times: user=0.27 sys=0.00, real=0.04 secs] 
2011-03-01T01:38:25.955+0000: 2207.347: [GC 2207.347: [ParNew: 357441K->17907K(368640K), 0.0302190 secs] 2649414K->2318215K(12541952K), 0.0305480 secs] [Times: user=0.21 sys=0.00, real=0.03 secs] 
2011-03-01T01:38:29.010+0000: 2210.401: [GC 2210.401: [ParNew: 345587K->40960K(368640K), 0.0308380 secs] 2645895K->2343963K(12541952K), 0.0311610 secs] [Times: user=0.24 sys=0.00, real=0.03 secs] 
2011-03-01T01:38:31.454+0000: 2212.846: [GC 2212.846: [ParNew: 368640K->40960K(368640K), 0.0325940 secs] 2671643K->2356446K(12541952K), 0.0344560 secs] [Times: user=0.24 sys=0.00, real=0.03 secs] 
2011-03-01T01:38:34.105+0000: 2215.496: [GC 2215.496: [ParNew: 368640K->15028K(368640K), 0.0342600 secs] 2684126K->2348557K(12541952K), 0.0345940 secs] [Times: user=0.24 sys=0.00, real=0.03 secs] 
2011-03-01T01:38:35.573+0000: 2216.964: [GC 2216.964: [ParNew: 342708K->40960K(368640K), 0.0437260 secs] 2676237K->2385516K(12541952K), 0.0440560 secs] [Times: user=0.32 sys=0.00, real=0.04 secs] 
2011-03-01T01:38:35.618+0000: 2217.009: [GC 2217.009: [ParNew: 41102K->14053K(368640K), 0.0259860 secs] 2385658K->2366446K(12541952K), 0.0262340 secs] [Times: user=0.19 sys=0.00, real=0.03 secs] 
2011-03-01T01:38:36.251+0000: 2217.643: [GC 2217.643: [ParNew: 341733K->40960K(368640K), 0.0439010 secs] 2694126K->2404136K(12541952K), 0.0442350 secs] [Times: user=0.32 sys=0.00, real=0.05 secs] 
2011-03-01T01:38:37.075+0000: 2218.466: [GC 2218.467: [ParNew: 368640K->25953K(368640K), 0.0408980 secs] 2731816K->2403411K(12541952K), 0.0412850 secs] [Times: user=0.29 sys=0.00, real=0.04 secs] 
2011-03-01T01:38:37.554+0000: 2218.945: [GC 2218.945: [ParNew: 353633K->40960K(368640K), 0.0509210 secs] 2731091K->2440154K(12541952K), 0.0512810 secs] [Times: user=0.34 sys=0.00, real=0.05 secs] 
2011-03-01T01:38:38.756+0000: 2220.147: [GC 2220.147: [ParNew: 368640K->28596K(368640K), 0.0403610 secs] 2767834K->2440015K(12541952K), 0.0406820 secs] [Times: user=0.26 sys=0.00, real=0.04 secs] 
2011-03-01T01:38:40.842+0000: 2222.233: [GC 2222.233: [ParNew: 356284K->24817K(368640K), 0.0335960 secs] 2767703K->2447869K(12541952K), 0.0339130 secs] [Times: user=0.27 sys=0.00, real=0.04 secs] 
2011-03-01T01:38:40.877+0000: 2222.268: [GC 2222.268: [ParNew: 25150K->5045K(368640K), 0.0239950 secs] 2448202K->2438870K(12541952K), 0.0242450 secs] [Times: user=0.16 sys=0.00, real=0.02 secs] 
2011-03-01T01:38:43.376+0000: 2224.767: [GC 2224.767: [ParNew: 332725K->25538K(368640K), 0.0239680 secs] 2766550K->2459364K(12541952K), 0.0242790 secs] [Times: user=0.16 sys=0.00, real=0.02 secs] 
2011-03-01T01:38:46.080+0000: 2227.471: [GC 2227.472: [ParNew: 353218K->21454K(368640K), 0.0306120 secs] 2787044K->2465576K(12541952K), 0.0309240 secs] [Times: user=0.24 sys=0.00, real=0.03 secs] 
2011-03-01T01:38:48.997+0000: 2230.388: [GC 2230.388: [ParNew: 349134K->40960K(368640K), 0.0310880 secs] 2793256K->2489813K(12541952K), 0.0314000 secs] [Times: user=0.24 sys=0.00, real=0.03 secs] 
2011-03-01T01:38:51.612+0000: 2233.003: [GC 2233.003: [ParNew: 368640K->33065K(368640K), 0.0322210 secs] 2817493K->2495827K(12541952K), 0.0325340 secs] [Times: user=0.22 sys=0.00, real=0.04 secs] 
2011-03-01T01:38:54.731+0000: 2236.122: [GC 2236.122: [ParNew: 360745K->13083K(368640K), 0.0284820 secs] 2823507K->2488204K(12541952K), 0.0288000 secs] [Times: user=0.24 sys=0.00, real=0.03 secs] 
2011-03-01T01:38:55.757+0000: 2237.148: [GC 2237.148: [ParNew: 340751K->37886K(368640K), 0.0236080 secs] 2815872K->2513007K(12541952K), 0.0239270 secs] [Times: user=0.16 sys=0.00, real=0.02 secs] 
2011-03-01T01:38:56.305+0000: 2237.696: [GC 2237.696: [ParNew: 365566K->15130K(368640K), 0.0237010 secs] 2840687K->2495906K(12541952K), 0.0240670 secs] [Times: user=0.17 sys=0.00, real=0.02 secs] 
2011-03-01T01:38:56.736+0000: 2238.127: [GC 2238.127: [ParNew: 342801K->24881K(368640K), 0.0184470 secs] 2823577K->2505657K(12541952K), 0.0187680 secs] [Times: user=0.14 sys=0.00, real=0.02 secs] 
2011-03-01T01:38:57.083+0000: 2238.474: [GC 2238.474: [ParNew: 352549K->2860K(368640K), 0.0189540 secs] 2833325K->2488727K(12541952K), 0.0192860 secs] [Times: user=0.12 sys=0.00, real=0.01 secs] 
2011-03-01T01:38:57.550+0000: 2238.941: [GC 2238.941: [ParNew: 330490K->3668K(368640K), 0.0175540 secs] 2816357K->2489536K(12541952K), 0.0178630 secs] [Times: user=0.15 sys=0.00, real=0.02 secs] 
2011-03-01T01:38:57.983+0000: 2239.374: [GC 2239.374: [ParNew: 331314K->4421K(368640K), 0.0189360 secs] 2817181K->2490722K(12541952K), 0.0192780 secs] [Times: user=0.13 sys=0.00, real=0.01 secs] 
2011-03-01T01:38:58.348+0000: 2239.739: [GC 2239.740: [ParNew: 332061K->4697K(368640K), 0.0196840 secs] 2818361K->2491541K(12541952K), 0.0200280 secs] [Times: user=0.16 sys=0.00, real=0.02 secs] 
2011-03-01T01:38:58.761+0000: 2240.152: [GC 2240.152: [ParNew: 332363K->4009K(368640K), 0.0189700 secs] 2819208K->2490952K(12541952K), 0.0193000 secs] [Times: user=0.16 sys=0.00, real=0.02 secs] 
2011-03-01T01:38:59.176+0000: 2240.567: [GC 2240.567: [ParNew: 331644K->4986K(368640K), 0.0196310 secs] 2818587K->2492599K(12541952K), 0.0200700 secs] [Times: user=0.15 sys=0.01, real=0.02 secs] 
2011-03-01T01:38:59.624+0000: 2241.015: [GC 2241.015: [ParNew: 332660K->11984K(368640K), 0.0193180 secs] 2820273K->2499917K(12541952K), 0.0259210 secs] [Times: user=0.16 sys=0.00, real=0.02 secs] 
2011-03-01T01:39:00.400+0000: 2241.791: [GC 2241.791: [ParNew: 339664K->29019K(368640K), 0.0216420 secs] 2827597K->2517597K(12541952K), 0.0219610 secs] [Times: user=0.16 sys=0.00, real=0.02 secs] 
2011-03-01T01:39:04.159+0000: 2245.551: [GC 2245.551: [ParNew: 356699K->40960K(368640K), 0.0291900 secs] 2845277K->2532995K(12541952K), 0.0295430 secs] [Times: user=0.24 sys=0.00, real=0.03 secs] 
2011-03-01T01:39:08.308+0000: 2249.700: [GC 2249.700: [ParNew: 368640K->7235K(368640K), 0.0318120 secs] 2860675K->2515093K(12541952K), 0.0321360 secs] [Times: user=0.24 sys=0.00, real=0.03 secs] 
2011-03-01T01:39:12.637+0000: 2254.028: [GC 2254.028: [ParNew: 334915K->38113K(368640K), 0.0270180 secs] 2842773K->2545970K(12541952K), 0.0273540 secs] [Times: user=0.20 sys=0.00, real=0.03 secs] 
2011-03-01T01:39:16.586+0000: 2257.978: [GC 2257.978: [ParNew: 365793K->25483K(368640K), 0.0355170 secs] 2873650K->2548910K(12541952K), 0.0358480 secs] [Times: user=0.24 sys=0.00, real=0.04 secs] 
2011-03-01T01:39:20.135+0000: 2261.526: [GC 2261.526: [ParNew: 353163K->33185K(368640K), 0.0313540 secs] 2876590K->2566287K(12541952K), 0.0316670 secs] [Times: user=0.23 sys=0.00, real=0.03 secs] 
2011-03-01T01:39:23.428+0000: 2264.819: [GC 2264.819: [ParNew: 360865K->17542K(368640K), 0.0300120 secs] 2893967K->2562845K(12541952K), 0.0303220 secs] [Times: user=0.24 sys=0.00, real=0.03 secs] 
2011-03-01T01:39:26.285+0000: 2267.676: [GC 2267.676: [ParNew: 345222K->40960K(368640K), 0.0290400 secs] 2890525K->2586881K(12541952K), 0.0293500 secs] [Times: user=0.20 sys=0.00, real=0.03 secs] 
2011-03-01T01:39:28.857+0000: 2270.248: [GC 2270.248: [ParNew: 368640K->29548K(368640K), 0.0379320 secs] 2914561K->2593096K(12541952K), 0.0382460 secs] [Times: user=0.24 sys=0.00, real=0.04 secs] 
2011-03-01T01:39:31.430+0000: 2272.821: [GC 2272.821: [ParNew: 356133K->29662K(368640K), 0.0320840 secs] 2919681K->2603454K(12541952K), 0.0324120 secs] [Times: user=0.23 sys=0.00, real=0.03 secs] 
2011-03-01T01:39:33.961+0000: 2275.353: [GC 2275.353: [ParNew: 357342K->40960K(368640K), 0.0337090 secs] 2931134K->2625005K(12541952K), 0.0340480 secs] [Times: user=0.28 sys=0.00, real=0.04 secs] 
2011-03-01T01:39:36.576+0000: 2277.968: [GC 2277.968: [ParNew: 368640K->28232K(368640K), 0.0299170 secs] 2952685K->2620427K(12541952K), 0.0302500 secs] [Times: user=0.23 sys=0.00, real=0.03 secs] 
2011-03-01T01:39:38.177+0000: 2279.568: [GC 2279.569: [ParNew: 355912K->36215K(368640K), 0.0383460 secs] 2948107K->2638705K(12541952K), 0.0386760 secs] [Times: user=0.29 sys=0.01, real=0.04 secs] 
2011-03-01T01:39:38.825+0000: 2280.216: [GC 2280.216: [ParNew: 363895K->37785K(368640K), 0.0446700 secs] 2966385K->2656642K(12541952K), 0.0450270 secs] [Times: user=0.30 sys=0.03, real=0.04 secs] 
2011-03-01T01:39:39.678+0000: 2281.070: [GC 2281.070: [ParNew: 365465K->39020K(368640K), 0.0462580 secs] 2984322K->2671843K(12541952K), 0.0465790 secs] [Times: user=0.31 sys=0.00, real=0.05 secs] 
2011-03-01T01:39:39.901+0000: 2281.292: [GC 2281.292: [ParNew: 366700K->40960K(368640K), 0.0641380 secs] 2999523K->2818998K(12541952K), 0.0644430 secs] [Times: user=0.50 sys=0.00, real=0.07 secs] 
2011-03-01T01:39:40.245+0000: 2281.636: [GC 2281.636: [ParNew: 368640K->17577K(368640K), 0.0374870 secs] 3146678K->2829732K(12541952K), 0.0377990 secs] [Times: user=0.26 sys=0.00, real=0.04 secs] 
2011-03-01T01:39:40.646+0000: 2282.037: [GC 2282.037: [ParNew: 345257K->40960K(368640K), 0.0418240 secs] 3157412K->2857778K(12541952K), 0.0421350 secs] [Times: user=0.32 sys=0.00, real=0.04 secs] 
2011-03-01T01:39:41.081+0000: 2282.472: [GC 2282.472: [ParNew: 368640K->33670K(368640K), 0.0462350 secs] 3185458K->2862865K(12541952K), 0.0465510 secs] [Times: user=0.33 sys=0.02, real=0.05 secs] 
2011-03-01T01:39:41.578+0000: 2282.969: [GC 2282.969: [ParNew: 361042K->25152K(368640K), 0.0463210 secs] 3190238K->2866518K(12541952K), 0.0466370 secs] [Times: user=0.33 sys=0.00, real=0.05 secs] 
2011-03-01T01:39:42.099+0000: 2283.490: [GC 2283.490: [ParNew: 352832K->26343K(368640K), 0.0472460 secs] 3194198K->2877214K(12541952K), 0.0475670 secs] [Times: user=0.34 sys=0.00, real=0.05 secs] 
2011-03-01T01:39:42.604+0000: 2283.996: [GC 2283.996: [ParNew: 354023K->21052K(368640K), 0.0460420 secs] 3204894K->2883064K(12541952K), 0.0463580 secs] [Times: user=0.33 sys=0.00, real=0.04 secs] 
2011-03-01T01:39:43.170+0000: 2284.561: [GC 2284.561: [ParNew: 348732K->38504K(368640K), 0.0400470 secs] 3210744K->2900516K(12541952K), 0.0403630 secs] [Times: user=0.32 sys=0.00, real=0.04 secs] 
2011-03-01T01:39:44.771+0000: 2286.162: [GC 2286.163: [ParNew: 301537K->40960K(368640K), 0.0534420 secs] 3163549K->2924686K(12541952K), 0.0537580 secs] [Times: user=0.41 sys=0.00, real=0.06 secs] 
2011-03-01T01:39:45.355+0000: 2286.746: [GC 2286.746: [ParNew: 368640K->39005K(368640K), 0.0768650 secs] 3252366K->3082075K(12541952K), 0.0771820 secs] [Times: user=0.57 sys=0.00, real=0.07 secs] 
2011-03-01T01:39:46.351+0000: 2287.742: [GC 2287.742: [ParNew: 366685K->9429K(368640K), 0.0264670 secs] 3409755K->3070215K(12541952K), 0.0267780 secs] [Times: user=0.24 sys=0.00, real=0.03 secs] 
2011-03-01T01:39:47.305+0000: 2288.696: [GC 2288.696: [ParNew: 336970K->16339K(368640K), 0.0262840 secs] 3397756K->3077125K(12541952K), 0.0265880 secs] [Times: user=0.17 sys=0.00, real=0.02 secs] 
2011-03-01T01:39:48.240+0000: 2289.631: [GC 2289.631: [ParNew: 344019K->40960K(368640K), 0.0343390 secs] 3404805K->3104018K(12541952K), 0.0346500 secs] [Times: user=0.24 sys=0.00, real=0.04 secs] 
2011-03-01T01:39:49.142+0000: 2290.533: [GC 2290.533: [ParNew: 368640K->15005K(368640K), 0.0419840 secs] 3431698K->3100300K(12541952K), 0.0423010 secs] [Times: user=0.34 sys=0.00, real=0.04 secs] 
2011-03-01T01:39:50.004+0000: 2291.396: [GC 2291.396: [ParNew: 342685K->25677K(368640K), 0.0276760 secs] 3427980K->3110972K(12541952K), 0.0279890 secs] [Times: user=0.16 sys=0.01, real=0.03 secs] 
2011-03-01T01:39:51.017+0000: 2292.408: [GC 2292.408: [ParNew: 353357K->40960K(368640K), 0.0363190 secs] 3438652K->3131556K(12541952K), 0.0366600 secs] [Times: user=0.25 sys=0.00, real=0.04 secs] 
2011-03-01T01:39:51.965+0000: 2293.357: [GC 2293.357: [ParNew: 368640K->12559K(368640K), 0.0414330 secs] 3459236K->3122143K(12541952K), 0.0417630 secs] [Times: user=0.23 sys=0.00, real=0.04 secs] 
2011-03-01T01:39:53.039+0000: 2294.431: [GC 2294.431: [ParNew: 340239K->28554K(368640K), 0.0263170 secs] 3449823K->3138138K(12541952K), 0.0266820 secs] [Times: user=0.24 sys=0.00, real=0.03 secs] 
2011-03-01T01:39:54.139+0000: 2295.530: [GC 2295.530: [ParNew: 356234K->33192K(368640K), 0.0343480 secs] 3465818K->3149383K(12541952K), 0.0346700 secs] [Times: user=0.25 sys=0.00, real=0.04 secs] 
2011-03-01T01:39:54.685+0000: 2296.076: [GC 2296.076: [ParNew: 360872K->13304K(368640K), 0.0270740 secs] 3477063K->3135986K(12541952K), 0.0274080 secs] [Times: user=0.16 sys=0.00, real=0.02 secs] 
2011-03-01T01:39:55.157+0000: 2296.548: [GC 2296.548: [ParNew: 340984K->36154K(368640K), 0.0240960 secs] 3463666K->3158836K(12541952K), 0.0244330 secs] [Times: user=0.16 sys=0.00, real=0.02 secs] 
2011-03-01T01:39:55.501+0000: 2296.892: [GC 2296.893: [ParNew: 363834K->9213K(368640K), 0.0268670 secs] 3486516K->3145055K(12541952K), 0.0271980 secs] [Times: user=0.24 sys=0.00, real=0.03 secs] 
2011-03-01T01:39:55.849+0000: 2297.240: [GC 2297.240: [ParNew: 336893K->10899K(368640K), 0.0275070 secs] 3472735K->3146741K(12541952K), 0.0278430 secs] [Times: user=0.24 sys=0.00, real=0.03 secs] 
2011-03-01T01:39:56.159+0000: 2297.550: [GC 2297.550: [ParNew: 338579K->8510K(368640K), 0.0184830 secs] 3474421K->3144352K(12541952K), 0.0188180 secs] [Times: user=0.15 sys=0.00, real=0.02 secs] 
2011-03-01T01:39:56.436+0000: 2297.827: [GC 2297.827: [ParNew: 336190K->6865K(368640K), 0.0191280 secs] 3472032K->3142707K(12541952K), 0.0194620 secs] [Times: user=0.14 sys=0.00, real=0.02 secs] 
2011-03-01T01:39:56.773+0000: 2298.165: [GC 2298.165: [ParNew: 334545K->7995K(368640K), 0.0216280 secs] 3470387K->3143973K(12541952K), 0.0219580 secs] [Times: user=0.16 sys=0.01, real=0.02 secs] 
2011-03-01T01:39:57.098+0000: 2298.489: [GC 2298.489: [ParNew: 335654K->7287K(368640K), 0.0232970 secs] 3471633K->3145615K(12541952K), 0.0236320 secs] [Times: user=0.16 sys=0.00, real=0.02 secs] 
2011-03-01T01:39:57.406+0000: 2298.797: [GC 2298.797: [ParNew: 334967K->7791K(368640K), 0.0212070 secs] 3473295K->3146280K(12541952K), 0.0215370 secs] [Times: user=0.16 sys=0.00, real=0.02 secs] 
2011-03-01T01:39:57.730+0000: 2299.121: [GC 2299.121: [ParNew: 335471K->8910K(368640K), 0.0230120 secs] 3473960K->3147549K(12541952K), 0.0233720 secs] [Times: user=0.18 sys=0.01, real=0.03 secs] 
2011-03-01T01:39:58.070+0000: 2299.461: [GC 2299.461: [ParNew: 336545K->7546K(368640K), 0.0255920 secs] 3475184K->3149060K(12541952K), 0.0259410 secs] [Times: user=0.21 sys=0.00, real=0.03 secs] 
2011-03-01T01:39:58.404+0000: 2299.796: [GC 2299.796: [ParNew: 335226K->7777K(368640K), 0.0217310 secs] 3476740K->3149440K(12541952K), 0.0220560 secs] [Times: user=0.17 sys=0.00, real=0.02 secs] 
2011-03-01T01:39:59.106+0000: 2300.497: [GC 2300.497: [ParNew: 335457K->7809K(368640K), 0.0249900 secs] 3477120K->3151130K(12541952K), 0.0253010 secs] [Times: user=0.16 sys=0.00, real=0.02 secs] 
2011-03-01T01:40:00.156+0000: 2301.548: [GC 2301.548: [ParNew: 335489K->25512K(368640K), 0.0269850 secs] 3478810K->3169573K(12541952K), 0.0273150 secs] [Times: user=0.18 sys=0.00, real=0.03 secs] 
2011-03-01T01:40:00.910+0000: 2302.301: [GC 2302.301: [ParNew: 353192K->40240K(368640K), 0.0342390 secs] 3497253K->3186767K(12541952K), 0.0345530 secs] [Times: user=0.26 sys=0.00, real=0.04 secs] 
2011-03-01T01:40:01.879+0000: 2303.270: [GC 2303.270: [ParNew: 367920K->23181K(368640K), 0.0371900 secs] 3514447K->3180127K(12541952K), 0.0375060 secs] [Times: user=0.29 sys=0.00, real=0.04 secs] 
2011-03-01T01:40:02.655+0000: 2304.046: [GC 2304.046: [ParNew: 350799K->40960K(368640K), 0.0307980 secs] 3507745K->3198316K(12541952K), 0.0311200 secs] [Times: user=0.24 sys=0.00, real=0.03 secs] 
2011-03-01T01:40:03.476+0000: 2304.867: [GC 2304.868: [ParNew: 368640K->30002K(368640K), 0.0366760 secs] 3525996K->3196511K(12541952K), 0.0369930 secs] [Times: user=0.24 sys=0.00, real=0.04 secs] 
2011-03-01T01:40:04.547+0000: 2305.938: [GC 2305.938: [ParNew: 357682K->28682K(368640K), 0.0332900 secs] 3524191K->3203467K(12541952K), 0.0336050 secs] [Times: user=0.24 sys=0.00, real=0.03 secs] 
2011-03-01T01:40:05.528+0000: 2306.919: [GC 2306.919: [ParNew: 356362K->10161K(368640K), 0.0273570 secs] 3531147K->3191824K(12541952K), 0.0276850 secs] [Times: user=0.22 sys=0.00, real=0.03 secs] 
2011-03-01T01:40:06.672+0000: 2308.063: [GC 2308.133: [ParNew: 337841K->13728K(368640K), 0.0242300 secs] 3519504K->3195391K(12541952K), 0.0246000 secs] [Times: user=0.23 sys=0.00, real=0.10 secs] 
2011-03-01T01:40:08.721+0000: 2310.112: [GC 2310.112: [ParNew: 341408K->32255K(368640K), 0.0300570 secs] 3523071K->3213918K(12541952K), 0.0303840 secs] [Times: user=0.24 sys=0.00, real=0.03 secs] 
2011-03-01T01:40:12.995+0000: 2314.386: [GC 2314.386: [ParNew: 359935K->40960K(368640K), 0.0481910 secs] 3541598K->3233164K(12541952K), 0.0485160 secs] [Times: user=0.34 sys=0.00, real=0.05 secs] 
2011-03-01T01:40:17.167+0000: 2318.558: [GC 2318.558: [ParNew: 368640K->28652K(368640K), 0.0552210 secs] 3560844K->3247942K(12541952K), 0.0555520 secs] [Times: user=0.39 sys=0.01, real=0.06 secs] 
2011-03-01T01:40:20.150+0000: 2321.541: [GC 2321.541: [ParNew: 356332K->28693K(368640K), 0.0502110 secs] 3575622K->3267399K(12541952K), 0.0505450 secs] [Times: user=0.40 sys=0.00, real=0.05 secs] 
2011-03-01T01:40:23.106+0000: 2324.497: [GC 2324.498: [ParNew: 354774K->24141K(368640K), 0.0517330 secs] 3593480K->3284679K(12541952K), 0.0520700 secs] [Times: user=0.37 sys=0.00, real=0.05 secs] 
2011-03-01T01:40:25.952+0000: 2327.344: [GC 2327.344: [ParNew: 351821K->40960K(368640K), 0.0434700 secs] 3612359K->3303801K(12541952K), 0.0438010 secs] [Times: user=0.35 sys=0.00, real=0.04 secs] 
2011-03-01T01:40:28.864+0000: 2330.255: [GC 2330.255: [ParNew: 368640K->40960K(368640K), 0.0649140 secs] 3631481K->3339398K(12541952K), 0.0652420 secs] [Times: user=0.41 sys=0.00, real=0.06 secs] 
2011-03-01T01:40:31.365+0000: 2332.757: [GC 2332.757: [ParNew: 368640K->36684K(368640K), 0.0595370 secs] 3667078K->3357266K(12541952K), 0.0598720 secs] [Times: user=0.39 sys=0.00, real=0.06 secs] 
2011-03-01T01:40:33.492+0000: 2334.883: [GC 2334.884: [ParNew: 301115K->40960K(368640K), 0.0512590 secs] 3621698K->3396111K(12541952K), 0.0516100 secs] [Times: user=0.37 sys=0.00, real=0.06 secs] 
2011-03-01T01:40:34.105+0000: 2335.496: [GC 2335.496: [ParNew: 368640K->14340K(368640K), 0.0641740 secs] 3723791K->3452769K(12541952K), 0.0645080 secs] [Times: user=0.47 sys=0.00, real=0.06 secs] 
2011-03-01T01:40:34.902+0000: 2336.293: [GC 2336.293: [ParNew: 342020K->16589K(368640K), 0.0395430 secs] 3780449K->3455018K(12541952K), 0.0398650 secs] [Times: user=0.29 sys=0.00, real=0.04 secs] 
2011-03-01T01:40:35.398+0000: 2336.789: [GC 2336.789: [ParNew: 344269K->40960K(368640K), 0.0524050 secs] 3782698K->3490789K(12541952K), 0.0527340 secs] [Times: user=0.39 sys=0.00, real=0.05 secs] 
2011-03-01T01:40:35.867+0000: 2337.259: [GC 2337.259: [ParNew: 368640K->25291K(368640K), 0.0527790 secs] 3818469K->3497755K(12541952K), 0.0531040 secs] [Times: user=0.40 sys=0.00, real=0.05 secs] 
2011-03-01T01:40:36.312+0000: 2337.703: [GC 2337.703: [ParNew: 352971K->40960K(368640K), 0.0486470 secs] 3825435K->3519088K(12541952K), 0.0489830 secs] [Times: user=0.39 sys=0.00, real=0.05 secs] 
2011-03-01T01:40:36.850+0000: 2338.241: [GC 2338.241: [ParNew: 368640K->40960K(368640K), 0.0989140 secs] 3846768K->3557110K(12541952K), 0.0992340 secs] [Times: user=0.67 sys=0.00, real=0.10 secs] 
2011-03-01T01:40:37.242+0000: 2338.633: [GC 2338.633: [ParNew: 368640K->36437K(368640K), 0.0554020 secs] 3884790K->3571744K(12541952K), 0.0557440 secs] [Times: user=0.35 sys=0.00, real=0.06 secs] 
2011-03-01T01:40:37.820+0000: 2339.211: [GC 2339.211: [ParNew: 364117K->40960K(368640K), 0.0486150 secs] 3899424K->3588333K(12541952K), 0.0489420 secs] [Times: user=0.39 sys=0.00, real=0.05 secs] 
2011-03-01T01:40:38.792+0000: 2340.184: [GC 2340.184: [ParNew: 325097K->39320K(368640K), 0.0582230 secs] 3872470K->3607144K(12541952K), 0.0585600 secs] [Times: user=0.40 sys=0.00, real=0.05 secs] 
2011-03-01T01:40:39.562+0000: 2340.953: [GC 2340.954: [ParNew: 367000K->19977K(368640K), 0.0545360 secs] 3934824K->3686258K(12541952K), 0.0548600 secs] [Times: user=0.39 sys=0.00, real=0.05 secs] 
2011-03-01T01:40:40.621+0000: 2342.012: [GC 2342.013: [ParNew: 347657K->27230K(368640K), 0.0273130 secs] 4013938K->3693511K(12541952K), 0.0276460 secs] [Times: user=0.22 sys=0.01, real=0.03 secs] 
2011-03-01T01:40:41.547+0000: 2342.938: [GC 2342.938: [ParNew: 354910K->27441K(368640K), 0.0352670 secs] 4021191K->3701434K(12541952K), 0.0355990 secs] [Times: user=0.24 sys=0.00, real=0.04 secs] 
2011-03-01T01:40:42.522+0000: 2343.913: [GC 2343.913: [ParNew: 355121K->30901K(368640K), 0.0339240 secs] 4029114K->3708943K(12541952K), 0.0342340 secs] [Times: user=0.26 sys=0.00, real=0.04 secs] 
2011-03-01T01:40:43.513+0000: 2344.905: [GC 2344.905: [ParNew: 358581K->26486K(368640K), 0.0324750 secs] 4036623K->3712434K(12541952K), 0.0327850 secs] [Times: user=0.24 sys=0.01, real=0.03 secs] 
2011-03-01T01:40:44.514+0000: 2345.905: [GC 2345.905: [ParNew: 354166K->23079K(368640K), 0.0320150 secs] 4040114K->3715012K(12541952K), 0.0323260 secs] [Times: user=0.24 sys=0.00, real=0.03 secs] 
2011-03-01T01:40:45.513+0000: 2346.904: [GC 2346.904: [ParNew: 350759K->21242K(368640K), 0.0314980 secs] 4042692K->3720719K(12541952K), 0.0318140 secs] [Times: user=0.22 sys=0.00, real=0.03 secs] 
2011-03-01T01:40:46.443+0000: 2347.834: [GC 2347.834: [ParNew: 348922K->40960K(368640K), 0.0296560 secs] 4048399K->3740436K(12541952K), 0.0300180 secs] [Times: user=0.20 sys=0.01, real=0.03 secs] 
2011-03-01T01:40:47.418+0000: 2348.809: [GC 2348.810: [ParNew: 368640K->23081K(368640K), 0.0364650 secs] 4068116K->3733858K(12541952K), 0.0367760 secs] [Times: user=0.26 sys=0.00, real=0.04 secs] 
2011-03-01T01:40:48.465+0000: 2349.857: [GC 2349.857: [ParNew: 350761K->33286K(368640K), 0.0296540 secs] 4061538K->3744063K(12541952K), 0.0299650 secs] [Times: user=0.23 sys=0.00, real=0.03 secs] 
2011-03-01T01:40:49.584+0000: 2350.975: [GC 2350.975: [ParNew: 360966K->28162K(368640K), 0.0334050 secs] 4071743K->3746647K(12541952K), 0.0416110 secs] [Times: user=0.26 sys=0.00, real=0.04 secs] 
2011-03-01T01:40:50.534+0000: 2351.925: [GC 2351.925: [ParNew: 355842K->22939K(368640K), 0.0361090 secs] 4074327K->3750188K(12541952K), 0.0364210 secs] [Times: user=0.28 sys=0.00, real=0.03 secs] 
2011-03-01T01:40:51.508+0000: 2352.900: [GC 2352.900: [ParNew: 350619K->35772K(368640K), 0.0313600 secs] 4077868K->3763021K(12541952K), 0.0316650 secs] [Times: user=0.22 sys=0.00, real=0.03 secs] 
2011-03-01T01:40:52.492+0000: 2353.883: [GC 2353.883: [ParNew: 363452K->37798K(368640K), 0.0334130 secs] 4090701K->3771521K(12541952K), 0.0337450 secs] [Times: user=0.26 sys=0.01, real=0.04 secs] 
2011-03-01T01:40:53.679+0000: 2355.070: [GC 2355.070: [ParNew: 365478K->19621K(368640K), 0.0347060 secs] 4099201K->3763291K(12541952K), 0.0350390 secs] [Times: user=0.25 sys=0.00, real=0.04 secs] 
2011-03-01T01:40:54.490+0000: 2355.882: [GC 2355.882: [ParNew: 347257K->31479K(368640K), 0.0258880 secs] 4090927K->3775149K(12541952K), 0.0262610 secs] [Times: user=0.24 sys=0.00, real=0.03 secs] 
2011-03-01T01:40:54.979+0000: 2356.370: [GC 2356.370: [ParNew: 359159K->8430K(368640K), 0.0280010 secs] 4102829K->3759977K(12541952K), 0.0283560 secs] [Times: user=0.23 sys=0.00, real=0.03 secs] 
2011-03-01T01:40:55.408+0000: 2356.799: [GC 2356.799: [ParNew: 336046K->8731K(368640K), 0.0244560 secs] 4087593K->3760278K(12541952K), 0.0247720 secs] [Times: user=0.15 sys=0.00, real=0.03 secs] 
2011-03-01T01:40:55.906+0000: 2357.297: [GC 2357.297: [ParNew: 336405K->12268K(368640K), 0.0255370 secs] 4087952K->3765924K(12541952K), 0.0259100 secs] [Times: user=0.16 sys=0.00, real=0.02 secs] 
2011-03-01T01:40:56.338+0000: 2357.729: [GC 2357.729: [ParNew: 339948K->26529K(368640K), 0.0241700 secs] 4093604K->3781722K(12541952K), 0.0245150 secs] [Times: user=0.16 sys=0.00, real=0.02 secs] 
2011-03-01T01:40:56.749+0000: 2358.140: [GC 2358.140: [ParNew: 354199K->40960K(368640K), 0.0278820 secs] 4109392K->3801211K(12541952K), 0.0282400 secs] [Times: user=0.23 sys=0.00, real=0.03 secs] 
2011-03-01T01:40:57.316+0000: 2358.708: [GC 2358.708: [ParNew: 368640K->40960K(368640K), 0.0285910 secs] 4128891K->3811586K(12541952K), 0.0289280 secs] [Times: user=0.18 sys=0.00, real=0.03 secs] 
2011-03-01T01:40:58.487+0000: 2359.879: [GC 2359.879: [ParNew: 368640K->40960K(368640K), 0.0271750 secs] 4139266K->3817318K(12541952K), 0.0275140 secs] [Times: user=0.16 sys=0.00, real=0.03 secs] 
2011-03-01T01:40:58.764+0000: 2360.155: [GC 2360.155: [ParNew: 368640K->37957K(368640K), 0.0389810 secs] 4144998K->3883137K(12541952K), 0.0393160 secs] [Times: user=0.26 sys=0.01, real=0.04 secs] 
2011-03-01T01:40:59.326+0000: 2360.717: [GC 2360.717: [ParNew: 365637K->24402K(368640K), 0.0188550 secs] 4210817K->3869582K(12541952K), 0.0191850 secs] [Times: user=0.13 sys=0.01, real=0.02 secs] 
2011-03-01T01:40:59.746+0000: 2361.137: [GC 2361.137: [ParNew: 352082K->19134K(368640K), 0.0217630 secs] 4197262K->3864314K(12541952K), 0.0251430 secs] [Times: user=0.11 sys=0.00, real=0.02 secs] 
2011-03-01T01:41:00.115+0000: 2361.506: [GC 2361.507: [ParNew: 346761K->19498K(368640K), 0.0208970 secs] 4191941K->3864677K(12541952K), 0.0212360 secs] [Times: user=0.16 sys=0.00, real=0.02 secs] 
2011-03-01T01:41:00.550+0000: 2361.942: [GC 2361.942: [ParNew: 347178K->28405K(368640K), 0.0251640 secs] 4192357K->3888413K(12541952K), 0.0254900 secs] [Times: user=0.23 sys=0.00, real=0.03 secs] 
2011-03-01T01:41:00.942+0000: 2362.333: [GC 2362.333: [ParNew: 356085K->14747K(368640K), 0.0303450 secs] 4216093K->3887570K(12541952K), 0.0307130 secs] [Times: user=0.20 sys=0.01, real=0.03 secs] 
2011-03-01T01:41:01.741+0000: 2363.132: [GC 2363.132: [ParNew: 342427K->19267K(368640K), 0.0210060 secs] 4215250K->3892090K(12541952K), 0.0213330 secs] [Times: user=0.16 sys=0.00, real=0.02 secs] 
2011-03-01T01:41:02.944+0000: 2364.335: [GC 2364.335: [ParNew: 346947K->22679K(368640K), 0.0287830 secs] 4219770K->3895502K(12541952K), 0.0291010 secs] [Times: user=0.17 sys=0.00, real=0.03 secs] 
2011-03-01T01:41:04.206+0000: 2365.597: [GC 2365.597: [ParNew: 350359K->8929K(368640K), 0.0286870 secs] 4223182K->3885260K(12541952K), 0.0289960 secs] [Times: user=0.22 sys=0.01, real=0.03 secs] 
2011-03-01T01:41:05.320+0000: 2366.711: [GC 2366.711: [ParNew: 336609K->39331K(368640K), 0.0283790 secs] 4212940K->3915662K(12541952K), 0.0287040 secs] [Times: user=0.24 sys=0.00, real=0.03 secs] 
2011-03-01T01:41:06.514+0000: 2367.905: [GC 2367.905: [ParNew: 367011K->8483K(368640K), 0.0332940 secs] 4243342K->3900013K(12541952K), 0.0336070 secs] [Times: user=0.23 sys=0.01, real=0.03 secs] 
2011-03-01T01:41:07.805+0000: 2369.196: [GC 2369.196: [ParNew: 336163K->5499K(368640K), 0.0222060 secs] 4227693K->3897029K(12541952K), 0.0224860 secs] [Times: user=0.16 sys=0.00, real=0.02 secs] 
2011-03-01T01:41:08.957+0000: 2370.349: [GC 2370.349: [ParNew: 333179K->9509K(368640K), 0.0280900 secs] 4224709K->3901039K(12541952K), 0.0284110 secs] [Times: user=0.24 sys=0.00, real=0.03 secs] 
2011-03-01T01:41:10.143+0000: 2371.534: [GC 2371.534: [ParNew: 337189K->24746K(368640K), 0.0272220 secs] 4228719K->3916276K(12541952K), 0.0275420 secs] [Times: user=0.20 sys=0.01, real=0.02 secs] 
2011-03-01T01:41:11.399+0000: 2372.790: [GC 2372.790: [ParNew: 352426K->36294K(368640K), 0.0307800 secs] 4243956K->3930124K(12541952K), 0.0310950 secs] [Times: user=0.24 sys=0.00, real=0.03 secs] 
2011-03-01T01:41:12.495+0000: 2373.887: [GC 2373.887: [ParNew: 363974K->16828K(368640K), 0.0322900 secs] 4257804K->3921458K(12541952K), 0.0325980 secs] [Times: user=0.24 sys=0.00, real=0.03 secs] 
2011-03-01T01:41:13.724+0000: 2375.116: [GC 2375.116: [ParNew: 344508K->25418K(368640K), 0.0252690 secs] 4249138K->3930048K(12541952K), 0.0255800 secs] [Times: user=0.16 sys=0.00, real=0.02 secs] 
2011-03-01T01:41:14.922+0000: 2376.313: [GC 2376.313: [ParNew: 353098K->10460K(368640K), 0.0301070 secs] 4257728K->3921891K(12541952K), 0.0304340 secs] [Times: user=0.23 sys=0.00, real=0.05 secs] 
2011-03-01T01:41:16.062+0000: 2377.453: [GC 2377.454: [ParNew: 338140K->33676K(368640K), 0.0250410 secs] 4249571K->3945107K(12541952K), 0.0253530 secs] [Times: user=0.21 sys=0.00, real=0.03 secs] 
2011-03-01T01:41:17.223+0000: 2378.614: [GC 2378.614: [ParNew: 361356K->9498K(368640K), 0.0306520 secs] 4272787K->3934100K(12541952K), 0.0309630 secs] [Times: user=0.18 sys=0.01, real=0.03 secs] 
2011-03-01T01:41:18.527+0000: 2379.918: [GC 2379.918: [ParNew: 337178K->20210K(368640K), 0.0226840 secs] 4261780K->3944812K(12541952K), 0.0229940 secs] [Times: user=0.16 sys=0.00, real=0.02 secs] 
2011-03-01T01:41:19.608+0000: 2380.999: [GC 2380.999: [ParNew: 347890K->25347K(368640K), 0.0274160 secs] 4272492K->3949950K(12541952K), 0.0277240 secs] [Times: user=0.24 sys=0.00, real=0.03 secs] 
2011-03-01T01:41:20.810+0000: 2382.201: [GC 2382.202: [ParNew: 353027K->29443K(368640K), 0.0312150 secs] 4277630K->3958265K(12541952K), 0.0315270 secs] [Times: user=0.24 sys=0.00, real=0.03 secs] 
2011-03-01T01:41:21.933+0000: 2383.325: [GC 2383.325: [ParNew: 357123K->28823K(368640K), 0.0331020 secs] 4285945K->3963762K(12541952K), 0.0334120 secs] [Times: user=0.24 sys=0.00, real=0.03 secs] 
2011-03-01T01:41:22.977+0000: 2384.368: [GC 2384.368: [ParNew: 356503K->14154K(368640K), 0.0318760 secs] 4291442K->3955415K(12541952K), 0.0321860 secs] [Times: user=0.24 sys=0.00, real=0.03 secs] 
2011-03-01T01:41:23.971+0000: 2385.362: [GC 2385.363: [ParNew: 341834K->40960K(368640K), 0.0294030 secs] 4283095K->3982264K(12541952K), 0.0297070 secs] [Times: user=0.24 sys=0.02, real=0.03 secs] 
2011-03-01T01:41:25.030+0000: 2386.421: [GC 2386.421: [ParNew: 368640K->12051K(368640K), 0.0382260 secs] 4309944K->3969945K(12541952K), 0.0385410 secs] [Times: user=0.32 sys=0.00, real=0.04 secs] 
2011-03-01T01:41:26.055+0000: 2387.446: [GC 2387.446: [ParNew: 339731K->24617K(368640K), 0.0254780 secs] 4297625K->3982511K(12541952K), 0.0257830 secs] [Times: user=0.16 sys=0.00, real=0.02 secs] 
2011-03-01T01:41:27.116+0000: 2388.507: [GC 2388.507: [ParNew: 352297K->22253K(368640K), 0.0306760 secs] 4310191K->3985579K(12541952K), 0.0309850 secs] [Times: user=0.24 sys=0.00, real=0.03 secs] 
2011-03-01T01:41:28.121+0000: 2389.512: [GC 2389.512: [ParNew: 349933K->40960K(368640K), 0.0313950 secs] 4313259K->4005271K(12541952K), 0.0317180 secs] [Times: user=0.25 sys=0.00, real=0.04 secs] 
2011-03-01T01:41:29.071+0000: 2390.462: [GC 2390.462: [ParNew: 368640K->40960K(368640K), 0.0388170 secs] 4332951K->4017793K(12541952K), 0.0391320 secs] [Times: user=0.32 sys=0.04, real=0.04 secs] 
2011-03-01T01:41:30.090+0000: 2391.481: [GC 2391.481: [ParNew: 368640K->8169K(368640K), 0.0333900 secs] 4345473K->3998689K(12541952K), 0.0336990 secs] [Times: user=0.25 sys=0.00, real=0.04 secs] 
2011-03-01T01:41:31.154+0000: 2392.545: [GC 2392.545: [ParNew: 335849K->19272K(368640K), 0.0250480 secs] 4326369K->4009792K(12541952K), 0.0253520 secs] [Times: user=0.18 sys=0.00, real=0.02 secs] 
2011-03-01T01:41:32.188+0000: 2393.579: [GC 2393.580: [ParNew: 346952K->38937K(368640K), 0.0287780 secs] 4337472K->4029457K(12541952K), 0.0290870 secs] [Times: user=0.24 sys=0.00, real=0.03 secs] 
2011-03-01T01:41:33.206+0000: 2394.597: [GC 2394.597: [ParNew: 366617K->30337K(368640K), 0.0364160 secs] 4357137K->4030112K(12541952K), 0.0367280 secs] [Times: user=0.24 sys=0.00, real=0.04 secs] 
2011-03-01T01:41:34.282+0000: 2395.673: [GC 2395.673: [ParNew: 358017K->26450K(368640K), 0.0315650 secs] 4357792K->4033778K(12541952K), 0.0318730 secs] [Times: user=0.24 sys=0.01, real=0.04 secs] 
2011-03-01T01:41:35.035+0000: 2396.426: [GC 2396.426: [ParNew: 354130K->37484K(368640K), 0.0358230 secs] 4361458K->4048535K(12541952K), 0.0361330 secs] [Times: user=0.24 sys=0.00, real=0.03 secs] 
2011-03-01T01:41:35.652+0000: 2397.043: [GC 2397.043: [ParNew: 365164K->40960K(368640K), 0.0471110 secs] 4376215K->4064803K(12541952K), 0.0474530 secs] [Times: user=0.39 sys=0.00, real=0.05 secs] 
2011-03-01T01:41:36.266+0000: 2397.657: [GC 2397.658: [ParNew: 368640K->33557K(368640K), 0.0502650 secs] 4392483K->4075765K(12541952K), 0.0505820 secs] [Times: user=0.38 sys=0.00, real=0.05 secs] 
2011-03-01T01:41:37.132+0000: 2398.523: [GC 2398.524: [ParNew: 361237K->31757K(368640K), 0.0481190 secs] 4403445K->4092469K(12541952K), 0.0484540 secs] [Times: user=0.38 sys=0.00, real=0.05 secs] 
2011-03-01T01:41:38.062+0000: 2399.453: [GC 2399.453: [ParNew: 359437K->40960K(368640K), 0.0624550 secs] 4420149K->4117673K(12541952K), 0.0627770 secs] [Times: user=0.48 sys=0.00, real=0.07 secs] 
2011-03-01T01:41:39.500+0000: 2400.892: [GC 2400.892: [ParNew: 368640K->24270K(368640K), 0.0440540 secs] 4445353K->4119147K(12541952K), 0.0443840 secs] [Times: user=0.33 sys=0.00, real=0.05 secs] 
2011-03-01T01:41:40.337+0000: 2401.728: [GC 2401.728: [ParNew: 351950K->6094K(368640K), 0.0299080 secs] 4446827K->4111189K(12541952K), 0.0302100 secs] [Times: user=0.23 sys=0.00, real=0.03 secs] 
2011-03-01T01:41:41.373+0000: 2402.764: [GC 2402.764: [ParNew: 333774K->21989K(368640K), 0.0250690 secs] 4438869K->4127084K(12541952K), 0.0253770 secs] [Times: user=0.20 sys=0.00, real=0.02 secs] 
2011-03-01T01:41:42.373+0000: 2403.765: [GC 2403.765: [ParNew: 349669K->31371K(368640K), 0.0301050 secs] 4454764K->4138700K(12541952K), 0.0304210 secs] [Times: user=0.19 sys=0.00, real=0.03 secs] 
2011-03-01T01:41:43.404+0000: 2404.795: [GC 2404.795: [ParNew: 359051K->12109K(368640K), 0.0268370 secs] 4466380K->4125129K(12541952K), 0.0271400 secs] [Times: user=0.18 sys=0.00, real=0.02 secs] 
2011-03-01T01:41:44.454+0000: 2405.845: [GC 2405.846: [ParNew: 339789K->32543K(368640K), 0.0254330 secs] 4452809K->4145562K(12541952K), 0.0257600 secs] [Times: user=0.16 sys=0.00, real=0.02 secs] 
2011-03-01T01:41:45.550+0000: 2406.941: [GC 2406.942: [ParNew: 360223K->36909K(368640K), 0.0302100 secs] 4473242K->4155357K(12541952K), 0.0305160 secs] [Times: user=0.24 sys=0.00, real=0.03 secs] 
2011-03-01T01:41:47.809+0000: 2409.200: [GC 2409.201: [ParNew: 364589K->37470K(368640K), 0.0310400 secs] 4483037K->4161510K(12541952K), 0.0313490 secs] [Times: user=0.24 sys=0.00, real=0.03 secs] 
2011-03-01T01:41:50.391+0000: 2411.782: [GC 2411.783: [ParNew: 365150K->18662K(368640K), 0.0349990 secs] 4489190K->4156274K(12541952K), 0.0353080 secs] [Times: user=0.30 sys=0.00, real=0.04 secs] 
2011-03-01T01:41:53.526+0000: 2414.917: [GC 2414.917: [ParNew: 346342K->40960K(368640K), 0.0335680 secs] 4483954K->4183016K(12541952K), 0.0338730 secs] [Times: user=0.24 sys=0.00, real=0.03 secs] 
2011-03-01T01:41:55.067+0000: 2416.458: [GC 2416.459: [ParNew: 368640K->5621K(368640K), 0.0333790 secs] 4510696K->4163598K(12541952K), 0.0336940 secs] [Times: user=0.24 sys=0.00, real=0.03 secs] 
2011-03-01T01:41:55.867+0000: 2417.258: [GC 2417.258: [ParNew: 333301K->11452K(368640K), 0.0215020 secs] 4491278K->4169428K(12541952K), 0.0218170 secs] [Times: user=0.15 sys=0.00, real=0.02 secs] 
2011-03-01T01:41:56.364+0000: 2417.755: [GC 2417.755: [ParNew: 339132K->10322K(368640K), 0.0216470 secs] 4497108K->4168298K(12541952K), 0.0219590 secs] [Times: user=0.16 sys=0.00, real=0.02 secs] 
2011-03-01T01:41:56.934+0000: 2418.325: [GC 2418.325: [ParNew: 338002K->15038K(368640K), 0.0226300 secs] 4495978K->4173014K(12541952K), 0.0229430 secs] [Times: user=0.18 sys=0.00, real=0.02 secs] 
2011-03-01T01:41:59.687+0000: 2421.078: [GC 2421.078: [ParNew: 342718K->27391K(368640K), 0.0279920 secs] 4500694K->4186687K(12541952K), 0.0282940 secs] [Times: user=0.22 sys=0.00, real=0.03 secs] 
2011-03-01T01:42:00.896+0000: 2422.287: [GC 2422.287: [ParNew: 355071K->40960K(368640K), 0.0298830 secs] 4514367K->4203707K(12541952K), 0.0301860 secs] [Times: user=0.23 sys=0.00, real=0.03 secs] 
2011-03-01T01:42:02.379+0000: 2423.771: [GC 2423.771: [ParNew: 368585K->37004K(368640K), 0.0309650 secs] 4531332K->4206829K(12541952K), 0.0312710 secs] [Times: user=0.24 sys=0.00, real=0.03 secs] 
2011-03-01T01:42:03.135+0000: 2424.526: [GC 2424.526: [ParNew: 364667K->5679K(368640K), 0.0258350 secs] 4534492K->4183539K(12541952K), 0.0261480 secs] [Times: user=0.16 sys=0.00, real=0.02 secs] 
2011-03-01T01:42:03.697+0000: 2425.088: [GC 2425.088: [ParNew: 333359K->5949K(368640K), 0.0215840 secs] 4511219K->4183809K(12541952K), 0.0218910 secs] [Times: user=0.16 sys=0.00, real=0.02 secs] 
2011-03-01T01:42:05.411+0000: 2426.802: [GC 2426.802: [ParNew: 333629K->27278K(368640K), 0.0252870 secs] 4511489K->4205138K(12541952K), 0.0324160 secs] [Times: user=0.16 sys=0.00, real=0.04 secs] 
2011-03-01T01:42:09.687+0000: 2431.078: [GC 2431.078: [ParNew: 354958K->5487K(368640K), 0.0314890 secs] 4532818K->4195810K(12541952K), 0.0317940 secs] [Times: user=0.24 sys=0.00, real=0.03 secs] 
2011-03-01T01:42:14.534+0000: 2435.925: [GC 2435.925: [ParNew: 333167K->35596K(368640K), 0.0364560 secs] 4523490K->4225918K(12541952K), 0.0367670 secs] [Times: user=0.24 sys=0.00, real=0.03 secs] 
2011-03-01T01:42:18.838+0000: 2440.229: [GC 2440.230: [ParNew: 363276K->32328K(368640K), 0.0387950 secs] 4553598K->4236145K(12541952K), 0.0391340 secs] [Times: user=0.30 sys=0.00, real=0.04 secs] 
2011-03-01T01:42:21.031+0000: 2442.423: [GC 2442.423: [ParNew: 360008K->13535K(368640K), 0.0314100 secs] 4563825K->4227247K(12541952K), 0.0317340 secs] [Times: user=0.23 sys=0.00, real=0.04 secs] 
2011-03-01T01:42:25.652+0000: 2447.043: [GC 2447.043: [ParNew: 341215K->29020K(368640K), 0.0371300 secs] 4554927K->4242731K(12541952K), 0.0375230 secs] [Times: user=0.21 sys=0.00, real=0.04 secs] 
2011-03-01T01:42:31.432+0000: 2452.824: [GC 2452.824: [ParNew: 356700K->40960K(368640K), 0.0430400 secs] 4570411K->4274529K(12541952K), 0.0434180 secs] [Times: user=0.30 sys=0.02, real=0.04 secs] 
2011-03-01T01:42:35.894+0000: 2457.285: [GC 2457.286: [ParNew: 368640K->40960K(368640K), 0.0412010 secs] 4602209K->4289028K(12541952K), 0.0416000 secs] [Times: user=0.29 sys=0.00, real=0.04 secs] 
2011-03-01T01:42:38.374+0000: 2459.765: [GC 2459.766: [ParNew: 368640K->32316K(368640K), 0.0544100 secs] 4616708K->4310673K(12541952K), 0.0547930 secs] [Times: user=0.37 sys=0.00, real=0.05 secs] 
2011-03-01T01:42:39.467+0000: 2460.858: [GC 2460.858: [ParNew: 359971K->37908K(368640K), 0.0484770 secs] 4638328K->4329016K(12541952K), 0.0488530 secs] [Times: user=0.34 sys=0.00, real=0.05 secs] 
2011-03-01T01:42:39.920+0000: 2461.312: [GC 2461.312: [ParNew: 365588K->35068K(368640K), 0.0479110 secs] 4656696K->4343949K(12541952K), 0.0482910 secs] [Times: user=0.39 sys=0.00, real=0.05 secs] 
2011-03-01T01:42:42.074+0000: 2463.465: [GC 2463.466: [ParNew: 362748K->26159K(368640K), 0.0393960 secs] 4671629K->4354428K(12541952K), 0.0397700 secs] [Times: user=0.25 sys=0.00, real=0.04 secs] 
2011-03-01T01:42:43.446+0000: 2464.837: [GC 2464.837: [ParNew: 353839K->32208K(368640K), 0.0277920 secs] 4682108K->4360478K(12541952K), 0.0281650 secs] [Times: user=0.19 sys=0.00, real=0.03 secs] 
2011-03-01T01:42:45.063+0000: 2466.454: [GC 2466.454: [ParNew: 359880K->32325K(368640K), 0.0450270 secs] 4688150K->4383742K(12541952K), 0.0454150 secs] [Times: user=0.32 sys=0.00, real=0.04 secs] 
2011-03-01T01:42:46.150+0000: 2467.541: [GC 2467.541: [ParNew: 360005K->40960K(368640K), 0.0433790 secs] 4711422K->4408905K(12541952K), 0.0437710 secs] [Times: user=0.33 sys=0.00, real=0.05 secs] 
2011-03-01T01:42:47.941+0000: 2469.332: [GC 2469.332: [ParNew: 368640K->29766K(368640K), 0.0448150 secs] 4736585K->4416583K(12541952K), 0.0451260 secs] [Times: user=0.34 sys=0.01, real=0.06 secs] 
2011-03-01T01:42:48.432+0000: 2469.823: [GC 2469.823: [ParNew: 357446K->40960K(368640K), 0.0556960 secs] 4744263K->4442221K(12541952K), 0.0560890 secs] [Times: user=0.42 sys=0.00, real=0.06 secs] 
2011-03-01T01:42:48.904+0000: 2470.295: [GC 2470.295: [ParNew: 368640K->24973K(368640K), 0.0460420 secs] 4769901K->4453890K(12541952K), 0.0463750 secs] [Times: user=0.33 sys=0.00, real=0.04 secs] 
2011-03-01T01:42:51.400+0000: 2472.791: [GC 2472.791: [ParNew: 352653K->32571K(368640K), 0.0353380 secs] 4781570K->4461488K(12541952K), 0.0356380 secs] [Times: user=0.31 sys=0.00, real=0.04 secs] 
2011-03-01T01:42:53.661+0000: 2475.052: [GC 2475.052: [ParNew: 360251K->29639K(368640K), 0.0521230 secs] 4789168K->4482693K(12541952K), 0.0524490 secs] [Times: user=0.41 sys=0.00, real=0.06 secs] 
2011-03-01T01:42:54.832+0000: 2476.224: [GC 2476.224: [ParNew: 357319K->21012K(368640K), 0.0343050 secs] 4810373K->4485398K(12541952K), 0.0346230 secs] [Times: user=0.27 sys=0.01, real=0.03 secs] 
2011-03-01T01:42:55.633+0000: 2477.024: [GC 2477.025: [ParNew: 348667K->13851K(368640K), 0.0274890 secs] 4813052K->4484051K(12541952K), 0.0278050 secs] [Times: user=0.16 sys=0.00, real=0.02 secs] 
2011-03-01T01:42:57.434+0000: 2478.825: [GC 2478.825: [ParNew: 341531K->30926K(368640K), 0.0239850 secs] 4811731K->4501126K(12541952K), 0.0242950 secs] [Times: user=0.16 sys=0.00, real=0.02 secs] 
2011-03-01T01:42:59.607+0000: 2480.998: [GC 2480.998: [ParNew: 358606K->8655K(368640K), 0.0308200 secs] 4828806K->4491039K(12541952K), 0.0312320 secs] [Times: user=0.24 sys=0.00, real=0.03 secs] 
2011-03-01T01:43:00.025+0000: 2481.416: [GC 2481.416: [ParNew: 336335K->10989K(368640K), 0.0232800 secs] 4818719K->4493373K(12541952K), 0.0237020 secs] [Times: user=0.15 sys=0.00, real=0.02 secs] 
2011-03-01T01:43:00.427+0000: 2481.819: [GC 2481.819: [ParNew: 338669K->10910K(368640K), 0.0211190 secs] 4821053K->4493294K(12541952K), 0.0215660 secs] [Times: user=0.16 sys=0.00, real=0.02 secs] 
2011-03-01T01:43:00.856+0000: 2482.247: [GC 2482.247: [ParNew: 338590K->9698K(368640K), 0.0215720 secs] 4820974K->4492082K(12541952K), 0.0219210 secs] [Times: user=0.16 sys=0.00, real=0.02 secs] 
2011-03-01T01:43:01.266+0000: 2482.657: [GC 2482.657: [ParNew: 337378K->25183K(368640K), 0.0293630 secs] 4819762K->4510633K(12541952K), 0.0296740 secs] [Times: user=0.23 sys=0.00, real=0.03 secs] 
2011-03-01T01:43:01.696+0000: 2483.087: [GC 2483.087: [ParNew: 352837K->26211K(368640K), 0.0262220 secs] 4838287K->4512940K(12541952K), 0.0265570 secs] [Times: user=0.16 sys=0.00, real=0.02 secs] 
2011-03-01T01:43:03.300+0000: 2484.692: [GC 2484.692: [ParNew: 353891K->28006K(368640K), 0.0260870 secs] 4840620K->4515134K(12541952K), 0.0264030 secs] [Times: user=0.24 sys=0.00, real=0.03 secs] 
2011-03-01T01:43:08.440+0000: 2489.831: [GC 2489.831: [ParNew: 355686K->38803K(368640K), 0.0354890 secs] 4842814K->4531377K(12541952K), 0.0358000 secs] [Times: user=0.30 sys=0.00, real=0.04 secs] 
2011-03-01T01:43:13.277+0000: 2494.668: [GC 2494.668: [ParNew: 366483K->40960K(368640K), 0.0393070 secs] 4859057K->4541903K(12541952K), 0.0397130 secs] [Times: user=0.31 sys=0.00, real=0.04 secs] 
2011-03-01T01:43:13.601+0000: 2494.992: [GC 2494.992: [ParNew: 368640K->40960K(368640K), 0.0560480 secs] 4869583K->4694362K(12541952K), 0.0564200 secs] [Times: user=0.44 sys=0.00, real=0.06 secs] 
2011-03-01T01:43:14.200+0000: 2495.592: [GC 2495.592: [ParNew: 368640K->7797K(368640K), 0.0373870 secs] 5022042K->4688953K(12541952K), 0.0377660 secs] [Times: user=0.32 sys=0.00, real=0.04 secs] 
2011-03-01T01:43:14.800+0000: 2496.191: [GC 2496.192: [ParNew: 335477K->8783K(368640K), 0.0357720 secs] 5016633K->4689939K(12541952K), 0.0361380 secs] [Times: user=0.32 sys=0.00, real=0.04 secs] 
2011-03-01T01:43:15.337+0000: 2496.728: [GC 2496.728: [ParNew: 336463K->15406K(368640K), 0.0382910 secs] 5017619K->4696562K(12541952K), 0.0386880 secs] [Times: user=0.32 sys=0.00, real=0.04 secs] 
2011-03-01T01:43:15.893+0000: 2497.284: [GC 2497.284: [ParNew: 343086K->20760K(368640K), 0.0467140 secs] 5024242K->4701916K(12541952K), 0.0471150 secs] [Times: user=0.36 sys=0.00, real=0.04 secs] 
2011-03-01T01:43:16.490+0000: 2497.881: [GC 2497.881: [ParNew: 348440K->21599K(368640K), 0.0499620 secs] 5029596K->4706457K(12541952K), 0.0503580 secs] [Times: user=0.40 sys=0.00, real=0.05 secs] 
2011-03-01T01:43:18.933+0000: 2500.324: [GC 2500.325: [ParNew: 349279K->37425K(368640K), 0.0590250 secs] 5034137K->4725676K(12541952K), 0.0594290 secs] [Times: user=0.44 sys=0.00, real=0.06 secs] 
2011-03-01T01:43:23.392+0000: 2504.783: [GC 2504.784: [ParNew: 365105K->40960K(368640K), 0.0698650 secs] 5053356K->4746032K(12541952K), 0.0702680 secs] [Times: user=0.54 sys=0.01, real=0.07 secs] 
2011-03-01T01:43:27.122+0000: 2508.513: [GC 2508.514: [ParNew: 368640K->39325K(368640K), 0.0798200 secs] 5073712K->4781873K(12541952K), 0.0802220 secs] [Times: user=0.56 sys=0.01, real=0.08 secs] 
2011-03-01T01:43:29.623+0000: 2511.014: [GC 2511.014: [ParNew: 367005K->32837K(368640K), 0.0565130 secs] 5109553K->4794948K(12541952K), 0.0569060 secs] [Times: user=0.40 sys=0.01, real=0.05 secs] 
2011-03-01T01:43:32.092+0000: 2513.484: [GC 2513.484: [ParNew: 360517K->33736K(368640K), 0.0540470 secs] 5122628K->4815817K(12541952K), 0.0544410 secs] [Times: user=0.37 sys=0.01, real=0.05 secs] 
2011-03-01T01:43:35.036+0000: 2516.428: [GC 2516.428: [ParNew: 361416K->40960K(368640K), 0.0624680 secs] 5143497K->4846935K(12541952K), 0.0627990 secs] [Times: user=0.43 sys=0.01, real=0.06 secs] 
2011-03-01T01:43:35.799+0000: 2517.191: [GC 2517.191: [ParNew: 368640K->40960K(368640K), 0.0750760 secs] 5174615K->4876478K(12541952K), 0.0753780 secs] [Times: user=0.56 sys=0.00, real=0.08 secs] 
2011-03-01T01:43:36.440+0000: 2517.831: [GC 2517.831: [ParNew: 368640K->39817K(368640K), 0.0695900 secs] 5204158K->4908312K(12541952K), 0.0698880 secs] [Times: user=0.53 sys=0.00, real=0.07 secs] 
2011-03-01T01:43:37.251+0000: 2518.642: [GC 2518.643: [ParNew: 367497K->40960K(368640K), 0.0690470 secs] 5235992K->4936748K(12541952K), 0.0693580 secs] [Times: user=0.49 sys=0.01, real=0.07 secs] 
2011-03-01T01:43:37.673+0000: 2519.064: [GC 2519.065: [ParNew: 368640K->40960K(368640K), 0.0750300 secs] 5264428K->4969545K(12541952K), 0.0753610 secs] [Times: user=0.51 sys=0.00, real=0.07 secs] 
2011-03-01T01:43:39.544+0000: 2520.935: [GC 2520.935: [ParNew: 368640K->40960K(368640K), 0.0566870 secs] 5297225K->4992581K(12541952K), 0.0569850 secs] [Times: user=0.40 sys=0.00, real=0.05 secs] 
2011-03-01T01:43:42.487+0000: 2523.878: [GC 2523.878: [ParNew: 368640K->39023K(368640K), 0.0530480 secs] 5320261K->5014616K(12541952K), 0.0534460 secs] [Times: user=0.40 sys=0.00, real=0.05 secs] 
2011-03-01T01:43:45.931+0000: 2527.322: [GC 2527.322: [ParNew: 366703K->40960K(368640K), 0.0702250 secs] 5342296K->5038553K(12541952K), 0.0705580 secs] [Times: user=0.43 sys=0.00, real=0.07 secs] 
2011-03-01T01:43:47.973+0000: 2529.364: [GC 2529.364: [ParNew: 368640K->40960K(368640K), 0.0676420 secs] 5366233K->5064180K(12541952K), 0.0679820 secs] [Times: user=0.44 sys=0.00, real=0.06 secs] 
2011-03-01T01:43:51.266+0000: 2532.657: [GC 2532.657: [ParNew: 368640K->40960K(368640K), 0.0643260 secs] 5391860K->5087026K(12541952K), 0.0647360 secs] [Times: user=0.47 sys=0.01, real=0.06 secs] 
2011-03-01T01:43:54.003+0000: 2535.394: [GC 2535.395: [ParNew: 368640K->40960K(368640K), 0.0643240 secs] 5414706K->5111673K(12541952K), 0.0646970 secs] [Times: user=0.43 sys=0.00, real=0.06 secs] 
2011-03-01T01:43:55.229+0000: 2536.620: [GC 2536.621: [ParNew: 368640K->30084K(368640K), 0.0533820 secs] 5439353K->5119424K(12541952K), 0.0536950 secs] [Times: user=0.40 sys=0.00, real=0.05 secs] 
2011-03-01T01:43:56.178+0000: 2537.569: [GC 2537.569: [ParNew: 357749K->13356K(368640K), 0.0343200 secs] 5447088K->5117768K(12541952K), 0.0346370 secs] [Times: user=0.23 sys=0.00, real=0.04 secs] 
2011-03-01T01:43:57.099+0000: 2538.490: [GC 2538.490: [ParNew: 341028K->11942K(368640K), 0.0259990 secs] 5445439K->5116354K(12541952K), 0.0263060 secs] [Times: user=0.24 sys=0.00, real=0.03 secs] 
2011-03-01T01:43:57.680+0000: 2539.071: [GC 2539.071: [ParNew: 339576K->17225K(368640K), 0.0295870 secs] 5443988K->5121637K(12541952K), 0.0299000 secs] [Times: user=0.24 sys=0.00, real=0.03 secs] 
2011-03-01T01:43:58.318+0000: 2539.709: [GC 2539.710: [ParNew: 344905K->20131K(368640K), 0.0293650 secs] 5449317K->5124543K(12541952K), 0.0296760 secs] [Times: user=0.24 sys=0.00, real=0.03 secs] 
2011-03-01T01:43:59.141+0000: 2540.533: [GC 2540.533: [ParNew: 347811K->19387K(368640K), 0.0336860 secs] 5452223K->5129341K(12541952K), 0.0340000 secs] [Times: user=0.28 sys=0.00, real=0.04 secs] 
2011-03-01T01:43:59.890+0000: 2541.281: [GC 2541.281: [ParNew: 347067K->25381K(368640K), 0.0309870 secs] 5457021K->5138563K(12541952K), 0.0312970 secs] [Times: user=0.24 sys=0.00, real=0.03 secs] 
2011-03-01T01:44:00.515+0000: 2541.906: [GC 2541.906: [ParNew: 353022K->26153K(368640K), 0.0361820 secs] 5466204K->5142729K(12541952K), 0.0364990 secs] [Times: user=0.24 sys=0.00, real=0.04 secs] 
2011-03-01T01:44:01.130+0000: 2542.521: [GC 2542.521: [ParNew: 353833K->33124K(368640K), 0.0358900 secs] 5470409K->5151764K(12541952K), 0.0362070 secs] [Times: user=0.30 sys=0.00, real=0.04 secs] 
2011-03-01T01:44:02.557+0000: 2543.948: [GC 2543.949: [ParNew: 360804K->40960K(368640K), 0.0627860 secs] 5479444K->5175317K(12541952K), 0.0631070 secs] [Times: user=0.48 sys=0.00, real=0.06 secs] 
2011-03-01T01:44:04.333+0000: 2545.725: [GC 2545.725: [ParNew: 368640K->40960K(368640K), 0.0629870 secs] 5502997K->5208075K(12541952K), 0.0632960 secs] [Times: user=0.43 sys=0.02, real=0.06 secs] 
2011-03-01T01:44:06.106+0000: 2547.497: [GC 2547.498: [ParNew: 368640K->40960K(368640K), 0.0405940 secs] 5535755K->5220335K(12541952K), 0.0410210 secs] [Times: user=0.27 sys=0.00, real=0.04 secs] 
2011-03-01T01:44:08.949+0000: 2550.340: [GC 2550.340: [ParNew: 368640K->40960K(368640K), 0.0429960 secs] 5548015K->5237030K(12541952K), 0.0433460 secs] [Times: user=0.32 sys=0.00, real=0.04 secs] 
2011-03-01T01:44:10.604+0000: 2551.995: [GC 2551.996: [ParNew: 368640K->25723K(368640K), 0.0393410 secs] 5564710K->5240066K(12541952K), 0.0396550 secs] [Times: user=0.25 sys=0.01, real=0.04 secs] 
2011-03-01T01:44:13.477+0000: 2554.868: [GC 2554.868: [ParNew: 353403K->40960K(368640K), 0.0326560 secs] 5567746K->5255866K(12541952K), 0.0329680 secs] [Times: user=0.24 sys=0.00, real=0.03 secs] 
2011-03-01T01:44:15.901+0000: 2557.292: [GC 2557.292: [ParNew: 368640K->40960K(368640K), 0.0567370 secs] 5583546K->5283572K(12541952K), 0.0571660 secs] [Times: user=0.41 sys=0.01, real=0.06 secs] 
2011-03-01T01:44:18.399+0000: 2559.790: [GC 2559.790: [ParNew: 368513K->38092K(368640K), 0.0480920 secs] 5611126K->5287614K(12541952K), 0.0485340 secs] [Times: user=0.38 sys=0.00, real=0.05 secs] 
2011-03-01T01:44:20.204+0000: 2561.595: [GC 2561.595: [ParNew: 365772K->40960K(368640K), 0.0424690 secs] 5615294K->5299905K(12541952K), 0.0427750 secs] [Times: user=0.30 sys=0.01, real=0.04 secs] 
2011-03-01T01:44:21.859+0000: 2563.250: [GC 2563.250: [ParNew: 368640K->34689K(368640K), 0.0373420 secs] 5627585K->5301762K(12541952K), 0.0376430 secs] [Times: user=0.29 sys=0.01, real=0.04 secs] 
2011-03-01T01:44:23.554+0000: 2564.945: [GC 2564.945: [ParNew: 362369K->34896K(368640K), 0.0343650 secs] 5629442K->5316116K(12541952K), 0.0346700 secs] [Times: user=0.26 sys=0.00, real=0.03 secs] 
2011-03-01T01:44:26.271+0000: 2567.662: [GC 2567.662: [ParNew: 360595K->20924K(368640K), 0.0343970 secs] 5641815K->5311434K(12541952K), 0.0347100 secs] [Times: user=0.27 sys=0.00, real=0.04 secs] 
2011-03-01T01:44:27.913+0000: 2569.304: [GC 2569.304: [ParNew: 348604K->40960K(368640K), 0.0339660 secs] 5639114K->5335661K(12541952K), 0.0342760 secs] [Times: user=0.29 sys=0.00, real=0.03 secs] 
2011-03-01T01:44:29.078+0000: 2570.469: [GC 2570.469: [ParNew: 368640K->40960K(368640K), 0.0550820 secs] 5663341K->5429614K(12541952K), 0.0554090 secs] [Times: user=0.38 sys=0.00, real=0.06 secs] 
2011-03-01T01:44:29.735+0000: 2571.126: [GC 2571.126: [ParNew: 368640K->27655K(368640K), 0.0360030 secs] 5757294K->5429263K(12541952K), 0.0363140 secs] [Times: user=0.23 sys=0.01, real=0.03 secs] 
2011-03-01T01:44:30.462+0000: 2571.853: [GC 2571.853: [ParNew: 355335K->34122K(368640K), 0.0309280 secs] 5756943K->5435729K(12541952K), 0.0312580 secs] [Times: user=0.21 sys=0.01, real=0.04 secs] 
2011-03-01T01:44:31.020+0000: 2572.411: [GC 2572.411: [ParNew: 361802K->20860K(368640K), 0.0362680 secs] 5763409K->5428744K(12541952K), 0.0365750 secs] [Times: user=0.33 sys=0.00, real=0.04 secs] 
2011-03-01T01:44:31.688+0000: 2573.079: [GC 2573.079: [ParNew: 348540K->35436K(368640K), 0.0288500 secs] 5756424K->5443319K(12541952K), 0.0291560 secs] [Times: user=0.24 sys=0.00, real=0.03 secs] 
2011-03-01T01:44:32.417+0000: 2573.808: [GC 2573.808: [ParNew: 363116K->14215K(368640K), 0.0418950 secs] 5770999K->5440625K(12541952K), 0.0422150 secs] [Times: user=0.33 sys=0.00, real=0.04 secs] 
2011-03-01T01:44:33.077+0000: 2574.468: [GC 2574.468: [ParNew: 341895K->17257K(368640K), 0.0306360 secs] 5768305K->5443666K(12541952K), 0.0309450 secs] [Times: user=0.24 sys=0.00, real=0.03 secs] 
2011-03-01T01:44:33.515+0000: 2574.906: [GC 2574.907: [ParNew: 344937K->27128K(368640K), 0.0325840 secs] 5771346K->5453537K(12541952K), 0.0328910 secs] [Times: user=0.23 sys=0.00, real=0.03 secs] 
2011-03-01T01:44:34.356+0000: 2575.748: [GC 2575.748: [ParNew: 354808K->40960K(368640K), 0.0472260 secs] 5781217K->5480285K(12541952K), 0.0476440 secs] [Times: user=0.32 sys=0.00, real=0.05 secs] 
2011-03-01T01:44:35.051+0000: 2576.442: [GC 2576.442: [ParNew: 368640K->40960K(368640K), 0.0703440 secs] 5807965K->5511117K(12541952K), 0.0706600 secs] [Times: user=0.53 sys=0.00, real=0.07 secs] 
2011-03-01T01:44:35.565+0000: 2576.956: [GC 2576.956: [ParNew: 368640K->40960K(368640K), 0.0583640 secs] 5838797K->5530441K(12541952K), 0.0586950 secs] [Times: user=0.41 sys=0.00, real=0.06 secs] 
2011-03-01T01:44:35.797+0000: 2577.188: [GC 2577.189: [ParNew: 368640K->40960K(368640K), 0.1351560 secs] 5858121K->5593695K(12541952K), 0.1355010 secs] [Times: user=0.90 sys=0.00, real=0.14 secs] 
2011-03-01T01:44:36.230+0000: 2577.621: [GC 2577.621: [ParNew: 368640K->40960K(368640K), 0.0954940 secs] 5921375K->5633716K(12541952K), 0.0958070 secs] [Times: user=0.72 sys=0.01, real=0.10 secs] 
2011-03-01T01:44:36.604+0000: 2577.995: [GC 2577.996: [ParNew: 368640K->40960K(368640K), 0.1399800 secs] 5961396K->5704486K(12541952K), 0.1403010 secs] [Times: user=0.91 sys=0.01, real=0.14 secs] 
2011-03-01T01:44:36.938+0000: 2578.329: [GC 2578.329: [ParNew: 368640K->40960K(368640K), 0.1296470 secs] 6032166K->5774524K(12541952K), 0.1299590 secs] [Times: user=0.87 sys=0.00, real=0.13 secs] 
2011-03-01T01:44:37.218+0000: 2578.610: [GC 2578.610: [ParNew: 368640K->40960K(368640K), 0.1415090 secs] 6102257K->5864239K(12541952K), 0.1418100 secs] [Times: user=0.96 sys=0.00, real=0.14 secs] 
2011-03-01T01:44:37.362+0000: 2578.753: [GC 2578.753: [ParNew: 41117K->40950K(368640K), 0.0522950 secs] 5864397K->5905366K(12541952K), 0.0525280 secs] [Times: user=0.37 sys=0.00, real=0.06 secs] 
2011-03-01T01:44:37.607+0000: 2578.998: [GC 2578.999: [ParNew: 368630K->40960K(368640K), 0.0924810 secs] 6233046K->5941157K(12541952K), 0.0927950 secs] [Times: user=0.65 sys=0.00, real=0.09 secs] 
2011-03-01T01:44:37.870+0000: 2579.261: [GC 2579.262: [ParNew: 368332K->35316K(368640K), 0.0420830 secs] 6268529K->5951257K(12541952K), 0.0423990 secs] [Times: user=0.35 sys=0.00, real=0.05 secs] 
2011-03-01T01:44:37.984+0000: 2579.376: [GC 2579.376: [ParNew: 360489K->40960K(368640K), 0.0477300 secs] 6276430K->5981295K(12541952K), 0.0480390 secs] [Times: user=0.33 sys=0.00, real=0.05 secs] 
2011-03-01T01:44:38.103+0000: 2579.495: [GC 2579.495: [ParNew: 368640K->38329K(368640K), 0.0375570 secs] 6308975K->6017674K(12541952K), 0.0378880 secs] [Times: user=0.27 sys=0.00, real=0.03 secs] 
2011-03-01T01:44:38.291+0000: 2579.682: [GC 2579.682: [ParNew: 366009K->39664K(368640K), 0.0374730 secs] 6345354K->6085317K(12541952K), 0.0378440 secs] [Times: user=0.26 sys=0.01, real=0.04 secs] 
2011-03-01T01:44:38.384+0000: 2579.775: [GC 2579.776: [ParNew: 367344K->17459K(368640K), 0.0445230 secs] 6412997K->6091436K(12541952K), 0.0448700 secs] [Times: user=0.24 sys=0.02, real=0.04 secs] 
2011-03-01T01:44:38.487+0000: 2579.878: [GC 2579.878: [ParNew: 345139K->40960K(368640K), 0.0434290 secs] 6419116K->6123304K(12541952K), 0.0437350 secs] [Times: user=0.30 sys=0.00, real=0.04 secs] 
2011-03-01T01:44:38.571+0000: 2579.962: [GC 2579.962: [ParNew: 368640K->40960K(368640K), 0.0532690 secs] 6450984K->6162412K(12541952K), 0.0535620 secs] [Times: user=0.41 sys=0.00, real=0.06 secs] 
2011-03-01T01:44:38.661+0000: 2580.053: [GC 2580.053: [ParNew: 368640K->40960K(368640K), 0.0552800 secs] 6490092K->6203494K(12541952K), 0.0556670 secs] [Times: user=0.39 sys=0.00, real=0.06 secs] 
2011-03-01T01:44:38.759+0000: 2580.150: [GC 2580.150: [ParNew: 368640K->40960K(368640K), 0.0358570 secs] 6531174K->6236738K(12541952K), 0.0362730 secs] [Times: user=0.25 sys=0.00, real=0.04 secs] 
2011-03-01T01:44:38.840+0000: 2580.231: [GC 2580.231: [ParNew: 368640K->40960K(368640K), 0.0447710 secs] 6564418K->6293099K(12541952K), 0.0451710 secs] [Times: user=0.32 sys=0.00, real=0.05 secs] 
2011-03-01T01:44:38.928+0000: 2580.319: [GC 2580.319: [ParNew: 368640K->37391K(368640K), 0.0435030 secs] 6620779K->6324661K(12541952K), 0.0439030 secs] [Times: user=0.32 sys=0.00, real=0.04 secs] 
2011-03-01T01:44:39.017+0000: 2580.408: [GC 2580.408: [ParNew: 365071K->23076K(368640K), 0.0344490 secs] 6652341K->6337796K(12541952K), 0.0348520 secs] [Times: user=0.24 sys=0.00, real=0.03 secs] 
2011-03-01T01:44:39.097+0000: 2580.488: [GC 2580.488: [ParNew: 350756K->35416K(368640K), 0.0316640 secs] 6665476K->6350136K(12541952K), 0.0320860 secs] [Times: user=0.24 sys=0.00, real=0.03 secs] 
2011-03-01T01:44:39.171+0000: 2580.562: [GC 2580.562: [ParNew: 358045K->40960K(368640K), 0.0475930 secs] 6672764K->6414732K(12541952K), 0.0480130 secs] [Times: user=0.39 sys=0.00, real=0.05 secs] 
2011-03-01T01:44:39.265+0000: 2580.656: [GC 2580.657: [ParNew: 360787K->40960K(368640K), 0.0398230 secs] 6734559K->6475275K(12541952K), 0.0402200 secs] [Times: user=0.25 sys=0.00, real=0.04 secs] 
2011-03-01T01:44:39.362+0000: 2580.753: [GC 2580.753: [ParNew: 362137K->40960K(368640K), 0.0509090 secs] 6796452K->6582090K(12541952K), 0.0513440 secs] [Times: user=0.41 sys=0.00, real=0.06 secs] 
2011-03-01T01:44:39.483+0000: 2580.874: [GC 2580.874: [ParNew: 368640K->40960K(368640K), 0.0575050 secs] 6909770K->6703064K(12541952K), 0.0579290 secs] [Times: user=0.44 sys=0.00, real=0.05 secs] 
2011-03-01T01:44:39.615+0000: 2581.006: [GC 2581.006: [ParNew: 367605K->40960K(368640K), 0.0462850 secs] 7029710K->6728220K(12541952K), 0.0466730 secs] [Times: user=0.31 sys=0.01, real=0.04 secs] 
2011-03-01T01:44:39.718+0000: 2581.109: [GC 2581.109: [ParNew: 368640K->40960K(368640K), 0.0420550 secs] 7055900K->6765042K(12541952K), 0.0424800 secs] [Times: user=0.32 sys=0.00, real=0.04 secs] 
2011-03-01T01:44:39.810+0000: 2581.201: [GC 2581.202: [ParNew: 368640K->38089K(368640K), 0.0379710 secs] 7092722K->6808721K(12541952K), 0.0383900 secs] [Times: user=0.31 sys=0.00, real=0.04 secs] 
2011-03-01T01:44:39.889+0000: 2581.280: [GC 2581.280: [ParNew: 365769K->29348K(368640K), 0.0267550 secs] 7136401K->6814794K(12541952K), 0.0271820 secs] [Times: user=0.23 sys=0.00, real=0.03 secs] 
2011-03-01T01:44:39.953+0000: 2581.344: [GC 2581.345: [ParNew: 357028K->26743K(368640K), 0.0244290 secs] 7142474K->6825159K(12541952K), 0.0248380 secs] [Times: user=0.20 sys=0.00, real=0.02 secs] 
2011-03-01T01:44:40.016+0000: 2581.407: [GC 2581.408: [ParNew: 354423K->33039K(368640K), 0.0257360 secs] 7152839K->6855655K(12541952K), 0.0261520 secs] [Times: user=0.16 sys=0.00, real=0.03 secs] 
2011-03-01T01:44:40.089+0000: 2581.480: [GC 2581.480: [ParNew: 360719K->27263K(368640K), 0.0267000 secs] 7183335K->6882680K(12541952K), 0.0270620 secs] [Times: user=0.23 sys=0.00, real=0.03 secs] 
2011-03-01T01:44:40.156+0000: 2581.547: [GC 2581.547: [ParNew: 354943K->40039K(368640K), 0.0275800 secs] 7210360K->6944567K(12541952K), 0.0279100 secs] [Times: user=0.20 sys=0.00, real=0.03 secs] 
2011-03-01T01:44:40.229+0000: 2581.620: [GC 2581.620: [ParNew: 367719K->37958K(368640K), 0.0300550 secs] 7272247K->6982361K(12541952K), 0.0303680 secs] [Times: user=0.24 sys=0.00, real=0.03 secs] 
2011-03-01T01:44:40.300+0000: 2581.691: [GC 2581.692: [ParNew: 365107K->31817K(368640K), 0.0281280 secs] 7309511K->7014003K(12541952K), 0.0284410 secs] [Times: user=0.24 sys=0.00, real=0.03 secs] 
2011-03-01T01:44:40.370+0000: 2581.761: [GC 2581.761: [ParNew: 359497K->30162K(368640K), 0.0280690 secs] 7341683K->7048169K(12541952K), 0.0283870 secs] [Times: user=0.24 sys=0.00, real=0.03 secs] 
2011-03-01T01:44:40.450+0000: 2581.841: [GC 2581.841: [ParNew: 353827K->25101K(368640K), 0.0328310 secs] 7371834K->7124728K(12541952K), 0.0331470 secs] [Times: user=0.26 sys=0.00, real=0.04 secs] 
2011-03-01T01:44:40.536+0000: 2581.927: [GC 2581.928: [ParNew: 352377K->37337K(368640K), 0.0370960 secs] 7452003K->7202067K(12541952K), 0.0374710 secs] [Times: user=0.26 sys=0.00, real=0.04 secs] 
2011-03-01T01:44:40.640+0000: 2582.031: [GC 2582.031: [ParNew: 365017K->36807K(368640K), 0.0392520 secs] 7529747K->7289614K(12541952K), 0.0396810 secs] [Times: user=0.30 sys=0.01, real=0.04 secs] 
2011-03-01T01:44:40.776+0000: 2582.167: [GC 2582.168: [ParNew: 340063K->40606K(368640K), 0.0252020 secs] 7592870K->7353240K(12541952K), 0.0255500 secs] [Times: user=0.14 sys=0.01, real=0.02 secs] 
2011-03-01T01:44:40.904+0000: 2582.296: [GC 2582.296: [ParNew: 314267K->40960K(368640K), 0.0507860 secs] 7626901K->7504373K(12541952K), 0.0511050 secs] [Times: user=0.33 sys=0.05, real=0.05 secs] 
2011-03-01T01:44:41.470+0000: 2582.861: [GC 2583.107: [ParNew: 368640K->40960K(368640K), 0.0557240 secs] 7832053K->7574608K(12541952K), 0.0560560 secs] [Times: user=0.39 sys=0.01, real=0.30 secs] 
2011-03-01T01:44:42.906+0000: 2584.297: [GC 2584.297: [ParNew: 368640K->40960K(368640K), 0.0718790 secs] 7902288K->7592313K(12541952K), 0.0721960 secs] [Times: user=0.53 sys=0.01, real=0.07 secs] 
2011-03-01T01:44:43.902+0000: 2585.293: [GC 2585.293: [ParNew: 368640K->40246K(368640K), 0.0450790 secs] 7919993K->7606536K(12541952K), 0.0453950 secs] [Times: user=0.38 sys=0.00, real=0.05 secs] 
2011-03-01T01:44:45.397+0000: 2586.788: [GC 2586.788: [ParNew: 367926K->34904K(368640K), 0.0423810 secs] 7934216K->7610800K(12541952K), 0.0427020 secs] [Times: user=0.32 sys=0.00, real=0.04 secs] 
2011-03-01T01:44:46.997+0000: 2588.388: [GC 2588.388: [ParNew: 362584K->40960K(368640K), 0.0447060 secs] 7938480K->7627833K(12541952K), 0.0450230 secs] [Times: user=0.31 sys=0.01, real=0.04 secs] 
2011-03-01T01:44:48.001+0000: 2589.392: [GC 2589.393: [ParNew: 368640K->31820K(368640K), 0.0425650 secs] 7955513K->7629508K(12541952K), 0.0429130 secs] [Times: user=0.32 sys=0.00, real=0.05 secs] 
2011-03-01T01:44:50.231+0000: 2591.622: [GC 2591.622: [ParNew: 359500K->29351K(368640K), 0.0435080 secs] 7957188K->7642750K(12541952K), 0.0438260 secs] [Times: user=0.33 sys=0.02, real=0.05 secs] 
2011-03-01T01:44:51.892+0000: 2593.283: [GC 2593.284: [ParNew: 357031K->40960K(368640K), 0.0482220 secs] 7970430K->7668470K(12541952K), 0.0485430 secs] [Times: user=0.35 sys=0.01, real=0.04 secs] 
2011-03-01T01:44:52.977+0000: 2594.368: [GC 2594.369: [ParNew: 368640K->40960K(368640K), 0.0484260 secs] 7996150K->7686623K(12541952K), 0.0487460 secs] [Times: user=0.36 sys=0.00, real=0.05 secs] 
2011-03-01T01:44:54.296+0000: 2595.687: [GC 2595.687: [ParNew: 368585K->28692K(368640K), 0.0410220 secs] 8014249K->7688093K(12541952K), 0.0413610 secs] [Times: user=0.31 sys=0.00, real=0.04 secs] 
2011-03-01T01:44:54.923+0000: 2596.314: [GC 2596.314: [ParNew: 356372K->20289K(368640K), 0.0319090 secs] 8015773K->7679690K(12541952K), 0.0322370 secs] [Times: user=0.25 sys=0.00, real=0.03 secs] 
2011-03-01T01:44:55.478+0000: 2596.869: [GC 2596.870: [ParNew: 347919K->30244K(368640K), 0.0345360 secs] 8007321K->7689645K(12541952K), 0.0348760 secs] [Times: user=0.26 sys=0.00, real=0.04 secs] 
2011-03-01T01:44:56.190+0000: 2597.582: [GC 2597.582: [ParNew: 357924K->35036K(368640K), 0.0407830 secs] 8017325K->7700995K(12541952K), 0.0411790 secs] [Times: user=0.32 sys=0.00, real=0.04 secs] 
2011-03-01T01:44:56.550+0000: 2597.941: [GC 2597.942: [ParNew: 362716K->22376K(368640K), 0.0353220 secs] 8028675K->7697903K(12541952K), 0.0357500 secs] [Times: user=0.29 sys=0.00, real=0.04 secs] 
2011-03-01T01:44:56.906+0000: 2598.297: [GC 2598.298: [ParNew: 350056K->23078K(368640K), 0.0282340 secs] 8025583K->7698605K(12541952K), 0.0286590 secs] [Times: user=0.21 sys=0.00, real=0.03 secs] 
2011-03-01T01:44:57.285+0000: 2598.676: [GC 2598.677: [ParNew: 350758K->26763K(368640K), 0.0275410 secs] 8026285K->7702290K(12541952K), 0.0279890 secs] [Times: user=0.17 sys=0.00, real=0.03 secs] 
2011-03-01T01:44:57.673+0000: 2599.064: [GC 2599.064: [ParNew: 354394K->8909K(368640K), 0.0321500 secs] 8029921K->7688617K(12541952K), 0.0325190 secs] [Times: user=0.27 sys=0.01, real=0.03 secs] 
2011-03-01T01:44:58.144+0000: 2599.535: [GC 2599.535: [ParNew: 336533K->8229K(368640K), 0.0317050 secs] 8016241K->7690879K(12541952K), 0.0362230 secs] [Times: user=0.24 sys=0.00, real=0.03 secs] 
2011-03-01T01:44:58.520+0000: 2599.911: [GC 2599.911: [ParNew: 335909K->20199K(368640K), 0.0299680 secs] 8018559K->7703871K(12541952K), 0.0303210 secs] [Times: user=0.24 sys=0.00, real=0.03 secs] 
2011-03-01T01:44:59.831+0000: 2601.222: [GC 2601.223: [ParNew: 347879K->16473K(368640K), 0.0306870 secs] 8031551K->7700509K(12541952K), 0.0310090 secs] [Times: user=0.22 sys=0.00, real=0.04 secs] 
2011-03-01T01:45:00.706+0000: 2602.097: [GC 2602.097: [ParNew: 344153K->40960K(368640K), 0.0431750 secs] 8028189K->7728977K(12541952K), 0.0434870 secs] [Times: user=0.32 sys=0.00, real=0.04 secs] 
2011-03-01T01:45:03.181+0000: 2604.572: [GC 2604.573: [ParNew: 368640K->22773K(368640K), 0.0523340 secs] 8056657K->7730324K(12541952K), 0.2172980 secs] [Times: user=0.37 sys=0.00, real=0.22 secs] 
2011-03-01T01:45:05.274+0000: 2606.665: [GC 2606.666: [ParNew: 350453K->40960K(368640K), 0.0517830 secs] 8058004K->7763695K(12541952K), 0.0522060 secs] [Times: user=0.33 sys=0.00, real=0.05 secs] 
2011-03-01T01:45:05.903+0000: 2607.294: [GC 2607.294: [ParNew: 368640K->40960K(368640K), 0.0576470 secs] 8091375K->7784481K(12541952K), 0.0580670 secs] [Times: user=0.44 sys=0.00, real=0.05 secs] 
2011-03-01T01:45:07.769+0000: 2609.160: [GC 2609.160: [ParNew: 368640K->30266K(368640K), 0.0422270 secs] 8112161K->7787230K(12541952K), 0.0426490 secs] [Times: user=0.32 sys=0.00, real=0.04 secs] 
2011-03-01T01:45:10.727+0000: 2612.118: [GC 2612.118: [ParNew: 357946K->20481K(368640K), 0.0428030 secs] 8114910K->7789721K(12541952K), 0.0432210 secs] [Times: user=0.31 sys=0.01, real=0.04 secs] 
2011-03-01T01:45:12.989+0000: 2614.380: [GC 2614.381: [ParNew: 348161K->40960K(368640K), 0.0393690 secs] 8117401K->7810241K(12541952K), 0.0397260 secs] [Times: user=0.32 sys=0.00, real=0.04 secs] 
2011-03-01T01:45:14.214+0000: 2615.605: [GC 2615.606: [ParNew: 368640K->40960K(368640K), 0.0732140 secs] 8137921K->7904324K(12541952K), 0.0735390 secs] [Times: user=0.50 sys=0.01, real=0.07 secs] 
2011-03-01T01:45:16.526+0000: 2617.917: [GC 2617.917: [ParNew: 368640K->26421K(368640K), 0.0451840 secs] 8232004K->7900028K(12541952K), 0.0455010 secs] [Times: user=0.32 sys=0.00, real=0.04 secs] 
2011-03-01T01:45:18.434+0000: 2619.825: [GC 2619.826: [ParNew: 354101K->40960K(368640K), 0.0863390 secs] 8227708K->7943985K(12541952K), 0.0866560 secs] [Times: user=0.50 sys=0.00, real=0.08 secs] 
2011-03-01T01:45:19.337+0000: 2620.728: [GC 2620.729: [ParNew: 368640K->16557K(368640K), 0.0504560 secs] 8271665K->7941027K(12541952K), 0.0507730 secs] [Times: user=0.36 sys=0.00, real=0.05 secs] 
2011-03-01T01:45:21.184+0000: 2622.575: [GC 2622.575: [ParNew: 344237K->40960K(368640K), 0.0464340 secs] 8268707K->7973973K(12541952K), 0.0467500 secs] [Times: user=0.32 sys=0.00, real=0.04 secs] 
2011-03-01T01:45:23.055+0000: 2624.446: [GC 2624.446: [ParNew: 368640K->23504K(368640K), 0.0543920 secs] 8301653K->7977467K(12541952K), 0.0547120 secs] [Times: user=0.40 sys=0.00, real=0.05 secs] 
2011-03-01T01:45:25.191+0000: 2626.583: [GC 2626.583: [ParNew: 351184K->35197K(368640K), 0.0386750 secs] 8305147K->7989161K(12541952K), 0.0389800 secs] [Times: user=0.32 sys=0.00, real=0.04 secs] 
2011-03-01T01:45:26.955+0000: 2628.346: [GC 2628.346: [ParNew: 362877K->32216K(368640K), 0.0536690 secs] 8316841K->8005451K(12541952K), 0.0539820 secs] [Times: user=0.40 sys=0.00, real=0.05 secs] 
2011-03-01T01:45:28.914+0000: 2630.305: [GC 2630.306: [ParNew: 359896K->40261K(368640K), 0.0468220 secs] 8333131K->8023282K(12541952K), 0.0471370 secs] [Times: user=0.32 sys=0.00, real=0.04 secs] 
2011-03-01T01:45:29.891+0000: 2631.282: [GC 2631.282: [ParNew: 367941K->40960K(368640K), 0.0558470 secs] 8350962K->8038037K(12541952K), 0.0561670 secs] [Times: user=0.46 sys=0.00, real=0.06 secs] 
2011-03-01T01:45:31.517+0000: 2632.908: [GC 2632.908: [ParNew: 368640K->33435K(368640K), 0.0377990 secs] 8365717K->8034688K(12541952K), 0.0382060 secs] [Times: user=0.29 sys=0.00, real=0.04 secs] 
2011-03-01T01:45:32.403+0000: 2633.794: [GC 2633.794: [ParNew: 361115K->40960K(368640K), 0.0536630 secs] 8362368K->8053843K(12541952K), 0.0582420 secs] [Times: user=0.39 sys=0.00, real=0.05 secs] 
2011-03-01T01:45:34.062+0000: 2635.454: [GC 2635.454: [ParNew: 368640K->37820K(368640K), 0.0378740 secs] 8381523K->8055145K(12541952K), 0.0383530 secs] [Times: user=0.30 sys=0.00, real=0.04 secs] 
2011-03-01T01:45:34.953+0000: 2636.345: [GC 2636.345: [ParNew: 365535K->40960K(368640K), 0.1019370 secs] 8382860K->8095455K(12541952K), 0.1024120 secs] [Times: user=0.66 sys=0.05, real=0.10 secs] 
2011-03-01T01:45:35.408+0000: 2636.799: [GC 2636.799: [ParNew: 368640K->33578K(368640K), 0.0559720 secs] 8423135K->8102770K(12541952K), 0.0564090 secs] [Times: user=0.41 sys=0.00, real=0.06 secs] 
2011-03-01T01:45:35.706+0000: 2637.097: [GC 2637.097: [ParNew: 361258K->40960K(368640K), 0.1333190 secs] 8430450K->8165818K(12541952K), 0.1337550 secs] [Times: user=0.82 sys=0.00, real=0.13 secs] 
2011-03-01T01:45:36.069+0000: 2637.461: [GC 2637.461: [ParNew: 368640K->40960K(368640K), 0.1025960 secs] 8493498K->8217918K(12541952K), 0.1030070 secs] [Times: user=0.73 sys=0.00, real=0.11 secs] 
2011-03-01T01:45:36.340+0000: 2637.731: [GC 2637.731: [ParNew: 368497K->40960K(368640K), 0.1634230 secs] 8545455K->8313693K(12541952K), 0.1637460 secs] [Times: user=1.15 sys=0.01, real=0.17 secs] 
2011-03-01T01:45:36.638+0000: 2638.029: [GC 2638.030: [ParNew: 368640K->40960K(368640K), 0.2228860 secs] 8641373K->8441196K(12541952K), 0.2232070 secs] [Times: user=1.42 sys=0.01, real=0.22 secs] 
2011-03-01T01:45:36.864+0000: 2638.256: [GC [1 CMS-initial-mark: 8400236K(12173312K)] 8442477K(12541952K), 0.0566190 secs] [Times: user=0.05 sys=0.00, real=0.05 secs] 
2011-03-01T01:45:36.921+0000: 2638.312: [CMS-concurrent-mark-start]
2011-03-01T01:45:37.097+0000: 2638.488: [GC 2638.488: [ParNew: 368640K->40960K(368640K), 0.2086540 secs] 8768876K->8542703K(12541952K), 0.2089720 secs] [Times: user=1.43 sys=0.01, real=0.21 secs] 
2011-03-01T01:45:37.482+0000: 2638.874: [GC 2638.874: [ParNew: 368640K->40960K(368640K), 0.1277710 secs] 8870383K->8598870K(12541952K), 0.1296560 secs] [Times: user=0.89 sys=0.01, real=0.13 secs] 
2011-03-01T01:45:37.907+0000: 2639.299: [GC 2639.299: [ParNew: 368640K->40960K(368640K), 0.1307620 secs] 8926550K->8640938K(12541952K), 0.1312040 secs] [Times: user=0.93 sys=0.00, real=0.13 secs] 
2011-03-01T01:45:38.158+0000: 2639.549: [GC 2639.549: [ParNew: 368640K->40960K(368640K), 0.0870020 secs] 8968618K->8675118K(12541952K), 0.0873390 secs] [Times: user=0.63 sys=0.00, real=0.09 secs] 
2011-03-01T01:45:38.306+0000: 2639.697: [GC 2639.697: [ParNew: 368640K->40960K(368640K), 0.0734920 secs] 9002798K->8714146K(12541952K), 0.0738160 secs] [Times: user=0.48 sys=0.00, real=0.07 secs] 
2011-03-01T01:45:38.428+0000: 2639.819: [GC 2639.820: [ParNew: 368640K->40960K(368640K), 0.0552600 secs] 9041826K->8737798K(12541952K), 0.0556870 secs] [Times: user=0.39 sys=0.00, real=0.06 secs] 
2011-03-01T01:45:38.531+0000: 2639.922: [GC 2639.923: [ParNew: 368640K->38444K(368640K), 0.0489330 secs] 9065478K->8764464K(12541952K), 0.0493530 secs] [Times: user=0.36 sys=0.01, real=0.05 secs] 
2011-03-01T01:45:38.628+0000: 2640.019: [GC 2640.019: [ParNew: 366124K->40960K(368640K), 0.0428500 secs] 9092144K->8795462K(12541952K), 0.0431660 secs] [Times: user=0.30 sys=0.02, real=0.04 secs] 
2011-03-01T01:45:38.734+0000: 2640.125: [GC 2640.126: [ParNew: 368640K->36855K(368640K), 0.0464340 secs] 9123142K->8828793K(12541952K), 0.0467640 secs] [Times: user=0.28 sys=0.04, real=0.04 secs] 
2011-03-01T01:45:38.828+0000: 2640.219: [GC 2640.219: [ParNew: 364535K->23740K(368640K), 0.0488860 secs] 9156473K->8845481K(12541952K), 0.0491930 secs] [Times: user=0.30 sys=0.01, real=0.05 secs] 
2011-03-01T01:45:38.918+0000: 2640.310: [GC 2640.310: [ParNew: 351420K->40960K(368640K), 0.0263770 secs] 9173161K->8869053K(12541952K), 0.0266970 secs] [Times: user=0.21 sys=0.00, real=0.03 secs] 
2011-03-01T01:45:38.996+0000: 2640.387: [GC 2640.387: [ParNew: 368640K->33242K(368640K), 0.0449750 secs] 9196733K->8900148K(12541952K), 0.0452970 secs] [Times: user=0.32 sys=0.00, real=0.04 secs] 
2011-03-01T01:45:39.109+0000: 2640.500: [GC 2640.500: [ParNew: 360922K->40960K(368640K), 0.0449550 secs] 9227828K->8964158K(12541952K), 0.0453990 secs] [Times: user=0.30 sys=0.03, real=0.05 secs] 
2011-03-01T01:45:39.209+0000: 2640.600: [GC 2640.601: [ParNew: 368640K->39539K(368640K), 0.0436980 secs] 9291838K->9045233K(12541952K), 0.0441540 secs] [Times: user=0.30 sys=0.02, real=0.05 secs] 
2011-03-01T01:45:39.313+0000: 2640.704: [GC 2640.704: [ParNew: 367219K->40960K(368640K), 0.0441650 secs] 9372913K->9143049K(12541952K), 0.0446490 secs] [Times: user=0.25 sys=0.05, real=0.04 secs] 
2011-03-01T01:45:39.403+0000: 2640.794: [CMS-concurrent-mark: 1.347/2.482 secs] [Times: user=25.24 sys=2.01, real=2.49 secs] 
2011-03-01T01:45:39.403+0000: 2640.794: [CMS-concurrent-preclean-start]
2011-03-01T01:45:39.413+0000: 2640.805: [GC 2640.805: [ParNew: 368640K->40960K(368640K), 0.0515790 secs] 9470729K->9240023K(12541952K), 0.0520330 secs] [Times: user=0.33 sys=0.03, real=0.05 secs] 
2011-03-01T01:45:39.532+0000: 2640.923: [GC 2640.924: [ParNew: 362709K->40960K(368640K), 0.0547510 secs] 9561773K->9313306K(12541952K), 0.0551800 secs] [Times: user=0.38 sys=0.00, real=0.06 secs] 
2011-03-01T01:45:39.678+0000: 2641.069: [GC 2641.069: [ParNew: 368640K->40960K(368640K), 0.0524290 secs] 9640986K->9356441K(12541952K), 0.0528480 secs] [Times: user=0.38 sys=0.01, real=0.05 secs] 
2011-03-01T01:45:39.784+0000: 2641.175: [GC 2641.175: [ParNew: 368640K->40960K(368640K), 0.0517550 secs] 9684121K->9395301K(12541952K), 0.0520770 secs] [Times: user=0.34 sys=0.03, real=0.05 secs] 
2011-03-01T01:45:39.883+0000: 2641.274: [GC 2641.274: [ParNew: 368640K->33286K(368640K), 0.0319100 secs] 9722981K->9394291K(12541952K), 0.0322390 secs] [Times: user=0.21 sys=0.00, real=0.03 secs] 
2011-03-01T01:45:39.955+0000: 2641.346: [GC 2641.346: [ParNew: 360966K->32388K(368640K), 0.0364510 secs] 9721971K->9412206K(12541952K), 0.0368760 secs] [Times: user=0.25 sys=0.00, real=0.03 secs] 
2011-03-01T01:45:40.040+0000: 2641.431: [GC 2641.431: [ParNew: 360068K->25676K(368640K), 0.0338860 secs] 9739886K->9433276K(12541952K), 0.0343180 secs] [Times: user=0.25 sys=0.00, real=0.04 secs] 
2011-03-01T01:45:40.118+0000: 2641.510: [GC 2641.510: [ParNew: 353356K->40401K(368640K), 0.0343270 secs] 9760956K->9463359K(12541952K), 0.0347510 secs] [Times: user=0.25 sys=0.00, real=0.04 secs] 
2011-03-01T01:45:40.194+0000: 2641.585: [GC 2641.585: [ParNew: 368081K->26495K(368640K), 0.0366380 secs] 9791039K->9462304K(12541952K), 0.0370390 secs] [Times: user=0.26 sys=0.00, real=0.03 secs] 
2011-03-01T01:45:40.269+0000: 2641.661: [GC 2641.661: [ParNew: 354175K->26509K(368640K), 0.0362090 secs] 9789984K->9480021K(12541952K), 0.0366100 secs] [Times: user=0.28 sys=0.00, real=0.04 secs] 
2011-03-01T01:45:40.344+0000: 2641.735: [GC 2641.735: [ParNew: 354189K->40150K(368640K), 0.0376890 secs] 9807701K->9536376K(12541952K), 0.0381050 secs] [Times: user=0.26 sys=0.00, real=0.03 secs] 
2011-03-01T01:45:40.426+0000: 2641.817: [GC 2641.817: [ParNew: 367830K->40960K(368640K), 0.0432620 secs] 9864056K->9597775K(12541952K), 0.0436830 secs] [Times: user=0.30 sys=0.02, real=0.04 secs] 
2011-03-01T01:45:40.518+0000: 2641.909: [GC 2641.909: [ParNew: 368640K->33850K(368640K), 0.0468560 secs] 9925455K->9663342K(12541952K), 0.0472880 secs] [Times: user=0.31 sys=0.02, real=0.05 secs] 
2011-03-01T01:45:40.605+0000: 2641.996: [GC 2641.996: [ParNew: 359950K->39651K(368640K), 0.0388120 secs] 9989442K->9736080K(12541952K), 0.0392820 secs] [Times: user=0.25 sys=0.01, real=0.04 secs] 
2011-03-01T01:45:40.695+0000: 2642.086: [GC 2642.087: [ParNew: 367331K->38031K(368640K), 0.0457240 secs] 10063760K->9834642K(12541952K), 0.0461700 secs] [Times: user=0.28 sys=0.02, real=0.04 secs] 
2011-03-01T01:45:40.789+0000: 2642.180: [GC 2642.180: [ParNew: 362268K->39833K(368640K), 0.0347500 secs] 10158879K->9888094K(12541952K), 0.0351810 secs] [Times: user=0.26 sys=0.01, real=0.04 secs] 
2011-03-01T01:45:40.875+0000: 2642.266: [GC 2642.266: [ParNew: 367086K->40960K(368640K), 0.0770890 secs] 10215347K->9977934K(12541952K), 0.0775100 secs] [Times: user=0.50 sys=0.03, real=0.08 secs] 
2011-03-01T01:45:41.003+0000: 2642.394: [GC 2642.394: [ParNew: 363122K->37242K(368640K), 0.0364300 secs] 10300097K->10020662K(12541952K), 0.0368560 secs] [Times: user=0.23 sys=0.03, real=0.03 secs] 
2011-03-01T01:45:41.105+0000: 2642.496: [GC 2642.496: [ParNew: 356383K->37545K(368640K), 0.0432870 secs] 10339803K->10074996K(12541952K), 0.0436670 secs] [Times: user=0.31 sys=0.01, real=0.04 secs] 
2011-03-01T01:45:41.199+0000: 2642.591: [GC 2642.591: [ParNew: 365225K->40960K(368640K), 0.0327060 secs] 10402676K->10127820K(12541952K), 0.0330470 secs] [Times: user=0.22 sys=0.02, real=0.04 secs] 
2011-03-01T01:45:41.283+0000: 2642.675: [GC 2642.675: [ParNew: 368640K->31854K(368640K), 0.0301990 secs] 10455500K->10161725K(12541952K), 0.0305160 secs] [Times: user=0.20 sys=0.01, real=0.03 secs] 
2011-03-01T01:45:41.367+0000: 2642.758: [GC 2642.758: [ParNew: 350131K->18318K(368640K), 0.0331600 secs] 10480002K->10161085K(12541952K), 0.0334820 secs] [Times: user=0.24 sys=0.00, real=0.03 secs] 
2011-03-01T01:45:41.446+0000: 2642.837: [GC 2642.837: [ParNew: 345998K->35741K(368640K), 0.0343660 secs] 10488765K->10212970K(12541952K), 0.0346870 secs] [Times: user=0.22 sys=0.00, real=0.03 secs] 
2011-03-01T01:45:41.547+0000: 2642.938: [GC 2642.939: [ParNew: 363421K->3227K(368640K), 0.0378790 secs] 10540650K->10228200K(12541952K), 0.0382030 secs] [Times: user=0.31 sys=0.01, real=0.04 secs] 
2011-03-01T01:45:41.638+0000: 2643.029: [GC 2643.029: [ParNew: 330907K->34472K(368640K), 0.0277660 secs] 10555880K->10259444K(12541952K), 0.0280860 secs] [Times: user=0.24 sys=0.00, real=0.03 secs] 
2011-03-01T01:45:41.723+0000: 2643.114: [GC 2643.114: [ParNew: 362152K->31790K(368640K), 0.0475400 secs] 10587124K->10329738K(12541952K), 0.0478970 secs] [Times: user=0.34 sys=0.01, real=0.04 secs] 
2011-03-01T01:45:41.832+0000: 2643.223: [GC 2643.223: [ParNew: 359470K->32074K(368640K), 0.0458080 secs] 10657418K->10379966K(12541952K), 0.0461250 secs] [Times: user=0.39 sys=0.01, real=0.05 secs] 
2011-03-01T01:45:41.936+0000: 2643.328: [GC 2643.328: [ParNew: 359754K->26594K(368640K), 0.0692230 secs] 10707646K->10481639K(12541952K), 0.0695500 secs] [Times: user=0.46 sys=0.03, real=0.07 secs] 
2011-03-01T01:45:42.077+0000: 2643.468: [GC 2643.468: [ParNew: 351558K->33142K(368640K), 0.0373380 secs] 10806602K->10547730K(12541952K), 0.0376620 secs] [Times: user=0.30 sys=0.00, real=0.04 secs] 
2011-03-01T01:45:42.195+0000: 2643.586: [GC 2643.586: [ParNew: 360822K->20246K(368640K), 0.0478230 secs] 10875410K->10603547K(12541952K), 0.0481500 secs] [Times: user=0.30 sys=0.02, real=0.05 secs] 
2011-03-01T01:45:42.313+0000: 2643.704: [GC 2643.704: [ParNew: 290110K->39751K(368640K), 0.0518700 secs] 10873412K->10742129K(12541952K), 0.0521960 secs] [Times: user=0.35 sys=0.06, real=0.05 secs] 
2011-03-01T01:45:42.446+0000: 2643.837: [GC 2643.837: [ParNew: 337435K->33994K(368640K), 0.0605570 secs] 11039813K->10920835K(12541952K), 0.0608790 secs] [Times: user=0.38 sys=0.05, real=0.07 secs] 
2011-03-01T01:45:42.629+0000: 2644.020: [GC 2644.020: [ParNew: 361674K->30873K(368640K), 0.0807690 secs] 11248515K->11156038K(12541952K), 0.0810910 secs] [Times: user=0.54 sys=0.06, real=0.08 secs] 
2011-03-01T01:45:42.927+0000: 2644.318: [GC 2644.319: [ParNew: 347233K->1459K(368640K), 0.0357630 secs] 11472398K->11186573K(12541952K), 0.0360650 secs] [Times: user=0.25 sys=0.01, real=0.04 secs] 
2011-03-01T01:45:42.991+0000: 2644.382: [CMS-concurrent-preclean: 1.804/3.587 secs] [Times: user=26.72 sys=2.73, real=3.58 secs] 
2011-03-01T01:45:42.991+0000: 2644.382: [CMS-concurrent-abortable-preclean-start]
2011-03-01T01:45:43.354+0000: 2644.745: [CMS-concurrent-abortable-preclean: 0.355/0.363 secs] [Times: user=0.82 sys=0.30, real=0.37 secs] 
2011-03-01T01:45:43.355+0000: 2644.747: [GC[YG occupancy: 165661 K (368640 K)]2644.747: [Rescan (parallel) , 0.0206390 secs]2644.767: [weak refs processing, 0.0217500 secs] [1 CMS-remark: 11185113K(12173312K)] 11350775K(12541952K), 0.0426970 secs] [Times: user=0.18 sys=0.00, real=0.04 secs] 
2011-03-01T01:45:43.399+0000: 2644.790: [CMS-concurrent-sweep-start]
2011-03-01T01:45:44.097+0000: 2645.488: [GC 2645.489: [ParNew: 329139K->33729K(368640K), 0.0383530 secs] 10933763K->10638353K(12541952K), 0.0386960 secs] [Times: user=0.32 sys=0.00, real=0.04 secs] 
2011-03-01T01:45:45.321+0000: 2646.712: [GC 2646.712: [ParNew: 361409K->40960K(368640K), 0.0716170 secs] 10733651K->10444889K(12541952K), 0.0720590 secs] [Times: user=0.56 sys=0.00, real=0.08 secs] 
2011-03-01T01:45:46.706+0000: 2648.097: [GC 2648.097: [ParNew: 368640K->28527K(368640K), 0.0338900 secs] 10385443K->10051442K(12541952K), 0.0343240 secs] [Times: user=0.24 sys=0.00, real=0.03 secs] 
2011-03-01T01:45:47.796+0000: 2649.187: [GC 2649.188: [ParNew: 356207K->40960K(368640K), 0.0694310 secs] 9940488K->9650964K(12541952K), 0.0698790 secs] [Times: user=0.49 sys=0.00, real=0.07 secs] 
2011-03-01T01:45:49.548+0000: 2650.939: [GC 2650.939: [ParNew: 368640K->40960K(368640K), 0.0677000 secs] 9645759K->9342251K(12541952K), 0.0680300 secs] [Times: user=0.49 sys=0.00, real=0.07 secs] 
2011-03-01T01:45:51.083+0000: 2652.474: [GC 2652.474: [ParNew: 368640K->23812K(368640K), 0.0460090 secs] 9240829K->8912048K(12541952K), 0.0464130 secs] [Times: user=0.35 sys=0.00, real=0.04 secs] 
2011-03-01T01:45:52.685+0000: 2654.076: [GC 2654.076: [ParNew: 351492K->39706K(368640K), 0.0345380 secs] 8755907K->8446169K(12541952K), 0.0349470 secs] [Times: user=0.24 sys=0.00, real=0.03 secs] 
2011-03-01T01:45:53.985+0000: 2655.377: [GC 2655.377: [ParNew: 367386K->40960K(368640K), 0.0548090 secs] 8540731K->8233144K(12541952K), 0.0551350 secs] [Times: user=0.38 sys=0.02, real=0.05 secs] 
2011-03-01T01:45:54.787+0000: 2656.178: [GC 2656.178: [ParNew: 368592K->20271K(368640K), 0.0383780 secs] 8392795K->8056746K(12541952K), 0.0387560 secs] [Times: user=0.29 sys=0.01, real=0.04 secs] 
2011-03-01T01:45:55.418+0000: 2656.809: [GC 2656.809: [ParNew: 347935K->8550K(368640K), 0.0244070 secs] 8257931K->7918546K(12541952K), 0.0247470 secs] [Times: user=0.17 sys=0.00, real=0.03 secs] 
2011-03-01T01:45:56.171+0000: 2657.562: [GC 2657.562: [ParNew: 336184K->10895K(368640K), 0.0253180 secs] 7968683K->7643394K(12541952K), 0.0256550 secs] [Times: user=0.23 sys=0.00, real=0.03 secs] 
2011-03-01T01:45:56.472+0000: 2657.863: [GC 2657.863: [ParNew: 338575K->40960K(368640K), 0.0546920 secs] 7770917K->7480130K(12541952K), 0.0550980 secs] [Times: user=0.44 sys=0.00, real=0.06 secs] 
2011-03-01T01:45:56.777+0000: 2658.168: [GC 2658.168: [ParNew: 368640K->32800K(368640K), 0.0471720 secs] 7690087K->7371872K(12541952K), 0.0476120 secs] [Times: user=0.32 sys=0.00, real=0.05 secs] 
2011-03-01T01:45:57.101+0000: 2658.492: [GC 2658.492: [ParNew: 360480K->24753K(368640K), 0.0222290 secs] 7638835K->7303108K(12541952K), 0.0226720 secs] [Times: user=0.16 sys=0.00, real=0.03 secs] 
2011-03-01T01:45:57.512+0000: 2658.903: [GC 2658.904: [ParNew: 352370K->29863K(368640K), 0.0299180 secs] 7574900K->7252393K(12541952K), 0.0303610 secs] [Times: user=0.22 sys=0.00, real=0.04 secs] 
2011-03-01T01:45:57.898+0000: 2659.289: [GC 2659.289: [ParNew: 357541K->2520K(368640K), 0.0299060 secs] 7525314K->7175445K(12541952K), 0.0303190 secs] [Times: user=0.26 sys=0.00, real=0.03 secs] 
2011-03-01T01:45:58.321+0000: 2659.712: [GC 2659.712: [ParNew: 330200K->21436K(368640K), 0.0298140 secs] 7437953K->7129188K(12541952K), 0.0301910 secs] [Times: user=0.24 sys=0.00, real=0.03 secs] 
2011-03-01T01:45:59.026+0000: 2660.417: [GC 2660.417: [ParNew: 349116K->15414K(368640K), 0.0321310 secs] 7346736K->7013401K(12541952K), 0.0324610 secs] [Times: user=0.24 sys=0.00, real=0.03 secs] 
2011-03-01T01:46:00.309+0000: 2661.701: [GC 2661.701: [ParNew: 343157K->40960K(368640K), 0.0541060 secs] 7038888K->6740690K(12541952K), 0.0544290 secs] [Times: user=0.41 sys=0.00, real=0.06 secs] 
2011-03-01T01:46:00.367+0000: 2661.758: [GC 2661.758: [ParNew: 44498K->31858K(368640K), 0.0710570 secs] 6744164K->6772600K(12541952K), 0.0713900 secs] [Times: user=0.39 sys=0.02, real=0.07 secs] 
2011-03-01T01:46:01.608+0000: 2662.999: [GC 2662.999: [ParNew: 359538K->34700K(368640K), 0.0333960 secs] 6618437K->6293598K(12541952K), 0.0337160 secs] [Times: user=0.24 sys=0.00, real=0.03 secs] 
2011-03-01T01:46:04.272+0000: 2665.664: [GC 2665.664: [ParNew: 362380K->27984K(368640K), 0.0407900 secs] 6032396K->5711212K(12541952K), 0.0411240 secs] [Times: user=0.29 sys=0.00, real=0.04 secs] 
2011-03-01T01:46:06.728+0000: 2668.120: [GC 2668.120: [ParNew: 355664K->32453K(368640K), 0.0408860 secs] 5230407K->4917490K(12541952K), 0.0412170 secs] [Times: user=0.31 sys=0.00, real=0.04 secs] 
2011-03-01T01:46:07.967+0000: 2669.358: [CMS-concurrent-sweep: 23.475/24.568 secs] [Times: user=61.20 sys=12.42, real=24.57 secs] 
2011-03-01T01:46:07.967+0000: 2669.358: [CMS-concurrent-reset-start]
2011-03-01T01:46:08.001+0000: 2669.392: [CMS-concurrent-reset: 0.028/0.034 secs] [Times: user=0.04 sys=0.03, real=0.03 secs] 
2011-03-01T01:46:09.290+0000: 2670.682: [GC 2670.682: [ParNew: 360133K->20389K(368640K), 0.0322040 secs] 4654385K->4320403K(12541952K), 0.0325370 secs] [Times: user=0.24 sys=0.00, real=0.04 secs] 
2011-03-01T01:46:10.992+0000: 2672.383: [GC 2672.383: [ParNew: 348069K->40960K(368640K), 0.0317600 secs] 4648083K->4341225K(12541952K), 0.0321510 secs] [Times: user=0.26 sys=0.00, real=0.04 secs] 
2011-03-01T01:46:13.256+0000: 2674.647: [GC 2674.648: [ParNew: 368640K->17141K(368640K), 0.0414920 secs] 4668905K->4331715K(12541952K), 0.0418650 secs] [Times: user=0.25 sys=0.00, real=0.04 secs] 
2011-03-01T01:46:15.203+0000: 2676.594: [GC 2676.595: [ParNew: 344821K->40960K(368640K), 0.0412570 secs] 4659395K->4358818K(12541952K), 0.0416990 secs] [Times: user=0.31 sys=0.01, real=0.04 secs] 
2011-03-01T01:46:17.566+0000: 2678.957: [GC 2678.957: [ParNew: 368640K->40614K(368640K), 0.0418690 secs] 4686498K->4370080K(12541952K), 0.0423520 secs] [Times: user=0.24 sys=0.00, real=0.04 secs] 
2011-03-01T01:46:19.165+0000: 2680.556: [GC 2680.557: [ParNew: 368294K->33230K(368640K), 0.0361340 secs] 4697760K->4369764K(12541952K), 0.0365630 secs] [Times: user=0.24 sys=0.00, real=0.03 secs] 
2011-03-01T01:46:21.146+0000: 2682.537: [GC 2682.537: [ParNew: 360910K->20814K(368640K), 0.0357020 secs] 4697444K->4365312K(12541952K), 0.0361260 secs] [Times: user=0.24 sys=0.00, real=0.03 secs] 
2011-03-01T01:46:23.811+0000: 2685.202: [GC 2685.202: [ParNew: 348494K->40122K(368640K), 0.0419870 secs] 4692992K->4384620K(12541952K), 0.0423650 secs] [Times: user=0.31 sys=0.00, real=0.05 secs] 
2011-03-01T01:46:25.037+0000: 2686.428: [GC 2686.428: [ParNew: 367802K->32256K(368640K), 0.0435380 secs] 4712300K->4382654K(12541952K), 0.0438670 secs] [Times: user=0.32 sys=0.00, real=0.04 secs] 
2011-03-01T01:46:26.485+0000: 2687.876: [GC 2687.927: [ParNew: 359936K->40960K(368640K), 0.0547960 secs] 4710334K->4400351K(12541952K), 0.0552330 secs] [Times: user=0.38 sys=0.00, real=0.10 secs] 
2011-03-01T01:46:28.094+0000: 2689.485: [GC 2689.485: [ParNew: 368640K->25885K(368640K), 0.0439350 secs] 4728031K->4398968K(12541952K), 0.0443260 secs] [Times: user=0.27 sys=0.01, real=0.04 secs] 
2011-03-01T01:46:29.942+0000: 2691.334: [GC 2691.334: [ParNew: 353565K->16335K(368640K), 0.0493910 secs] 4726648K->4397847K(12541952K), 0.0498250 secs] [Times: user=0.32 sys=0.00, real=0.05 secs] 
2011-03-01T01:46:30.986+0000: 2692.377: [GC 2692.377: [ParNew: 339134K->40960K(368640K), 0.0594940 secs] 4720646K->4432730K(12541952K), 0.0599080 secs] [Times: user=0.40 sys=0.00, real=0.06 secs] 
2011-03-01T01:46:32.207+0000: 2693.598: [GC 2693.599: [ParNew: 368640K->40960K(368640K), 0.0639460 secs] 4760410K->4451941K(12541952K), 0.0643580 secs] [Times: user=0.48 sys=0.00, real=0.06 secs] 
2011-03-01T01:46:33.754+0000: 2695.145: [GC 2695.145: [ParNew: 368640K->25751K(368640K), 0.0772420 secs] 4779621K->4467179K(12541952K), 0.0776570 secs] [Times: user=0.56 sys=0.00, real=0.07 secs] 
2011-03-01T01:46:34.994+0000: 2696.385: [GC 2696.385: [ParNew: 353431K->40960K(368640K), 0.0761030 secs] 4794859K->4500183K(12541952K), 0.0765240 secs] [Times: user=0.50 sys=0.00, real=0.07 secs] 
2011-03-01T01:46:35.300+0000: 2696.692: [GC 2696.692: [ParNew: 368640K->40960K(368640K), 0.0963730 secs] 4827863K->4529812K(12541952K), 0.0967050 secs] [Times: user=0.65 sys=0.00, real=0.10 secs] 
2011-03-01T01:46:35.835+0000: 2697.226: [GC 2697.226: [ParNew: 368640K->40960K(368640K), 0.2051800 secs] 4857509K->4580123K(12541952K), 0.2055150 secs] [Times: user=1.10 sys=0.00, real=0.20 secs] 
2011-03-01T01:46:36.042+0000: 2697.433: [GC 2697.433: [ParNew: 41449K->40071K(368640K), 0.1115020 secs] 4580612K->4620368K(12541952K), 0.1117470 secs] [Times: user=0.59 sys=0.00, real=0.12 secs] 
2011-03-01T01:46:36.314+0000: 2697.705: [GC 2697.705: [ParNew: 367751K->40960K(368640K), 0.1874650 secs] 4948048K->4673696K(12541952K), 0.1878340 secs] [Times: user=1.17 sys=0.00, real=0.18 secs] 
2011-03-01T01:46:36.728+0000: 2698.120: [GC 2698.120: [ParNew: 327011K->40960K(368640K), 0.1054460 secs] 4959747K->4721287K(12541952K), 0.1057830 secs] [Times: user=0.69 sys=0.00, real=0.11 secs] 
2011-03-01T01:46:36.937+0000: 2698.328: [GC 2698.328: [ParNew: 368640K->40960K(368640K), 0.1057810 secs] 5048967K->4892498K(12541952K), 0.1061460 secs] [Times: user=0.72 sys=0.00, real=0.11 secs] 
2011-03-01T01:46:37.191+0000: 2698.582: [GC 2698.582: [ParNew: 368640K->40960K(368640K), 0.2289050 secs] 5220178K->4984934K(12541952K), 0.2292330 secs] [Times: user=1.40 sys=0.01, real=0.23 secs] 
2011-03-01T01:46:37.559+0000: 2698.950: [GC 2698.950: [ParNew: 368640K->40960K(368640K), 0.1556570 secs] 5312614K->5057528K(12541952K), 0.1559810 secs] [Times: user=1.13 sys=0.01, real=0.16 secs] 
2011-03-01T01:46:37.887+0000: 2699.279: [GC 2699.279: [ParNew: 368640K->40960K(368640K), 0.1048130 secs] 5385208K->5098464K(12541952K), 0.1051350 secs] [Times: user=0.72 sys=0.01, real=0.11 secs] 
2011-03-01T01:46:38.235+0000: 2699.626: [GC 2699.626: [ParNew: 368640K->38686K(368640K), 0.0813720 secs] 5426144K->5123900K(12541952K), 0.0817420 secs] [Times: user=0.53 sys=0.01, real=0.08 secs] 
2011-03-01T01:46:38.633+0000: 2700.024: [GC 2700.024: [ParNew: 366366K->17456K(368640K), 0.0678420 secs] 5451580K->5116113K(12541952K), 0.0681790 secs] [Times: user=0.50 sys=0.00, real=0.06 secs] 
2011-03-01T01:46:39.152+0000: 2700.543: [GC 2700.544: [ParNew: 345136K->40960K(368640K), 0.0472620 secs] 5443793K->5140212K(12541952K), 0.0476140 secs] [Times: user=0.38 sys=0.00, real=0.04 secs] 
2011-03-01T01:46:39.721+0000: 2701.112: [GC 2701.112: [ParNew: 368640K->11869K(368640K), 0.0675350 secs] 5467892K->5131229K(12541952K), 0.0678770 secs] [Times: user=0.51 sys=0.00, real=0.07 secs] 
2011-03-01T01:46:40.196+0000: 2701.587: [GC 2701.587: [ParNew: 339549K->13356K(368640K), 0.0441490 secs] 5458909K->5132716K(12541952K), 0.0444730 secs] [Times: user=0.32 sys=0.00, real=0.04 secs] 
2011-03-01T01:46:40.721+0000: 2702.113: [GC 2702.113: [ParNew: 341036K->35026K(368640K), 0.0510270 secs] 5460396K->5154386K(12541952K), 0.0513480 secs] [Times: user=0.40 sys=0.00, real=0.06 secs] 
2011-03-01T01:46:41.242+0000: 2702.634: [GC 2702.634: [ParNew: 362706K->24028K(368640K), 0.0637780 secs] 5482066K->5154364K(12541952K), 0.0641870 secs] [Times: user=0.48 sys=0.02, real=0.06 secs] 
2011-03-01T01:46:41.770+0000: 2703.161: [GC 2703.161: [ParNew: 351708K->40960K(368640K), 0.0601740 secs] 5482044K->5171323K(12541952K), 0.0606210 secs] [Times: user=0.44 sys=0.00, real=0.06 secs] 
2011-03-01T01:46:42.223+0000: 2703.614: [GC 2703.614: [ParNew: 368640K->31409K(368640K), 0.0736070 secs] 5499003K->5177264K(12541952K), 0.0740280 secs] [Times: user=0.51 sys=0.00, real=0.07 secs] 
2011-03-01T01:46:42.894+0000: 2704.285: [GC 2704.286: [ParNew: 359089K->9699K(368640K), 0.0484360 secs] 5504944K->5166879K(12541952K), 0.0488480 secs] [Times: user=0.33 sys=0.00, real=0.05 secs] 
2011-03-01T01:46:43.792+0000: 2705.183: [GC 2705.183: [ParNew: 337379K->34321K(368640K), 0.0530190 secs] 5494559K->5191501K(12541952K), 0.0534270 secs] [Times: user=0.48 sys=0.00, real=0.06 secs] 
2011-03-01T01:46:44.610+0000: 2706.001: [GC 2706.001: [ParNew: 362001K->31611K(368640K), 0.0660300 secs] 5519181K->5204175K(12541952K), 0.0664750 secs] [Times: user=0.48 sys=0.01, real=0.07 secs] 
2011-03-01T01:46:46.343+0000: 2707.734: [GC 2707.734: [ParNew: 359291K->40960K(368640K), 0.0493380 secs] 5531855K->5214252K(12541952K), 0.0497720 secs] [Times: user=0.34 sys=0.01, real=0.05 secs] 
2011-03-01T01:46:47.271+0000: 2708.662: [GC 2708.662: [ParNew: 368640K->40775K(368640K), 0.0818250 secs] 5541932K->5241231K(12541952K), 0.0822550 secs] [Times: user=0.48 sys=0.00, real=0.09 secs] 
2011-03-01T01:46:49.017+0000: 2710.408: [GC 2710.409: [ParNew: 368455K->35982K(368640K), 0.0506540 secs] 5568911K->5244348K(12541952K), 0.0509830 secs] [Times: user=0.38 sys=0.01, real=0.05 secs] 
2011-03-01T01:46:50.281+0000: 2711.672: [GC 2711.672: [ParNew: 363662K->13926K(368640K), 0.0521130 secs] 5572028K->5240098K(12541952K), 0.0524570 secs] [Times: user=0.40 sys=0.00, real=0.06 secs] 
2011-03-01T01:46:52.314+0000: 2713.705: [GC 2713.706: [ParNew: 341606K->40960K(368640K), 0.0562910 secs] 5567778K->5281201K(12541952K), 0.0566260 secs] [Times: user=0.41 sys=0.01, real=0.05 secs] 
2011-03-01T01:46:53.192+0000: 2714.583: [GC 2714.584: [ParNew: 368640K->40960K(368640K), 0.0593250 secs] 5608881K->5295875K(12541952K), 0.0596490 secs] [Times: user=0.47 sys=0.01, real=0.05 secs] 
2011-03-01T01:46:54.573+0000: 2715.964: [GC 2715.965: [ParNew: 368640K->40960K(368640K), 0.0470440 secs] 5623555K->5306467K(12541952K), 0.0473850 secs] [Times: user=0.33 sys=0.01, real=0.04 secs] 
2011-03-01T01:46:54.948+0000: 2716.339: [GC 2716.339: [ParNew: 368640K->15756K(368640K), 0.0425880 secs] 5634147K->5295270K(12541952K), 0.0429240 secs] [Times: user=0.31 sys=0.00, real=0.04 secs] 
2011-03-01T01:46:55.485+0000: 2716.876: [GC 2716.876: [ParNew: 343436K->36032K(368640K), 0.0402670 secs] 5622950K->5315546K(12541952K), 0.0406130 secs] [Times: user=0.33 sys=0.00, real=0.04 secs] 
2011-03-01T01:46:55.817+0000: 2717.208: [GC 2717.208: [ParNew: 363658K->40960K(368640K), 0.0535120 secs] 5643172K->5330661K(12541952K), 0.0538560 secs] [Times: user=0.39 sys=0.00, real=0.05 secs] 
2011-03-01T01:46:56.233+0000: 2717.624: [GC 2717.624: [ParNew: 368623K->34479K(368640K), 0.0362900 secs] 5658325K->5332508K(12541952K), 0.0367400 secs] [Times: user=0.28 sys=0.01, real=0.04 secs] 
2011-03-01T01:46:56.579+0000: 2717.971: [GC 2717.971: [ParNew: 362149K->29745K(368640K), 0.0289600 secs] 5660178K->5327774K(12541952K), 0.0294190 secs] [Times: user=0.24 sys=0.00, real=0.03 secs] 
2011-03-01T01:46:56.902+0000: 2718.294: [GC 2718.294: [ParNew: 357399K->20222K(368640K), 0.0318850 secs] 5655428K->5320963K(12541952K), 0.0323640 secs] [Times: user=0.27 sys=0.00, real=0.03 secs] 
2011-03-01T01:46:57.248+0000: 2718.639: [GC 2718.640: [ParNew: 347902K->40498K(368640K), 0.0312220 secs] 5648643K->5341239K(12541952K), 0.0316750 secs] [Times: user=0.24 sys=0.00, real=0.03 secs] 
2011-03-01T01:46:57.684+0000: 2719.075: [GC 2719.076: [ParNew: 368178K->4814K(368640K), 0.0341170 secs] 5668919K->5315900K(12541952K), 0.0345790 secs] [Times: user=0.24 sys=0.00, real=0.03 secs] 
2011-03-01T01:46:58.117+0000: 2719.508: [GC 2719.508: [ParNew: 332448K->4082K(368640K), 0.0284350 secs] 5643533K->5315167K(12541952K), 0.0288860 secs] [Times: user=0.24 sys=0.00, real=0.03 secs] 
2011-03-01T01:46:58.683+0000: 2720.075: [GC 2720.075: [ParNew: 331760K->8370K(368640K), 0.0304160 secs] 5642846K->5319455K(12541952K), 0.0308570 secs] [Times: user=0.22 sys=0.01, real=0.03 secs] 
2011-03-01T01:47:00.448+0000: 2721.839: [GC 2721.839: [ParNew: 336050K->40960K(368640K), 0.0556520 secs] 5647135K->5360611K(12541952K), 0.0560940 secs] [Times: user=0.41 sys=0.00, real=0.06 secs] 
2011-03-01T01:47:02.761+0000: 2724.152: [GC 2724.152: [ParNew: 368640K->26990K(368640K), 0.0615880 secs] 5688291K->5367176K(12541952K), 0.0620340 secs] [Times: user=0.47 sys=0.00, real=0.07 secs] 
2011-03-01T01:47:04.468+0000: 2725.859: [GC 2725.859: [ParNew: 354670K->40960K(368640K), 0.0636200 secs] 5694856K->5419337K(12541952K), 0.0640350 secs] [Times: user=0.46 sys=0.01, real=0.06 secs] 
2011-03-01T01:47:07.086+0000: 2728.477: [GC 2728.477: [ParNew: 368640K->40960K(368640K), 0.0694090 secs] 5747017K->5445516K(12541952K), 0.0698320 secs] [Times: user=0.48 sys=0.00, real=0.07 secs] 
2011-03-01T01:47:09.546+0000: 2730.937: [GC 2730.937: [ParNew: 368640K->36567K(368640K), 0.0551710 secs] 5773196K->5459324K(12541952K), 0.0555910 secs] [Times: user=0.39 sys=0.02, real=0.05 secs] 
2011-03-01T01:47:11.279+0000: 2732.670: [GC 2732.670: [ParNew: 364247K->36231K(368640K), 0.0492610 secs] 5787004K->5467830K(12541952K), 0.0496840 secs] [Times: user=0.40 sys=0.00, real=0.05 secs] 
2011-03-01T01:47:14.329+0000: 2735.721: [GC 2735.721: [ParNew: 363911K->12068K(368640K), 0.0453340 secs] 5795510K->5458393K(12541952K), 0.0457710 secs] [Times: user=0.33 sys=0.00, real=0.05 secs] 
2011-03-01T01:47:16.282+0000: 2737.673: [GC 2737.674: [ParNew: 339748K->38851K(368640K), 0.0337480 secs] 5786073K->5485176K(12541952K), 0.0341970 secs] [Times: user=0.30 sys=0.00, real=0.03 secs] 
2011-03-01T01:47:18.373+0000: 2739.764: [GC 2739.764: [ParNew: 366531K->40960K(368640K), 0.0539230 secs] 5812856K->5507633K(12541952K), 0.0543830 secs] [Times: user=0.37 sys=0.00, real=0.05 secs] 
2011-03-01T01:47:20.063+0000: 2741.454: [GC 2741.455: [ParNew: 368640K->24803K(368640K), 0.0513840 secs] 5835313K->5505950K(12541952K), 0.0518350 secs] [Times: user=0.33 sys=0.00, real=0.05 secs] 
2011-03-01T01:47:22.125+0000: 2743.516: [GC 2743.516: [ParNew: 352483K->40960K(368640K), 0.0522790 secs] 5833630K->5532546K(12541952K), 0.0527120 secs] [Times: user=0.36 sys=0.01, real=0.05 secs] 
2011-03-01T01:47:23.968+0000: 2745.359: [GC 2745.359: [ParNew: 368640K->40960K(368640K), 0.0635810 secs] 5860226K->5554067K(12541952K), 0.0640190 secs] [Times: user=0.48 sys=0.00, real=0.06 secs] 
2011-03-01T01:47:26.006+0000: 2747.397: [GC 2747.397: [ParNew: 368640K->38807K(368640K), 0.0410530 secs] 5881747K->5562861K(12541952K), 0.0414820 secs] [Times: user=0.31 sys=0.00, real=0.04 secs] 
2011-03-01T01:47:27.124+0000: 2748.515: [GC 2748.515: [ParNew: 366487K->36432K(368640K), 0.0505510 secs] 5890541K->5577068K(12541952K), 0.0509290 secs] [Times: user=0.35 sys=0.00, real=0.05 secs] 
2011-03-01T01:47:28.212+0000: 2749.603: [GC 2749.603: [ParNew: 364112K->25585K(368640K), 0.0418740 secs] 5904748K->5573454K(12541952K), 0.0421980 secs] [Times: user=0.32 sys=0.00, real=0.05 secs] 
2011-03-01T01:47:29.350+0000: 2750.741: [GC 2750.741: [ParNew: 294448K->40960K(368640K), 0.0400700 secs] 5842317K->5606019K(12541952K), 0.0403970 secs] [Times: user=0.32 sys=0.00, real=0.04 secs] 
2011-03-01T01:47:30.035+0000: 2751.426: [GC 2751.426: [ParNew: 368640K->11801K(368640K), 0.0590480 secs] 5933699K->5662866K(12541952K), 0.0593740 secs] [Times: user=0.41 sys=0.00, real=0.06 secs] 
2011-03-01T01:47:30.797+0000: 2752.188: [GC 2752.188: [ParNew: 339481K->22993K(368640K), 0.0348980 secs] 5990546K->5674059K(12541952K), 0.0352230 secs] [Times: user=0.24 sys=0.00, real=0.04 secs] 
2011-03-01T01:47:31.443+0000: 2752.834: [GC 2752.835: [ParNew: 350673K->28245K(368640K), 0.0415530 secs] 6001739K->5679311K(12541952K), 0.0418760 secs] [Times: user=0.36 sys=0.00, real=0.04 secs] 
2011-03-01T01:47:32.037+0000: 2753.428: [GC 2753.428: [ParNew: 355925K->36817K(368640K), 0.0512480 secs] 6006991K->5694226K(12541952K), 0.0515740 secs] [Times: user=0.40 sys=0.00, real=0.05 secs] 
2011-03-01T01:47:32.692+0000: 2754.083: [GC 2754.083: [ParNew: 364497K->27669K(368640K), 0.0648790 secs] 6021906K->5710846K(12541952K), 0.0652010 secs] [Times: user=0.48 sys=0.00, real=0.07 secs] 
2011-03-01T01:47:33.449+0000: 2754.840: [GC 2754.841: [ParNew: 355349K->28597K(368640K), 0.0339270 secs] 6038526K->5711774K(12541952K), 0.0342540 secs] [Times: user=0.25 sys=0.00, real=0.04 secs] 
2011-03-01T01:47:34.168+0000: 2755.559: [GC 2755.559: [ParNew: 356277K->39001K(368640K), 0.0497890 secs] 6039454K->5731913K(12541952K), 0.0501870 secs] [Times: user=0.39 sys=0.00, real=0.05 secs] 
2011-03-01T01:47:35.072+0000: 2756.464: [GC 2756.464: [ParNew: 366681K->40960K(368640K), 0.0899860 secs] 6059593K->5764356K(12541952K), 0.0904120 secs] [Times: user=0.66 sys=0.01, real=0.09 secs] 
2011-03-01T01:47:35.408+0000: 2756.799: [GC 2756.799: [ParNew: 368640K->40960K(368640K), 0.1324480 secs] 6092036K->5831295K(12541952K), 0.1328710 secs] [Times: user=0.91 sys=0.00, real=0.13 secs] 
2011-03-01T01:47:35.883+0000: 2757.274: [GC 2757.275: [ParNew: 368640K->40960K(368640K), 0.1627040 secs] 6158975K->5896670K(12541952K), 0.1632020 secs] [Times: user=1.04 sys=0.00, real=0.16 secs] 
2011-03-01T01:47:36.202+0000: 2757.593: [GC 2757.594: [ParNew: 368640K->40960K(368640K), 0.1540410 secs] 6224350K->5961774K(12541952K), 0.1545160 secs] [Times: user=1.02 sys=0.00, real=0.15 secs] 
2011-03-01T01:47:36.516+0000: 2757.908: [GC 2757.908: [ParNew: 368640K->40960K(368640K), 0.1659570 secs] 6289454K->6051375K(12541952K), 0.1663410 secs] [Times: user=1.04 sys=0.00, real=0.17 secs] 
2011-03-01T01:47:36.924+0000: 2758.315: [GC 2758.315: [ParNew: 368484K->40960K(368640K), 0.1231620 secs] 6378899K->6113150K(12541952K), 0.1235050 secs] [Times: user=0.81 sys=0.00, real=0.12 secs] 
2011-03-01T01:47:37.202+0000: 2758.593: [GC 2758.593: [ParNew: 368640K->40960K(368640K), 0.1964410 secs] 6440830K->6201773K(12541952K), 0.1967650 secs] [Times: user=1.43 sys=0.01, real=0.20 secs] 
2011-03-01T01:47:37.555+0000: 2758.946: [GC 2758.946: [ParNew: 368640K->40960K(368640K), 0.1796260 secs] 6529453K->6291098K(12541952K), 0.1799500 secs] [Times: user=1.22 sys=0.01, real=0.18 secs] 
2011-03-01T01:47:38.009+0000: 2759.400: [GC 2759.400: [ParNew: 368640K->40960K(368640K), 0.1493590 secs] 6618778K->6361687K(12541952K), 0.1496930 secs] [Times: user=1.04 sys=0.02, real=0.15 secs] 
2011-03-01T01:47:38.612+0000: 2760.004: [GC 2760.004: [ParNew: 368634K->40960K(368640K), 0.0699040 secs] 6689361K->6386935K(12541952K), 0.0702370 secs] [Times: user=0.51 sys=0.00, real=0.07 secs] 
2011-03-01T01:47:39.577+0000: 2760.968: [GC 2760.968: [ParNew: 352666K->40960K(368640K), 0.0492370 secs] 6698641K->6399351K(12541952K), 0.0495590 secs] [Times: user=0.35 sys=0.00, real=0.05 secs] 
2011-03-01T01:47:41.147+0000: 2762.539: [GC 2762.539: [ParNew: 368640K->35179K(368640K), 0.0452230 secs] 6727031K->6420363K(12541952K), 0.0455460 secs] [Times: user=0.32 sys=0.00, real=0.05 secs] 
2011-03-01T01:47:42.016+0000: 2763.407: [GC 2763.407: [ParNew: 362859K->40960K(368640K), 0.0869610 secs] 6748043K->6466070K(12541952K), 0.0872860 secs] [Times: user=0.61 sys=0.00, real=0.09 secs] 
2011-03-01T01:47:43.331+0000: 2764.722: [GC 2764.723: [ParNew: 368640K->20980K(368640K), 0.0420940 secs] 6793750K->6457975K(12541952K), 0.0424130 secs] [Times: user=0.31 sys=0.00, real=0.05 secs] 
2011-03-01T01:47:44.684+0000: 2766.075: [GC 2766.075: [ParNew: 348660K->40960K(368640K), 0.0840170 secs] 6785655K->6510109K(12541952K), 0.0844240 secs] [Times: user=0.60 sys=0.00, real=0.08 secs] 
2011-03-01T01:47:45.829+0000: 2767.220: [GC 2767.220: [ParNew: 368640K->40960K(368640K), 0.0571400 secs] 6837789K->6531689K(12541952K), 0.0575600 secs] [Times: user=0.40 sys=0.01, real=0.06 secs] 
2011-03-01T01:47:46.895+0000: 2768.286: [GC 2768.286: [ParNew: 368640K->40960K(368640K), 0.0675110 secs] 6859369K->6552098K(12541952K), 0.0679300 secs] [Times: user=0.48 sys=0.01, real=0.07 secs] 
2011-03-01T01:47:48.157+0000: 2769.548: [GC 2769.548: [ParNew: 368640K->34409K(368640K), 0.0449260 secs] 6879778K->6558362K(12541952K), 0.0453600 secs] [Times: user=0.32 sys=0.00, real=0.05 secs] 
2011-03-01T01:47:50.322+0000: 2771.713: [GC 2771.713: [ParNew: 362089K->40960K(368640K), 0.0407120 secs] 6886042K->6569691K(12541952K), 0.0411390 secs] [Times: user=0.30 sys=0.01, real=0.05 secs] 
2011-03-01T01:47:51.186+0000: 2772.577: [GC 2772.578: [ParNew: 368640K->40960K(368640K), 0.0745420 secs] 6897371K->6598390K(12541952K), 0.0749670 secs] [Times: user=0.52 sys=0.00, real=0.07 secs] 
2011-03-01T01:47:52.112+0000: 2773.504: [GC 2773.504: [ParNew: 368640K->40960K(368640K), 0.0936640 secs] 6926070K->6634998K(12541952K), 0.0941050 secs] [Times: user=0.68 sys=0.01, real=0.09 secs] 
2011-03-01T01:47:53.706+0000: 2775.097: [GC 2775.097: [ParNew: 368640K->39109K(368640K), 0.0432950 secs] 6962678K->6651634K(12541952K), 0.0437410 secs] [Times: user=0.31 sys=0.00, real=0.04 secs] 
2011-03-01T01:47:54.707+0000: 2776.098: [GC 2776.099: [ParNew: 366766K->40960K(368640K), 0.0309390 secs] 6979291K->6653485K(12541952K), 0.0314130 secs] [Times: user=0.24 sys=0.00, real=0.03 secs] 
2011-03-01T01:47:55.367+0000: 2776.758: [GC 2776.758: [ParNew: 368584K->14781K(368640K), 0.0393870 secs] 6981109K->6646435K(12541952K), 0.0398790 secs] [Times: user=0.25 sys=0.00, real=0.04 secs] 
2011-03-01T01:47:55.692+0000: 2777.083: [GC 2777.083: [ParNew: 342408K->40960K(368640K), 0.0509180 secs] 6974062K->6678783K(12541952K), 0.0512770 secs] [Times: user=0.39 sys=0.00, real=0.06 secs] 
2011-03-01T01:47:56.137+0000: 2777.529: [GC 2777.529: [ParNew: 368640K->31475K(368640K), 0.0377680 secs] 7006463K->6677118K(12541952K), 0.0381110 secs] [Times: user=0.26 sys=0.00, real=0.04 secs] 
2011-03-01T01:47:56.489+0000: 2777.880: [GC 2777.880: [ParNew: 359155K->30061K(368640K), 0.0334360 secs] 7004798K->6675704K(12541952K), 0.0337720 secs] [Times: user=0.23 sys=0.01, real=0.03 secs] 
2011-03-01T01:47:56.809+0000: 2778.200: [GC 2778.201: [ParNew: 357701K->21982K(368640K), 0.0305270 secs] 7003345K->6670322K(12541952K), 0.0308640 secs] [Times: user=0.24 sys=0.00, real=0.03 secs] 
2011-03-01T01:47:57.215+0000: 2778.606: [GC 2778.606: [ParNew: 349662K->8471K(368640K), 0.0259880 secs] 6998002K->6656811K(12541952K), 0.0300540 secs] [Times: user=0.21 sys=0.00, real=0.03 secs] 
2011-03-01T01:47:57.643+0000: 2779.034: [GC 2779.034: [ParNew: 336151K->7910K(368640K), 0.0280850 secs] 6984491K->6656250K(12541952K), 0.0285350 secs] [Times: user=0.21 sys=0.00, real=0.03 secs] 
2011-03-01T01:47:58.002+0000: 2779.394: [GC 2779.394: [ParNew: 335590K->8855K(368640K), 0.0289660 secs] 6983930K->6657195K(12541952K), 0.0294310 secs] [Times: user=0.22 sys=0.00, real=0.03 secs] 
2011-03-01T01:47:58.483+0000: 2779.874: [GC 2779.874: [ParNew: 336499K->20841K(368640K), 0.0368570 secs] 6984839K->6670995K(12541952K), 0.0373290 secs] [Times: user=0.26 sys=0.00, real=0.04 secs] 
2011-03-01T01:47:58.936+0000: 2780.327: [GC 2780.327: [ParNew: 348521K->39207K(368640K), 0.0353180 secs] 6998675K->6690663K(12541952K), 0.0357590 secs] [Times: user=0.23 sys=0.00, real=0.03 secs] 
2011-03-01T01:48:00.731+0000: 2782.122: [GC 2782.122: [ParNew: 366887K->25198K(368640K), 0.0441260 secs] 7018343K->6684912K(12541952K), 0.0445400 secs] [Times: user=0.36 sys=0.01, real=0.05 secs] 
2011-03-01T01:48:03.736+0000: 2785.127: [GC 2785.128: [ParNew: 352878K->40960K(368640K), 0.0489920 secs] 7012592K->6707418K(12541952K), 0.0493950 secs] [Times: user=0.34 sys=0.00, real=0.05 secs] 
2011-03-01T01:48:06.284+0000: 2787.675: [GC 2787.675: [ParNew: 368640K->22431K(368640K), 0.0560300 secs] 7035098K->6707140K(12541952K), 0.0564680 secs] [Times: user=0.42 sys=0.00, real=0.05 secs] 
2011-03-01T01:48:08.668+0000: 2790.059: [GC 2790.060: [ParNew: 350111K->40960K(368640K), 0.0463720 secs] 7034820K->6734948K(12541952K), 0.0468430 secs] [Times: user=0.34 sys=0.00, real=0.05 secs] 
2011-03-01T01:48:11.923+0000: 2793.315: [GC 2793.315: [ParNew: 368639K->23583K(368640K), 0.0474640 secs] 7062628K->6729713K(12541952K), 0.0479160 secs] [Times: user=0.34 sys=0.01, real=0.04 secs] 
2011-03-01T01:48:14.220+0000: 2795.612: [GC 2795.612: [ParNew: 351263K->33689K(368640K), 0.0500790 secs] 7057393K->6751882K(12541952K), 0.0505180 secs] [Times: user=0.38 sys=0.01, real=0.05 secs] 
2011-03-01T01:48:16.667+0000: 2798.058: [GC 2798.058: [ParNew: 361369K->23662K(368640K), 0.0418880 secs] 7079562K->6750162K(12541952K), 0.0423230 secs] [Times: user=0.32 sys=0.00, real=0.04 secs] 
2011-03-01T01:48:19.072+0000: 2800.463: [GC 2800.463: [ParNew: 351342K->40960K(368640K), 0.0413120 secs] 7077842K->6769115K(12541952K), 0.0417400 secs] [Times: user=0.32 sys=0.00, real=0.05 secs] 
2011-03-01T01:48:21.210+0000: 2802.601: [GC 2802.601: [ParNew: 368640K->35751K(368640K), 0.0567850 secs] 7096795K->6787140K(12541952K), 0.0612170 secs] [Times: user=0.41 sys=0.00, real=0.06 secs] 
2011-03-01T01:48:23.961+0000: 2805.352: [GC 2805.352: [ParNew: 363431K->21508K(368640K), 0.0363820 secs] 7114820K->6786953K(12541952K), 0.0368170 secs] [Times: user=0.30 sys=0.00, real=0.04 secs] 
2011-03-01T01:48:26.098+0000: 2807.489: [GC 2807.489: [ParNew: 349188K->40960K(368640K), 0.0593590 secs] 7114633K->6822942K(12541952K), 0.0597750 secs] [Times: user=0.42 sys=0.01, real=0.06 secs] 
2011-03-01T01:48:27.091+0000: 2808.482: [GC 2808.482: [ParNew: 368640K->21793K(368640K), 0.0507060 secs] 7150622K->6820003K(12541952K), 0.0511690 secs] [Times: user=0.39 sys=0.00, real=0.05 secs] 
2011-03-01T01:48:28.030+0000: 2809.421: [GC 2809.421: [ParNew: 349473K->36163K(368640K), 0.0386310 secs] 7147683K->6834374K(12541952K), 0.0390920 secs] [Times: user=0.31 sys=0.00, real=0.04 secs] 
2011-03-01T01:48:29.041+0000: 2810.432: [GC 2810.432: [ParNew: 363843K->40960K(368640K), 0.0688370 secs] 7162054K->6871024K(12541952K), 0.0693120 secs] [Times: user=0.50 sys=0.01, real=0.07 secs] 
2011-03-01T01:48:30.013+0000: 2811.404: [GC 2811.404: [ParNew: 368640K->40960K(368640K), 0.0670220 secs] 7198704K->6892426K(12541952K), 0.0674730 secs] [Times: user=0.52 sys=0.00, real=0.07 secs] 
2011-03-01T01:48:31.902+0000: 2813.293: [GC 2813.294: [ParNew: 368640K->40960K(368640K), 0.0650160 secs] 7220106K->6907821K(12541952K), 0.0654520 secs] [Times: user=0.49 sys=0.01, real=0.06 secs] 
2011-03-01T01:48:32.782+0000: 2814.173: [GC 2814.173: [ParNew: 368640K->37195K(368640K), 0.0419120 secs] 7235501K->6914734K(12541952K), 0.0423500 secs] [Times: user=0.33 sys=0.00, real=0.05 secs] 
2011-03-01T01:48:34.261+0000: 2815.652: [GC 2815.652: [ParNew: 364875K->40960K(368640K), 0.0449920 secs] 7242414K->6927607K(12541952K), 0.0454470 secs] [Times: user=0.38 sys=0.00, real=0.05 secs] 
2011-03-01T01:48:35.102+0000: 2816.494: [GC 2816.494: [ParNew: 368640K->40960K(368640K), 0.1275420 secs] 7255287K->6985259K(12541952K), 0.1279930 secs] [Times: user=0.91 sys=0.01, real=0.12 secs] 
2011-03-01T01:48:35.440+0000: 2816.832: [GC 2816.832: [ParNew: 368640K->40960K(368640K), 0.0768990 secs] 7312939K->7009935K(12541952K), 0.0773850 secs] [Times: user=0.57 sys=0.00, real=0.08 secs] 
2011-03-01T01:48:35.957+0000: 2817.348: [GC 2817.349: [ParNew: 368640K->40960K(368640K), 0.0860550 secs] 7337615K->7042291K(12541952K), 0.0864940 secs] [Times: user=0.63 sys=0.02, real=0.09 secs] 
2011-03-01T01:48:36.170+0000: 2817.561: [GC 2817.561: [ParNew: 368640K->40960K(368640K), 0.1888390 secs] 7369971K->7132811K(12541952K), 0.1892680 secs] [Times: user=1.21 sys=0.00, real=0.19 secs] 
2011-03-01T01:48:36.548+0000: 2817.939: [GC 2817.939: [ParNew: 368640K->40960K(368640K), 0.0874630 secs] 7460491K->7171432K(12541952K), 0.0879010 secs] [Times: user=0.61 sys=0.00, real=0.09 secs] 
2011-03-01T01:48:36.951+0000: 2818.342: [GC 2818.342: [ParNew: 368640K->40960K(368640K), 0.1151730 secs] 7499112K->7218035K(12541952K), 0.1155940 secs] [Times: user=0.81 sys=0.00, real=0.12 secs] 
2011-03-01T01:48:37.255+0000: 2818.647: [GC 2818.647: [ParNew: 368640K->40960K(368640K), 0.1677420 secs] 7545715K->7288714K(12541952K), 0.1682230 secs] [Times: user=1.06 sys=0.03, real=0.17 secs] 
2011-03-01T01:48:37.591+0000: 2818.982: [GC 2818.982: [ParNew: 368640K->40960K(368640K), 0.1217460 secs] 7616394K->7340021K(12541952K), 0.1221930 secs] [Times: user=0.88 sys=0.00, real=0.13 secs] 
2011-03-01T01:48:38.147+0000: 2819.538: [GC 2819.538: [ParNew: 368640K->40960K(368640K), 0.1176360 secs] 7667701K->7373338K(12541952K), 0.1180740 secs] [Times: user=0.69 sys=0.00, real=0.12 secs] 
2011-03-01T01:48:38.658+0000: 2820.049: [GC 2820.049: [ParNew: 368640K->40960K(368640K), 0.0948460 secs] 7701018K->7408021K(12541952K), 0.0952650 secs] [Times: user=0.69 sys=0.00, real=0.09 secs] 
2011-03-01T01:48:40.165+0000: 2821.556: [GC 2821.556: [ParNew: 368640K->40610K(368640K), 0.0530760 secs] 7735701K->7428334K(12541952K), 0.0535030 secs] [Times: user=0.35 sys=0.00, real=0.05 secs] 
2011-03-01T01:48:41.070+0000: 2822.461: [GC 2822.461: [ParNew: 368290K->40960K(368640K), 0.0480190 secs] 7756014K->7437219K(12541952K), 0.0484260 secs] [Times: user=0.36 sys=0.00, real=0.05 secs] 
2011-03-01T01:48:42.985+0000: 2824.376: [GC 2824.376: [ParNew: 368640K->33757K(368640K), 0.0437230 secs] 7764899K->7439558K(12541952K), 0.0441580 secs] [Times: user=0.31 sys=0.01, real=0.04 secs] 
2011-03-01T01:48:44.273+0000: 2825.664: [GC 2825.664: [ParNew: 361437K->31659K(368640K), 0.0412220 secs] 7767238K->7444015K(12541952K), 0.0416520 secs] [Times: user=0.26 sys=0.00, real=0.04 secs] 
2011-03-01T01:48:45.598+0000: 2826.989: [GC 2826.989: [ParNew: 359339K->40960K(368640K), 0.0545770 secs] 7771695K->7464720K(12541952K), 0.0550140 secs] [Times: user=0.41 sys=0.00, real=0.06 secs] 
2011-03-01T01:48:46.430+0000: 2827.821: [GC 2827.821: [ParNew: 368640K->27593K(368640K), 0.0448430 secs] 7792400K->7458671K(12541952K), 0.0452740 secs] [Times: user=0.29 sys=0.01, real=0.05 secs] 
2011-03-01T01:48:48.157+0000: 2829.549: [GC 2829.549: [ParNew: 355273K->12821K(368640K), 0.0464340 secs] 7786351K->7452896K(12541952K), 0.0468620 secs] [Times: user=0.32 sys=0.00, real=0.05 secs] 
2011-03-01T01:48:49.260+0000: 2830.651: [GC 2830.651: [ParNew: 340501K->40960K(368640K), 0.0490430 secs] 7780576K->7487774K(12541952K), 0.0494760 secs] [Times: user=0.39 sys=0.01, real=0.05 secs] 
2011-03-01T01:48:50.384+0000: 2831.775: [GC 2831.776: [ParNew: 368640K->38490K(368640K), 0.0530200 secs] 7815454K->7500391K(12541952K), 0.0534530 secs] [Times: user=0.38 sys=0.00, real=0.05 secs] 
2011-03-01T01:48:52.113+0000: 2833.504: [GC 2833.504: [ParNew: 366170K->28237K(368640K), 0.0405310 secs] 7828071K->7496309K(12541952K), 0.0409430 secs] [Times: user=0.28 sys=0.00, real=0.04 secs] 
2011-03-01T01:48:53.592+0000: 2834.983: [GC 2834.983: [ParNew: 356001K->36518K(368640K), 0.0401360 secs] 7824072K->7512728K(12541952K), 0.0405350 secs] [Times: user=0.30 sys=0.00, real=0.05 secs] 
2011-03-01T01:48:53.635+0000: 2835.027: [GC 2835.027: [ParNew: 38880K->20845K(368640K), 0.0434480 secs] 7515090K->7518754K(12541952K), 0.0438250 secs] [Times: user=0.25 sys=0.01, real=0.04 secs] 
2011-03-01T01:48:54.519+0000: 2835.910: [GC 2835.911: [ParNew: 348521K->39297K(368640K), 0.0314630 secs] 7846430K->7537205K(12541952K), 0.0318940 secs] [Times: user=0.24 sys=0.00, real=0.03 secs] 
2011-03-01T01:48:55.058+0000: 2836.449: [GC 2836.449: [ParNew: 366977K->24775K(368640K), 0.0372650 secs] 7864885K->7533446K(12541952K), 0.0376890 secs] [Times: user=0.27 sys=0.00, real=0.04 secs] 
2011-03-01T01:48:55.542+0000: 2836.933: [GC 2836.933: [ParNew: 352455K->25295K(368640K), 0.0305160 secs] 7861126K->7533966K(12541952K), 0.0309700 secs] [Times: user=0.23 sys=0.00, real=0.04 secs] 
2011-03-01T01:48:55.878+0000: 2837.269: [GC 2837.269: [ParNew: 352925K->40960K(368640K), 0.0828330 secs] 7861596K->7602166K(12541952K), 0.0832670 secs] [Times: user=0.57 sys=0.01, real=0.08 secs] 
2011-03-01T01:48:56.316+0000: 2837.707: [GC 2837.708: [ParNew: 368640K->11364K(368640K), 0.0345110 secs] 7929846K->7579365K(12541952K), 0.0349390 secs] [Times: user=0.24 sys=0.00, real=0.03 secs] 
2011-03-01T01:48:56.666+0000: 2838.057: [GC 2838.057: [ParNew: 339040K->19677K(368640K), 0.0279200 secs] 7907040K->7587677K(12541952K), 0.0283490 secs] [Times: user=0.20 sys=0.01, real=0.02 secs] 
2011-03-01T01:48:57.076+0000: 2838.467: [GC 2838.468: [ParNew: 347357K->23533K(368640K), 0.0283740 secs] 7915357K->7591534K(12541952K), 0.0287960 secs] [Times: user=0.22 sys=0.00, real=0.03 secs] 
2011-03-01T01:48:57.466+0000: 2838.858: [GC 2838.858: [ParNew: 351213K->24262K(368640K), 0.0331550 secs] 7919214K->7594176K(12541952K), 0.0336010 secs] [Times: user=0.24 sys=0.00, real=0.03 secs] 
2011-03-01T01:48:57.908+0000: 2839.299: [GC 2839.299: [ParNew: 351912K->5246K(368640K), 0.0300660 secs] 7921826K->7580100K(12541952K), 0.0305140 secs] [Times: user=0.24 sys=0.00, real=0.03 secs] 
2011-03-01T01:48:58.374+0000: 2839.765: [GC 2839.765: [ParNew: 332864K->4592K(368640K), 0.0272590 secs] 7907718K->7579446K(12541952K), 0.0275970 secs] [Times: user=0.18 sys=0.00, real=0.02 secs] 
2011-03-01T01:48:59.117+0000: 2840.509: [GC 2840.509: [ParNew: 332272K->17092K(368640K), 0.0327610 secs] 7907126K->7592469K(12541952K), 0.0330990 secs] [Times: user=0.24 sys=0.00, real=0.03 secs] 
2011-03-01T01:49:00.353+0000: 2841.745: [GC 2841.745: [ParNew: 344772K->40960K(368640K), 0.0537860 secs] 7920149K->7626519K(12541952K), 0.0541170 secs] [Times: user=0.37 sys=0.00, real=0.05 secs] 
2011-03-01T01:49:01.232+0000: 2842.623: [GC 2842.623: [ParNew: 368640K->25072K(368640K), 0.0438260 secs] 7954199K->7624937K(12541952K), 0.0441560 secs] [Times: user=0.33 sys=0.00, real=0.05 secs] 
2011-03-01T01:49:03.733+0000: 2845.124: [GC 2845.125: [ParNew: 352752K->40960K(368640K), 0.0393160 secs] 7952617K->7640825K(12541952K), 0.0396480 secs] [Times: user=0.28 sys=0.00, real=0.04 secs] 
2011-03-01T01:49:05.855+0000: 2847.247: [GC 2847.247: [ParNew: 368640K->32862K(368640K), 0.0469970 secs] 7968505K->7642925K(12541952K), 0.0473350 secs] [Times: user=0.32 sys=0.00, real=0.05 secs] 
2011-03-01T01:49:08.202+0000: 2849.593: [GC 2849.593: [ParNew: 360542K->38031K(368640K), 0.0396830 secs] 7970605K->7655811K(12541952K), 0.0400180 secs] [Times: user=0.30 sys=0.00, real=0.05 secs] 
2011-03-01T01:49:09.987+0000: 2851.378: [GC 2851.379: [ParNew: 365711K->40960K(368640K), 0.0447620 secs] 7983491K->7668543K(12541952K), 0.0450920 secs] [Times: user=0.32 sys=0.00, real=0.05 secs] 
2011-03-01T01:49:11.739+0000: 2853.130: [GC 2853.131: [ParNew: 368640K->16636K(368640K), 0.0377110 secs] 7996223K->7656303K(12541952K), 0.0380410 secs] [Times: user=0.32 sys=0.00, real=0.04 secs] 
2011-03-01T01:49:13.392+0000: 2854.783: [GC 2854.784: [ParNew: 344316K->40960K(368640K), 0.0466410 secs] 7983983K->7682379K(12541952K), 0.0470870 secs] [Times: user=0.40 sys=0.00, real=0.04 secs] 
2011-03-01T01:49:16.181+0000: 2857.573: [GC 2857.573: [ParNew: 368640K->34069K(368640K), 0.0440950 secs] 8010059K->7683934K(12541952K), 0.0445650 secs] [Times: user=0.34 sys=0.00, real=0.05 secs] 
2011-03-01T01:49:18.587+0000: 2859.978: [GC 2859.979: [ParNew: 361749K->18768K(368640K), 0.0385190 secs] 8011614K->7678507K(12541952K), 0.0389530 secs] [Times: user=0.28 sys=0.01, real=0.04 secs] 
2011-03-01T01:49:20.368+0000: 2861.759: [GC 2861.759: [ParNew: 346448K->40063K(368640K), 0.0371270 secs] 8006187K->7699803K(12541952K), 0.0375590 secs] [Times: user=0.29 sys=0.00, real=0.04 secs] 
2011-03-01T01:49:22.110+0000: 2863.501: [GC 2863.501: [ParNew: 367743K->40960K(368640K), 0.0587430 secs] 8027483K->7717967K(12541952K), 0.0654890 secs] [Times: user=0.40 sys=0.00, real=0.07 secs] 
2011-03-01T01:49:24.424+0000: 2865.815: [GC 2865.815: [ParNew: 368640K->36768K(368640K), 0.0392570 secs] 8045647K->7717199K(12541952K), 0.0397230 secs] [Times: user=0.27 sys=0.00, real=0.04 secs] 
2011-03-01T01:49:26.301+0000: 2867.692: [GC 2867.693: [ParNew: 364448K->27127K(368640K), 0.0399710 secs] 8044879K->7715681K(12541952K), 0.0404910 secs] [Times: user=0.32 sys=0.00, real=0.04 secs] 
2011-03-01T01:49:27.371+0000: 2868.762: [GC 2868.762: [ParNew: 354807K->40960K(368640K), 0.1112400 secs] 8043361K->7768148K(12541952K), 0.1116920 secs] [Times: user=0.81 sys=0.01, real=0.12 secs] 
2011-03-01T01:49:28.433+0000: 2869.824: [GC 2869.825: [ParNew: 368640K->40960K(368640K), 0.0608100 secs] 8095828K->7785488K(12541952K), 0.0612540 secs] [Times: user=0.46 sys=0.00, real=0.06 secs] 
2011-03-01T01:49:30.078+0000: 2871.470: [GC 2871.470: [ParNew: 368640K->29519K(368640K), 0.0436000 secs] 8113168K->7781388K(12541952K), 0.0440410 secs] [Times: user=0.32 sys=0.00, real=0.05 secs] 
2011-03-01T01:49:31.787+0000: 2873.178: [GC 2873.178: [ParNew: 357199K->40960K(368640K), 0.0583490 secs] 8109068K->7807326K(12541952K), 0.0587960 secs] [Times: user=0.41 sys=0.00, real=0.06 secs] 
2011-03-01T01:49:32.869+0000: 2874.260: [GC 2874.261: [ParNew: 368640K->19053K(368640K), 0.0487300 secs] 8135010K->7804434K(12541952K), 0.0491710 secs] [Times: user=0.40 sys=0.00, real=0.05 secs] 
2011-03-01T01:49:34.411+0000: 2875.802: [GC 2875.803: [ParNew: 346733K->33026K(368640K), 0.0364310 secs] 8132114K->7818407K(12541952K), 0.0368650 secs] [Times: user=0.32 sys=0.00, real=0.04 secs] 
2011-03-01T01:49:36.196+0000: 2877.587: [GC 2877.588: [ParNew: 360679K->40960K(368640K), 0.0462430 secs] 8146060K->7834804K(12541952K), 0.0466750 secs] [Times: user=0.32 sys=0.00, real=0.05 secs] 
2011-03-01T01:49:37.217+0000: 2878.608: [GC 2878.608: [ParNew: 368640K->40960K(368640K), 0.0551630 secs] 8162484K->7850532K(12541952K), 0.0556140 secs] [Times: user=0.41 sys=0.00, real=0.05 secs] 
2011-03-01T01:49:37.503+0000: 2878.894: [GC 2878.894: [ParNew: 368640K->40960K(368640K), 0.1090290 secs] 8178212K->7896845K(12541952K), 0.1094680 secs] [Times: user=0.79 sys=0.00, real=0.10 secs] 
2011-03-01T01:49:38.077+0000: 2879.468: [GC 2879.469: [ParNew: 368640K->40960K(368640K), 0.1005520 secs] 8224525K->7918662K(12541952K), 0.1009610 secs] [Times: user=0.60 sys=0.01, real=0.10 secs] 
2011-03-01T01:49:38.287+0000: 2879.678: [GC 2879.679: [ParNew: 330919K->40960K(368640K), 0.0941580 secs] 8208621K->8035278K(12541952K), 0.0945100 secs] [Times: user=0.64 sys=0.02, real=0.09 secs] 
2011-03-01T01:49:38.532+0000: 2879.923: [GC 2879.924: [ParNew: 368640K->40960K(368640K), 0.1139060 secs] 8362958K->8159087K(12541952K), 0.1142300 secs] [Times: user=0.86 sys=0.01, real=0.11 secs] 
2011-03-01T01:49:38.844+0000: 2880.235: [GC 2880.235: [ParNew: 368640K->40960K(368640K), 0.1094960 secs] 8486767K->8197964K(12541952K), 0.1098550 secs] [Times: user=0.68 sys=0.00, real=0.11 secs] 
2011-03-01T01:49:39.125+0000: 2880.516: [GC 2880.516: [ParNew: 368640K->40960K(368640K), 0.1644730 secs] 8525644K->8284190K(12541952K), 0.1648020 secs] [Times: user=1.08 sys=0.00, real=0.16 secs] 
2011-03-01T01:49:39.421+0000: 2880.812: [GC 2880.812: [ParNew: 368640K->40960K(368640K), 0.1416060 secs] 8611870K->8353243K(12541952K), 0.1419980 secs] [Times: user=1.00 sys=0.02, real=0.15 secs] 
2011-03-01T01:49:39.564+0000: 2880.956: [GC [1 CMS-initial-mark: 8312283K(12173312K)] 8353281K(12541952K), 0.0563100 secs] [Times: user=0.05 sys=0.00, real=0.05 secs] 
2011-03-01T01:49:39.621+0000: 2881.012: [CMS-concurrent-mark-start]
2011-03-01T01:49:39.837+0000: 2881.228: [GC 2881.228: [ParNew: 368640K->40960K(368640K), 0.2161320 secs] 8680923K->8470150K(12541952K), 0.2165420 secs] [Times: user=1.49 sys=0.01, real=0.22 secs] 
2011-03-01T01:49:40.250+0000: 2881.642: [GC 2881.642: [ParNew: 368640K->40960K(368640K), 0.1176590 secs] 8797830K->8524272K(12541952K), 0.1179920 secs] [Times: user=0.86 sys=0.01, real=0.12 secs] 
2011-03-01T01:49:40.614+0000: 2882.005: [GC 2882.005: [ParNew: 368640K->40960K(368640K), 0.1691640 secs] 8851952K->8598367K(12541952K), 0.1695020 secs] [Times: user=1.16 sys=0.01, real=0.17 secs] 
2011-03-01T01:49:41.048+0000: 2882.439: [GC 2882.440: [ParNew: 368640K->40960K(368640K), 0.1735170 secs] 8926047K->8672973K(12541952K), 0.1738590 secs] [Times: user=1.24 sys=0.00, real=0.18 secs] 
2011-03-01T01:49:41.332+0000: 2882.723: [CMS-concurrent-mark: 1.014/1.711 secs] [Times: user=16.54 sys=2.21, real=1.71 secs] 
2011-03-01T01:49:41.332+0000: 2882.723: [CMS-concurrent-preclean-start]
2011-03-01T01:49:41.432+0000: 2882.823: [GC 2882.824: [ParNew: 368640K->40960K(368640K), 0.1335570 secs] 9000653K->8725113K(12541952K), 0.1339040 secs] [Times: user=0.93 sys=0.01, real=0.13 secs] 
2011-03-01T01:49:41.922+0000: 2883.313: [GC 2883.313: [ParNew: 368640K->39094K(368640K), 0.0789000 secs] 9052793K->8745726K(12541952K), 0.0792310 secs] [Times: user=0.62 sys=0.00, real=0.08 secs] 
2011-03-01T01:49:42.449+0000: 2883.841: [GC 2883.841: [ParNew: 366774K->24884K(368640K), 0.0619990 secs] 9073406K->8745354K(12541952K), 0.0623330 secs] [Times: user=0.48 sys=0.00, real=0.06 secs] 
2011-03-01T01:49:42.797+0000: 2884.189: [CMS-concurrent-preclean: 1.154/1.466 secs] [Times: user=7.55 sys=1.56, real=1.47 secs] 
2011-03-01T01:49:42.798+0000: 2884.189: [CMS-concurrent-abortable-preclean-start]
2011-03-01T01:49:42.878+0000: 2884.270: [CMS-concurrent-abortable-preclean: 0.078/0.081 secs] [Times: user=0.18 sys=0.07, real=0.08 secs] 
2011-03-01T01:49:42.880+0000: 2884.271: [GC[YG occupancy: 335436 K (368640 K)]2884.271: [Rescan (parallel) , 0.0433030 secs]2884.314: [weak refs processing, 0.0005130 secs] [1 CMS-remark: 8720470K(12173312K)] 9055907K(12541952K), 0.0440250 secs] [Times: user=0.34 sys=0.00, real=0.05 secs] 
2011-03-01T01:49:42.924+0000: 2884.315: [CMS-concurrent-sweep-start]
2011-03-01T01:49:42.950+0000: 2884.341: [GC 2884.341: [ParNew: 352564K->17086K(368640K), 0.0468120 secs] 9065184K->8729706K(12541952K), 0.0471410 secs] [Times: user=0.39 sys=0.01, real=0.05 secs] 
2011-03-01T01:49:43.497+0000: 2884.889: [GC 2884.889: [ParNew: 344766K->24826K(368640K), 0.0512470 secs] 8750604K->8430665K(12541952K), 0.0515770 secs] [Times: user=0.39 sys=0.00, real=0.05 secs] 
2011-03-01T01:49:43.976+0000: 2885.367: [GC 2885.367: [ParNew: 352506K->40598K(368640K), 0.0564240 secs] 8630104K->8318196K(12541952K), 0.0567550 secs] [Times: user=0.40 sys=0.00, real=0.06 secs] 
2011-03-01T01:49:44.456+0000: 2885.847: [GC 2885.847: [ParNew: 368278K->40960K(368640K), 0.0727710 secs] 8541002K->8224998K(12541952K), 0.0731000 secs] [Times: user=0.54 sys=0.00, real=0.07 secs] 
2011-03-01T01:49:45.026+0000: 2886.417: [GC 2886.417: [ParNew: 368640K->30659K(368640K), 0.0699220 secs] 8445811K->8130638K(12541952K), 0.0702500 secs] [Times: user=0.48 sys=0.00, real=0.07 secs] 
2011-03-01T01:49:46.237+0000: 2887.628: [GC 2887.628: [ParNew: 358339K->18575K(368640K), 0.0460730 secs] 8192929K->7853164K(12541952K), 0.0464170 secs] [Times: user=0.34 sys=0.00, real=0.05 secs] 
2011-03-01T01:49:46.875+0000: 2888.266: [GC 2888.266: [ParNew: 330963K->40960K(368640K), 0.0561940 secs] 8091224K->7889510K(12541952K), 0.0565440 secs] [Times: user=0.41 sys=0.00, real=0.05 secs] 
2011-03-01T01:49:47.406+0000: 2888.798: [GC 2888.798: [ParNew: 368640K->19985K(368640K), 0.0780220 secs] 8166771K->7910907K(12541952K), 0.0783660 secs] [Times: user=0.56 sys=0.01, real=0.08 secs] 
2011-03-01T01:49:47.981+0000: 2889.372: [GC 2889.372: [ParNew: 347665K->33400K(368640K), 0.0369830 secs] 8179416K->7865151K(12541952K), 0.0373580 secs] [Times: user=0.30 sys=0.00, real=0.04 secs] 
2011-03-01T01:49:48.832+0000: 2890.224: [GC 2890.224: [ParNew: 361080K->15458K(368640K), 0.0394700 secs] 8104103K->7765831K(12541952K), 0.0397980 secs] [Times: user=0.28 sys=0.00, real=0.04 secs] 
2011-03-01T01:49:49.622+0000: 2891.013: [GC 2891.013: [ParNew: 343138K->34581K(368640K), 0.0399860 secs] 8011361K->7702803K(12541952K), 0.0403170 secs] [Times: user=0.28 sys=0.01, real=0.05 secs] 
2011-03-01T01:49:50.383+0000: 2891.774: [GC 2891.774: [ParNew: 362261K->27378K(368640K), 0.0474930 secs] 7946040K->7620677K(12541952K), 0.0478250 secs] [Times: user=0.35 sys=0.00, real=0.04 secs] 
2011-03-01T01:49:51.133+0000: 2892.524: [GC 2892.524: [ParNew: 355058K->40960K(368640K), 0.0670350 secs] 7846631K->7544855K(12541952K), 0.0673660 secs] [Times: user=0.51 sys=0.00, real=0.06 secs] 
2011-03-01T01:49:52.033+0000: 2893.424: [GC 2893.425: [ParNew: 368640K->19530K(368640K), 0.0552810 secs] 7764082K->7436717K(12541952K), 0.0556140 secs] [Times: user=0.39 sys=0.01, real=0.05 secs] 
2011-03-01T01:49:52.515+0000: 2893.906: [GC 2893.906: [ParNew: 347210K->18677K(368640K), 0.0362610 secs] 7643072K->7314538K(12541952K), 0.0432440 secs] [Times: user=0.29 sys=0.00, real=0.04 secs] 
2011-03-01T01:49:53.343+0000: 2894.734: [GC 2894.734: [ParNew: 346357K->31241K(368640K), 0.0387140 secs] 7562080K->7246964K(12541952K), 0.0390400 secs] [Times: user=0.27 sys=0.00, real=0.03 secs] 
2011-03-01T01:49:54.071+0000: 2895.462: [GC 2895.463: [ParNew: 358921K->38279K(368640K), 0.0433940 secs] 7515057K->7208062K(12541952K), 0.0437320 secs] [Times: user=0.33 sys=0.00, real=0.05 secs] 
2011-03-01T01:49:54.564+0000: 2895.955: [GC 2895.955: [ParNew: 365959K->24584K(368640K), 0.0417620 secs] 7486020K->7161821K(12541952K), 0.0421150 secs] [Times: user=0.27 sys=0.00, real=0.04 secs] 
2011-03-01T01:49:55.081+0000: 2896.472: [GC 2896.472: [ParNew: 352264K->16169K(368640K), 0.0325540 secs] 7429854K->7093759K(12541952K), 0.0328960 secs] [Times: user=0.29 sys=0.00, real=0.04 secs] 
2011-03-01T01:49:55.923+0000: 2897.314: [GC 2897.314: [ParNew: 343849K->24427K(368640K), 0.0364880 secs] 7330917K->7011495K(12541952K), 0.0368140 secs] [Times: user=0.27 sys=0.00, real=0.03 secs] 
2011-03-01T01:49:56.568+0000: 2897.959: [GC 2897.959: [ParNew: 352107K->23917K(368640K), 0.0387510 secs] 7272133K->6946556K(12541952K), 0.0390950 secs] [Times: user=0.32 sys=0.00, real=0.04 secs] 
2011-03-01T01:49:57.296+0000: 2898.687: [GC 2898.687: [ParNew: 351597K->40521K(368640K), 0.0301640 secs] 7180848K->6869771K(12541952K), 0.0305030 secs] [Times: user=0.24 sys=0.00, real=0.03 secs] 
2011-03-01T01:49:57.749+0000: 2899.140: [GC 2899.141: [ParNew: 368163K->29661K(368640K), 0.0378390 secs] 7158007K->6831461K(12541952K), 0.0381820 secs] [Times: user=0.29 sys=0.00, real=0.04 secs] 
2011-03-01T01:49:58.108+0000: 2899.500: [GC 2899.500: [ParNew: 357337K->8925K(368640K), 0.0278540 secs] 7117508K->6778038K(12541952K), 0.0283140 secs] [Times: user=0.21 sys=0.00, real=0.03 secs] 
2011-03-01T01:49:58.403+0000: 2899.794: [GC 2899.794: [ParNew: 336605K->22634K(368640K), 0.0285920 secs] 7078146K->6764176K(12541952K), 0.0290450 secs] [Times: user=0.21 sys=0.00, real=0.03 secs] 
2011-03-01T01:49:58.632+0000: 2900.024: [GC 2900.024: [ParNew: 350314K->15997K(368640K), 0.0341620 secs] 7064263K->6732623K(12541952K), 0.0346280 secs] [Times: user=0.28 sys=0.01, real=0.04 secs] 
2011-03-01T01:49:58.957+0000: 2900.348: [GC 2900.348: [ParNew: 343677K->6613K(368640K), 0.0307720 secs] 7025726K->6688662K(12541952K), 0.0312160 secs] [Times: user=0.24 sys=0.00, real=0.03 secs] 
2011-03-01T01:49:59.258+0000: 2900.649: [GC 2900.650: [ParNew: 334293K->12468K(368640K), 0.0297730 secs] 6995979K->6674430K(12541952K), 0.0302340 secs] [Times: user=0.23 sys=0.00, real=0.03 secs] 
2011-03-01T01:49:59.569+0000: 2900.960: [GC 2900.960: [ParNew: 340148K->8551K(368640K), 0.0304260 secs] 6927587K->6598475K(12541952K), 0.0308810 secs] [Times: user=0.24 sys=0.00, real=0.03 secs] 
2011-03-01T01:49:59.894+0000: 2901.285: [GC 2901.285: [ParNew: 336231K->6860K(368640K), 0.0317270 secs] 6899387K->6571383K(12541952K), 0.0322030 secs] [Times: user=0.21 sys=0.00, real=0.04 secs] 
2011-03-01T01:50:00.226+0000: 2901.618: [GC 2901.618: [ParNew: 334522K->10593K(368640K), 0.0320040 secs] 6877186K->6553504K(12541952K), 0.0324830 secs] [Times: user=0.23 sys=0.00, real=0.03 secs] 
2011-03-01T01:50:00.475+0000: 2901.866: [GC 2901.866: [ParNew: 338273K->40960K(368640K), 0.0710210 secs] 6866963K->6585004K(12541952K), 0.0715070 secs] [Times: user=0.47 sys=0.01, real=0.07 secs] 
2011-03-01T01:50:00.912+0000: 2902.303: [GC 2902.303: [ParNew: 368640K->30954K(368640K), 0.0430920 secs] 6872885K->6550199K(12541952K), 0.0435180 secs] [Times: user=0.30 sys=0.01, real=0.05 secs] 
2011-03-01T01:50:01.430+0000: 2902.821: [GC 2902.822: [ParNew: 358634K->27228K(368640K), 0.0328590 secs] 6827144K->6495737K(12541952K), 0.0332820 secs] [Times: user=0.27 sys=0.00, real=0.04 secs] 
2011-03-01T01:50:02.169+0000: 2903.560: [GC 2903.560: [ParNew: 354908K->9291K(368640K), 0.0289510 secs] 6754247K->6416058K(12541952K), 0.0293760 secs] [Times: user=0.24 sys=0.00, real=0.03 secs] 
2011-03-01T01:50:03.284+0000: 2904.675: [GC 2904.675: [ParNew: 336450K->11827K(368640K), 0.0302470 secs] 6637520K->6312896K(12541952K), 0.0306570 secs] [Times: user=0.22 sys=0.01, real=0.03 secs] 
2011-03-01T01:50:04.314+0000: 2905.706: [GC 2905.706: [ParNew: 339507K->28408K(368640K), 0.0338330 secs] 6548171K->6237072K(12541952K), 0.0342490 secs] [Times: user=0.25 sys=0.01, real=0.03 secs] 
2011-03-01T01:50:05.129+0000: 2906.520: [GC 2906.520: [ParNew: 356088K->22236K(368640K), 0.0432160 secs] 6478596K->6150351K(12541952K), 0.0436390 secs] [Times: user=0.32 sys=0.00, real=0.05 secs] 
2011-03-01T01:50:06.125+0000: 2907.516: [GC 2907.516: [ParNew: 349916K->40960K(368640K), 0.0410470 secs] 6378269K->6074825K(12541952K), 0.0414630 secs] [Times: user=0.30 sys=0.00, real=0.04 secs] 
2011-03-01T01:50:07.164+0000: 2908.555: [GC 2908.556: [ParNew: 368640K->17667K(368640K), 0.0443520 secs] 6236017K->5899306K(12541952K), 0.0447730 secs] [Times: user=0.33 sys=0.00, real=0.04 secs] 
2011-03-01T01:50:08.243+0000: 2909.634: [GC 2909.634: [ParNew: 345347K->12393K(368640K), 0.0305550 secs] 6112865K->5779911K(12541952K), 0.0309690 secs] [Times: user=0.24 sys=0.00, real=0.03 secs] 
2011-03-01T01:50:09.190+0000: 2910.582: [GC 2910.582: [ParNew: 340073K->25621K(368640K), 0.0362350 secs] 6025194K->5710742K(12541952K), 0.0366870 secs] [Times: user=0.32 sys=0.00, real=0.04 secs] 
2011-03-01T01:50:10.255+0000: 2911.646: [GC 2911.646: [ParNew: 353301K->32449K(368640K), 0.0417990 secs] 5942473K->5624853K(12541952K), 0.0422380 secs] [Times: user=0.30 sys=0.00, real=0.04 secs] 
2011-03-01T01:50:11.249+0000: 2912.640: [GC 2912.641: [ParNew: 360129K->28170K(368640K), 0.0418020 secs] 5835440K->5507298K(12541952K), 0.0422400 secs] [Times: user=0.32 sys=0.00, real=0.04 secs] 
2011-03-01T01:50:12.591+0000: 2913.982: [GC 2913.982: [ParNew: 355850K->36016K(368640K), 0.0432770 secs] 5703270K->5389645K(12541952K), 0.0437270 secs] [Times: user=0.35 sys=0.00, real=0.05 secs] 
2011-03-01T01:50:13.599+0000: 2914.990: [GC 2914.991: [ParNew: 363696K->29783K(368640K), 0.0457160 secs] 5628650K->5303492K(12541952K), 0.0461510 secs] [Times: user=0.33 sys=0.01, real=0.05 secs] 
2011-03-01T01:50:15.228+0000: 2916.620: [GC 2916.620: [ParNew: 357463K->26937K(368640K), 0.0437820 secs] 5472540K->5150555K(12541952K), 0.0442240 secs] [Times: user=0.30 sys=0.02, real=0.05 secs] 
2011-03-01T01:50:17.025+0000: 2918.416: [GC 2918.416: [ParNew: 354617K->19506K(368640K), 0.0470660 secs] 5311516K->4983509K(12541952K), 0.0475220 secs] [Times: user=0.33 sys=0.00, real=0.05 secs] 
2011-03-01T01:50:18.496+0000: 2919.887: [GC 2919.887: [ParNew: 347186K->40960K(368640K), 0.0816260 secs] 5161706K->4885003K(12541952K), 0.0820640 secs] [Times: user=0.55 sys=0.01, real=0.08 secs] 
2011-03-01T01:50:19.320+0000: 2920.711: [GC 2920.711: [ParNew: 368640K->40960K(368640K), 0.0741480 secs] 4714590K->4428212K(12541952K), 0.0746110 secs] [Times: user=0.55 sys=0.02, real=0.08 secs] 
2011-03-01T01:50:19.949+0000: 2921.340: [CMS-concurrent-sweep: 34.605/37.025 secs] [Times: user=105.98 sys=20.05, real=37.02 secs] 
2011-03-01T01:50:19.949+0000: 2921.340: [CMS-concurrent-reset-start]
2011-03-01T01:50:19.978+0000: 2921.369: [CMS-concurrent-reset: 0.029/0.029 secs] [Times: user=0.06 sys=0.01, real=0.03 secs] 
2011-03-01T01:50:21.303+0000: 2922.694: [GC 2922.694: [ParNew: 368640K->34107K(368640K), 0.0519940 secs] 2917077K->2592934K(12541952K), 0.0524310 secs] [Times: user=0.34 sys=0.00, real=0.05 secs] 
2011-03-01T01:50:23.821+0000: 2925.213: [GC 2925.213: [ParNew: 361787K->30946K(368640K), 0.0515220 secs] 2920614K->2607972K(12541952K), 0.0599240 secs] [Times: user=0.38 sys=0.02, real=0.06 secs] 
2011-03-01T01:50:24.456+0000: 2925.848: [GC 2925.848: [ParNew: 358626K->32141K(368640K), 0.0465360 secs] 2935652K->2683693K(12541952K), 0.0468660 secs] [Times: user=0.32 sys=0.00, real=0.05 secs] 
2011-03-01T01:50:25.346+0000: 2926.737: [GC 2926.737: [ParNew: 359714K->36136K(368640K), 0.0296350 secs] 3011266K->2687689K(12541952K), 0.0300280 secs] [Times: user=0.24 sys=0.00, real=0.03 secs] 
2011-03-01T01:50:26.279+0000: 2927.670: [GC 2927.670: [ParNew: 363816K->39010K(368640K), 0.0387950 secs] 3015369K->2707802K(12541952K), 0.0391240 secs] [Times: user=0.32 sys=0.00, real=0.04 secs] 
2011-03-01T01:50:27.297+0000: 2928.688: [GC 2928.688: [ParNew: 366690K->39722K(368640K), 0.0437380 secs] 3035482K->2715481K(12541952K), 0.0440790 secs] [Times: user=0.32 sys=0.00, real=0.04 secs] 
2011-03-01T01:50:28.703+0000: 2930.094: [GC 2930.095: [ParNew: 367402K->37196K(368640K), 0.0519720 secs] 3043161K->2722378K(12541952K), 0.0523030 secs] [Times: user=0.41 sys=0.00, real=0.05 secs] 
2011-03-01T01:50:30.109+0000: 2931.500: [GC 2931.500: [ParNew: 364876K->38563K(368640K), 0.0610370 secs] 3050058K->2743856K(12541952K), 0.0613710 secs] [Times: user=0.46 sys=0.00, real=0.06 secs] 
2011-03-01T01:50:31.579+0000: 2932.970: [GC 2932.970: [ParNew: 366243K->40050K(368640K), 0.0509620 secs] 3071536K->2759122K(12541952K), 0.0513090 secs] [Times: user=0.39 sys=0.01, real=0.05 secs] 
2011-03-01T01:50:32.261+0000: 2933.652: [GC 2933.652: [ParNew: 367730K->38934K(368640K), 0.0598350 secs] 3086802K->2834628K(12541952K), 0.0601700 secs] [Times: user=0.44 sys=0.00, real=0.06 secs] 
2011-03-01T01:50:32.772+0000: 2934.163: [GC 2934.164: [ParNew: 366614K->31322K(368640K), 0.0512550 secs] 3162308K->2849178K(12541952K), 0.0515860 secs] [Times: user=0.35 sys=0.01, real=0.05 secs] 
2011-03-01T01:50:33.341+0000: 2934.732: [GC 2934.733: [ParNew: 359002K->40960K(368640K), 0.0803030 secs] 3176858K->2879180K(12541952K), 0.0806330 secs] [Times: user=0.61 sys=0.00, real=0.08 secs] 
2011-03-01T01:50:34.044+0000: 2935.435: [GC 2935.436: [ParNew: 368640K->36211K(368640K), 0.0465890 secs] 3206860K->2882466K(12541952K), 0.0469140 secs] [Times: user=0.31 sys=0.00, real=0.04 secs] 
2011-03-01T01:50:34.575+0000: 2935.966: [GC 2935.966: [ParNew: 363891K->40960K(368640K), 0.0438140 secs] 3210146K->2887215K(12541952K), 0.0441420 secs] [Times: user=0.32 sys=0.00, real=0.04 secs] 
2011-03-01T01:50:35.217+0000: 2936.608: [GC 2936.609: [ParNew: 368640K->39676K(368640K), 0.0674890 secs] 3214895K->2905594K(12541952K), 0.0721090 secs] [Times: user=0.44 sys=0.00, real=0.07 secs] 
2011-03-01T01:50:35.640+0000: 2937.031: [GC 2937.031: [ParNew: 367356K->26526K(368640K), 0.0513180 secs] 3233274K->2902484K(12541952K), 0.0518390 secs] [Times: user=0.39 sys=0.00, real=0.05 secs] 
2011-03-01T01:50:35.929+0000: 2937.320: [GC 2937.321: [ParNew: 354206K->40960K(368640K), 0.0949170 secs] 3230164K->2942612K(12541952K), 0.0954210 secs] [Times: user=0.69 sys=0.01, real=0.10 secs] 
2011-03-01T01:50:36.179+0000: 2937.570: [GC 2937.570: [ParNew: 368640K->40960K(368640K), 0.1638360 secs] 3270292K->3016383K(12541952K), 0.1641590 secs] [Times: user=1.00 sys=0.01, real=0.17 secs] 
2011-03-01T01:50:36.483+0000: 2937.874: [GC 2937.874: [ParNew: 368640K->40960K(368640K), 0.1607210 secs] 3344107K->3083755K(12541952K), 0.1612380 secs] [Times: user=0.87 sys=0.01, real=0.16 secs] 
2011-03-01T01:50:36.814+0000: 2938.205: [GC 2938.205: [ParNew: 368640K->40960K(368640K), 0.1381050 secs] 3411435K->3141493K(12541952K), 0.1385420 secs] [Times: user=0.84 sys=0.00, real=0.14 secs] 
2011-03-01T01:50:37.183+0000: 2938.575: [GC 2938.575: [ParNew: 368640K->40960K(368640K), 0.1878430 secs] 3469173K->3199717K(12541952K), 0.1883140 secs] [Times: user=0.86 sys=0.00, real=0.18 secs] 
2011-03-01T01:50:37.510+0000: 2938.901: [GC 2938.901: [ParNew: 368640K->40960K(368640K), 0.2388620 secs] 3527397K->3272134K(12541952K), 0.2393240 secs] [Times: user=1.23 sys=0.02, real=0.24 secs] 
2011-03-01T01:50:37.895+0000: 2939.286: [GC 2939.287: [ParNew: 368640K->40960K(368640K), 0.1649770 secs] 3599814K->3327731K(12541952K), 0.1653610 secs] [Times: user=1.02 sys=0.00, real=0.16 secs] 
2011-03-01T01:50:38.229+0000: 2939.620: [GC 2939.621: [ParNew: 368640K->40960K(368640K), 0.1473310 secs] 3655411K->3395581K(12541952K), 0.1476530 secs] [Times: user=1.03 sys=0.01, real=0.15 secs] 
2011-03-01T01:50:38.593+0000: 2939.984: [GC 2939.985: [ParNew: 368640K->40960K(368640K), 0.1101300 secs] 3723261K->3450666K(12541952K), 0.1104630 secs] [Times: user=0.73 sys=0.00, real=0.11 secs] 
2011-03-01T01:50:39.371+0000: 2940.763: [GC 2940.763: [ParNew: 368640K->40960K(368640K), 0.0648860 secs] 3778346K->3472959K(12541952K), 0.0652330 secs] [Times: user=0.47 sys=0.08, real=0.07 secs] 
2011-03-01T01:50:40.323+0000: 2941.714: [GC 2941.714: [ParNew: 368640K->40777K(368640K), 0.0634030 secs] 3800639K->3486759K(12541952K), 0.0710340 secs] [Times: user=0.42 sys=0.01, real=0.07 secs] 
2011-03-01T01:50:42.264+0000: 2943.655: [GC 2943.655: [ParNew: 368457K->40960K(368640K), 0.0635490 secs] 3814439K->3492951K(12541952K), 0.0638840 secs] [Times: user=0.45 sys=0.01, real=0.06 secs] 
2011-03-01T01:50:43.892+0000: 2945.284: [GC 2945.284: [ParNew: 368640K->40758K(368640K), 0.0489620 secs] 3820631K->3507486K(12541952K), 0.0493050 secs] [Times: user=0.35 sys=0.00, real=0.04 secs] 
2011-03-01T01:50:45.315+0000: 2946.706: [GC 2946.707: [ParNew: 368438K->36171K(368640K), 0.0425290 secs] 3835166K->3516208K(12541952K), 0.0428690 secs] [Times: user=0.31 sys=0.01, real=0.04 secs] 
2011-03-01T01:50:46.194+0000: 2947.585: [GC 2947.585: [ParNew: 363851K->40960K(368640K), 0.0695490 secs] 3843888K->3552359K(12541952K), 0.0700520 secs] [Times: user=0.51 sys=0.00, real=0.07 secs] 
2011-03-01T01:50:47.531+0000: 2948.922: [GC 2948.923: [ParNew: 368640K->20345K(368640K), 0.0412770 secs] 3880039K->3545690K(12541952K), 0.0417390 secs] [Times: user=0.32 sys=0.00, real=0.05 secs] 
2011-03-01T01:50:49.242+0000: 2950.634: [GC 2950.634: [ParNew: 348025K->40960K(368640K), 0.0364470 secs] 3873370K->3569129K(12541952K), 0.0368970 secs] [Times: user=0.28 sys=0.00, real=0.03 secs] 
2011-03-01T01:50:50.491+0000: 2951.882: [GC 2951.883: [ParNew: 368640K->40960K(368640K), 0.0807450 secs] 3896809K->3601083K(12541952K), 0.0851590 secs] [Times: user=0.57 sys=0.00, real=0.09 secs] 
2011-03-01T01:50:51.389+0000: 2952.780: [GC 2952.780: [ParNew: 368640K->40960K(368640K), 0.0576730 secs] 3928763K->3620246K(12541952K), 0.0580260 secs] [Times: user=0.41 sys=0.01, real=0.06 secs] 
2011-03-01T01:50:53.003+0000: 2954.395: [GC 2954.395: [ParNew: 368640K->40960K(368640K), 0.0555090 secs] 3947926K->3637649K(12541952K), 0.0558420 secs] [Times: user=0.41 sys=0.01, real=0.05 secs] 
2011-03-01T01:50:54.399+0000: 2955.790: [GC 2955.790: [ParNew: 368640K->30898K(368640K), 0.0395380 secs] 3965329K->3639754K(12541952K), 0.0398870 secs] [Times: user=0.32 sys=0.00, real=0.04 secs] 
2011-03-01T01:50:54.949+0000: 2956.341: [GC 2956.341: [ParNew: 358546K->29424K(368640K), 0.0328420 secs] 3967403K->3645932K(12541952K), 0.0331870 secs] [Times: user=0.24 sys=0.00, real=0.04 secs] 
2011-03-01T01:50:55.409+0000: 2956.800: [GC 2956.800: [ParNew: 357104K->28290K(368640K), 0.0267860 secs] 3973612K->3644798K(12541952K), 0.0271830 secs] [Times: user=0.24 sys=0.00, real=0.03 secs] 
2011-03-01T01:50:55.792+0000: 2957.183: [GC 2957.184: [ParNew: 355956K->7422K(368640K), 0.0292890 secs] 3972463K->3630986K(12541952K), 0.0297510 secs] [Times: user=0.20 sys=0.00, real=0.03 secs] 
2011-03-01T01:50:56.273+0000: 2957.664: [GC 2957.664: [ParNew: 335102K->12645K(368640K), 0.0263070 secs] 3958666K->3636208K(12541952K), 0.0267660 secs] [Times: user=0.18 sys=0.00, real=0.02 secs] 
2011-03-01T01:50:56.614+0000: 2958.005: [GC 2958.005: [ParNew: 340325K->12745K(368640K), 0.0272110 secs] 3963888K->3636309K(12541952K), 0.0276700 secs] [Times: user=0.19 sys=0.00, real=0.02 secs] 
2011-03-01T01:50:56.970+0000: 2958.361: [GC 2958.361: [ParNew: 340425K->10881K(368640K), 0.0290540 secs] 3963989K->3636590K(12541952K), 0.0295050 secs] [Times: user=0.23 sys=0.01, real=0.03 secs] 
2011-03-01T01:50:57.323+0000: 2958.714: [GC 2958.714: [ParNew: 338521K->38033K(368640K), 0.0430690 secs] 3964229K->3666823K(12541952K), 0.0434540 secs] [Times: user=0.33 sys=0.00, real=0.04 secs] 
2011-03-01T01:50:57.812+0000: 2959.203: [GC 2959.203: [ParNew: 365709K->27332K(368640K), 0.0341220 secs] 3994499K->3661775K(12541952K), 0.0344650 secs] [Times: user=0.26 sys=0.01, real=0.04 secs] 
2011-03-01T01:50:58.184+0000: 2959.575: [GC 2959.575: [ParNew: 355012K->29735K(368640K), 0.0271380 secs] 3989455K->3664178K(12541952K), 0.0274780 secs] [Times: user=0.16 sys=0.00, real=0.02 secs] 
2011-03-01T01:50:58.547+0000: 2959.938: [GC 2959.939: [ParNew: 357363K->24630K(368640K), 0.0267940 secs] 3991806K->3662604K(12541952K), 0.0271340 secs] [Times: user=0.21 sys=0.01, real=0.03 secs] 
2011-03-01T01:50:58.941+0000: 2960.332: [GC 2960.333: [ParNew: 352310K->40960K(368640K), 0.0323780 secs] 3990284K->3681123K(12541952K), 0.0327150 secs] [Times: user=0.23 sys=0.01, real=0.04 secs] 
2011-03-01T01:51:00.246+0000: 2961.637: [GC 2961.637: [ParNew: 368640K->35178K(368640K), 0.0398300 secs] 4008803K->3682200K(12541952K), 0.0401730 secs] [Times: user=0.31 sys=0.00, real=0.04 secs] 
2011-03-01T01:51:01.775+0000: 2963.166: [GC 2963.166: [ParNew: 362858K->39072K(368640K), 0.0432190 secs] 4009880K->3693136K(12541952K), 0.0435460 secs] [Times: user=0.33 sys=0.00, real=0.04 secs] 
2011-03-01T01:51:03.984+0000: 2965.376: [GC 2965.376: [ParNew: 366752K->21201K(368640K), 0.0423030 secs] 4020816K->3689526K(12541952K), 0.0426440 secs] [Times: user=0.32 sys=0.01, real=0.04 secs] 
2011-03-01T01:51:06.668+0000: 2968.060: [GC 2968.060: [ParNew: 348881K->40960K(368640K), 0.0364250 secs] 4017206K->3715165K(12541952K), 0.0367590 secs] [Times: user=0.33 sys=0.00, real=0.04 secs] 
2011-03-01T01:51:09.258+0000: 2970.649: [GC 2970.649: [ParNew: 368640K->30022K(368640K), 0.0455920 secs] 4042845K->3720165K(12541952K), 0.0459350 secs] [Times: user=0.32 sys=0.01, real=0.05 secs] 
2011-03-01T01:51:10.904+0000: 2972.295: [GC 2972.296: [ParNew: 357702K->40960K(368640K), 0.0393240 secs] 4047845K->3737093K(12541952K), 0.0397120 secs] [Times: user=0.24 sys=0.00, real=0.04 secs] 
2011-03-01T01:51:13.262+0000: 2974.653: [GC 2974.653: [ParNew: 368640K->28560K(368640K), 0.0375710 secs] 4064773K->3735638K(12541952K), 0.0379890 secs] [Times: user=0.28 sys=0.01, real=0.04 secs] 
2011-03-01T01:51:15.601+0000: 2976.993: [GC 2976.993: [ParNew: 356240K->23994K(368640K), 0.0364610 secs] 4063318K->3739310K(12541952K), 0.0368810 secs] [Times: user=0.30 sys=0.00, real=0.04 secs] 
2011-03-01T01:51:18.023+0000: 2979.414: [GC 2979.414: [ParNew: 351674K->40960K(368640K), 0.0369460 secs] 4066990K->3765146K(12541952K), 0.0373230 secs] [Times: user=0.26 sys=0.00, real=0.03 secs] 
2011-03-01T01:51:19.719+0000: 2981.110: [GC 2981.110: [ParNew: 368640K->13246K(368640K), 0.0391080 secs] 4092826K->3751574K(12541952K), 0.0394370 secs] [Times: user=0.31 sys=0.01, real=0.04 secs] 
2011-03-01T01:51:20.384+0000: 2981.776: [GC 2981.776: [ParNew: 340926K->40960K(368640K), 0.0345510 secs] 4079254K->3782037K(12541952K), 0.0348780 secs] [Times: user=0.24 sys=0.00, real=0.03 secs] 
2011-03-01T01:51:21.911+0000: 2983.303: [GC 2983.303: [ParNew: 368640K->40960K(368640K), 0.0502580 secs] 4109717K->3800909K(12541952K), 0.0505920 secs] [Times: user=0.40 sys=0.00, real=0.05 secs] 
2011-03-01T01:51:24.245+0000: 2985.636: [GC 2985.636: [ParNew: 368640K->27998K(368640K), 0.0364770 secs] 4128589K->3796289K(12541952K), 0.0368280 secs] [Times: user=0.24 sys=0.00, real=0.03 secs] 
2011-03-01T01:51:25.676+0000: 2987.067: [GC 2987.067: [ParNew: 355678K->40960K(368640K), 0.0515770 secs] 4123969K->3823698K(12541952K), 0.0519130 secs] [Times: user=0.40 sys=0.00, real=0.05 secs] 
2011-03-01T01:51:27.282+0000: 2988.673: [GC 2988.673: [ParNew: 368640K->36368K(368640K), 0.0368230 secs] 4151378K->3830168K(12541952K), 0.0371580 secs] [Times: user=0.30 sys=0.01, real=0.04 secs] 
2011-03-01T01:51:28.916+0000: 2990.307: [GC 2990.307: [ParNew: 364048K->40960K(368640K), 0.0680620 secs] 4157848K->3862501K(12541952K), 0.0683950 secs] [Times: user=0.46 sys=0.02, real=0.07 secs] 
2011-03-01T01:51:29.631+0000: 2991.022: [GC 2991.023: [ParNew: 368640K->27203K(368640K), 0.0369160 secs] 4190181K->3861329K(12541952K), 0.0372470 secs] [Times: user=0.30 sys=0.01, real=0.04 secs] 
2011-03-01T01:51:30.973+0000: 2992.364: [GC 2992.365: [ParNew: 351108K->40960K(368640K), 0.0557830 secs] 4185233K->3890835K(12541952K), 0.0561280 secs] [Times: user=0.40 sys=0.02, real=0.05 secs] 
2011-03-01T01:51:32.177+0000: 2993.568: [GC 2993.568: [ParNew: 368640K->32475K(368640K), 0.0501270 secs] 4218515K->3912566K(12541952K), 0.0504570 secs] [Times: user=0.39 sys=0.00, real=0.05 secs] 
2011-03-01T01:51:33.272+0000: 2994.663: [GC 2994.664: [ParNew: 360155K->40960K(368640K), 0.0496930 secs] 4240246K->3939841K(12541952K), 0.0500260 secs] [Times: user=0.33 sys=0.02, real=0.05 secs] 
2011-03-01T01:51:34.430+0000: 2995.821: [GC 2995.822: [ParNew: 368640K->36076K(368640K), 0.0357690 secs] 4267521K->3939951K(12541952K), 0.0360950 secs] [Times: user=0.31 sys=0.00, real=0.04 secs] 
2011-03-01T01:51:35.329+0000: 2996.720: [GC 2996.720: [ParNew: 363756K->40960K(368640K), 0.0793580 secs] 4267631K->3972293K(12541952K), 0.0796990 secs] [Times: user=0.56 sys=0.01, real=0.08 secs] 
2011-03-01T01:51:35.942+0000: 2997.334: [GC 2997.334: [ParNew: 368640K->40960K(368640K), 0.0595060 secs] 4299973K->3992299K(12541952K), 0.0598420 secs] [Times: user=0.43 sys=0.02, real=0.05 secs] 
2011-03-01T01:51:36.172+0000: 2997.563: [GC 2997.563: [ParNew: 368640K->40960K(368640K), 0.1632870 secs] 4319979K->4074056K(12541952K), 0.1636730 secs] [Times: user=1.11 sys=0.02, real=0.17 secs] 
2011-03-01T01:51:36.533+0000: 2997.924: [GC 2997.925: [ParNew: 368639K->40960K(368640K), 0.0881930 secs] 4401736K->4122431K(12541952K), 0.0885230 secs] [Times: user=0.57 sys=0.01, real=0.08 secs] 
2011-03-01T01:51:36.837+0000: 2998.228: [GC 2998.228: [ParNew: 368640K->40960K(368640K), 0.1706330 secs] 4450111K->4212993K(12541952K), 0.1710310 secs] [Times: user=1.14 sys=0.00, real=0.17 secs] 
2011-03-01T01:51:37.233+0000: 2998.624: [GC 2998.625: [ParNew: 368640K->40960K(368640K), 0.1226310 secs] 4540673K->4259903K(12541952K), 0.1230250 secs] [Times: user=0.77 sys=0.01, real=0.12 secs] 
2011-03-01T01:51:37.484+0000: 2998.875: [GC 2998.876: [ParNew: 368640K->40960K(368640K), 0.1515550 secs] 4587583K->4337308K(12541952K), 0.1519410 secs] [Times: user=1.06 sys=0.00, real=0.15 secs] 
2011-03-01T01:51:37.779+0000: 2999.170: [GC 2999.171: [ParNew: 368640K->40960K(368640K), 0.1297460 secs] 4664988K->4399384K(12541952K), 0.1300770 secs] [Times: user=0.93 sys=0.00, real=0.13 secs] 
2011-03-01T01:51:38.281+0000: 2999.672: [GC 2999.673: [ParNew: 368640K->40960K(368640K), 0.0586130 secs] 4727064K->4424358K(12541952K), 0.0589550 secs] [Times: user=0.43 sys=0.00, real=0.06 secs] 
2011-03-01T01:51:38.932+0000: 3000.323: [GC 3000.323: [ParNew: 368640K->40960K(368640K), 0.0891740 secs] 4752038K->4465068K(12541952K), 0.0895630 secs] [Times: user=0.64 sys=0.00, real=0.09 secs] 
2011-03-01T01:51:40.673+0000: 3002.064: [GC 3002.064: [ParNew: 368640K->39452K(368640K), 0.0513330 secs] 4792748K->4482139K(12541952K), 0.0517920 secs] [Times: user=0.37 sys=0.00, real=0.05 secs] 
2011-03-01T01:51:41.831+0000: 3003.222: [GC 3003.223: [ParNew: 367132K->22156K(368640K), 0.0377140 secs] 4809819K->4475653K(12541952K), 0.0381510 secs] [Times: user=0.31 sys=0.00, real=0.04 secs] 
2011-03-01T01:51:42.966+0000: 3004.357: [GC 3004.357: [ParNew: 349836K->40960K(368640K), 0.0356480 secs] 4803333K->4498394K(12541952K), 0.0360870 secs] [Times: user=0.24 sys=0.00, real=0.03 secs] 
2011-03-01T01:51:44.222+0000: 3005.613: [GC 3005.613: [ParNew: 368640K->24515K(368640K), 0.0404200 secs] 4826074K->4493187K(12541952K), 0.0409090 secs] [Times: user=0.31 sys=0.00, real=0.05 secs] 
2011-03-01T01:51:45.769+0000: 3007.161: [GC 3007.161: [ParNew: 352195K->39794K(368640K), 0.0325090 secs] 4820867K->4508466K(12541952K), 0.0341050 secs] [Times: user=0.27 sys=0.00, real=0.04 secs] 
2011-03-01T01:51:46.996+0000: 3008.387: [GC 3008.388: [ParNew: 367474K->38486K(368640K), 0.0441690 secs] 4836146K->4520992K(12541952K), 0.0444990 secs] [Times: user=0.32 sys=0.00, real=0.04 secs] 
2011-03-01T01:51:48.863+0000: 3010.254: [GC 3010.254: [ParNew: 366166K->27314K(368640K), 0.0395310 secs] 4848672K->4517484K(12541952K), 0.0398720 secs] [Times: user=0.29 sys=0.00, real=0.04 secs] 
2011-03-01T01:51:50.461+0000: 3011.852: [GC 3011.853: [ParNew: 355051K->23067K(368640K), 0.0364600 secs] 4845221K->4521855K(12541952K), 0.0367930 secs] [Times: user=0.32 sys=0.00, real=0.04 secs] 
2011-03-01T01:51:50.502+0000: 3011.893: [GC 3011.893: [ParNew: 24073K->17673K(368640K), 0.0252360 secs] 4522861K->4516461K(12541952K), 0.0255070 secs] [Times: user=0.23 sys=0.00, real=0.03 secs] 
2011-03-01T01:51:51.388+0000: 3012.779: [GC 3012.780: [ParNew: 345353K->17085K(368640K), 0.0333750 secs] 4844141K->4515873K(12541952K), 0.0337050 secs] [Times: user=0.22 sys=0.01, real=0.03 secs] 
2011-03-01T01:51:53.326+0000: 3014.717: [GC 3014.717: [ParNew: 344765K->40960K(368640K), 0.0467050 secs] 4843553K->4550878K(12541952K), 0.0470370 secs] [Times: user=0.31 sys=0.01, real=0.05 secs] 
2011-03-01T01:51:54.262+0000: 3015.653: [GC 3015.653: [ParNew: 368636K->25228K(368640K), 0.0446410 secs] 4878554K->4549055K(12541952K), 0.0450670 secs] [Times: user=0.33 sys=0.01, real=0.05 secs] 
2011-03-01T01:51:54.761+0000: 3016.152: [GC 3016.152: [ParNew: 352972K->8235K(368640K), 0.0285290 secs] 4876799K->4539732K(12541952K), 0.0289720 secs] [Times: user=0.24 sys=0.00, real=0.03 secs] 
2011-03-01T01:51:56.004+0000: 3017.395: [GC 3017.396: [ParNew: 335915K->7850K(368640K), 0.0257930 secs] 4867412K->4539348K(12541952K), 0.0262560 secs] [Times: user=0.17 sys=0.00, real=0.02 secs] 
2011-03-01T01:51:56.413+0000: 3017.804: [GC 3017.804: [ParNew: 335530K->28877K(368640K), 0.0281000 secs] 4867028K->4560375K(12541952K), 0.0296340 secs] [Times: user=0.17 sys=0.00, real=0.02 secs] 
2011-03-01T01:51:56.824+0000: 3018.215: [GC 3018.216: [ParNew: 356550K->14755K(368640K), 0.0301580 secs] 4888047K->4553477K(12541952K), 0.0306360 secs] [Times: user=0.20 sys=0.01, real=0.03 secs] 
2011-03-01T01:51:57.295+0000: 3018.687: [GC 3018.687: [ParNew: 342415K->6293K(368640K), 0.0223440 secs] 4881136K->4545015K(12541952K), 0.0226830 secs] [Times: user=0.16 sys=0.00, real=0.02 secs] 
2011-03-01T01:51:57.656+0000: 3019.048: [GC 3019.048: [ParNew: 333960K->5072K(368640K), 0.0244950 secs] 4872682K->4543793K(12541952K), 0.0248380 secs] [Times: user=0.16 sys=0.00, real=0.02 secs] 
2011-03-01T01:51:57.982+0000: 3019.373: [GC 3019.373: [ParNew: 332752K->28988K(368640K), 0.0314680 secs] 4871473K->4567709K(12541952K), 0.0318090 secs] [Times: user=0.24 sys=0.00, real=0.04 secs] 
2011-03-01T01:51:58.294+0000: 3019.685: [GC 3019.685: [ParNew: 356668K->25676K(368640K), 0.0288200 secs] 4895389K->4566926K(12541952K), 0.0291640 secs] [Times: user=0.17 sys=0.00, real=0.03 secs] 
2011-03-01T01:51:58.834+0000: 3020.225: [GC 3020.226: [ParNew: 353305K->28104K(368640K), 0.0308490 secs] 4894555K->4574743K(12541952K), 0.0311910 secs] [Times: user=0.24 sys=0.00, real=0.03 secs] 
2011-03-01T01:51:59.200+0000: 3020.592: [GC 3020.592: [ParNew: 355783K->18832K(368640K), 0.0250620 secs] 4902422K->4566108K(12541952K), 0.0254100 secs] [Times: user=0.23 sys=0.01, real=0.03 secs] 
2011-03-01T01:51:59.728+0000: 3021.120: [GC 3021.120: [ParNew: 346512K->5254K(368640K), 0.0224170 secs] 4893788K->4552530K(12541952K), 0.0227490 secs] [Times: user=0.15 sys=0.01, real=0.02 secs] 
2011-03-01T01:52:00.336+0000: 3021.727: [GC 3021.727: [ParNew: 332934K->40960K(368640K), 0.1340820 secs] 4880210K->4636658K(12541952K), 0.1344130 secs] [Times: user=0.87 sys=0.00, real=0.13 secs] 
2011-03-01T01:52:01.485+0000: 3022.876: [GC 3022.876: [ParNew: 368640K->40960K(368640K), 0.0650060 secs] 4964338K->4679276K(12541952K), 0.0727300 secs] [Times: user=0.48 sys=0.00, real=0.07 secs] 
2011-03-01T01:52:03.377+0000: 3024.768: [GC 3024.768: [ParNew: 368640K->40315K(368640K), 0.0408410 secs] 5006956K->4690713K(12541952K), 0.0412900 secs] [Times: user=0.31 sys=0.00, real=0.04 secs] 
2011-03-01T01:52:05.930+0000: 3027.321: [GC 3027.321: [ParNew: 367995K->36473K(368640K), 0.0368720 secs] 5018393K->4693555K(12541952K), 0.0373120 secs] [Times: user=0.32 sys=0.00, real=0.04 secs] 
2011-03-01T01:52:08.372+0000: 3029.763: [GC 3029.763: [ParNew: 364153K->24763K(368640K), 0.0327540 secs] 5021235K->4692413K(12541952K), 0.0332000 secs] [Times: user=0.27 sys=0.00, real=0.04 secs] 
2011-03-01T01:52:10.027+0000: 3031.419: [GC 3031.419: [ParNew: 352443K->40960K(368640K), 0.0413370 secs] 5020093K->4711415K(12541952K), 0.0417780 secs] [Times: user=0.32 sys=0.00, real=0.04 secs] 
2011-03-01T01:52:12.266+0000: 3033.657: [GC 3033.657: [ParNew: 368640K->35321K(368640K), 0.0385800 secs] 5039095K->4721790K(12541952K), 0.0401830 secs] [Times: user=0.26 sys=0.00, real=0.04 secs] 
2011-03-01T01:52:14.763+0000: 3036.154: [GC 3036.155: [ParNew: 363001K->25063K(368640K), 0.0267600 secs] 5049470K->4711533K(12541952K), 0.0270900 secs] [Times: user=0.20 sys=0.00, real=0.02 secs] 
2011-03-01T01:52:16.650+0000: 3038.041: [GC 3038.042: [ParNew: 352743K->40960K(368640K), 0.0320560 secs] 5039213K->4732605K(12541952K), 0.0325000 secs] [Times: user=0.24 sys=0.00, real=0.04 secs] 
2011-03-01T01:52:19.397+0000: 3040.789: [GC 3040.789: [ParNew: 368640K->11135K(368640K), 0.0428620 secs] 5060285K->4717657K(12541952K), 0.0433040 secs] [Times: user=0.32 sys=0.00, real=0.04 secs] 
2011-03-01T01:52:21.989+0000: 3043.380: [GC 3043.380: [ParNew: 338815K->40960K(368640K), 0.0333460 secs] 5045337K->4748392K(12541952K), 0.0337760 secs] [Times: user=0.24 sys=0.00, real=0.03 secs] 
2011-03-01T01:52:24.466+0000: 3045.857: [GC 3045.857: [ParNew: 368640K->19892K(368640K), 0.0378810 secs] 5076072K->4741183K(12541952K), 0.0383000 secs] [Times: user=0.24 sys=0.00, real=0.04 secs] 
2011-03-01T01:52:26.237+0000: 3047.628: [GC 3047.629: [ParNew: 347572K->40090K(368640K), 0.0262910 secs] 5068863K->4765477K(12541952K), 0.0267610 secs] [Times: user=0.20 sys=0.00, real=0.03 secs] 
2011-03-01T01:52:27.470+0000: 3048.861: [GC 3048.861: [ParNew: 367770K->26805K(368640K), 0.0434070 secs] 5093157K->4763683K(12541952K), 0.0438630 secs] [Times: user=0.31 sys=0.01, real=0.05 secs] 
2011-03-01T01:52:28.851+0000: 3050.242: [GC 3050.242: [ParNew: 354485K->36079K(368640K), 0.0415830 secs] 5091363K->4781484K(12541952K), 0.0420260 secs] [Times: user=0.31 sys=0.00, real=0.05 secs] 
2011-03-01T01:52:30.081+0000: 3051.472: [GC 3051.472: [ParNew: 363759K->40960K(368640K), 0.0409470 secs] 5109164K->4792728K(12541952K), 0.0414030 secs] [Times: user=0.32 sys=0.00, real=0.05 secs] 
2011-03-01T01:52:31.694+0000: 3053.085: [GC 3053.086: [ParNew: 368640K->32484K(368640K), 0.0373880 secs] 5120408K->4792859K(12541952K), 0.0378270 secs] [Times: user=0.24 sys=0.00, real=0.03 secs] 
2011-03-01T01:52:33.349+0000: 3054.740: [GC 3054.740: [ParNew: 360164K->34746K(368640K), 0.0370420 secs] 5120539K->4801577K(12541952K), 0.0374830 secs] [Times: user=0.30 sys=0.01, real=0.04 secs] 
2011-03-01T01:52:35.057+0000: 3056.448: [GC 3056.448: [ParNew: 362426K->40960K(368640K), 0.0453360 secs] 5129257K->4818196K(12541952K), 0.0457810 secs] [Times: user=0.32 sys=0.00, real=0.05 secs] 
2011-03-01T01:52:35.466+0000: 3056.857: [GC 3056.858: [ParNew: 368640K->40960K(368640K), 0.0676160 secs] 5145876K->4828734K(12541952K), 0.0680770 secs] [Times: user=0.49 sys=0.00, real=0.07 secs] 
2011-03-01T01:52:35.995+0000: 3057.386: [GC 3057.386: [ParNew: 368640K->40960K(368640K), 0.0862380 secs] 5156414K->4858826K(12541952K), 0.0867750 secs] [Times: user=0.62 sys=0.00, real=0.08 secs] 
2011-03-01T01:52:36.228+0000: 3057.620: [GC 3057.620: [ParNew: 368640K->40960K(368640K), 0.1553440 secs] 5186534K->4938691K(12541952K), 0.1557880 secs] [Times: user=1.04 sys=0.00, real=0.16 secs] 
2011-03-01T01:52:36.386+0000: 3057.778: [GC 3057.778: [ParNew: 41111K->30357K(368640K), 0.0642780 secs] 4938842K->4969102K(12541952K), 0.0647010 secs] [Times: user=0.40 sys=0.00, real=0.06 secs] 
2011-03-01T01:52:36.639+0000: 3058.030: [GC 3058.031: [ParNew: 357321K->40960K(368640K), 0.0739550 secs] 5296066K->5003074K(12541952K), 0.0743970 secs] [Times: user=0.55 sys=0.00, real=0.08 secs] 
2011-03-01T01:52:36.822+0000: 3058.213: [GC 3058.213: [ParNew: 368640K->40960K(368640K), 0.1351030 secs] 5330754K->5189092K(12541952K), 0.1355710 secs] [Times: user=0.81 sys=0.03, real=0.14 secs] 
2011-03-01T01:52:37.091+0000: 3058.482: [GC 3058.482: [ParNew: 368640K->40960K(368640K), 0.1548400 secs] 5516772K->5274708K(12541952K), 0.1553220 secs] [Times: user=1.05 sys=0.00, real=0.16 secs] 
2011-03-01T01:52:37.391+0000: 3058.782: [GC 3058.782: [ParNew: 368640K->40960K(368640K), 0.1434840 secs] 5602388K->5343840K(12541952K), 0.1439620 secs] [Times: user=1.01 sys=0.01, real=0.15 secs] 
2011-03-01T01:52:37.675+0000: 3059.066: [GC 3059.067: [ParNew: 368640K->40960K(368640K), 0.1273340 secs] 5671520K->5409694K(12541952K), 0.1276600 secs] [Times: user=0.85 sys=0.02, real=0.13 secs] 
2011-03-01T01:52:38.034+0000: 3059.426: [GC 3059.426: [ParNew: 368640K->40960K(368640K), 0.0946990 secs] 5737374K->5449142K(12541952K), 0.0951340 secs] [Times: user=0.57 sys=0.01, real=0.09 secs] 
2011-03-01T01:52:38.349+0000: 3059.741: [GC 3059.741: [ParNew: 368640K->40960K(368640K), 0.0868080 secs] 5776822K->5501082K(12541952K), 0.0871540 secs] [Times: user=0.64 sys=0.01, real=0.09 secs] 
2011-03-01T01:52:38.730+0000: 3060.121: [GC 3060.121: [ParNew: 368640K->40960K(368640K), 0.0890700 secs] 5828762K->5546469K(12541952K), 0.0894050 secs] [Times: user=0.65 sys=0.00, real=0.09 secs] 
2011-03-01T01:52:39.140+0000: 3060.531: [GC 3060.532: [ParNew: 368640K->36821K(368640K), 0.0503690 secs] 5874149K->5554075K(12541952K), 0.0507060 secs] [Times: user=0.40 sys=0.01, real=0.05 secs] 
2011-03-01T01:52:39.634+0000: 3061.025: [GC 3061.025: [ParNew: 364501K->12475K(368640K), 0.0556760 secs] 5881755K->5542667K(12541952K), 0.0560050 secs] [Times: user=0.38 sys=0.01, real=0.05 secs] 
2011-03-01T01:52:40.169+0000: 3061.560: [GC 3061.560: [ParNew: 340155K->25662K(368640K), 0.0397140 secs] 5870347K->5555855K(12541952K), 0.0400420 secs] [Times: user=0.32 sys=0.00, real=0.04 secs] 
2011-03-01T01:52:40.524+0000: 3061.915: [GC 3061.915: [ParNew: 353342K->40960K(368640K), 0.0744480 secs] 5883535K->5591694K(12541952K), 0.0747790 secs] [Times: user=0.54 sys=0.01, real=0.07 secs] 
2011-03-01T01:52:41.019+0000: 3062.410: [GC 3062.410: [ParNew: 367169K->35263K(368640K), 0.0571640 secs] 5917903K->5604609K(12541952K), 0.0574950 secs] [Times: user=0.39 sys=0.00, real=0.06 secs] 
2011-03-01T01:52:41.480+0000: 3062.871: [GC 3062.871: [ParNew: 362943K->14604K(368640K), 0.0295560 secs] 5932289K->5583950K(12541952K), 0.0298730 secs] [Times: user=0.24 sys=0.00, real=0.03 secs] 
2011-03-01T01:52:42.011+0000: 3063.402: [GC 3063.402: [ParNew: 342284K->31128K(368640K), 0.0376240 secs] 5911630K->5600474K(12541952K), 0.0379570 secs] [Times: user=0.31 sys=0.00, real=0.04 secs] 
2011-03-01T01:52:43.029+0000: 3064.420: [GC 3064.421: [ParNew: 358808K->39984K(368640K), 0.0457950 secs] 5928154K->5614351K(12541952K), 0.0461350 secs] [Times: user=0.35 sys=0.01, real=0.05 secs] 
2011-03-01T01:52:44.043+0000: 3065.434: [GC 3065.434: [ParNew: 367664K->40960K(368640K), 0.0581810 secs] 5942031K->5630034K(12541952K), 0.0585120 secs] [Times: user=0.44 sys=0.00, real=0.05 secs] 
2011-03-01T01:52:45.714+0000: 3067.105: [GC 3067.105: [ParNew: 368640K->38324K(368640K), 0.0669360 secs] 5957714K->5647968K(12541952K), 0.0672800 secs] [Times: user=0.48 sys=0.00, real=0.06 secs] 
2011-03-01T01:52:47.111+0000: 3068.502: [GC 3068.502: [ParNew: 366004K->28290K(368640K), 0.0478940 secs] 5975648K->5653944K(12541952K), 0.0482180 secs] [Times: user=0.41 sys=0.00, real=0.05 secs] 
2011-03-01T01:52:48.485+0000: 3069.876: [GC 3069.876: [ParNew: 355970K->40960K(368640K), 0.0503480 secs] 5981624K->5678003K(12541952K), 0.0507000 secs] [Times: user=0.34 sys=0.00, real=0.05 secs] 
2011-03-01T01:52:50.432+0000: 3071.824: [GC 3071.824: [ParNew: 368640K->40960K(368640K), 0.0507730 secs] 6005683K->5693708K(12541952K), 0.0511160 secs] [Times: user=0.36 sys=0.00, real=0.05 secs] 
2011-03-01T01:52:51.696+0000: 3073.087: [GC 3073.087: [ParNew: 368640K->26486K(368640K), 0.0524740 secs] 6021388K->5701722K(12541952K), 0.0528060 secs] [Times: user=0.40 sys=0.00, real=0.05 secs] 
2011-03-01T01:52:53.374+0000: 3074.765: [GC 3074.765: [ParNew: 354166K->40960K(368640K), 0.0448290 secs] 6029402K->5717428K(12541952K), 0.0451590 secs] [Times: user=0.33 sys=0.00, real=0.04 secs] 
2011-03-01T01:52:54.635+0000: 3076.026: [GC 3076.026: [ParNew: 368640K->38064K(368640K), 0.0525190 secs] 6045108K->5725525K(12541952K), 0.0528880 secs] [Times: user=0.36 sys=0.00, real=0.05 secs] 
2011-03-01T01:52:55.104+0000: 3076.495: [GC 3076.496: [ParNew: 365744K->37194K(368640K), 0.0498020 secs] 6053205K->5740071K(12541952K), 0.0501690 secs] [Times: user=0.34 sys=0.00, real=0.05 secs] 
2011-03-01T01:52:55.842+0000: 3077.233: [GC 3077.233: [ParNew: 364874K->40960K(368640K), 0.0453290 secs] 6067751K->5755502K(12541952K), 0.0456730 secs] [Times: user=0.36 sys=0.00, real=0.05 secs] 
2011-03-01T01:52:56.481+0000: 3077.872: [GC 3077.873: [ParNew: 368640K->19979K(368640K), 0.0374150 secs] 6083182K->5748638K(12541952K), 0.0377650 secs] [Times: user=0.30 sys=0.00, real=0.04 secs] 
2011-03-01T01:52:56.794+0000: 3078.185: [GC 3078.185: [ParNew: 347659K->24236K(368640K), 0.0294930 secs] 6076318K->5752895K(12541952K), 0.0298430 secs] [Times: user=0.21 sys=0.01, real=0.03 secs] 
2011-03-01T01:52:57.067+0000: 3078.458: [GC 3078.459: [ParNew: 351916K->18044K(368640K), 0.0276090 secs] 6080574K->5749414K(12541952K), 0.0279540 secs] [Times: user=0.20 sys=0.00, real=0.03 secs] 
2011-03-01T01:52:57.418+0000: 3078.809: [GC 3078.809: [ParNew: 345681K->23706K(368640K), 0.0286550 secs] 6077052K->5755076K(12541952K), 0.0290000 secs] [Times: user=0.24 sys=0.00, real=0.03 secs] 
2011-03-01T01:52:57.803+0000: 3079.194: [GC 3079.195: [ParNew: 351340K->16988K(368640K), 0.0274260 secs] 6082711K->5749997K(12541952K), 0.0277740 secs] [Times: user=0.18 sys=0.01, real=0.03 secs] 
2011-03-01T01:52:58.223+0000: 3079.615: [GC 3079.615: [ParNew: 344668K->37182K(368640K), 0.0355500 secs] 6077677K->5770191K(12541952K), 0.0359000 secs] [Times: user=0.27 sys=0.00, real=0.03 secs] 
2011-03-01T01:52:59.112+0000: 3080.504: [GC 3080.504: [ParNew: 364821K->26639K(368640K), 0.0341500 secs] 6097830K->5767007K(12541952K), 0.0344890 secs] [Times: user=0.27 sys=0.00, real=0.03 secs] 
2011-03-01T01:53:00.311+0000: 3081.702: [GC 3081.702: [ParNew: 354319K->40960K(368640K), 0.0323290 secs] 6094687K->5781327K(12541952K), 0.0326750 secs] [Times: user=0.27 sys=0.00, real=0.04 secs] 
2011-03-01T01:53:01.968+0000: 3083.359: [GC 3083.359: [ParNew: 368640K->20447K(368640K), 0.0479570 secs] 6109007K->5777826K(12541952K), 0.0483000 secs] [Times: user=0.33 sys=0.00, real=0.05 secs] 
2011-03-01T01:53:03.818+0000: 3085.209: [GC 3085.210: [ParNew: 348126K->40960K(368640K), 0.0398790 secs] 6105505K->5800793K(12541952K), 0.0402250 secs] [Times: user=0.32 sys=0.00, real=0.04 secs] 
2011-03-01T01:53:04.372+0000: 3085.763: [GC 3085.763: [ParNew: 368629K->14491K(368640K), 0.0419240 secs] 6128462K->5795816K(12541952K), 0.0422760 secs] [Times: user=0.30 sys=0.00, real=0.05 secs] 
2011-03-01T01:53:05.879+0000: 3087.270: [GC 3087.270: [ParNew: 342171K->11151K(368640K), 0.0282450 secs] 6123496K->5792477K(12541952K), 0.0285880 secs] [Times: user=0.24 sys=0.00, real=0.03 secs] 
2011-03-01T01:53:08.313+0000: 3089.704: [GC 3089.704: [ParNew: 338831K->40960K(368640K), 0.0810980 secs] 6120157K->5848798K(12541952K), 0.0814490 secs] [Times: user=0.62 sys=0.00, real=0.08 secs] 
2011-03-01T01:53:10.784+0000: 3092.175: [GC 3092.175: [ParNew: 368640K->40960K(368640K), 0.0578380 secs] 6176478K->5871382K(12541952K), 0.0581790 secs] [Times: user=0.42 sys=0.00, real=0.06 secs] 
2011-03-01T01:53:13.270+0000: 3094.661: [GC 3094.662: [ParNew: 368640K->30101K(368640K), 0.0456060 secs] 6199062K->5874530K(12541952K), 0.0460150 secs] [Times: user=0.33 sys=0.00, real=0.05 secs] 
2011-03-01T01:53:15.804+0000: 3097.195: [GC 3097.196: [ParNew: 357781K->40960K(368640K), 0.0520520 secs] 6202210K->5897334K(12541952K), 0.0525160 secs] [Times: user=0.35 sys=0.00, real=0.05 secs] 
2011-03-01T01:53:17.627+0000: 3099.018: [GC 3099.018: [ParNew: 368640K->40960K(368640K), 0.0461650 secs] 6225014K->5907632K(12541952K), 0.0466100 secs] [Times: user=0.34 sys=0.00, real=0.05 secs] 
2011-03-01T01:53:19.815+0000: 3101.206: [GC 3101.207: [ParNew: 368640K->40960K(368640K), 0.1016150 secs] 6235312K->5952597K(12541952K), 0.1020640 secs] [Times: user=0.73 sys=0.00, real=0.10 secs] 
2011-03-01T01:53:20.826+0000: 3102.217: [GC 3102.217: [ParNew: 368640K->36158K(368640K), 0.0614100 secs] 6280277K->5973336K(12541952K), 0.0618550 secs] [Times: user=0.41 sys=0.00, real=0.06 secs] 
2011-03-01T01:53:23.447+0000: 3104.838: [GC 3104.839: [ParNew: 363838K->27743K(368640K), 0.0444830 secs] 6301016K->5975340K(12541952K), 0.0449310 secs] [Times: user=0.32 sys=0.00, real=0.05 secs] 
2011-03-01T01:53:25.627+0000: 3107.019: [GC 3107.019: [ParNew: 355423K->40960K(368640K), 0.0699200 secs] 6303020K->6012478K(12541952K), 0.0703670 secs] [Times: user=0.49 sys=0.00, real=0.07 secs] 
2011-03-01T01:53:26.560+0000: 3107.951: [GC 3107.951: [ParNew: 368640K->40960K(368640K), 0.0811020 secs] 6340158K->6044891K(12541952K), 0.0815410 secs] [Times: user=0.57 sys=0.00, real=0.08 secs] 
2011-03-01T01:53:28.109+0000: 3109.500: [GC 3109.501: [ParNew: 368640K->40960K(368640K), 0.1028770 secs] 6372571K->6094763K(12541952K), 0.1032140 secs] [Times: user=0.80 sys=0.01, real=0.11 secs] 
2011-03-01T01:53:29.540+0000: 3110.931: [GC 3110.932: [ParNew: 368640K->31945K(368640K), 0.0655540 secs] 6422443K->6113091K(12541952K), 0.0658900 secs] [Times: user=0.48 sys=0.01, real=0.07 secs] 
2011-03-01T01:53:30.767+0000: 3112.158: [GC 3112.158: [ParNew: 359625K->40960K(368640K), 0.0502340 secs] 6440771K->6136033K(12541952K), 0.0505720 secs] [Times: user=0.35 sys=0.00, real=0.05 secs] 
2011-03-01T01:53:32.208+0000: 3113.599: [GC 3113.599: [ParNew: 368640K->20991K(368640K), 0.0455770 secs] 6463713K->6128621K(12541952K), 0.0459070 secs] [Times: user=0.33 sys=0.00, real=0.05 secs] 
2011-03-01T01:53:32.843+0000: 3114.235: [GC 3114.235: [ParNew: 348671K->40960K(368640K), 0.0510020 secs] 6456301K->6224032K(12541952K), 0.0513300 secs] [Times: user=0.36 sys=0.00, real=0.05 secs] 
2011-03-01T01:53:33.386+0000: 3114.777: [GC 3114.777: [ParNew: 368640K->40960K(368640K), 0.0949960 secs] 6551712K->6259683K(12541952K), 0.0953270 secs] [Times: user=0.65 sys=0.00, real=0.09 secs] 
2011-03-01T01:53:34.103+0000: 3115.494: [GC 3115.495: [ParNew: 368640K->35052K(368640K), 0.0566990 secs] 6587363K->6277103K(12541952K), 0.0570320 secs] [Times: user=0.46 sys=0.00, real=0.05 secs] 
2011-03-01T01:53:34.698+0000: 3116.089: [GC 3116.089: [ParNew: 362732K->26974K(368640K), 0.0395500 secs] 6604783K->6269026K(12541952K), 0.0399240 secs] [Times: user=0.32 sys=0.00, real=0.04 secs] 
2011-03-01T01:53:35.116+0000: 3116.507: [GC 3116.507: [ParNew: 354654K->40960K(368640K), 0.0955450 secs] 6596706K->6313075K(12541952K), 0.0958860 secs] [Times: user=0.65 sys=0.00, real=0.09 secs] 
2011-03-01T01:53:35.363+0000: 3116.754: [GC 3116.754: [ParNew: 368640K->40960K(368640K), 0.1290660 secs] 6640755K->6377718K(12541952K), 0.1294060 secs] [Times: user=0.92 sys=0.01, real=0.13 secs] 
2011-03-01T01:53:35.794+0000: 3117.185: [GC 3117.185: [ParNew: 368640K->40960K(368640K), 0.0789540 secs] 6705398K->6411049K(12541952K), 0.0793120 secs] [Times: user=0.59 sys=0.00, real=0.08 secs] 
2011-03-01T01:53:36.056+0000: 3117.447: [GC 3117.447: [ParNew: 368640K->40960K(368640K), 0.1434040 secs] 6738729K->6483872K(12541952K), 0.1437450 secs] [Times: user=0.90 sys=0.01, real=0.14 secs] 
2011-03-01T01:53:36.368+0000: 3117.760: [GC 3117.760: [ParNew: 368640K->40960K(368640K), 0.1181540 secs] 6811552K->6538786K(12541952K), 0.1186010 secs] [Times: user=0.80 sys=0.00, real=0.12 secs] 
2011-03-01T01:53:36.852+0000: 3118.243: [GC 3118.243: [ParNew: 368640K->40960K(368640K), 0.0592360 secs] 6866466K->6561238K(12541952K), 0.0596820 secs] [Times: user=0.44 sys=0.00, real=0.06 secs] 
2011-03-01T01:53:37.164+0000: 3118.555: [GC 3118.555: [ParNew: 368640K->40960K(368640K), 0.1025700 secs] 6888918K->6605260K(12541952K), 0.1030130 secs] [Times: user=0.66 sys=0.00, real=0.10 secs] 
2011-03-01T01:53:37.471+0000: 3118.862: [GC 3118.862: [ParNew: 368640K->40960K(368640K), 0.1128980 secs] 6932940K->6663980K(12541952K), 0.1132840 secs] [Times: user=0.75 sys=0.00, real=0.12 secs] 
2011-03-01T01:53:37.779+0000: 3119.171: [GC 3119.171: [ParNew: 368640K->40960K(368640K), 0.0987740 secs] 6991660K->6715503K(12541952K), 0.0991830 secs] [Times: user=0.69 sys=0.00, real=0.10 secs] 
2011-03-01T01:53:38.196+0000: 3119.587: [GC 3119.587: [ParNew: 368640K->40960K(368640K), 0.0908780 secs] 7043183K->6760443K(12541952K), 0.0912280 secs] [Times: user=0.62 sys=0.00, real=0.09 secs] 
2011-03-01T01:53:38.740+0000: 3120.131: [GC 3120.132: [ParNew: 368640K->40960K(368640K), 0.0572720 secs] 7088123K->6781065K(12541952K), 0.0576110 secs] [Times: user=0.43 sys=0.00, real=0.06 secs] 
2011-03-01T01:53:39.229+0000: 3120.620: [GC 3120.620: [ParNew: 368640K->30007K(368640K), 0.0420110 secs] 7108745K->6777354K(12541952K), 0.0423470 secs] [Times: user=0.32 sys=0.00, real=0.04 secs] 
2011-03-01T01:53:40.147+0000: 3121.538: [GC 3121.538: [ParNew: 357687K->40960K(368640K), 0.0471850 secs] 7105034K->6798351K(12541952K), 0.0475160 secs] [Times: user=0.33 sys=0.00, real=0.05 secs] 
2011-03-01T01:53:40.754+0000: 3122.145: [GC 3122.145: [ParNew: 368640K->37479K(368640K), 0.0541760 secs] 7126031K->6869088K(12541952K), 0.0546330 secs] [Times: user=0.41 sys=0.00, real=0.05 secs] 
2011-03-01T01:53:41.474+0000: 3122.865: [GC 3122.866: [ParNew: 365159K->23034K(368640K), 0.0355820 secs] 7196768K->6875045K(12541952K), 0.0360470 secs] [Times: user=0.23 sys=0.01, real=0.03 secs] 
2011-03-01T01:53:42.191+0000: 3123.582: [GC 3123.582: [ParNew: 350714K->38732K(368640K), 0.0318350 secs] 7202725K->6890743K(12541952K), 0.0322900 secs] [Times: user=0.24 sys=0.01, real=0.04 secs] 
2011-03-01T01:53:42.951+0000: 3124.342: [GC 3124.342: [ParNew: 366412K->25940K(368640K), 0.0380680 secs] 7218423K->6892050K(12541952K), 0.0385130 secs] [Times: user=0.32 sys=0.00, real=0.04 secs] 
2011-03-01T01:53:43.789+0000: 3125.180: [GC 3125.181: [ParNew: 353620K->18053K(368640K), 0.0227750 secs] 7219730K->6884162K(12541952K), 0.0232070 secs] [Times: user=0.16 sys=0.00, real=0.03 secs] 
2011-03-01T01:53:44.580+0000: 3125.971: [GC 3125.972: [ParNew: 345733K->39165K(368640K), 0.0276580 secs] 7211842K->6905274K(12541952K), 0.0281030 secs] [Times: user=0.24 sys=0.00, real=0.03 secs] 
2011-03-01T01:53:45.208+0000: 3126.599: [GC 3126.599: [ParNew: 366845K->15236K(368640K), 0.0361530 secs] 7232954K->6896763K(12541952K), 0.0405400 secs] [Times: user=0.28 sys=0.01, real=0.04 secs] 
2011-03-01T01:53:46.076+0000: 3127.467: [GC 3127.467: [ParNew: 342916K->25427K(368640K), 0.0251920 secs] 7224443K->6906954K(12541952K), 0.0255320 secs] [Times: user=0.16 sys=0.00, real=0.02 secs] 
2011-03-01T01:53:46.824+0000: 3128.215: [GC 3128.215: [ParNew: 353107K->26259K(368640K), 0.0295920 secs] 7234634K->6914131K(12541952K), 0.0299220 secs] [Times: user=0.17 sys=0.00, real=0.03 secs] 
2011-03-01T01:53:47.718+0000: 3129.109: [GC 3129.110: [ParNew: 353939K->28390K(368640K), 0.0286970 secs] 7241811K->6920095K(12541952K), 0.0290330 secs] [Times: user=0.25 sys=0.00, real=0.03 secs] 
2011-03-01T01:53:48.571+0000: 3129.962: [GC 3129.963: [ParNew: 356070K->29135K(368640K), 0.0304950 secs] 7247775K->6929091K(12541952K), 0.0308270 secs] [Times: user=0.22 sys=0.00, real=0.04 secs] 
2011-03-01T01:53:49.535+0000: 3130.927: [GC 3130.927: [ParNew: 356815K->26000K(368640K), 0.0293400 secs] 7256771K->6929609K(12541952K), 0.0297880 secs] [Times: user=0.17 sys=0.00, real=0.03 secs] 
2011-03-01T01:53:49.973+0000: 3131.364: [GC 3131.364: [ParNew: 353680K->26666K(368640K), 0.0369560 secs] 7257289K->6936187K(12541952K), 0.0373990 secs] [Times: user=0.29 sys=0.00, real=0.04 secs] 
2011-03-01T01:53:50.567+0000: 3131.958: [GC 3131.958: [ParNew: 354346K->29066K(368640K), 0.0368980 secs] 7263867K->6942322K(12541952K), 0.0414540 secs] [Times: user=0.32 sys=0.00, real=0.04 secs] 
2011-03-01T01:53:51.233+0000: 3132.625: [GC 3132.625: [ParNew: 356746K->40960K(368640K), 0.0678060 secs] 7270002K->6977196K(12541952K), 0.0681460 secs] [Times: user=0.46 sys=0.01, real=0.06 secs] 
2011-03-01T01:53:51.902+0000: 3133.293: [GC 3133.293: [ParNew: 368640K->33522K(368640K), 0.0412000 secs] 7304876K->6982679K(12541952K), 0.0415340 secs] [Times: user=0.30 sys=0.01, real=0.05 secs] 
2011-03-01T01:53:52.395+0000: 3133.786: [GC 3133.786: [ParNew: 361202K->26223K(368640K), 0.0281630 secs] 7310359K->6979899K(12541952K), 0.0284940 secs] [Times: user=0.16 sys=0.00, real=0.03 secs] 
2011-03-01T01:53:53.015+0000: 3134.406: [GC 3134.407: [ParNew: 353903K->40960K(368640K), 0.0761970 secs] 7307579K->7021645K(12541952K), 0.0765310 secs] [Times: user=0.56 sys=0.01, real=0.07 secs] 
2011-03-01T01:53:53.792+0000: 3135.183: [GC 3135.184: [ParNew: 368640K->32599K(368640K), 0.0412690 secs] 7349325K->7022147K(12541952K), 0.0416070 secs] [Times: user=0.31 sys=0.00, real=0.05 secs] 
2011-03-01T01:53:54.367+0000: 3135.759: [GC 3135.759: [ParNew: 360240K->39852K(368640K), 0.0360870 secs] 7349788K->7036467K(12541952K), 0.0364270 secs] [Times: user=0.25 sys=0.00, real=0.04 secs] 
2011-03-01T01:53:54.759+0000: 3136.150: [GC 3136.150: [ParNew: 367532K->28746K(368640K), 0.0358960 secs] 7364147K->7033492K(12541952K), 0.0362370 secs] [Times: user=0.29 sys=0.00, real=0.04 secs] 
2011-03-01T01:53:55.273+0000: 3136.665: [GC 3136.665: [ParNew: 356422K->39470K(368640K), 0.0495440 secs] 7361168K->7045916K(12541952K), 0.0498960 secs] [Times: user=0.32 sys=0.00, real=0.05 secs] 
2011-03-01T01:53:55.807+0000: 3137.198: [GC 3137.198: [ParNew: 367121K->7310K(368640K), 0.0516350 secs] 7373566K->7036427K(12541952K), 0.0604640 secs] [Times: user=0.39 sys=0.00, real=0.06 secs] 
2011-03-01T01:53:56.322+0000: 3137.713: [GC 3137.713: [ParNew: 334942K->18671K(368640K), 0.0216530 secs] 7364059K->7047789K(12541952K), 0.0219990 secs] [Times: user=0.15 sys=0.01, real=0.03 secs] 
2011-03-01T01:53:56.870+0000: 3138.261: [GC 3138.261: [ParNew: 346351K->22355K(368640K), 0.0225750 secs] 7375469K->7051472K(12541952K), 0.0229140 secs] [Times: user=0.16 sys=0.00, real=0.03 secs] 
2011-03-01T01:53:57.368+0000: 3138.759: [GC 3138.759: [ParNew: 350035K->27115K(368640K), 0.0253720 secs] 7379152K->7056233K(12541952K), 0.0257130 secs] [Times: user=0.17 sys=0.00, real=0.03 secs] 
2011-03-01T01:53:57.874+0000: 3139.265: [GC 3139.265: [ParNew: 354795K->17780K(368640K), 0.0274220 secs] 7383913K->7050770K(12541952K), 0.0277680 secs] [Times: user=0.18 sys=0.01, real=0.02 secs] 
2011-03-01T01:53:58.334+0000: 3139.725: [GC 3139.725: [ParNew: 345460K->31434K(368640K), 0.0253910 secs] 7378450K->7067287K(12541952K), 0.0257330 secs] [Times: user=0.18 sys=0.01, real=0.02 secs] 
2011-03-01T01:53:58.836+0000: 3140.227: [GC 3140.227: [ParNew: 359058K->8024K(368640K), 0.0350610 secs] 7394911K->7056548K(12541952K), 0.0354050 secs] [Times: user=0.24 sys=0.00, real=0.03 secs] 
2011-03-01T01:53:59.377+0000: 3140.768: [GC 3140.768: [ParNew: 335704K->5929K(368640K), 0.0249140 secs] 7384228K->7054454K(12541952K), 0.0252510 secs] [Times: user=0.16 sys=0.00, real=0.02 secs] 
2011-03-01T01:54:00.106+0000: 3141.497: [GC 3141.497: [ParNew: 333609K->9760K(368640K), 0.0266910 secs] 7382134K->7058284K(12541952K), 0.0270340 secs] [Times: user=0.16 sys=0.00, real=0.03 secs] 
2011-03-01T01:54:00.532+0000: 3141.923: [GC 3141.924: [ParNew: 337440K->40683K(368640K), 0.0320100 secs] 7385964K->7089208K(12541952K), 0.0323540 secs] [Times: user=0.23 sys=0.00, real=0.03 secs] 
2011-03-01T01:54:01.032+0000: 3142.423: [GC 3142.423: [ParNew: 368341K->27465K(368640K), 0.0430250 secs] 7416865K->7087512K(12541952K), 0.0433830 secs] [Times: user=0.27 sys=0.01, real=0.05 secs] 
2011-03-01T01:54:02.349+0000: 3143.740: [GC 3143.740: [ParNew: 355145K->28644K(368640K), 0.0329420 secs] 7415192K->7095769K(12541952K), 0.0332840 secs] [Times: user=0.24 sys=0.00, real=0.04 secs] 
2011-03-01T01:54:03.986+0000: 3145.378: [GC 3145.378: [ParNew: 356324K->33371K(368640K), 0.0317340 secs] 7423449K->7103636K(12541952K), 0.0321070 secs] [Times: user=0.24 sys=0.00, real=0.03 secs] 
2011-03-01T01:54:04.333+0000: 3145.724: [GC 3145.724: [ParNew: 361051K->22067K(368640K), 0.0309100 secs] 7431316K->7096301K(12541952K), 0.0313990 secs] [Times: user=0.19 sys=0.00, real=0.04 secs] 
2011-03-01T01:54:05.940+0000: 3147.331: [GC 3147.332: [ParNew: 349747K->27349K(368640K), 0.0294010 secs] 7423981K->7101583K(12541952K), 0.0298720 secs] [Times: user=0.24 sys=0.00, real=0.03 secs] 
2011-03-01T01:54:06.781+0000: 3148.173: [GC 3148.173: [ParNew: 355029K->19253K(368640K), 0.0338450 secs] 7429263K->7103407K(12541952K), 0.0342620 secs] [Times: user=0.26 sys=0.02, real=0.04 secs] 
2011-03-01T01:54:07.840+0000: 3149.231: [GC 3149.231: [ParNew: 346933K->27654K(368640K), 0.0294660 secs] 7431087K->7111809K(12541952K), 0.0298080 secs] [Times: user=0.23 sys=0.00, real=0.03 secs] 
2011-03-01T01:54:09.943+0000: 3151.334: [GC 3151.334: [ParNew: 355334K->27735K(368640K), 0.0335320 secs] 7439489K->7111889K(12541952K), 0.0338650 secs] [Times: user=0.27 sys=0.00, real=0.03 secs] 
2011-03-01T01:54:11.674+0000: 3153.065: [GC 3153.065: [ParNew: 355415K->29966K(368640K), 0.0403640 secs] 7439569K->7117461K(12541952K), 0.0406990 secs] [Times: user=0.30 sys=0.00, real=0.04 secs] 
2011-03-01T01:54:13.305+0000: 3154.696: [GC 3154.696: [ParNew: 357646K->39400K(368640K), 0.0457950 secs] 7445141K->7134233K(12541952K), 0.0461310 secs] [Times: user=0.31 sys=0.00, real=0.04 secs] 
2011-03-01T01:54:15.960+0000: 3157.352: [GC 3157.352: [ParNew: 367080K->27855K(368640K), 0.0481510 secs] 7461913K->7139775K(12541952K), 0.0485000 secs] [Times: user=0.40 sys=0.00, real=0.05 secs] 
2011-03-01T01:54:18.321+0000: 3159.713: [GC 3159.713: [ParNew: 355535K->26912K(368640K), 0.0410140 secs] 7467455K->7145266K(12541952K), 0.0413570 secs] [Times: user=0.29 sys=0.00, real=0.05 secs] 
2011-03-01T01:54:19.160+0000: 3160.551: [GC 3160.551: [ParNew: 354592K->30873K(368640K), 0.0410540 secs] 7472946K->7161082K(12541952K), 0.0413900 secs] [Times: user=0.31 sys=0.01, real=0.04 secs] 
2011-03-01T01:54:20.164+0000: 3161.555: [GC 3161.556: [ParNew: 358553K->22220K(368640K), 0.0331770 secs] 7488762K->7156286K(12541952K), 0.0335120 secs] [Times: user=0.25 sys=0.00, real=0.03 secs] 
2011-03-01T01:54:22.330+0000: 3163.721: [GC 3163.721: [ParNew: 349900K->30057K(368640K), 0.0328710 secs] 7483966K->7164122K(12541952K), 0.0332050 secs] [Times: user=0.24 sys=0.00, real=0.04 secs] 
2011-03-01T01:54:25.616+0000: 3167.007: [GC 3167.008: [ParNew: 357737K->40960K(368640K), 0.0479400 secs] 7491802K->7186658K(12541952K), 0.0484000 secs] [Times: user=0.33 sys=0.00, real=0.05 secs] 
2011-03-01T01:54:26.542+0000: 3167.934: [GC 3167.934: [ParNew: 368640K->40960K(368640K), 0.0545500 secs] 7514338K->7203461K(12541952K), 0.0550280 secs] [Times: user=0.41 sys=0.00, real=0.05 secs] 
2011-03-01T01:54:28.371+0000: 3169.762: [GC 3169.762: [ParNew: 368640K->40960K(368640K), 0.0437450 secs] 7531141K->7210673K(12541952K), 0.0442310 secs] [Times: user=0.34 sys=0.01, real=0.05 secs] 
2011-03-01T01:54:30.010+0000: 3171.402: [GC 3171.402: [ParNew: 368640K->28471K(368640K), 0.0426710 secs] 7538353K->7211460K(12541952K), 0.0431430 secs] [Times: user=0.32 sys=0.00, real=0.05 secs] 
2011-03-01T01:54:31.721+0000: 3173.112: [GC 3173.112: [ParNew: 356151K->20879K(368640K), 0.0391690 secs] 7539140K->7214225K(12541952K), 0.0396630 secs] [Times: user=0.32 sys=0.00, real=0.04 secs] 
2011-03-01T01:54:33.345+0000: 3174.736: [GC 3174.737: [ParNew: 348559K->40960K(368640K), 0.0491170 secs] 7541905K->7244963K(12541952K), 0.0495810 secs] [Times: user=0.32 sys=0.00, real=0.05 secs] 
2011-03-01T01:54:34.477+0000: 3175.868: [GC 3175.868: [ParNew: 368640K->34062K(368640K), 0.0418050 secs] 7572643K->7256062K(12541952K), 0.0422550 secs] [Times: user=0.32 sys=0.00, real=0.04 secs] 
2011-03-01T01:54:35.443+0000: 3176.835: [GC 3176.835: [ParNew: 361742K->40960K(368640K), 0.0388720 secs] 7583742K->7269014K(12541952K), 0.0393180 secs] [Times: user=0.27 sys=0.00, real=0.04 secs] 
2011-03-01T01:54:36.021+0000: 3177.412: [GC 3177.412: [ParNew: 368640K->40960K(368640K), 0.0837100 secs] 7596694K->7298040K(12541952K), 0.0841490 secs] [Times: user=0.65 sys=0.00, real=0.09 secs] 
2011-03-01T01:54:36.289+0000: 3177.680: [GC 3177.680: [ParNew: 368640K->40960K(368640K), 0.1478450 secs] 7625720K->7373271K(12541952K), 0.1483410 secs] [Times: user=0.96 sys=0.01, real=0.15 secs] 
2011-03-01T01:54:36.586+0000: 3177.977: [GC 3177.977: [ParNew: 368640K->40960K(368640K), 0.1200320 secs] 7700951K->7447997K(12541952K), 0.1206080 secs] [Times: user=0.81 sys=0.00, real=0.12 secs] 
2011-03-01T01:54:37.107+0000: 3178.499: [GC 3178.499: [ParNew: 368640K->40960K(368640K), 0.0665190 secs] 7775677K->7474577K(12541952K), 0.0669490 secs] [Times: user=0.48 sys=0.00, real=0.07 secs] 
2011-03-01T01:54:37.434+0000: 3178.826: [GC 3178.826: [ParNew: 368640K->40960K(368640K), 0.1201500 secs] 7802257K->7525714K(12541952K), 0.1205950 secs] [Times: user=0.82 sys=0.00, real=0.12 secs] 
2011-03-01T01:54:37.791+0000: 3179.182: [GC 3179.183: [ParNew: 368640K->40960K(368640K), 0.1489890 secs] 7853394K->7602184K(12541952K), 0.1494170 secs] [Times: user=1.03 sys=0.02, real=0.15 secs] 
2011-03-01T01:54:38.274+0000: 3179.666: [GC 3179.666: [ParNew: 368640K->40960K(368640K), 0.0948880 secs] 7929864K->7648546K(12541952K), 0.0953190 secs] [Times: user=0.66 sys=0.00, real=0.09 secs] 
2011-03-01T01:54:38.999+0000: 3180.390: [GC 3180.391: [ParNew: 368640K->40960K(368640K), 0.0971400 secs] 7976226K->7697853K(12541952K), 0.0976110 secs] [Times: user=0.68 sys=0.02, real=0.10 secs] 
2011-03-01T01:54:40.308+0000: 3181.699: [GC 3181.699: [ParNew: 368640K->40807K(368640K), 0.0431660 secs] 8025533K->7711923K(12541952K), 0.0436540 secs] [Times: user=0.32 sys=0.00, real=0.04 secs] 
2011-03-01T01:54:41.930+0000: 3183.322: [GC 3183.322: [ParNew: 368487K->38378K(368640K), 0.0316760 secs] 8039603K->7709494K(12541952K), 0.0321360 secs] [Times: user=0.24 sys=0.00, real=0.04 secs] 
2011-03-01T01:54:43.028+0000: 3184.419: [GC 3184.420: [ParNew: 366058K->31565K(368640K), 0.0421570 secs] 8037174K->7715881K(12541952K), 0.0426020 secs] [Times: user=0.32 sys=0.00, real=0.04 secs] 
2011-03-01T01:54:44.201+0000: 3185.592: [GC 3185.593: [ParNew: 359245K->23672K(368640K), 0.0314210 secs] 8043561K->7710695K(12541952K), 0.0318810 secs] [Times: user=0.22 sys=0.00, real=0.04 secs] 
2011-03-01T01:54:45.656+0000: 3187.047: [GC 3187.048: [ParNew: 351383K->40639K(368640K), 0.0391440 secs] 8038406K->7736801K(12541952K), 0.0396170 secs] [Times: user=0.30 sys=0.00, real=0.04 secs] 
2011-03-01T01:54:45.698+0000: 3187.089: [GC 3187.089: [ParNew: 40870K->19418K(368640K), 0.0488750 secs] 7737033K->7744353K(12541952K), 0.0492490 secs] [Times: user=0.33 sys=0.00, real=0.05 secs] 
2011-03-01T01:54:47.008+0000: 3188.399: [GC 3188.399: [ParNew: 347098K->34952K(368640K), 0.0345450 secs] 8072033K->7759887K(12541952K), 0.0349830 secs] [Times: user=0.23 sys=0.01, real=0.04 secs] 
2011-03-01T01:54:48.008+0000: 3189.399: [GC 3189.399: [ParNew: 362632K->5783K(368640K), 0.0394230 secs] 8087567K->7742510K(12541952K), 0.0398650 secs] [Times: user=0.32 sys=0.00, real=0.04 secs] 
2011-03-01T01:54:49.573+0000: 3190.964: [GC 3190.964: [ParNew: 333463K->30215K(368640K), 0.0363630 secs] 8070190K->7766942K(12541952K), 0.0368220 secs] [Times: user=0.31 sys=0.00, real=0.03 secs] 
2011-03-01T01:54:50.712+0000: 3192.104: [GC 3192.104: [ParNew: 357895K->40960K(368640K), 0.0524840 secs] 8094622K->7787617K(12541952K), 0.0529320 secs] [Times: user=0.40 sys=0.00, real=0.05 secs] 
2011-03-01T01:54:52.155+0000: 3193.546: [GC 3193.546: [ParNew: 368640K->33662K(368640K), 0.0336910 secs] 8115297K->7790415K(12541952K), 0.0341270 secs] [Times: user=0.24 sys=0.00, real=0.03 secs] 
2011-03-01T01:54:53.102+0000: 3194.493: [GC 3194.493: [ParNew: 361342K->34427K(368640K), 0.0304170 secs] 8118095K->7791179K(12541952K), 0.0308620 secs] [Times: user=0.21 sys=0.00, real=0.04 secs] 
2011-03-01T01:54:54.093+0000: 3195.484: [GC 3195.485: [ParNew: 362107K->26784K(368640K), 0.0387630 secs] 8118859K->7793017K(12541952K), 0.0392040 secs] [Times: user=0.25 sys=0.01, real=0.04 secs] 
2011-03-01T01:54:55.035+0000: 3196.427: [GC 3196.427: [ParNew: 354464K->40685K(368640K), 0.0428320 secs] 8120697K->7811957K(12541952K), 0.0432310 secs] [Times: user=0.31 sys=0.01, real=0.04 secs] 
2011-03-01T01:54:56.399+0000: 3197.790: [GC 3197.790: [ParNew: 368365K->31082K(368640K), 0.0290410 secs] 8139637K->7804435K(12541952K), 0.0293880 secs] [Times: user=0.23 sys=0.01, real=0.03 secs] 
2011-03-01T01:54:57.409+0000: 3198.800: [GC 3198.800: [ParNew: 358756K->35826K(368640K), 0.0285340 secs] 8132109K->7809180K(12541952K), 0.0288860 secs] [Times: user=0.24 sys=0.00, real=0.03 secs] 
2011-03-01T01:54:58.147+0000: 3199.538: [GC 3199.539: [ParNew: 363670K->21476K(368640K), 0.0340040 secs] 8137024K->7801655K(12541952K), 0.0343440 secs] [Times: user=0.24 sys=0.00, real=0.03 secs] 
2011-03-01T01:54:58.183+0000: 3199.574: [GC 3199.575: [ParNew: 21983K->23379K(368640K), 0.0272100 secs] 7802161K->7803558K(12541952K), 0.0274900 secs] [Times: user=0.19 sys=0.00, real=0.02 secs] 
2011-03-01T01:54:58.903+0000: 3200.294: [GC 3200.294: [ParNew: 351059K->25697K(368640K), 0.0271040 secs] 8131238K->7805876K(12541952K), 0.0274510 secs] [Times: user=0.20 sys=0.01, real=0.02 secs] 
2011-03-01T01:54:59.419+0000: 3200.811: [GC 3200.811: [ParNew: 353358K->15125K(368640K), 0.0297080 secs] 8133537K->7797040K(12541952K), 0.0300580 secs] [Times: user=0.24 sys=0.00, real=0.03 secs] 
2011-03-01T01:54:59.949+0000: 3201.340: [GC 3201.340: [ParNew: 342805K->28651K(368640K), 0.0366880 secs] 8124720K->7813501K(12541952K), 0.0370380 secs] [Times: user=0.31 sys=0.01, real=0.04 secs] 
2011-03-01T01:55:00.348+0000: 3201.739: [GC 3201.740: [ParNew: 356386K->38618K(368640K), 0.0380400 secs] 8141236K->7826608K(12541952K), 0.0383770 secs] [Times: user=0.32 sys=0.00, real=0.04 secs] 
2011-03-01T01:55:00.389+0000: 3201.780: [GC 3201.780: [ParNew: 39075K->26416K(368640K), 0.0584090 secs] 7827064K->7842839K(12541952K), 0.0587000 secs] [Times: user=0.40 sys=0.00, real=0.06 secs] 
2011-03-01T01:55:00.940+0000: 3202.331: [GC 3202.331: [ParNew: 354096K->40552K(368640K), 0.0388040 secs] 8170519K->7856975K(12541952K), 0.0391640 secs] [Times: user=0.31 sys=0.00, real=0.04 secs] 
2011-03-01T01:55:01.454+0000: 3202.845: [GC 3202.845: [ParNew: 368232K->33357K(368640K), 0.0407720 secs] 8184655K->7868056K(12541952K), 0.0411190 secs] [Times: user=0.28 sys=0.01, real=0.04 secs] 
2011-03-01T01:55:02.252+0000: 3203.643: [GC 3203.643: [ParNew: 361021K->24721K(368640K), 0.0254520 secs] 8195719K->7859420K(12541952K), 0.0258210 secs] [Times: user=0.21 sys=0.01, real=0.03 secs] 
2011-03-01T01:55:03.244+0000: 3204.636: [GC 3204.636: [ParNew: 352351K->25021K(368640K), 0.0274670 secs] 8187050K->7859720K(12541952K), 0.0278180 secs] [Times: user=0.16 sys=0.00, real=0.02 secs] 
2011-03-01T01:55:03.905+0000: 3205.296: [GC 3205.297: [ParNew: 352671K->6668K(368640K), 0.0283300 secs] 8187369K->7849040K(12541952K), 0.0287970 secs] [Times: user=0.17 sys=0.00, real=0.03 secs] 
2011-03-01T01:55:04.620+0000: 3206.011: [GC 3206.011: [ParNew: 334348K->26099K(368640K), 0.0263290 secs] 8176720K->7868470K(12541952K), 0.0268080 secs] [Times: user=0.24 sys=0.00, real=0.03 secs] 
2011-03-01T01:55:06.589+0000: 3207.980: [GC 3207.980: [ParNew: 353779K->25308K(368640K), 0.0328000 secs] 8196150K->7871212K(12541952K), 0.0331450 secs] [Times: user=0.24 sys=0.00, real=0.04 secs] 
2011-03-01T01:55:09.243+0000: 3210.634: [GC 3210.634: [ParNew: 352988K->40377K(368640K), 0.0368120 secs] 8198892K->7886281K(12541952K), 0.0372210 secs] [Times: user=0.29 sys=0.00, real=0.04 secs] 
2011-03-01T01:55:10.898+0000: 3212.289: [GC 3212.290: [ParNew: 368057K->23490K(368640K), 0.0391950 secs] 8213961K->7883326K(12541952K), 0.0395330 secs] [Times: user=0.32 sys=0.00, real=0.04 secs] 
2011-03-01T01:55:14.176+0000: 3215.567: [GC 3215.567: [ParNew: 351170K->40472K(368640K), 0.0341810 secs] 8211006K->7900308K(12541952K), 0.0345190 secs] [Times: user=0.23 sys=0.00, real=0.03 secs] 
2011-03-01T01:55:15.312+0000: 3216.703: [GC 3216.703: [ParNew: 368152K->23103K(368640K), 0.0378620 secs] 8227988K->7889855K(12541952K), 0.0381960 secs] [Times: user=0.30 sys=0.00, real=0.04 secs] 
2011-03-01T01:55:18.182+0000: 3219.573: [GC 3219.573: [ParNew: 350783K->40960K(368640K), 0.0557370 secs] 8217535K->7921154K(12541952K), 0.0560750 secs] [Times: user=0.38 sys=0.02, real=0.06 secs] 
2011-03-01T01:55:19.167+0000: 3220.558: [GC 3220.558: [ParNew: 368640K->40960K(368640K), 0.0442760 secs] 8248847K->7932151K(12541952K), 0.0446020 secs] [Times: user=0.32 sys=0.00, real=0.04 secs] 
2011-03-01T01:55:19.213+0000: 3220.605: [GC 3220.605: [ParNew: 41591K->21213K(368640K), 0.0362990 secs] 7932782K->7919447K(12541952K), 0.0365770 secs] [Times: user=0.26 sys=0.00, real=0.03 secs] 
2011-03-01T01:55:20.916+0000: 3222.308: [GC 3222.308: [ParNew: 348893K->40960K(368640K), 0.0344210 secs] 8247127K->7939907K(12541952K), 0.0347530 secs] [Times: user=0.24 sys=0.00, real=0.03 secs] 
2011-03-01T01:55:23.747+0000: 3225.138: [GC 3225.139: [ParNew: 368640K->31322K(368640K), 0.0424030 secs] 8267587K->7944292K(12541952K), 0.0427410 secs] [Times: user=0.32 sys=0.00, real=0.04 secs] 
2011-03-01T01:55:25.818+0000: 3227.209: [GC 3227.209: [ParNew: 359002K->31265K(368640K), 0.0370230 secs] 8271972K->7947837K(12541952K), 0.0373560 secs] [Times: user=0.30 sys=0.00, real=0.04 secs] 
2011-03-01T01:55:28.071+0000: 3229.463: [GC 3229.463: [ParNew: 358945K->9421K(368640K), 0.0453150 secs] 8275517K->7937347K(12541952K), 0.0456550 secs] [Times: user=0.33 sys=0.02, real=0.05 secs] 
2011-03-01T01:55:29.247+0000: 3230.638: [GC 3230.639: [ParNew: 337101K->40960K(368640K), 0.0537530 secs] 8265027K->7979217K(12541952K), 0.0541010 secs] [Times: user=0.39 sys=0.01, real=0.05 secs] 
2011-03-01T01:55:30.827+0000: 3232.218: [GC 3232.218: [ParNew: 368640K->29105K(368640K), 0.0442080 secs] 8306897K->7983407K(12541952K), 0.0445450 secs] [Times: user=0.32 sys=0.00, real=0.04 secs] 
2011-03-01T01:55:32.335+0000: 3233.726: [GC 3233.726: [ParNew: 356785K->29404K(368640K), 0.0338130 secs] 8311087K->7983706K(12541952K), 0.0341450 secs] [Times: user=0.24 sys=0.00, real=0.03 secs] 
2011-03-01T01:55:33.879+0000: 3235.270: [GC 3235.270: [ParNew: 357084K->9480K(368640K), 0.0403530 secs] 8311386K->7976404K(12541952K), 0.0406840 secs] [Times: user=0.32 sys=0.00, real=0.04 secs] 
2011-03-01T01:55:35.162+0000: 3236.553: [GC 3236.553: [ParNew: 337160K->40960K(368640K), 0.1094560 secs] 8304084K->8040659K(12541952K), 0.1098550 secs] [Times: user=0.68 sys=0.00, real=0.11 secs] 
2011-03-01T01:55:35.426+0000: 3236.818: [GC 3236.818: [ParNew: 368640K->40960K(368640K), 0.1218330 secs] 8368339K->8094412K(12541952K), 0.1222750 secs] [Times: user=0.86 sys=0.00, real=0.12 secs] 
2011-03-01T01:55:35.949+0000: 3237.340: [GC 3237.340: [ParNew: 368640K->40960K(368640K), 0.1056580 secs] 8422092K->8128501K(12541952K), 0.1062010 secs] [Times: user=0.64 sys=0.01, real=0.11 secs] 
2011-03-01T01:55:36.299+0000: 3237.690: [GC 3237.691: [ParNew: 368640K->40960K(368640K), 0.0911300 secs] 8456181K->8171403K(12541952K), 0.0915890 secs] [Times: user=0.63 sys=0.01, real=0.09 secs] 
2011-03-01T01:55:36.676+0000: 3238.068: [GC 3238.068: [ParNew: 368640K->40960K(368640K), 0.1093200 secs] 8499083K->8223683K(12541952K), 0.1096650 secs] [Times: user=0.76 sys=0.00, real=0.11 secs] 
2011-03-01T01:55:37.042+0000: 3238.433: [GC 3238.433: [ParNew: 368640K->40960K(368640K), 0.0959720 secs] 8551363K->8263405K(12541952K), 0.0963360 secs] [Times: user=0.61 sys=0.02, real=0.10 secs] 
2011-03-01T01:55:37.397+0000: 3238.789: [GC 3238.789: [ParNew: 368640K->40960K(368640K), 0.1011470 secs] 8591085K->8309787K(12541952K), 0.1015030 secs] [Times: user=0.69 sys=0.00, real=0.10 secs] 
2011-03-01T01:55:37.629+0000: 3239.020: [GC 3239.020: [ParNew: 364833K->40960K(368640K), 0.1279980 secs] 8633660K->8398052K(12541952K), 0.1283430 secs] [Times: user=0.90 sys=0.00, real=0.13 secs] 
2011-03-01T01:55:37.764+0000: 3239.156: [GC [1 CMS-initial-mark: 8357092K(12173312K)] 8431046K(12541952K), 0.0804630 secs] [Times: user=0.08 sys=0.00, real=0.08 secs] 
2011-03-01T01:55:37.845+0000: 3239.236: [CMS-concurrent-mark-start]
2011-03-01T01:55:38.084+0000: 3239.476: [GC 3239.476: [ParNew: 368640K->40960K(368640K), 0.0942880 secs] 8725732K->8447645K(12541952K), 0.0946870 secs] [Times: user=0.65 sys=0.01, real=0.09 secs] 
2011-03-01T01:55:38.683+0000: 3240.074: [CMS-concurrent-mark: 0.736/0.838 secs] [Times: user=8.44 sys=0.82, real=0.84 secs] 
2011-03-01T01:55:38.683+0000: 3240.074: [CMS-concurrent-preclean-start]
2011-03-01T01:55:38.717+0000: 3240.108: [GC 3240.108: [ParNew: 368640K->40960K(368640K), 0.0912890 secs] 8775325K->8487147K(12541952K), 0.0916300 secs] [Times: user=0.65 sys=0.00, real=0.09 secs] 
2011-03-01T01:55:39.233+0000: 3240.624: [CMS-concurrent-preclean: 0.447/0.550 secs] [Times: user=2.52 sys=0.57, real=0.55 secs] 
2011-03-01T01:55:39.233+0000: 3240.624: [CMS-concurrent-abortable-preclean-start]
2011-03-01T01:55:39.335+0000: 3240.726: [GC 3240.727: [ParNew: 368640K->40960K(368640K), 0.0972850 secs] 8814827K->8535745K(12541952K), 0.0976260 secs] [Times: user=0.65 sys=0.01, real=0.10 secs] 
2011-03-01T01:55:39.438+0000: 3240.830: [CMS-concurrent-abortable-preclean: 0.105/0.205 secs] [Times: user=0.97 sys=0.08, real=0.20 secs] 
2011-03-01T01:55:39.441+0000: 3240.832: [GC[YG occupancy: 62329 K (368640 K)]3240.832: [Rescan (parallel) , 0.0261240 secs]3240.858: [weak refs processing, 0.0240790 secs] [1 CMS-remark: 8494785K(12173312K)] 8557115K(12541952K), 0.0504520 secs] [Times: user=0.26 sys=0.00, real=0.05 secs] 
2011-03-01T01:55:39.492+0000: 3240.883: [CMS-concurrent-sweep-start]
2011-03-01T01:55:39.695+0000: 3241.087: [GC 3241.087: [ParNew: 368640K->40755K(368640K), 0.0605240 secs] 8658255K->8499077K(12541952K), 0.0608680 secs] [Times: user=0.41 sys=0.00, real=0.06 secs] 
2011-03-01T01:55:40.125+0000: 3241.516: [GC 3241.516: [ParNew: 368435K->26010K(368640K), 0.0418710 secs] 8492824K->8150399K(12541952K), 0.0422320 secs] [Times: user=0.31 sys=0.00, real=0.04 secs] 
2011-03-01T01:55:40.646+0000: 3242.037: [GC 3242.037: [ParNew: 353690K->21788K(368640K), 0.0406230 secs] 8146132K->7819905K(12541952K), 0.0409560 secs] [Times: user=0.32 sys=0.00, real=0.04 secs] 
2011-03-01T01:55:41.164+0000: 3242.555: [GC 3242.555: [ParNew: 349468K->27823K(368640K), 0.0487940 secs] 7996221K->7674576K(12541952K), 0.0491250 secs] [Times: user=0.33 sys=0.00, real=0.05 secs] 
2011-03-01T01:55:41.588+0000: 3242.979: [GC 3242.979: [ParNew: 355503K->28950K(368640K), 0.0578280 secs] 7910642K->7589618K(12541952K), 0.0581690 secs] [Times: user=0.43 sys=0.01, real=0.06 secs] 
2011-03-01T01:55:42.188+0000: 3243.580: [GC 3243.580: [ParNew: 356630K->36629K(368640K), 0.0497040 secs] 7802559K->7482557K(12541952K), 0.0500410 secs] [Times: user=0.40 sys=0.00, real=0.05 secs] 
2011-03-01T01:55:42.658+0000: 3244.049: [GC 3244.049: [ParNew: 364309K->23452K(368640K), 0.0512280 secs] 7666291K->7337408K(12541952K), 0.0517030 secs] [Times: user=0.40 sys=0.00, real=0.05 secs] 
2011-03-01T01:55:43.105+0000: 3244.496: [GC 3244.496: [ParNew: 351132K->40960K(368640K), 0.0631040 secs] 7572861K->7283494K(12541952K), 0.0634800 secs] [Times: user=0.41 sys=0.02, real=0.06 secs] 
2011-03-01T01:55:43.567+0000: 3244.959: [GC 3244.959: [ParNew: 368640K->32514K(368640K), 0.0449310 secs] 7528204K->7196213K(12541952K), 0.0452560 secs] [Times: user=0.33 sys=0.00, real=0.05 secs] 
2011-03-01T01:55:44.272+0000: 3245.663: [GC 3245.663: [ParNew: 360194K->40156K(368640K), 0.0424080 secs] 7414837K->7094799K(12541952K), 0.0427450 secs] [Times: user=0.34 sys=0.01, real=0.05 secs] 
2011-03-01T01:55:45.390+0000: 3246.781: [GC 3246.781: [ParNew: 361181K->37129K(368640K), 0.0597870 secs] 7228153K->6984442K(12541952K), 0.0601290 secs] [Times: user=0.45 sys=0.00, real=0.06 secs] 
2011-03-01T01:55:45.721+0000: 3247.112: [GC 3247.112: [ParNew: 364809K->40960K(368640K), 0.0538470 secs] 7264622K->7019651K(12541952K), 0.0542510 secs] [Times: user=0.40 sys=0.01, real=0.06 secs] 
2011-03-01T01:55:46.384+0000: 3247.775: [GC 3247.775: [ParNew: 368640K->25923K(368640K), 0.0354690 secs] 7228722K->6902035K(12541952K), 0.0359190 secs] [Times: user=0.23 sys=0.02, real=0.03 secs] 
2011-03-01T01:55:47.185+0000: 3248.576: [GC 3248.576: [ParNew: 353603K->36223K(368640K), 0.0337810 secs] 7055388K->6738008K(12541952K), 0.0342170 secs] [Times: user=0.24 sys=0.00, real=0.03 secs] 
2011-03-01T01:55:47.894+0000: 3249.286: [GC 3249.286: [ParNew: 363903K->39289K(368640K), 0.0438510 secs] 6948602K->6631725K(12541952K), 0.0443590 secs] [Times: user=0.32 sys=0.01, real=0.04 secs] 
2011-03-01T01:55:48.480+0000: 3249.871: [GC 3249.872: [ParNew: 366969K->23294K(368640K), 0.0377820 secs] 6792115K->6459827K(12541952K), 0.0382310 secs] [Times: user=0.32 sys=0.00, real=0.04 secs] 
2011-03-01T01:55:49.192+0000: 3250.583: [GC 3250.583: [ParNew: 350974K->27298K(368640K), 0.0353100 secs] 6672580K->6348904K(12541952K), 0.0358030 secs] [Times: user=0.32 sys=0.01, real=0.04 secs] 
2011-03-01T01:55:49.818+0000: 3251.209: [GC 3251.209: [ParNew: 354978K->40960K(368640K), 0.0559560 secs] 6581487K->6274669K(12541952K), 0.0563830 secs] [Times: user=0.41 sys=0.00, real=0.06 secs] 
2011-03-01T01:55:50.424+0000: 3251.816: [GC 3251.816: [ParNew: 368640K->33220K(368640K), 0.0548920 secs] 6505069K->6184665K(12541952K), 0.0553340 secs] [Times: user=0.42 sys=0.00, real=0.05 secs] 
2011-03-01T01:55:51.250+0000: 3252.641: [GC 3252.641: [ParNew: 360900K->14432K(368640K), 0.0292030 secs] 6361374K->6014907K(12541952K), 0.0296160 secs] [Times: user=0.24 sys=0.00, real=0.03 secs] 
2011-03-01T01:55:52.072+0000: 3253.463: [GC 3253.463: [ParNew: 342112K->31620K(368640K), 0.0365710 secs] 6206633K->5896141K(12541952K), 0.0370130 secs] [Times: user=0.31 sys=0.00, real=0.04 secs] 
2011-03-01T01:55:52.876+0000: 3254.267: [GC 3254.268: [ParNew: 359300K->40960K(368640K), 0.0576970 secs] 6076798K->5770101K(12541952K), 0.0581330 secs] [Times: user=0.41 sys=0.00, real=0.06 secs] 
2011-03-01T01:55:53.359+0000: 3254.751: [GC 3254.751: [ParNew: 368640K->39060K(368640K), 0.0543460 secs] 6015258K->5699317K(12541952K), 0.0547890 secs] [Times: user=0.41 sys=0.00, real=0.06 secs] 
2011-03-01T01:55:53.846+0000: 3255.237: [GC 3255.237: [ParNew: 366740K->34019K(368640K), 0.0378340 secs] 5951501K->5627709K(12541952K), 0.0381700 secs] [Times: user=0.24 sys=0.00, real=0.04 secs] 
2011-03-01T01:55:54.429+0000: 3255.820: [GC 3255.820: [ParNew: 361699K->12988K(368640K), 0.0266860 secs] 5783494K->5434783K(12541952K), 0.0270480 secs] [Times: user=0.24 sys=0.00, real=0.03 secs] 
2011-03-01T01:55:54.952+0000: 3256.344: [GC 3256.344: [ParNew: 340668K->16931K(368640K), 0.0295370 secs] 5618913K->5295176K(12541952K), 0.0298860 secs] [Times: user=0.22 sys=0.00, real=0.03 secs] 
2011-03-01T01:55:55.751+0000: 3257.142: [GC 3257.142: [ParNew: 344611K->40960K(368640K), 0.0392530 secs] 5491169K->5187517K(12541952K), 0.0397290 secs] [Times: user=0.31 sys=0.00, real=0.04 secs] 
2011-03-01T01:55:56.323+0000: 3257.715: [GC 3257.715: [ParNew: 368640K->23037K(368640K), 0.0424320 secs] 5439194K->5106235K(12541952K), 0.0429670 secs] [Times: user=0.28 sys=0.01, real=0.04 secs] 
2011-03-01T01:55:56.744+0000: 3258.135: [GC 3258.135: [ParNew: 350717K->31145K(368640K), 0.0293940 secs] 5358657K->5039085K(12541952K), 0.0299170 secs] [Times: user=0.21 sys=0.00, real=0.03 secs] 
2011-03-01T01:55:57.221+0000: 3258.612: [GC 3258.612: [ParNew: 358825K->13743K(368640K), 0.0393210 secs] 5297999K->4965290K(12541952K), 0.0397840 secs] [Times: user=0.32 sys=0.00, real=0.04 secs] 
2011-03-01T01:55:57.611+0000: 3259.002: [GC 3259.002: [ParNew: 341423K->11784K(368640K), 0.0233690 secs] 5224839K->4895200K(12541952K), 0.0237610 secs] [Times: user=0.22 sys=0.00, real=0.03 secs] 
2011-03-01T01:55:58.058+0000: 3259.449: [GC 3259.450: [ParNew: 339464K->19111K(368640K), 0.0300420 secs] 5154261K->4833907K(12541952K), 0.0303950 secs] [Times: user=0.24 sys=0.00, real=0.03 secs] 
2011-03-01T01:55:58.512+0000: 3259.903: [GC 3259.903: [ParNew: 346791K->13312K(368640K), 0.0267760 secs] 5087654K->4754176K(12541952K), 0.0271240 secs] [Times: user=0.23 sys=0.00, real=0.03 secs] 
2011-03-01T01:55:58.981+0000: 3260.372: [GC 3260.372: [ParNew: 340934K->22301K(368640K), 0.0354790 secs] 5013113K->4695578K(12541952K), 0.0358290 secs] [Times: user=0.32 sys=0.00, real=0.04 secs] 
2011-03-01T01:55:59.569+0000: 3260.960: [GC 3260.960: [ParNew: 349981K->16939K(368640K), 0.0312520 secs] 4927520K->4596468K(12541952K), 0.0316320 secs] [Times: user=0.23 sys=0.00, real=0.03 secs] 
2011-03-01T01:56:00.083+0000: 3261.474: [GC 3261.474: [ParNew: 344592K->14847K(368640K), 0.0296530 secs] 4840210K->4511317K(12541952K), 0.0300090 secs] [Times: user=0.20 sys=0.00, real=0.03 secs] 
2011-03-01T01:56:00.389+0000: 3261.780: [GC 3261.780: [ParNew: 342527K->40960K(368640K), 0.0728910 secs] 4799962K->4517048K(12541952K), 0.0732460 secs] [Times: user=0.56 sys=0.00, real=0.07 secs] 
2011-03-01T01:56:00.838+0000: 3262.229: [GC 3262.229: [ParNew: 368640K->29900K(368640K), 0.0477970 secs] 4709640K->4388352K(12541952K), 0.0481510 secs] [Times: user=0.33 sys=0.00, real=0.05 secs] 
2011-03-01T01:56:01.269+0000: 3262.660: [GC 3262.661: [ParNew: 357580K->9707K(368640K), 0.0311050 secs] 4651176K->4312130K(12541952K), 0.0314610 secs] [Times: user=0.24 sys=0.01, real=0.03 secs] 
2011-03-01T01:56:01.719+0000: 3263.110: [GC 3263.110: [ParNew: 337325K->7491K(368640K), 0.0235070 secs] 4504177K->4174343K(12541952K), 0.0238560 secs] [Times: user=0.16 sys=0.00, real=0.03 secs] 
2011-03-01T01:56:02.207+0000: 3263.598: [GC 3263.598: [ParNew: 335171K->24409K(368640K), 0.0266880 secs] 4433277K->4122515K(12541952K), 0.0270410 secs] [Times: user=0.20 sys=0.00, real=0.03 secs] 
2011-03-01T01:56:04.136+0000: 3265.527: [GC 3265.527: [ParNew: 352089K->36989K(368640K), 0.0346880 secs] 4147608K->3835501K(12541952K), 0.0350400 secs] [Times: user=0.24 sys=0.00, real=0.03 secs] 
2011-03-01T01:56:06.623+0000: 3268.014: [GC 3268.014: [ParNew: 364669K->40960K(368640K), 0.0426360 secs] 3655059K->3338597K(12541952K), 0.0430420 secs] [Times: user=0.34 sys=0.00, real=0.04 secs] 
2011-03-01T01:56:08.734+0000: 3270.125: [GC 3270.125: [ParNew: 368640K->32942K(368640K), 0.0542410 secs] 3277764K->2963580K(12541952K), 0.0546920 secs] [Times: user=0.35 sys=0.00, real=0.05 secs] 
2011-03-01T01:56:10.494+0000: 3271.885: [GC 3271.886: [ParNew: 360622K->35273K(368640K), 0.0402320 secs] 3035294K->2720464K(12541952K), 0.0406800 secs] [Times: user=0.26 sys=0.00, real=0.04 secs] 
2011-03-01T01:56:12.994+0000: 3274.385: [GC 3274.385: [ParNew: 362953K->40082K(368640K), 0.0401860 secs] 2552041K->2229170K(12541952K), 0.0405320 secs] [Times: user=0.32 sys=0.00, real=0.04 secs] 
2011-03-01T01:56:13.225+0000: 3274.616: [CMS-concurrent-sweep: 31.623/33.733 secs] [Times: user=97.90 sys=20.81, real=33.74 secs] 
2011-03-01T01:56:13.225+0000: 3274.616: [CMS-concurrent-reset-start]
2011-03-01T01:56:13.258+0000: 3274.649: [CMS-concurrent-reset: 0.033/0.033 secs] [Times: user=0.41 sys=0.01, real=0.03 secs] 
2011-03-01T01:56:15.186+0000: 3276.577: [GC 3276.577: [ParNew: 367762K->37170K(368640K), 0.0749750 secs] 2544701K->2252340K(12541952K), 0.0753190 secs] [Times: user=0.54 sys=0.00, real=0.07 secs] 
2011-03-01T01:56:17.305+0000: 3278.696: [GC 3278.696: [ParNew: 364850K->39369K(368640K), 0.0425140 secs] 2580020K->2271812K(12541952K), 0.0428620 secs] [Times: user=0.31 sys=0.00, real=0.04 secs] 
2011-03-01T01:56:19.129+0000: 3280.520: [GC 3280.520: [ParNew: 367049K->17872K(368640K), 0.0416820 secs] 2599492K->2262769K(12541952K), 0.0420230 secs] [Times: user=0.32 sys=0.00, real=0.04 secs] 
2011-03-01T01:56:20.856+0000: 3282.248: [GC 3282.248: [ParNew: 345552K->40960K(368640K), 0.0549350 secs] 2590449K->2290936K(12541952K), 0.0552680 secs] [Times: user=0.35 sys=0.01, real=0.05 secs] 
2011-03-01T01:56:22.083+0000: 3283.474: [GC 3283.474: [ParNew: 368640K->40960K(368640K), 0.0623250 secs] 2618616K->2314856K(12541952K), 0.0626710 secs] [Times: user=0.47 sys=0.01, real=0.06 secs] 
2011-03-01T01:56:24.629+0000: 3286.020: [GC 3286.021: [ParNew: 368640K->33472K(368640K), 0.0465020 secs] 2642536K->2317888K(12541952K), 0.0468390 secs] [Times: user=0.35 sys=0.00, real=0.05 secs] 
2011-03-01T01:56:26.104+0000: 3287.495: [GC 3287.495: [ParNew: 361152K->40960K(368640K), 0.0760190 secs] 2645568K->2357029K(12541952K), 0.0763570 secs] [Times: user=0.52 sys=0.01, real=0.07 secs] 
2011-03-01T01:56:27.267+0000: 3288.659: [GC 3288.659: [ParNew: 368640K->38518K(368640K), 0.0501440 secs] 2684709K->2372871K(12541952K), 0.0505130 secs] [Times: user=0.34 sys=0.01, real=0.05 secs] 
2011-03-01T01:56:28.332+0000: 3289.723: [GC 3289.724: [ParNew: 366198K->40715K(368640K), 0.0455270 secs] 2700551K->2389445K(12541952K), 0.0458670 secs] [Times: user=0.36 sys=0.00, real=0.05 secs] 
2011-03-01T01:56:29.881+0000: 3291.272: [GC 3291.273: [ParNew: 368395K->26761K(368640K), 0.0453780 secs] 2717125K->2388141K(12541952K), 0.0457200 secs] [Times: user=0.33 sys=0.00, real=0.05 secs] 
2011-03-01T01:56:30.763+0000: 3292.154: [GC 3292.154: [ParNew: 354441K->40960K(368640K), 0.0855510 secs] 2715821K->2440222K(12541952K), 0.0858860 secs] [Times: user=0.63 sys=0.00, real=0.08 secs] 
2011-03-01T01:56:32.260+0000: 3293.651: [GC 3293.651: [ParNew: 368640K->30524K(368640K), 0.0492040 secs] 2767902K->2445911K(12541952K), 0.0495430 secs] [Times: user=0.40 sys=0.00, real=0.05 secs] 
2011-03-01T01:56:33.602+0000: 3294.994: [GC 3294.994: [ParNew: 358204K->21401K(368640K), 0.0484780 secs] 2773591K->2450683K(12541952K), 0.0488170 secs] [Times: user=0.36 sys=0.00, real=0.04 secs] 
2011-03-01T01:56:35.301+0000: 3296.692: [GC 3296.692: [ParNew: 349081K->20943K(368640K), 0.0601090 secs] 2778363K->2463992K(12541952K), 0.0604560 secs] [Times: user=0.46 sys=0.00, real=0.06 secs] 
2011-03-01T01:56:35.593+0000: 3296.984: [GC 3296.985: [ParNew: 348623K->40960K(368640K), 0.1526290 secs] 2791672K->2558495K(12541952K), 0.1529690 secs] [Times: user=1.07 sys=0.02, real=0.15 secs] 
2011-03-01T01:56:36.142+0000: 3297.533: [GC 3297.533: [ParNew: 368640K->31754K(368640K), 0.0583670 secs] 2886175K->2567475K(12541952K), 0.0587360 secs] [Times: user=0.43 sys=0.00, real=0.06 secs] 
2011-03-01T01:56:36.442+0000: 3297.833: [GC 3297.833: [ParNew: 359434K->40960K(368640K), 0.1248730 secs] 2895155K->2634164K(12541952K), 0.1253170 secs] [Times: user=0.83 sys=0.00, real=0.13 secs] 
2011-03-01T01:56:36.798+0000: 3298.189: [GC 3298.189: [ParNew: 368640K->40960K(368640K), 0.1093550 secs] 2961844K->2681793K(12541952K), 0.1096990 secs] [Times: user=0.70 sys=0.00, real=0.11 secs] 
2011-03-01T01:56:37.093+0000: 3298.484: [GC 3298.484: [ParNew: 368640K->40960K(368640K), 0.1942240 secs] 3009473K->2784783K(12541952K), 0.1946670 secs] [Times: user=1.23 sys=0.01, real=0.19 secs] 
2011-03-01T01:56:37.524+0000: 3298.915: [GC 3298.915: [ParNew: 368640K->40960K(368640K), 0.1471970 secs] 3112463K->2852094K(12541952K), 0.1476640 secs] [Times: user=0.92 sys=0.00, real=0.14 secs] 
2011-03-01T01:56:37.824+0000: 3299.215: [GC 3299.215: [ParNew: 368640K->40960K(368640K), 0.2378840 secs] 3179774K->2943036K(12541952K), 0.2383450 secs] [Times: user=1.32 sys=0.00, real=0.24 secs] 
2011-03-01T01:56:38.264+0000: 3299.655: [GC 3299.655: [ParNew: 368640K->40960K(368640K), 0.2018170 secs] 3270716K->3002450K(12541952K), 0.2022730 secs] [Times: user=1.00 sys=0.00, real=0.20 secs] 
2011-03-01T01:56:38.609+0000: 3300.001: [GC 3300.001: [ParNew: 368640K->40960K(368640K), 0.1399020 secs] 3330141K->3120400K(12541952K), 0.1403680 secs] [Times: user=0.77 sys=0.00, real=0.14 secs] 
2011-03-01T01:56:38.752+0000: 3300.143: [GC 3300.143: [ParNew: 41243K->31252K(368640K), 0.0751910 secs] 3120683K->3138928K(12541952K), 0.0755720 secs] [Times: user=0.46 sys=0.00, real=0.08 secs] 
2011-03-01T01:56:39.140+0000: 3300.531: [GC 3300.531: [ParNew: 358932K->40960K(368640K), 0.0730080 secs] 3466608K->3163554K(12541952K), 0.0733530 secs] [Times: user=0.51 sys=0.00, real=0.08 secs] 
2011-03-01T01:56:39.607+0000: 3300.998: [GC 3300.999: [ParNew: 368640K->33588K(368640K), 0.0678090 secs] 3491234K->3175094K(12541952K), 0.0681510 secs] [Times: user=0.42 sys=0.00, real=0.07 secs] 
2011-03-01T01:56:40.319+0000: 3301.710: [GC 3301.710: [ParNew: 361268K->12556K(368640K), 0.0464580 secs] 3502774K->3168655K(12541952K), 0.0468660 secs] [Times: user=0.33 sys=0.00, real=0.05 secs] 
2011-03-01T01:56:40.650+0000: 3302.041: [GC 3302.042: [ParNew: 340236K->40960K(368640K), 0.0531480 secs] 3496335K->3202896K(12541952K), 0.0535970 secs] [Times: user=0.41 sys=0.00, real=0.06 secs] 
2011-03-01T01:56:41.321+0000: 3302.712: [GC 3302.712: [ParNew: 368640K->40960K(368640K), 0.0528450 secs] 3530576K->3214483K(12541952K), 0.0533320 secs] [Times: user=0.41 sys=0.00, real=0.06 secs] 
2011-03-01T01:56:42.006+0000: 3303.397: [GC 3303.397: [ParNew: 368640K->32726K(368640K), 0.0400500 secs] 3542163K->3212666K(12541952K), 0.0405240 secs] [Times: user=0.29 sys=0.00, real=0.04 secs] 
2011-03-01T01:56:42.476+0000: 3303.868: [GC 3303.868: [ParNew: 360406K->40960K(368640K), 0.0768220 secs] 3540346K->3269666K(12541952K), 0.0772740 secs] [Times: user=0.55 sys=0.00, real=0.08 secs] 
2011-03-01T01:56:43.174+0000: 3304.565: [GC 3304.565: [ParNew: 368640K->23747K(368640K), 0.0462180 secs] 3597346K->3263772K(12541952K), 0.0466660 secs] [Times: user=0.35 sys=0.00, real=0.04 secs] 
2011-03-01T01:56:44.144+0000: 3305.536: [GC 3305.536: [ParNew: 351427K->40960K(368640K), 0.0357670 secs] 3591452K->3280984K(12541952K), 0.0362200 secs] [Times: user=0.26 sys=0.00, real=0.03 secs] 
2011-03-01T01:56:45.435+0000: 3306.826: [GC 3306.826: [ParNew: 368640K->27036K(368640K), 0.0485270 secs] 3608664K->3282010K(12541952K), 0.0489820 secs] [Times: user=0.32 sys=0.00, real=0.05 secs] 
2011-03-01T01:56:47.016+0000: 3308.407: [GC 3308.407: [ParNew: 354716K->24141K(368640K), 0.0375400 secs] 3609690K->3290399K(12541952K), 0.0379880 secs] [Times: user=0.24 sys=0.00, real=0.04 secs] 
2011-03-01T01:56:47.943+0000: 3309.334: [GC 3309.334: [ParNew: 351821K->40960K(368640K), 0.0711100 secs] 3618079K->3333572K(12541952K), 0.0715630 secs] [Times: user=0.52 sys=0.01, real=0.07 secs] 
2011-03-01T01:56:50.061+0000: 3311.452: [GC 3311.452: [ParNew: 368640K->23611K(368640K), 0.0431350 secs] 3661252K->3336179K(12541952K), 0.0435910 secs] [Times: user=0.32 sys=0.00, real=0.05 secs] 
2011-03-01T01:56:51.382+0000: 3312.773: [GC 3312.773: [ParNew: 351291K->30317K(368640K), 0.0412170 secs] 3663859K->3353087K(12541952K), 0.0416810 secs] [Times: user=0.30 sys=0.02, real=0.05 secs] 
2011-03-01T01:56:52.262+0000: 3313.653: [GC 3313.653: [ParNew: 357997K->20416K(368640K), 0.0411730 secs] 3680767K->3355335K(12541952K), 0.0416590 secs] [Times: user=0.29 sys=0.00, real=0.05 secs] 
2011-03-01T01:56:53.856+0000: 3315.247: [GC 3315.247: [ParNew: 348096K->40960K(368640K), 0.0521240 secs] 3683015K->3390189K(12541952K), 0.0525520 secs] [Times: user=0.37 sys=0.00, real=0.05 secs] 
2011-03-01T01:56:54.603+0000: 3315.995: [GC 3315.995: [ParNew: 368640K->24166K(368640K), 0.0492280 secs] 3717869K->3393332K(12541952K), 0.0496750 secs] [Times: user=0.35 sys=0.00, real=0.05 secs] 
2011-03-01T01:56:55.003+0000: 3316.394: [GC 3316.395: [ParNew: 351846K->16828K(368640K), 0.0296250 secs] 3721012K->3385994K(12541952K), 0.0300810 secs] [Times: user=0.21 sys=0.00, real=0.03 secs] 
2011-03-01T01:56:55.609+0000: 3317.000: [GC 3317.000: [ParNew: 344468K->40960K(368640K), 0.0440820 secs] 3713634K->3418158K(12541952K), 0.0444330 secs] [Times: user=0.31 sys=0.00, real=0.05 secs] 
2011-03-01T01:56:55.996+0000: 3317.387: [GC 3317.387: [ParNew: 368587K->16730K(368640K), 0.0436310 secs] 3745786K->3413215K(12541952K), 0.0440990 secs] [Times: user=0.31 sys=0.00, real=0.04 secs] 
2011-03-01T01:56:56.648+0000: 3318.040: [GC 3318.040: [ParNew: 344406K->9938K(368640K), 0.0255780 secs] 3740891K->3406424K(12541952K), 0.0260420 secs] [Times: user=0.20 sys=0.00, real=0.03 secs] 
2011-03-01T01:56:57.169+0000: 3318.560: [GC 3318.560: [ParNew: 337618K->29018K(368640K), 0.0310160 secs] 3734104K->3425503K(12541952K), 0.0314720 secs] [Times: user=0.24 sys=0.00, real=0.03 secs] 
2011-03-01T01:56:57.707+0000: 3319.098: [GC 3319.099: [ParNew: 356649K->20370K(368640K), 0.0310670 secs] 3753135K->3422832K(12541952K), 0.0315150 secs] [Times: user=0.24 sys=0.01, real=0.03 secs] 
2011-03-01T01:56:58.320+0000: 3319.711: [GC 3319.711: [ParNew: 348061K->10447K(368640K), 0.0281270 secs] 3750523K->3412909K(12541952K), 0.0285710 secs] [Times: user=0.23 sys=0.00, real=0.03 secs] 
2011-03-01T01:56:58.351+0000: 3319.742: [GC 3319.742: [ParNew: 10501K->10693K(368640K), 0.0268140 secs] 3412963K->3413155K(12541952K), 0.0271980 secs] [Times: user=0.24 sys=0.00, real=0.03 secs] 
2011-03-01T01:56:58.840+0000: 3320.231: [GC 3320.231: [ParNew: 338364K->12425K(368640K), 0.0296820 secs] 3740825K->3415709K(12541952K), 0.0301160 secs] [Times: user=0.24 sys=0.00, real=0.03 secs] 
2011-03-01T01:56:59.615+0000: 3321.006: [GC 3321.006: [ParNew: 340050K->29551K(368640K), 0.0322280 secs] 3743334K->3435870K(12541952K), 0.0327440 secs] [Times: user=0.24 sys=0.00, real=0.03 secs] 
2011-03-01T01:57:00.248+0000: 3321.639: [GC 3321.639: [ParNew: 357231K->40960K(368640K), 0.0475040 secs] 3763550K->3458037K(12541952K), 0.0479590 secs] [Times: user=0.33 sys=0.00, real=0.05 secs] 
2011-03-01T01:57:00.639+0000: 3322.030: [GC 3322.030: [ParNew: 368630K->27910K(368640K), 0.0281850 secs] 3785707K->3450283K(12541952K), 0.0286260 secs] [Times: user=0.24 sys=0.00, real=0.03 secs] 
2011-03-01T01:57:01.093+0000: 3322.484: [GC 3322.484: [ParNew: 355549K->29818K(368640K), 0.0447100 secs] 3777922K->3452191K(12541952K), 0.0452130 secs] [Times: user=0.35 sys=0.00, real=0.05 secs] 
2011-03-01T01:57:01.865+0000: 3323.256: [GC 3323.256: [ParNew: 357478K->15379K(368640K), 0.0333160 secs] 3779851K->3449099K(12541952K), 0.0337880 secs] [Times: user=0.25 sys=0.00, real=0.03 secs] 
2011-03-01T01:57:03.431+0000: 3324.822: [GC 3324.822: [ParNew: 343059K->40960K(368640K), 0.0368440 secs] 3776779K->3475216K(12541952K), 0.0373320 secs] [Times: user=0.32 sys=0.00, real=0.04 secs] 
2011-03-01T01:57:05.565+0000: 3326.957: [GC 3326.957: [ParNew: 368640K->24108K(368640K), 0.0390160 secs] 3802896K->3467837K(12541952K), 0.0394670 secs] [Times: user=0.25 sys=0.00, real=0.04 secs] 
2011-03-01T01:57:08.120+0000: 3329.512: [GC 3329.512: [ParNew: 351788K->40960K(368640K), 0.0568590 secs] 3795517K->3503591K(12541952K), 0.0573230 secs] [Times: user=0.41 sys=0.00, real=0.06 secs] 
2011-03-01T01:57:10.112+0000: 3331.503: [GC 3331.503: [ParNew: 368640K->12157K(368640K), 0.0426910 secs] 3831271K->3488871K(12541952K), 0.0431490 secs] [Times: user=0.33 sys=0.00, real=0.05 secs] 
2011-03-01T01:57:12.966+0000: 3334.357: [GC 3334.357: [ParNew: 339837K->40960K(368640K), 0.0375860 secs] 3816551K->3521373K(12541952K), 0.0380400 secs] [Times: user=0.25 sys=0.00, real=0.04 secs] 
2011-03-01T01:57:15.027+0000: 3336.418: [GC 3336.418: [ParNew: 368640K->13770K(368640K), 0.0407070 secs] 3849053K->3510197K(12541952K), 0.0411710 secs] [Times: user=0.28 sys=0.00, real=0.04 secs] 
2011-03-01T01:57:17.661+0000: 3339.053: [GC 3339.053: [ParNew: 341450K->40960K(368640K), 0.0557350 secs] 3837877K->3556909K(12541952K), 0.0561930 secs] [Times: user=0.39 sys=0.00, real=0.06 secs] 
2011-03-01T01:57:19.582+0000: 3340.973: [GC 3340.973: [ParNew: 368640K->25634K(368640K), 0.0417070 secs] 3884589K->3555579K(12541952K), 0.0420480 secs] [Times: user=0.33 sys=0.00, real=0.05 secs] 
2011-03-01T01:57:21.685+0000: 3343.076: [GC 3343.076: [ParNew: 353314K->40960K(368640K), 0.0423650 secs] 3883259K->3581601K(12541952K), 0.0427050 secs] [Times: user=0.29 sys=0.00, real=0.04 secs] 
2011-03-01T01:57:23.509+0000: 3344.901: [GC 3344.901: [ParNew: 368640K->40960K(368640K), 0.0479770 secs] 3909287K->3591823K(12541952K), 0.0483150 secs] [Times: user=0.40 sys=0.00, real=0.05 secs] 
2011-03-01T01:57:23.559+0000: 3344.950: [GC 3344.951: [ParNew: 41289K->26472K(368640K), 0.0548750 secs] 3592152K->3612998K(12541952K), 0.0551510 secs] [Times: user=0.36 sys=0.00, real=0.06 secs] 
2011-03-01T01:57:25.839+0000: 3347.230: [GC 3347.230: [ParNew: 354152K->40960K(368640K), 0.0318090 secs] 3940678K->3628897K(12541952K), 0.0321490 secs] [Times: user=0.24 sys=0.00, real=0.03 secs] 
2011-03-01T01:57:27.180+0000: 3348.571: [GC 3348.572: [ParNew: 368640K->40960K(368640K), 0.0669680 secs] 3956577K->3649940K(12541952K), 0.0673070 secs] [Times: user=0.50 sys=0.00, real=0.07 secs] 
2011-03-01T01:57:28.777+0000: 3350.168: [GC 3350.168: [ParNew: 368640K->40960K(368640K), 0.0649310 secs] 3977620K->3671798K(12541952K), 0.0652720 secs] [Times: user=0.48 sys=0.00, real=0.07 secs] 
2011-03-01T01:57:30.044+0000: 3351.435: [GC 3351.436: [ParNew: 368640K->38929K(368640K), 0.0458880 secs] 3999478K->3682953K(12541952K), 0.0462320 secs] [Times: user=0.35 sys=0.01, real=0.04 secs] 
2011-03-01T01:57:31.020+0000: 3352.411: [GC 3352.412: [ParNew: 366609K->40960K(368640K), 0.0416220 secs] 4010633K->3692010K(12541952K), 0.0419690 secs] [Times: user=0.32 sys=0.00, real=0.05 secs] 
2011-03-01T01:57:32.585+0000: 3353.976: [GC 3353.976: [ParNew: 368640K->28354K(368640K), 0.0389280 secs] 4019690K->3691572K(12541952K), 0.0392670 secs] [Times: user=0.26 sys=0.00, real=0.04 secs] 
2011-03-01T01:57:34.079+0000: 3355.470: [GC 3355.471: [ParNew: 356077K->40960K(368640K), 0.0446610 secs] 4019295K->3716751K(12541952K), 0.0450080 secs] [Times: user=0.33 sys=0.00, real=0.05 secs] 
2011-03-01T01:57:34.126+0000: 3355.517: [GC 3355.517: [ParNew: 41424K->11232K(368640K), 0.0332390 secs] 3717215K->3707202K(12541952K), 0.0335200 secs] [Times: user=0.24 sys=0.00, real=0.03 secs] 
2011-03-01T01:57:35.218+0000: 3356.609: [GC 3356.609: [ParNew: 338912K->40960K(368640K), 0.0719590 secs] 4034882K->3754595K(12541952K), 0.0723040 secs] [Times: user=0.54 sys=0.00, real=0.07 secs] 
2011-03-01T01:57:35.702+0000: 3357.094: [GC 3357.094: [ParNew: 368640K->40960K(368640K), 0.0715840 secs] 4082275K->3775350K(12541952K), 0.0719270 secs] [Times: user=0.52 sys=0.00, real=0.07 secs] 
2011-03-01T01:57:35.951+0000: 3357.342: [GC 3357.342: [ParNew: 368640K->40960K(368640K), 0.1610470 secs] 4103030K->3848241K(12541952K), 0.1615150 secs] [Times: user=0.98 sys=0.01, real=0.17 secs] 
2011-03-01T01:57:36.310+0000: 3357.702: [GC 3357.702: [ParNew: 368640K->40960K(368640K), 0.1156190 secs] 4175921K->3894903K(12541952K), 0.1160610 secs] [Times: user=0.82 sys=0.00, real=0.12 secs] 
2011-03-01T01:57:36.715+0000: 3358.106: [GC 3358.106: [ParNew: 368640K->40960K(368640K), 0.1186220 secs] 4222600K->3948056K(12541952K), 0.1189570 secs] [Times: user=0.80 sys=0.00, real=0.12 secs] 
2011-03-01T01:57:36.839+0000: 3358.230: [GC 3358.230: [ParNew: 52987K->40547K(368640K), 0.0852530 secs] 3960083K->3988823K(12541952K), 0.0855690 secs] [Times: user=0.46 sys=0.01, real=0.09 secs] 
2011-03-01T01:57:37.158+0000: 3358.549: [GC 3358.549: [ParNew: 368227K->40960K(368640K), 0.1066330 secs] 4316503K->4034380K(12541952K), 0.1069800 secs] [Times: user=0.73 sys=0.00, real=0.11 secs] 
2011-03-01T01:57:37.419+0000: 3358.811: [GC 3358.811: [ParNew: 368640K->40960K(368640K), 0.1363130 secs] 4362060K->4081356K(12541952K), 0.1367420 secs] [Times: user=0.87 sys=0.01, real=0.14 secs] 
2011-03-01T01:57:37.742+0000: 3359.133: [GC 3359.133: [ParNew: 368640K->40960K(368640K), 0.1472810 secs] 4409036K->4142726K(12541952K), 0.1476350 secs] [Times: user=1.04 sys=0.00, real=0.15 secs] 
2011-03-01T01:57:38.463+0000: 3359.854: [GC 3359.854: [ParNew: 368640K->40960K(368640K), 0.0989060 secs] 4470406K->4192702K(12541952K), 0.0992520 secs] [Times: user=0.70 sys=0.00, real=0.09 secs] 
2011-03-01T01:57:39.158+0000: 3360.549: [GC 3360.549: [ParNew: 368640K->40960K(368640K), 0.0726320 secs] 4520382K->4220623K(12541952K), 0.0729870 secs] [Times: user=0.50 sys=0.00, real=0.07 secs] 
2011-03-01T01:57:40.798+0000: 3362.190: [GC 3362.190: [ParNew: 368640K->33802K(368640K), 0.0419020 secs] 4548303K->4224961K(12541952K), 0.0422530 secs] [Times: user=0.32 sys=0.00, real=0.04 secs] 
2011-03-01T01:57:42.424+0000: 3363.815: [GC 3363.815: [ParNew: 361482K->32435K(368640K), 0.0389960 secs] 4552641K->4233929K(12541952K), 0.0393440 secs] [Times: user=0.26 sys=0.00, real=0.04 secs] 
2011-03-01T01:57:43.662+0000: 3365.054: [GC 3365.054: [ParNew: 360115K->40960K(368640K), 0.0854140 secs] 4561609K->4271140K(12541952K), 0.0857680 secs] [Times: user=0.61 sys=0.01, real=0.08 secs] 
2011-03-01T01:57:44.751+0000: 3366.143: [GC 3366.143: [ParNew: 368640K->31034K(368640K), 0.0427690 secs] 4598820K->4270763K(12541952K), 0.0431160 secs] [Times: user=0.30 sys=0.02, real=0.05 secs] 
2011-03-01T01:57:46.308+0000: 3367.699: [GC 3367.700: [ParNew: 358714K->40960K(368640K), 0.0652030 secs] 4598443K->4298617K(12541952K), 0.0655520 secs] [Times: user=0.48 sys=0.00, real=0.07 secs] 
2011-03-01T01:57:47.725+0000: 3369.116: [GC 3369.116: [ParNew: 368640K->26282K(368640K), 0.0513390 secs] 4626297K->4303574K(12541952K), 0.0517030 secs] [Times: user=0.32 sys=0.01, real=0.05 secs] 
2011-03-01T01:57:48.867+0000: 3370.258: [GC 3370.258: [ParNew: 353962K->40960K(368640K), 0.0483790 secs] 4631254K->4332763K(12541952K), 0.0487200 secs] [Times: user=0.33 sys=0.00, real=0.05 secs] 
2011-03-01T01:57:50.175+0000: 3371.566: [GC 3371.566: [ParNew: 368640K->13938K(368640K), 0.0409160 secs] 4660443K->4319974K(12541952K), 0.0412540 secs] [Times: user=0.28 sys=0.00, real=0.04 secs] 
2011-03-01T01:57:51.148+0000: 3372.539: [GC 3372.539: [ParNew: 341618K->40960K(368640K), 0.0386970 secs] 4647654K->4356365K(12541952K), 0.0390410 secs] [Times: user=0.31 sys=0.00, real=0.04 secs] 
2011-03-01T01:57:52.687+0000: 3374.078: [GC 3374.079: [ParNew: 368640K->11856K(368640K), 0.0358610 secs] 4684045K->4337179K(12541952K), 0.0362000 secs] [Times: user=0.24 sys=0.00, real=0.04 secs] 
2011-03-01T01:57:53.898+0000: 3375.289: [GC 3375.289: [ParNew: 339536K->40960K(368640K), 0.0624530 secs] 4664859K->4385565K(12541952K), 0.0627940 secs] [Times: user=0.46 sys=0.00, real=0.06 secs] 
2011-03-01T01:57:54.575+0000: 3375.966: [GC 3375.966: [ParNew: 368640K->40960K(368640K), 0.0492620 secs] 4713245K->4402769K(12541952K), 0.0496140 secs] [Times: user=0.32 sys=0.01, real=0.05 secs] 
2011-03-01T01:57:54.941+0000: 3376.333: [GC 3376.333: [ParNew: 368640K->40960K(368640K), 0.0664880 secs] 4730449K->4437578K(12541952K), 0.0668430 secs] [Times: user=0.50 sys=0.00, real=0.07 secs] 
2011-03-01T01:57:55.524+0000: 3376.915: [GC 3376.915: [ParNew: 368640K->34902K(368640K), 0.0241140 secs] 4765258K->4435529K(12541952K), 0.0244790 secs] [Times: user=0.18 sys=0.00, real=0.02 secs] 
2011-03-01T01:57:56.139+0000: 3377.530: [GC 3377.530: [ParNew: 362553K->40487K(368640K), 0.0232600 secs] 4763179K->4443161K(12541952K), 0.0236170 secs] [Times: user=0.17 sys=0.00, real=0.02 secs] 
2011-03-01T01:57:56.617+0000: 3378.009: [GC 3378.009: [ParNew: 368158K->27333K(368640K), 0.0339160 secs] 4770832K->4437877K(12541952K), 0.0342630 secs] [Times: user=0.24 sys=0.00, real=0.03 secs] 
2011-03-01T01:57:57.288+0000: 3378.679: [GC 3378.680: [ParNew: 355013K->19390K(368640K), 0.0232790 secs] 4765557K->4431367K(12541952K), 0.0236300 secs] [Times: user=0.16 sys=0.00, real=0.02 secs] 
2011-03-01T01:57:57.995+0000: 3379.386: [GC 3379.387: [ParNew: 347026K->5831K(368640K), 0.0215310 secs] 4759003K->4417808K(12541952K), 0.0220040 secs] [Times: user=0.16 sys=0.00, real=0.02 secs] 
2011-03-01T01:57:58.630+0000: 3380.021: [GC 3380.022: [ParNew: 333511K->22427K(368640K), 0.0284660 secs] 4745488K->4434404K(12541952K), 0.0288180 secs] [Times: user=0.24 sys=0.00, real=0.03 secs] 
2011-03-01T01:57:59.348+0000: 3380.740: [GC 3380.740: [ParNew: 350107K->17787K(368640K), 0.0265600 secs] 4762084K->4430414K(12541952K), 0.0269090 secs] [Times: user=0.23 sys=0.02, real=0.03 secs] 
2011-03-01T01:58:00.108+0000: 3381.500: [GC 3381.500: [ParNew: 345467K->37266K(368640K), 0.0321720 secs] 4758094K->4449893K(12541952K), 0.0325220 secs] [Times: user=0.23 sys=0.00, real=0.03 secs] 
2011-03-01T01:58:00.718+0000: 3382.109: [GC 3382.109: [ParNew: 364906K->40960K(368640K), 0.0680220 secs] 4777533K->4478185K(12541952K), 0.0683640 secs] [Times: user=0.48 sys=0.01, real=0.07 secs] 
2011-03-01T01:58:01.557+0000: 3382.948: [GC 3382.949: [ParNew: 368638K->33709K(368640K), 0.0335400 secs] 4805864K->4479839K(12541952K), 0.0338940 secs] [Times: user=0.24 sys=0.00, real=0.03 secs] 
2011-03-01T01:58:02.201+0000: 3383.592: [GC 3383.592: [ParNew: 361389K->40960K(368640K), 0.0280610 secs] 4807519K->4487160K(12541952K), 0.0284140 secs] [Times: user=0.24 sys=0.00, real=0.03 secs] 
2011-03-01T01:58:02.746+0000: 3384.137: [GC 3384.137: [ParNew: 368640K->20463K(368640K), 0.0298460 secs] 4814840K->4475718K(12541952K), 0.0301970 secs] [Times: user=0.24 sys=0.01, real=0.03 secs] 
2011-03-01T01:58:05.048+0000: 3386.439: [GC 3386.439: [ParNew: 348143K->17873K(368640K), 0.0270680 secs] 4803398K->4473128K(12541952K), 0.0274100 secs] [Times: user=0.24 sys=0.00, real=0.03 secs] 
2011-03-01T01:58:07.126+0000: 3388.517: [GC 3388.518: [ParNew: 345553K->38390K(368640K), 0.0322010 secs] 4800808K->4493645K(12541952K), 0.0325720 secs] [Times: user=0.24 sys=0.00, real=0.03 secs] 
2011-03-01T01:58:08.863+0000: 3390.254: [GC 3390.255: [ParNew: 366070K->26736K(368640K), 0.0406270 secs] 4821325K->4492888K(12541952K), 0.0409620 secs] [Times: user=0.26 sys=0.00, real=0.04 secs] 
2011-03-01T01:58:10.636+0000: 3392.027: [GC 3392.027: [ParNew: 354416K->23592K(368640K), 0.0342460 secs] 4820568K->4499581K(12541952K), 0.0346530 secs] [Times: user=0.24 sys=0.00, real=0.03 secs] 
2011-03-01T01:58:12.587+0000: 3393.978: [GC 3393.978: [ParNew: 351272K->40283K(368640K), 0.0313400 secs] 4827261K->4516272K(12541952K), 0.0317490 secs] [Times: user=0.24 sys=0.00, real=0.03 secs] 
2011-03-01T01:58:14.501+0000: 3395.892: [GC 3395.892: [ParNew: 367963K->21878K(368640K), 0.0388310 secs] 4843952K->4509314K(12541952K), 0.0392900 secs] [Times: user=0.32 sys=0.01, real=0.04 secs] 
2011-03-01T01:58:16.385+0000: 3397.776: [GC 3397.777: [ParNew: 349558K->20278K(368640K), 0.0293180 secs] 4836994K->4507713K(12541952K), 0.0297260 secs] [Times: user=0.22 sys=0.00, real=0.03 secs] 
2011-03-01T01:58:18.383+0000: 3399.775: [GC 3399.775: [ParNew: 347958K->40960K(368640K), 0.0557330 secs] 4835393K->4542696K(12541952K), 0.0560820 secs] [Times: user=0.40 sys=0.01, real=0.05 secs] 
2011-03-01T01:58:20.080+0000: 3401.471: [GC 3401.471: [ParNew: 368640K->33765K(368640K), 0.0433850 secs] 4870376K->4552994K(12541952K), 0.0437310 secs] [Times: user=0.32 sys=0.01, real=0.05 secs] 
2011-03-01T01:58:22.162+0000: 3403.553: [GC 3403.553: [ParNew: 361445K->36809K(368640K), 0.0340370 secs] 4880674K->4562214K(12541952K), 0.0343760 secs] [Times: user=0.28 sys=0.00, real=0.04 secs] 
2011-03-01T01:58:25.336+0000: 3406.727: [GC 3406.727: [ParNew: 364489K->19375K(368640K), 0.0353850 secs] 4889894K->4554625K(12541952K), 0.0357330 secs] [Times: user=0.24 sys=0.00, real=0.03 secs] 
2011-03-01T01:58:26.451+0000: 3407.842: [GC 3407.842: [ParNew: 347055K->40960K(368640K), 0.0334060 secs] 4882305K->4577605K(12541952K), 0.0337460 secs] [Times: user=0.28 sys=0.01, real=0.04 secs] 
2011-03-01T01:58:27.917+0000: 3409.308: [GC 3409.308: [ParNew: 368640K->30990K(368640K), 0.0484380 secs] 4905285K->4580465K(12541952K), 0.0487810 secs] [Times: user=0.34 sys=0.00, real=0.05 secs] 
2011-03-01T01:58:28.959+0000: 3410.350: [GC 3410.351: [ParNew: 358670K->40960K(368640K), 0.0405180 secs] 4908145K->4597452K(12541952K), 0.0408640 secs] [Times: user=0.32 sys=0.00, real=0.04 secs] 
2011-03-01T01:58:30.587+0000: 3411.978: [GC 3411.978: [ParNew: 368640K->40960K(368640K), 0.0352450 secs] 4925132K->4606376K(12541952K), 0.0356450 secs] [Times: user=0.24 sys=0.00, real=0.04 secs] 
2011-03-01T01:58:31.746+0000: 3413.137: [GC 3413.138: [ParNew: 368640K->23037K(368640K), 0.0346650 secs] 4934056K->4598391K(12541952K), 0.0350040 secs] [Times: user=0.24 sys=0.00, real=0.03 secs] 
2011-03-01T01:58:33.085+0000: 3414.476: [GC 3414.476: [ParNew: 350717K->40960K(368640K), 0.0599730 secs] 4926071K->4633682K(12541952K), 0.0644710 secs] [Times: user=0.40 sys=0.03, real=0.06 secs] 
2011-03-01T01:58:34.647+0000: 3416.039: [GC 3416.039: [ParNew: 368640K->15936K(368640K), 0.0497710 secs] 4961362K->4622998K(12541952K), 0.0501750 secs] [Times: user=0.37 sys=0.01, real=0.05 secs] 
2011-03-01T01:58:35.994+0000: 3417.386: [GC 3417.386: [ParNew: 343616K->40960K(368640K), 0.0611210 secs] 4950678K->4667552K(12541952K), 0.0615760 secs] [Times: user=0.41 sys=0.02, real=0.06 secs] 
2011-03-01T01:58:37.516+0000: 3418.907: [GC 3418.907: [ParNew: 368640K->9070K(368640K), 0.0440500 secs] 4995232K->4650407K(12541952K), 0.0445220 secs] [Times: user=0.32 sys=0.00, real=0.04 secs] 
2011-03-01T01:58:37.867+0000: 3419.258: [GC 3419.258: [ParNew: 336750K->40960K(368640K), 0.1408630 secs] 4978087K->4750418K(12541952K), 0.1413390 secs] [Times: user=0.82 sys=0.00, real=0.14 secs] 
2011-03-01T01:58:38.426+0000: 3419.817: [GC 3419.817: [ParNew: 368615K->31088K(368640K), 0.0559730 secs] 5078074K->4758872K(12541952K), 0.0564630 secs] [Times: user=0.40 sys=0.00, real=0.06 secs] 
2011-03-01T01:58:38.758+0000: 3420.149: [GC 3420.149: [ParNew: 358807K->40960K(368640K), 0.0852360 secs] 5086591K->4798477K(12541952K), 0.0855930 secs] [Times: user=0.62 sys=0.00, real=0.09 secs] 
2011-03-01T01:58:39.240+0000: 3420.631: [GC 3420.631: [ParNew: 368640K->40960K(368640K), 0.1097480 secs] 5126157K->4854231K(12541952K), 0.1100890 secs] [Times: user=0.71 sys=0.01, real=0.11 secs] 
2011-03-01T01:58:39.743+0000: 3421.134: [GC 3421.135: [ParNew: 368640K->40960K(368640K), 0.0854610 secs] 5181911K->4884739K(12541952K), 0.0858160 secs] [Times: user=0.55 sys=0.00, real=0.08 secs] 
2011-03-01T01:58:39.993+0000: 3421.384: [GC 3421.384: [ParNew: 368640K->40960K(368640K), 0.1201170 secs] 5212419K->4942687K(12541952K), 0.1204620 secs] [Times: user=0.84 sys=0.02, real=0.12 secs] 
2011-03-01T01:58:40.337+0000: 3421.728: [GC 3421.729: [ParNew: 323075K->40960K(368640K), 0.0860100 secs] 5224802K->5006027K(12541952K), 0.0863700 secs] [Times: user=0.57 sys=0.00, real=0.09 secs] 
2011-03-01T01:58:40.633+0000: 3422.024: [GC 3422.024: [ParNew: 368640K->40960K(368640K), 0.0801030 secs] 5333707K->5169682K(12541952K), 0.0804410 secs] [Times: user=0.58 sys=0.01, real=0.08 secs] 
2011-03-01T01:58:41.001+0000: 3422.393: [GC 3422.393: [ParNew: 368640K->40960K(368640K), 0.0735820 secs] 5497362K->5193844K(12541952K), 0.0740810 secs] [Times: user=0.53 sys=0.02, real=0.08 secs] 
2011-03-01T01:58:41.465+0000: 3422.856: [GC 3422.856: [ParNew: 368640K->34367K(368640K), 0.0504940 secs] 5521524K->5200383K(12541952K), 0.0509640 secs] [Times: user=0.33 sys=0.00, real=0.05 secs] 
2011-03-01T01:58:41.899+0000: 3423.290: [GC 3423.290: [ParNew: 362047K->40960K(368640K), 0.0631630 secs] 5528063K->5220526K(12541952K), 0.0635060 secs] [Times: user=0.47 sys=0.01, real=0.07 secs] 
2011-03-01T01:58:42.295+0000: 3423.686: [GC 3423.687: [ParNew: 368640K->40960K(368640K), 0.0820960 secs] 5548206K->5253081K(12541952K), 0.0824390 secs] [Times: user=0.56 sys=0.01, real=0.08 secs] 
2011-03-01T01:58:42.644+0000: 3424.036: [GC 3424.036: [ParNew: 368640K->40960K(368640K), 0.0797300 secs] 5580761K->5276663K(12541952K), 0.0800810 secs] [Times: user=0.56 sys=0.00, real=0.08 secs] 
2011-03-01T01:58:43.226+0000: 3424.617: [GC 3424.617: [ParNew: 368640K->39909K(368640K), 0.0543380 secs] 5604343K->5292833K(12541952K), 0.0546930 secs] [Times: user=0.39 sys=0.01, real=0.05 secs] 
2011-03-01T01:58:43.653+0000: 3425.044: [GC 3425.044: [ParNew: 367589K->33034K(368640K), 0.0418240 secs] 5620513K->5285958K(12541952K), 0.0421560 secs] [Times: user=0.35 sys=0.00, real=0.04 secs] 
2011-03-01T01:58:44.144+0000: 3425.535: [GC 3425.536: [ParNew: 360714K->40960K(368640K), 0.0547390 secs] 5613638K->5305868K(12541952K), 0.0550790 secs] [Times: user=0.40 sys=0.00, real=0.05 secs] 
2011-03-01T01:58:44.589+0000: 3425.980: [GC 3425.981: [ParNew: 368640K->40753K(368640K), 0.0425380 secs] 5633548K->5309673K(12541952K), 0.0429080 secs] [Times: user=0.31 sys=0.01, real=0.05 secs] 
2011-03-01T01:58:45.154+0000: 3426.545: [GC 3426.545: [ParNew: 368433K->26842K(368640K), 0.0561840 secs] 5637353K->5308998K(12541952K), 0.0565490 secs] [Times: user=0.42 sys=0.00, real=0.05 secs] 
2011-03-01T01:58:46.460+0000: 3427.851: [GC 3427.852: [ParNew: 354522K->32475K(368640K), 0.0369110 secs] 5636678K->5314630K(12541952K), 0.0372710 secs] [Times: user=0.31 sys=0.01, real=0.04 secs] 
2011-03-01T01:58:47.431+0000: 3428.822: [GC 3428.823: [ParNew: 360155K->36524K(368640K), 0.0488700 secs] 5642310K->5333826K(12541952K), 0.0492200 secs] [Times: user=0.40 sys=0.00, real=0.05 secs] 
2011-03-01T01:58:49.500+0000: 3430.891: [GC 3430.892: [ParNew: 364204K->36234K(368640K), 0.0450610 secs] 5661506K->5348015K(12541952K), 0.0454020 secs] [Times: user=0.33 sys=0.00, real=0.05 secs] 
2011-03-01T01:58:50.305+0000: 3431.696: [GC 3431.697: [ParNew: 363914K->40960K(368640K), 0.0322380 secs] 5675695K->5352740K(12541952K), 0.0325720 secs] [Times: user=0.24 sys=0.00, real=0.03 secs] 
2011-03-01T01:58:51.368+0000: 3432.759: [GC 3432.759: [ParNew: 368640K->39306K(368640K), 0.0524130 secs] 5680420K->5373766K(12541952K), 0.0527560 secs] [Times: user=0.40 sys=0.00, real=0.05 secs] 
2011-03-01T01:58:52.532+0000: 3433.924: [GC 3433.924: [ParNew: 366986K->27401K(368640K), 0.0358960 secs] 5701446K->5374832K(12541952K), 0.0362420 secs] [Times: user=0.27 sys=0.00, real=0.03 secs] 
2011-03-01T01:58:53.469+0000: 3434.860: [GC 3434.860: [ParNew: 355081K->40960K(368640K), 0.0681000 secs] 5702512K->5416031K(12541952K), 0.0684470 secs] [Times: user=0.48 sys=0.01, real=0.07 secs] 
2011-03-01T01:58:54.341+0000: 3435.732: [GC 3435.732: [ParNew: 368634K->10055K(368640K), 0.0440980 secs] 5743705K->5399325K(12541952K), 0.0445900 secs] [Times: user=0.32 sys=0.00, real=0.05 secs] 
2011-03-01T01:58:54.873+0000: 3436.264: [GC 3436.265: [ParNew: 337735K->40960K(368640K), 0.0555400 secs] 5727005K->5439097K(12541952K), 0.0560150 secs] [Times: user=0.43 sys=0.00, real=0.05 secs] 
2011-03-01T01:58:55.505+0000: 3436.896: [GC 3436.896: [ParNew: 368594K->32803K(368640K), 0.0435640 secs] 5766731K->5445215K(12541952K), 0.0440660 secs] [Times: user=0.26 sys=0.00, real=0.04 secs] 
2011-03-01T01:58:56.284+0000: 3437.675: [GC 3437.675: [ParNew: 360422K->38933K(368640K), 0.0306390 secs] 5772834K->5451345K(12541952K), 0.0311120 secs] [Times: user=0.22 sys=0.00, real=0.03 secs] 
2011-03-01T01:58:56.857+0000: 3438.248: [GC 3438.248: [ParNew: 366613K->8201K(368640K), 0.0378380 secs] 5779025K->5434424K(12541952K), 0.0383260 secs] [Times: user=0.25 sys=0.00, real=0.04 secs] 
2011-03-01T01:58:58.236+0000: 3439.627: [GC 3439.627: [ParNew: 335881K->24534K(368640K), 0.0289120 secs] 5762104K->5450757K(12541952K), 0.0293880 secs] [Times: user=0.23 sys=0.00, real=0.03 secs] 
2011-03-01T01:58:59.093+0000: 3440.484: [GC 3440.484: [ParNew: 352214K->17341K(368640K), 0.0288600 secs] 5778437K->5447293K(12541952K), 0.0293310 secs] [Times: user=0.19 sys=0.00, real=0.03 secs] 
2011-03-01T01:58:59.820+0000: 3441.211: [GC 3441.211: [ParNew: 344957K->15185K(368640K), 0.0249790 secs] 5774909K->5445137K(12541952K), 0.0254470 secs] [Times: user=0.23 sys=0.00, real=0.03 secs] 
2011-03-01T01:59:00.291+0000: 3441.682: [GC 3441.682: [ParNew: 342865K->40960K(368640K), 0.0751340 secs] 5772817K->5497569K(12541952K), 0.0756060 secs] [Times: user=0.57 sys=0.00, real=0.08 secs] 
2011-03-01T01:59:00.899+0000: 3442.290: [GC 3442.290: [ParNew: 368640K->18450K(368640K), 0.0426690 secs] 5825249K->5496632K(12541952K), 0.0431340 secs] [Times: user=0.32 sys=0.00, real=0.04 secs] 
2011-03-01T01:59:01.505+0000: 3442.896: [GC 3442.896: [ParNew: 346130K->15626K(368640K), 0.0254190 secs] 5824312K->5493809K(12541952K), 0.0258880 secs] [Times: user=0.15 sys=0.01, real=0.02 secs] 
2011-03-01T01:59:02.240+0000: 3443.631: [GC 3443.631: [ParNew: 343246K->20593K(368640K), 0.0327320 secs] 5821428K->5498775K(12541952K), 0.0332010 secs] [Times: user=0.25 sys=0.00, real=0.04 secs] 
2011-03-01T01:59:02.961+0000: 3444.352: [GC 3444.353: [ParNew: 348273K->23829K(368640K), 0.0340930 secs] 5826455K->5502012K(12541952K), 0.0345610 secs] [Times: user=0.31 sys=0.00, real=0.04 secs] 
2011-03-01T01:59:04.763+0000: 3446.154: [GC 3446.154: [ParNew: 351509K->40960K(368640K), 0.0451410 secs] 5829692K->5526434K(12541952K), 0.0456080 secs] [Times: user=0.35 sys=0.00, real=0.04 secs] 
2011-03-01T01:59:07.294+0000: 3448.685: [GC 3448.685: [ParNew: 368640K->40960K(368640K), 0.0595590 secs] 5854135K->5549712K(12541952K), 0.0600150 secs] [Times: user=0.41 sys=0.00, real=0.06 secs] 
2011-03-01T01:59:07.356+0000: 3448.747: [GC 3448.748: [ParNew: 41205K->29739K(368640K), 0.0539790 secs] 5549957K->5574958K(12541952K), 0.0543720 secs] [Times: user=0.33 sys=0.00, real=0.05 secs] 
2011-03-01T01:59:09.937+0000: 3451.328: [GC 3451.328: [ParNew: 357419K->40960K(368640K), 0.0399670 secs] 5902638K->5592184K(12541952K), 0.0404310 secs] [Times: user=0.31 sys=0.00, real=0.04 secs] 
2011-03-01T01:59:11.584+0000: 3452.975: [GC 3452.976: [ParNew: 368640K->33092K(368640K), 0.0475940 secs] 5919864K->5602277K(12541952K), 0.0480370 secs] [Times: user=0.32 sys=0.00, real=0.04 secs] 
2011-03-01T01:59:13.356+0000: 3454.747: [GC 3454.747: [ParNew: 360772K->35057K(368640K), 0.0504820 secs] 5929957K->5632346K(12541952K), 0.0509370 secs] [Times: user=0.38 sys=0.00, real=0.05 secs] 
2011-03-01T01:59:15.938+0000: 3457.329: [GC 3457.330: [ParNew: 362737K->40960K(368640K), 0.0481080 secs] 5960026K->5647311K(12541952K), 0.0485730 secs] [Times: user=0.37 sys=0.00, real=0.05 secs] 
2011-03-01T01:59:18.450+0000: 3459.841: [GC 3459.841: [ParNew: 368640K->25212K(368640K), 0.0468030 secs] 5974991K->5647282K(12541952K), 0.0471590 secs] [Times: user=0.39 sys=0.02, real=0.05 secs] 
2011-03-01T01:59:19.218+0000: 3460.609: [GC 3460.609: [ParNew: 352892K->40960K(368640K), 0.0628100 secs] 5974962K->5683143K(12541952K), 0.0631710 secs] [Times: user=0.49 sys=0.00, real=0.06 secs] 
2011-03-01T01:59:21.178+0000: 3462.569: [GC 3462.570: [ParNew: 368640K->40960K(368640K), 0.0522880 secs] 6010823K->5701427K(12541952K), 0.0591400 secs] [Times: user=0.37 sys=0.00, real=0.06 secs] 
2011-03-01T01:59:23.648+0000: 3465.039: [GC 3465.039: [ParNew: 368640K->30737K(368640K), 0.0501200 secs] 6029107K->5704544K(12541952K), 0.0504590 secs] [Times: user=0.39 sys=0.00, real=0.05 secs] 
2011-03-01T01:59:25.724+0000: 3467.115: [GC 3467.115: [ParNew: 358417K->31603K(368640K), 0.0438460 secs] 6032224K->5722671K(12541952K), 0.0441900 secs] [Times: user=0.33 sys=0.00, real=0.04 secs] 
2011-03-01T01:59:27.183+0000: 3468.574: [GC 3468.574: [ParNew: 359283K->40960K(368640K), 0.0526120 secs] 6050351K->5741827K(12541952K), 0.0529690 secs] [Times: user=0.40 sys=0.00, real=0.05 secs] 
2011-03-01T01:59:28.449+0000: 3469.840: [GC 3469.840: [ParNew: 368640K->40960K(368640K), 0.0541150 secs] 6069507K->5758968K(12541952K), 0.0544560 secs] [Times: user=0.40 sys=0.01, real=0.06 secs] 
2011-03-01T01:59:29.814+0000: 3471.206: [GC 3471.206: [ParNew: 368640K->38253K(368640K), 0.0503630 secs] 6086648K->5767922K(12541952K), 0.0507090 secs] [Times: user=0.34 sys=0.00, real=0.05 secs] 
2011-03-01T01:59:31.286+0000: 3472.678: [GC 3472.678: [ParNew: 365933K->15208K(368640K), 0.0558460 secs] 6095602K->5760234K(12541952K), 0.0561890 secs] [Times: user=0.38 sys=0.01, real=0.06 secs] 
2011-03-01T01:59:32.593+0000: 3473.984: [GC 3473.985: [ParNew: 342888K->40960K(368640K), 0.0447310 secs] 6087914K->5786745K(12541952K), 0.0488290 secs] [Times: user=0.32 sys=0.01, real=0.05 secs] 
2011-03-01T01:59:33.846+0000: 3475.237: [GC 3475.238: [ParNew: 368640K->20726K(368640K), 0.0660060 secs] 6114425K->5793187K(12541952K), 0.0664660 secs] [Times: user=0.47 sys=0.01, real=0.07 secs] 
2011-03-01T01:59:34.958+0000: 3476.350: [GC 3476.350: [ParNew: 348406K->40960K(368640K), 0.0806130 secs] 6120867K->5843123K(12541952K), 0.0811400 secs] [Times: user=0.55 sys=0.01, real=0.08 secs] 
2011-03-01T01:59:35.519+0000: 3476.910: [GC 3476.911: [ParNew: 368640K->34341K(368640K), 0.0536030 secs] 6170803K->5855236K(12541952K), 0.0540730 secs] [Times: user=0.38 sys=0.01, real=0.06 secs] 
2011-03-01T01:59:35.760+0000: 3477.151: [GC 3477.152: [ParNew: 362021K->40960K(368640K), 0.1506210 secs] 6182916K->5933128K(12541952K), 0.1510700 secs] [Times: user=1.03 sys=0.01, real=0.15 secs] 
2011-03-01T01:59:36.084+0000: 3477.475: [GC 3477.476: [ParNew: 368640K->40960K(368640K), 0.1849500 secs] 6260808K->6018840K(12541952K), 0.1852960 secs] [Times: user=1.29 sys=0.00, real=0.18 secs] 
2011-03-01T01:59:36.516+0000: 3477.907: [GC 3477.907: [ParNew: 368640K->40960K(368640K), 0.1296270 secs] 6346520K->6073143K(12541952K), 0.1299700 secs] [Times: user=0.86 sys=0.01, real=0.13 secs] 
2011-03-01T01:59:36.951+0000: 3478.342: [GC 3478.342: [ParNew: 368640K->40960K(368640K), 0.1100920 secs] 6400823K->6131915K(12541952K), 0.1104330 secs] [Times: user=0.81 sys=0.00, real=0.11 secs] 
2011-03-01T01:59:37.513+0000: 3478.904: [GC 3478.904: [ParNew: 368640K->40960K(368640K), 0.0794580 secs] 6459595K->6246691K(12541952K), 0.0797930 secs] [Times: user=0.51 sys=0.00, real=0.08 secs] 
2011-03-01T01:59:37.899+0000: 3479.290: [GC 3479.291: [ParNew: 368640K->40960K(368640K), 0.1366150 secs] 6574371K->6298455K(12541952K), 0.1372270 secs] [Times: user=0.91 sys=0.01, real=0.14 secs] 
2011-03-01T01:59:38.243+0000: 3479.634: [GC 3479.635: [ParNew: 368640K->40960K(368640K), 0.1099380 secs] 6626135K->6349090K(12541952K), 0.1103470 secs] [Times: user=0.76 sys=0.00, real=0.11 secs] 
2011-03-01T01:59:38.658+0000: 3480.049: [GC 3480.049: [ParNew: 368640K->40960K(368640K), 0.0899770 secs] 6676770K->6392491K(12541952K), 0.0904260 secs] [Times: user=0.62 sys=0.00, real=0.09 secs] 
2011-03-01T01:59:39.151+0000: 3480.542: [GC 3480.542: [ParNew: 368640K->40960K(368640K), 0.0963370 secs] 6720171K->6425350K(12541952K), 0.0968210 secs] [Times: user=0.65 sys=0.03, real=0.10 secs] 
2011-03-01T01:59:39.390+0000: 3480.781: [GC 3480.781: [ParNew: 368640K->40960K(368640K), 0.1340360 secs] 6753030K->6491696K(12541952K), 0.1344910 secs] [Times: user=0.94 sys=0.03, real=0.14 secs] 
2011-03-01T01:59:39.824+0000: 3481.216: [GC 3481.216: [ParNew: 368640K->40960K(368640K), 0.0687200 secs] 6819376K->6518242K(12541952K), 0.0691870 secs] [Times: user=0.50 sys=0.00, real=0.07 secs] 
2011-03-01T01:59:40.525+0000: 3481.916: [GC 3481.916: [ParNew: 368640K->33675K(368640K), 0.0533710 secs] 6845922K->6529959K(12541952K), 0.0538120 secs] [Times: user=0.38 sys=0.00, real=0.05 secs] 
2011-03-01T01:59:41.034+0000: 3482.425: [GC 3482.426: [ParNew: 361355K->27181K(368640K), 0.0370250 secs] 6857639K->6523465K(12541952K), 0.0374760 secs] [Times: user=0.24 sys=0.00, real=0.03 secs] 
2011-03-01T01:59:41.665+0000: 3483.056: [GC 3483.056: [ParNew: 354861K->35046K(368640K), 0.0477180 secs] 6851145K->6537818K(12541952K), 0.0481730 secs] [Times: user=0.33 sys=0.00, real=0.05 secs] 
2011-03-01T01:59:42.282+0000: 3483.673: [GC 3483.673: [ParNew: 362726K->40960K(368640K), 0.0511880 secs] 6865498K->6551022K(12541952K), 0.0515310 secs] [Times: user=0.38 sys=0.01, real=0.06 secs] 
2011-03-01T01:59:43.001+0000: 3484.392: [GC 3484.392: [ParNew: 368640K->31729K(368640K), 0.0517540 secs] 6878702K->6554914K(12541952K), 0.0581240 secs] [Times: user=0.38 sys=0.00, real=0.06 secs] 
2011-03-01T01:59:44.224+0000: 3485.615: [GC 3485.615: [ParNew: 359409K->38670K(368640K), 0.0403750 secs] 6882594K->6561856K(12541952K), 0.0407170 secs] [Times: user=0.29 sys=0.00, real=0.04 secs] 
2011-03-01T01:59:45.139+0000: 3486.530: [GC 3486.531: [ParNew: 366350K->40960K(368640K), 0.1135250 secs] 6889536K->6618034K(12541952K), 0.1138720 secs] [Times: user=0.81 sys=0.00, real=0.12 secs] 
2011-03-01T01:59:46.246+0000: 3487.637: [GC 3487.637: [ParNew: 368640K->32190K(368640K), 0.0566120 secs] 6945714K->6634889K(12541952K), 0.0569560 secs] [Times: user=0.39 sys=0.01, real=0.06 secs] 
2011-03-01T01:59:47.818+0000: 3489.210: [GC 3489.210: [ParNew: 359870K->28042K(368640K), 0.0448050 secs] 6962569K->6641031K(12541952K), 0.0451600 secs] [Times: user=0.33 sys=0.00, real=0.05 secs] 
2011-03-01T01:59:50.493+0000: 3491.885: [GC 3491.885: [ParNew: 355722K->40550K(368640K), 0.0522780 secs] 6968711K->6666863K(12541952K), 0.0526340 secs] [Times: user=0.34 sys=0.01, real=0.05 secs] 
2011-03-01T01:59:51.316+0000: 3492.707: [GC 3492.708: [ParNew: 368230K->40960K(368640K), 0.1038710 secs] 6994543K->6712411K(12541952K), 0.1042240 secs] [Times: user=0.73 sys=0.00, real=0.10 secs] 
2011-03-01T01:59:52.994+0000: 3494.385: [GC 3494.385: [ParNew: 368640K->40960K(368640K), 0.0502910 secs] 7040091K->6724200K(12541952K), 0.0506420 secs] [Times: user=0.37 sys=0.00, real=0.05 secs] 
2011-03-01T01:59:54.105+0000: 3495.496: [GC 3495.496: [ParNew: 368640K->39920K(368640K), 0.0452630 secs] 7051880K->6736355K(12541952K), 0.0456750 secs] [Times: user=0.32 sys=0.00, real=0.04 secs] 
2011-03-01T01:59:54.705+0000: 3496.096: [GC 3496.096: [ParNew: 367600K->40960K(368640K), 0.0750070 secs] 7064035K->6765938K(12541952K), 0.0754930 secs] [Times: user=0.49 sys=0.00, real=0.07 secs] 
2011-03-01T01:59:55.605+0000: 3496.996: [GC 3496.997: [ParNew: 368640K->40960K(368640K), 0.0631300 secs] 7093618K->6781107K(12541952K), 0.0636030 secs] [Times: user=0.44 sys=0.00, real=0.06 secs] 
2011-03-01T01:59:57.127+0000: 3498.519: [GC 3498.519: [ParNew: 368640K->40960K(368640K), 0.1060100 secs] 7108787K->6824969K(12541952K), 0.1064760 secs] [Times: user=0.73 sys=0.00, real=0.11 secs] 
2011-03-01T01:59:58.270+0000: 3499.662: [GC 3499.662: [ParNew: 368640K->40960K(368640K), 0.0541010 secs] 7152649K->6847318K(12541952K), 0.0546220 secs] [Times: user=0.40 sys=0.00, real=0.06 secs] 
2011-03-01T01:59:59.529+0000: 3500.920: [GC 3500.921: [ParNew: 368640K->12893K(368640K), 0.0370830 secs] 7174998K->6830214K(12541952K), 0.0430100 secs] [Times: user=0.24 sys=0.00, real=0.05 secs] 
2011-03-01T01:59:59.937+0000: 3501.328: [GC 3501.329: [ParNew: 340572K->10177K(368640K), 0.0278120 secs] 7157893K->6827498K(12541952K), 0.0282420 secs] [Times: user=0.22 sys=0.00, real=0.03 secs] 
2011-03-01T02:00:00.297+0000: 3501.688: [GC 3501.688: [ParNew: 337857K->35278K(368640K), 0.0369260 secs] 7155178K->6852599K(12541952K), 0.0373990 secs] [Times: user=0.28 sys=0.00, real=0.04 secs] 
2011-03-01T02:00:00.705+0000: 3502.096: [GC 3502.096: [ParNew: 362958K->21599K(368640K), 0.0443420 secs] 7180279K->6853819K(12541952K), 0.0448220 secs] [Times: user=0.31 sys=0.00, real=0.05 secs] 
2011-03-01T02:00:01.350+0000: 3502.741: [GC 3502.741: [ParNew: 349279K->20248K(368640K), 0.0286010 secs] 7181499K->6852469K(12541952K), 0.0290910 secs] [Times: user=0.24 sys=0.00, real=0.03 secs] 
2011-03-01T02:00:02.291+0000: 3503.682: [GC 3503.682: [ParNew: 347928K->40944K(368640K), 0.0357960 secs] 7180149K->6873164K(12541952K), 0.0362620 secs] [Times: user=0.32 sys=0.00, real=0.04 secs] 
2011-03-01T02:00:03.049+0000: 3504.440: [GC 3504.440: [ParNew: 368624K->18796K(368640K), 0.0350440 secs] 7200844K->6857260K(12541952K), 0.0355130 secs] [Times: user=0.23 sys=0.00, real=0.04 secs] 
2011-03-01T02:00:03.837+0000: 3505.228: [GC 3505.228: [ParNew: 346469K->27305K(368640K), 0.0328520 secs] 7184933K->6865769K(12541952K), 0.0333220 secs] [Times: user=0.23 sys=0.00, real=0.03 secs] 
2011-03-01T02:00:04.566+0000: 3505.958: [GC 3505.958: [ParNew: 354945K->31369K(368640K), 0.0377580 secs] 7193409K->6876720K(12541952K), 0.0382300 secs] [Times: user=0.25 sys=0.00, real=0.04 secs] 
2011-03-01T02:00:05.287+0000: 3506.678: [GC 3506.678: [ParNew: 359036K->13315K(368640K), 0.0298020 secs] 7204388K->6865052K(12541952K), 0.0302770 secs] [Times: user=0.24 sys=0.01, real=0.03 secs] 
2011-03-01T02:00:06.345+0000: 3507.736: [GC 3507.737: [ParNew: 340958K->13452K(368640K), 0.0291870 secs] 7192696K->6865190K(12541952K), 0.0296600 secs] [Times: user=0.22 sys=0.00, real=0.06 secs] 
2011-03-01T02:00:06.952+0000: 3508.343: [GC 3508.343: [ParNew: 341132K->26246K(368640K), 0.0312420 secs] 7192870K->6877984K(12541952K), 0.0317130 secs] [Times: user=0.24 sys=0.01, real=0.04 secs] 
2011-03-01T02:00:08.421+0000: 3509.813: [GC 3509.813: [ParNew: 353926K->35782K(368640K), 0.0412690 secs] 7205664K->6892620K(12541952K), 0.0417550 secs] [Times: user=0.32 sys=0.00, real=0.05 secs] 
2011-03-01T02:00:10.749+0000: 3512.141: [GC 3512.141: [ParNew: 363462K->37196K(368640K), 0.0444680 secs] 7220300K->6903195K(12541952K), 0.0449200 secs] [Times: user=0.33 sys=0.00, real=0.05 secs] 
2011-03-01T02:00:13.723+0000: 3515.115: [GC 3515.115: [ParNew: 364876K->28066K(368640K), 0.0420450 secs] 7230875K->6906723K(12541952K), 0.0425060 secs] [Times: user=0.28 sys=0.00, real=0.04 secs] 
2011-03-01T02:00:16.558+0000: 3517.950: [GC 3517.950: [ParNew: 355746K->39512K(368640K), 0.0431260 secs] 7234403K->6927589K(12541952K), 0.0435870 secs] [Times: user=0.32 sys=0.00, real=0.04 secs] 
2011-03-01T02:00:18.308+0000: 3519.699: [GC 3519.699: [ParNew: 367192K->29083K(368640K), 0.0440000 secs] 7255269K->6930034K(12541952K), 0.0455890 secs] [Times: user=0.33 sys=0.00, real=0.05 secs] 
2011-03-01T02:00:19.977+0000: 3521.368: [GC 3521.368: [ParNew: 356763K->25776K(368640K), 0.0384840 secs] 7257714K->6932376K(12541952K), 0.0389600 secs] [Times: user=0.27 sys=0.01, real=0.04 secs] 
2011-03-01T02:00:21.825+0000: 3523.216: [GC 3523.216: [ParNew: 353456K->40960K(368640K), 0.0784340 secs] 7260056K->6971147K(12541952K), 0.0788930 secs] [Times: user=0.47 sys=0.00, real=0.08 secs] 
2011-03-01T02:00:24.227+0000: 3525.619: [GC 3525.619: [ParNew: 368640K->40960K(368640K), 0.0615790 secs] 7298827K->6987874K(12541952K), 0.0620360 secs] [Times: user=0.48 sys=0.00, real=0.06 secs] 
2011-03-01T02:00:26.553+0000: 3527.944: [GC 3527.944: [ParNew: 368640K->40960K(368640K), 0.0625400 secs] 7315554K->7005291K(12541952K), 0.0630160 secs] [Times: user=0.38 sys=0.00, real=0.06 secs] 
2011-03-01T02:00:27.609+0000: 3529.000: [GC 3529.000: [ParNew: 368640K->31539K(368640K), 0.0420150 secs] 7332971K->7011519K(12541952K), 0.0424900 secs] [Times: user=0.31 sys=0.00, real=0.04 secs] 
2011-03-01T02:00:29.079+0000: 3530.471: [GC 3530.471: [ParNew: 359219K->40960K(368640K), 0.0365230 secs] 7339199K->7022867K(12541952K), 0.0369930 secs] [Times: user=0.29 sys=0.01, real=0.04 secs] 
2011-03-01T02:00:30.245+0000: 3531.636: [GC 3531.636: [ParNew: 368640K->36754K(368640K), 0.0508710 secs] 7350547K->7037994K(12541952K), 0.0512930 secs] [Times: user=0.35 sys=0.00, real=0.05 secs] 
2011-03-01T02:00:32.167+0000: 3533.558: [GC 3533.558: [ParNew: 364434K->40960K(368640K), 0.0526430 secs] 7365674K->7053835K(12541952K), 0.0531050 secs] [Times: user=0.40 sys=0.00, real=0.05 secs] 
2011-03-01T02:00:33.193+0000: 3534.584: [GC 3534.584: [ParNew: 368640K->37380K(368640K), 0.0704250 secs] 7381515K->7081264K(12541952K), 0.0708780 secs] [Times: user=0.54 sys=0.00, real=0.07 secs] 
2011-03-01T02:00:35.138+0000: 3536.529: [GC 3536.530: [ParNew: 365060K->40960K(368640K), 0.1073850 secs] 7408944K->7129006K(12541952K), 0.1078460 secs] [Times: user=0.72 sys=0.00, real=0.11 secs] 
2011-03-01T02:00:35.422+0000: 3536.813: [GC 3536.813: [ParNew: 368640K->40960K(368640K), 0.1073650 secs] 7456686K->7171584K(12541952K), 0.1078120 secs] [Times: user=0.78 sys=0.02, real=0.11 secs] 
2011-03-01T02:00:35.943+0000: 3537.335: [GC 3537.335: [ParNew: 368640K->40960K(368640K), 0.0870650 secs] 7499264K->7204205K(12541952K), 0.0875240 secs] [Times: user=0.55 sys=0.01, real=0.08 secs] 
2011-03-01T02:00:36.203+0000: 3537.594: [GC 3537.595: [ParNew: 368640K->40960K(368640K), 0.1248880 secs] 7531885K->7267227K(12541952K), 0.1253400 secs] [Times: user=0.81 sys=0.02, real=0.12 secs] 
2011-03-01T02:00:36.659+0000: 3538.050: [GC 3538.050: [ParNew: 368640K->40960K(368640K), 0.1413610 secs] 7594907K->7338683K(12541952K), 0.1418250 secs] [Times: user=0.95 sys=0.02, real=0.14 secs] 
2011-03-01T02:00:36.993+0000: 3538.384: [GC 3538.384: [ParNew: 368640K->40960K(368640K), 0.1400620 secs] 7666363K->7414687K(12541952K), 0.1405190 secs] [Times: user=0.95 sys=0.02, real=0.14 secs] 
2011-03-01T02:00:37.282+0000: 3538.673: [GC 3538.673: [ParNew: 368640K->40960K(368640K), 0.1669590 secs] 7742367K->7482409K(12541952K), 0.1674380 secs] [Times: user=1.00 sys=0.00, real=0.17 secs] 
2011-03-01T02:00:37.610+0000: 3539.001: [GC 3539.001: [ParNew: 368640K->40960K(368640K), 0.1047650 secs] 7810089K->7532355K(12541952K), 0.1052230 secs] [Times: user=0.79 sys=0.00, real=0.11 secs] 
2011-03-01T02:00:38.119+0000: 3539.510: [GC 3539.510: [ParNew: 368640K->40960K(368640K), 0.1428520 secs] 7860035K->7601775K(12541952K), 0.1433070 secs] [Times: user=0.98 sys=0.01, real=0.15 secs] 
2011-03-01T02:00:38.761+0000: 3540.152: [GC 3540.153: [ParNew: 368640K->40958K(368640K), 0.0949940 secs] 7929455K->7654487K(12541952K), 0.0953930 secs] [Times: user=0.69 sys=0.00, real=0.10 secs] 
2011-03-01T02:00:39.444+0000: 3540.836: [GC 3540.836: [ParNew: 368638K->40958K(368640K), 0.0793140 secs] 7982167K->7688167K(12541952K), 0.0796660 secs] [Times: user=0.57 sys=0.00, real=0.08 secs] 
2011-03-01T02:00:40.986+0000: 3542.377: [GC 3542.378: [ParNew: 368638K->40960K(368640K), 0.0461000 secs] 8015847K->7701303K(12541952K), 0.0464450 secs] [Times: user=0.31 sys=0.00, real=0.05 secs] 
2011-03-01T02:00:42.691+0000: 3544.082: [GC 3544.083: [ParNew: 368640K->32990K(368640K), 0.0284290 secs] 8028983K->7701964K(12541952K), 0.0287660 secs] [Times: user=0.24 sys=0.00, real=0.03 secs] 
2011-03-01T02:00:44.040+0000: 3545.431: [GC 3545.432: [ParNew: 360670K->35268K(368640K), 0.0418960 secs] 8029644K->7704242K(12541952K), 0.0422620 secs] [Times: user=0.28 sys=0.00, real=0.05 secs] 
2011-03-01T02:00:45.281+0000: 3546.672: [GC 3546.673: [ParNew: 362948K->22033K(368640K), 0.0405560 secs] 8031922K->7697483K(12541952K), 0.0409020 secs] [Times: user=0.28 sys=0.00, real=0.05 secs] 
2011-03-01T02:00:46.433+0000: 3547.824: [GC 3547.824: [ParNew: 349713K->40960K(368640K), 0.0397400 secs] 8025163K->7720244K(12541952K), 0.0401990 secs] [Times: user=0.26 sys=0.00, real=0.04 secs] 
2011-03-01T02:00:47.351+0000: 3548.742: [GC 3548.742: [ParNew: 368640K->40960K(368640K), 0.1044820 secs] 8047924K->7770029K(12541952K), 0.1048780 secs] [Times: user=0.76 sys=0.00, real=0.11 secs] 
2011-03-01T02:00:49.154+0000: 3550.546: [GC 3550.546: [ParNew: 368640K->40960K(368640K), 0.0844570 secs] 8097709K->7811819K(12541952K), 0.0848080 secs] [Times: user=0.57 sys=0.00, real=0.08 secs] 
2011-03-01T02:00:51.332+0000: 3552.723: [GC 3552.724: [ParNew: 368640K->37587K(368640K), 0.0452900 secs] 8139499K->7821950K(12541952K), 0.0457540 secs] [Times: user=0.35 sys=0.01, real=0.04 secs] 
2011-03-01T02:00:52.968+0000: 3554.359: [GC 3554.359: [ParNew: 365267K->19042K(368640K), 0.0467330 secs] 8149630K->7813862K(12541952K), 0.0471920 secs] [Times: user=0.33 sys=0.00, real=0.05 secs] 
2011-03-01T02:00:53.941+0000: 3555.332: [GC 3555.333: [ParNew: 346722K->40960K(368640K), 0.0373370 secs] 8141542K->7838525K(12541952K), 0.0394990 secs] [Times: user=0.28 sys=0.00, real=0.04 secs] 
2011-03-01T02:00:54.838+0000: 3556.229: [GC 3556.229: [ParNew: 368640K->15278K(368640K), 0.0400140 secs] 8166205K->7828189K(12541952K), 0.0405060 secs] [Times: user=0.31 sys=0.01, real=0.04 secs] 
2011-03-01T02:00:55.412+0000: 3556.803: [GC 3556.803: [ParNew: 342958K->5858K(368640K), 0.0266480 secs] 8155869K->7818769K(12541952K), 0.0271400 secs] [Times: user=0.23 sys=0.00, real=0.03 secs] 
2011-03-01T02:00:55.897+0000: 3557.289: [GC 3557.289: [ParNew: 333531K->25635K(368640K), 0.0310800 secs] 8146441K->7838546K(12541952K), 0.0315860 secs] [Times: user=0.24 sys=0.00, real=0.03 secs] 
2011-03-01T02:00:56.443+0000: 3557.834: [GC 3557.834: [ParNew: 353315K->24584K(368640K), 0.0327120 secs] 8166226K->7841269K(12541952K), 0.0332190 secs] [Times: user=0.25 sys=0.00, real=0.03 secs] 
2011-03-01T02:00:56.975+0000: 3558.366: [GC 3558.367: [ParNew: 352226K->19834K(368640K), 0.0279720 secs] 8168911K->7836519K(12541952K), 0.0284490 secs] [Times: user=0.19 sys=0.00, real=0.03 secs] 
2011-03-01T02:00:57.526+0000: 3558.917: [GC 3558.917: [ParNew: 347514K->40960K(368640K), 0.0310290 secs] 8164199K->7858862K(12541952K), 0.0315300 secs] [Times: user=0.24 sys=0.00, real=0.03 secs] 
2011-03-01T02:00:58.306+0000: 3559.697: [GC 3559.698: [ParNew: 368624K->20157K(368640K), 0.0344680 secs] 8186526K->7849771K(12541952K), 0.0349450 secs] [Times: user=0.24 sys=0.00, real=0.03 secs] 
2011-03-01T02:00:59.045+0000: 3560.436: [GC 3560.437: [ParNew: 347783K->8849K(368640K), 0.0266850 secs] 8177398K->7838464K(12541952K), 0.0271440 secs] [Times: user=0.16 sys=0.00, real=0.03 secs] 
2011-03-01T02:00:59.914+0000: 3561.305: [GC 3561.305: [ParNew: 336504K->6460K(368640K), 0.0265420 secs] 8166119K->7836075K(12541952K), 0.0270220 secs] [Times: user=0.18 sys=0.00, real=0.02 secs] 
2011-03-01T02:01:00.500+0000: 3561.891: [GC 3561.891: [ParNew: 334082K->29876K(368640K), 0.0305900 secs] 8163697K->7859491K(12541952K), 0.0309460 secs] [Times: user=0.24 sys=0.00, real=0.03 secs] 
2011-03-01T02:01:01.103+0000: 3562.494: [GC 3562.494: [ParNew: 357556K->17179K(368640K), 0.0347750 secs] 8187171K->7858903K(12541952K), 0.0351360 secs] [Times: user=0.27 sys=0.00, real=0.03 secs] 
2011-03-01T02:01:01.635+0000: 3563.026: [GC 3563.026: [ParNew: 344859K->11687K(368640K), 0.0254620 secs] 8186583K->7853410K(12541952K), 0.0258190 secs] [Times: user=0.16 sys=0.01, real=0.02 secs] 
2011-03-01T02:01:03.732+0000: 3565.123: [GC 3565.123: [ParNew: 339308K->40960K(368640K), 0.0389940 secs] 8181032K->7882703K(12541952K), 0.0393460 secs] [Times: user=0.30 sys=0.01, real=0.04 secs] 
2011-03-01T02:01:05.253+0000: 3566.645: [GC 3567.140: [ParNew: 368640K->36116K(368640K), 0.0480960 secs] 8210383K->7951853K(12541952K), 0.0485030 secs] [Times: user=0.38 sys=0.00, real=0.54 secs] 
2011-03-01T02:01:08.239+0000: 3569.631: [GC 3569.631: [ParNew: 363796K->36014K(368640K), 0.0323660 secs] 8279533K->7960710K(12541952K), 0.0327180 secs] [Times: user=0.24 sys=0.00, real=0.04 secs] 
2011-03-01T02:01:10.685+0000: 3572.076: [GC 3572.077: [ParNew: 363694K->30544K(368640K), 0.0631190 secs] 8288390K->7977853K(12541952K), 0.0634730 secs] [Times: user=0.47 sys=0.00, real=0.06 secs] 
2011-03-01T02:01:13.230+0000: 3574.621: [GC 3574.621: [ParNew: 358224K->31162K(368640K), 0.0285800 secs] 8305533K->7988188K(12541952K), 0.0289360 secs] [Times: user=0.24 sys=0.00, real=0.03 secs] 
2011-03-01T02:01:15.619+0000: 3577.010: [GC 3577.010: [ParNew: 358842K->27139K(368640K), 0.0364550 secs] 8315868K->7992435K(12541952K), 0.0367960 secs] [Times: user=0.29 sys=0.00, real=0.04 secs] 
2011-03-01T02:01:17.504+0000: 3578.895: [GC 3578.895: [ParNew: 354819K->28844K(368640K), 0.0360290 secs] 8320115K->8000072K(12541952K), 0.0363760 secs] [Times: user=0.24 sys=0.00, real=0.03 secs] 
2011-03-01T02:01:19.951+0000: 3581.342: [GC 3581.342: [ParNew: 356524K->29056K(368640K), 0.0346300 secs] 8327752K->8008153K(12541952K), 0.0349750 secs] [Times: user=0.29 sys=0.00, real=0.04 secs] 
2011-03-01T02:01:22.871+0000: 3584.262: [GC 3584.262: [ParNew: 356736K->20258K(368640K), 0.0361770 secs] 8335833K->8007610K(12541952K), 0.0365190 secs] [Times: user=0.30 sys=0.00, real=0.04 secs] 
2011-03-01T02:01:25.446+0000: 3586.837: [GC 3586.837: [ParNew: 347938K->40960K(368640K), 0.0348860 secs] 8335290K->8028396K(12541952K), 0.0352290 secs] [Times: user=0.24 sys=0.00, real=0.03 secs] 
2011-03-01T02:01:27.064+0000: 3588.455: [GC 3588.456: [ParNew: 368640K->30305K(368640K), 0.0392390 secs] 8356076K->8025707K(12541952K), 0.0395800 secs] [Times: user=0.26 sys=0.00, real=0.04 secs] 
2011-03-01T02:01:28.284+0000: 3589.675: [GC 3589.675: [ParNew: 357985K->40960K(368640K), 0.0772090 secs] 8353387K->8060566K(12541952K), 0.0775550 secs] [Times: user=0.49 sys=0.02, real=0.07 secs] 
2011-03-01T02:01:29.331+0000: 3590.722: [GC 3590.722: [ParNew: 368640K->30428K(368640K), 0.0482890 secs] 8388246K->8068429K(12541952K), 0.0486370 secs] [Times: user=0.40 sys=0.00, real=0.05 secs] 
2011-03-01T02:01:30.767+0000: 3592.158: [GC 3592.159: [ParNew: 358108K->35173K(368640K), 0.0371980 secs] 8396109K->8077282K(12541952K), 0.0375370 secs] [Times: user=0.29 sys=0.00, real=0.04 secs] 
2011-03-01T02:01:32.254+0000: 3593.645: [GC 3593.646: [ParNew: 362853K->33712K(368640K), 0.0410250 secs] 8404962K->8088084K(12541952K), 0.0414400 secs] [Times: user=0.29 sys=0.00, real=0.04 secs] 
2011-03-01T02:01:33.758+0000: 3595.149: [GC 3595.149: [ParNew: 361392K->23430K(368640K), 0.0344450 secs] 8415764K->8081603K(12541952K), 0.0347830 secs] [Times: user=0.24 sys=0.00, real=0.04 secs] 
2011-03-01T02:01:34.987+0000: 3596.379: [GC 3596.379: [ParNew: 351110K->34999K(368640K), 0.0453300 secs] 8409283K->8103894K(12541952K), 0.0456720 secs] [Times: user=0.31 sys=0.00, real=0.05 secs] 
2011-03-01T02:01:35.370+0000: 3596.761: [GC 3596.761: [ParNew: 362679K->40960K(368640K), 0.0578420 secs] 8431574K->8121461K(12541952K), 0.0582110 secs] [Times: user=0.42 sys=0.02, real=0.06 secs] 
2011-03-01T02:01:35.803+0000: 3597.195: [GC 3597.195: [ParNew: 368640K->40960K(368640K), 0.0619370 secs] 8449141K->8143174K(12541952K), 0.0622840 secs] [Times: user=0.44 sys=0.01, real=0.06 secs] 
2011-03-01T02:01:36.168+0000: 3597.559: [GC 3597.560: [ParNew: 368640K->40960K(368640K), 0.0773580 secs] 8470854K->8155354K(12541952K), 0.0777290 secs] [Times: user=0.47 sys=0.01, real=0.08 secs] 
2011-03-01T02:01:36.438+0000: 3597.830: [GC 3597.830: [ParNew: 368640K->40960K(368640K), 0.1738470 secs] 8483034K->8254400K(12541952K), 0.1741870 secs] [Times: user=1.16 sys=0.03, real=0.18 secs] 
2011-03-01T02:01:36.942+0000: 3598.333: [GC 3598.334: [ParNew: 368640K->40960K(368640K), 0.0878000 secs] 8582080K->8292592K(12541952K), 0.0882070 secs] [Times: user=0.61 sys=0.00, real=0.09 secs] 
2011-03-01T02:01:37.190+0000: 3598.581: [GC 3598.581: [ParNew: 368640K->40960K(368640K), 0.1292110 secs] 8620272K->8358728K(12541952K), 0.1295490 secs] [Times: user=0.91 sys=0.00, real=0.13 secs] 
2011-03-01T02:01:37.322+0000: 3598.713: [GC [1 CMS-initial-mark: 8317768K(12173312K)] 8359464K(12541952K), 0.0749730 secs] [Times: user=0.07 sys=0.00, real=0.08 secs] 
2011-03-01T02:01:37.397+0000: 3598.789: [CMS-concurrent-mark-start]
2011-03-01T02:01:37.624+0000: 3599.015: [GC 3599.016: [ParNew: 368640K->40960K(368640K), 0.1544970 secs] 8686408K->8498537K(12541952K), 0.1549720 secs] [Times: user=1.03 sys=0.00, real=0.15 secs] 
2011-03-01T02:01:38.015+0000: 3599.406: [GC 3599.407: [ParNew: 368640K->40960K(368640K), 0.1215820 secs] 8826217K->8553780K(12541952K), 0.1221140 secs] [Times: user=0.86 sys=0.00, real=0.12 secs] 
2011-03-01T02:01:38.485+0000: 3599.876: [GC 3599.876: [ParNew: 368640K->39095K(368640K), 0.0804380 secs] 8881460K->8647991K(12541952K), 0.0809040 secs] [Times: user=0.58 sys=0.00, real=0.08 secs] 
2011-03-01T02:01:38.626+0000: 3600.017: [CMS-concurrent-mark: 0.841/1.228 secs] [Times: user=11.59 sys=1.36, real=1.23 secs] 
2011-03-01T02:01:38.626+0000: 3600.017: [CMS-concurrent-preclean-start]
2011-03-01T02:01:38.889+0000: 3600.280: [GC 3600.281: [ParNew: 366775K->40960K(368640K), 0.0589540 secs] 8975671K->8665549K(12541952K), 0.0594130 secs] [Times: user=0.46 sys=0.01, real=0.06 secs] 
2011-03-01T02:01:39.095+0000: 3600.486: [GC 3600.486: [ParNew: 368640K->40960K(368640K), 0.1269240 secs] 8993229K->8717779K(12541952K), 0.1273960 secs] [Times: user=0.90 sys=0.00, real=0.13 secs] 
2011-03-01T02:01:39.510+0000: 3600.901: [GC 3600.901: [ParNew: 368640K->37647K(368640K), 0.0635720 secs] 9045459K->8731626K(12541952K), 0.0640210 secs] [Times: user=0.49 sys=0.00, real=0.07 secs] 
2011-03-01T02:01:39.860+0000: 3601.251: [CMS-concurrent-preclean: 0.927/1.234 secs] [Times: user=6.93 sys=1.80, real=1.23 secs] 
2011-03-01T02:01:39.860+0000: 3601.251: [CMS-concurrent-abortable-preclean-start]
2011-03-01T02:01:39.937+0000: 3601.328: [CMS-concurrent-abortable-preclean: 0.075/0.077 secs] [Times: user=0.23 sys=0.05, real=0.08 secs] 
2011-03-01T02:01:39.940+0000: 3601.331: [GC[YG occupancy: 349668 K (368640 K)]3601.331: [Rescan (parallel) , 0.0464080 secs]3601.378: [weak refs processing, 0.0076370 secs] [1 CMS-remark: 8693979K(12173312K)] 9043647K(12541952K), 0.0543220 secs] [Times: user=0.41 sys=0.00, real=0.06 secs] 
2011-03-01T02:01:39.995+0000: 3601.386: [CMS-concurrent-sweep-start]
2011-03-01T02:01:40.026+0000: 3601.417: [GC 3601.417: [ParNew: 365327K->40960K(368640K), 0.0572380 secs] 9052918K->8729503K(12541952K), 0.0577040 secs] [Times: user=0.41 sys=0.00, real=0.06 secs] 
2011-03-01T02:01:40.429+0000: 3601.820: [GC 3601.821: [ParNew: 368640K->19152K(368640K), 0.0569770 secs] 8680907K->8350543K(12541952K), 0.0574390 secs] [Times: user=0.41 sys=0.00, real=0.06 secs] 
2011-03-01T02:01:40.947+0000: 3602.338: [GC 3602.338: [ParNew: 346832K->13280K(368640K), 0.0415640 secs] 8358223K->8024671K(12541952K), 0.0420130 secs] [Times: user=0.31 sys=0.01, real=0.04 secs] 
2011-03-01T02:01:41.477+0000: 3602.869: [GC 3602.869: [ParNew: 340960K->19651K(368640K), 0.0478610 secs] 8091074K->7769765K(12541952K), 0.0483190 secs] [Times: user=0.38 sys=0.01, real=0.05 secs] 
2011-03-01T02:01:41.939+0000: 3603.330: [GC 3603.331: [ParNew: 347331K->31757K(368640K), 0.0492380 secs] 7989956K->7674381K(12541952K), 0.0495780 secs] [Times: user=0.39 sys=0.01, real=0.05 secs] 
2011-03-01T02:01:42.374+0000: 3603.766: [GC 3603.766: [ParNew: 359437K->40960K(368640K), 0.0561020 secs] 7894104K->7579995K(12541952K), 0.0564440 secs] [Times: user=0.41 sys=0.00, real=0.05 secs] 
2011-03-01T02:01:42.749+0000: 3604.141: [GC 3604.141: [ParNew: 368640K->40960K(368640K), 0.0698180 secs] 7829301K->7521546K(12541952K), 0.0701600 secs] [Times: user=0.51 sys=0.00, real=0.07 secs] 
2011-03-01T02:01:43.390+0000: 3604.781: [GC 3604.781: [ParNew: 368640K->28911K(368640K), 0.0437100 secs] 7653109K->7320040K(12541952K), 0.0440560 secs] [Times: user=0.33 sys=0.00, real=0.05 secs] 
2011-03-01T02:01:44.234+0000: 3605.625: [GC 3605.625: [ParNew: 356591K->40960K(368640K), 0.0739320 secs] 7514192K->7212894K(12541952K), 0.0742830 secs] [Times: user=0.55 sys=0.00, real=0.07 secs] 
2011-03-01T02:01:45.120+0000: 3606.512: [GC 3606.512: [ParNew: 368640K->29085K(368640K), 0.0756300 secs] 7398235K->7154384K(12541952K), 0.0759700 secs] [Times: user=0.58 sys=0.01, real=0.08 secs] 
2011-03-01T02:01:45.582+0000: 3606.974: [GC 3606.974: [ParNew: 356765K->40960K(368640K), 0.0499490 secs] 7415546K->7125476K(12541952K), 0.0502920 secs] [Times: user=0.36 sys=0.00, real=0.05 secs] 
2011-03-01T02:01:46.228+0000: 3607.619: [GC 3607.619: [ParNew: 368640K->40960K(368640K), 0.0431010 secs] 7352349K->7030872K(12541952K), 0.0434430 secs] [Times: user=0.31 sys=0.00, real=0.04 secs] 
2011-03-01T02:01:47.046+0000: 3608.437: [GC 3608.437: [ParNew: 368640K->32436K(368640K), 0.0363120 secs] 7239420K->6914843K(12541952K), 0.0366560 secs] [Times: user=0.24 sys=0.00, real=0.04 secs] 
2011-03-01T02:01:47.790+0000: 3609.181: [GC 3609.181: [ParNew: 360116K->40960K(368640K), 0.0413830 secs] 7111803K->6793075K(12541952K), 0.0417590 secs] [Times: user=0.32 sys=0.00, real=0.04 secs] 
2011-03-01T02:01:48.435+0000: 3609.826: [GC 3609.826: [ParNew: 368640K->31961K(368640K), 0.0412560 secs] 7028716K->6701163K(12541952K), 0.0416010 secs] [Times: user=0.28 sys=0.01, real=0.04 secs] 
2011-03-01T02:01:48.941+0000: 3610.333: [GC 3610.333: [ParNew: 357626K->26950K(368640K), 0.0319500 secs] 6935259K->6604583K(12541952K), 0.0323000 secs] [Times: user=0.29 sys=0.00, real=0.04 secs] 
2011-03-01T02:01:49.582+0000: 3610.974: [GC 3610.974: [ParNew: 354630K->40960K(368640K), 0.0575000 secs] 6848308K->6550532K(12541952K), 0.0578480 secs] [Times: user=0.43 sys=0.01, real=0.05 secs] 
2011-03-01T02:01:50.173+0000: 3611.564: [GC 3611.564: [ParNew: 368640K->40875K(368640K), 0.0530570 secs] 6789984K->6481944K(12541952K), 0.0534090 secs] [Times: user=0.35 sys=0.00, real=0.05 secs] 
2011-03-01T02:01:51.105+0000: 3612.496: [GC 3612.496: [ParNew: 368555K->27883K(368640K), 0.0343090 secs] 6663889K->6329223K(12541952K), 0.0347030 secs] [Times: user=0.20 sys=0.00, real=0.03 secs] 
2011-03-01T02:01:52.097+0000: 3613.488: [GC 3613.488: [ParNew: 355563K->19492K(368640K), 0.0340520 secs] 6501598K->6165528K(12541952K), 0.0345040 secs] [Times: user=0.24 sys=0.00, real=0.03 secs] 
2011-03-01T02:01:52.711+0000: 3614.102: [GC 3614.103: [ParNew: 347172K->40960K(368640K), 0.0391490 secs] 6395784K->6089832K(12541952K), 0.0396000 secs] [Times: user=0.30 sys=0.00, real=0.04 secs] 
2011-03-01T02:01:53.454+0000: 3614.845: [GC 3614.846: [ParNew: 368640K->28161K(368640K), 0.0547090 secs] 6312890K->5995585K(12541952K), 0.0551740 secs] [Times: user=0.38 sys=0.00, real=0.05 secs] 
2011-03-01T02:01:54.224+0000: 3615.615: [GC 3615.616: [ParNew: 355841K->17941K(368640K), 0.0324460 secs] 6213383K->5875484K(12541952K), 0.0329090 secs] [Times: user=0.24 sys=0.00, real=0.03 secs] 
2011-03-01T02:01:54.673+0000: 3616.065: [GC 3616.065: [ParNew: 345621K->18995K(368640K), 0.0357830 secs] 6147946K->5821320K(12541952K), 0.0362550 secs] [Times: user=0.26 sys=0.00, real=0.03 secs] 
2011-03-01T02:01:55.037+0000: 3616.428: [GC 3616.429: [ParNew: 346614K->38770K(368640K), 0.0406590 secs] 6108905K->5801060K(12541952K), 0.0411310 secs] [Times: user=0.32 sys=0.00, real=0.04 secs] 
2011-03-01T02:01:55.447+0000: 3616.839: [GC 3616.839: [ParNew: 366400K->28211K(368640K), 0.0474820 secs] 6017115K->5695231K(12541952K), 0.0479410 secs] [Times: user=0.33 sys=0.00, real=0.05 secs] 
2011-03-01T02:01:55.827+0000: 3617.218: [GC 3617.218: [ParNew: 355891K->40960K(368640K), 0.0335510 secs] 5906354K->5592268K(12541952K), 0.0340220 secs] [Times: user=0.24 sys=0.00, real=0.03 secs] 
2011-03-01T02:01:56.222+0000: 3617.613: [GC 3617.613: [ParNew: 368640K->15324K(368640K), 0.0354150 secs] 5865041K->5525199K(12541952K), 0.0358940 secs] [Times: user=0.30 sys=0.00, real=0.04 secs] 
2011-03-01T02:01:56.630+0000: 3618.021: [GC 3618.021: [ParNew: 343004K->7172K(368640K), 0.0256440 secs] 5802734K->5466902K(12541952K), 0.0261160 secs] [Times: user=0.24 sys=0.00, real=0.03 secs] 
2011-03-01T02:01:57.098+0000: 3618.489: [GC 3618.490: [ParNew: 334794K->6795K(368640K), 0.0245640 secs] 5737627K->5409628K(12541952K), 0.0250360 secs] [Times: user=0.17 sys=0.00, real=0.03 secs] 
2011-03-01T02:01:57.582+0000: 3618.973: [GC 3618.973: [ParNew: 334475K->11127K(368640K), 0.0287160 secs] 5671109K->5347760K(12541952K), 0.0292170 secs] [Times: user=0.21 sys=0.01, real=0.03 secs] 
2011-03-01T02:01:58.051+0000: 3619.442: [GC 3619.442: [ParNew: 338807K->34204K(368640K), 0.0392020 secs] 5614268K->5310577K(12541952K), 0.0396770 secs] [Times: user=0.32 sys=0.00, real=0.04 secs] 
2011-03-01T02:01:58.499+0000: 3619.891: [GC 3619.891: [ParNew: 361884K->24890K(368640K), 0.0375410 secs] 5584662K->5255371K(12541952K), 0.0380190 secs] [Times: user=0.31 sys=0.00, real=0.04 secs] 
2011-03-01T02:01:58.906+0000: 3620.297: [GC 3620.297: [ParNew: 352570K->31163K(368640K), 0.0355460 secs] 5524079K->5202672K(12541952K), 0.0358990 secs] [Times: user=0.24 sys=0.00, real=0.03 secs] 
2011-03-01T02:01:59.389+0000: 3620.780: [GC 3620.780: [ParNew: 358843K->22603K(368640K), 0.0321480 secs] 5463592K->5131972K(12541952K), 0.0325020 secs] [Times: user=0.24 sys=0.00, real=0.03 secs] 
2011-03-01T02:01:59.934+0000: 3621.325: [GC 3621.325: [ParNew: 350283K->22030K(368640K), 0.0276080 secs] 5375164K->5046911K(12541952K), 0.0279600 secs] [Times: user=0.18 sys=0.00, real=0.02 secs] 
2011-03-01T02:02:00.344+0000: 3621.735: [GC 3621.735: [ParNew: 349710K->36525K(368640K), 0.0318000 secs] 5311967K->4998782K(12541952K), 0.0321560 secs] [Times: user=0.25 sys=0.00, real=0.03 secs] 
2011-03-01T02:02:00.741+0000: 3622.133: [GC 3622.133: [ParNew: 364205K->31565K(368640K), 0.0458650 secs] 5279101K->4955483K(12541952K), 0.0462330 secs] [Times: user=0.37 sys=0.00, real=0.05 secs] 
2011-03-01T02:02:01.141+0000: 3622.532: [GC 3622.532: [ParNew: 359245K->13219K(368640K), 0.0355930 secs] 5240869K->4901524K(12541952K), 0.0359500 secs] [Times: user=0.30 sys=0.01, real=0.04 secs] 
2011-03-01T02:02:01.571+0000: 3622.962: [GC 3622.962: [ParNew: 340898K->14785K(368640K), 0.0406860 secs] 5152145K->4826031K(12541952K), 0.0410520 secs] [Times: user=0.31 sys=0.00, real=0.04 secs] 
2011-03-01T02:02:02.524+0000: 3623.915: [GC 3623.915: [ParNew: 342465K->40960K(368640K), 0.0382530 secs] 4967072K->4665607K(12541952K), 0.0387270 secs] [Times: user=0.25 sys=0.01, real=0.04 secs] 
2011-03-01T02:02:03.425+0000: 3624.816: [GC 3624.816: [ParNew: 368640K->25666K(368640K), 0.0463420 secs] 4791081K->4463382K(12541952K), 0.0468080 secs] [Times: user=0.32 sys=0.00, real=0.04 secs] 
2011-03-01T02:02:04.600+0000: 3625.991: [GC 3625.992: [ParNew: 353346K->30393K(368640K), 0.0300160 secs] 4594383K->4271429K(12541952K), 0.0304810 secs] [Times: user=0.24 sys=0.00, real=0.03 secs] 
2011-03-01T02:02:05.352+0000: 3626.743: [GC 3626.743: [ParNew: 358073K->35968K(368640K), 0.0442590 secs] 4497183K->4183201K(12541952K), 0.0447270 secs] [Times: user=0.36 sys=0.00, real=0.05 secs] 
2011-03-01T02:02:06.495+0000: 3627.886: [GC 3627.886: [ParNew: 363648K->25320K(368640K), 0.0367240 secs] 4340133K->4009638K(12541952K), 0.0372050 secs] [Times: user=0.24 sys=0.00, real=0.04 secs] 
2011-03-01T02:02:07.563+0000: 3628.954: [GC 3628.954: [ParNew: 353000K->21966K(368640K), 0.0293540 secs] 4087671K->3756638K(12541952K), 0.0298370 secs] [Times: user=0.17 sys=0.00, real=0.03 secs] 
2011-03-01T02:02:08.631+0000: 3630.022: [GC 3630.023: [ParNew: 349646K->32324K(368640K), 0.0326720 secs] 3917146K->3599824K(12541952K), 0.0331510 secs] [Times: user=0.29 sys=0.01, real=0.04 secs] 
2011-03-01T02:02:09.573+0000: 3630.964: [GC 3630.964: [ParNew: 360004K->38256K(368640K), 0.0401530 secs] 3729588K->3413260K(12541952K), 0.0406260 secs] [Times: user=0.31 sys=0.00, real=0.04 secs] 
2011-03-01T02:02:11.159+0000: 3632.550: [GC 3632.550: [ParNew: 365936K->26900K(368640K), 0.0426860 secs] 3518490K->3196734K(12541952K), 0.0431520 secs] [Times: user=0.31 sys=0.00, real=0.04 secs] 
2011-03-01T02:02:12.948+0000: 3634.339: [GC 3634.339: [ParNew: 354580K->40960K(368640K), 0.0385380 secs] 3239310K->2926532K(12541952K), 0.0390000 secs] [Times: user=0.32 sys=0.00, real=0.04 secs] 
2011-03-01T02:02:15.563+0000: 3636.955: [GC 3636.955: [ParNew: 368640K->40960K(368640K), 0.0466050 secs] 2738433K->2425135K(12541952K), 0.0470610 secs] [Times: user=0.32 sys=0.00, real=0.05 secs] 
2011-03-01T02:02:16.280+0000: 3637.671: [CMS-concurrent-sweep: 33.894/36.285 secs] [Times: user=107.76 sys=21.20, real=36.28 secs] 
2011-03-01T02:02:16.280+0000: 3637.672: [CMS-concurrent-reset-start]
2011-03-01T02:02:16.309+0000: 3637.700: [CMS-concurrent-reset: 0.028/0.028 secs] [Times: user=0.14 sys=0.02, real=0.03 secs] 
2011-03-01T02:02:17.323+0000: 3638.714: [GC 3638.714: [ParNew: 368640K->40960K(368640K), 0.0599910 secs] 2632698K->2327391K(12541952K), 0.0604710 secs] [Times: user=0.45 sys=0.02, real=0.06 secs] 
2011-03-01T02:02:19.215+0000: 3640.606: [GC 3640.607: [ParNew: 368640K->40960K(368640K), 0.0489290 secs] 2655071K->2341129K(12541952K), 0.0493880 secs] [Times: user=0.33 sys=0.00, real=0.05 secs] 
2011-03-01T02:02:20.410+0000: 3641.801: [GC 3641.801: [ParNew: 368640K->26281K(368640K), 0.0370450 secs] 2668809K->2338321K(12541952K), 0.0375100 secs] [Times: user=0.30 sys=0.00, real=0.04 secs] 
2011-03-01T02:02:22.781+0000: 3644.172: [GC 3644.172: [ParNew: 353961K->16312K(368640K), 0.0363130 secs] 2666001K->2343910K(12541952K), 0.0367750 secs] [Times: user=0.27 sys=0.00, real=0.04 secs] 
2011-03-01T02:02:24.406+0000: 3645.797: [GC 3645.797: [ParNew: 343992K->40960K(368640K), 0.0925080 secs] 2671590K->2409980K(12541952K), 0.0929740 secs] [Times: user=0.64 sys=0.01, real=0.09 secs] 
2011-03-01T02:02:25.765+0000: 3647.156: [GC 3647.156: [ParNew: 368640K->39644K(368640K), 0.0502130 secs] 2737660K->2424916K(12541952K), 0.0506760 secs] [Times: user=0.33 sys=0.00, real=0.05 secs] 
2011-03-01T02:02:27.374+0000: 3648.765: [GC 3648.765: [ParNew: 367324K->40960K(368640K), 0.0477550 secs] 2752596K->2451665K(12541952K), 0.0482210 secs] [Times: user=0.32 sys=0.01, real=0.05 secs] 
2011-03-01T02:02:28.923+0000: 3650.314: [GC 3650.314: [ParNew: 368640K->31847K(368640K), 0.0416100 secs] 2779345K->2461596K(12541952K), 0.0419630 secs] [Times: user=0.29 sys=0.00, real=0.04 secs] 
2011-03-01T02:02:30.218+0000: 3651.609: [GC 3651.610: [ParNew: 359527K->40960K(368640K), 0.0496980 secs] 2789276K->2482308K(12541952K), 0.0500490 secs] [Times: user=0.40 sys=0.00, real=0.05 secs] 
2011-03-01T02:02:31.774+0000: 3653.166: [GC 3653.166: [ParNew: 368640K->40960K(368640K), 0.0564560 secs] 2809988K->2499224K(12541952K), 0.0568020 secs] [Times: user=0.40 sys=0.00, real=0.05 secs] 
2011-03-01T02:02:33.445+0000: 3654.836: [GC 3654.836: [ParNew: 368640K->40960K(368640K), 0.0561550 secs] 2826904K->2512823K(12541952K), 0.0565040 secs] [Times: user=0.38 sys=0.00, real=0.05 secs] 
2011-03-01T02:02:35.042+0000: 3656.434: [GC 3656.434: [ParNew: 368640K->40960K(368640K), 0.0563330 secs] 2840503K->2528703K(12541952K), 0.0566780 secs] [Times: user=0.44 sys=0.00, real=0.05 secs] 
2011-03-01T02:02:35.424+0000: 3656.815: [GC 3656.816: [ParNew: 368640K->40960K(368640K), 0.0537330 secs] 2856383K->2544409K(12541952K), 0.0540800 secs] [Times: user=0.39 sys=0.00, real=0.05 secs] 
2011-03-01T02:02:35.948+0000: 3657.339: [GC 3657.340: [ParNew: 368640K->40960K(368640K), 0.0991840 secs] 2872089K->2586508K(12541952K), 0.0995330 secs] [Times: user=0.70 sys=0.01, real=0.10 secs] 
2011-03-01T02:02:36.297+0000: 3657.688: [GC 3657.688: [ParNew: 368640K->40960K(368640K), 0.1101990 secs] 2914188K->2639965K(12541952K), 0.1105390 secs] [Times: user=0.74 sys=0.00, real=0.11 secs] 
2011-03-01T02:02:36.860+0000: 3658.251: [GC 3658.252: [ParNew: 368640K->39901K(368640K), 0.0597000 secs] 2967645K->2665856K(12541952K), 0.0641410 secs] [Times: user=0.41 sys=0.01, real=0.07 secs] 
2011-03-01T02:02:37.250+0000: 3658.641: [GC 3658.641: [ParNew: 367581K->40960K(368640K), 0.1250680 secs] 2993536K->2712872K(12541952K), 0.1255490 secs] [Times: user=0.78 sys=0.01, real=0.13 secs] 
2011-03-01T02:02:37.543+0000: 3658.935: [GC 3658.935: [ParNew: 368640K->40960K(368640K), 0.1607900 secs] 3040552K->2793901K(12541952K), 0.1612490 secs] [Times: user=1.06 sys=0.01, real=0.16 secs] 
2011-03-01T02:02:37.870+0000: 3659.262: [GC 3659.262: [ParNew: 368640K->40960K(368640K), 0.1226780 secs] 3121581K->2851017K(12541952K), 0.1231980 secs] [Times: user=0.81 sys=0.01, real=0.13 secs] 
2011-03-01T02:02:38.236+0000: 3659.627: [GC 3659.627: [ParNew: 368640K->40960K(368640K), 0.0896290 secs] 3178697K->2961855K(12541952K), 0.0901410 secs] [Times: user=0.58 sys=0.00, real=0.09 secs] 
2011-03-01T02:02:38.657+0000: 3660.048: [GC 3660.048: [ParNew: 368640K->40960K(368640K), 0.0886770 secs] 3289535K->2992914K(12541952K), 0.0891150 secs] [Times: user=0.58 sys=0.00, real=0.09 secs] 
2011-03-01T02:02:39.390+0000: 3660.781: [GC 3660.781: [ParNew: 368640K->38054K(368640K), 0.0581330 secs] 3320594K->3006588K(12541952K), 0.0585780 secs] [Times: user=0.41 sys=0.00, real=0.06 secs] 
2011-03-01T02:02:40.042+0000: 3661.433: [GC 3661.434: [ParNew: 365734K->40960K(368640K), 0.0442110 secs] 3334268K->3015537K(12541952K), 0.0446680 secs] [Times: user=0.34 sys=0.00, real=0.04 secs] 
2011-03-01T02:02:40.516+0000: 3661.907: [GC 3661.907: [ParNew: 368640K->36093K(368640K), 0.0370770 secs] 3343217K->3014305K(12541952K), 0.0375080 secs] [Times: user=0.24 sys=0.00, real=0.04 secs] 
2011-03-01T02:02:41.218+0000: 3662.610: [GC 3662.610: [ParNew: 363773K->5902K(368640K), 0.0395260 secs] 3341985K->2993428K(12541952K), 0.0399970 secs] [Times: user=0.29 sys=0.00, real=0.04 secs] 
2011-03-01T02:02:41.928+0000: 3663.319: [GC 3663.319: [ParNew: 333582K->34761K(368640K), 0.0352110 secs] 3321108K->3022287K(12541952K), 0.0356580 secs] [Times: user=0.26 sys=0.00, real=0.04 secs] 
2011-03-01T02:02:42.720+0000: 3664.111: [GC 3664.111: [ParNew: 362441K->17399K(368640K), 0.0451210 secs] 3349967K->3015498K(12541952K), 0.0455970 secs] [Times: user=0.33 sys=0.00, real=0.05 secs] 
2011-03-01T02:02:44.043+0000: 3665.434: [GC 3665.435: [ParNew: 345079K->28235K(368640K), 0.0373820 secs] 3343178K->3026335K(12541952K), 0.0378320 secs] [Times: user=0.29 sys=0.00, real=0.03 secs] 
2011-03-01T02:02:45.378+0000: 3666.769: [GC 3666.770: [ParNew: 355915K->39946K(368640K), 0.0531330 secs] 3354015K->3053770K(12541952K), 0.0535820 secs] [Times: user=0.40 sys=0.00, real=0.05 secs] 
2011-03-01T02:02:46.308+0000: 3667.699: [GC 3667.699: [ParNew: 367626K->31383K(368640K), 0.0408060 secs] 3381450K->3053884K(12541952K), 0.0412680 secs] [Times: user=0.26 sys=0.00, real=0.04 secs] 
2011-03-01T02:02:47.322+0000: 3668.713: [GC 3668.713: [ParNew: 359063K->22194K(368640K), 0.0384090 secs] 3381564K->3055418K(12541952K), 0.0426550 secs] [Times: user=0.25 sys=0.00, real=0.05 secs] 
2011-03-01T02:02:49.636+0000: 3671.028: [GC 3671.028: [ParNew: 349874K->40960K(368640K), 0.0612820 secs] 3383098K->3093210K(12541952K), 0.0617870 secs] [Times: user=0.39 sys=0.01, real=0.06 secs] 
2011-03-01T02:02:50.911+0000: 3672.302: [GC 3672.302: [ParNew: 368640K->27968K(368640K), 0.0465570 secs] 3420890K->3092236K(12541952K), 0.0469050 secs] [Times: user=0.30 sys=0.01, real=0.05 secs] 
2011-03-01T02:02:52.207+0000: 3673.598: [GC 3673.598: [ParNew: 355648K->40127K(368640K), 0.0533720 secs] 3419916K->3113350K(12541952K), 0.0537190 secs] [Times: user=0.34 sys=0.01, real=0.05 secs] 
2011-03-01T02:02:53.655+0000: 3675.047: [GC 3675.047: [ParNew: 367807K->28350K(368640K), 0.0434830 secs] 3441030K->3112982K(12541952K), 0.0438290 secs] [Times: user=0.25 sys=0.00, real=0.04 secs] 
2011-03-01T02:02:54.691+0000: 3676.082: [GC 3676.082: [ParNew: 356030K->40960K(368640K), 0.0804390 secs] 3440662K->3149288K(12541952K), 0.0807970 secs] [Times: user=0.45 sys=0.01, real=0.08 secs] 
2011-03-01T02:02:55.570+0000: 3676.961: [GC 3676.961: [ParNew: 368640K->19610K(368640K), 0.0489470 secs] 3476968K->3139994K(12541952K), 0.0493070 secs] [Times: user=0.33 sys=0.00, real=0.05 secs] 
2011-03-01T02:02:56.556+0000: 3677.948: [GC 3677.948: [ParNew: 347226K->20753K(368640K), 0.0248960 secs] 3467610K->3141137K(12541952K), 0.0252550 secs] [Times: user=0.16 sys=0.00, real=0.02 secs] 
2011-03-01T02:02:57.187+0000: 3678.578: [GC 3678.578: [ParNew: 348422K->19064K(368640K), 0.0267530 secs] 3468806K->3139448K(12541952K), 0.0271100 secs] [Times: user=0.19 sys=0.01, real=0.03 secs] 
2011-03-01T02:02:57.720+0000: 3679.111: [GC 3679.111: [ParNew: 346736K->40960K(368640K), 0.0283450 secs] 3467120K->3162089K(12541952K), 0.0287070 secs] [Times: user=0.24 sys=0.00, real=0.03 secs] 
2011-03-01T02:02:58.308+0000: 3679.699: [GC 3679.699: [ParNew: 368624K->13450K(368640K), 0.0595780 secs] 3489753K->3153653K(12541952K), 0.0774680 secs] [Times: user=0.34 sys=0.00, real=0.08 secs] 
2011-03-01T02:02:58.972+0000: 3680.363: [GC 3680.363: [ParNew: 341130K->20445K(368640K), 0.0343370 secs] 3481333K->3160648K(12541952K), 0.0348170 secs] [Times: user=0.26 sys=0.00, real=0.04 secs] 
2011-03-01T02:02:59.672+0000: 3681.063: [GC 3681.063: [ParNew: 348125K->26509K(368640K), 0.0281130 secs] 3488328K->3166712K(12541952K), 0.0285920 secs] [Times: user=0.24 sys=0.00, real=0.03 secs] 
2011-03-01T02:03:00.250+0000: 3681.641: [GC 3681.641: [ParNew: 354189K->40960K(368640K), 0.0570960 secs] 3494392K->3188231K(12541952K), 0.0575720 secs] [Times: user=0.41 sys=0.00, real=0.06 secs] 
2011-03-01T02:03:01.028+0000: 3682.419: [GC 3682.420: [ParNew: 368640K->35281K(368640K), 0.0663150 secs] 3515911K->3195018K(12541952K), 0.0668090 secs] [Times: user=0.39 sys=0.00, real=0.07 secs] 
2011-03-01T02:03:01.464+0000: 3682.855: [GC 3682.855: [ParNew: 362961K->36103K(368640K), 0.0436230 secs] 3522698K->3207617K(12541952K), 0.0441000 secs] [Times: user=0.27 sys=0.01, real=0.04 secs] 
2011-03-01T02:03:01.807+0000: 3683.198: [GC 3683.199: [ParNew: 363764K->18230K(368640K), 0.0375380 secs] 3535278K->3211450K(12541952K), 0.0380610 secs] [Times: user=0.27 sys=0.00, real=0.04 secs] 
2011-03-01T02:03:02.374+0000: 3683.766: [GC 3683.766: [ParNew: 345893K->34619K(368640K), 0.0314360 secs] 3539113K->3227839K(12541952K), 0.0319160 secs] [Times: user=0.25 sys=0.01, real=0.03 secs] 
2011-03-01T02:03:04.275+0000: 3685.666: [GC 3685.666: [ParNew: 362299K->40960K(368640K), 0.0455720 secs] 3555519K->3238189K(12541952K), 0.0460360 secs] [Times: user=0.29 sys=0.00, real=0.04 secs] 
2011-03-01T02:03:06.193+0000: 3687.584: [GC 3687.584: [ParNew: 368640K->37345K(368640K), 0.0428670 secs] 3565869K->3241835K(12541952K), 0.0433350 secs] [Times: user=0.29 sys=0.00, real=0.04 secs] 
2011-03-01T02:03:07.195+0000: 3688.587: [GC 3688.587: [ParNew: 365025K->26588K(368640K), 0.0426750 secs] 3569515K->3241336K(12541952K), 0.0430410 secs] [Times: user=0.25 sys=0.00, real=0.04 secs] 
2011-03-01T02:03:09.204+0000: 3690.595: [GC 3690.596: [ParNew: 354268K->26396K(368640K), 0.0309120 secs] 3569016K->3241143K(12541952K), 0.0312620 secs] [Times: user=0.26 sys=0.00, real=0.03 secs] 
2011-03-01T02:03:12.229+0000: 3693.620: [GC 3693.620: [ParNew: 354076K->39741K(368640K), 0.0357330 secs] 3568823K->3254488K(12541952K), 0.0360860 secs] [Times: user=0.29 sys=0.00, real=0.04 secs] 
2011-03-01T02:03:13.981+0000: 3695.372: [GC 3695.372: [ParNew: 367421K->21361K(368640K), 0.0665130 secs] 3582168K->3259883K(12541952K), 0.0668610 secs] [Times: user=0.40 sys=0.01, real=0.07 secs] 
2011-03-01T02:03:16.908+0000: 3698.299: [GC 3698.300: [ParNew: 349041K->40960K(368640K), 0.0432490 secs] 3587563K->3286316K(12541952K), 0.0435940 secs] [Times: user=0.31 sys=0.01, real=0.04 secs] 
2011-03-01T02:03:18.986+0000: 3700.377: [GC 3700.377: [ParNew: 368640K->10817K(368640K), 0.0431690 secs] 3613996K->3268270K(12541952K), 0.0435130 secs] [Times: user=0.29 sys=0.00, real=0.04 secs] 
2011-03-01T02:03:22.177+0000: 3703.568: [GC 3703.569: [ParNew: 338497K->40960K(368640K), 0.0458260 secs] 3595950K->3298412K(12541952K), 0.0461870 secs] [Times: user=0.29 sys=0.00, real=0.05 secs] 
2011-03-01T02:03:24.784+0000: 3706.175: [GC 3706.175: [ParNew: 368640K->40960K(368640K), 0.0622410 secs] 3626092K->3322456K(12541952K), 0.0625920 secs] [Times: user=0.44 sys=0.00, real=0.06 secs] 
2011-03-01T02:03:26.591+0000: 3707.982: [GC 3707.983: [ParNew: 368640K->40925K(368640K), 0.0441800 secs] 3650136K->3332340K(12541952K), 0.0445310 secs] [Times: user=0.32 sys=0.01, real=0.05 secs] 
2011-03-01T02:03:28.147+0000: 3709.538: [GC 3709.538: [ParNew: 368605K->37809K(368640K), 0.0418400 secs] 3660020K->3342807K(12541952K), 0.0421940 secs] [Times: user=0.32 sys=0.01, real=0.04 secs] 
2011-03-01T02:03:29.410+0000: 3710.802: [GC 3710.802: [ParNew: 365489K->40960K(368640K), 0.0473960 secs] 3670487K->3358845K(12541952K), 0.0477430 secs] [Times: user=0.38 sys=0.01, real=0.05 secs] 
2011-03-01T02:03:30.422+0000: 3711.813: [GC 3711.813: [ParNew: 368640K->24860K(368640K), 0.0374550 secs] 3686525K->3351698K(12541952K), 0.0377990 secs] [Times: user=0.31 sys=0.00, real=0.04 secs] 
2011-03-01T02:03:31.512+0000: 3712.904: [GC 3712.904: [ParNew: 352540K->33028K(368640K), 0.0328500 secs] 3679378K->3359866K(12541952K), 0.0331920 secs] [Times: user=0.27 sys=0.00, real=0.03 secs] 
2011-03-01T02:03:32.946+0000: 3714.337: [GC 3714.337: [ParNew: 360708K->32086K(368640K), 0.0427650 secs] 3687546K->3367081K(12541952K), 0.0431090 secs] [Times: user=0.32 sys=0.00, real=0.04 secs] 
2011-03-01T02:03:34.155+0000: 3715.546: [GC 3715.546: [ParNew: 359766K->40960K(368640K), 0.0526710 secs] 3694761K->3389332K(12541952K), 0.0530210 secs] [Times: user=0.37 sys=0.01, real=0.05 secs] 
2011-03-01T02:03:35.125+0000: 3716.516: [GC 3716.517: [ParNew: 368640K->40960K(368640K), 0.0834950 secs] 3717012K->3419783K(12541952K), 0.0838410 secs] [Times: user=0.54 sys=0.02, real=0.08 secs] 
2011-03-01T02:03:35.761+0000: 3717.153: [GC 3717.153: [ParNew: 368640K->40960K(368640K), 0.0522890 secs] 3747463K->3433996K(12541952K), 0.0526340 secs] [Times: user=0.35 sys=0.01, real=0.06 secs] 
2011-03-01T02:03:36.008+0000: 3717.399: [GC 3717.399: [ParNew: 368640K->40960K(368640K), 0.1557970 secs] 3761700K->3516233K(12541952K), 0.1561280 secs] [Times: user=1.04 sys=0.03, real=0.16 secs] 
2011-03-01T02:03:36.369+0000: 3717.760: [GC 3717.761: [ParNew: 368640K->40960K(368640K), 0.1071080 secs] 3843913K->3552532K(12541952K), 0.1074350 secs] [Times: user=0.67 sys=0.03, real=0.11 secs] 
2011-03-01T02:03:36.794+0000: 3718.186: [GC 3718.186: [ParNew: 368640K->40960K(368640K), 0.1255660 secs] 3880212K->3611125K(12541952K), 0.1259170 secs] [Times: user=0.91 sys=0.00, real=0.12 secs] 
2011-03-01T02:03:37.073+0000: 3718.464: [GC 3718.464: [ParNew: 368640K->40960K(368640K), 0.1620750 secs] 3938841K->3679239K(12541952K), 0.1625040 secs] [Times: user=0.98 sys=0.02, real=0.16 secs] 
2011-03-01T02:03:37.379+0000: 3718.771: [GC 3718.771: [ParNew: 368640K->40960K(368640K), 0.1561140 secs] 4006919K->3761835K(12541952K), 0.1564620 secs] [Times: user=1.09 sys=0.00, real=0.16 secs] 
2011-03-01T02:03:37.685+0000: 3719.076: [GC 3719.076: [ParNew: 368640K->40960K(368640K), 0.1672700 secs] 4089515K->3843665K(12541952K), 0.1676090 secs] [Times: user=1.13 sys=0.01, real=0.17 secs] 
2011-03-01T02:03:38.049+0000: 3719.441: [GC 3719.441: [ParNew: 368640K->40960K(368640K), 0.1378070 secs] 4171379K->3916855K(12541952K), 0.1382130 secs] [Times: user=0.97 sys=0.00, real=0.14 secs] 
2011-03-01T02:03:38.190+0000: 3719.581: [GC 3719.581: [ParNew: 41207K->35833K(368640K), 0.0593320 secs] 3917102K->3952858K(12541952K), 0.0597280 secs] [Times: user=0.41 sys=0.00, real=0.06 secs] 
2011-03-01T02:03:38.960+0000: 3720.351: [GC 3720.351: [ParNew: 363513K->40960K(368640K), 0.0585630 secs] 4280538K->3970267K(12541952K), 0.0590700 secs] [Times: user=0.46 sys=0.00, real=0.06 secs] 
2011-03-01T02:03:40.172+0000: 3721.563: [GC 3721.564: [ParNew: 368640K->39935K(368640K), 0.0462650 secs] 4297947K->3998714K(12541952K), 0.0466630 secs] [Times: user=0.35 sys=0.01, real=0.04 secs] 
2011-03-01T02:03:41.851+0000: 3723.242: [GC 3723.243: [ParNew: 367615K->28855K(368640K), 0.0432450 secs] 4326394K->3997678K(12541952K), 0.0435900 secs] [Times: user=0.33 sys=0.01, real=0.05 secs] 
2011-03-01T02:03:43.159+0000: 3724.550: [GC 3724.550: [ParNew: 356535K->40960K(368640K), 0.0391960 secs] 4325358K->4011717K(12541952K), 0.0395390 secs] [Times: user=0.32 sys=0.00, real=0.04 secs] 
2011-03-01T02:03:44.667+0000: 3726.058: [GC 3726.059: [ParNew: 368640K->23497K(368640K), 0.0398320 secs] 4339397K->4008008K(12541952K), 0.0401740 secs] [Times: user=0.30 sys=0.01, real=0.04 secs] 
2011-03-01T02:03:46.142+0000: 3727.533: [GC 3727.534: [ParNew: 351177K->40960K(368640K), 0.0753440 secs] 4335688K->4057255K(12541952K), 0.0756910 secs] [Times: user=0.53 sys=0.02, real=0.08 secs] 
2011-03-01T02:03:47.601+0000: 3728.992: [GC 3728.993: [ParNew: 368640K->26090K(368640K), 0.0466240 secs] 4384935K->4049506K(12541952K), 0.0470460 secs] [Times: user=0.31 sys=0.00, real=0.05 secs] 
2011-03-01T02:03:49.431+0000: 3730.822: [GC 3730.822: [ParNew: 353770K->40335K(368640K), 0.0375110 secs] 4377186K->4068481K(12541952K), 0.0379540 secs] [Times: user=0.31 sys=0.00, real=0.04 secs] 
2011-03-01T02:03:50.883+0000: 3732.274: [GC 3732.275: [ParNew: 368015K->31193K(368640K), 0.0396960 secs] 4396161K->4067378K(12541952K), 0.0401320 secs] [Times: user=0.26 sys=0.00, real=0.04 secs] 
2011-03-01T02:03:52.702+0000: 3734.093: [GC 3734.093: [ParNew: 358873K->39089K(368640K), 0.0401530 secs] 4395058K->4089646K(12541952K), 0.0405930 secs] [Times: user=0.30 sys=0.00, real=0.05 secs] 
2011-03-01T02:03:54.051+0000: 3735.442: [GC 3735.443: [ParNew: 366769K->20847K(368640K), 0.0350580 secs] 4417326K->4079504K(12541952K), 0.0354910 secs] [Times: user=0.29 sys=0.00, real=0.04 secs] 
2011-03-01T02:03:54.597+0000: 3735.988: [GC 3735.988: [ParNew: 348527K->13713K(368640K), 0.0271000 secs] 4407184K->4072370K(12541952K), 0.0275630 secs] [Times: user=0.22 sys=0.00, real=0.03 secs] 
2011-03-01T02:03:55.202+0000: 3736.593: [GC 3736.593: [ParNew: 341393K->40960K(368640K), 0.0303620 secs] 4400050K->4102740K(12541952K), 0.0308340 secs] [Times: user=0.20 sys=0.00, real=0.04 secs] 
2011-03-01T02:03:55.691+0000: 3737.082: [GC 3737.082: [ParNew: 368596K->7739K(368640K), 0.0286950 secs] 4430377K->4080369K(12541952K), 0.0291100 secs] [Times: user=0.24 sys=0.00, real=0.03 secs] 
2011-03-01T02:03:56.243+0000: 3737.634: [GC 3737.634: [ParNew: 335368K->3753K(368640K), 0.0192160 secs] 4407998K->4076383K(12541952K), 0.0195720 secs] [Times: user=0.11 sys=0.00, real=0.02 secs] 
2011-03-01T02:03:56.811+0000: 3738.202: [GC 3738.202: [ParNew: 331402K->6562K(368640K), 0.0201890 secs] 4404032K->4079192K(12541952K), 0.0205420 secs] [Times: user=0.15 sys=0.00, real=0.02 secs] 
2011-03-01T02:03:57.373+0000: 3738.764: [GC 3738.764: [ParNew: 334242K->6257K(368640K), 0.0215520 secs] 4406872K->4078887K(12541952K), 0.0219050 secs] [Times: user=0.17 sys=0.00, real=0.03 secs] 
2011-03-01T02:03:58.080+0000: 3739.472: [GC 3739.472: [ParNew: 333937K->7846K(368640K), 0.0225300 secs] 4406567K->4081491K(12541952K), 0.0229520 secs] [Times: user=0.17 sys=0.00, real=0.03 secs] 
2011-03-01T02:03:58.643+0000: 3740.034: [GC 3740.035: [ParNew: 335526K->19198K(368640K), 0.0257700 secs] 4409170K->4093949K(12541952K), 0.0262370 secs] [Times: user=0.17 sys=0.00, real=0.02 secs] 
2011-03-01T02:03:59.461+0000: 3740.852: [GC 3740.852: [ParNew: 346876K->28384K(368640K), 0.0253480 secs] 4421626K->4104037K(12541952K), 0.0258120 secs] [Times: user=0.24 sys=0.00, real=0.03 secs] 
2011-03-01T02:03:59.958+0000: 3741.349: [GC 3741.350: [ParNew: 356064K->40960K(368640K), 0.0399000 secs] 4431717K->4124889K(12541952K), 0.0403770 secs] [Times: user=0.31 sys=0.00, real=0.04 secs] 
2011-03-01T02:04:00.322+0000: 3741.713: [GC 3741.714: [ParNew: 368640K->40960K(368640K), 0.0828060 secs] 4452791K->4155480K(12541952K), 0.0832680 secs] [Times: user=0.62 sys=0.00, real=0.09 secs] 
2011-03-01T02:04:00.412+0000: 3741.803: [GC 3741.804: [ParNew: 57366K->33191K(368640K), 0.0558170 secs] 4171887K->4187776K(12541952K), 0.0561890 secs] [Times: user=0.38 sys=0.00, real=0.05 secs] 
2011-03-01T02:04:00.834+0000: 3742.225: [GC 3742.225: [ParNew: 360871K->21327K(368640K), 0.0271380 secs] 4515456K->4175912K(12541952K), 0.0274980 secs] [Times: user=0.18 sys=0.00, real=0.02 secs] 
2011-03-01T02:04:01.407+0000: 3742.798: [GC 3742.798: [ParNew: 348971K->35450K(368640K), 0.0245400 secs] 4503556K->4190036K(12541952K), 0.0249160 secs] [Times: user=0.16 sys=0.00, real=0.02 secs] 
2011-03-01T02:04:03.580+0000: 3744.971: [GC 3744.972: [ParNew: 363130K->34973K(368640K), 0.0355530 secs] 4517716K->4197301K(12541952K), 0.0360330 secs] [Times: user=0.29 sys=0.00, real=0.04 secs] 
2011-03-01T02:04:05.688+0000: 3747.079: [GC 3747.079: [ParNew: 362653K->18927K(368640K), 0.0328510 secs] 4524981K->4192341K(12541952K), 0.0333190 secs] [Times: user=0.24 sys=0.00, real=0.03 secs] 
2011-03-01T02:04:07.172+0000: 3748.564: [GC 3748.564: [ParNew: 346607K->40960K(368640K), 0.0699200 secs] 4520021K->4236565K(12541952K), 0.0704040 secs] [Times: user=0.53 sys=0.00, real=0.08 secs] 
2011-03-01T02:04:10.385+0000: 3751.776: [GC 3751.777: [ParNew: 368640K->25365K(368640K), 0.0403710 secs] 4564245K->4237121K(12541952K), 0.0408390 secs] [Times: user=0.25 sys=0.01, real=0.04 secs] 
2011-03-01T02:04:12.997+0000: 3754.388: [GC 3754.389: [ParNew: 353045K->36602K(368640K), 0.0277610 secs] 4564801K->4248358K(12541952K), 0.0282210 secs] [Times: user=0.23 sys=0.01, real=0.03 secs] 
2011-03-01T02:04:15.214+0000: 3756.606: [GC 3756.606: [ParNew: 364282K->16976K(368640K), 0.0401430 secs] 4576038K->4245083K(12541952K), 0.0404910 secs] [Times: user=0.26 sys=0.00, real=0.04 secs] 
2011-03-01T02:04:17.650+0000: 3759.042: [GC 3759.042: [ParNew: 344656K->40960K(368640K), 0.0578440 secs] 4572763K->4281476K(12541952K), 0.0581940 secs] [Times: user=0.46 sys=0.01, real=0.06 secs] 
2011-03-01T02:04:19.125+0000: 3760.517: [GC 3760.517: [ParNew: 368640K->39945K(368640K), 0.0482160 secs] 4609156K->4293117K(12541952K), 0.0486740 secs] [Times: user=0.33 sys=0.00, real=0.05 secs] 
2011-03-01T02:04:20.312+0000: 3761.703: [GC 3761.704: [ParNew: 367625K->24856K(368640K), 0.0354870 secs] 4620797K->4286140K(12541952K), 0.0359630 secs] [Times: user=0.29 sys=0.00, real=0.03 secs] 
2011-03-01T02:04:22.875+0000: 3764.266: [GC 3764.267: [ParNew: 352536K->40960K(368640K), 0.0335940 secs] 4613820K->4302338K(12541952K), 0.0340570 secs] [Times: user=0.24 sys=0.00, real=0.03 secs] 
2011-03-01T02:04:25.007+0000: 3766.398: [GC 3766.399: [ParNew: 368640K->31228K(368640K), 0.0413720 secs] 4630018K->4306795K(12541952K), 0.0418370 secs] [Times: user=0.32 sys=0.00, real=0.04 secs] 
2011-03-01T02:04:26.630+0000: 3768.021: [GC 3768.022: [ParNew: 358908K->40960K(368640K), 0.0486380 secs] 4634475K->4332662K(12541952K), 0.0491010 secs] [Times: user=0.39 sys=0.00, real=0.05 secs] 
2011-03-01T02:04:28.085+0000: 3769.476: [GC 3769.476: [ParNew: 368640K->37121K(368640K), 0.0722400 secs] 4660342K->4338569K(12541952K), 0.0764260 secs] [Times: user=0.56 sys=0.00, real=0.07 secs] 
2011-03-01T02:04:29.182+0000: 3770.573: [GC 3770.574: [ParNew: 364801K->40960K(368640K), 0.0912350 secs] 4666249K->4398226K(12541952K), 0.0916930 secs] [Times: user=0.62 sys=0.01, real=0.10 secs] 
2011-03-01T02:04:30.877+0000: 3772.268: [GC 3772.269: [ParNew: 368640K->32886K(368640K), 0.0391880 secs] 4725906K->4401664K(12541952K), 0.0396500 secs] [Times: user=0.29 sys=0.01, real=0.04 secs] 
2011-03-01T02:04:32.383+0000: 3773.774: [GC 3773.775: [ParNew: 360566K->39031K(368640K), 0.0349710 secs] 4729344K->4414106K(12541952K), 0.0354320 secs] [Times: user=0.27 sys=0.00, real=0.03 secs] 
2011-03-01T02:04:33.675+0000: 3775.067: [GC 3775.067: [ParNew: 366711K->31702K(368640K), 0.0352850 secs] 4741786K->4417013K(12541952K), 0.0357410 secs] [Times: user=0.24 sys=0.00, real=0.03 secs] 
2011-03-01T02:04:35.114+0000: 3776.505: [GC 3776.506: [ParNew: 359382K->40960K(368640K), 0.0457350 secs] 4744693K->4433062K(12541952K), 0.0462010 secs] [Times: user=0.32 sys=0.01, real=0.04 secs] 
2011-03-01T02:04:35.365+0000: 3776.757: [GC 3776.757: [ParNew: 368640K->40960K(368640K), 0.1139070 secs] 4760742K->4483871K(12541952K), 0.1143930 secs] [Times: user=0.80 sys=0.01, real=0.11 secs] 
2011-03-01T02:04:35.961+0000: 3777.352: [GC 3777.352: [ParNew: 368640K->40960K(368640K), 0.0706130 secs] 4811573K->4507537K(12541952K), 0.0710780 secs] [Times: user=0.55 sys=0.00, real=0.08 secs] 
2011-03-01T02:04:36.034+0000: 3777.426: [GC 3777.426: [ParNew: 41469K->39459K(368640K), 0.0602550 secs] 4508046K->4545818K(12541952K), 0.0606500 secs] [Times: user=0.39 sys=0.00, real=0.06 secs] 
2011-03-01T02:04:36.244+0000: 3777.635: [GC 3777.635: [ParNew: 367139K->40960K(368640K), 0.1345590 secs] 4873498K->4595899K(12541952K), 0.1350180 secs] [Times: user=0.81 sys=0.00, real=0.13 secs] 
2011-03-01T02:04:36.545+0000: 3777.936: [GC 3777.936: [ParNew: 368640K->40960K(368640K), 0.1332470 secs] 4923579K->4656284K(12541952K), 0.1336160 secs] [Times: user=0.92 sys=0.00, real=0.13 secs] 
2011-03-01T02:04:36.901+0000: 3778.292: [GC 3778.292: [ParNew: 368640K->40960K(368640K), 0.1159840 secs] 4983988K->4715811K(12541952K), 0.1163550 secs] [Times: user=0.82 sys=0.00, real=0.12 secs] 
2011-03-01T02:04:37.019+0000: 3778.410: [GC 3778.411: [ParNew: 42159K->38432K(368640K), 0.0610510 secs] 4717011K->4754367K(12541952K), 0.0613430 secs] [Times: user=0.40 sys=0.01, real=0.06 secs] 
2011-03-01T02:04:37.271+0000: 3778.662: [GC 3778.663: [ParNew: 366112K->40960K(368640K), 0.0972390 secs] 5082047K->4775837K(12541952K), 0.0976290 secs] [Times: user=0.72 sys=0.00, real=0.10 secs] 
2011-03-01T02:04:37.551+0000: 3778.943: [GC 3778.943: [ParNew: 368640K->40960K(368640K), 0.1303760 secs] 5103517K->4842447K(12541952K), 0.1307180 secs] [Times: user=0.93 sys=0.01, real=0.13 secs] 
2011-03-01T02:04:37.997+0000: 3779.388: [GC 3779.389: [ParNew: 368640K->40960K(368640K), 0.0819360 secs] 5170127K->4883492K(12541952K), 0.0822780 secs] [Times: user=0.57 sys=0.00, real=0.08 secs] 
2011-03-01T02:04:38.444+0000: 3779.835: [GC 3779.835: [ParNew: 368640K->40960K(368640K), 0.0772090 secs] 5211172K->4977421K(12541952K), 0.0845670 secs] [Times: user=0.53 sys=0.00, real=0.08 secs] 
2011-03-01T02:04:38.951+0000: 3780.343: [GC 3780.343: [ParNew: 368640K->40960K(368640K), 0.0672580 secs] 5305101K->5005776K(12541952K), 0.0677380 secs] [Times: user=0.49 sys=0.00, real=0.07 secs] 
2011-03-01T02:04:39.457+0000: 3780.848: [GC 3780.849: [ParNew: 368640K->38447K(368640K), 0.0590340 secs] 5333456K->5089089K(12541952K), 0.0595760 secs] [Times: user=0.42 sys=0.00, real=0.06 secs] 
2011-03-01T02:04:39.983+0000: 3781.374: [GC 3781.374: [ParNew: 366127K->40960K(368640K), 0.0417220 secs] 5416769K->5092839K(12541952K), 0.0422210 secs] [Times: user=0.33 sys=0.01, real=0.04 secs] 
2011-03-01T02:04:40.382+0000: 3781.774: [GC 3781.774: [ParNew: 368640K->25077K(368640K), 0.0479100 secs] 5420519K->5096495K(12541952K), 0.0483930 secs] [Times: user=0.35 sys=0.00, real=0.04 secs] 
2011-03-01T02:04:40.943+0000: 3782.334: [GC 3782.334: [ParNew: 352757K->26628K(368640K), 0.0414490 secs] 5424175K->5098046K(12541952K), 0.0417910 secs] [Times: user=0.31 sys=0.00, real=0.04 secs] 
2011-03-01T02:04:41.373+0000: 3782.764: [GC 3782.764: [ParNew: 354308K->25253K(368640K), 0.0482350 secs] 5425726K->5103025K(12541952K), 0.0485860 secs] [Times: user=0.34 sys=0.00, real=0.04 secs] 
2011-03-01T02:04:41.783+0000: 3783.174: [GC 3783.174: [ParNew: 352933K->40960K(368640K), 0.0471530 secs] 5430705K->5119959K(12541952K), 0.0474980 secs] [Times: user=0.36 sys=0.00, real=0.04 secs] 
2011-03-01T02:04:42.300+0000: 3783.691: [GC 3783.691: [ParNew: 368640K->32696K(368640K), 0.0562180 secs] 5447639K->5127976K(12541952K), 0.0565670 secs] [Times: user=0.41 sys=0.01, real=0.06 secs] 
2011-03-01T02:04:42.728+0000: 3784.119: [GC 3784.119: [ParNew: 360376K->40960K(368640K), 0.0520840 secs] 5455656K->5145251K(12541952K), 0.0524310 secs] [Times: user=0.40 sys=0.00, real=0.05 secs] 
2011-03-01T02:04:43.462+0000: 3784.854: [GC 3784.854: [ParNew: 368640K->22461K(368640K), 0.0579780 secs] 5472931K->5147502K(12541952K), 0.0599410 secs] [Times: user=0.40 sys=0.04, real=0.06 secs] 
2011-03-01T02:04:44.464+0000: 3785.855: [GC 3785.855: [ParNew: 350141K->40960K(368640K), 0.0579950 secs] 5475182K->5172964K(12541952K), 0.0584890 secs] [Times: user=0.40 sys=0.01, real=0.06 secs] 
2011-03-01T02:04:45.460+0000: 3786.851: [GC 3786.851: [ParNew: 368640K->40960K(368640K), 0.0627120 secs] 5500644K->5190940K(12541952K), 0.0631940 secs] [Times: user=0.48 sys=0.00, real=0.07 secs] 
2011-03-01T02:04:46.865+0000: 3788.256: [GC 3788.257: [ParNew: 368640K->40960K(368640K), 0.0537820 secs] 5518620K->5210287K(12541952K), 0.0542470 secs] [Times: user=0.40 sys=0.00, real=0.05 secs] 
2011-03-01T02:04:48.487+0000: 3789.878: [GC 3789.878: [ParNew: 368640K->40960K(368640K), 0.0544280 secs] 5537967K->5224137K(12541952K), 0.0589960 secs] [Times: user=0.41 sys=0.00, real=0.06 secs] 
2011-03-01T02:04:50.328+0000: 3791.719: [GC 3791.719: [ParNew: 368640K->28612K(368640K), 0.0443720 secs] 5551817K->5229005K(12541952K), 0.0447250 secs] [Times: user=0.32 sys=0.00, real=0.05 secs] 
2011-03-01T02:04:52.102+0000: 3793.493: [GC 3793.493: [ParNew: 356292K->40960K(368640K), 0.1006320 secs] 5556685K->5278361K(12541952K), 0.1009840 secs] [Times: user=0.71 sys=0.02, real=0.11 secs] 
2011-03-01T02:04:53.733+0000: 3795.124: [GC 3795.124: [ParNew: 368640K->32911K(368640K), 0.0673690 secs] 5606041K->5299107K(12541952K), 0.0677190 secs] [Times: user=0.47 sys=0.02, real=0.06 secs] 
2011-03-01T02:04:54.625+0000: 3796.016: [GC 3796.017: [ParNew: 360588K->36369K(368640K), 0.0388850 secs] 5626784K->5302565K(12541952K), 0.0393110 secs] [Times: user=0.30 sys=0.00, real=0.04 secs] 
2011-03-01T02:04:55.326+0000: 3796.717: [GC 3796.718: [ParNew: 364023K->23552K(368640K), 0.0584860 secs] 5630220K->5313731K(12541952K), 0.0589740 secs] [Times: user=0.39 sys=0.00, real=0.06 secs] 
2011-03-01T02:04:55.837+0000: 3797.228: [GC 3797.229: [ParNew: 351232K->20684K(368640K), 0.0283360 secs] 5641411K->5310863K(12541952K), 0.0288410 secs] [Times: user=0.24 sys=0.00, real=0.03 secs] 
2011-03-01T02:04:56.273+0000: 3797.664: [GC 3797.664: [ParNew: 348346K->40960K(368640K), 0.0609900 secs] 5638525K->5343437K(12541952K), 0.0614750 secs] [Times: user=0.43 sys=0.00, real=0.07 secs] 
2011-03-01T02:04:56.851+0000: 3798.242: [GC 3798.243: [ParNew: 368640K->24868K(368640K), 0.0470580 secs] 5671117K->5344750K(12541952K), 0.0475460 secs] [Times: user=0.36 sys=0.00, real=0.05 secs] 
2011-03-01T02:04:57.407+0000: 3798.798: [GC 3798.799: [ParNew: 352548K->9529K(368640K), 0.0262510 secs] 5672430K->5329410K(12541952K), 0.0267530 secs] [Times: user=0.19 sys=0.02, real=0.03 secs] 
2011-03-01T02:04:58.135+0000: 3799.526: [GC 3799.526: [ParNew: 337209K->20558K(368640K), 0.0293150 secs] 5657090K->5340440K(12541952K), 0.0297720 secs] [Times: user=0.22 sys=0.00, real=0.03 secs] 
2011-03-01T02:04:58.732+0000: 3800.123: [GC 3800.123: [ParNew: 348220K->25423K(368640K), 0.0293140 secs] 5668102K->5345305K(12541952K), 0.0298160 secs] [Times: user=0.23 sys=0.00, real=0.04 secs] 
2011-03-01T02:04:59.455+0000: 3800.846: [GC 3800.847: [ParNew: 353089K->33803K(368640K), 0.0347290 secs] 5672970K->5355907K(12541952K), 0.0351880 secs] [Times: user=0.24 sys=0.00, real=0.03 secs] 
2011-03-01T02:05:00.128+0000: 3801.519: [GC 3801.520: [ParNew: 361458K->40960K(368640K), 0.0391630 secs] 5683562K->5371014K(12541952K), 0.0396700 secs] [Times: user=0.31 sys=0.01, real=0.04 secs] 
2011-03-01T02:05:00.521+0000: 3801.912: [GC 3801.912: [ParNew: 368640K->40960K(368640K), 0.0741480 secs] 5698694K->5395074K(12541952K), 0.0746170 secs] [Times: user=0.57 sys=0.00, real=0.08 secs] 
2011-03-01T02:05:00.988+0000: 3802.379: [GC 3802.379: [ParNew: 368614K->40960K(368640K), 0.0782180 secs] 5722729K->5430453K(12541952K), 0.0785860 secs] [Times: user=0.55 sys=0.00, real=0.08 secs] 
2011-03-01T02:05:01.596+0000: 3802.988: [GC 3802.988: [ParNew: 368640K->20095K(368640K), 0.0302340 secs] 5758133K->5411418K(12541952K), 0.0305820 secs] [Times: user=0.24 sys=0.00, real=0.03 secs] 
2011-03-01T02:05:03.785+0000: 3805.176: [GC 3805.176: [ParNew: 347775K->40960K(368640K), 0.0373350 secs] 5739098K->5432296K(12541952K), 0.0793200 secs] [Times: user=0.26 sys=0.00, real=0.08 secs] 
2011-03-01T02:05:05.544+0000: 3806.935: [GC 3806.935: [ParNew: 368640K->17888K(368640K), 0.0452020 secs] 5759976K->5426807K(12541952K), 0.0456700 secs] [Times: user=0.34 sys=0.00, real=0.04 secs] 
2011-03-01T02:05:07.402+0000: 3808.794: [GC 3808.794: [ParNew: 345568K->40960K(368640K), 0.0520630 secs] 5754487K->5458008K(12541952K), 0.0525330 secs] [Times: user=0.40 sys=0.00, real=0.05 secs] 
2011-03-01T02:05:09.598+0000: 3810.989: [GC 3810.990: [ParNew: 368640K->27992K(368640K), 0.0565860 secs] 5785688K->5467314K(12541952K), 0.0604970 secs] [Times: user=0.42 sys=0.00, real=0.06 secs] 
2011-03-01T02:05:12.225+0000: 3813.616: [GC 3813.617: [ParNew: 355672K->40960K(368640K), 0.0539120 secs] 5794994K->5493763K(12541952K), 0.0544490 secs] [Times: user=0.39 sys=0.00, real=0.05 secs] 
2011-03-01T02:05:14.002+0000: 3815.393: [GC 3815.393: [ParNew: 368640K->40960K(368640K), 0.0504370 secs] 5821443K->5507545K(12541952K), 0.0507860 secs] [Times: user=0.39 sys=0.01, real=0.06 secs] 
2011-03-01T02:05:16.348+0000: 3817.739: [GC 3817.739: [ParNew: 368640K->34310K(368640K), 0.0538480 secs] 5835225K->5520821K(12541952K), 0.0541990 secs] [Times: user=0.40 sys=0.00, real=0.05 secs] 
2011-03-01T02:05:18.763+0000: 3820.154: [GC 3820.155: [ParNew: 361990K->38556K(368640K), 0.0424660 secs] 5848501K->5533561K(12541952K), 0.0428190 secs] [Times: user=0.32 sys=0.01, real=0.04 secs] 
2011-03-01T02:05:21.184+0000: 3822.576: [GC 3822.576: [ParNew: 366236K->29958K(368640K), 0.0395030 secs] 5861241K->5538103K(12541952K), 0.0398460 secs] [Times: user=0.26 sys=0.00, real=0.04 secs] 
2011-03-01T02:05:23.990+0000: 3825.381: [GC 3825.382: [ParNew: 357638K->19945K(368640K), 0.0406150 secs] 5865783K->5541417K(12541952K), 0.0410790 secs] [Times: user=0.32 sys=0.00, real=0.04 secs] 
2011-03-01T02:05:25.964+0000: 3827.355: [GC 3827.355: [ParNew: 347625K->40960K(368640K), 0.0400240 secs] 5869097K->5571497K(12541952K), 0.0404870 secs] [Times: user=0.26 sys=0.00, real=0.04 secs] 
2011-03-01T02:05:27.228+0000: 3828.619: [GC 3828.619: [ParNew: 368640K->40960K(368640K), 0.0783580 secs] 5899177K->5605826K(12541952K), 0.0788270 secs] [Times: user=0.56 sys=0.01, real=0.08 secs] 
2011-03-01T02:05:28.326+0000: 3829.718: [GC 3829.718: [ParNew: 368640K->32485K(368640K), 0.0427910 secs] 5933506K->5611134K(12541952K), 0.0432550 secs] [Times: user=0.32 sys=0.00, real=0.04 secs] 
2011-03-01T02:05:29.937+0000: 3831.328: [GC 3831.328: [ParNew: 360165K->25298K(368640K), 0.0511460 secs] 5938814K->5618094K(12541952K), 0.0516130 secs] [Times: user=0.37 sys=0.00, real=0.05 secs] 
2011-03-01T02:05:31.530+0000: 3832.921: [GC 3832.922: [ParNew: 352978K->40960K(368640K), 0.0352340 secs] 5945774K->5634010K(12541952K), 0.0357230 secs] [Times: user=0.31 sys=0.01, real=0.04 secs] 
2011-03-01T02:05:32.946+0000: 3834.337: [GC 3834.337: [ParNew: 368640K->24802K(368640K), 0.0527040 secs] 5961690K->5644724K(12541952K), 0.0531690 secs] [Times: user=0.33 sys=0.00, real=0.05 secs] 
2011-03-01T02:05:34.425+0000: 3835.816: [GC 3835.816: [ParNew: 352482K->40960K(368640K), 0.0385970 secs] 5972404K->5665663K(12541952K), 0.0390600 secs] [Times: user=0.26 sys=0.00, real=0.04 secs] 
2011-03-01T02:05:35.818+0000: 3837.210: [GC 3837.210: [ParNew: 368640K->27975K(368640K), 0.0554920 secs] 5993369K->5676985K(12541952K), 0.0559490 secs] [Times: user=0.40 sys=0.00, real=0.06 secs] 
2011-03-01T02:05:36.242+0000: 3837.633: [GC 3837.633: [ParNew: 355655K->40960K(368640K), 0.1353270 secs] 6004665K->5739074K(12541952K), 0.1358360 secs] [Times: user=0.95 sys=0.01, real=0.14 secs] 
2011-03-01T02:05:36.777+0000: 3838.169: [GC 3838.169: [ParNew: 368640K->40960K(368640K), 0.0836700 secs] 6066754K->5772480K(12541952K), 0.0840250 secs] [Times: user=0.60 sys=0.00, real=0.08 secs] 
2011-03-01T02:05:37.048+0000: 3838.439: [GC 3838.439: [ParNew: 368640K->40960K(368640K), 0.1374420 secs] 6100160K->5845314K(12541952K), 0.1377820 secs] [Times: user=0.95 sys=0.00, real=0.14 secs] 
2011-03-01T02:05:37.502+0000: 3838.893: [GC 3838.893: [ParNew: 368640K->40960K(368640K), 0.1192140 secs] 6172994K->5905978K(12541952K), 0.1195640 secs] [Times: user=0.85 sys=0.01, real=0.12 secs] 
2011-03-01T02:05:37.847+0000: 3839.238: [GC 3839.239: [ParNew: 368640K->40960K(368640K), 0.1363180 secs] 6233658K->5981040K(12541952K), 0.1366610 secs] [Times: user=0.97 sys=0.00, real=0.14 secs] 
2011-03-01T02:05:38.133+0000: 3839.524: [GC 3839.525: [ParNew: 368640K->40960K(368640K), 0.1404010 secs] 6308720K->6053669K(12541952K), 0.1407470 secs] [Times: user=0.96 sys=0.01, real=0.14 secs] 
2011-03-01T02:05:38.424+0000: 3839.816: [GC 3839.816: [ParNew: 368640K->40960K(368640K), 0.1873410 secs] 6381349K->6131221K(12541952K), 0.1876820 secs] [Times: user=1.17 sys=0.00, real=0.19 secs] 
2011-03-01T02:05:39.054+0000: 3840.445: [GC 3840.445: [ParNew: 368640K->40960K(368640K), 0.0858430 secs] 6458901K->6168249K(12541952K), 0.0861960 secs] [Times: user=0.57 sys=0.00, real=0.08 secs] 
2011-03-01T02:05:39.584+0000: 3840.975: [GC 3840.975: [ParNew: 368640K->40960K(368640K), 0.1191400 secs] 6495929K->6238315K(12541952K), 0.1195060 secs] [Times: user=0.82 sys=0.01, real=0.12 secs] 
2011-03-01T02:05:40.341+0000: 3841.732: [GC 3841.732: [ParNew: 368640K->40960K(368640K), 0.0729530 secs] 6565995K->6267259K(12541952K), 0.0733180 secs] [Times: user=0.56 sys=0.01, real=0.08 secs] 
2011-03-01T02:05:41.292+0000: 3842.684: [GC 3842.684: [ParNew: 368640K->40960K(368640K), 0.0639430 secs] 6594939K->6357129K(12541952K), 0.0642860 secs] [Times: user=0.47 sys=0.00, real=0.06 secs] 
2011-03-01T02:05:41.868+0000: 3843.259: [GC 3843.259: [ParNew: 368640K->40960K(368640K), 0.0664500 secs] 6684809K->6372903K(12541952K), 0.0667920 secs] [Times: user=0.48 sys=0.00, real=0.07 secs] 
2011-03-01T02:05:42.308+0000: 3843.699: [GC 3843.699: [ParNew: 368640K->34882K(368640K), 0.0439960 secs] 6700583K->6374182K(12541952K), 0.0443590 secs] [Times: user=0.32 sys=0.00, real=0.05 secs] 
2011-03-01T02:05:43.027+0000: 3844.418: [GC 3844.418: [ParNew: 362562K->15307K(368640K), 0.0364770 secs] 6701862K->6354607K(12541952K), 0.0368210 secs] [Times: user=0.27 sys=0.00, real=0.04 secs] 
2011-03-01T02:05:43.761+0000: 3845.152: [GC 3845.152: [ParNew: 342987K->26176K(368640K), 0.0398460 secs] 6682287K->6365476K(12541952K), 0.0402010 secs] [Times: user=0.32 sys=0.00, real=0.04 secs] 
2011-03-01T02:05:44.456+0000: 3845.847: [GC 3845.848: [ParNew: 353856K->37198K(368640K), 0.0484620 secs] 6693156K->6381059K(12541952K), 0.0488060 secs] [Times: user=0.36 sys=0.00, real=0.05 secs] 
2011-03-01T02:05:45.159+0000: 3846.550: [GC 3846.550: [ParNew: 364878K->40960K(368640K), 0.0567010 secs] 6708739K->6400241K(12541952K), 0.0570450 secs] [Times: user=0.40 sys=0.00, real=0.06 secs] 
2011-03-01T02:05:45.611+0000: 3847.002: [GC 3847.003: [ParNew: 368640K->40960K(368640K), 0.0474330 secs] 6727921K->6413998K(12541952K), 0.0477810 secs] [Times: user=0.38 sys=0.01, real=0.05 secs] 
2011-03-01T02:05:46.833+0000: 3848.224: [GC 3848.224: [ParNew: 346286K->39349K(368640K), 0.0383450 secs] 6719325K->6417359K(12541952K), 0.0386910 secs] [Times: user=0.27 sys=0.01, real=0.03 secs] 
2011-03-01T02:05:47.383+0000: 3848.775: [GC 3848.775: [ParNew: 367029K->40960K(368640K), 0.0547290 secs] 6745039K->6516923K(12541952K), 0.0550780 secs] [Times: user=0.40 sys=0.01, real=0.05 secs] 
2011-03-01T02:05:48.249+0000: 3849.640: [GC 3849.640: [ParNew: 368640K->23867K(368640K), 0.0280510 secs] 6844603K->6507342K(12541952K), 0.0284020 secs] [Times: user=0.24 sys=0.00, real=0.03 secs] 
2011-03-01T02:05:49.017+0000: 3850.408: [GC 3850.408: [ParNew: 351547K->40960K(368640K), 0.0356280 secs] 6835022K->6526830K(12541952K), 0.0359730 secs] [Times: user=0.24 sys=0.00, real=0.04 secs] 
2011-03-01T02:05:49.655+0000: 3851.046: [GC 3851.046: [ParNew: 368640K->21636K(368640K), 0.0326650 secs] 6854510K->6519344K(12541952K), 0.0330150 secs] [Times: user=0.24 sys=0.00, real=0.03 secs] 
2011-03-01T02:05:50.140+0000: 3851.532: [GC 3851.532: [ParNew: 349316K->25693K(368640K), 0.0238360 secs] 6847024K->6523401K(12541952K), 0.0243050 secs] [Times: user=0.19 sys=0.00, real=0.03 secs] 
2011-03-01T02:05:50.659+0000: 3852.050: [GC 3852.050: [ParNew: 353373K->40960K(368640K), 0.0442410 secs] 6851081K->6545382K(12541952K), 0.0447130 secs] [Times: user=0.33 sys=0.00, real=0.05 secs] 
2011-03-01T02:05:51.444+0000: 3852.835: [GC 3852.836: [ParNew: 368640K->27386K(368640K), 0.0343420 secs] 6873062K->6541680K(12541952K), 0.0347560 secs] [Times: user=0.25 sys=0.00, real=0.03 secs] 
2011-03-01T02:05:52.277+0000: 3853.668: [GC 3853.669: [ParNew: 355066K->25212K(368640K), 0.0376440 secs] 6869360K->6546315K(12541952K), 0.0379930 secs] [Times: user=0.27 sys=0.01, real=0.04 secs] 
2011-03-01T02:05:53.187+0000: 3854.578: [GC 3854.578: [ParNew: 352892K->28907K(368640K), 0.0357420 secs] 6873995K->6557275K(12541952K), 0.0361080 secs] [Times: user=0.23 sys=0.01, real=0.04 secs] 
2011-03-01T02:05:53.947+0000: 3855.338: [GC 3855.338: [ParNew: 356587K->40960K(368640K), 0.0485070 secs] 6884955K->6579548K(12541952K), 0.0488480 secs] [Times: user=0.37 sys=0.00, real=0.05 secs] 
2011-03-01T02:05:54.573+0000: 3855.964: [GC 3855.964: [ParNew: 368632K->22256K(368640K), 0.0305850 secs] 6907220K->6568661K(12541952K), 0.0309420 secs] [Times: user=0.20 sys=0.00, real=0.03 secs] 
2011-03-01T02:05:55.050+0000: 3856.441: [GC 3856.442: [ParNew: 349936K->36964K(368640K), 0.0415240 secs] 6896341K->6583370K(12541952K), 0.0418790 secs] [Times: user=0.32 sys=0.00, real=0.05 secs] 
2011-03-01T02:05:55.614+0000: 3857.006: [GC 3857.006: [ParNew: 364644K->30788K(368640K), 0.0366160 secs] 6911050K->6583083K(12541952K), 0.0369680 secs] [Times: user=0.23 sys=0.00, real=0.03 secs] 
2011-03-01T02:05:56.049+0000: 3857.441: [GC 3857.441: [ParNew: 358468K->15961K(368640K), 0.0273700 secs] 6910763K->6568255K(12541952K), 0.0277210 secs] [Times: user=0.25 sys=0.00, real=0.03 secs] 
2011-03-01T02:05:56.544+0000: 3857.935: [GC 3857.935: [ParNew: 343619K->16934K(368640K), 0.0337590 secs] 6895914K->6569228K(12541952K), 0.0341070 secs] [Times: user=0.26 sys=0.00, real=0.03 secs] 
2011-03-01T02:05:56.905+0000: 3858.296: [GC 3858.296: [ParNew: 344560K->21162K(368640K), 0.0296650 secs] 6896855K->6573457K(12541952K), 0.0300430 secs] [Times: user=0.21 sys=0.00, real=0.03 secs] 
2011-03-01T02:05:57.286+0000: 3858.677: [GC 3858.677: [ParNew: 348842K->32248K(368640K), 0.0324910 secs] 6901137K->6586836K(12541952K), 0.0328500 secs] [Times: user=0.24 sys=0.00, real=0.03 secs] 
2011-03-01T02:05:57.586+0000: 3858.978: [GC 3858.978: [ParNew: 359898K->16299K(368640K), 0.0317010 secs] 6914487K->6579998K(12541952K), 0.0320660 secs] [Times: user=0.24 sys=0.00, real=0.03 secs] 
2011-03-01T02:05:57.961+0000: 3859.352: [GC 3859.352: [ParNew: 343979K->14476K(368640K), 0.0253190 secs] 6907678K->6578174K(12541952K), 0.0256850 secs] [Times: user=0.23 sys=0.00, real=0.03 secs] 
2011-03-01T02:05:58.398+0000: 3859.790: [GC 3859.790: [ParNew: 342156K->17851K(368640K), 0.0262680 secs] 6905854K->6581550K(12541952K), 0.0266410 secs] [Times: user=0.22 sys=0.00, real=0.03 secs] 
2011-03-01T02:05:58.795+0000: 3860.187: [GC 3860.187: [ParNew: 345531K->18572K(368640K), 0.0285990 secs] 6909230K->6582493K(12541952K), 0.0289710 secs] [Times: user=0.21 sys=0.00, real=0.03 secs] 
2011-03-01T02:05:59.235+0000: 3860.626: [GC 3860.626: [ParNew: 346252K->11271K(368640K), 0.0307760 secs] 6910173K->6579363K(12541952K), 0.0311340 secs] [Times: user=0.23 sys=0.00, real=0.03 secs] 
2011-03-01T02:05:59.520+0000: 3860.911: [GC 3860.911: [ParNew: 338924K->9673K(368640K), 0.0278360 secs] 6907016K->6578258K(12541952K), 0.0281850 secs] [Times: user=0.24 sys=0.00, real=0.03 secs] 
2011-03-01T02:06:00.010+0000: 3861.401: [GC 3861.402: [ParNew: 337353K->8296K(368640K), 0.0300220 secs] 6905938K->6578329K(12541952K), 0.0303810 secs] [Times: user=0.24 sys=0.00, real=0.03 secs] 
2011-03-01T02:06:00.334+0000: 3861.725: [GC 3861.725: [ParNew: 335976K->40960K(368640K), 0.0707180 secs] 6906009K->6624216K(12541952K), 0.0711910 secs] [Times: user=0.51 sys=0.00, real=0.07 secs] 
2011-03-01T02:06:00.756+0000: 3862.147: [GC 3862.147: [ParNew: 368627K->31563K(368640K), 0.0444580 secs] 6951883K->6629849K(12541952K), 0.0449700 secs] [Times: user=0.31 sys=0.00, real=0.04 secs] 
2011-03-01T02:06:01.088+0000: 3862.479: [GC 3862.480: [ParNew: 359243K->13630K(368640K), 0.0307700 secs] 6957529K->6618448K(12541952K), 0.0312980 secs] [Times: user=0.24 sys=0.00, real=0.03 secs] 
2011-03-01T02:06:01.479+0000: 3862.871: [GC 3862.871: [ParNew: 341310K->8732K(368640K), 0.0265770 secs] 6946128K->6613550K(12541952K), 0.0270270 secs] [Times: user=0.24 sys=0.00, real=0.03 secs] 
2011-03-01T02:06:01.859+0000: 3863.250: [GC 3863.250: [ParNew: 336412K->7484K(368640K), 0.0296050 secs] 6941230K->6612302K(12541952K), 0.0300820 secs] [Times: user=0.24 sys=0.00, real=0.03 secs] 
2011-03-01T02:06:02.601+0000: 3863.992: [GC 3863.992: [ParNew: 335164K->32210K(368640K), 0.0385360 secs] 6939982K->6637028K(12541952K), 0.0390120 secs] [Times: user=0.32 sys=0.00, real=0.04 secs] 
2011-03-01T02:06:03.638+0000: 3865.029: [GC 3865.030: [ParNew: 359890K->25615K(368640K), 0.0373640 secs] 6964708K->6637655K(12541952K), 0.0378010 secs] [Times: user=0.28 sys=0.01, real=0.04 secs] 
2011-03-01T02:06:04.588+0000: 3865.979: [GC 3865.979: [ParNew: 353295K->25977K(368640K), 0.0298830 secs] 6965335K->6644524K(12541952K), 0.0303380 secs] [Times: user=0.24 sys=0.00, real=0.03 secs] 
2011-03-01T02:06:05.265+0000: 3866.656: [GC 3866.657: [ParNew: 353657K->40960K(368640K), 0.0685570 secs] 6972204K->6678109K(12541952K), 0.0690130 secs] [Times: user=0.49 sys=0.00, real=0.07 secs] 
2011-03-01T02:06:06.299+0000: 3867.690: [GC 3867.690: [ParNew: 368640K->31347K(368640K), 0.0349790 secs] 7005789K->6674418K(12541952K), 0.0354110 secs] [Times: user=0.25 sys=0.00, real=0.04 secs] 
2011-03-01T02:06:08.746+0000: 3870.137: [GC 3870.137: [ParNew: 359027K->13924K(368640K), 0.0326720 secs] 7002098K->6656996K(12541952K), 0.0330220 secs] [Times: user=0.24 sys=0.00, real=0.03 secs] 
2011-03-01T02:06:09.738+0000: 3871.129: [GC 3871.129: [ParNew: 341604K->37240K(368640K), 0.0510360 secs] 6984676K->6754039K(12541952K), 0.0513880 secs] [Times: user=0.39 sys=0.00, real=0.05 secs] 
2011-03-01T02:06:11.115+0000: 3872.507: [GC 3872.507: [ParNew: 364920K->14221K(368640K), 0.0518170 secs] 7081719K->6754445K(12541952K), 0.0521620 secs] [Times: user=0.36 sys=0.00, real=0.05 secs] 
2011-03-01T02:06:12.145+0000: 3873.536: [GC 3873.536: [ParNew: 341901K->19896K(368640K), 0.0283670 secs] 7082125K->6760120K(12541952K), 0.0287030 secs] [Times: user=0.19 sys=0.01, real=0.03 secs] 
2011-03-01T02:06:12.747+0000: 3874.138: [GC 3874.138: [ParNew: 347576K->20559K(368640K), 0.0313690 secs] 7087800K->6760783K(12541952K), 0.0317120 secs] [Times: user=0.24 sys=0.00, real=0.03 secs] 
2011-03-01T02:06:13.450+0000: 3874.841: [GC 3874.841: [ParNew: 348239K->20620K(368640K), 0.0328360 secs] 7088463K->6760844K(12541952K), 0.0331930 secs] [Times: user=0.25 sys=0.00, real=0.04 secs] 
2011-03-01T02:06:14.417+0000: 3875.808: [GC 3875.809: [ParNew: 348300K->16888K(368640K), 0.0383520 secs] 7088524K->6763000K(12541952K), 0.0386930 secs] [Times: user=0.31 sys=0.00, real=0.04 secs] 
2011-03-01T02:06:15.182+0000: 3876.574: [GC 3876.574: [ParNew: 343851K->40652K(368640K), 0.0364200 secs] 7089964K->6790745K(12541952K), 0.0367670 secs] [Times: user=0.28 sys=0.00, real=0.03 secs] 
2011-03-01T02:06:15.648+0000: 3877.039: [GC 3877.040: [ParNew: 314682K->21499K(368640K), 0.0405680 secs] 7130311K->6854711K(12541952K), 0.0410370 secs] [Times: user=0.32 sys=0.00, real=0.04 secs] 
2011-03-01T02:06:16.567+0000: 3877.958: [GC 3877.958: [ParNew: 349179K->18180K(368640K), 0.0255240 secs] 7182391K->6851391K(12541952K), 0.0259850 secs] [Times: user=0.16 sys=0.00, real=0.03 secs] 
2011-03-01T02:06:17.418+0000: 3878.809: [GC 3878.809: [ParNew: 345860K->32740K(368640K), 0.0293450 secs] 7179071K->6865952K(12541952K), 0.0298090 secs] [Times: user=0.24 sys=0.00, real=0.03 secs] 
2011-03-01T02:06:18.375+0000: 3879.766: [GC 3879.767: [ParNew: 360420K->26240K(368640K), 0.0314690 secs] 7193632K->6860459K(12541952K), 0.0319300 secs] [Times: user=0.24 sys=0.00, real=0.03 secs] 
2011-03-01T02:06:19.200+0000: 3880.592: [GC 3880.592: [ParNew: 353920K->40960K(368640K), 0.0443190 secs] 7188139K->6879853K(12541952K), 0.0447780 secs] [Times: user=0.37 sys=0.01, real=0.05 secs] 
2011-03-01T02:06:19.809+0000: 3881.201: [GC 3881.201: [ParNew: 368640K->27114K(368640K), 0.0465190 secs] 7207533K->6882051K(12541952K), 0.0469860 secs] [Times: user=0.33 sys=0.01, real=0.05 secs] 
2011-03-01T02:06:20.687+0000: 3882.078: [GC 3882.078: [ParNew: 354794K->25199K(368640K), 0.0317260 secs] 7209731K->6880137K(12541952K), 0.0321880 secs] [Times: user=0.23 sys=0.01, real=0.03 secs] 
2011-03-01T02:06:21.721+0000: 3883.112: [GC 3883.112: [ParNew: 350975K->8864K(368640K), 0.0364540 secs] 7205912K->6870877K(12541952K), 0.0369110 secs] [Times: user=0.30 sys=0.01, real=0.04 secs] 
2011-03-01T02:06:22.746+0000: 3884.137: [GC 3884.137: [ParNew: 336556K->32728K(368640K), 0.0478390 secs] 7198569K->6894740K(12541952K), 0.0482930 secs] [Times: user=0.36 sys=0.00, real=0.05 secs] 
2011-03-01T02:06:22.797+0000: 3884.189: [GC 3884.189: [ParNew: 33870K->8184K(368640K), 0.0494130 secs] 6895883K->6899283K(12541952K), 0.0497810 secs] [Times: user=0.37 sys=0.00, real=0.05 secs] 
2011-03-01T02:06:23.744+0000: 3885.135: [GC 3885.135: [ParNew: 335864K->30801K(368640K), 0.0223850 secs] 7226963K->6921900K(12541952K), 0.0227310 secs] [Times: user=0.16 sys=0.00, real=0.02 secs] 
2011-03-01T02:06:24.754+0000: 3886.146: [GC 3886.146: [ParNew: 358481K->12440K(368640K), 0.0248200 secs] 7249580K->6911001K(12541952K), 0.0251660 secs] [Times: user=0.16 sys=0.00, real=0.03 secs] 
2011-03-01T02:06:25.734+0000: 3887.126: [GC 3887.126: [ParNew: 340120K->23627K(368640K), 0.0241350 secs] 7238681K->6922188K(12541952K), 0.0244790 secs] [Times: user=0.16 sys=0.00, real=0.02 secs] 
2011-03-01T02:06:26.516+0000: 3887.907: [GC 3887.907: [ParNew: 351307K->40960K(368640K), 0.0633450 secs] 7249868K->6955379K(12541952K), 0.0638020 secs] [Times: user=0.42 sys=0.00, real=0.06 secs] 
2011-03-01T02:06:27.308+0000: 3888.699: [GC 3888.700: [ParNew: 368640K->36172K(368640K), 0.0453490 secs] 7283059K->6961886K(12541952K), 0.0458160 secs] [Times: user=0.32 sys=0.00, real=0.05 secs] 
2011-03-01T02:06:28.199+0000: 3889.590: [GC 3889.590: [ParNew: 363852K->40960K(368640K), 0.0297280 secs] 7289566K->6967494K(12541952K), 0.0301910 secs] [Times: user=0.24 sys=0.00, real=0.03 secs] 
2011-03-01T02:06:28.896+0000: 3890.288: [GC 3890.288: [ParNew: 368640K->14804K(368640K), 0.0353060 secs] 7295174K->6958214K(12541952K), 0.0357540 secs] [Times: user=0.24 sys=0.00, real=0.04 secs] 
2011-03-01T02:06:29.482+0000: 3890.873: [GC 3890.874: [ParNew: 342484K->35515K(368640K), 0.0317280 secs] 7285894K->6978924K(12541952K), 0.0321920 secs] [Times: user=0.27 sys=0.01, real=0.03 secs] 
2011-03-01T02:06:30.429+0000: 3891.820: [GC 3891.820: [ParNew: 363195K->20205K(368640K), 0.0313740 secs] 7306604K->6974059K(12541952K), 0.0318370 secs] [Times: user=0.24 sys=0.00, real=0.03 secs] 
2011-03-01T02:06:31.148+0000: 3892.539: [GC 3892.539: [ParNew: 347885K->40960K(368640K), 0.0407110 secs] 7301739K->7001201K(12541952K), 0.0411760 secs] [Times: user=0.32 sys=0.00, real=0.04 secs] 
2011-03-01T02:06:31.837+0000: 3893.228: [GC 3893.228: [ParNew: 368640K->16997K(368640K), 0.0340960 secs] 7328881K->6990725K(12541952K), 0.0345570 secs] [Times: user=0.24 sys=0.00, real=0.03 secs] 
2011-03-01T02:06:32.488+0000: 3893.879: [GC 3893.879: [ParNew: 344677K->40960K(368640K), 0.0643090 secs] 7318405K->7034019K(12541952K), 0.0647710 secs] [Times: user=0.49 sys=0.00, real=0.07 secs] 
2011-03-01T02:06:33.335+0000: 3894.726: [GC 3894.727: [ParNew: 368640K->16676K(368640K), 0.0426210 secs] 7361699K->7024826K(12541952K), 0.0430900 secs] [Times: user=0.31 sys=0.00, real=0.04 secs] 
2011-03-01T02:06:34.092+0000: 3895.484: [GC 3895.484: [ParNew: 344356K->33689K(368640K), 0.0326740 secs] 7352506K->7041839K(12541952K), 0.0331410 secs] [Times: user=0.26 sys=0.00, real=0.03 secs] 
2011-03-01T02:06:34.998+0000: 3896.389: [GC 3896.389: [ParNew: 361369K->25369K(368640K), 0.0429850 secs] 7369519K->7043696K(12541952K), 0.0434540 secs] [Times: user=0.32 sys=0.00, real=0.04 secs] 
2011-03-01T02:06:35.358+0000: 3896.749: [GC 3896.750: [ParNew: 353049K->40960K(368640K), 0.0418990 secs] 7371376K->7061882K(12541952K), 0.0423590 secs] [Times: user=0.32 sys=0.00, real=0.04 secs] 
2011-03-01T02:06:35.812+0000: 3897.203: [GC 3897.203: [ParNew: 368640K->40960K(368640K), 0.0752780 secs] 7389562K->7087143K(12541952K), 0.0756430 secs] [Times: user=0.48 sys=0.01, real=0.08 secs] 
2011-03-01T02:06:36.059+0000: 3897.450: [GC 3897.450: [ParNew: 368640K->40960K(368640K), 0.1300860 secs] 7414823K->7144406K(12541952K), 0.1304440 secs] [Times: user=0.94 sys=0.01, real=0.13 secs] 
2011-03-01T02:06:36.401+0000: 3897.792: [GC 3897.793: [ParNew: 368622K->40960K(368640K), 0.0834850 secs] 7472068K->7181790K(12541952K), 0.0838280 secs] [Times: user=0.62 sys=0.00, real=0.09 secs] 
2011-03-01T02:06:36.918+0000: 3898.310: [GC 3898.310: [ParNew: 368640K->35237K(368640K), 0.0555620 secs] 7509470K->7194888K(12541952K), 0.0559240 secs] [Times: user=0.37 sys=0.00, real=0.06 secs] 
2011-03-01T02:06:37.166+0000: 3898.557: [GC 3898.557: [ParNew: 362917K->40960K(368640K), 0.1350140 secs] 7522568K->7253474K(12541952K), 0.1354080 secs] [Times: user=0.86 sys=0.00, real=0.13 secs] 
2011-03-01T02:06:37.543+0000: 3898.935: [GC 3898.935: [ParNew: 368640K->40960K(368640K), 0.1604060 secs] 7581154K->7330158K(12541952K), 0.1607590 secs] [Times: user=1.14 sys=0.00, real=0.16 secs] 
2011-03-01T02:06:37.950+0000: 3899.341: [GC 3899.342: [ParNew: 368640K->40960K(368640K), 0.1068630 secs] 7657838K->7383797K(12541952K), 0.1072020 secs] [Times: user=0.77 sys=0.01, real=0.11 secs] 
2011-03-01T02:06:38.380+0000: 3899.771: [GC 3899.772: [ParNew: 368640K->40960K(368640K), 0.0753810 secs] 7711477K->7414133K(12541952K), 0.0757700 secs] [Times: user=0.56 sys=0.00, real=0.08 secs] 
2011-03-01T02:06:38.809+0000: 3900.200: [GC 3900.200: [ParNew: 368640K->40960K(368640K), 0.0478710 secs] 7741813K->7424982K(12541952K), 0.0482240 secs] [Times: user=0.37 sys=0.00, real=0.05 secs] 
2011-03-01T02:06:39.440+0000: 3900.831: [GC 3900.832: [ParNew: 368640K->34585K(368640K), 0.0324080 secs] 7752662K->7425951K(12541952K), 0.0328340 secs] [Times: user=0.25 sys=0.00, real=0.04 secs] 
2011-03-01T02:06:40.181+0000: 3901.573: [GC 3901.573: [ParNew: 362265K->40960K(368640K), 0.0299330 secs] 7753631K->7432708K(12541952K), 0.0303300 secs] [Times: user=0.23 sys=0.00, real=0.03 secs] 
2011-03-01T02:06:41.022+0000: 3902.413: [GC 3902.413: [ParNew: 368640K->25157K(368640K), 0.0345060 secs] 7760388K->7426535K(12541952K), 0.0350090 secs] [Times: user=0.27 sys=0.00, real=0.04 secs] 
2011-03-01T02:06:41.782+0000: 3903.173: [GC 3903.174: [ParNew: 352837K->33324K(368640K), 0.0377700 secs] 7754215K->7445365K(12541952K), 0.0382490 secs] [Times: user=0.30 sys=0.00, real=0.03 secs] 
2011-03-01T02:06:42.468+0000: 3903.859: [GC 3903.859: [ParNew: 361061K->18323K(368640K), 0.0233330 secs] 7773102K->7434827K(12541952K), 0.0237870 secs] [Times: user=0.16 sys=0.00, real=0.02 secs] 
2011-03-01T02:06:42.494+0000: 3903.885: [GC 3903.885: [ParNew: 18452K->5139K(368640K), 0.0196100 secs] 7434956K->7421643K(12541952K), 0.0199790 secs] [Times: user=0.14 sys=0.01, real=0.02 secs] 
2011-03-01T02:06:43.599+0000: 3904.991: [GC 3904.991: [ParNew: 332819K->25698K(368640K), 0.0270000 secs] 7749323K->7442202K(12541952K), 0.0274930 secs] [Times: user=0.22 sys=0.01, real=0.03 secs] 
2011-03-01T02:06:44.199+0000: 3905.590: [GC 3905.590: [ParNew: 353378K->21325K(368640K), 0.0266800 secs] 7769882K->7444373K(12541952K), 0.0271420 secs] [Times: user=0.22 sys=0.00, real=0.03 secs] 
2011-03-01T02:06:45.144+0000: 3906.535: [GC 3906.536: [ParNew: 349005K->21881K(368640K), 0.0220670 secs] 7772053K->7444929K(12541952K), 0.0225260 secs] [Times: user=0.17 sys=0.00, real=0.02 secs] 
2011-03-01T02:06:45.934+0000: 3907.325: [GC 3907.326: [ParNew: 349561K->40960K(368640K), 0.0376680 secs] 7772609K->7467263K(12541952K), 0.0381270 secs] [Times: user=0.25 sys=0.00, real=0.04 secs] 
2011-03-01T02:06:46.771+0000: 3908.162: [GC 3908.162: [ParNew: 368640K->33045K(368640K), 0.0346150 secs] 7794943K->7467508K(12541952K), 0.0350160 secs] [Times: user=0.30 sys=0.00, real=0.04 secs] 
2011-03-01T02:06:47.526+0000: 3908.917: [GC 3908.918: [ParNew: 360725K->23035K(368640K), 0.0344360 secs] 7795188K->7469306K(12541952K), 0.0348510 secs] [Times: user=0.24 sys=0.00, real=0.03 secs] 
2011-03-01T02:06:48.696+0000: 3910.087: [GC 3910.087: [ParNew: 350715K->10521K(368640K), 0.0278210 secs] 7796986K->7456792K(12541952K), 0.0282660 secs] [Times: user=0.17 sys=0.01, real=0.03 secs] 
2011-03-01T02:06:50.332+0000: 3911.723: [GC 3911.723: [ParNew: 338201K->33577K(368640K), 0.0349860 secs] 7784472K->7479848K(12541952K), 0.0354610 secs] [Times: user=0.27 sys=0.02, real=0.04 secs] 
2011-03-01T02:06:51.687+0000: 3913.078: [GC 3913.078: [ParNew: 361257K->9128K(368640K), 0.0419640 secs] 7807528K->7472417K(12541952K), 0.0424220 secs] [Times: user=0.32 sys=0.00, real=0.04 secs] 
2011-03-01T02:06:52.872+0000: 3914.264: [GC 3914.264: [ParNew: 336808K->37182K(368640K), 0.0318180 secs] 7800097K->7500471K(12541952K), 0.0322740 secs] [Times: user=0.27 sys=0.02, real=0.03 secs] 
2011-03-01T02:06:53.779+0000: 3915.170: [GC 3915.171: [ParNew: 364862K->22143K(368640K), 0.0359050 secs] 7828151K->7495904K(12541952K), 0.0363780 secs] [Times: user=0.27 sys=0.00, real=0.04 secs] 
2011-03-01T02:06:54.402+0000: 3915.793: [GC 3915.794: [ParNew: 349823K->12662K(368640K), 0.0265980 secs] 7823584K->7486422K(12541952K), 0.0270730 secs] [Times: user=0.19 sys=0.02, real=0.02 secs] 
2011-03-01T02:06:54.854+0000: 3916.245: [GC 3916.245: [ParNew: 340314K->36447K(368640K), 0.0359250 secs] 7814074K->7510208K(12541952K), 0.0363000 secs] [Times: user=0.24 sys=0.00, real=0.03 secs] 
2011-03-01T02:06:55.318+0000: 3916.709: [GC 3916.709: [ParNew: 364127K->38288K(368640K), 0.0405200 secs] 7837888K->7524085K(12541952K), 0.0408770 secs] [Times: user=0.32 sys=0.00, real=0.04 secs] 
2011-03-01T02:06:55.765+0000: 3917.157: [GC 3917.157: [ParNew: 365968K->26697K(368640K), 0.0282580 secs] 7851765K->7514050K(12541952K), 0.0286210 secs] [Times: user=0.19 sys=0.00, real=0.03 secs] 
2011-03-01T02:06:56.202+0000: 3917.593: [GC 3917.594: [ParNew: 354334K->40960K(368640K), 0.0641130 secs] 7841687K->7548804K(12541952K), 0.0644740 secs] [Times: user=0.51 sys=0.00, real=0.06 secs] 
2011-03-01T02:06:56.634+0000: 3918.025: [GC 3918.025: [ParNew: 368607K->15467K(368640K), 0.0269670 secs] 7876452K->7527571K(12541952K), 0.0273250 secs] [Times: user=0.17 sys=0.00, real=0.02 secs] 
2011-03-01T02:06:57.120+0000: 3918.511: [GC 3918.511: [ParNew: 343147K->17402K(368640K), 0.0240780 secs] 7855251K->7529506K(12541952K), 0.0244370 secs] [Times: user=0.21 sys=0.00, real=0.03 secs] 
2011-03-01T02:06:57.537+0000: 3918.928: [GC 3918.928: [ParNew: 345082K->19226K(368640K), 0.0269530 secs] 7857186K->7531329K(12541952K), 0.0273140 secs] [Times: user=0.20 sys=0.00, real=0.03 secs] 
2011-03-01T02:06:57.946+0000: 3919.337: [GC 3919.337: [ParNew: 346906K->19814K(368640K), 0.0269800 secs] 7859009K->7531918K(12541952K), 0.0273370 secs] [Times: user=0.17 sys=0.00, real=0.03 secs] 
2011-03-01T02:06:58.449+0000: 3919.840: [GC 3919.840: [ParNew: 347494K->15932K(368640K), 0.0265310 secs] 7859598K->7528898K(12541952K), 0.0268870 secs] [Times: user=0.23 sys=0.00, real=0.03 secs] 
2011-03-01T02:06:59.010+0000: 3920.401: [GC 3920.402: [ParNew: 343612K->13346K(368640K), 0.0253930 secs] 7856578K->7526790K(12541952K), 0.0257630 secs] [Times: user=0.24 sys=0.00, real=0.03 secs] 
2011-03-01T02:06:59.469+0000: 3920.860: [GC 3920.860: [ParNew: 341026K->21205K(368640K), 0.0272430 secs] 7854470K->7535581K(12541952K), 0.0275950 secs] [Times: user=0.23 sys=0.00, real=0.03 secs] 
2011-03-01T02:06:59.970+0000: 3921.361: [GC 3921.362: [ParNew: 348885K->40960K(368640K), 0.0377040 secs] 7863261K->7556769K(12541952K), 0.0380710 secs] [Times: user=0.29 sys=0.01, real=0.04 secs] 
2011-03-01T02:07:00.325+0000: 3921.716: [GC 3921.717: [ParNew: 368640K->31993K(368640K), 0.0368240 secs] 7884449K->7555563K(12541952K), 0.0371840 secs] [Times: user=0.23 sys=0.00, real=0.04 secs] 
2011-03-01T02:07:00.789+0000: 3922.180: [GC 3922.180: [ParNew: 359636K->22325K(368640K), 0.0278670 secs] 7883206K->7547578K(12541952K), 0.0282200 secs] [Times: user=0.24 sys=0.00, real=0.03 secs] 
2011-03-01T02:07:01.309+0000: 3922.700: [GC 3922.700: [ParNew: 349993K->18836K(368640K), 0.0264840 secs] 7875246K->7544089K(12541952K), 0.0268590 secs] [Times: user=0.24 sys=0.00, real=0.03 secs] 
2011-03-01T02:07:02.323+0000: 3923.714: [GC 3923.715: [ParNew: 346516K->18214K(368640K), 0.0276320 secs] 7871769K->7543467K(12541952K), 0.0404550 secs] [Times: user=0.19 sys=0.00, real=0.04 secs] 
2011-03-01T02:07:03.538+0000: 3924.929: [GC 3924.929: [ParNew: 345894K->31686K(368640K), 0.0288020 secs] 7871147K->7556939K(12541952K), 0.0292620 secs] [Times: user=0.24 sys=0.00, real=0.03 secs] 
2011-03-01T02:07:04.432+0000: 3925.823: [GC 3925.823: [ParNew: 359366K->32736K(368640K), 0.0325650 secs] 7884619K->7561161K(12541952K), 0.0330250 secs] [Times: user=0.28 sys=0.00, real=0.04 secs] 
2011-03-01T02:07:05.461+0000: 3926.852: [GC 3926.852: [ParNew: 360416K->24964K(368640K), 0.0337880 secs] 7888841K->7559807K(12541952K), 0.0342490 secs] [Times: user=0.28 sys=0.00, real=0.04 secs] 
2011-03-01T02:07:06.541+0000: 3927.932: [GC 3927.932: [ParNew: 352644K->40960K(368640K), 0.0346740 secs] 7887487K->7577155K(12541952K), 0.0351430 secs] [Times: user=0.30 sys=0.00, real=0.04 secs] 
2011-03-01T02:07:07.501+0000: 3928.892: [GC 3928.893: [ParNew: 368640K->18355K(368640K), 0.0353560 secs] 7904835K->7562924K(12541952K), 0.0429640 secs] [Times: user=0.25 sys=0.01, real=0.05 secs] 
2011-03-01T02:07:08.276+0000: 3929.667: [GC 3929.668: [ParNew: 346035K->40960K(368640K), 0.0310540 secs] 7890604K->7585693K(12541952K), 0.0315190 secs] [Times: user=0.24 sys=0.01, real=0.03 secs] 
2011-03-01T02:07:09.373+0000: 3930.764: [GC 3930.764: [ParNew: 368640K->15516K(368640K), 0.0327350 secs] 7913373K->7569338K(12541952K), 0.0331930 secs] [Times: user=0.24 sys=0.00, real=0.03 secs] 
2011-03-01T02:07:10.280+0000: 3931.671: [GC 3931.671: [ParNew: 343196K->4720K(368640K), 0.0261160 secs] 7897018K->7558541K(12541952K), 0.0265800 secs] [Times: user=0.24 sys=0.00, real=0.03 secs] 
2011-03-01T02:07:11.360+0000: 3932.751: [GC 3932.752: [ParNew: 332400K->13021K(368640K), 0.0270970 secs] 7886221K->7566843K(12541952K), 0.0275650 secs] [Times: user=0.24 sys=0.02, real=0.03 secs] 
2011-03-01T02:07:12.464+0000: 3933.856: [GC 3933.856: [ParNew: 340701K->11415K(368640K), 0.0299080 secs] 7894523K->7565237K(12541952K), 0.0303450 secs] [Times: user=0.23 sys=0.00, real=0.03 secs] 
2011-03-01T02:07:13.497+0000: 3934.888: [GC 3934.889: [ParNew: 339095K->20234K(368640K), 0.0333730 secs] 7892917K->7575494K(12541952K), 0.0338080 secs] [Times: user=0.24 sys=0.00, real=0.03 secs] 
2011-03-01T02:07:14.394+0000: 3935.785: [GC 3935.785: [ParNew: 347914K->22247K(368640K), 0.0331450 secs] 7903174K->7578956K(12541952K), 0.0336000 secs] [Times: user=0.24 sys=0.00, real=0.03 secs] 
2011-03-01T02:07:15.495+0000: 3936.886: [GC 3936.887: [ParNew: 349927K->40960K(368640K), 0.0345540 secs] 7906636K->7599223K(12541952K), 0.0350460 secs] [Times: user=0.24 sys=0.00, real=0.03 secs] 
2011-03-01T02:07:16.617+0000: 3938.008: [GC 3938.008: [ParNew: 368640K->33202K(368640K), 0.0352780 secs] 7926903K->7598500K(12541952K), 0.0356200 secs] [Times: user=0.24 sys=0.00, real=0.04 secs] 
2011-03-01T02:07:17.410+0000: 3938.801: [GC 3938.801: [ParNew: 360882K->40960K(368640K), 0.0421430 secs] 7926180K->7610199K(12541952K), 0.0425390 secs] [Times: user=0.32 sys=0.00, real=0.05 secs] 
2011-03-01T02:07:18.322+0000: 3939.713: [GC 3939.714: [ParNew: 368640K->30342K(368640K), 0.0338270 secs] 7937879K->7606204K(12541952K), 0.0341740 secs] [Times: user=0.28 sys=0.00, real=0.03 secs] 
2011-03-01T02:07:19.051+0000: 3940.443: [GC 3940.443: [ParNew: 358022K->26592K(368640K), 0.0301530 secs] 7933884K->7602454K(12541952K), 0.0305350 secs] [Times: user=0.23 sys=0.00, real=0.03 secs] 
2011-03-01T02:07:19.664+0000: 3941.055: [GC 3941.055: [ParNew: 354272K->40399K(368640K), 0.0318360 secs] 7930134K->7616261K(12541952K), 0.0321840 secs] [Times: user=0.25 sys=0.00, real=0.03 secs] 
2011-03-01T02:07:20.514+0000: 3941.905: [GC 3941.905: [ParNew: 368079K->22904K(368640K), 0.0342920 secs] 7943941K->7606188K(12541952K), 0.0346290 secs] [Times: user=0.27 sys=0.00, real=0.03 secs] 
2011-03-01T02:07:21.540+0000: 3942.932: [GC 3942.932: [ParNew: 350584K->18113K(368640K), 0.0303360 secs] 7933868K->7601397K(12541952K), 0.0306740 secs] [Times: user=0.24 sys=0.00, real=0.03 secs] 
2011-03-01T02:07:22.583+0000: 3943.974: [GC 3943.974: [ParNew: 345793K->17599K(368640K), 0.0305880 secs] 7929077K->7600883K(12541952K), 0.0309390 secs] [Times: user=0.23 sys=0.00, real=0.03 secs] 
2011-03-01T02:07:24.089+0000: 3945.480: [GC 3945.481: [ParNew: 345279K->31099K(368640K), 0.0360760 secs] 7928563K->7618390K(12541952K), 0.0364210 secs] [Times: user=0.30 sys=0.00, real=0.04 secs] 
2011-03-01T02:07:25.821+0000: 3947.212: [GC 3947.212: [ParNew: 358779K->6451K(368640K), 0.0374920 secs] 7946070K->7605982K(12541952K), 0.0378360 secs] [Times: user=0.31 sys=0.00, real=0.04 secs] 
2011-03-01T02:07:27.249+0000: 3948.640: [GC 3948.641: [ParNew: 334131K->28325K(368640K), 0.0346980 secs] 7933662K->7627856K(12541952K), 0.0350410 secs] [Times: user=0.27 sys=0.01, real=0.04 secs] 
2011-03-01T02:07:28.186+0000: 3949.577: [GC 3949.577: [ParNew: 356005K->40960K(368640K), 0.0666880 secs] 7955536K->7657127K(12541952K), 0.0670690 secs] [Times: user=0.48 sys=0.00, real=0.07 secs] 
2011-03-01T02:07:29.922+0000: 3951.313: [GC 3951.314: [ParNew: 368640K->32826K(368640K), 0.0417630 secs] 7984826K->7664649K(12541952K), 0.0420970 secs] [Times: user=0.33 sys=0.00, real=0.04 secs] 
2011-03-01T02:07:29.966+0000: 3951.357: [GC 3951.358: [ParNew: 33011K->9009K(368640K), 0.0267400 secs] 7664834K->7640832K(12541952K), 0.0270200 secs] [Times: user=0.18 sys=0.00, real=0.03 secs] 
2011-03-01T02:07:30.983+0000: 3952.374: [GC 3952.374: [ParNew: 336689K->40960K(368640K), 0.0597710 secs] 7968512K->7690710K(12541952K), 0.0601190 secs] [Times: user=0.44 sys=0.01, real=0.06 secs] 
2011-03-01T02:07:32.412+0000: 3953.803: [GC 3953.803: [ParNew: 368640K->10183K(368640K), 0.0411990 secs] 8018390K->7676765K(12541952K), 0.0415470 secs] [Times: user=0.29 sys=0.00, real=0.05 secs] 
2011-03-01T02:07:34.116+0000: 3955.507: [GC 3955.508: [ParNew: 337863K->28583K(368640K), 0.0323750 secs] 8004445K->7695165K(12541952K), 0.0327220 secs] [Times: user=0.24 sys=0.00, real=0.03 secs] 
2011-03-01T02:07:34.873+0000: 3956.264: [GC 3956.264: [ParNew: 356263K->31728K(368640K), 0.0535230 secs] 8022845K->7708820K(12541952K), 0.0539940 secs] [Times: user=0.28 sys=0.00, real=0.05 secs] 
2011-03-01T02:07:35.230+0000: 3956.621: [GC 3956.621: [ParNew: 359408K->40960K(368640K), 0.0711570 secs] 8036500K->7736435K(12541952K), 0.0715870 secs] [Times: user=0.56 sys=0.00, real=0.07 secs] 
2011-03-01T02:07:35.672+0000: 3957.063: [GC 3957.064: [ParNew: 365044K->40960K(368640K), 0.0879630 secs] 8060520K->7803061K(12541952K), 0.0883300 secs] [Times: user=0.63 sys=0.01, real=0.08 secs] 
2011-03-01T02:07:35.952+0000: 3957.343: [GC 3957.343: [ParNew: 368640K->40960K(368640K), 0.0981280 secs] 8130741K->7847592K(12541952K), 0.0984710 secs] [Times: user=0.71 sys=0.00, real=0.10 secs] 
2011-03-01T02:07:36.419+0000: 3957.810: [GC 3957.811: [ParNew: 368640K->40960K(368640K), 0.0879190 secs] 8175272K->7884235K(12541952K), 0.0882670 secs] [Times: user=0.65 sys=0.00, real=0.09 secs] 
2011-03-01T02:07:36.935+0000: 3958.326: [GC 3958.327: [ParNew: 368640K->40960K(368640K), 0.0835200 secs] 8211915K->7915366K(12541952K), 0.0839980 secs] [Times: user=0.55 sys=0.01, real=0.08 secs] 
2011-03-01T02:07:37.170+0000: 3958.561: [GC 3958.561: [ParNew: 368640K->40960K(368640K), 0.1456180 secs] 8243046K->7990202K(12541952K), 0.1460700 secs] [Times: user=1.04 sys=0.00, real=0.15 secs] 
2011-03-01T02:07:37.448+0000: 3958.840: [GC 3958.840: [ParNew: 368640K->40960K(368640K), 0.1405210 secs] 8317882K->8060715K(12541952K), 0.1409780 secs] [Times: user=0.92 sys=0.01, real=0.14 secs] 
2011-03-01T02:07:38.114+0000: 3959.506: [GC 3959.506: [ParNew: 368640K->40960K(368640K), 0.0796350 secs] 8388395K->8102719K(12541952K), 0.0799830 secs] [Times: user=0.56 sys=0.00, real=0.08 secs] 
2011-03-01T02:07:38.608+0000: 3959.999: [GC 3959.999: [ParNew: 368640K->40960K(368640K), 0.1214340 secs] 8430399K->8160676K(12541952K), 0.1217870 secs] [Times: user=0.88 sys=0.01, real=0.12 secs] 
2011-03-01T02:07:39.625+0000: 3961.016: [GC 3961.017: [ParNew: 368640K->38594K(368640K), 0.0509010 secs] 8488356K->8174410K(12541952K), 0.0512500 secs] [Times: user=0.35 sys=0.00, real=0.05 secs] 
2011-03-01T02:07:41.109+0000: 3962.500: [GC 3962.501: [ParNew: 366274K->29713K(368640K), 0.0420100 secs] 8502090K->8165529K(12541952K), 0.0423520 secs] [Times: user=0.26 sys=0.00, real=0.04 secs] 
2011-03-01T02:07:42.704+0000: 3964.095: [GC 3964.095: [ParNew: 357393K->38023K(368640K), 0.0391060 secs] 8493209K->8177706K(12541952K), 0.0394510 secs] [Times: user=0.26 sys=0.00, real=0.04 secs] 
2011-03-01T02:07:43.723+0000: 3965.114: [GC 3965.114: [ParNew: 365703K->40958K(368640K), 0.0404490 secs] 8505386K->8191142K(12541952K), 0.0408010 secs] [Times: user=0.29 sys=0.01, real=0.04 secs] 
2011-03-01T02:07:44.264+0000: 3965.655: [GC 3965.655: [ParNew: 368638K->39303K(368640K), 0.0625490 secs] 8518822K->8270031K(12541952K), 0.0629030 secs] [Times: user=0.45 sys=0.01, real=0.06 secs] 
2011-03-01T02:07:45.000+0000: 3966.391: [GC 3966.393: [ParNew: 366983K->22508K(368640K), 0.0388260 secs] 8597711K->8265523K(12541952K), 0.0392750 secs] [Times: user=0.29 sys=0.00, real=0.04 secs] 
2011-03-01T02:07:45.829+0000: 3967.220: [GC 3967.221: [ParNew: 350188K->13703K(368640K), 0.0419660 secs] 8593203K->8256718K(12541952K), 0.0424470 secs] [Times: user=0.32 sys=0.00, real=0.04 secs] 
2011-03-01T02:07:46.535+0000: 3967.926: [GC 3967.926: [ParNew: 341383K->36650K(368640K), 0.0474040 secs] 8584398K->8279665K(12541952K), 0.0478980 secs] [Times: user=0.32 sys=0.00, real=0.05 secs] 
2011-03-01T02:07:46.917+0000: 3968.308: [GC 3968.308: [ParNew: 364330K->32380K(368640K), 0.0633870 secs] 8607345K->8357494K(12541952K), 0.0638810 secs] [Times: user=0.45 sys=0.00, real=0.06 secs] 
2011-03-01T02:07:46.982+0000: 3968.374: [GC [1 CMS-initial-mark: 8325114K(12173312K)] 8358185K(12541952K), 0.0131890 secs] [Times: user=0.02 sys=0.00, real=0.01 secs] 
2011-03-01T02:07:46.996+0000: 3968.387: [CMS-concurrent-mark-start]
2011-03-01T02:07:47.534+0000: 3968.925: [CMS-concurrent-mark: 0.538/0.538 secs] [Times: user=5.17 sys=0.48, real=0.54 secs] 
2011-03-01T02:07:47.534+0000: 3968.925: [CMS-concurrent-preclean-start]
2011-03-01T02:07:47.542+0000: 3968.933: [GC 3968.934: [ParNew: 360060K->40960K(368640K), 0.0421100 secs] 8685174K->8370127K(12541952K), 0.0424580 secs] [Times: user=0.34 sys=0.00, real=0.04 secs] 
2011-03-01T02:07:47.627+0000: 3969.018: [CMS-concurrent-preclean: 0.048/0.093 secs] [Times: user=0.64 sys=0.04, real=0.09 secs] 
2011-03-01T02:07:47.627+0000: 3969.019: [CMS-concurrent-abortable-preclean-start]
2011-03-01T02:07:47.815+0000: 3969.206: [CMS-concurrent-abortable-preclean: 0.174/0.188 secs] [Times: user=0.89 sys=0.49, real=0.19 secs] 
2011-03-01T02:07:47.817+0000: 3969.208: [GC[YG occupancy: 301325 K (368640 K)]3969.208: [Rescan (parallel) , 0.0415220 secs]3969.250: [weak refs processing, 0.0255700 secs] [1 CMS-remark: 8329167K(12173312K)] 8630493K(12541952K), 0.0673890 secs] [Times: user=0.35 sys=0.00, real=0.07 secs] 
2011-03-01T02:07:47.885+0000: 3969.276: [CMS-concurrent-sweep-start]
2011-03-01T02:07:47.976+0000: 3969.367: [GC 3969.368: [ParNew: 368640K->14151K(368640K), 0.0537810 secs] 8640181K->8311135K(12541952K), 0.0543020 secs] [Times: user=0.39 sys=0.00, real=0.05 secs] 
2011-03-01T02:07:48.624+0000: 3970.016: [GC 3970.016: [ParNew: 301859K->26778K(368640K), 0.0388040 secs] 8096530K->7821449K(12541952K), 0.0393020 secs] [Times: user=0.27 sys=0.00, real=0.04 secs] 
2011-03-01T02:07:49.067+0000: 3970.459: [GC 3970.459: [ParNew: 354458K->39276K(368640K), 0.0529840 secs] 7934599K->7689416K(12541952K), 0.0534980 secs] [Times: user=0.40 sys=0.00, real=0.05 secs] 
2011-03-01T02:07:49.564+0000: 3970.955: [GC 3970.956: [ParNew: 366956K->27497K(368640K), 0.0389750 secs] 7917496K->7597884K(12541952K), 0.0393320 secs] [Times: user=0.25 sys=0.00, real=0.04 secs] 
2011-03-01T02:07:50.071+0000: 3971.463: [GC 3971.463: [ParNew: 355177K->22220K(368640K), 0.0281440 secs] 7844337K->7511380K(12541952K), 0.0286200 secs] [Times: user=0.22 sys=0.00, real=0.03 secs] 
2011-03-01T02:07:50.456+0000: 3971.847: [GC 3971.848: [ParNew: 349900K->40960K(368640K), 0.0349050 secs] 7787548K->7479676K(12541952K), 0.0353100 secs] [Times: user=0.23 sys=0.00, real=0.03 secs] 
2011-03-01T02:07:50.989+0000: 3972.380: [GC 3972.380: [ParNew: 368640K->40960K(368640K), 0.0506130 secs] 7732925K->7420822K(12541952K), 0.0509640 secs] [Times: user=0.40 sys=0.01, real=0.05 secs] 
2011-03-01T02:07:51.710+0000: 3973.101: [GC 3973.101: [ParNew: 368640K->33727K(368640K), 0.0444550 secs] 7642161K->7322452K(12541952K), 0.0448050 secs] [Times: user=0.33 sys=0.00, real=0.05 secs] 
2011-03-01T02:07:52.495+0000: 3973.886: [GC 3973.887: [ParNew: 361407K->26021K(368640K), 0.0270230 secs] 7481476K->7151289K(12541952K), 0.0273780 secs] [Times: user=0.16 sys=0.00, real=0.03 secs] 
2011-03-01T02:07:53.366+0000: 3974.757: [GC 3974.757: [ParNew: 353701K->29211K(368640K), 0.0255930 secs] 7371625K->7047135K(12541952K), 0.0259340 secs] [Times: user=0.16 sys=0.00, real=0.03 secs] 
2011-03-01T02:07:53.877+0000: 3975.268: [GC 3975.269: [ParNew: 356891K->31947K(368640K), 0.0296520 secs] 7311496K->6992245K(12541952K), 0.0300040 secs] [Times: user=0.24 sys=0.00, real=0.03 secs] 
2011-03-01T02:07:54.354+0000: 3975.745: [GC 3975.745: [ParNew: 359627K->24612K(368640K), 0.0283630 secs] 7266255K->6937395K(12541952K), 0.0287160 secs] [Times: user=0.15 sys=0.00, real=0.02 secs] 
2011-03-01T02:07:54.692+0000: 3976.083: [GC 3976.083: [ParNew: 352292K->40960K(368640K), 0.0844040 secs] 7228484K->6950222K(12541952K), 0.0847720 secs] [Times: user=0.63 sys=0.00, real=0.09 secs] 
2011-03-01T02:07:55.200+0000: 3976.591: [GC 3976.591: [ParNew: 368640K->26769K(368640K), 0.0433950 secs] 7205644K->6879613K(12541952K), 0.0437610 secs] [Times: user=0.33 sys=0.00, real=0.05 secs] 
2011-03-01T02:07:55.611+0000: 3977.002: [GC 3977.003: [ParNew: 354449K->24641K(368640K), 0.0278710 secs] 7150357K->6820549K(12541952K), 0.0282300 secs] [Times: user=0.23 sys=0.00, real=0.03 secs] 
2011-03-01T02:07:56.119+0000: 3977.510: [GC 3977.510: [ParNew: 352309K->18176K(368640K), 0.0256650 secs] 7090212K->6760096K(12541952K), 0.0260290 secs] [Times: user=0.20 sys=0.00, real=0.03 secs] 
2011-03-01T02:07:56.539+0000: 3977.930: [GC 3977.930: [ParNew: 345856K->24766K(368640K), 0.0270640 secs] 7033268K->6712178K(12541952K), 0.0274260 secs] [Times: user=0.24 sys=0.00, real=0.03 secs] 
2011-03-01T02:07:56.986+0000: 3978.377: [GC 3978.377: [ParNew: 352446K->17083K(368640K), 0.0272030 secs] 6986668K->6653702K(12541952K), 0.0275590 secs] [Times: user=0.18 sys=0.00, real=0.03 secs] 
2011-03-01T02:07:57.357+0000: 3978.748: [GC 3978.748: [ParNew: 344763K->27041K(368640K), 0.0277980 secs] 6947749K->6630027K(12541952K), 0.0281550 secs] [Times: user=0.22 sys=0.00, real=0.03 secs] 
2011-03-01T02:07:57.864+0000: 3979.255: [GC 3979.255: [ParNew: 354721K->25329K(368640K), 0.0283120 secs] 6892995K->6568254K(12541952K), 0.0286750 secs] [Times: user=0.18 sys=0.00, real=0.02 secs] 
2011-03-01T02:07:58.607+0000: 3979.998: [GC 3979.999: [ParNew: 353009K->31024K(368640K), 0.0225240 secs] 6809823K->6487838K(12541952K), 0.0228780 secs] [Times: user=0.16 sys=0.00, real=0.02 secs] 
2011-03-01T02:07:59.324+0000: 3980.715: [GC 3980.715: [ParNew: 358704K->40945K(368640K), 0.0269730 secs] 6723917K->6410518K(12541952K), 0.0273150 secs] [Times: user=0.17 sys=0.00, real=0.02 secs] 
2011-03-01T02:08:00.105+0000: 3981.496: [GC 3981.496: [ParNew: 368625K->30533K(368640K), 0.0335170 secs] 6586475K->6254914K(12541952K), 0.0338720 secs] [Times: user=0.24 sys=0.00, real=0.03 secs] 
2011-03-01T02:08:00.442+0000: 3981.834: [GC 3981.834: [ParNew: 358213K->40960K(368640K), 0.1055900 secs] 6552603K->6298417K(12541952K), 0.1060670 secs] [Times: user=0.80 sys=0.00, real=0.10 secs] 
2011-03-01T02:08:01.232+0000: 3982.623: [GC 3982.624: [ParNew: 368640K->22391K(368640K), 0.0382940 secs] 6516882K->6183718K(12541952K), 0.0387930 secs] [Times: user=0.27 sys=0.00, real=0.03 secs] 
2011-03-01T02:08:02.030+0000: 3983.422: [GC 3983.422: [ParNew: 350071K->38680K(368640K), 0.0312920 secs] 6415038K->6103647K(12541952K), 0.0316400 secs] [Times: user=0.24 sys=0.03, real=0.04 secs] 
2011-03-01T02:08:02.584+0000: 3983.975: [GC 3983.975: [ParNew: 366360K->28033K(368640K), 0.0282490 secs] 6380157K->6049408K(12541952K), 0.0286090 secs] [Times: user=0.17 sys=0.02, real=0.02 secs] 
2011-03-01T02:08:03.094+0000: 3984.485: [GC 3984.486: [ParNew: 355713K->12908K(368640K), 0.0251660 secs] 6319666K->5982126K(12541952K), 0.0255300 secs] [Times: user=0.17 sys=0.00, real=0.02 secs] 
2011-03-01T02:08:03.921+0000: 3985.312: [GC 3985.312: [ParNew: 340557K->21937K(368640K), 0.0222810 secs] 6225303K->5906683K(12541952K), 0.0226390 secs] [Times: user=0.18 sys=0.00, real=0.03 secs] 
2011-03-01T02:08:04.554+0000: 3985.945: [GC 3985.945: [ParNew: 349570K->21775K(368640K), 0.0302540 secs] 6164852K->5840957K(12541952K), 0.0306160 secs] [Times: user=0.22 sys=0.00, real=0.03 secs] 
2011-03-01T02:08:05.147+0000: 3986.538: [GC 3986.538: [ParNew: 349455K->40960K(368640K), 0.0705290 secs] 6110782K->5820498K(12541952K), 0.0709050 secs] [Times: user=0.50 sys=0.00, real=0.07 secs] 
2011-03-01T02:08:06.150+0000: 3987.542: [GC 3987.542: [ParNew: 368640K->34753K(368640K), 0.0432390 secs] 6029665K->5710621K(12541952K), 0.0436260 secs] [Times: user=0.31 sys=0.00, real=0.05 secs] 
2011-03-01T02:08:08.697+0000: 3990.088: [GC 3990.089: [ParNew: 362433K->40960K(368640K), 0.0311390 secs] 5549158K->5234808K(12541952K), 0.0315690 secs] [Times: user=0.23 sys=0.00, real=0.03 secs] 
2011-03-01T02:08:10.527+0000: 3991.918: [GC 3991.919: [ParNew: 368640K->35804K(368640K), 0.0457860 secs] 5340982K->5020130K(12541952K), 0.0462540 secs] [Times: user=0.32 sys=0.00, real=0.05 secs] 
2011-03-01T02:08:13.352+0000: 3994.743: [GC 3994.743: [ParNew: 363484K->19171K(368640K), 0.0439350 secs] 5006149K->4674761K(12541952K), 0.0444070 secs] [Times: user=0.30 sys=0.00, real=0.05 secs] 
2011-03-01T02:08:15.563+0000: 3996.954: [GC 3996.954: [ParNew: 346851K->40960K(368640K), 0.0619900 secs] 4755584K->4473826K(12541952K), 0.0624590 secs] [Times: user=0.45 sys=0.02, real=0.06 secs] 
2011-03-01T02:08:17.194+0000: 3998.585: [GC 3998.585: [ParNew: 368640K->21951K(368640K), 0.0391960 secs] 4473119K->4140719K(12541952K), 0.0396010 secs] [Times: user=0.26 sys=0.00, real=0.04 secs] 
2011-03-01T02:08:18.879+0000: 4000.271: [GC 4000.271: [ParNew: 349631K->38777K(368640K), 0.0363500 secs] 4265688K->3954835K(12541952K), 0.0367190 secs] [Times: user=0.32 sys=0.00, real=0.04 secs] 
2011-03-01T02:08:20.345+0000: 4001.736: [GC 4001.737: [ParNew: 366457K->36528K(368640K), 0.0499120 secs] 4108409K->3793981K(12541952K), 0.0502630 secs] [Times: user=0.32 sys=0.01, real=0.05 secs] 
2011-03-01T02:08:23.211+0000: 4004.602: [GC 4004.603: [ParNew: 364208K->30358K(368640K), 0.0420990 secs] 3717492K->3398241K(12541952K), 0.0424440 secs] [Times: user=0.30 sys=0.00, real=0.05 secs] 
2011-03-01T02:08:25.387+0000: 4006.778: [GC 4006.778: [ParNew: 358038K->26186K(368640K), 0.0429950 secs] 3407984K->3086602K(12541952K), 0.0433460 secs] [Times: user=0.32 sys=0.00, real=0.04 secs] 
2011-03-01T02:08:27.007+0000: 4008.398: [GC 4008.399: [ParNew: 353866K->40960K(368640K), 0.0393750 secs] 3244423K->2934651K(12541952K), 0.0397190 secs] [Times: user=0.32 sys=0.00, real=0.04 secs] 
2011-03-01T02:08:28.491+0000: 4009.882: [GC 4009.882: [ParNew: 368640K->18125K(368640K), 0.0544640 secs] 3083167K->2756772K(12541952K), 0.0548070 secs] [Times: user=0.40 sys=0.00, real=0.06 secs] 
2011-03-01T02:08:29.508+0000: 4010.899: [GC 4010.899: [ParNew: 345805K->40960K(368640K), 0.0468170 secs] 2932638K->2638644K(12541952K), 0.0471580 secs] [Times: user=0.33 sys=0.00, real=0.05 secs] 
2011-03-01T02:08:30.937+0000: 4012.328: [GC 4012.328: [ParNew: 368640K->13623K(368640K), 0.0465270 secs] 2735209K->2399199K(12541952K), 0.0468800 secs] [Times: user=0.33 sys=0.00, real=0.05 secs] 
2011-03-01T02:08:32.699+0000: 4014.090: [GC 4014.090: [ParNew: 341303K->40960K(368640K), 0.0794720 secs] 2385435K->2116264K(12541952K), 0.0799370 secs] [Times: user=0.57 sys=0.00, real=0.08 secs] 
2011-03-01T02:08:32.800+0000: 4014.191: [CMS-concurrent-sweep: 42.804/44.916 secs] [Times: user=113.02 sys=24.22, real=44.91 secs] 
2011-03-01T02:08:32.800+0000: 4014.192: [CMS-concurrent-reset-start]
2011-03-01T02:08:32.827+0000: 4014.218: [CMS-concurrent-reset: 0.026/0.026 secs] [Times: user=0.05 sys=0.01, real=0.03 secs] 
2011-03-01T02:08:34.453+0000: 4015.844: [GC 4015.844: [ParNew: 368640K->14737K(368640K), 0.0513580 secs] 2429849K->2094160K(12541952K), 0.0518470 secs] [Times: user=0.36 sys=0.00, real=0.05 secs] 
2011-03-01T02:08:35.705+0000: 4017.096: [GC 4017.096: [ParNew: 342417K->40960K(368640K), 0.0445840 secs] 2421840K->2130923K(12541952K), 0.0450420 secs] [Times: user=0.32 sys=0.00, real=0.04 secs] 
2011-03-01T02:08:36.803+0000: 4018.194: [GC 4018.195: [ParNew: 368639K->29724K(368640K), 0.0460070 secs] 2458615K->2135925K(12541952K), 0.0463600 secs] [Times: user=0.33 sys=0.00, real=0.04 secs] 
2011-03-01T02:08:37.524+0000: 4018.915: [GC 4018.916: [ParNew: 357404K->40960K(368640K), 0.0882490 secs] 2463605K->2170071K(12541952K), 0.0885980 secs] [Times: user=0.56 sys=0.01, real=0.09 secs] 
2011-03-01T02:08:38.008+0000: 4019.400: [GC 4019.400: [ParNew: 368640K->40960K(368640K), 0.1179810 secs] 2497751K->2221656K(12541952K), 0.1183490 secs] [Times: user=0.86 sys=0.00, real=0.12 secs] 
2011-03-01T02:08:38.259+0000: 4019.650: [GC 4019.650: [ParNew: 368640K->40960K(368640K), 0.1428160 secs] 2549358K->2296579K(12541952K), 0.1431620 secs] [Times: user=0.95 sys=0.00, real=0.14 secs] 
2011-03-01T02:08:38.407+0000: 4019.798: [GC 4019.799: [ParNew: 43799K->39868K(368640K), 0.0779010 secs] 2299418K->2336581K(12541952K), 0.0783890 secs] [Times: user=0.41 sys=0.00, real=0.08 secs] 
2011-03-01T02:08:38.619+0000: 4020.010: [GC 4020.010: [ParNew: 367548K->40960K(368640K), 0.1016860 secs] 2664261K->2396051K(12541952K), 0.1021570 secs] [Times: user=0.73 sys=0.00, real=0.10 secs] 
2011-03-01T02:08:39.086+0000: 4020.477: [GC 4020.477: [ParNew: 368640K->25897K(368640K), 0.0509890 secs] 2723731K->2399422K(12541952K), 0.0514540 secs] [Times: user=0.34 sys=0.00, real=0.05 secs] 
2011-03-01T02:08:39.393+0000: 4020.784: [GC 4020.784: [ParNew: 353577K->40960K(368640K), 0.1635450 secs] 2727102K->2476550K(12541952K), 0.1640730 secs] [Times: user=1.04 sys=0.02, real=0.16 secs] 
2011-03-01T02:08:39.676+0000: 4021.067: [GC 4021.067: [ParNew: 368640K->40960K(368640K), 0.1728860 secs] 2804230K->2566343K(12541952K), 0.1733440 secs] [Times: user=1.13 sys=0.00, real=0.17 secs] 
2011-03-01T02:08:40.019+0000: 4021.410: [GC 4021.410: [ParNew: 368640K->40960K(368640K), 0.1151100 secs] 2894023K->2612888K(12541952K), 0.1154560 secs] [Times: user=0.79 sys=0.02, real=0.12 secs] 
2011-03-01T02:08:40.666+0000: 4022.057: [GC 4022.057: [ParNew: 368640K->40960K(368640K), 0.1227960 secs] 2940568K->2659956K(12541952K), 0.1232150 secs] [Times: user=0.82 sys=0.00, real=0.12 secs] 
2011-03-01T02:08:41.856+0000: 4023.247: [GC 4023.247: [ParNew: 368640K->40960K(368640K), 0.1416470 secs] 2987636K->2703757K(12541952K), 0.1420190 secs] [Times: user=0.77 sys=0.01, real=0.14 secs] 
2011-03-01T02:08:43.078+0000: 4024.470: [GC 4024.470: [ParNew: 368640K->40960K(368640K), 0.0776770 secs] 3031437K->2727740K(12541952K), 0.0780310 secs] [Times: user=0.55 sys=0.00, real=0.08 secs] 
2011-03-01T02:08:44.819+0000: 4026.211: [GC 4026.211: [ParNew: 368640K->23827K(368640K), 0.0523900 secs] 3055420K->2722436K(12541952K), 0.0527360 secs] [Times: user=0.38 sys=0.00, real=0.06 secs] 
2011-03-01T02:08:46.103+0000: 4027.494: [GC 4027.495: [ParNew: 351507K->12907K(368640K), 0.0446730 secs] 3050116K->2723854K(12541952K), 0.0450200 secs] [Times: user=0.26 sys=0.00, real=0.04 secs] 
2011-03-01T02:08:47.476+0000: 4028.867: [GC 4028.867: [ParNew: 340587K->31157K(368640K), 0.0327480 secs] 3051534K->2742104K(12541952K), 0.0330890 secs] [Times: user=0.24 sys=0.00, real=0.03 secs] 
2011-03-01T02:08:49.485+0000: 4030.877: [GC 4030.877: [ParNew: 358837K->31771K(368640K), 0.0440590 secs] 3069784K->2749939K(12541952K), 0.0444040 secs] [Times: user=0.30 sys=0.01, real=0.04 secs] 
2011-03-01T02:08:50.610+0000: 4032.001: [GC 4032.002: [ParNew: 359451K->30848K(368640K), 0.0408710 secs] 3077619K->2755353K(12541952K), 0.0412130 secs] [Times: user=0.31 sys=0.01, real=0.04 secs] 
2011-03-01T02:08:52.041+0000: 4033.433: [GC 4033.433: [ParNew: 358528K->36931K(368640K), 0.0379770 secs] 3083033K->2768925K(12541952K), 0.0383240 secs] [Times: user=0.32 sys=0.00, real=0.04 secs] 
2011-03-01T02:08:53.224+0000: 4034.615: [GC 4034.616: [ParNew: 364611K->40960K(368640K), 0.0524410 secs] 3096605K->2786030K(12541952K), 0.0528130 secs] [Times: user=0.34 sys=0.00, real=0.05 secs] 
2011-03-01T02:08:54.496+0000: 4035.888: [GC 4035.888: [ParNew: 368640K->31206K(368640K), 0.0291740 secs] 3113710K->2779190K(12541952K), 0.0295550 secs] [Times: user=0.22 sys=0.00, real=0.03 secs] 
2011-03-01T02:08:55.010+0000: 4036.401: [GC 4036.401: [ParNew: 358886K->40960K(368640K), 0.0760200 secs] 3106870K->2810968K(12541952K), 0.0764040 secs] [Times: user=0.49 sys=0.01, real=0.08 secs] 
2011-03-01T02:08:55.738+0000: 4037.130: [GC 4037.130: [ParNew: 368640K->40828K(368640K), 0.0532490 secs] 3138648K->2821693K(12541952K), 0.0536340 secs] [Times: user=0.35 sys=0.00, real=0.05 secs] 
2011-03-01T02:08:56.379+0000: 4037.770: [GC 4037.771: [ParNew: 368373K->40878K(368640K), 0.0357760 secs] 3149238K->2823774K(12541952K), 0.0362520 secs] [Times: user=0.25 sys=0.00, real=0.04 secs] 
2011-03-01T02:08:57.483+0000: 4038.874: [GC 4038.874: [ParNew: 368558K->26881K(368640K), 0.0277020 secs] 3151454K->2811862K(12541952K), 0.0281760 secs] [Times: user=0.18 sys=0.00, real=0.03 secs] 
2011-03-01T02:08:58.066+0000: 4039.457: [GC 4039.457: [ParNew: 354552K->21925K(368640K), 0.0241660 secs] 3139532K->2806906K(12541952K), 0.0246460 secs] [Times: user=0.16 sys=0.00, real=0.02 secs] 
2011-03-01T02:08:58.762+0000: 4040.153: [GC 4040.154: [ParNew: 349595K->31648K(368640K), 0.0267040 secs] 3134576K->2816628K(12541952K), 0.0271750 secs] [Times: user=0.21 sys=0.00, real=0.03 secs] 
2011-03-01T02:08:59.523+0000: 4040.914: [GC 4040.914: [ParNew: 359265K->13262K(368640K), 0.0373730 secs] 3144245K->2807806K(12541952K), 0.0378490 secs] [Times: user=0.25 sys=0.00, real=0.03 secs] 
2011-03-01T02:09:00.184+0000: 4041.575: [GC 4041.576: [ParNew: 340942K->29402K(368640K), 0.0263270 secs] 3135486K->2823945K(12541952K), 0.0331150 secs] [Times: user=0.23 sys=0.00, real=0.03 secs] 
2011-03-01T02:09:00.373+0000: 4041.764: [GC 4041.765: [ParNew: 357082K->40960K(368640K), 0.1424690 secs] 3151625K->2938556K(12541952K), 0.1429430 secs] [Times: user=0.80 sys=0.00, real=0.14 secs] 
2011-03-01T02:09:00.925+0000: 4042.316: [GC 4042.317: [ParNew: 368640K->29031K(368640K), 0.0604050 secs] 3266236K->2947518K(12541952K), 0.0608870 secs] [Times: user=0.39 sys=0.00, real=0.06 secs] 
2011-03-01T02:09:01.602+0000: 4042.993: [GC 4042.993: [ParNew: 356711K->9251K(368640K), 0.0480540 secs] 3275198K->2937443K(12541952K), 0.0485370 secs] [Times: user=0.31 sys=0.00, real=0.05 secs] 
2011-03-01T02:09:02.182+0000: 4043.573: [GC 4043.573: [ParNew: 336879K->8166K(368640K), 0.0251860 secs] 3265071K->2936358K(12541952K), 0.0256960 secs] [Times: user=0.22 sys=0.01, real=0.03 secs] 
2011-03-01T02:09:02.581+0000: 4043.972: [GC 4043.972: [ParNew: 335846K->10974K(368640K), 0.0340660 secs] 3264038K->2939166K(12541952K), 0.0344270 secs] [Times: user=0.29 sys=0.00, real=0.04 secs] 
2011-03-01T02:09:03.184+0000: 4044.575: [GC 4044.575: [ParNew: 338654K->15724K(368640K), 0.0354680 secs] 3266846K->2943916K(12541952K), 0.0358230 secs] [Times: user=0.25 sys=0.00, real=0.03 secs] 
2011-03-01T02:09:03.960+0000: 4045.351: [GC 4045.351: [ParNew: 343404K->33181K(368640K), 0.0470010 secs] 3271596K->2965107K(12541952K), 0.0473430 secs] [Times: user=0.33 sys=0.00, real=0.05 secs] 
2011-03-01T02:09:04.702+0000: 4046.093: [GC 4046.094: [ParNew: 360861K->17715K(368640K), 0.0566760 secs] 3292787K->2961776K(12541952K), 0.0570210 secs] [Times: user=0.39 sys=0.00, real=0.05 secs] 
2011-03-01T02:09:07.458+0000: 4048.850: [GC 4048.850: [ParNew: 345395K->33032K(368640K), 0.0357950 secs] 3289456K->2977093K(12541952K), 0.0361470 secs] [Times: user=0.30 sys=0.00, real=0.04 secs] 
2011-03-01T02:09:09.873+0000: 4051.264: [GC 4051.264: [ParNew: 360712K->19440K(368640K), 0.0552550 secs] 3304773K->2978619K(12541952K), 0.0556030 secs] [Times: user=0.36 sys=0.01, real=0.05 secs] 
2011-03-01T02:09:12.469+0000: 4053.860: [GC 4053.860: [ParNew: 347120K->40960K(368640K), 0.0481000 secs] 3306299K->3014756K(12541952K), 0.0484600 secs] [Times: user=0.33 sys=0.00, real=0.05 secs] 
2011-03-01T02:09:15.068+0000: 4056.459: [GC 4056.459: [ParNew: 368640K->33712K(368640K), 0.0429230 secs] 3342436K->3019588K(12541952K), 0.0432760 secs] [Times: user=0.32 sys=0.00, real=0.04 secs] 
2011-03-01T02:09:17.660+0000: 4059.051: [GC 4059.051: [ParNew: 361392K->40960K(368640K), 0.0547620 secs] 3347268K->3065285K(12541952K), 0.0551090 secs] [Times: user=0.41 sys=0.00, real=0.06 secs] 
2011-03-01T02:09:19.160+0000: 4060.551: [GC 4060.551: [ParNew: 368640K->40960K(368640K), 0.0507950 secs] 3392965K->3077441K(12541952K), 0.0511460 secs] [Times: user=0.40 sys=0.00, real=0.05 secs] 
2011-03-01T02:09:22.130+0000: 4063.521: [GC 4063.522: [ParNew: 368640K->35308K(368640K), 0.0399140 secs] 3405121K->3078398K(12541952K), 0.0402670 secs] [Times: user=0.31 sys=0.00, real=0.04 secs] 
2011-03-01T02:09:24.314+0000: 4065.705: [GC 4065.706: [ParNew: 362988K->26182K(368640K), 0.0401120 secs] 3406078K->3083063K(12541952K), 0.0404620 secs] [Times: user=0.25 sys=0.00, real=0.04 secs] 
2011-03-01T02:09:26.135+0000: 4067.526: [GC 4067.526: [ParNew: 353862K->40960K(368640K), 0.0550690 secs] 3410743K->3108723K(12541952K), 0.0554170 secs] [Times: user=0.40 sys=0.00, real=0.05 secs] 
2011-03-01T02:09:28.010+0000: 4069.401: [GC 4069.402: [ParNew: 368640K->30502K(368640K), 0.0570040 secs] 3436403K->3123397K(12541952K), 0.0573550 secs] [Times: user=0.39 sys=0.01, real=0.06 secs] 
2011-03-01T02:09:29.006+0000: 4070.398: [GC 4070.398: [ParNew: 358182K->40960K(368640K), 0.0731840 secs] 3451077K->3157940K(12541952K), 0.0735360 secs] [Times: user=0.52 sys=0.00, real=0.07 secs] 
2011-03-01T02:09:30.781+0000: 4072.172: [GC 4072.172: [ParNew: 368640K->20017K(368640K), 0.0527590 secs] 3485620K->3158881K(12541952K), 0.0531040 secs] [Times: user=0.40 sys=0.00, real=0.06 secs] 
2011-03-01T02:09:31.810+0000: 4073.201: [GC 4073.201: [ParNew: 347697K->40960K(368640K), 0.0379390 secs] 3486561K->3181574K(12541952K), 0.0382830 secs] [Times: user=0.32 sys=0.00, real=0.04 secs] 
2011-03-01T02:09:32.998+0000: 4074.389: [GC 4074.389: [ParNew: 368640K->25270K(368640K), 0.0476960 secs] 3509254K->3185676K(12541952K), 0.0480490 secs] [Times: user=0.32 sys=0.00, real=0.05 secs] 
2011-03-01T02:09:34.923+0000: 4076.315: [GC 4076.315: [ParNew: 352950K->40960K(368640K), 0.0361500 secs] 3513356K->3205574K(12541952K), 0.0365040 secs] [Times: user=0.27 sys=0.01, real=0.03 secs] 
2011-03-01T02:09:35.378+0000: 4076.770: [GC 4076.770: [ParNew: 368640K->40960K(368640K), 0.0849960 secs] 3533254K->3234807K(12541952K), 0.0853480 secs] [Times: user=0.64 sys=0.01, real=0.09 secs] 
2011-03-01T02:09:36.004+0000: 4077.395: [GC 4077.395: [ParNew: 368640K->40960K(368640K), 0.0902500 secs] 3562487K->3264700K(12541952K), 0.0906990 secs] [Times: user=0.62 sys=0.01, real=0.09 secs] 
2011-03-01T02:09:36.271+0000: 4077.662: [GC 4077.663: [ParNew: 368640K->40960K(368640K), 0.1677850 secs] 3592380K->3347627K(12541952K), 0.1682200 secs] [Times: user=1.20 sys=0.00, real=0.17 secs] 
2011-03-01T02:09:36.614+0000: 4078.005: [GC 4078.006: [ParNew: 368640K->40960K(368640K), 0.2290660 secs] 3675307K->3464810K(12541952K), 0.2296190 secs] [Times: user=1.47 sys=0.02, real=0.23 secs] 
2011-03-01T02:09:37.009+0000: 4078.400: [GC 4078.400: [ParNew: 368640K->40960K(368640K), 0.1434710 secs] 3792490K->3532859K(12541952K), 0.1439560 secs] [Times: user=0.89 sys=0.02, real=0.15 secs] 
2011-03-01T02:09:37.377+0000: 4078.768: [GC 4078.769: [ParNew: 368640K->40960K(368640K), 0.1577300 secs] 3860539K->3591831K(12541952K), 0.1582970 secs] [Times: user=0.90 sys=0.00, real=0.16 secs] 
2011-03-01T02:09:37.703+0000: 4079.095: [GC 4079.095: [ParNew: 368640K->40960K(368640K), 0.1871360 secs] 3919511K->3683315K(12541952K), 0.1876500 secs] [Times: user=1.31 sys=0.00, real=0.18 secs] 
2011-03-01T02:09:38.060+0000: 4079.452: [GC 4079.452: [ParNew: 368640K->40960K(368640K), 0.1357410 secs] 4010995K->3735771K(12541952K), 0.1361800 secs] [Times: user=0.98 sys=0.00, real=0.14 secs] 
2011-03-01T02:09:38.535+0000: 4079.926: [GC 4079.926: [ParNew: 368640K->40960K(368640K), 0.0940070 secs] 4063451K->3771036K(12541952K), 0.0944330 secs] [Times: user=0.63 sys=0.02, real=0.09 secs] 
2011-03-01T02:09:39.227+0000: 4080.618: [GC 4080.618: [ParNew: 368640K->40960K(368640K), 0.0925030 secs] 4098716K->3808260K(12541952K), 0.0929620 secs] [Times: user=0.64 sys=0.00, real=0.09 secs] 
2011-03-01T02:09:40.261+0000: 4081.652: [GC 4081.652: [ParNew: 368640K->40960K(368640K), 0.0845260 secs] 4135940K->3837780K(12541952K), 0.0849900 secs] [Times: user=0.62 sys=0.00, real=0.09 secs] 
2011-03-01T02:09:42.261+0000: 4083.652: [GC 4083.652: [ParNew: 368640K->31238K(368640K), 0.0499950 secs] 4165460K->3844002K(12541952K), 0.0504410 secs] [Times: user=0.40 sys=0.00, real=0.05 secs] 
2011-03-01T02:09:43.395+0000: 4084.786: [GC 4084.787: [ParNew: 358918K->40960K(368640K), 0.0595060 secs] 4171682K->3870663K(12541952K), 0.0599840 secs] [Times: user=0.41 sys=0.00, real=0.06 secs] 
2011-03-01T02:09:44.741+0000: 4086.132: [GC 4086.133: [ParNew: 368640K->32369K(368640K), 0.0456950 secs] 4198343K->3874812K(12541952K), 0.0461600 secs] [Times: user=0.36 sys=0.01, real=0.05 secs] 
2011-03-01T02:09:46.683+0000: 4088.074: [GC 4088.074: [ParNew: 360049K->29016K(368640K), 0.0406030 secs] 4202492K->3880090K(12541952K), 0.0409520 secs] [Times: user=0.26 sys=0.00, real=0.04 secs] 
2011-03-01T02:09:47.641+0000: 4089.032: [GC 4089.032: [ParNew: 356696K->40960K(368640K), 0.0777270 secs] 4207770K->3930321K(12541952K), 0.0780730 secs] [Times: user=0.54 sys=0.00, real=0.08 secs] 
2011-03-01T02:09:48.794+0000: 4090.185: [GC 4090.185: [ParNew: 368640K->30515K(368640K), 0.0668200 secs] 4258001K->3947418K(12541952K), 0.0671620 secs] [Times: user=0.49 sys=0.00, real=0.06 secs] 
2011-03-01T02:09:49.876+0000: 4091.268: [GC 4091.268: [ParNew: 358195K->40960K(368640K), 0.0507450 secs] 4275098K->3969850K(12541952K), 0.0510900 secs] [Times: user=0.40 sys=0.00, real=0.05 secs] 
2011-03-01T02:09:51.143+0000: 4092.534: [GC 4092.535: [ParNew: 368640K->25512K(368640K), 0.0393790 secs] 4297530K->3966379K(12541952K), 0.0397280 secs] [Times: user=0.26 sys=0.00, real=0.05 secs] 
2011-03-01T02:09:52.551+0000: 4093.942: [GC 4093.943: [ParNew: 353192K->40960K(368640K), 0.0473390 secs] 4294059K->3991372K(12541952K), 0.0476900 secs] [Times: user=0.40 sys=0.00, real=0.05 secs] 
2011-03-01T02:09:53.786+0000: 4095.177: [GC 4095.177: [ParNew: 368640K->40960K(368640K), 0.0588400 secs] 4319052K->4007850K(12541952K), 0.0592180 secs] [Times: user=0.41 sys=0.00, real=0.06 secs] 
2011-03-01T02:09:54.673+0000: 4096.065: [GC 4096.065: [ParNew: 368640K->35720K(368640K), 0.0418270 secs] 4335530K->4017359K(12541952K), 0.0421910 secs] [Times: user=0.26 sys=0.02, real=0.04 secs] 
2011-03-01T02:09:55.511+0000: 4096.903: [GC 4096.903: [ParNew: 363392K->32161K(368640K), 0.0285900 secs] 4345031K->4013799K(12541952K), 0.0289450 secs] [Times: user=0.24 sys=0.00, real=0.03 secs] 
2011-03-01T02:09:55.910+0000: 4097.301: [GC 4097.301: [ParNew: 359838K->34610K(368640K), 0.0397480 secs] 4341477K->4027636K(12541952K), 0.0401100 secs] [Times: user=0.31 sys=0.01, real=0.04 secs] 
2011-03-01T02:09:56.585+0000: 4097.976: [GC 4097.977: [ParNew: 362290K->16124K(368640K), 0.0295590 secs] 4355316K->4014419K(12541952K), 0.0299260 secs] [Times: user=0.19 sys=0.01, real=0.03 secs] 
2011-03-01T02:09:57.431+0000: 4098.822: [GC 4098.823: [ParNew: 343804K->20749K(368640K), 0.0310200 secs] 4342099K->4019044K(12541952K), 0.0313790 secs] [Times: user=0.21 sys=0.00, real=0.03 secs] 
2011-03-01T02:09:59.278+0000: 4100.669: [GC 4100.669: [ParNew: 348429K->16661K(368640K), 0.0306980 secs] 4346724K->4014956K(12541952K), 0.0310530 secs] [Times: user=0.24 sys=0.00, real=0.03 secs] 
2011-03-01T02:10:00.314+0000: 4101.705: [GC 4101.705: [ParNew: 344341K->40960K(368640K), 0.0362510 secs] 4342636K->4039539K(12541952K), 0.0365980 secs] [Times: user=0.25 sys=0.00, real=0.03 secs] 
2011-03-01T02:10:01.630+0000: 4103.022: [GC 4103.022: [ParNew: 368640K->13451K(368640K), 0.0681430 secs] 4367219K->4032095K(12541952K), 0.0685200 secs] [Times: user=0.46 sys=0.00, real=0.07 secs] 
2011-03-01T02:10:02.105+0000: 4103.496: [GC 4103.496: [ParNew: 341131K->27908K(368640K), 0.0416440 secs] 4359775K->4046551K(12541952K), 0.0420770 secs] [Times: user=0.29 sys=0.00, real=0.04 secs] 
2011-03-01T02:10:02.858+0000: 4104.249: [GC 4104.250: [ParNew: 355584K->17356K(368640K), 0.0292520 secs] 4374227K->4044304K(12541952K), 0.0297430 secs] [Times: user=0.25 sys=0.00, real=0.03 secs] 
2011-03-01T02:10:03.551+0000: 4104.942: [GC 4104.942: [ParNew: 345020K->15201K(368640K), 0.0237220 secs] 4371968K->4042149K(12541952K), 0.0241920 secs] [Times: user=0.20 sys=0.00, real=0.03 secs] 
2011-03-01T02:10:04.326+0000: 4105.717: [GC 4105.718: [ParNew: 342818K->18088K(368640K), 0.0249010 secs] 4369766K->4045036K(12541952K), 0.0253760 secs] [Times: user=0.15 sys=0.00, real=0.02 secs] 
2011-03-01T02:10:04.899+0000: 4106.291: [GC 4106.291: [ParNew: 345709K->19229K(368640K), 0.0268130 secs] 4372657K->4046177K(12541952K), 0.0273170 secs] [Times: user=0.23 sys=0.00, real=0.03 secs] 
2011-03-01T02:10:05.485+0000: 4106.876: [GC 4106.876: [ParNew: 346858K->38997K(368640K), 0.0327890 secs] 4373806K->4067049K(12541952K), 0.0332760 secs] [Times: user=0.24 sys=0.00, real=0.03 secs] 
2011-03-01T02:10:07.177+0000: 4108.569: [GC 4108.569: [ParNew: 366677K->26879K(368640K), 0.0366160 secs] 4394729K->4061423K(12541952K), 0.0622350 secs] [Times: user=0.27 sys=0.00, real=0.06 secs] 
2011-03-01T02:10:09.330+0000: 4110.721: [GC 4110.722: [ParNew: 354559K->40960K(368640K), 0.0380920 secs] 4389103K->4076808K(12541952K), 0.0385940 secs] [Times: user=0.32 sys=0.00, real=0.04 secs] 
2011-03-01T02:10:11.636+0000: 4113.028: [GC 4113.028: [ParNew: 368640K->25886K(368640K), 0.0412000 secs] 4404488K->4075032K(12541952K), 0.0417180 secs] [Times: user=0.29 sys=0.00, real=0.04 secs] 
2011-03-01T02:10:15.132+0000: 4116.523: [GC 4116.524: [ParNew: 353566K->23239K(368640K), 0.0309400 secs] 4402712K->4072386K(12541952K), 0.0312900 secs] [Times: user=0.23 sys=0.00, real=0.03 secs] 
2011-03-01T02:10:16.976+0000: 4118.367: [GC 4118.367: [ParNew: 350919K->24754K(368640K), 0.0394100 secs] 4400066K->4085851K(12541952K), 0.0397640 secs] [Times: user=0.28 sys=0.00, real=0.04 secs] 
2011-03-01T02:10:19.119+0000: 4120.510: [GC 4120.510: [ParNew: 352434K->40960K(368640K), 0.0347690 secs] 4413531K->4106104K(12541952K), 0.0351150 secs] [Times: user=0.26 sys=0.00, real=0.04 secs] 
2011-03-01T02:10:21.194+0000: 4122.586: [GC 4122.586: [ParNew: 368640K->26176K(368640K), 0.0354790 secs] 4433784K->4103062K(12541952K), 0.0359650 secs] [Times: user=0.25 sys=0.00, real=0.03 secs] 
2011-03-01T02:10:22.747+0000: 4124.138: [GC 4124.139: [ParNew: 353856K->26609K(368640K), 0.0343920 secs] 4430742K->4111665K(12541952K), 0.0348520 secs] [Times: user=0.24 sys=0.00, real=0.04 secs] 
2011-03-01T02:10:25.525+0000: 4126.916: [GC 4126.916: [ParNew: 354289K->35003K(368640K), 0.0342030 secs] 4439345K->4126127K(12541952K), 0.0346690 secs] [Times: user=0.24 sys=0.00, real=0.03 secs] 
2011-03-01T02:10:26.514+0000: 4127.906: [GC 4127.906: [ParNew: 362683K->40960K(368640K), 0.1035030 secs] 4453807K->4173898K(12541952K), 0.1039700 secs] [Times: user=0.71 sys=0.00, real=0.10 secs] 
2011-03-01T02:10:27.869+0000: 4129.260: [GC 4129.260: [ParNew: 368640K->35317K(368640K), 0.0448720 secs] 4501578K->4179365K(12541952K), 0.0453380 secs] [Times: user=0.32 sys=0.00, real=0.05 secs] 
2011-03-01T02:10:29.177+0000: 4130.568: [GC 4130.568: [ParNew: 362997K->25826K(368640K), 0.0376150 secs] 4507045K->4175201K(12541952K), 0.0380810 secs] [Times: user=0.26 sys=0.01, real=0.04 secs] 
2011-03-01T02:10:30.697+0000: 4132.088: [GC 4132.088: [ParNew: 353506K->23710K(368640K), 0.0350710 secs] 4502881K->4183688K(12541952K), 0.0355480 secs] [Times: user=0.24 sys=0.00, real=0.04 secs] 
2011-03-01T02:10:31.558+0000: 4132.950: [GC 4132.950: [ParNew: 351390K->40638K(368640K), 0.0526930 secs] 4511368K->4202664K(12541952K), 0.0531450 secs] [Times: user=0.37 sys=0.00, real=0.05 secs] 
2011-03-01T02:10:32.816+0000: 4134.207: [GC 4134.207: [ParNew: 368318K->9081K(368640K), 0.0324630 secs] 4530344K->4184995K(12541952K), 0.0329210 secs] [Times: user=0.24 sys=0.00, real=0.03 secs] 
2011-03-01T02:10:34.437+0000: 4135.828: [GC 4135.829: [ParNew: 336761K->40960K(368640K), 0.0617820 secs] 4512675K->4241342K(12541952K), 0.0622650 secs] [Times: user=0.43 sys=0.00, real=0.06 secs] 
2011-03-01T02:10:35.190+0000: 4136.581: [GC 4136.582: [ParNew: 368640K->40960K(368640K), 0.1173020 secs] 4569022K->4304596K(12541952K), 0.1177600 secs] [Times: user=0.85 sys=0.01, real=0.12 secs] 
2011-03-01T02:10:35.758+0000: 4137.149: [GC 4137.149: [ParNew: 368640K->40960K(368640K), 0.0603940 secs] 4632276K->4320195K(12541952K), 0.0609100 secs] [Times: user=0.45 sys=0.00, real=0.06 secs] 
2011-03-01T02:10:36.003+0000: 4137.395: [GC 4137.395: [ParNew: 368640K->40960K(368640K), 0.1429500 secs] 4647875K->4392305K(12541952K), 0.1434120 secs] [Times: user=0.92 sys=0.00, real=0.14 secs] 
2011-03-01T02:10:36.327+0000: 4137.718: [GC 4137.718: [ParNew: 368640K->40960K(368640K), 0.1082920 secs] 4719996K->4441104K(12541952K), 0.1087560 secs] [Times: user=0.72 sys=0.01, real=0.11 secs] 
2011-03-01T02:10:36.437+0000: 4137.828: [GC 4137.829: [ParNew: 41046K->27607K(368640K), 0.0516540 secs] 4441190K->4464260K(12541952K), 0.0519550 secs] [Times: user=0.32 sys=0.01, real=0.05 secs] 
2011-03-01T02:10:36.819+0000: 4138.210: [GC 4138.210: [ParNew: 355287K->40960K(368640K), 0.1246710 secs] 4791940K->4526638K(12541952K), 0.1250220 secs] [Times: user=0.88 sys=0.00, real=0.13 secs] 
2011-03-01T02:10:37.141+0000: 4138.532: [GC 4138.532: [ParNew: 368640K->40960K(368640K), 0.1467930 secs] 4854318K->4594058K(12541952K), 0.1471540 secs] [Times: user=0.95 sys=0.01, real=0.15 secs] 
2011-03-01T02:10:37.418+0000: 4138.809: [GC 4138.809: [ParNew: 368640K->40960K(368640K), 0.1570300 secs] 4921738K->4680439K(12541952K), 0.1573770 secs] [Times: user=1.12 sys=0.00, real=0.16 secs] 
2011-03-01T02:10:37.740+0000: 4139.131: [GC 4139.132: [ParNew: 368640K->40960K(368640K), 0.1299060 secs] 5008119K->4741446K(12541952K), 0.1302530 secs] [Times: user=0.95 sys=0.00, real=0.13 secs] 
2011-03-01T02:10:38.335+0000: 4139.726: [GC 4139.726: [ParNew: 368640K->40960K(368640K), 0.0839110 secs] 5069126K->4782176K(12541952K), 0.0842620 secs] [Times: user=0.54 sys=0.01, real=0.08 secs] 
2011-03-01T02:10:38.669+0000: 4140.060: [GC 4140.060: [ParNew: 368640K->40960K(368640K), 0.1515850 secs] 5109856K->4855731K(12541952K), 0.1520700 secs] [Times: user=1.03 sys=0.00, real=0.15 secs] 
2011-03-01T02:10:39.734+0000: 4141.125: [GC 4141.125: [ParNew: 368640K->39837K(368640K), 0.0485270 secs] 5183411K->4866334K(12541952K), 0.0489910 secs] [Times: user=0.36 sys=0.00, real=0.05 secs] 
2011-03-01T02:10:41.240+0000: 4142.631: [GC 4142.632: [ParNew: 367517K->40960K(368640K), 0.0587360 secs] 5194014K->4883214K(12541952K), 0.0592030 secs] [Times: user=0.48 sys=0.00, real=0.06 secs] 
2011-03-01T02:10:42.212+0000: 4143.603: [GC 4143.604: [ParNew: 368640K->40960K(368640K), 0.0468950 secs] 5210894K->4891478K(12541952K), 0.0474210 secs] [Times: user=0.39 sys=0.00, real=0.04 secs] 
2011-03-01T02:10:43.296+0000: 4144.687: [GC 4144.687: [ParNew: 368640K->30005K(368640K), 0.0448950 secs] 5219158K->4888506K(12541952K), 0.0453540 secs] [Times: user=0.32 sys=0.00, real=0.04 secs] 
2011-03-01T02:10:44.760+0000: 4146.152: [GC 4146.152: [ParNew: 357685K->27541K(368640K), 0.0368990 secs] 5216186K->4892265K(12541952K), 0.0373610 secs] [Times: user=0.32 sys=0.00, real=0.04 secs] 
2011-03-01T02:10:45.842+0000: 4147.233: [GC 4147.233: [ParNew: 355221K->27057K(368640K), 0.0379820 secs] 5219945K->4899367K(12541952K), 0.0384470 secs] [Times: user=0.30 sys=0.00, real=0.04 secs] 
2011-03-01T02:10:46.905+0000: 4148.296: [GC 4148.297: [ParNew: 354737K->20447K(368640K), 0.0304640 secs] 5227047K->4892757K(12541952K), 0.0309110 secs] [Times: user=0.24 sys=0.00, real=0.03 secs] 
2011-03-01T02:10:48.649+0000: 4150.040: [GC 4150.040: [ParNew: 348127K->37201K(368640K), 0.0338880 secs] 5220437K->4909511K(12541952K), 0.0343510 secs] [Times: user=0.24 sys=0.00, real=0.04 secs] 
2011-03-01T02:10:50.334+0000: 4151.725: [GC 4151.726: [ParNew: 364881K->40960K(368640K), 0.0775670 secs] 5237191K->4944945K(12541952K), 0.0780460 secs] [Times: user=0.50 sys=0.01, real=0.08 secs] 
2011-03-01T02:10:51.563+0000: 4152.955: [GC 4152.955: [ParNew: 368640K->16020K(368640K), 0.0425270 secs] 5272625K->4936183K(12541952K), 0.0429900 secs] [Times: user=0.28 sys=0.01, real=0.04 secs] 
2011-03-01T02:10:52.923+0000: 4154.314: [GC 4154.315: [ParNew: 343700K->40376K(368640K), 0.0345910 secs] 5263863K->4960538K(12541952K), 0.0350550 secs] [Times: user=0.29 sys=0.00, real=0.03 secs] 
2011-03-01T02:10:53.344+0000: 4154.735: [GC 4154.735: [ParNew: 368056K->31761K(368640K), 0.0571850 secs] 5288218K->5029933K(12541952K), 0.0576480 secs] [Times: user=0.40 sys=0.00, real=0.05 secs] 
2011-03-01T02:10:53.984+0000: 4155.375: [GC 4155.376: [ParNew: 359441K->10566K(368640K), 0.0358880 secs] 5357613K->5027831K(12541952K), 0.0363380 secs] [Times: user=0.23 sys=0.00, real=0.03 secs] 
2011-03-01T02:10:54.644+0000: 4156.035: [GC 4156.036: [ParNew: 338246K->11708K(368640K), 0.0369000 secs] 5355511K->5028973K(12541952K), 0.0373990 secs] [Times: user=0.24 sys=0.01, real=0.03 secs] 
2011-03-01T02:10:55.229+0000: 4156.621: [GC 4156.621: [ParNew: 339388K->15123K(368640K), 0.0404950 secs] 5356653K->5032389K(12541952K), 0.0409820 secs] [Times: user=0.31 sys=0.00, real=0.04 secs] 
2011-03-01T02:10:55.543+0000: 4156.934: [GC 4156.934: [ParNew: 292859K->40628K(368640K), 0.0428760 secs] 5310124K->5057893K(12541952K), 0.0433590 secs] [Times: user=0.33 sys=0.00, real=0.04 secs] 
2011-03-01T02:10:55.874+0000: 4157.265: [GC 4157.265: [ParNew: 368308K->14512K(368640K), 0.0618370 secs] 5385573K->5127695K(12541952K), 0.0623230 secs] [Times: user=0.40 sys=0.00, real=0.06 secs] 
2011-03-01T02:10:56.242+0000: 4157.633: [GC 4157.633: [ParNew: 342192K->11646K(368640K), 0.0270760 secs] 5455375K->5124830K(12541952K), 0.0275480 secs] [Times: user=0.22 sys=0.00, real=0.03 secs] 
2011-03-01T02:10:56.533+0000: 4157.924: [GC 4157.924: [ParNew: 339326K->17074K(368640K), 0.0311240 secs] 5452510K->5130258K(12541952K), 0.0316060 secs] [Times: user=0.26 sys=0.00, real=0.03 secs] 
2011-03-01T02:10:56.813+0000: 4158.204: [GC 4158.204: [ParNew: 344754K->39150K(368640K), 0.0422750 secs] 5457938K->5152333K(12541952K), 0.0427580 secs] [Times: user=0.33 sys=0.00, real=0.04 secs] 
2011-03-01T02:10:57.125+0000: 4158.516: [GC 4158.516: [ParNew: 366830K->25444K(368640K), 0.0540730 secs] 5480013K->5151498K(12541952K), 0.0545550 secs] [Times: user=0.39 sys=0.00, real=0.05 secs] 
2011-03-01T02:10:57.625+0000: 4159.016: [GC 4159.016: [ParNew: 353124K->10746K(368640K), 0.0326990 secs] 5479178K->5136800K(12541952K), 0.0331750 secs] [Times: user=0.24 sys=0.00, real=0.03 secs] 
2011-03-01T02:10:57.992+0000: 4159.384: [GC 4159.384: [ParNew: 338426K->29837K(368640K), 0.0365900 secs] 5464480K->5155891K(12541952K), 0.0370790 secs] [Times: user=0.29 sys=0.00, real=0.04 secs] 
2011-03-01T02:10:58.477+0000: 4159.868: [GC 4159.868: [ParNew: 357517K->20828K(368640K), 0.0444790 secs] 5483571K->5156911K(12541952K), 0.0449590 secs] [Times: user=0.32 sys=0.00, real=0.04 secs] 
2011-03-01T02:10:58.888+0000: 4160.279: [GC 4160.279: [ParNew: 348508K->6435K(368640K), 0.0342810 secs] 5484591K->5142518K(12541952K), 0.0347620 secs] [Times: user=0.24 sys=0.00, real=0.04 secs] 
2011-03-01T02:10:59.335+0000: 4160.726: [GC 4160.727: [ParNew: 334115K->22455K(368640K), 0.0352840 secs] 5470198K->5158539K(12541952K), 0.0357650 secs] [Times: user=0.24 sys=0.00, real=0.03 secs] 
2011-03-01T02:10:59.837+0000: 4161.229: [GC 4161.229: [ParNew: 350075K->16186K(368640K), 0.0373880 secs] 5486159K->5152269K(12541952K), 0.0378680 secs] [Times: user=0.31 sys=0.00, real=0.04 secs] 
2011-03-01T02:11:00.379+0000: 4161.770: [GC 4161.770: [ParNew: 343866K->40960K(368640K), 0.0534110 secs] 5479949K->5185796K(12541952K), 0.0537720 secs] [Times: user=0.40 sys=0.00, real=0.06 secs] 
2011-03-01T02:11:01.041+0000: 4162.432: [GC 4162.433: [ParNew: 368640K->33606K(368640K), 0.0539400 secs] 5513476K->5200373K(12541952K), 0.0543020 secs] [Times: user=0.40 sys=0.00, real=0.06 secs] 
2011-03-01T02:11:01.847+0000: 4163.238: [GC 4163.239: [ParNew: 361286K->40960K(368640K), 0.0647700 secs] 5528053K->5230618K(12541952K), 0.0653260 secs] [Times: user=0.49 sys=0.00, real=0.07 secs] 
2011-03-01T02:11:03.665+0000: 4165.057: [GC 4165.057: [ParNew: 368640K->26630K(368640K), 0.0451110 secs] 5558298K->5226503K(12541952K), 0.0455950 secs] [Times: user=0.31 sys=0.00, real=0.04 secs] 
2011-03-01T02:11:06.570+0000: 4167.962: [GC 4167.962: [ParNew: 354310K->32893K(368640K), 0.0474870 secs] 5554183K->5244312K(12541952K), 0.0479650 secs] [Times: user=0.40 sys=0.00, real=0.05 secs] 
2011-03-01T02:11:08.476+0000: 4169.867: [GC 4169.867: [ParNew: 360573K->39452K(368640K), 0.0543470 secs] 5571992K->5263489K(12541952K), 0.0548200 secs] [Times: user=0.39 sys=0.01, real=0.05 secs] 
2011-03-01T02:11:11.061+0000: 4172.452: [GC 4172.452: [ParNew: 367132K->34639K(368640K), 0.0439410 secs] 5591169K->5268190K(12541952K), 0.0444140 secs] [Times: user=0.32 sys=0.00, real=0.05 secs] 
2011-03-01T02:11:13.075+0000: 4174.466: [GC 4174.466: [ParNew: 362319K->40960K(368640K), 0.0652550 secs] 5595870K->5295322K(12541952K), 0.0657290 secs] [Times: user=0.48 sys=0.00, real=0.06 secs] 
2011-03-01T02:11:14.895+0000: 4176.287: [GC 4176.287: [ParNew: 368640K->33909K(368640K), 0.0446900 secs] 5623002K->5297089K(12541952K), 0.0451500 secs] [Times: user=0.32 sys=0.00, real=0.04 secs] 
2011-03-01T02:11:17.881+0000: 4179.272: [GC 4179.273: [ParNew: 361589K->15772K(368640K), 0.0451070 secs] 5624769K->5292659K(12541952K), 0.0455680 secs] [Times: user=0.35 sys=0.02, real=0.05 secs] 
2011-03-01T02:11:19.339+0000: 4180.731: [GC 4180.731: [ParNew: 343452K->40960K(368640K), 0.0417830 secs] 5620339K->5319225K(12541952K), 0.0422440 secs] [Times: user=0.32 sys=0.00, real=0.04 secs] 
2011-03-01T02:11:22.197+0000: 4183.588: [GC 4183.588: [ParNew: 368640K->31312K(368640K), 0.0618410 secs] 5646905K->5333337K(12541952K), 0.0623200 secs] [Times: user=0.46 sys=0.00, real=0.06 secs] 
2011-03-01T02:11:24.449+0000: 4185.840: [GC 4185.840: [ParNew: 358992K->36610K(368640K), 0.0531690 secs] 5661017K->5357186K(12541952K), 0.0536120 secs] [Times: user=0.38 sys=0.00, real=0.06 secs] 
2011-03-01T02:11:25.717+0000: 4187.108: [GC 4187.109: [ParNew: 364290K->40960K(368640K), 0.0640930 secs] 5684866K->5379606K(12541952K), 0.0645510 secs] [Times: user=0.48 sys=0.00, real=0.06 secs] 
2011-03-01T02:11:27.846+0000: 4189.237: [GC 4189.237: [ParNew: 368640K->33593K(368640K), 0.0508720 secs] 5707286K->5387613K(12541952K), 0.0512710 secs] [Times: user=0.39 sys=0.00, real=0.05 secs] 
2011-03-01T02:11:29.067+0000: 4190.458: [GC 4190.458: [ParNew: 361288K->40960K(368640K), 0.0536700 secs] 5715308K->5404615K(12541952K), 0.0540180 secs] [Times: user=0.39 sys=0.01, real=0.05 secs] 
2011-03-01T02:11:29.122+0000: 4190.514: [GC 4190.514: [ParNew: 41048K->16514K(368640K), 0.0521270 secs] 5404703K->5411088K(12541952K), 0.0524100 secs] [Times: user=0.37 sys=0.00, real=0.06 secs] 
2011-03-01T02:11:30.922+0000: 4192.314: [GC 4192.314: [ParNew: 344194K->40960K(368640K), 0.0720110 secs] 5738768K->5455138K(12541952K), 0.0723630 secs] [Times: user=0.53 sys=0.00, real=0.07 secs] 
2011-03-01T02:11:32.074+0000: 4193.465: [GC 4193.465: [ParNew: 368640K->40960K(368640K), 0.0660250 secs] 5782818K->5474919K(12541952K), 0.0663900 secs] [Times: user=0.44 sys=0.00, real=0.06 secs] 
2011-03-01T02:11:33.496+0000: 4194.887: [GC 4194.887: [ParNew: 368640K->40960K(368640K), 0.0521740 secs] 5802599K->5491467K(12541952K), 0.0525250 secs] [Times: user=0.39 sys=0.00, real=0.05 secs] 
2011-03-01T02:11:34.691+0000: 4196.083: [GC 4196.083: [ParNew: 368640K->40960K(368640K), 0.0644600 secs] 5819148K->5574765K(12541952K), 0.0648060 secs] [Times: user=0.50 sys=0.01, real=0.07 secs] 
2011-03-01T02:11:35.149+0000: 4196.541: [GC 4196.541: [ParNew: 368640K->30518K(368640K), 0.0488220 secs] 5902445K->5581809K(12541952K), 0.0492800 secs] [Times: user=0.39 sys=0.01, real=0.05 secs] 
2011-03-01T02:11:35.795+0000: 4197.186: [GC 4197.187: [ParNew: 358198K->40960K(368640K), 0.0589610 secs] 5909489K->5603347K(12541952K), 0.0594330 secs] [Times: user=0.39 sys=0.00, real=0.06 secs] 
2011-03-01T02:11:36.062+0000: 4197.453: [GC 4197.453: [ParNew: 368640K->40960K(368640K), 0.1398280 secs] 5931027K->5672328K(12541952K), 0.1402810 secs] [Times: user=0.94 sys=0.02, real=0.14 secs] 
2011-03-01T02:11:36.704+0000: 4198.096: [GC 4198.096: [ParNew: 368640K->40960K(368640K), 0.0915290 secs] 6000008K->5692075K(12541952K), 0.0920310 secs] [Times: user=0.59 sys=0.00, real=0.09 secs] 
2011-03-01T02:11:37.043+0000: 4198.434: [GC 4198.434: [ParNew: 368640K->40960K(368640K), 0.1278660 secs] 6019755K->5750884K(12541952K), 0.1283280 secs] [Times: user=0.91 sys=0.03, real=0.13 secs] 
2011-03-01T02:11:37.311+0000: 4198.702: [GC 4198.702: [ParNew: 368640K->40960K(368640K), 0.1418190 secs] 6078564K->5821802K(12541952K), 0.1422790 secs] [Times: user=1.00 sys=0.01, real=0.15 secs] 
2011-03-01T02:11:37.711+0000: 4199.102: [GC 4199.102: [ParNew: 368640K->40960K(368640K), 0.1186900 secs] 6149482K->5882142K(12541952K), 0.1191950 secs] [Times: user=0.87 sys=0.00, real=0.12 secs] 
2011-03-01T02:11:38.471+0000: 4199.862: [GC 4199.863: [ParNew: 368640K->40960K(368640K), 0.0996730 secs] 6209822K->5932272K(12541952K), 0.1001860 secs] [Times: user=0.70 sys=0.00, real=0.10 secs] 
2011-03-01T02:11:39.384+0000: 4200.775: [GC 4200.776: [ParNew: 368640K->40960K(368640K), 0.0642950 secs] 6259952K->5951826K(12541952K), 0.0647740 secs] [Times: user=0.42 sys=0.01, real=0.06 secs] 
2011-03-01T02:11:40.393+0000: 4201.784: [GC 4201.784: [ParNew: 368640K->40960K(368640K), 0.0579070 secs] 6279506K->5970854K(12541952K), 0.0583790 secs] [Times: user=0.45 sys=0.00, real=0.05 secs] 
2011-03-01T02:11:41.667+0000: 4203.059: [GC 4203.059: [ParNew: 368640K->40310K(368640K), 0.0462910 secs] 6298534K->5979849K(12541952K), 0.0467570 secs] [Times: user=0.33 sys=0.00, real=0.05 secs] 
2011-03-01T02:11:42.347+0000: 4203.738: [GC 4203.739: [ParNew: 367990K->40960K(368640K), 0.0640010 secs] 6307529K->6017159K(12541952K), 0.0644640 secs] [Times: user=0.48 sys=0.00, real=0.06 secs] 
2011-03-01T02:11:43.493+0000: 4204.884: [GC 4204.885: [ParNew: 368640K->40960K(368640K), 0.0661360 secs] 6344839K->6046097K(12541952K), 0.0666010 secs] [Times: user=0.47 sys=0.01, real=0.06 secs] 
2011-03-01T02:11:45.189+0000: 4206.580: [GC 4206.580: [ParNew: 368640K->40960K(368640K), 0.0580800 secs] 6373777K->6064953K(12541952K), 0.0585500 secs] [Times: user=0.41 sys=0.00, real=0.06 secs] 
2011-03-01T02:11:46.645+0000: 4208.036: [GC 4208.036: [ParNew: 368640K->34087K(368640K), 0.0503270 secs] 6392633K->6078879K(12541952K), 0.0507960 secs] [Times: user=0.34 sys=0.00, real=0.05 secs] 
2011-03-01T02:11:48.004+0000: 4209.396: [GC 4209.396: [ParNew: 361767K->40960K(368640K), 0.0434600 secs] 6406559K->6088948K(12541952K), 0.0438110 secs] [Times: user=0.33 sys=0.00, real=0.04 secs] 
2011-03-01T02:11:49.522+0000: 4210.914: [GC 4210.914: [ParNew: 368640K->40960K(368640K), 0.0824870 secs] 6416653K->6124372K(12541952K), 0.0828340 secs] [Times: user=0.61 sys=0.00, real=0.08 secs] 
2011-03-01T02:11:51.079+0000: 4212.470: [GC 4212.470: [ParNew: 368640K->39345K(368640K), 0.0490220 secs] 6452052K->6134746K(12541952K), 0.0493690 secs] [Times: user=0.38 sys=0.00, real=0.05 secs] 
2011-03-01T02:11:52.312+0000: 4213.703: [GC 4213.703: [ParNew: 367025K->35519K(368640K), 0.0492080 secs] 6462426K->6142307K(12541952K), 0.0495560 secs] [Times: user=0.39 sys=0.00, real=0.05 secs] 
2011-03-01T02:11:53.831+0000: 4215.222: [GC 4215.222: [ParNew: 363199K->40960K(368640K), 0.0537500 secs] 6469987K->6161743K(12541952K), 0.0540970 secs] [Times: user=0.41 sys=0.00, real=0.06 secs] 
2011-03-01T02:11:54.724+0000: 4216.115: [GC 4216.115: [ParNew: 368640K->35709K(368640K), 0.0387150 secs] 6489423K->6166181K(12541952K), 0.0390730 secs] [Times: user=0.25 sys=0.00, real=0.04 secs] 
2011-03-01T02:11:55.647+0000: 4217.038: [GC 4217.038: [ParNew: 363389K->15788K(368640K), 0.0313930 secs] 6493861K->6154042K(12541952K), 0.0317610 secs] [Times: user=0.24 sys=0.00, real=0.03 secs] 
2011-03-01T02:11:57.443+0000: 4218.834: [GC 4218.834: [ParNew: 343468K->20198K(368640K), 0.0295010 secs] 6481722K->6158453K(12541952K), 0.0298850 secs] [Times: user=0.21 sys=0.00, real=0.03 secs] 
2011-03-01T02:11:58.038+0000: 4219.429: [GC 4219.429: [ParNew: 347878K->22430K(368640K), 0.0299830 secs] 6486133K->6160684K(12541952K), 0.0304880 secs] [Times: user=0.24 sys=0.00, real=0.03 secs] 
2011-03-01T02:11:58.555+0000: 4219.946: [GC 4219.946: [ParNew: 350081K->40960K(368640K), 0.0328330 secs] 6488336K->6179214K(12541952K), 0.0333640 secs] [Times: user=0.24 sys=0.00, real=0.03 secs] 
2011-03-01T02:11:59.080+0000: 4220.472: [GC 4220.472: [ParNew: 368640K->19494K(368640K), 0.0373530 secs] 6506894K->6167668K(12541952K), 0.0378300 secs] [Times: user=0.31 sys=0.00, real=0.04 secs] 
2011-03-01T02:11:59.652+0000: 4221.043: [GC 4221.043: [ParNew: 347174K->28834K(368640K), 0.0274030 secs] 6495348K->6177008K(12541952K), 0.0277650 secs] [Times: user=0.23 sys=0.00, real=0.03 secs] 
2011-03-01T02:12:00.223+0000: 4221.614: [GC 4221.615: [ParNew: 356514K->14535K(368640K), 0.0323390 secs] 6504688K->6171433K(12541952K), 0.0327230 secs] [Times: user=0.25 sys=0.00, real=0.03 secs] 
2011-03-01T02:12:00.612+0000: 4222.003: [GC 4222.003: [ParNew: 342215K->31270K(368640K), 0.0302180 secs] 6499113K->6188167K(12541952K), 0.0305910 secs] [Times: user=0.23 sys=0.00, real=0.04 secs] 
2011-03-01T02:12:01.333+0000: 4222.724: [GC 4222.724: [ParNew: 358950K->9906K(368640K), 0.0337280 secs] 6515847K->6179713K(12541952K), 0.0341030 secs] [Times: user=0.26 sys=0.00, real=0.03 secs] 
2011-03-01T02:12:01.971+0000: 4223.363: [GC 4223.363: [ParNew: 337547K->5529K(368640K), 0.0243120 secs] 6507354K->6175335K(12541952K), 0.0246620 secs] [Times: user=0.22 sys=0.00, real=0.03 secs] 
2011-03-01T02:12:02.697+0000: 4224.088: [GC 4224.088: [ParNew: 333160K->9322K(368640K), 0.0246460 secs] 6502967K->6179129K(12541952K), 0.0250270 secs] [Times: user=0.16 sys=0.00, real=0.02 secs] 
2011-03-01T02:12:03.271+0000: 4224.662: [GC 4224.662: [ParNew: 336985K->9104K(368640K), 0.0260770 secs] 6506792K->6178911K(12541952K), 0.0264600 secs] [Times: user=0.23 sys=0.00, real=0.03 secs] 
2011-03-01T02:12:05.778+0000: 4227.169: [GC 4227.170: [ParNew: 336784K->35362K(368640K), 0.0364240 secs] 6506591K->6206792K(12541952K), 0.0368920 secs] [Times: user=0.30 sys=0.00, real=0.04 secs] 
2011-03-01T02:12:07.562+0000: 4228.953: [GC 4228.953: [ParNew: 306599K->18689K(368640K), 0.0382940 secs] 6478030K->6204210K(12541952K), 0.0387540 secs] [Times: user=0.30 sys=0.00, real=0.04 secs] 
2011-03-01T02:12:08.265+0000: 4229.656: [GC 4229.656: [ParNew: 346369K->29024K(368640K), 0.0459330 secs] 6531890K->6280080K(12541952K), 0.0463940 secs] [Times: user=0.33 sys=0.00, real=0.04 secs] 
2011-03-01T02:12:08.987+0000: 4230.379: [GC 4230.379: [ParNew: 356704K->13320K(368640K), 0.0408510 secs] 6607760K->6278957K(12541952K), 0.0413190 secs] [Times: user=0.32 sys=0.01, real=0.04 secs] 
2011-03-01T02:12:09.516+0000: 4230.907: [GC 4230.907: [ParNew: 341000K->13351K(368640K), 0.0404060 secs] 6606637K->6278987K(12541952K), 0.0408770 secs] [Times: user=0.32 sys=0.00, real=0.04 secs] 
2011-03-01T02:12:10.154+0000: 4231.545: [GC 4231.546: [ParNew: 341031K->40960K(368640K), 0.0430140 secs] 6606667K->6309081K(12541952K), 0.0434770 secs] [Times: user=0.32 sys=0.01, real=0.04 secs] 
2011-03-01T02:12:10.939+0000: 4232.330: [GC 4232.331: [ParNew: 368640K->30942K(368640K), 0.0630730 secs] 6636761K->6318476K(12541952K), 0.0635340 secs] [Times: user=0.48 sys=0.00, real=0.07 secs] 
2011-03-01T02:12:11.728+0000: 4233.119: [GC 4233.119: [ParNew: 358622K->22405K(368640K), 0.0336680 secs] 6646156K->6309939K(12541952K), 0.0341280 secs] [Times: user=0.24 sys=0.00, real=0.03 secs] 
2011-03-01T02:12:13.743+0000: 4235.134: [GC 4235.135: [ParNew: 350085K->34149K(368640K), 0.0407890 secs] 6637619K->6321683K(12541952K), 0.0412520 secs] [Times: user=0.31 sys=0.00, real=0.04 secs] 
2011-03-01T02:12:16.103+0000: 4237.494: [GC 4237.495: [ParNew: 361829K->32678K(368640K), 0.0563920 secs] 6649363K->6337189K(12541952K), 0.0606130 secs] [Times: user=0.41 sys=0.00, real=0.06 secs] 
2011-03-01T02:12:18.814+0000: 4240.206: [GC 4240.206: [ParNew: 360358K->27471K(368640K), 0.0398990 secs] 6664869K->6342633K(12541952K), 0.0403890 secs] [Times: user=0.26 sys=0.00, real=0.04 secs] 
2011-03-01T02:12:20.462+0000: 4241.854: [GC 4241.854: [ParNew: 355151K->28663K(368640K), 0.0391450 secs] 6670313K->6351595K(12541952K), 0.0396200 secs] [Times: user=0.28 sys=0.00, real=0.03 secs] 
2011-03-01T02:12:23.504+0000: 4244.895: [GC 4244.895: [ParNew: 356343K->30395K(368640K), 0.0459860 secs] 6679275K->6367143K(12541952K), 0.0464990 secs] [Times: user=0.34 sys=0.02, real=0.04 secs] 
2011-03-01T02:12:24.995+0000: 4246.386: [GC 4246.386: [ParNew: 358075K->35210K(368640K), 0.0412710 secs] 6694823K->6379222K(12541952K), 0.0417680 secs] [Times: user=0.27 sys=0.00, real=0.04 secs] 
2011-03-01T02:12:26.629+0000: 4248.021: [GC 4248.021: [ParNew: 362890K->24098K(368640K), 0.0394680 secs] 6706902K->6380000K(12541952K), 0.0399750 secs] [Times: user=0.32 sys=0.00, real=0.04 secs] 
2011-03-01T02:12:27.881+0000: 4249.272: [GC 4249.273: [ParNew: 351778K->28808K(368640K), 0.0404450 secs] 6707680K->6394755K(12541952K), 0.0409110 secs] [Times: user=0.31 sys=0.00, real=0.05 secs] 
2011-03-01T02:12:29.078+0000: 4250.469: [GC 4250.469: [ParNew: 356488K->40960K(368640K), 0.0456490 secs] 6722435K->6419649K(12541952K), 0.0461170 secs] [Times: user=0.32 sys=0.00, real=0.05 secs] 
2011-03-01T02:12:30.513+0000: 4251.905: [GC 4251.905: [ParNew: 368640K->28445K(368640K), 0.0436160 secs] 6747329K->6434088K(12541952K), 0.0439630 secs] [Times: user=0.34 sys=0.00, real=0.04 secs] 
2011-03-01T02:12:31.890+0000: 4253.281: [GC 4253.281: [ParNew: 356125K->30473K(368640K), 0.0479920 secs] 6761768K->6450281K(12541952K), 0.0483590 secs] [Times: user=0.39 sys=0.00, real=0.05 secs] 
2011-03-01T02:12:33.351+0000: 4254.743: [GC 4254.743: [ParNew: 358153K->40960K(368640K), 0.0492230 secs] 6777961K->6467473K(12541952K), 0.0511740 secs] [Times: user=0.37 sys=0.00, real=0.06 secs] 
2011-03-01T02:12:34.836+0000: 4256.228: [GC 4256.228: [ParNew: 368640K->32665K(368640K), 0.0432950 secs] 6795153K->6473187K(12541952K), 0.0438000 secs] [Times: user=0.32 sys=0.00, real=0.04 secs] 
2011-03-01T02:12:35.255+0000: 4256.646: [GC 4256.646: [ParNew: 360345K->40960K(368640K), 0.0589390 secs] 6800867K->6494784K(12541952K), 0.0594730 secs] [Times: user=0.43 sys=0.00, real=0.06 secs] 
2011-03-01T02:12:35.857+0000: 4257.249: [GC 4257.249: [ParNew: 368640K->40960K(368640K), 0.1061890 secs] 6822464K->6538370K(12541952K), 0.1065670 secs] [Times: user=0.72 sys=0.00, real=0.11 secs] 
2011-03-01T02:12:36.179+0000: 4257.571: [GC 4257.571: [ParNew: 368640K->40960K(368640K), 0.1977660 secs] 6866051K->6617526K(12541952K), 0.1981160 secs] [Times: user=1.34 sys=0.00, real=0.20 secs] 
2011-03-01T02:12:36.380+0000: 4257.771: [GC 4257.771: [ParNew: 41616K->39521K(368640K), 0.0551540 secs] 6618183K->6657258K(12541952K), 0.0554570 secs] [Times: user=0.41 sys=0.00, real=0.06 secs] 
2011-03-01T02:12:36.638+0000: 4258.029: [GC 4258.029: [ParNew: 367201K->40960K(368640K), 0.1178120 secs] 6984938K->6697537K(12541952K), 0.1181610 secs] [Times: user=0.89 sys=0.00, real=0.12 secs] 
2011-03-01T02:12:37.125+0000: 4258.516: [GC 4258.517: [ParNew: 368640K->40960K(368640K), 0.1056220 secs] 7025217K->6747854K(12541952K), 0.1059690 secs] [Times: user=0.73 sys=0.00, real=0.10 secs] 
2011-03-01T02:12:37.478+0000: 4258.869: [GC 4258.870: [ParNew: 368640K->40960K(368640K), 0.1150710 secs] 7075534K->6802584K(12541952K), 0.1154200 secs] [Times: user=0.82 sys=0.00, real=0.12 secs] 
2011-03-01T02:12:37.858+0000: 4259.249: [GC 4259.250: [ParNew: 368640K->40960K(368640K), 0.0953860 secs] 7130264K->6854164K(12541952K), 0.0957300 secs] [Times: user=0.65 sys=0.00, real=0.10 secs] 
2011-03-01T02:12:38.385+0000: 4259.776: [GC 4259.776: [ParNew: 368640K->40960K(368640K), 0.1238000 secs] 7181844K->6914657K(12541952K), 0.2490120 secs] [Times: user=0.82 sys=0.00, real=0.25 secs] 
2011-03-01T02:12:39.129+0000: 4260.520: [GC 4260.520: [ParNew: 368640K->40960K(368640K), 0.0690410 secs] 7242337K->6938526K(12541952K), 0.0695170 secs] [Times: user=0.49 sys=0.00, real=0.07 secs] 
2011-03-01T02:12:40.522+0000: 4261.913: [GC 4261.913: [ParNew: 368640K->40960K(368640K), 0.0517150 secs] 7266206K->6956545K(12541952K), 0.0522040 secs] [Times: user=0.39 sys=0.00, real=0.06 secs] 
2011-03-01T02:12:41.858+0000: 4263.249: [GC 4263.249: [ParNew: 368640K->25928K(368640K), 0.0453920 secs] 7284225K->6957348K(12541952K), 0.0458070 secs] [Times: user=0.32 sys=0.01, real=0.05 secs] 
2011-03-01T02:12:43.254+0000: 4264.645: [GC 4264.645: [ParNew: 353608K->40960K(368640K), 0.0371560 secs] 7285028K->6972745K(12541952K), 0.0375050 secs] [Times: user=0.27 sys=0.00, real=0.03 secs] 
2011-03-01T02:12:44.900+0000: 4266.292: [GC 4266.292: [ParNew: 368640K->40960K(368640K), 0.0554900 secs] 7300425K->6993404K(12541952K), 0.0558390 secs] [Times: user=0.41 sys=0.00, real=0.06 secs] 
2011-03-01T02:12:46.386+0000: 4267.777: [GC 4267.777: [ParNew: 368640K->40960K(368640K), 0.0717990 secs] 7321084K->7018216K(12541952K), 0.0721540 secs] [Times: user=0.49 sys=0.00, real=0.07 secs] 
2011-03-01T02:12:47.321+0000: 4268.712: [GC 4268.713: [ParNew: 368640K->40960K(368640K), 0.0551210 secs] 7345896K->7040247K(12541952K), 0.0554780 secs] [Times: user=0.40 sys=0.00, real=0.06 secs] 
2011-03-01T02:12:48.732+0000: 4270.123: [GC 4270.124: [ParNew: 368640K->32415K(368640K), 0.0442630 secs] 7367927K->7038853K(12541952K), 0.0446040 secs] [Times: user=0.37 sys=0.00, real=0.04 secs] 
2011-03-01T02:12:49.989+0000: 4271.380: [GC 4271.380: [ParNew: 360095K->39163K(368640K), 0.0451060 secs] 7366533K->7060145K(12541952K), 0.0454570 secs] [Times: user=0.34 sys=0.00, real=0.05 secs] 
2011-03-01T02:12:51.116+0000: 4272.507: [GC 4272.507: [ParNew: 366650K->36720K(368640K), 0.0422750 secs] 7387632K->7067199K(12541952K), 0.0426220 secs] [Times: user=0.32 sys=0.00, real=0.04 secs] 
2011-03-01T02:12:53.291+0000: 4274.683: [GC 4274.683: [ParNew: 364400K->30820K(368640K), 0.0435260 secs] 7394879K->7071810K(12541952K), 0.0438760 secs] [Times: user=0.34 sys=0.00, real=0.05 secs] 
2011-03-01T02:12:54.301+0000: 4275.692: [GC 4275.692: [ParNew: 358500K->28368K(368640K), 0.0458830 secs] 7399490K->7085495K(12541952K), 0.0462440 secs] [Times: user=0.36 sys=0.00, real=0.05 secs] 
2011-03-01T02:12:54.888+0000: 4276.280: [GC 4276.280: [ParNew: 355996K->30468K(368640K), 0.0348190 secs] 7413123K->7093603K(12541952K), 0.0351790 secs] [Times: user=0.24 sys=0.00, real=0.04 secs] 
2011-03-01T02:12:55.513+0000: 4276.904: [GC 4276.905: [ParNew: 358104K->11002K(368640K), 0.0272190 secs] 7421239K->7074138K(12541952K), 0.0275960 secs] [Times: user=0.19 sys=0.00, real=0.02 secs] 
2011-03-01T02:12:55.789+0000: 4277.180: [GC 4277.181: [ParNew: 338682K->37593K(368640K), 0.0340830 secs] 7401818K->7100728K(12541952K), 0.0345690 secs] [Times: user=0.28 sys=0.00, real=0.04 secs] 
2011-03-01T02:12:56.452+0000: 4277.844: [GC 4277.844: [ParNew: 365273K->18445K(368640K), 0.0342530 secs] 7428408K->7097467K(12541952K), 0.0347350 secs] [Times: user=0.27 sys=0.01, real=0.04 secs] 
2011-03-01T02:12:56.817+0000: 4278.208: [GC 4278.208: [ParNew: 346121K->17916K(368640K), 0.0319240 secs] 7425142K->7096937K(12541952K), 0.0323420 secs] [Times: user=0.24 sys=0.00, real=0.03 secs] 
2011-03-01T02:12:57.512+0000: 4278.903: [GC 4278.903: [ParNew: 345596K->11380K(368640K), 0.0248640 secs] 7424617K->7090401K(12541952K), 0.0252830 secs] [Times: user=0.22 sys=0.01, real=0.03 secs] 
2011-03-01T02:12:58.177+0000: 4279.568: [GC 4279.568: [ParNew: 339060K->31422K(368640K), 0.0350410 secs] 7418081K->7110443K(12541952K), 0.0353960 secs] [Times: user=0.24 sys=0.00, real=0.04 secs] 
2011-03-01T02:12:58.897+0000: 4280.289: [GC 4280.289: [ParNew: 359102K->22320K(368640K), 0.0343780 secs] 7438123K->7107884K(12541952K), 0.0347400 secs] [Times: user=0.24 sys=0.00, real=0.03 secs] 
2011-03-01T02:13:00.097+0000: 4281.488: [GC 4281.488: [ParNew: 349986K->36261K(368640K), 0.0308830 secs] 7435549K->7121824K(12541952K), 0.0312410 secs] [Times: user=0.23 sys=0.00, real=0.03 secs] 
2011-03-01T02:13:00.829+0000: 4282.220: [GC 4282.221: [ParNew: 363941K->40960K(368640K), 0.0462480 secs] 7449504K->7137424K(12541952K), 0.0465930 secs] [Times: user=0.37 sys=0.00, real=0.05 secs] 
2011-03-01T02:13:01.685+0000: 4283.077: [GC 4283.077: [ParNew: 368640K->32923K(368640K), 0.0478730 secs] 7465121K->7154513K(12541952K), 0.0482250 secs] [Times: user=0.32 sys=0.00, real=0.05 secs] 
2011-03-01T02:13:01.736+0000: 4283.127: [GC 4283.128: [ParNew: 33850K->12024K(368640K), 0.0253100 secs] 7155440K->7133614K(12541952K), 0.0256420 secs] [Times: user=0.16 sys=0.00, real=0.02 secs] 
2011-03-01T02:13:02.234+0000: 4283.625: [GC 4283.625: [ParNew: 339671K->21439K(368640K), 0.0287700 secs] 7461261K->7143029K(12541952K), 0.0292220 secs] [Times: user=0.19 sys=0.00, real=0.03 secs] 
2011-03-01T02:13:02.874+0000: 4284.265: [GC 4284.265: [ParNew: 349096K->36450K(368640K), 0.0324810 secs] 7470686K->7158040K(12541952K), 0.0329890 secs] [Times: user=0.24 sys=0.00, real=0.04 secs] 
2011-03-01T02:13:03.515+0000: 4284.906: [GC 4284.906: [ParNew: 364130K->40960K(368640K), 0.0479010 secs] 7485720K->7181650K(12541952K), 0.0483720 secs] [Times: user=0.32 sys=0.00, real=0.05 secs] 
2011-03-01T02:13:05.674+0000: 4287.066: [GC 4287.066: [ParNew: 368640K->18732K(368640K), 0.0379650 secs] 7509330K->7169912K(12541952K), 0.0384350 secs] [Times: user=0.25 sys=0.00, real=0.04 secs] 
2011-03-01T02:13:07.939+0000: 4289.330: [GC 4289.330: [ParNew: 346412K->24212K(368640K), 0.0330940 secs] 7497592K->7175392K(12541952K), 0.0335620 secs] [Times: user=0.24 sys=0.00, real=0.04 secs] 
2011-03-01T02:13:11.072+0000: 4292.463: [GC 4292.463: [ParNew: 351892K->30428K(368640K), 0.0409810 secs] 7503072K->7187245K(12541952K), 0.0414500 secs] [Times: user=0.31 sys=0.00, real=0.05 secs] 
2011-03-01T02:13:13.054+0000: 4294.446: [GC 4294.446: [ParNew: 358096K->29913K(368640K), 0.0403440 secs] 7514913K->7195890K(12541952K), 0.0408080 secs] [Times: user=0.26 sys=0.00, real=0.04 secs] 
2011-03-01T02:13:16.001+0000: 4297.393: [GC 4297.393: [ParNew: 357593K->31184K(368640K), 0.0398680 secs] 7523570K->7203445K(12541952K), 0.0403430 secs] [Times: user=0.31 sys=0.01, real=0.04 secs] 
2011-03-01T02:13:18.323+0000: 4299.714: [GC 4299.714: [ParNew: 358864K->37946K(368640K), 0.0411640 secs] 7531125K->7218367K(12541952K), 0.0416420 secs] [Times: user=0.27 sys=0.00, real=0.04 secs] 
2011-03-01T02:13:19.631+0000: 4301.023: [GC 4301.023: [ParNew: 365626K->24271K(368640K), 0.0428640 secs] 7546047K->7221290K(12541952K), 0.0433840 secs] [Times: user=0.29 sys=0.00, real=0.05 secs] 
2011-03-01T02:13:22.060+0000: 4303.451: [GC 4303.452: [ParNew: 351951K->40960K(368640K), 0.0483190 secs] 7548970K->7246576K(12541952K), 0.0487810 secs] [Times: user=0.40 sys=0.00, real=0.05 secs] 
2011-03-01T02:13:23.822+0000: 4305.213: [GC 4305.214: [ParNew: 368640K->30735K(368640K), 0.0469140 secs] 7574256K->7252350K(12541952K), 0.0473790 secs] [Times: user=0.37 sys=0.00, real=0.04 secs] 
2011-03-01T02:13:26.245+0000: 4307.636: [GC 4307.636: [ParNew: 358415K->24877K(368640K), 0.0384840 secs] 7580030K->7246492K(12541952K), 0.0389410 secs] [Times: user=0.27 sys=0.01, real=0.04 secs] 
2011-03-01T02:13:27.499+0000: 4308.891: [GC 4308.891: [ParNew: 352557K->35945K(368640K), 0.0487660 secs] 7574172K->7264008K(12541952K), 0.0492300 secs] [Times: user=0.40 sys=0.00, real=0.05 secs] 
2011-03-01T02:13:29.046+0000: 4310.437: [GC 4310.437: [ParNew: 363625K->40960K(368640K), 0.0615230 secs] 7591688K->7289509K(12541952K), 0.0620020 secs] [Times: user=0.44 sys=0.00, real=0.06 secs] 
2011-03-01T02:13:30.017+0000: 4311.408: [GC 4311.408: [ParNew: 368640K->34337K(368640K), 0.0376570 secs] 7617189K->7292710K(12541952K), 0.0381210 secs] [Times: user=0.25 sys=0.00, real=0.04 secs] 
2011-03-01T02:13:31.092+0000: 4312.483: [GC 4312.483: [ParNew: 362017K->40960K(368640K), 0.1016740 secs] 7620390K->7341885K(12541952K), 0.1021450 secs] [Times: user=0.72 sys=0.00, real=0.11 secs] 
2011-03-01T02:13:32.359+0000: 4313.751: [GC 4313.751: [ParNew: 368640K->36903K(368640K), 0.0542520 secs] 7669565K->7355575K(12541952K), 0.0547160 secs] [Times: user=0.41 sys=0.00, real=0.06 secs] 
2011-03-01T02:13:33.607+0000: 4314.998: [GC 4314.999: [ParNew: 364583K->40960K(368640K), 0.0633280 secs] 7683255K->7372800K(12541952K), 0.0638220 secs] [Times: user=0.48 sys=0.00, real=0.06 secs] 
2011-03-01T02:13:35.000+0000: 4316.391: [GC 4316.391: [ParNew: 368640K->35541K(368640K), 0.0474240 secs] 7700480K->7382332K(12541952K), 0.0478910 secs] [Times: user=0.33 sys=0.01, real=0.05 secs] 
2011-03-01T02:13:35.249+0000: 4316.641: [GC 4316.641: [ParNew: 363221K->40960K(368640K), 0.1526130 secs] 7710012K->7444621K(12541952K), 0.1530900 secs] [Times: user=0.92 sys=0.02, real=0.16 secs] 
2011-03-01T02:13:35.851+0000: 4317.242: [GC 4317.242: [ParNew: 368640K->28803K(368640K), 0.0603900 secs] 7772301K->7458001K(12541952K), 0.0608580 secs] [Times: user=0.46 sys=0.00, real=0.06 secs] 
2011-03-01T02:13:36.065+0000: 4317.456: [GC 4317.456: [ParNew: 357973K->40960K(368640K), 0.1978600 secs] 7787171K->7564847K(12541952K), 0.1983810 secs] [Times: user=1.33 sys=0.00, real=0.20 secs] 
2011-03-01T02:13:36.266+0000: 4317.657: [GC 4317.657: [ParNew: 41735K->16570K(368640K), 0.0539010 secs] 7565622K->7565100K(12541952K), 0.0543630 secs] [Times: user=0.29 sys=0.00, real=0.05 secs] 
2011-03-01T02:13:36.493+0000: 4317.884: [GC 4317.884: [ParNew: 344250K->40960K(368640K), 0.0881990 secs] 7892780K->7612745K(12541952K), 0.0886600 secs] [Times: user=0.64 sys=0.01, real=0.08 secs] 
2011-03-01T02:13:36.981+0000: 4318.372: [GC 4318.372: [ParNew: 368640K->40960K(368640K), 0.0571680 secs] 7940462K->7632582K(12541952K), 0.0576440 secs] [Times: user=0.40 sys=0.00, real=0.06 secs] 
2011-03-01T02:13:37.041+0000: 4318.432: [GC 4318.432: [ParNew: 41053K->20976K(368640K), 0.0783300 secs] 7632675K->7645569K(12541952K), 0.0787320 secs] [Times: user=0.44 sys=0.00, real=0.08 secs] 
2011-03-01T02:13:37.311+0000: 4318.702: [GC 4318.702: [ParNew: 348656K->40960K(368640K), 0.1139820 secs] 7973249K->7712434K(12541952K), 0.1144370 secs] [Times: user=0.77 sys=0.00, real=0.12 secs] 
2011-03-01T02:13:37.553+0000: 4318.944: [GC 4318.944: [ParNew: 368640K->40960K(368640K), 0.1761980 secs] 8040114K->7796733K(12541952K), 0.1766510 secs] [Times: user=1.24 sys=0.00, real=0.18 secs] 
2011-03-01T02:13:38.106+0000: 4319.497: [GC 4319.497: [ParNew: 368640K->40960K(368640K), 0.1387280 secs] 8124413K->7859226K(12541952K), 0.1391260 secs] [Times: user=0.98 sys=0.00, real=0.14 secs] 
2011-03-01T02:13:38.603+0000: 4319.994: [GC 4319.994: [ParNew: 368640K->40960K(368640K), 0.1313170 secs] 8186906K->7912908K(12541952K), 0.1316730 secs] [Times: user=0.88 sys=0.02, real=0.13 secs] 
2011-03-01T02:13:39.625+0000: 4321.016: [GC 4321.016: [ParNew: 368640K->40561K(368640K), 0.0558700 secs] 8240588K->7931205K(12541952K), 0.0562220 secs] [Times: user=0.39 sys=0.01, real=0.05 secs] 
2011-03-01T02:13:40.517+0000: 4321.908: [GC 4321.908: [ParNew: 368241K->40960K(368640K), 0.0556030 secs] 8258885K->7959797K(12541952K), 0.0559530 secs] [Times: user=0.40 sys=0.00, real=0.06 secs] 
2011-03-01T02:13:41.828+0000: 4323.220: [GC 4323.220: [ParNew: 368640K->27283K(368640K), 0.0484350 secs] 8287477K->7967501K(12541952K), 0.0488450 secs] [Times: user=0.34 sys=0.00, real=0.05 secs] 
2011-03-01T02:13:42.992+0000: 4324.383: [GC 4324.383: [ParNew: 354963K->40960K(368640K), 0.0939780 secs] 8295181K->8018721K(12541952K), 0.0943320 secs] [Times: user=0.71 sys=0.00, real=0.10 secs] 
2011-03-01T02:13:44.455+0000: 4325.847: [GC 4325.847: [ParNew: 368640K->25254K(368640K), 0.0472530 secs] 8346401K->8018563K(12541952K), 0.0476030 secs] [Times: user=0.32 sys=0.00, real=0.05 secs] 
2011-03-01T02:13:46.039+0000: 4327.430: [GC 4327.430: [ParNew: 352934K->40960K(368640K), 0.0439460 secs] 8346243K->8042907K(12541952K), 0.0443000 secs] [Times: user=0.31 sys=0.01, real=0.05 secs] 
2011-03-01T02:13:47.600+0000: 4328.991: [GC 4328.991: [ParNew: 368640K->27772K(368640K), 0.0675050 secs] 8370587K->8044317K(12541952K), 0.0678550 secs] [Times: user=0.51 sys=0.02, real=0.07 secs] 
2011-03-01T02:13:49.394+0000: 4330.785: [GC 4330.786: [ParNew: 355452K->40960K(368640K), 0.0480820 secs] 8371997K->8068620K(12541952K), 0.0484380 secs] [Times: user=0.34 sys=0.01, real=0.05 secs] 
2011-03-01T02:13:50.505+0000: 4331.897: [GC 4331.897: [ParNew: 368640K->13048K(368640K), 0.0466210 secs] 8396300K->8057647K(12541952K), 0.0469760 secs] [Times: user=0.31 sys=0.00, real=0.05 secs] 
2011-03-01T02:13:51.256+0000: 4332.647: [GC 4332.647: [ParNew: 340728K->40960K(368640K), 0.0876160 secs] 8385327K->8180954K(12541952K), 0.0879830 secs] [Times: user=0.56 sys=0.01, real=0.09 secs] 
2011-03-01T02:13:51.815+0000: 4333.206: [GC 4333.206: [ParNew: 368640K->23125K(368640K), 0.0539120 secs] 8508634K->8189846K(12541952K), 0.0542810 secs] [Times: user=0.40 sys=0.00, real=0.05 secs] 
2011-03-01T02:13:52.604+0000: 4333.996: [GC 4333.996: [ParNew: 350805K->15691K(368640K), 0.0460870 secs] 8517526K->8182412K(12541952K), 0.0464480 secs] [Times: user=0.32 sys=0.01, real=0.04 secs] 
2011-03-01T02:13:53.274+0000: 4334.665: [GC 4334.665: [ParNew: 341076K->40960K(368640K), 0.0477260 secs] 8507797K->8207681K(12541952K), 0.0480710 secs] [Times: user=0.33 sys=0.00, real=0.04 secs] 
2011-03-01T02:13:54.469+0000: 4335.860: [GC 4335.861: [ParNew: 368640K->35159K(368640K), 0.0708600 secs] 8535361K->8299482K(12541952K), 0.0712500 secs] [Times: user=0.54 sys=0.00, real=0.07 secs] 
2011-03-01T02:13:54.735+0000: 4336.127: [GC 4336.127: [ParNew: 362839K->24864K(368640K), 0.0410870 secs] 8627162K->8296730K(12541952K), 0.0414550 secs] [Times: user=0.29 sys=0.02, real=0.04 secs] 
2011-03-01T02:13:55.023+0000: 4336.414: [GC 4336.414: [ParNew: 352544K->15398K(368640K), 0.0359240 secs] 8624410K->8287264K(12541952K), 0.0363100 secs] [Times: user=0.26 sys=0.01, real=0.03 secs] 
2011-03-01T02:13:55.405+0000: 4336.796: [GC 4336.796: [ParNew: 343078K->24617K(368640K), 0.0428470 secs] 8614944K->8296482K(12541952K), 0.0432100 secs] [Times: user=0.31 sys=0.01, real=0.04 secs] 
2011-03-01T02:13:55.754+0000: 4337.146: [GC 4337.146: [ParNew: 352297K->40892K(368640K), 0.0482490 secs] 8624162K->8312758K(12541952K), 0.0486100 secs] [Times: user=0.32 sys=0.00, real=0.05 secs] 
2011-03-01T02:13:56.106+0000: 4337.497: [GC 4337.497: [ParNew: 368512K->32442K(368640K), 0.0653600 secs] 8640377K->8322022K(12541952K), 0.0657220 secs] [Times: user=0.48 sys=0.00, real=0.06 secs] 
2011-03-01T02:13:56.173+0000: 4337.565: [GC [1 CMS-initial-mark: 8289579K(12173312K)] 8322347K(12541952K), 0.0370630 secs] [Times: user=0.04 sys=0.00, real=0.03 secs] 
2011-03-01T02:13:56.211+0000: 4337.602: [CMS-concurrent-mark-start]
2011-03-01T02:13:56.562+0000: 4337.953: [GC 4337.954: [ParNew: 360122K->29209K(368640K), 0.0451670 secs] 8649702K->8322028K(12541952K), 0.0455880 secs] [Times: user=0.37 sys=0.01, real=0.04 secs] 
2011-03-01T02:13:56.899+0000: 4338.290: [CMS-concurrent-mark: 0.637/0.689 secs] [Times: user=6.35 sys=1.17, real=0.69 secs] 
2011-03-01T02:13:56.899+0000: 4338.291: [CMS-concurrent-preclean-start]
2011-03-01T02:13:56.967+0000: 4338.358: [GC 4338.359: [ParNew: 356889K->18683K(368640K), 0.0431370 secs] 8649708K->8319489K(12541952K), 0.0436200 secs] [Times: user=0.31 sys=0.01, real=0.04 secs] 
2011-03-01T02:13:57.178+0000: 4338.569: [CMS-concurrent-preclean: 0.215/0.278 secs] [Times: user=0.97 sys=0.25, real=0.28 secs] 
2011-03-01T02:13:57.178+0000: 4338.569: [CMS-concurrent-abortable-preclean-start]
2011-03-01T02:13:57.233+0000: 4338.624: [CMS-concurrent-abortable-preclean: 0.054/0.055 secs] [Times: user=0.14 sys=0.02, real=0.06 secs] 
2011-03-01T02:13:57.235+0000: 4338.626: [GC[YG occupancy: 209061 K (368640 K)]4338.626: [Rescan (parallel) , 0.0199640 secs]4338.646: [weak refs processing, 0.0111540 secs] [1 CMS-remark: 8300806K(12173312K)] 8509867K(12541952K), 0.0314320 secs] [Times: user=0.17 sys=0.00, real=0.03 secs] 
2011-03-01T02:13:57.267+0000: 4338.659: [CMS-concurrent-sweep-start]
2011-03-01T02:13:57.373+0000: 4338.764: [GC 4338.764: [ParNew: 344891K->16535K(368640K), 0.0324630 secs] 8592181K->8263825K(12541952K), 0.0328240 secs] [Times: user=0.27 sys=0.00, real=0.03 secs] 
2011-03-01T02:13:57.791+0000: 4339.182: [GC 4339.182: [ParNew: 344215K->16482K(368640K), 0.0356250 secs] 8198155K->7870422K(12541952K), 0.0359920 secs] [Times: user=0.30 sys=0.00, real=0.04 secs] 
2011-03-01T02:13:58.293+0000: 4339.685: [GC 4339.685: [ParNew: 344162K->32236K(368640K), 0.0393160 secs] 7875166K->7563239K(12541952K), 0.0396840 secs] [Times: user=0.28 sys=0.00, real=0.04 secs] 
2011-03-01T02:13:58.729+0000: 4340.120: [GC 4340.120: [ParNew: 359896K->18535K(368640K), 0.0487290 secs] 7644242K->7312232K(12541952K), 0.0490890 secs] [Times: user=0.39 sys=0.00, real=0.05 secs] 
2011-03-01T02:13:59.133+0000: 4340.524: [GC 4340.524: [ParNew: 346215K->40960K(368640K), 0.0460850 secs] 7474791K->7170364K(12541952K), 0.0465040 secs] [Times: user=0.36 sys=0.00, real=0.04 secs] 
2011-03-01T02:13:59.547+0000: 4340.938: [GC 4340.938: [ParNew: 368600K->32156K(368640K), 0.0503780 secs] 7409235K->7080868K(12541952K), 0.0507400 secs] [Times: user=0.36 sys=0.01, real=0.05 secs] 
2011-03-01T02:14:00.091+0000: 4341.482: [GC 4341.482: [ParNew: 359836K->16007K(368640K), 0.0329270 secs] 7289400K->6945570K(12541952K), 0.0332740 secs] [Times: user=0.27 sys=0.01, real=0.04 secs] 
2011-03-01T02:14:00.527+0000: 4341.918: [GC 4341.918: [ParNew: 343646K->40960K(368640K), 0.0401110 secs] 7194367K->6891681K(12541952K), 0.0404680 secs] [Times: user=0.32 sys=0.00, real=0.04 secs] 
2011-03-01T02:14:01.005+0000: 4342.396: [GC 4342.397: [ParNew: 327144K->28927K(368640K), 0.0566960 secs] 7094249K->6816959K(12541952K), 0.0571430 secs] [Times: user=0.37 sys=0.00, real=0.06 secs] 
2011-03-01T02:14:01.363+0000: 4342.754: [GC 4342.754: [ParNew: 356559K->21604K(368640K), 0.0368290 secs] 7080923K->6811505K(12541952K), 0.0371900 secs] [Times: user=0.28 sys=0.00, real=0.04 secs] 
2011-03-01T02:14:01.899+0000: 4343.290: [GC 4343.290: [ParNew: 349284K->24308K(368640K), 0.0284080 secs] 7056045K->6731068K(12541952K), 0.0287450 secs] [Times: user=0.23 sys=0.00, real=0.03 secs] 
2011-03-01T02:14:02.768+0000: 4344.159: [GC 4344.159: [ParNew: 351988K->20325K(368640K), 0.0344320 secs] 6886893K->6571488K(12541952K), 0.0347820 secs] [Times: user=0.24 sys=0.00, real=0.04 secs] 
2011-03-01T02:14:03.619+0000: 4345.010: [GC 4345.010: [ParNew: 348005K->40960K(368640K), 0.0344160 secs] 6732835K->6425790K(12541952K), 0.0347730 secs] [Times: user=0.29 sys=0.00, real=0.04 secs] 
2011-03-01T02:14:04.447+0000: 4345.838: [GC 4345.838: [ParNew: 368640K->21410K(368640K), 0.0414380 secs] 6589849K->6256239K(12541952K), 0.0417850 secs] [Times: user=0.31 sys=0.01, real=0.04 secs] 
2011-03-01T02:14:05.387+0000: 4346.778: [GC 4346.778: [ParNew: 349090K->30562K(368640K), 0.0316120 secs] 6346336K->6027808K(12541952K), 0.0319580 secs] [Times: user=0.24 sys=0.00, real=0.03 secs] 
2011-03-01T02:14:06.414+0000: 4347.805: [GC 4347.805: [ParNew: 358242K->21855K(368640K), 0.0422560 secs] 6171500K->5848133K(12541952K), 0.0426090 secs] [Times: user=0.29 sys=0.00, real=0.04 secs] 
2011-03-01T02:14:07.302+0000: 4348.694: [GC 4348.694: [ParNew: 349535K->37346K(368640K), 0.0335270 secs] 6019908K->5707718K(12541952K), 0.0338740 secs] [Times: user=0.29 sys=0.01, real=0.04 secs] 
2011-03-01T02:14:08.273+0000: 4349.664: [GC 4349.664: [ParNew: 365026K->40251K(368640K), 0.0422660 secs] 5870641K->5550665K(12541952K), 0.0426140 secs] [Times: user=0.33 sys=0.00, real=0.05 secs] 
2011-03-01T02:14:09.204+0000: 4350.595: [GC 4350.596: [ParNew: 367931K->25758K(368640K), 0.0369090 secs] 5718815K->5383537K(12541952K), 0.0372580 secs] [Times: user=0.25 sys=0.00, real=0.03 secs] 
2011-03-01T02:14:10.273+0000: 4351.664: [GC 4351.665: [ParNew: 353438K->24587K(368640K), 0.0298200 secs] 5478039K->5149189K(12541952K), 0.0301610 secs] [Times: user=0.23 sys=0.01, real=0.03 secs] 
2011-03-01T02:14:11.246+0000: 4352.637: [GC 4352.637: [ParNew: 352267K->27189K(368640K), 0.0362430 secs] 5247732K->4929523K(12541952K), 0.0365940 secs] [Times: user=0.24 sys=0.00, real=0.04 secs] 
2011-03-01T02:14:12.096+0000: 4353.488: [GC 4353.488: [ParNew: 354869K->25697K(368640K), 0.0341220 secs] 5118065K->4794764K(12541952K), 0.0345640 secs] [Times: user=0.24 sys=0.00, real=0.03 secs] 
2011-03-01T02:14:13.083+0000: 4354.475: [GC 4354.475: [ParNew: 353377K->10932K(368640K), 0.0324910 secs] 4968842K->4631691K(12541952K), 0.0329300 secs] [Times: user=0.26 sys=0.00, real=0.03 secs] 
2011-03-01T02:14:14.250+0000: 4355.641: [GC 4355.642: [ParNew: 338612K->13660K(368640K), 0.0300500 secs] 4732629K->4407677K(12541952K), 0.0304910 secs] [Times: user=0.24 sys=0.00, real=0.03 secs] 
2011-03-01T02:14:15.963+0000: 4357.354: [GC 4357.354: [ParNew: 341340K->34428K(368640K), 0.0357050 secs] 4376802K->4069890K(12541952K), 0.0362370 secs] [Times: user=0.27 sys=0.00, real=0.03 secs] 
2011-03-01T02:14:18.316+0000: 4359.707: [GC 4359.708: [ParNew: 362108K->40960K(368640K), 0.0521250 secs] 4004816K->3693717K(12541952K), 0.0524740 secs] [Times: user=0.40 sys=0.00, real=0.05 secs] 
2011-03-01T02:14:19.561+0000: 4360.953: [GC 4360.953: [ParNew: 368640K->32821K(368640K), 0.0569530 secs] 3813041K->3501172K(12541952K), 0.0573020 secs] [Times: user=0.41 sys=0.00, real=0.06 secs] 
2011-03-01T02:14:21.273+0000: 4362.664: [GC 4362.665: [ParNew: 360501K->39716K(368640K), 0.0458800 secs] 3436318K->3128064K(12541952K), 0.0462410 secs] [Times: user=0.36 sys=0.00, real=0.04 secs] 
2011-03-01T02:14:24.269+0000: 4365.660: [GC 4365.660: [ParNew: 367396K->40960K(368640K), 0.0457300 secs] 2881826K->2569221K(12541952K), 0.0460850 secs] [Times: user=0.33 sys=0.00, real=0.05 secs] 
2011-03-01T02:14:26.156+0000: 4367.547: [GC 4367.547: [ParNew: 368640K->40960K(368640K), 0.0463480 secs] 2482496K->2165654K(12541952K), 0.0466970 secs] [Times: user=0.32 sys=0.00, real=0.05 secs] 
2011-03-01T02:14:27.230+0000: 4368.621: [GC 4368.622: [ParNew: 368640K->33354K(368640K), 0.0457030 secs] 2289947K->1971651K(12541952K), 0.0460560 secs] [Times: user=0.34 sys=0.00, real=0.05 secs] 
2011-03-01T02:14:27.644+0000: 4369.035: [CMS-concurrent-sweep: 28.983/30.376 secs] [Times: user=75.16 sys=14.44, real=30.38 secs] 
2011-03-01T02:14:27.644+0000: 4369.035: [CMS-concurrent-reset-start]
2011-03-01T02:14:27.670+0000: 4369.061: [CMS-concurrent-reset: 0.026/0.026 secs] [Times: user=0.02 sys=0.00, real=0.02 secs] 
2011-03-01T02:14:28.716+0000: 4370.107: [GC 4370.107: [ParNew: 361034K->40960K(368640K), 0.0438160 secs] 2216967K->1915566K(12541952K), 0.0441590 secs] [Times: user=0.32 sys=0.00, real=0.04 secs] 
2011-03-01T02:14:30.016+0000: 4371.407: [GC 4371.408: [ParNew: 368640K->33710K(368640K), 0.0603770 secs] 2243246K->1934942K(12541952K), 0.0607300 secs] [Times: user=0.41 sys=0.00, real=0.06 secs] 
2011-03-01T02:14:31.460+0000: 4372.851: [GC 4372.851: [ParNew: 361390K->28832K(368640K), 0.0461530 secs] 2262622K->1941933K(12541952K), 0.0465060 secs] [Times: user=0.35 sys=0.00, real=0.05 secs] 
2011-03-01T02:14:33.291+0000: 4374.682: [GC 4374.683: [ParNew: 356512K->26656K(368640K), 0.0472660 secs] 2269613K->1954381K(12541952K), 0.0476160 secs] [Times: user=0.38 sys=0.00, real=0.05 secs] 
2011-03-01T02:14:34.493+0000: 4375.884: [GC 4375.885: [ParNew: 354336K->40960K(368640K), 0.0579950 secs] 2282061K->1989890K(12541952K), 0.0583590 secs] [Times: user=0.45 sys=0.00, real=0.05 secs] 
2011-03-01T02:14:35.221+0000: 4376.613: [GC 4376.613: [ParNew: 368640K->40960K(368640K), 0.0957570 secs] 2317570K->2030845K(12541952K), 0.0998060 secs] [Times: user=0.65 sys=0.00, real=0.10 secs] 
2011-03-01T02:14:35.671+0000: 4377.062: [GC 4377.063: [ParNew: 368640K->40960K(368640K), 0.0857600 secs] 2358525K->2053904K(12541952K), 0.0862640 secs] [Times: user=0.51 sys=0.00, real=0.09 secs] 
2011-03-01T02:14:35.972+0000: 4377.364: [GC 4377.364: [ParNew: 368640K->40960K(368640K), 0.1256320 secs] 2381584K->2111019K(12541952K), 0.1260990 secs] [Times: user=0.81 sys=0.00, real=0.12 secs] 
2011-03-01T02:14:36.226+0000: 4377.617: [GC 4377.617: [ParNew: 368640K->40960K(368640K), 0.2017640 secs] 2438699K->2206472K(12541952K), 0.2022410 secs] [Times: user=1.13 sys=0.00, real=0.20 secs] 
2011-03-01T02:14:36.701+0000: 4378.092: [GC 4378.092: [ParNew: 368640K->40960K(368640K), 0.0837010 secs] 2534152K->2239541K(12541952K), 0.0842150 secs] [Times: user=0.50 sys=0.00, real=0.09 secs] 
2011-03-01T02:14:37.085+0000: 4378.476: [GC 4378.476: [ParNew: 368640K->40960K(368640K), 0.1546480 secs] 2567221K->2297583K(12541952K), 0.1551890 secs] [Times: user=0.91 sys=0.00, real=0.15 secs] 
2011-03-01T02:14:37.379+0000: 4378.770: [GC 4378.770: [ParNew: 368640K->40960K(368640K), 0.1349600 secs] 2625263K->2366200K(12541952K), 0.1354340 secs] [Times: user=0.94 sys=0.00, real=0.14 secs] 
2011-03-01T02:14:37.734+0000: 4379.126: [GC 4379.126: [ParNew: 368640K->40960K(368640K), 0.0777150 secs] 2693880K->2406463K(12541952K), 0.0781800 secs] [Times: user=0.48 sys=0.01, real=0.08 secs] 
2011-03-01T02:14:38.823+0000: 4380.214: [GC 4380.214: [ParNew: 368640K->40960K(368640K), 0.0865870 secs] 2734143K->2442688K(12541952K), 0.0870680 secs] [Times: user=0.60 sys=0.00, real=0.08 secs] 
2011-03-01T02:14:39.293+0000: 4380.684: [GC 4380.684: [ParNew: 368640K->40960K(368640K), 0.1064310 secs] 2770368K->2492274K(12541952K), 0.1068990 secs] [Times: user=0.74 sys=0.02, real=0.11 secs] 
2011-03-01T02:14:40.617+0000: 4382.008: [GC 4382.009: [ParNew: 368640K->40960K(368640K), 0.0543230 secs] 2819954K->2511381K(12541952K), 0.0547930 secs] [Times: user=0.40 sys=0.00, real=0.05 secs] 
2011-03-01T02:14:42.435+0000: 4383.826: [GC 4383.827: [ParNew: 368640K->23570K(368640K), 0.0477870 secs] 2839061K->2507039K(12541952K), 0.0482600 secs] [Times: user=0.31 sys=0.01, real=0.05 secs] 
2011-03-01T02:14:43.737+0000: 4385.128: [GC 4385.128: [ParNew: 351250K->18976K(368640K), 0.0414880 secs] 2834719K->2518397K(12541952K), 0.0419540 secs] [Times: user=0.32 sys=0.00, real=0.04 secs] 
2011-03-01T02:14:45.037+0000: 4386.428: [GC 4386.428: [ParNew: 346656K->40960K(368640K), 0.0584600 secs] 2846077K->2559680K(12541952K), 0.0589290 secs] [Times: user=0.41 sys=0.00, real=0.06 secs] 
2011-03-01T02:14:46.055+0000: 4387.447: [GC 4387.447: [ParNew: 368640K->40960K(368640K), 0.0586350 secs] 2887360K->2577400K(12541952K), 0.0591060 secs] [Times: user=0.41 sys=0.00, real=0.06 secs] 
2011-03-01T02:14:47.771+0000: 4389.162: [GC 4389.162: [ParNew: 368640K->40960K(368640K), 0.0501050 secs] 2905080K->2589082K(12541952K), 0.0505720 secs] [Times: user=0.39 sys=0.00, real=0.05 secs] 
2011-03-01T02:14:49.163+0000: 4390.554: [GC 4390.555: [ParNew: 368640K->28458K(368640K), 0.0488310 secs] 2916762K->2591190K(12541952K), 0.0492340 secs] [Times: user=0.31 sys=0.01, real=0.05 secs] 
2011-03-01T02:14:50.554+0000: 4391.946: [GC 4391.946: [ParNew: 356138K->25288K(368640K), 0.0457950 secs] 2918870K->2588021K(12541952K), 0.0461470 secs] [Times: user=0.31 sys=0.00, real=0.04 secs] 
2011-03-01T02:14:51.810+0000: 4393.201: [GC 4393.202: [ParNew: 352968K->40960K(368640K), 0.0713160 secs] 2915701K->2624269K(12541952K), 0.0716640 secs] [Times: user=0.55 sys=0.00, real=0.07 secs] 
2011-03-01T02:14:53.244+0000: 4394.636: [GC 4394.636: [ParNew: 368640K->40739K(368640K), 0.0563400 secs] 2951949K->2636962K(12541952K), 0.0566960 secs] [Times: user=0.41 sys=0.00, real=0.05 secs] 
2011-03-01T02:14:54.569+0000: 4395.960: [GC 4395.960: [ParNew: 368381K->30357K(368640K), 0.0508520 secs] 2964605K->2647968K(12541952K), 0.0512140 secs] [Times: user=0.38 sys=0.00, real=0.05 secs] 
2011-03-01T02:14:55.193+0000: 4396.585: [GC 4396.585: [ParNew: 358020K->12621K(368640K), 0.0340710 secs] 2975632K->2630232K(12541952K), 0.0343650 secs] [Times: user=0.23 sys=0.00, real=0.03 secs] 
2011-03-01T02:14:56.190+0000: 4397.581: [GC 4397.581: [ParNew: 340301K->40960K(368640K), 0.0452360 secs] 2957912K->2665540K(12541952K), 0.0455970 secs] [Times: user=0.32 sys=0.00, real=0.05 secs] 
2011-03-01T02:14:57.376+0000: 4398.767: [GC 4398.767: [ParNew: 368640K->33083K(368640K), 0.0669760 secs] 2993220K->2692523K(12541952K), 0.0673920 secs] [Times: user=0.46 sys=0.00, real=0.07 secs] 
2011-03-01T02:14:58.076+0000: 4399.467: [GC 4399.468: [ParNew: 360761K->12269K(368640K), 0.0309250 secs] 3020200K->2678524K(12541952K), 0.0314520 secs] [Times: user=0.23 sys=0.00, real=0.03 secs] 
2011-03-01T02:14:58.797+0000: 4400.188: [GC 4400.188: [ParNew: 339907K->16255K(368640K), 0.0226930 secs] 3006163K->2682510K(12541952K), 0.0231510 secs] [Times: user=0.16 sys=0.00, real=0.02 secs] 
2011-03-01T02:14:59.443+0000: 4400.834: [GC 4400.835: [ParNew: 343914K->13875K(368640K), 0.0235440 secs] 3010169K->2680130K(12541952K), 0.0240920 secs] [Times: user=0.18 sys=0.00, real=0.02 secs] 
2011-03-01T02:15:00.087+0000: 4401.478: [GC 4401.479: [ParNew: 341555K->37488K(368640K), 0.0273720 secs] 3007810K->2703743K(12541952K), 0.0278310 secs] [Times: user=0.22 sys=0.00, real=0.03 secs] 
2011-03-01T02:15:00.560+0000: 4401.951: [GC 4401.952: [ParNew: 365137K->18314K(368640K), 0.0326000 secs] 3031393K->2692182K(12541952K), 0.0331230 secs] [Times: user=0.24 sys=0.00, real=0.04 secs] 
2011-03-01T02:15:01.232+0000: 4402.623: [GC 4402.623: [ParNew: 345994K->23522K(368640K), 0.0283060 secs] 3019862K->2697390K(12541952K), 0.0288300 secs] [Times: user=0.18 sys=0.00, real=0.03 secs] 
2011-03-01T02:15:04.137+0000: 4405.529: [GC 4405.529: [ParNew: 351202K->18977K(368640K), 0.0373820 secs] 3025070K->2699088K(12541952K), 0.0378290 secs] [Times: user=0.27 sys=0.00, real=0.04 secs] 
2011-03-01T02:15:07.512+0000: 4408.903: [GC 4408.904: [ParNew: 346657K->35472K(368640K), 0.0282190 secs] 3026768K->2715583K(12541952K), 0.0286960 secs] [Times: user=0.21 sys=0.00, real=0.03 secs] 
2011-03-01T02:15:09.117+0000: 4410.508: [GC 4410.508: [ParNew: 363127K->10867K(368640K), 0.0361680 secs] 3043238K->2704708K(12541952K), 0.0366410 secs] [Times: user=0.25 sys=0.00, real=0.04 secs] 
2011-03-01T02:15:14.509+0000: 4415.900: [GC 4415.901: [ParNew: 320029K->33358K(368640K), 0.0239370 secs] 3013870K->2727199K(12541952K), 0.0244180 secs] [Times: user=0.19 sys=0.00, real=0.03 secs] 
2011-03-01T02:15:15.343+0000: 4416.734: [GC 4416.734: [ParNew: 361038K->31188K(368640K), 0.0439190 secs] 3054879K->2794344K(12541952K), 0.0443710 secs] [Times: user=0.33 sys=0.01, real=0.04 secs] 
2011-03-01T02:15:16.238+0000: 4417.629: [GC 4417.629: [ParNew: 358868K->10740K(368640K), 0.0353440 secs] 3122024K->2792324K(12541952K), 0.0357940 secs] [Times: user=0.23 sys=0.00, real=0.04 secs] 
2011-03-01T02:15:17.099+0000: 4418.490: [GC 4418.490: [ParNew: 338420K->15461K(368640K), 0.0386140 secs] 3120004K->2797045K(12541952K), 0.0390640 secs] [Times: user=0.32 sys=0.00, real=0.04 secs] 
2011-03-01T02:15:17.971+0000: 4419.362: [GC 4419.362: [ParNew: 343141K->22398K(368640K), 0.0372090 secs] 3124725K->2803982K(12541952K), 0.0376530 secs] [Times: user=0.32 sys=0.00, real=0.04 secs] 
2011-03-01T02:15:18.609+0000: 4420.000: [GC 4420.000: [ParNew: 350078K->31584K(368640K), 0.0452910 secs] 3131662K->2816566K(12541952K), 0.0457320 secs] [Times: user=0.32 sys=0.01, real=0.05 secs] 
2011-03-01T02:15:20.432+0000: 4421.824: [GC 4421.824: [ParNew: 359264K->40960K(368640K), 0.0485840 secs] 3144246K->2832907K(12541952K), 0.0490800 secs] [Times: user=0.35 sys=0.00, real=0.04 secs] 
2011-03-01T02:15:21.488+0000: 4422.880: [GC 4422.880: [ParNew: 368640K->32333K(368640K), 0.0737190 secs] 3160587K->2855823K(12541952K), 0.0742090 secs] [Times: user=0.48 sys=0.00, real=0.08 secs] 
2011-03-01T02:15:22.901+0000: 4424.292: [GC 4424.292: [ParNew: 360013K->40960K(368640K), 0.0395530 secs] 3183503K->2867257K(12541952K), 0.0400250 secs] [Times: user=0.31 sys=0.00, real=0.04 secs] 
2011-03-01T02:15:26.599+0000: 4427.990: [GC 4427.991: [ParNew: 368640K->31706K(368640K), 0.0790660 secs] 3194937K->2886385K(12541952K), 0.0795410 secs] [Times: user=0.45 sys=0.00, real=0.08 secs] 
2011-03-01T02:15:29.504+0000: 4430.895: [GC 4430.895: [ParNew: 359386K->26125K(368640K), 0.0550720 secs] 3214065K->2895630K(12541952K), 0.0554200 secs] [Times: user=0.33 sys=0.00, real=0.05 secs] 
2011-03-01T02:15:32.569+0000: 4433.960: [GC 4433.960: [ParNew: 353805K->40960K(368640K), 0.0614790 secs] 3223310K->2925862K(12541952K), 0.0618230 secs] [Times: user=0.40 sys=0.01, real=0.06 secs] 
2011-03-01T02:15:35.088+0000: 4436.479: [GC 4436.479: [ParNew: 368640K->24503K(368640K), 0.0755130 secs] 3253542K->2929937K(12541952K), 0.0758570 secs] [Times: user=0.41 sys=0.01, real=0.08 secs] 
2011-03-01T02:15:35.892+0000: 4437.283: [GC 4437.283: [ParNew: 352183K->40960K(368640K), 0.0748150 secs] 3257617K->2957529K(12541952K), 0.0751820 secs] [Times: user=0.46 sys=0.01, real=0.08 secs] 
2011-03-01T02:15:36.618+0000: 4438.009: [GC 4438.009: [ParNew: 368640K->32053K(368640K), 0.1222970 secs] 3285209K->2986602K(12541952K), 0.1227690 secs] [Times: user=0.57 sys=0.01, real=0.12 secs] 
2011-03-01T02:15:37.266+0000: 4438.657: [GC 4438.658: [ParNew: 359733K->40960K(368640K), 0.1095380 secs] 3314282K->3021296K(12541952K), 0.1098800 secs] [Times: user=0.58 sys=0.00, real=0.11 secs] 
2011-03-01T02:15:37.994+0000: 4439.386: [GC 4439.386: [ParNew: 368640K->32102K(368640K), 0.0827560 secs] 3348976K->3033036K(12541952K), 0.0831130 secs] [Times: user=0.43 sys=0.00, real=0.08 secs] 
2011-03-01T02:15:40.476+0000: 4441.867: [GC 4441.867: [ParNew: 359782K->25824K(368640K), 0.0618250 secs] 3360716K->3046491K(12541952K), 0.0621660 secs] [Times: user=0.34 sys=0.00, real=0.06 secs] 
2011-03-01T02:15:43.293+0000: 4444.684: [GC 4444.685: [ParNew: 353504K->25931K(368640K), 0.0482280 secs] 3374171K->3063203K(12541952K), 0.0485830 secs] [Times: user=0.32 sys=0.00, real=0.04 secs] 
2011-03-01T02:15:46.065+0000: 4447.456: [GC 4447.456: [ParNew: 353611K->20278K(368640K), 0.0435210 secs] 3390883K->3073843K(12541952K), 0.0438620 secs] [Times: user=0.28 sys=0.00, real=0.04 secs] 
2011-03-01T02:15:49.494+0000: 4450.885: [GC 4450.885: [ParNew: 347958K->40960K(368640K), 0.0462690 secs] 3401523K->3094524K(12541952K), 0.0466060 secs] [Times: user=0.32 sys=0.01, real=0.04 secs] 
2011-03-01T02:15:52.027+0000: 4453.418: [GC 4453.418: [ParNew: 368640K->25274K(368640K), 0.0712770 secs] 3422204K->3108536K(12541952K), 0.0717260 secs] [Times: user=0.49 sys=0.00, real=0.07 secs] 
2011-03-01T02:15:54.480+0000: 4455.871: [GC 4455.871: [ParNew: 352954K->34152K(368640K), 0.0449610 secs] 3436216K->3117414K(12541952K), 0.0454090 secs] [Times: user=0.36 sys=0.00, real=0.05 secs] 
2011-03-01T02:15:55.430+0000: 4456.821: [GC 4456.821: [ParNew: 361792K->23621K(368640K), 0.0497480 secs] 3445055K->3133714K(12541952K), 0.0502010 secs] [Times: user=0.35 sys=0.00, real=0.05 secs] 
2011-03-01T02:15:56.836+0000: 4458.227: [GC 4458.227: [ParNew: 351242K->13382K(368640K), 0.0232180 secs] 3461334K->3123475K(12541952K), 0.0236560 secs] [Times: user=0.16 sys=0.00, real=0.02 secs] 
2011-03-01T02:15:57.431+0000: 4458.823: [GC 4458.823: [ParNew: 341006K->18322K(368640K), 0.0247030 secs] 3451098K->3128415K(12541952K), 0.0251360 secs] [Times: user=0.24 sys=0.00, real=0.03 secs] 
2011-03-01T02:15:58.022+0000: 4459.413: [GC 4459.413: [ParNew: 346002K->30013K(368640K), 0.0246750 secs] 3456095K->3140105K(12541952K), 0.0251050 secs] [Times: user=0.22 sys=0.00, real=0.03 secs] 
2011-03-01T02:15:58.629+0000: 4460.020: [GC 4460.020: [ParNew: 357693K->25802K(368640K), 0.0300630 secs] 3467785K->3144070K(12541952K), 0.0305090 secs] [Times: user=0.24 sys=0.00, real=0.03 secs] 
2011-03-01T02:15:59.327+0000: 4460.718: [GC 4460.718: [ParNew: 353467K->23896K(368640K), 0.0231840 secs] 3471735K->3142164K(12541952K), 0.0236230 secs] [Times: user=0.16 sys=0.00, real=0.02 secs] 
2011-03-01T02:16:00.046+0000: 4461.437: [GC 4461.438: [ParNew: 351563K->22408K(368640K), 0.0335720 secs] 3469831K->3144516K(12541952K), 0.0339950 secs] [Times: user=0.18 sys=0.01, real=0.03 secs] 
2011-03-01T02:16:00.683+0000: 4462.074: [GC 4462.074: [ParNew: 350088K->27263K(368640K), 0.0325930 secs] 3472196K->3150889K(12541952K), 0.0330460 secs] [Times: user=0.24 sys=0.00, real=0.03 secs] 
2011-03-01T02:16:01.205+0000: 4462.596: [GC 4462.596: [ParNew: 354900K->23889K(368640K), 0.0352420 secs] 3478525K->3154595K(12541952K), 0.0356830 secs] [Times: user=0.23 sys=0.01, real=0.03 secs] 
2011-03-01T02:16:01.708+0000: 4463.099: [GC 4463.099: [ParNew: 351556K->12947K(368640K), 0.0348190 secs] 3482263K->3147647K(12541952K), 0.0352710 secs] [Times: user=0.25 sys=0.00, real=0.04 secs] 
2011-03-01T02:16:02.382+0000: 4463.773: [GC 4463.773: [ParNew: 340627K->13745K(368640K), 0.0292660 secs] 3475327K->3148445K(12541952K), 0.0297130 secs] [Times: user=0.23 sys=0.00, real=0.03 secs] 
2011-03-01T02:16:04.088+0000: 4465.479: [GC 4465.479: [ParNew: 341404K->30387K(368640K), 0.0369120 secs] 3476104K->3165087K(12541952K), 0.0373650 secs] [Times: user=0.30 sys=0.00, real=0.04 secs] 
2011-03-01T02:16:06.484+0000: 4467.875: [GC 4467.875: [ParNew: 358067K->40572K(368640K), 0.0466360 secs] 3492767K->3182539K(12541952K), 0.0470840 secs] [Times: user=0.32 sys=0.00, real=0.04 secs] 
2011-03-01T02:16:08.728+0000: 4470.119: [GC 4470.120: [ParNew: 368252K->38285K(368640K), 0.0428990 secs] 3510219K->3189096K(12541952K), 0.0432310 secs] [Times: user=0.32 sys=0.00, real=0.04 secs] 
2011-03-01T02:16:10.924+0000: 4472.315: [GC 4472.315: [ParNew: 365965K->40960K(368640K), 0.0389960 secs] 3516776K->3200910K(12541952K), 0.0393300 secs] [Times: user=0.24 sys=0.00, real=0.04 secs] 
2011-03-01T02:16:13.612+0000: 4475.003: [GC 4475.003: [ParNew: 368640K->14161K(368640K), 0.0354630 secs] 3528590K->3192272K(12541952K), 0.0357980 secs] [Times: user=0.30 sys=0.00, real=0.04 secs] 
2011-03-01T02:16:15.748+0000: 4477.139: [GC 4477.139: [ParNew: 341841K->40557K(368640K), 0.0255990 secs] 3519952K->3218668K(12541952K), 0.0259290 secs] [Times: user=0.19 sys=0.00, real=0.03 secs] 
2011-03-01T02:16:18.215+0000: 4479.607: [GC 4479.607: [ParNew: 368237K->14067K(368640K), 0.0328690 secs] 3546348K->3206876K(12541952K), 0.0332360 secs] [Times: user=0.24 sys=0.00, real=0.03 secs] 
2011-03-01T02:16:19.449+0000: 4480.840: [GC 4480.841: [ParNew: 341747K->40960K(368640K), 0.0372750 secs] 3534556K->3237939K(12541952K), 0.0376080 secs] [Times: user=0.32 sys=0.00, real=0.04 secs] 
2011-03-01T02:16:21.216+0000: 4482.607: [GC 4482.607: [ParNew: 368640K->17513K(368640K), 0.0433680 secs] 3565619K->3246102K(12541952K), 0.0438120 secs] [Times: user=0.32 sys=0.00, real=0.04 secs] 
2011-03-01T02:16:23.593+0000: 4484.984: [GC 4484.985: [ParNew: 345193K->40960K(368640K), 0.0366130 secs] 3573782K->3277998K(12541952K), 0.0370570 secs] [Times: user=0.25 sys=0.01, real=0.03 secs] 
2011-03-01T02:16:25.834+0000: 4487.225: [GC 4487.225: [ParNew: 368640K->14205K(368640K), 0.0352300 secs] 3605678K->3263195K(12541952K), 0.0356740 secs] [Times: user=0.25 sys=0.01, real=0.03 secs] 
2011-03-01T02:16:27.280+0000: 4488.671: [GC 4488.672: [ParNew: 341954K->38130K(368640K), 0.0305750 secs] 3590943K->3287120K(12541952K), 0.0309870 secs] [Times: user=0.24 sys=0.00, real=0.03 secs] 
2011-03-01T02:16:27.314+0000: 4488.705: [GC 4488.705: [ParNew: 38275K->20375K(368640K), 0.0325610 secs] 3287265K->3275486K(12541952K), 0.0329050 secs] [Times: user=0.25 sys=0.00, real=0.03 secs] 
2011-03-01T02:16:28.579+0000: 4489.970: [GC 4489.971: [ParNew: 348055K->37051K(368640K), 0.0311720 secs] 3603166K->3292162K(12541952K), 0.0315850 secs] [Times: user=0.24 sys=0.00, real=0.03 secs] 
2011-03-01T02:16:29.935+0000: 4491.326: [GC 4491.326: [ParNew: 364731K->39343K(368640K), 0.0391610 secs] 3619842K->3302627K(12541952K), 0.0396540 secs] [Times: user=0.27 sys=0.00, real=0.04 secs] 
2011-03-01T02:16:31.315+0000: 4492.706: [GC 4492.707: [ParNew: 367023K->40960K(368640K), 0.0391420 secs] 3630307K->3310559K(12541952K), 0.0395750 secs] [Times: user=0.27 sys=0.00, real=0.04 secs] 
2011-03-01T02:16:32.811+0000: 4494.202: [GC 4494.203: [ParNew: 368640K->30936K(368640K), 0.0431050 secs] 3638239K->3314684K(12541952K), 0.0435690 secs] [Times: user=0.31 sys=0.00, real=0.05 secs] 
2011-03-01T02:16:34.118+0000: 4495.509: [GC 4495.509: [ParNew: 358616K->19872K(368640K), 0.0323910 secs] 3642364K->3311908K(12541952K), 0.0327230 secs] [Times: user=0.24 sys=0.00, real=0.03 secs] 
2011-03-01T02:16:35.505+0000: 4496.896: [GC 4496.896: [ParNew: 347552K->40960K(368640K), 0.0355780 secs] 3639588K->3332996K(12541952K), 0.0359110 secs] [Times: user=0.24 sys=0.00, real=0.03 secs] 
2011-03-01T02:16:35.957+0000: 4497.348: [GC 4497.348: [ParNew: 368640K->40588K(368640K), 0.0465090 secs] 3660676K->3349429K(12541952K), 0.0468500 secs] [Times: user=0.31 sys=0.00, real=0.05 secs] 
2011-03-01T02:16:36.313+0000: 4497.704: [GC 4497.704: [ParNew: 368268K->38746K(368640K), 0.0457010 secs] 3677109K->3357528K(12541952K), 0.0460680 secs] [Times: user=0.34 sys=0.01, real=0.04 secs] 
2011-03-01T02:16:36.829+0000: 4498.220: [GC 4498.221: [ParNew: 366426K->40960K(368640K), 0.0500480 secs] 3685208K->3372272K(12541952K), 0.0504830 secs] [Times: user=0.39 sys=0.01, real=0.05 secs] 
2011-03-01T02:16:37.179+0000: 4498.570: [GC 4498.571: [ParNew: 368640K->40841K(368640K), 0.0428740 secs] 3699952K->3381959K(12541952K), 0.0433350 secs] [Times: user=0.31 sys=0.01, real=0.05 secs] 
2011-03-01T02:16:37.533+0000: 4498.925: [GC 4498.925: [ParNew: 368521K->40960K(368640K), 0.0557300 secs] 3709639K->3398182K(12541952K), 0.0561800 secs] [Times: user=0.39 sys=0.01, real=0.05 secs] 
2011-03-01T02:16:37.906+0000: 4499.297: [GC 4499.297: [ParNew: 368640K->40960K(368640K), 0.0568030 secs] 3725862K->3415173K(12541952K), 0.0572990 secs] [Times: user=0.39 sys=0.00, real=0.06 secs] 
2011-03-01T02:16:38.463+0000: 4499.854: [GC 4499.854: [ParNew: 368640K->40960K(368640K), 0.0599610 secs] 3742853K->3427911K(12541952K), 0.0604040 secs] [Times: user=0.45 sys=0.01, real=0.06 secs] 
2011-03-01T02:16:38.981+0000: 4500.372: [GC 4500.372: [ParNew: 368640K->38531K(368640K), 0.0490840 secs] 3755591K->3443289K(12541952K), 0.0495370 secs] [Times: user=0.40 sys=0.00, real=0.05 secs] 
2011-03-01T02:16:39.540+0000: 4500.931: [GC 4500.931: [ParNew: 366211K->40960K(368640K), 0.0333900 secs] 3770969K->3445831K(12541952K), 0.0338970 secs] [Times: user=0.26 sys=0.00, real=0.04 secs] 
2011-03-01T02:16:40.588+0000: 4501.980: [GC 4501.980: [ParNew: 368640K->19675K(368640K), 0.0420150 secs] 3773540K->3441636K(12541952K), 0.0424760 secs] [Times: user=0.32 sys=0.00, real=0.04 secs] 
2011-03-01T02:16:40.633+0000: 4502.024: [GC 4502.025: [ParNew: 19760K->6068K(368640K), 0.0210790 secs] 3441722K->3428029K(12541952K), 0.0214400 secs] [Times: user=0.16 sys=0.00, real=0.02 secs] 
2011-03-01T02:16:41.877+0000: 4503.268: [GC 4503.269: [ParNew: 333748K->32710K(368640K), 0.0263400 secs] 3755709K->3454671K(12541952K), 0.0267990 secs] [Times: user=0.20 sys=0.00, real=0.03 secs] 
2011-03-01T02:16:43.341+0000: 4504.732: [GC 4504.732: [ParNew: 360390K->10024K(368640K), 0.0339960 secs] 3782351K->3446134K(12541952K), 0.0343330 secs] [Times: user=0.26 sys=0.00, real=0.04 secs] 
2011-03-01T02:16:44.656+0000: 4506.047: [GC 4506.047: [ParNew: 337704K->40960K(368640K), 0.0286660 secs] 3773814K->3480126K(12541952K), 0.0289980 secs] [Times: user=0.19 sys=0.00, real=0.03 secs] 
2011-03-01T02:16:46.138+0000: 4507.529: [GC 4507.529: [ParNew: 368640K->18316K(368640K), 0.0362860 secs] 3807806K->3471504K(12541952K), 0.0366220 secs] [Times: user=0.26 sys=0.00, real=0.04 secs] 
2011-03-01T02:16:47.612+0000: 4509.003: [GC 4509.003: [ParNew: 345996K->40960K(368640K), 0.0349950 secs] 3799184K->3496770K(12541952K), 0.0353290 secs] [Times: user=0.30 sys=0.00, real=0.04 secs] 
2011-03-01T02:16:49.030+0000: 4510.421: [GC 4510.422: [ParNew: 368640K->21765K(368640K), 0.0386430 secs] 3824450K->3491016K(12541952K), 0.0389750 secs] [Times: user=0.32 sys=0.00, real=0.04 secs] 
2011-03-01T02:16:50.472+0000: 4511.863: [GC 4511.863: [ParNew: 349445K->40960K(368640K), 0.0609110 secs] 3818696K->3538417K(12541952K), 0.0649800 secs] [Times: user=0.48 sys=0.00, real=0.07 secs] 
2011-03-01T02:16:52.026+0000: 4513.417: [GC 4513.418: [ParNew: 368640K->11588K(368640K), 0.0386170 secs] 3866097K->3518292K(12541952K), 0.0390990 secs] [Times: user=0.25 sys=0.00, real=0.04 secs] 
2011-03-01T02:16:53.221+0000: 4514.612: [GC 4514.612: [ParNew: 339268K->32619K(368640K), 0.0307490 secs] 3845972K->3539322K(12541952K), 0.0312040 secs] [Times: user=0.24 sys=0.00, real=0.03 secs] 
2011-03-01T02:16:54.470+0000: 4515.861: [GC 4515.861: [ParNew: 360282K->22980K(368640K), 0.0355940 secs] 3866985K->3537728K(12541952K), 0.0360030 secs] [Times: user=0.29 sys=0.00, real=0.04 secs] 
2011-03-01T02:16:55.103+0000: 4516.494: [GC 4516.495: [ParNew: 350660K->40960K(368640K), 0.0334870 secs] 3865408K->3556261K(12541952K), 0.0339440 secs] [Times: user=0.25 sys=0.00, real=0.03 secs] 
2011-03-01T02:16:55.683+0000: 4517.074: [GC 4517.075: [ParNew: 368640K->22383K(368640K), 0.0388070 secs] 3883941K->3548754K(12541952K), 0.0429090 secs] [Times: user=0.25 sys=0.00, real=0.04 secs] 
2011-03-01T02:16:56.302+0000: 4517.693: [GC 4517.693: [ParNew: 350035K->23232K(368640K), 0.0250020 secs] 3876406K->3549603K(12541952K), 0.0254990 secs] [Times: user=0.21 sys=0.01, real=0.03 secs] 
2011-03-01T02:16:57.100+0000: 4518.491: [GC 4518.491: [ParNew: 350912K->32208K(368640K), 0.0282360 secs] 3877283K->3558578K(12541952K), 0.0286950 secs] [Times: user=0.24 sys=0.00, real=0.03 secs] 
2011-03-01T02:16:58.695+0000: 4520.086: [GC 4520.086: [ParNew: 359888K->40960K(368640K), 0.0325460 secs] 3886258K->3571222K(12541952K), 0.0330080 secs] [Times: user=0.25 sys=0.00, real=0.03 secs] 
2011-03-01T02:17:00.227+0000: 4521.618: [GC 4521.618: [ParNew: 368640K->14956K(368640K), 0.0401390 secs] 3898902K->3559420K(12541952K), 0.0405990 secs] [Times: user=0.29 sys=0.01, real=0.04 secs] 
2011-03-01T02:17:01.143+0000: 4522.534: [GC 4522.535: [ParNew: 342636K->35203K(368640K), 0.0294070 secs] 3887100K->3579667K(12541952K), 0.0298630 secs] [Times: user=0.20 sys=0.00, real=0.03 secs] 
2011-03-01T02:17:02.351+0000: 4523.742: [GC 4523.742: [ParNew: 362883K->37185K(368640K), 0.0346580 secs] 3907347K->3587188K(12541952K), 0.0351130 secs] [Times: user=0.28 sys=0.00, real=0.04 secs] 
2011-03-01T02:17:03.365+0000: 4524.756: [GC 4524.756: [ParNew: 364827K->17779K(368640K), 0.0317050 secs] 3914830K->3575470K(12541952K), 0.0321590 secs] [Times: user=0.24 sys=0.00, real=0.03 secs] 
2011-03-01T02:17:04.219+0000: 4525.610: [GC 4525.610: [ParNew: 345459K->38838K(368640K), 0.0266950 secs] 3903150K->3596528K(12541952K), 0.0271560 secs] [Times: user=0.24 sys=0.00, real=0.03 secs] 
2011-03-01T02:17:04.871+0000: 4526.262: [GC 4526.262: [ParNew: 366518K->30583K(368640K), 0.0297500 secs] 3924208K->3592380K(12541952K), 0.0302330 secs] [Times: user=0.24 sys=0.00, real=0.03 secs] 
2011-03-01T02:17:05.670+0000: 4527.061: [GC 4527.061: [ParNew: 358208K->20982K(368640K), 0.0278120 secs] 3920005K->3586828K(12541952K), 0.0282940 secs] [Times: user=0.24 sys=0.00, real=0.03 secs] 
2011-03-01T02:17:07.668+0000: 4529.059: [GC 4529.060: [ParNew: 348662K->29830K(368640K), 0.0276950 secs] 3914508K->3595676K(12541952K), 0.0281580 secs] [Times: user=0.24 sys=0.00, real=0.03 secs] 
2011-03-01T02:17:09.501+0000: 4530.892: [GC 4530.893: [ParNew: 357504K->28661K(368640K), 0.0337490 secs] 3923350K->3599187K(12541952K), 0.0342100 secs] [Times: user=0.28 sys=0.00, real=0.04 secs] 
2011-03-01T02:17:10.108+0000: 4531.499: [GC 4531.499: [ParNew: 356341K->23507K(368640K), 0.0308530 secs] 3926867K->3597931K(12541952K), 0.0312530 secs] [Times: user=0.24 sys=0.00, real=0.03 secs] 
2011-03-01T02:17:10.600+0000: 4531.991: [GC 4531.991: [ParNew: 351187K->32197K(368640K), 0.0326930 secs] 3925611K->3610098K(12541952K), 0.0330390 secs] [Times: user=0.24 sys=0.00, real=0.03 secs] 
2011-03-01T02:17:11.792+0000: 4533.183: [GC 4533.183: [ParNew: 359877K->23202K(368640K), 0.0319140 secs] 3937778K->3606286K(12541952K), 0.0322590 secs] [Times: user=0.26 sys=0.00, real=0.04 secs] 
2011-03-01T02:17:14.192+0000: 4535.583: [GC 4535.584: [ParNew: 350882K->26099K(368640K), 0.0292440 secs] 3933966K->3609183K(12541952K), 0.0295870 secs] [Times: user=0.23 sys=0.00, real=0.02 secs] 
2011-03-01T02:17:16.185+0000: 4537.577: [GC 4537.577: [ParNew: 353779K->40960K(368640K), 0.0388810 secs] 3936863K->3633324K(12541952K), 0.0392240 secs] [Times: user=0.25 sys=0.00, real=0.04 secs] 
2011-03-01T02:17:18.426+0000: 4539.817: [GC 4539.818: [ParNew: 368640K->9173K(368640K), 0.0375210 secs] 3961004K->3617615K(12541952K), 0.0378610 secs] [Times: user=0.23 sys=0.00, real=0.04 secs] 
2011-03-01T02:17:19.738+0000: 4541.129: [GC 4541.129: [ParNew: 336853K->40960K(368640K), 0.0311660 secs] 3945295K->3649402K(12541952K), 0.0315070 secs] [Times: user=0.24 sys=0.00, real=0.03 secs] 
2011-03-01T02:17:21.733+0000: 4543.124: [GC 4543.124: [ParNew: 368640K->11232K(368640K), 0.0385000 secs] 3977082K->3633448K(12541952K), 0.0388460 secs] [Times: user=0.27 sys=0.00, real=0.03 secs] 
2011-03-01T02:17:23.742+0000: 4545.133: [GC 4545.133: [ParNew: 338912K->34492K(368640K), 0.0297320 secs] 3961128K->3656708K(12541952K), 0.0300760 secs] [Times: user=0.22 sys=0.00, real=0.03 secs] 
2011-03-01T02:17:25.774+0000: 4547.166: [GC 4547.166: [ParNew: 362172K->12707K(368640K), 0.0389660 secs] 3984388K->3648992K(12541952K), 0.0393130 secs] [Times: user=0.25 sys=0.00, real=0.04 secs] 
2011-03-01T02:17:27.160+0000: 4548.551: [GC 4548.552: [ParNew: 340387K->30038K(368640K), 0.0314120 secs] 3976672K->3666323K(12541952K), 0.0317740 secs] [Times: user=0.24 sys=0.00, real=0.03 secs] 
2011-03-01T02:17:28.615+0000: 4550.006: [GC 4550.006: [ParNew: 357718K->22020K(368640K), 0.0398370 secs] 3994003K->3670172K(12541952K), 0.0403030 secs] [Times: user=0.24 sys=0.00, real=0.04 secs] 
2011-03-01T02:17:29.669+0000: 4551.061: [GC 4551.061: [ParNew: 349700K->40960K(368640K), 0.0455980 secs] 3997852K->3767160K(12541952K), 0.0460750 secs] [Times: user=0.39 sys=0.00, real=0.05 secs] 
2011-03-01T02:17:30.317+0000: 4551.708: [GC 4551.709: [ParNew: 368640K->31467K(368640K), 0.0377220 secs] 4094840K->3764963K(12541952K), 0.0381810 secs] [Times: user=0.31 sys=0.00, real=0.04 secs] 
2011-03-01T02:17:31.035+0000: 4552.426: [GC 4552.427: [ParNew: 359147K->30459K(368640K), 0.0462520 secs] 4092643K->3770532K(12541952K), 0.0467190 secs] [Times: user=0.31 sys=0.00, real=0.04 secs] 
2011-03-01T02:17:31.658+0000: 4553.049: [GC 4553.050: [ParNew: 358139K->19751K(368640K), 0.0459080 secs] 4098212K->3766868K(12541952K), 0.0463770 secs] [Times: user=0.33 sys=0.00, real=0.05 secs] 
2011-03-01T02:17:32.149+0000: 4553.540: [GC 4553.541: [ParNew: 347431K->32586K(368640K), 0.0515250 secs] 4094548K->3845239K(12541952K), 0.0519760 secs] [Times: user=0.36 sys=0.01, real=0.05 secs] 
2011-03-01T02:17:32.599+0000: 4553.990: [GC 4553.990: [ParNew: 360266K->31035K(368640K), 0.0538130 secs] 4172919K->3853559K(12541952K), 0.0542860 secs] [Times: user=0.41 sys=0.00, real=0.06 secs] 
2011-03-01T02:17:33.093+0000: 4554.484: [GC 4554.484: [ParNew: 358715K->27124K(368640K), 0.0474670 secs] 4181239K->3866877K(12541952K), 0.0479170 secs] [Times: user=0.36 sys=0.00, real=0.04 secs] 
2011-03-01T02:17:33.549+0000: 4554.940: [GC 4554.941: [ParNew: 354804K->25455K(368640K), 0.0597740 secs] 4194557K->3872771K(12541952K), 0.0602000 secs] [Times: user=0.48 sys=0.00, real=0.06 secs] 
2011-03-01T02:17:34.202+0000: 4555.594: [GC 4555.594: [ParNew: 353135K->40960K(368640K), 0.0471060 secs] 4200451K->3888275K(12541952K), 0.0476210 secs] [Times: user=0.36 sys=0.00, real=0.04 secs] 
2011-03-01T02:17:34.804+0000: 4556.195: [GC 4556.195: [ParNew: 349515K->36337K(368640K), 0.0541830 secs] 4196830K->3896784K(12541952K), 0.0546640 secs] [Times: user=0.39 sys=0.00, real=0.05 secs] 
2011-03-01T02:17:35.178+0000: 4556.569: [GC 4556.569: [ParNew: 364017K->14761K(368640K), 0.0612790 secs] 4224464K->3967141K(12541952K), 0.0617310 secs] [Times: user=0.48 sys=0.00, real=0.06 secs] 
2011-03-01T02:17:35.668+0000: 4557.059: [GC 4557.059: [ParNew: 342441K->19383K(368640K), 0.0330840 secs] 4294821K->3971763K(12541952K), 0.0335390 secs] [Times: user=0.24 sys=0.00, real=0.03 secs] 
2011-03-01T02:17:36.123+0000: 4557.514: [GC 4557.514: [ParNew: 347063K->36770K(368640K), 0.0397820 secs] 4299443K->3989151K(12541952K), 0.0402130 secs] [Times: user=0.27 sys=0.00, real=0.04 secs] 
2011-03-01T02:17:36.735+0000: 4558.126: [GC 4558.126: [ParNew: 364450K->19855K(368640K), 0.0501470 secs] 4316831K->3985191K(12541952K), 0.0505950 secs] [Times: user=0.32 sys=0.00, real=0.05 secs] 
2011-03-01T02:17:37.141+0000: 4558.532: [GC 4558.533: [ParNew: 347535K->40960K(368640K), 0.0855680 secs] 4312871K->4059437K(12541952K), 0.0859700 secs] [Times: user=0.64 sys=0.01, real=0.09 secs] 
2011-03-01T02:17:37.617+0000: 4559.008: [GC 4559.008: [ParNew: 368640K->29341K(368640K), 0.0478450 secs] 4387117K->4054677K(12541952K), 0.0482980 secs] [Times: user=0.33 sys=0.00, real=0.04 secs] 
2011-03-01T02:17:37.943+0000: 4559.334: [GC 4559.334: [ParNew: 357021K->40960K(368640K), 0.0537110 secs] 4382357K->4080830K(12541952K), 0.0542140 secs] [Times: user=0.37 sys=0.01, real=0.06 secs] 
2011-03-01T02:17:38.241+0000: 4559.632: [GC 4559.632: [ParNew: 368640K->40960K(368640K), 0.0506110 secs] 4408510K->4092403K(12541952K), 0.0510590 secs] [Times: user=0.38 sys=0.00, real=0.05 secs] 
2011-03-01T02:17:38.552+0000: 4559.943: [GC 4559.944: [ParNew: 368640K->36639K(368640K), 0.0481680 secs] 4420083K->4102026K(12541952K), 0.0486510 secs] [Times: user=0.39 sys=0.00, real=0.04 secs] 
2011-03-01T02:17:38.909+0000: 4560.300: [GC 4560.300: [ParNew: 364319K->30082K(368640K), 0.0524700 secs] 4429706K->4107185K(12541952K), 0.0528760 secs] [Times: user=0.39 sys=0.01, real=0.05 secs] 
2011-03-01T02:17:39.240+0000: 4560.631: [GC 4560.631: [ParNew: 357762K->40960K(368640K), 0.0640250 secs] 4434865K->4133294K(12541952K), 0.0701670 secs] [Times: user=0.43 sys=0.00, real=0.07 secs] 
2011-03-01T02:17:39.533+0000: 4560.924: [GC 4560.925: [ParNew: 368640K->40487K(368640K), 0.0611430 secs] 4460974K->4158240K(12541952K), 0.0616380 secs] [Times: user=0.46 sys=0.00, real=0.06 secs] 
2011-03-01T02:17:39.883+0000: 4561.274: [GC 4561.274: [ParNew: 368167K->40034K(368640K), 0.0523550 secs] 4485920K->4168597K(12541952K), 0.0528420 secs] [Times: user=0.36 sys=0.00, real=0.05 secs] 
2011-03-01T02:17:40.326+0000: 4561.718: [GC 4561.718: [ParNew: 367714K->40960K(368640K), 0.0538730 secs] 4496277K->4184467K(12541952K), 0.0542220 secs] [Times: user=0.39 sys=0.00, real=0.05 secs] 
2011-03-01T02:17:40.810+0000: 4562.201: [GC 4562.201: [ParNew: 368640K->40960K(368640K), 0.0454430 secs] 4512147K->4197089K(12541952K), 0.0457860 secs] [Times: user=0.34 sys=0.00, real=0.05 secs] 
2011-03-01T02:17:41.345+0000: 4562.736: [GC 4562.737: [ParNew: 368640K->40960K(368640K), 0.0402080 secs] 4524769K->4206160K(12541952K), 0.0405520 secs] [Times: user=0.27 sys=0.00, real=0.04 secs] 
2011-03-01T02:17:41.838+0000: 4563.229: [GC 4563.229: [ParNew: 368640K->25165K(368640K), 0.0397190 secs] 4533840K->4204592K(12541952K), 0.0400610 secs] [Times: user=0.32 sys=0.00, real=0.04 secs] 
2011-03-01T02:17:42.439+0000: 4563.830: [GC 4563.831: [ParNew: 352845K->27482K(368640K), 0.0372820 secs] 4532272K->4206909K(12541952K), 0.0376430 secs] [Times: user=0.31 sys=0.00, real=0.04 secs] 
2011-03-01T02:17:43.100+0000: 4564.492: [GC 4564.492: [ParNew: 355162K->39430K(368640K), 0.0506330 secs] 4534589K->4226498K(12541952K), 0.0509690 secs] [Times: user=0.37 sys=0.00, real=0.05 secs] 
2011-03-01T02:17:43.846+0000: 4565.237: [GC 4565.237: [ParNew: 367110K->32125K(368640K), 0.0439090 secs] 4554178K->4228010K(12541952K), 0.0442470 secs] [Times: user=0.32 sys=0.00, real=0.04 secs] 
2011-03-01T02:17:44.619+0000: 4566.010: [GC 4566.011: [ParNew: 359854K->18273K(368640K), 0.0399200 secs] 4555740K->4223631K(12541952K), 0.0402800 secs] [Times: user=0.32 sys=0.00, real=0.04 secs] 
2011-03-01T02:17:44.662+0000: 4566.053: [GC 4566.053: [ParNew: 18510K->19103K(368640K), 0.0296540 secs] 4223869K->4224461K(12541952K), 0.0299510 secs] [Times: user=0.23 sys=0.00, real=0.03 secs] 
2011-03-01T02:17:45.436+0000: 4566.827: [GC 4566.827: [ParNew: 346783K->33190K(368640K), 0.0356100 secs] 4552141K->4238549K(12541952K), 0.0359680 secs] [Times: user=0.24 sys=0.01, real=0.03 secs] 
2011-03-01T02:17:46.144+0000: 4567.535: [GC 4567.535: [ParNew: 360870K->38166K(368640K), 0.0432040 secs] 4566229K->4248928K(12541952K), 0.0435430 secs] [Times: user=0.33 sys=0.00, real=0.04 secs] 
2011-03-01T02:17:46.918+0000: 4568.309: [GC 4568.309: [ParNew: 365846K->22749K(368640K), 0.0485580 secs] 4576608K->4246552K(12541952K), 0.0489010 secs] [Times: user=0.36 sys=0.00, real=0.05 secs] 
2011-03-01T02:17:47.671+0000: 4569.062: [GC 4569.063: [ParNew: 350429K->17064K(368640K), 0.0403390 secs] 4574232K->4250376K(12541952K), 0.0406760 secs] [Times: user=0.32 sys=0.00, real=0.04 secs] 
2011-03-01T02:17:48.411+0000: 4569.803: [GC 4569.803: [ParNew: 344744K->40960K(368640K), 0.0378420 secs] 4578056K->4274825K(12541952K), 0.0381880 secs] [Times: user=0.29 sys=0.01, real=0.04 secs] 
2011-03-01T02:17:49.340+0000: 4570.731: [GC 4570.731: [ParNew: 368640K->17733K(368640K), 0.0505090 secs] 4602505K->4272166K(12541952K), 0.0509740 secs] [Times: user=0.40 sys=0.00, real=0.06 secs] 
2011-03-01T02:17:50.146+0000: 4571.537: [GC 4571.537: [ParNew: 345413K->26406K(368640K), 0.0304690 secs] 4599846K->4280839K(12541952K), 0.0309080 secs] [Times: user=0.24 sys=0.00, real=0.03 secs] 
2011-03-01T02:17:50.890+0000: 4572.281: [GC 4572.281: [ParNew: 354086K->19012K(368640K), 0.0433960 secs] 4608519K->4278977K(12541952K), 0.0437320 secs] [Times: user=0.29 sys=0.00, real=0.05 secs] 
2011-03-01T02:17:52.019+0000: 4573.410: [GC 4573.410: [ParNew: 346692K->40960K(368640K), 0.0443580 secs] 4606657K->4305022K(12541952K), 0.0446970 secs] [Times: user=0.32 sys=0.00, real=0.05 secs] 
2011-03-01T02:17:53.318+0000: 4574.710: [GC 4574.710: [ParNew: 368640K->20825K(368640K), 0.0544460 secs] 4632702K->4306566K(12541952K), 0.0548020 secs] [Times: user=0.40 sys=0.00, real=0.06 secs] 
2011-03-01T02:17:54.517+0000: 4575.909: [GC 4575.909: [ParNew: 348505K->40960K(368640K), 0.0440910 secs] 4634246K->4326700K(12541952K), 0.1245090 secs] [Times: user=0.28 sys=0.01, real=0.12 secs] 
2011-03-01T02:17:55.085+0000: 4576.477: [GC 4576.477: [ParNew: 368640K->23503K(368640K), 0.0544930 secs] 4654380K->4330842K(12541952K), 0.0549990 secs] [Times: user=0.40 sys=0.00, real=0.05 secs] 
2011-03-01T02:17:55.606+0000: 4576.997: [GC 4576.998: [ParNew: 351183K->8855K(368640K), 0.0338280 secs] 4658522K->4325201K(12541952K), 0.0343790 secs] [Times: user=0.24 sys=0.00, real=0.03 secs] 
2011-03-01T02:17:56.217+0000: 4577.608: [GC 4577.608: [ParNew: 336475K->9908K(368640K), 0.0295230 secs] 4652822K->4326255K(12541952K), 0.0299270 secs] [Times: user=0.24 sys=0.00, real=0.03 secs] 
2011-03-01T02:17:56.719+0000: 4578.110: [GC 4578.110: [ParNew: 337588K->15073K(368640K), 0.0299390 secs] 4653935K->4331420K(12541952K), 0.0302910 secs] [Times: user=0.24 sys=0.00, real=0.03 secs] 
2011-03-01T02:17:57.387+0000: 4578.779: [GC 4578.779: [ParNew: 342753K->16747K(368640K), 0.0303140 secs] 4659100K->4333094K(12541952K), 0.0307290 secs] [Times: user=0.23 sys=0.00, real=0.03 secs] 
2011-03-01T02:17:57.917+0000: 4579.308: [GC 4579.308: [ParNew: 344427K->14991K(368640K), 0.0342380 secs] 4660774K->4334570K(12541952K), 0.0347060 secs] [Times: user=0.24 sys=0.00, real=0.03 secs] 
2011-03-01T02:17:58.680+0000: 4580.071: [GC 4580.072: [ParNew: 342671K->25240K(368640K), 0.0343490 secs] 4662250K->4347674K(12541952K), 0.0348150 secs] [Times: user=0.27 sys=0.01, real=0.04 secs] 
2011-03-01T02:17:59.380+0000: 4580.771: [GC 4580.771: [ParNew: 352920K->30618K(368640K), 0.0348750 secs] 4675354K->4355668K(12541952K), 0.0353340 secs] [Times: user=0.29 sys=0.01, real=0.04 secs] 
2011-03-01T02:18:00.028+0000: 4581.419: [GC 4581.419: [ParNew: 358298K->31341K(368640K), 0.0405160 secs] 4683348K->4361157K(12541952K), 0.0409860 secs] [Times: user=0.31 sys=0.00, real=0.04 secs] 
2011-03-01T02:18:00.493+0000: 4581.885: [GC 4581.885: [ParNew: 359021K->30030K(368640K), 0.0378670 secs] 4688837K->4365187K(12541952K), 0.0383310 secs] [Times: user=0.27 sys=0.00, real=0.03 secs] 
2011-03-01T02:18:00.983+0000: 4582.374: [GC 4582.374: [ParNew: 357710K->26014K(368640K), 0.0428900 secs] 4692867K->4365757K(12541952K), 0.0433550 secs] [Times: user=0.33 sys=0.00, real=0.04 secs] 
2011-03-01T02:18:01.618+0000: 4583.010: [GC 4583.010: [ParNew: 353638K->40960K(368640K), 0.0375440 secs] 4693381K->4380703K(12541952K), 0.0380190 secs] [Times: user=0.32 sys=0.00, real=0.04 secs] 
2011-03-01T02:18:02.930+0000: 4584.322: [GC 4584.322: [ParNew: 368640K->28502K(368640K), 0.0487830 secs] 4708383K->4382979K(12541952K), 0.0492560 secs] [Times: user=0.40 sys=0.00, real=0.05 secs] 
2011-03-01T02:18:05.352+0000: 4586.744: [GC 4586.744: [ParNew: 356182K->25685K(368640K), 0.0437260 secs] 4710659K->4388394K(12541952K), 0.0585740 secs] [Times: user=0.32 sys=0.00, real=0.06 secs] 
2011-03-01T02:18:07.525+0000: 4588.916: [GC 4588.917: [ParNew: 353365K->38915K(368640K), 0.0493360 secs] 4716074K->4409604K(12541952K), 0.0496840 secs] [Times: user=0.34 sys=0.00, real=0.05 secs] 
2011-03-01T02:18:08.702+0000: 4590.093: [GC 4590.093: [ParNew: 366595K->25091K(368640K), 0.0520570 secs] 4737284K->4422549K(12541952K), 0.0524020 secs] [Times: user=0.40 sys=0.00, real=0.06 secs] 
2011-03-01T02:18:11.065+0000: 4592.456: [GC 4592.457: [ParNew: 352771K->29411K(368640K), 0.0337050 secs] 4750229K->4426868K(12541952K), 0.0340600 secs] [Times: user=0.24 sys=0.00, real=0.03 secs] 
2011-03-01T02:18:12.923+0000: 4594.314: [GC 4594.315: [ParNew: 357091K->40960K(368640K), 0.0675470 secs] 4754548K->4461450K(12541952K), 0.0680070 secs] [Times: user=0.50 sys=0.00, real=0.06 secs] 
2011-03-01T02:18:15.191+0000: 4596.582: [GC 4596.583: [ParNew: 368633K->16423K(368640K), 0.0557970 secs] 4789124K->4464411K(12541952K), 0.0562590 secs] [Times: user=0.41 sys=0.00, real=0.06 secs] 
2011-03-01T02:18:17.533+0000: 4598.924: [GC 4598.924: [ParNew: 344103K->21780K(368640K), 0.0383810 secs] 4792091K->4469768K(12541952K), 0.0388370 secs] [Times: user=0.28 sys=0.01, real=0.03 secs] 
2011-03-01T02:18:19.266+0000: 4600.658: [GC 4600.658: [ParNew: 349460K->40960K(368640K), 0.0672930 secs] 4797448K->4510009K(12541952K), 0.0677540 secs] [Times: user=0.49 sys=0.00, real=0.07 secs] 
2011-03-01T02:18:20.558+0000: 4601.950: [GC 4601.950: [ParNew: 368640K->24319K(368640K), 0.0586030 secs] 4837689K->4515660K(12541952K), 0.0590650 secs] [Times: user=0.42 sys=0.00, real=0.06 secs] 
2011-03-01T02:18:22.963+0000: 4604.354: [GC 4604.354: [ParNew: 351999K->40960K(368640K), 0.0449630 secs] 4843340K->4538275K(12541952K), 0.0454450 secs] [Times: user=0.38 sys=0.00, real=0.05 secs] 
2011-03-01T02:18:25.415+0000: 4606.806: [GC 4606.807: [ParNew: 368613K->18171K(368640K), 0.0559220 secs] 4865928K->4537589K(12541952K), 0.0563790 secs] [Times: user=0.40 sys=0.00, real=0.05 secs] 
2011-03-01T02:18:26.773+0000: 4608.164: [GC 4608.165: [ParNew: 345851K->40960K(368640K), 0.0430810 secs] 4865269K->4561622K(12541952K), 0.0435390 secs] [Times: user=0.35 sys=0.00, real=0.04 secs] 
2011-03-01T02:18:28.319+0000: 4609.710: [GC 4609.710: [ParNew: 368640K->23732K(368640K), 0.0555530 secs] 4889302K->4569077K(12541952K), 0.0560800 secs] [Times: user=0.41 sys=0.01, real=0.06 secs] 
2011-03-01T02:18:29.787+0000: 4611.178: [GC 4611.178: [ParNew: 351412K->40960K(368640K), 0.0414550 secs] 4896757K->4587814K(12541952K), 0.0419080 secs] [Times: user=0.31 sys=0.00, real=0.04 secs] 
2011-03-01T02:18:31.148+0000: 4612.540: [GC 4612.540: [ParNew: 368640K->18364K(368640K), 0.0544000 secs] 4915494K->4590321K(12541952K), 0.0548640 secs] [Times: user=0.40 sys=0.00, real=0.06 secs] 
2011-03-01T02:18:32.495+0000: 4613.886: [GC 4613.886: [ParNew: 346044K->39809K(368640K), 0.0468390 secs] 4918001K->4611767K(12541952K), 0.0472920 secs] [Times: user=0.31 sys=0.00, real=0.05 secs] 
2011-03-01T02:18:33.810+0000: 4615.201: [GC 4615.201: [ParNew: 367489K->16308K(368640K), 0.0467420 secs] 4939447K->4608383K(12541952K), 0.0471990 secs] [Times: user=0.35 sys=0.00, real=0.05 secs] 
2011-03-01T02:18:35.091+0000: 4616.482: [GC 4616.482: [ParNew: 343988K->40960K(368640K), 0.0382460 secs] 4936063K->4636857K(12541952K), 0.0385900 secs] [Times: user=0.33 sys=0.00, real=0.04 secs] 
2011-03-01T02:18:35.584+0000: 4616.976: [GC 4616.976: [ParNew: 368640K->31313K(368640K), 0.0461880 secs] 4964537K->4646385K(12541952K), 0.0465340 secs] [Times: user=0.32 sys=0.00, real=0.04 secs] 
2011-03-01T02:18:36.049+0000: 4617.440: [GC 4617.440: [ParNew: 358993K->39146K(368640K), 0.0415460 secs] 4974065K->4662378K(12541952K), 0.0418910 secs] [Times: user=0.32 sys=0.00, real=0.04 secs] 
2011-03-01T02:18:36.405+0000: 4617.797: [GC 4617.797: [ParNew: 366826K->28161K(368640K), 0.0379220 secs] 4990058K->4664822K(12541952K), 0.0382700 secs] [Times: user=0.25 sys=0.00, real=0.04 secs] 
2011-03-01T02:18:36.750+0000: 4618.141: [GC 4618.141: [ParNew: 355841K->40960K(368640K), 0.0351660 secs] 4992502K->4678120K(12541952K), 0.0355070 secs] [Times: user=0.29 sys=0.00, real=0.04 secs] 
2011-03-01T02:18:37.056+0000: 4618.448: [GC 4618.448: [ParNew: 368640K->38062K(368640K), 0.0758270 secs] 5005800K->4761389K(12541952K), 0.0761790 secs] [Times: user=0.47 sys=0.00, real=0.08 secs] 
2011-03-01T02:18:37.343+0000: 4618.735: [GC 4618.735: [ParNew: 365742K->40960K(368640K), 0.0458790 secs] 5089069K->4782315K(12541952K), 0.0462190 secs] [Times: user=0.35 sys=0.00, real=0.04 secs] 
2011-03-01T02:18:37.643+0000: 4619.034: [GC 4619.034: [ParNew: 368640K->40960K(368640K), 0.0532130 secs] 5109995K->4796392K(12541952K), 0.0535550 secs] [Times: user=0.39 sys=0.00, real=0.05 secs] 
2011-03-01T02:18:37.950+0000: 4619.341: [GC 4619.341: [ParNew: 368640K->40960K(368640K), 0.0493020 secs] 5124072K->4807552K(12541952K), 0.0496530 secs] [Times: user=0.37 sys=0.01, real=0.05 secs] 
2011-03-01T02:18:38.257+0000: 4619.648: [GC 4619.649: [ParNew: 368640K->36617K(368640K), 0.0415570 secs] 5135232K->4815685K(12541952K), 0.0419040 secs] [Times: user=0.32 sys=0.00, real=0.04 secs] 
2011-03-01T02:18:38.821+0000: 4620.213: [GC 4620.213: [ParNew: 364297K->24906K(368640K), 0.0355490 secs] 5143365K->4813491K(12541952K), 0.0358950 secs] [Times: user=0.32 sys=0.00, real=0.04 secs] 
2011-03-01T02:18:39.266+0000: 4620.657: [GC 4620.657: [ParNew: 352586K->40960K(368640K), 0.0305150 secs] 5141171K->4829544K(12541952K), 0.0308530 secs] [Times: user=0.24 sys=0.00, real=0.03 secs] 
2011-03-01T02:18:39.748+0000: 4621.139: [GC 4621.139: [ParNew: 368640K->28857K(368640K), 0.0417410 secs] 5157224K->4832517K(12541952K), 0.0420850 secs] [Times: user=0.32 sys=0.00, real=0.04 secs] 
2011-03-01T02:18:40.436+0000: 4621.827: [GC 4621.827: [ParNew: 356537K->21399K(368640K), 0.0316920 secs] 5160197K->4825059K(12541952K), 0.0320340 secs] [Times: user=0.24 sys=0.00, real=0.03 secs] 
2011-03-01T02:18:41.006+0000: 4622.397: [GC 4622.397: [ParNew: 349079K->40960K(368640K), 0.0366900 secs] 5152739K->4847472K(12541952K), 0.0370270 secs] [Times: user=0.24 sys=0.00, real=0.04 secs] 
2011-03-01T02:18:41.728+0000: 4623.119: [GC 4623.119: [ParNew: 368640K->11575K(368640K), 0.0495270 secs] 5175152K->4837840K(12541952K), 0.0498720 secs] [Times: user=0.33 sys=0.01, real=0.05 secs] 
2011-03-01T02:18:42.354+0000: 4623.745: [GC 4623.746: [ParNew: 339255K->10608K(368640K), 0.0342550 secs] 5165520K->4836873K(12541952K), 0.0345960 secs] [Times: user=0.24 sys=0.00, real=0.03 secs] 
2011-03-01T02:18:43.610+0000: 4625.001: [GC 4625.002: [ParNew: 326456K->40960K(368640K), 0.0385460 secs] 5152721K->4878498K(12541952K), 0.0388840 secs] [Times: user=0.31 sys=0.00, real=0.04 secs] 
2011-03-01T02:18:44.247+0000: 4625.638: [GC 4625.638: [ParNew: 368640K->19795K(368640K), 0.0716190 secs] 5206178K->4946032K(12541952K), 0.0793860 secs] [Times: user=0.50 sys=0.01, real=0.08 secs] 
2011-03-01T02:18:45.077+0000: 4626.469: [GC 4626.469: [ParNew: 347475K->40960K(368640K), 0.0715540 secs] 5273712K->4990817K(12541952K), 0.0718990 secs] [Times: user=0.53 sys=0.01, real=0.07 secs] 
2011-03-01T02:18:45.764+0000: 4627.155: [GC 4627.155: [ParNew: 368640K->26541K(368640K), 0.0445940 secs] 5318497K->4983230K(12541952K), 0.0449290 secs] [Times: user=0.32 sys=0.00, real=0.04 secs] 
2011-03-01T02:18:46.425+0000: 4627.816: [GC 4627.817: [ParNew: 354221K->21186K(368640K), 0.0332330 secs] 5310910K->4984665K(12541952K), 0.0335920 secs] [Times: user=0.24 sys=0.00, real=0.03 secs] 
2011-03-01T02:18:47.119+0000: 4628.510: [GC 4628.511: [ParNew: 348866K->31382K(368640K), 0.0298000 secs] 5312345K->4994861K(12541952K), 0.0301570 secs] [Times: user=0.24 sys=0.00, real=0.03 secs] 
2011-03-01T02:18:47.872+0000: 4629.263: [GC 4629.264: [ParNew: 359062K->27856K(368640K), 0.0357780 secs] 5322541K->4999579K(12541952K), 0.0361130 secs] [Times: user=0.28 sys=0.00, real=0.03 secs] 
2011-03-01T02:18:48.653+0000: 4630.044: [GC 4630.044: [ParNew: 355536K->25759K(368640K), 0.0352070 secs] 5327259K->5001383K(12541952K), 0.0355440 secs] [Times: user=0.28 sys=0.00, real=0.03 secs] 
2011-03-01T02:18:49.505+0000: 4630.896: [GC 4630.896: [ParNew: 353439K->26956K(368640K), 0.0323710 secs] 5329063K->5002580K(12541952K), 0.0390390 secs] [Times: user=0.29 sys=0.00, real=0.04 secs] 
2011-03-01T02:18:50.295+0000: 4631.686: [GC 4631.686: [ParNew: 354636K->36012K(368640K), 0.0389280 secs] 5330260K->5017525K(12541952K), 0.0393810 secs] [Times: user=0.24 sys=0.00, real=0.04 secs] 
2011-03-01T02:18:51.063+0000: 4632.454: [GC 4632.454: [ParNew: 363692K->21694K(368640K), 0.0390830 secs] 5345205K->5013935K(12541952K), 0.0395410 secs] [Times: user=0.27 sys=0.00, real=0.05 secs] 
2011-03-01T02:18:51.664+0000: 4633.055: [GC 4633.056: [ParNew: 349374K->32899K(368640K), 0.0280020 secs] 5341615K->5025140K(12541952K), 0.0284620 secs] [Times: user=0.16 sys=0.00, real=0.02 secs] 
2011-03-01T02:18:52.391+0000: 4633.782: [GC 4633.782: [ParNew: 360579K->23858K(368640K), 0.0427230 secs] 5352820K->5026264K(12541952K), 0.0432070 secs] [Times: user=0.32 sys=0.00, real=0.05 secs] 
2011-03-01T02:18:53.188+0000: 4634.579: [GC 4634.579: [ParNew: 351538K->40250K(368640K), 0.0369540 secs] 5353944K->5046507K(12541952K), 0.0374380 secs] [Times: user=0.29 sys=0.00, real=0.04 secs] 
2011-03-01T02:18:53.884+0000: 4635.275: [GC 4635.276: [ParNew: 367930K->19581K(368640K), 0.0379500 secs] 5374187K->5033976K(12541952K), 0.0384170 secs] [Times: user=0.24 sys=0.00, real=0.04 secs] 
2011-03-01T02:18:54.471+0000: 4635.862: [GC 4635.862: [ParNew: 347261K->28755K(368640K), 0.0369280 secs] 5361656K->5043150K(12541952K), 0.0374150 secs] [Times: user=0.31 sys=0.00, real=0.04 secs] 
2011-03-01T02:18:54.877+0000: 4636.268: [GC 4636.268: [ParNew: 356435K->19838K(368640K), 0.0394190 secs] 5370830K->5044055K(12541952K), 0.0398830 secs] [Times: user=0.28 sys=0.00, real=0.04 secs] 
2011-03-01T02:18:55.338+0000: 4636.730: [GC 4636.730: [ParNew: 347518K->28678K(368640K), 0.0330970 secs] 5371735K->5052894K(12541952K), 0.0335580 secs] [Times: user=0.23 sys=0.01, real=0.04 secs] 
2011-03-01T02:18:55.663+0000: 4637.054: [GC 4637.054: [ParNew: 356299K->11298K(368640K), 0.0363890 secs] 5380516K->5044636K(12541952K), 0.0368570 secs] [Times: user=0.28 sys=0.00, real=0.03 secs] 
2011-03-01T02:18:56.051+0000: 4637.442: [GC 4637.442: [ParNew: 338978K->11101K(368640K), 0.0298490 secs] 5372316K->5044440K(12541952K), 0.0303160 secs] [Times: user=0.23 sys=0.00, real=0.03 secs] 
2011-03-01T02:18:56.436+0000: 4637.828: [GC 4637.828: [ParNew: 338781K->26843K(368640K), 0.0312080 secs] 5372120K->5060181K(12541952K), 0.0316760 secs] [Times: user=0.24 sys=0.00, real=0.03 secs] 
2011-03-01T02:18:56.842+0000: 4638.233: [GC 4638.233: [ParNew: 354496K->24211K(368640K), 0.0347620 secs] 5387834K->5062497K(12541952K), 0.0352270 secs] [Times: user=0.30 sys=0.00, real=0.04 secs] 
2011-03-01T02:18:57.347+0000: 4638.738: [GC 4638.738: [ParNew: 351891K->23514K(368640K), 0.0278300 secs] 5390177K->5061800K(12541952K), 0.0282960 secs] [Times: user=0.24 sys=0.00, real=0.03 secs] 
2011-03-01T02:18:57.747+0000: 4639.138: [GC 4639.139: [ParNew: 351146K->23065K(368640K), 0.0343200 secs] 5389432K->5064105K(12541952K), 0.0347700 secs] [Times: user=0.24 sys=0.00, real=0.03 secs] 
2011-03-01T02:18:58.177+0000: 4639.568: [GC 4639.568: [ParNew: 350704K->14078K(368640K), 0.0292700 secs] 5391744K->5058627K(12541952K), 0.0297380 secs] [Times: user=0.24 sys=0.00, real=0.03 secs] 
2011-03-01T02:18:58.636+0000: 4640.028: [GC 4640.028: [ParNew: 341758K->24933K(368640K), 0.0298520 secs] 5386307K->5070783K(12541952K), 0.0303190 secs] [Times: user=0.24 sys=0.00, real=0.03 secs] 
2011-03-01T02:18:59.193+0000: 4640.585: [GC 4640.585: [ParNew: 352613K->27420K(368640K), 0.0327580 secs] 5398463K->5076128K(12541952K), 0.0332220 secs] [Times: user=0.24 sys=0.00, real=0.03 secs] 
2011-03-01T02:18:59.837+0000: 4641.228: [GC 4641.228: [ParNew: 355100K->24794K(368640K), 0.0306550 secs] 5403808K->5076540K(12541952K), 0.0311230 secs] [Times: user=0.24 sys=0.00, real=0.03 secs] 
2011-03-01T02:19:00.324+0000: 4641.715: [GC 4641.716: [ParNew: 352474K->27698K(368640K), 0.0329970 secs] 5404220K->5083244K(12541952K), 0.0334710 secs] [Times: user=0.24 sys=0.00, real=0.03 secs] 
2011-03-01T02:19:00.926+0000: 4642.318: [GC 4642.318: [ParNew: 355378K->36299K(368640K), 0.0367820 secs] 5410924K->5095240K(12541952K), 0.0373180 secs] [Times: user=0.24 sys=0.00, real=0.04 secs] 
2011-03-01T02:19:01.783+0000: 4643.174: [GC 4643.174: [ParNew: 363979K->17932K(368640K), 0.0396880 secs] 5422920K->5084661K(12541952K), 0.0401700 secs] [Times: user=0.28 sys=0.01, real=0.04 secs] 
2011-03-01T02:19:02.514+0000: 4643.905: [GC 4643.905: [ParNew: 345612K->34352K(368640K), 0.0330430 secs] 5412341K->5101082K(12541952K), 0.0335390 secs] [Times: user=0.24 sys=0.00, real=0.03 secs] 
2011-03-01T02:19:02.893+0000: 4644.284: [GC 4644.284: [ParNew: 362032K->19503K(368640K), 0.0366830 secs] 5428762K->5094517K(12541952K), 0.0371510 secs] [Times: user=0.27 sys=0.00, real=0.03 secs] 
2011-03-01T02:19:03.324+0000: 4644.715: [GC 4644.715: [ParNew: 347183K->15646K(368640K), 0.0315210 secs] 5422197K->5090660K(12541952K), 0.0320120 secs] [Times: user=0.24 sys=0.00, real=0.03 secs] 
2011-03-01T02:19:03.787+0000: 4645.178: [GC 4645.178: [ParNew: 343294K->28691K(368640K), 0.0342220 secs] 5418308K->5107345K(12541952K), 0.0345840 secs] [Times: user=0.24 sys=0.00, real=0.03 secs] 
2011-03-01T02:19:04.485+0000: 4645.876: [GC 4645.877: [ParNew: 356350K->28363K(368640K), 0.0327420 secs] 5435004K->5108916K(12541952K), 0.0330920 secs] [Times: user=0.24 sys=0.00, real=0.03 secs] 
2011-03-01T02:19:06.426+0000: 4647.818: [GC 4647.818: [ParNew: 356043K->27658K(368640K), 0.0379080 secs] 5436596K->5114407K(12541952K), 0.0382600 secs] [Times: user=0.27 sys=0.00, real=0.04 secs] 
2011-03-01T02:19:08.510+0000: 4649.901: [GC 4649.901: [ParNew: 355338K->34922K(368640K), 0.0374990 secs] 5442087K->5123491K(12541952K), 0.0378450 secs] [Times: user=0.32 sys=0.00, real=0.04 secs] 
2011-03-01T02:19:10.924+0000: 4652.315: [GC 4652.316: [ParNew: 362602K->21279K(368640K), 0.0427330 secs] 5451171K->5118919K(12541952K), 0.0430800 secs] [Times: user=0.33 sys=0.00, real=0.04 secs] 
2011-03-01T02:19:13.189+0000: 4654.580: [GC 4654.580: [ParNew: 348959K->40960K(368640K), 0.0417350 secs] 5446599K->5143073K(12541952K), 0.0420820 secs] [Times: user=0.32 sys=0.00, real=0.04 secs] 
2011-03-01T02:19:15.402+0000: 4656.793: [GC 4656.793: [ParNew: 368640K->21948K(368640K), 0.0511600 secs] 5470753K->5144006K(12541952K), 0.0515170 secs] [Times: user=0.39 sys=0.00, real=0.06 secs] 
2011-03-01T02:19:17.822+0000: 4659.213: [GC 4659.213: [ParNew: 349628K->40960K(368640K), 0.0362430 secs] 5471686K->5163252K(12541952K), 0.0365850 secs] [Times: user=0.31 sys=0.01, real=0.04 secs] 
2011-03-01T02:19:19.278+0000: 4660.669: [GC 4660.669: [ParNew: 368640K->12456K(368640K), 0.0470620 secs] 5490932K->5152259K(12541952K), 0.0475190 secs] [Times: user=0.33 sys=0.00, real=0.05 secs] 
2011-03-01T02:19:21.123+0000: 4662.514: [GC 4662.514: [ParNew: 340136K->34446K(368640K), 0.0352160 secs] 5479939K->5174249K(12541952K), 0.0356730 secs] [Times: user=0.26 sys=0.00, real=0.03 secs] 
2011-03-01T02:19:23.490+0000: 4664.881: [GC 4664.882: [ParNew: 362126K->17702K(368640K), 0.0485940 secs] 5501929K->5173327K(12541952K), 0.0490560 secs] [Times: user=0.40 sys=0.00, real=0.05 secs] 
2011-03-01T02:19:25.660+0000: 4667.051: [GC 4667.052: [ParNew: 345382K->30695K(368640K), 0.0341810 secs] 5501007K->5186320K(12541952K), 0.0346430 secs] [Times: user=0.29 sys=0.01, real=0.04 secs] 
2011-03-01T02:19:27.036+0000: 4668.428: [GC 4668.428: [ParNew: 358375K->39249K(368640K), 0.0432800 secs] 5514000K->5202558K(12541952K), 0.0437400 secs] [Times: user=0.32 sys=0.00, real=0.04 secs] 
2011-03-01T02:19:28.300+0000: 4669.691: [GC 4669.691: [ParNew: 366929K->34365K(368640K), 0.0428610 secs] 5530238K->5207019K(12541952K), 0.0433260 secs] [Times: user=0.33 sys=0.00, real=0.05 secs] 
2011-03-01T02:19:29.544+0000: 4670.935: [GC 4670.935: [ParNew: 362045K->40960K(368640K), 0.0715860 secs] 5534699K->5242415K(12541952K), 0.0719910 secs] [Times: user=0.55 sys=0.00, real=0.07 secs] 
2011-03-01T02:19:31.030+0000: 4672.422: [GC 4672.422: [ParNew: 368640K->20793K(368640K), 0.0456190 secs] 5570095K->5237464K(12541952K), 0.0459610 secs] [Times: user=0.36 sys=0.00, real=0.05 secs] 
2011-03-01T02:19:32.370+0000: 4673.762: [GC 4673.762: [ParNew: 348473K->40960K(368640K), 0.0392120 secs] 5565144K->5263464K(12541952K), 0.0395540 secs] [Times: user=0.32 sys=0.00, real=0.04 secs] 
2011-03-01T02:19:33.729+0000: 4675.121: [GC 4675.121: [ParNew: 368640K->12063K(368640K), 0.0380330 secs] 5591144K->5250767K(12541952K), 0.0384460 secs] [Times: user=0.32 sys=0.00, real=0.04 secs] 
2011-03-01T02:19:35.179+0000: 4676.570: [GC 4676.571: [ParNew: 339743K->40960K(368640K), 0.0424920 secs] 5578447K->5285454K(12541952K), 0.0429550 secs] [Times: user=0.31 sys=0.00, real=0.05 secs] 
2011-03-01T02:19:35.701+0000: 4677.092: [GC 4677.092: [ParNew: 368640K->21907K(368640K), 0.0614330 secs] 5613134K->5284927K(12541952K), 0.0619610 secs] [Times: user=0.46 sys=0.00, real=0.06 secs] 
2011-03-01T02:19:36.099+0000: 4677.491: [GC 4677.491: [ParNew: 349587K->40960K(368640K), 0.0408490 secs] 5612607K->5304143K(12541952K), 0.0413100 secs] [Times: user=0.30 sys=0.00, real=0.04 secs] 
2011-03-01T02:19:36.469+0000: 4677.860: [GC 4677.861: [ParNew: 368640K->36911K(368640K), 0.0537210 secs] 5631823K->5321162K(12541952K), 0.0542010 secs] [Times: user=0.40 sys=0.00, real=0.06 secs] 
2011-03-01T02:19:36.812+0000: 4678.203: [GC 4678.203: [ParNew: 364591K->39065K(368640K), 0.0416330 secs] 5648842K->5335100K(12541952K), 0.0419740 secs] [Times: user=0.29 sys=0.01, real=0.05 secs] 
2011-03-01T02:19:37.242+0000: 4678.633: [GC 4678.633: [ParNew: 366745K->40960K(368640K), 0.0622210 secs] 5662780K->5347843K(12541952K), 0.0625770 secs] [Times: user=0.43 sys=0.01, real=0.07 secs] 
2011-03-01T02:19:37.542+0000: 4678.933: [GC 4678.933: [ParNew: 367618K->40960K(368640K), 0.0505800 secs] 5676550K->5362893K(12541952K), 0.0509490 secs] [Times: user=0.37 sys=0.01, real=0.06 secs] 
2011-03-01T02:19:37.892+0000: 4679.283: [GC 4679.284: [ParNew: 368640K->34145K(368640K), 0.0422300 secs] 5690573K->5365317K(12541952K), 0.0425770 secs] [Times: user=0.31 sys=0.01, real=0.04 secs] 
2011-03-01T02:19:38.481+0000: 4679.872: [GC 4679.872: [ParNew: 361933K->29710K(368640K), 0.0389180 secs] 5693106K->5368958K(12541952K), 0.0392530 secs] [Times: user=0.32 sys=0.00, real=0.04 secs] 
2011-03-01T02:19:38.524+0000: 4679.915: [GC 4679.915: [ParNew: 34549K->13473K(368640K), 0.0325770 secs] 5373797K->5367259K(12541952K), 0.0328800 secs] [Times: user=0.22 sys=0.00, real=0.03 secs] 
2011-03-01T02:19:39.176+0000: 4680.567: [GC 4680.568: [ParNew: 341153K->16849K(368640K), 0.0303660 secs] 5694939K->5370634K(12541952K), 0.0308200 secs] [Times: user=0.24 sys=0.00, real=0.03 secs] 
2011-03-01T02:19:40.367+0000: 4681.758: [GC 4681.758: [ParNew: 344529K->40960K(368640K), 0.0329430 secs] 5698314K->5395134K(12541952K), 0.0334040 secs] [Times: user=0.24 sys=0.00, real=0.03 secs] 
2011-03-01T02:19:41.909+0000: 4683.300: [GC 4683.301: [ParNew: 368640K->17247K(368640K), 0.0432820 secs] 5722814K->5385585K(12541952K), 0.0437460 secs] [Times: user=0.33 sys=0.00, real=0.05 secs] 
2011-03-01T02:19:43.323+0000: 4684.714: [GC 4684.714: [ParNew: 344927K->36288K(368640K), 0.0324460 secs] 5713265K->5404626K(12541952K), 0.0329130 secs] [Times: user=0.30 sys=0.00, real=0.03 secs] 
2011-03-01T02:19:44.707+0000: 4686.099: [GC 4686.099: [ParNew: 363968K->10456K(368640K), 0.0374960 secs] 5732306K->5391725K(12541952K), 0.0379560 secs] [Times: user=0.26 sys=0.00, real=0.04 secs] 
2011-03-01T02:19:46.108+0000: 4687.499: [GC 4687.499: [ParNew: 338136K->38502K(368640K), 0.0256980 secs] 5719405K->5419771K(12541952K), 0.0261570 secs] [Times: user=0.18 sys=0.01, real=0.03 secs] 
2011-03-01T02:19:47.520+0000: 4688.911: [GC 4688.911: [ParNew: 366182K->22320K(368640K), 0.0443590 secs] 5747451K->5416253K(12541952K), 0.0448170 secs] [Times: user=0.34 sys=0.00, real=0.05 secs] 
2011-03-01T02:19:49.005+0000: 4690.396: [GC 4690.396: [ParNew: 350000K->25273K(368640K), 0.0264050 secs] 5743933K->5419206K(12541952K), 0.0268630 secs] [Times: user=0.16 sys=0.00, real=0.02 secs] 
2011-03-01T02:19:50.435+0000: 4691.826: [GC 4691.827: [ParNew: 352953K->30678K(368640K), 0.0290750 secs] 5746886K->5432008K(12541952K), 0.0295370 secs] [Times: user=0.18 sys=0.02, real=0.03 secs] 
2011-03-01T02:19:51.937+0000: 4693.328: [GC 4693.328: [ParNew: 358358K->8316K(368640K), 0.0365140 secs] 5759688K->5422280K(12541952K), 0.0369760 secs] [Times: user=0.25 sys=0.00, real=0.04 secs] 
2011-03-01T02:19:53.368+0000: 4694.759: [GC 4694.760: [ParNew: 335996K->38846K(368640K), 0.0276670 secs] 5749960K->5452810K(12541952K), 0.0281230 secs] [Times: user=0.24 sys=0.00, real=0.03 secs] 
2011-03-01T02:19:54.459+0000: 4695.851: [GC 4695.851: [ParNew: 366526K->4235K(368640K), 0.0353720 secs] 5780490K->5431152K(12541952K), 0.0358390 secs] [Times: user=0.26 sys=0.00, real=0.04 secs] 
2011-03-01T02:19:55.098+0000: 4696.489: [GC 4696.489: [ParNew: 331915K->8291K(368640K), 0.0227570 secs] 5758832K->5435208K(12541952K), 0.0232040 secs] [Times: user=0.16 sys=0.00, real=0.02 secs] 
2011-03-01T02:19:55.667+0000: 4697.058: [GC 4697.058: [ParNew: 335918K->40960K(368640K), 0.0447370 secs] 5762835K->5487627K(12541952K), 0.0450780 secs] [Times: user=0.32 sys=0.00, real=0.04 secs] 
2011-03-01T02:19:56.288+0000: 4697.679: [GC 4697.679: [ParNew: 368640K->7633K(368640K), 0.0294540 secs] 5815307K->5470025K(12541952K), 0.0298070 secs] [Times: user=0.24 sys=0.00, real=0.03 secs] 
2011-03-01T02:19:56.894+0000: 4698.285: [GC 4698.285: [ParNew: 335313K->10076K(368640K), 0.0250120 secs] 5797705K->5472467K(12541952K), 0.0253600 secs] [Times: user=0.18 sys=0.00, real=0.03 secs] 
2011-03-01T02:19:57.580+0000: 4698.971: [GC 4698.971: [ParNew: 337756K->6873K(368640K), 0.0226050 secs] 5800147K->5469265K(12541952K), 0.0230180 secs] [Times: user=0.16 sys=0.01, real=0.03 secs] 
2011-03-01T02:19:58.319+0000: 4699.710: [GC 4699.710: [ParNew: 334553K->6765K(368640K), 0.0264030 secs] 5796945K->5469157K(12541952K), 0.0268610 secs] [Times: user=0.24 sys=0.00, real=0.03 secs] 
2011-03-01T02:19:59.169+0000: 4700.560: [GC 4700.561: [ParNew: 334445K->9637K(368640K), 0.0318950 secs] 5796837K->5473252K(12541952K), 0.0323490 secs] [Times: user=0.24 sys=0.00, real=0.03 secs] 
2011-03-01T02:20:00.058+0000: 4701.449: [GC 4701.449: [ParNew: 337317K->11348K(368640K), 0.0323370 secs] 5800932K->5476243K(12541952K), 0.0328020 secs] [Times: user=0.23 sys=0.00, real=0.03 secs] 
2011-03-01T02:20:00.554+0000: 4701.945: [GC 4701.945: [ParNew: 339028K->30593K(368640K), 0.0305850 secs] 5803923K->5496475K(12541952K), 0.0310560 secs] [Times: user=0.24 sys=0.00, real=0.03 secs] 
2011-03-01T02:20:01.096+0000: 4702.488: [GC 4702.488: [ParNew: 358273K->11070K(368640K), 0.0350700 secs] 5824155K->5488798K(12541952K), 0.0355440 secs] [Times: user=0.24 sys=0.00, real=0.03 secs] 
2011-03-01T02:20:01.746+0000: 4703.137: [GC 4703.137: [ParNew: 338750K->7807K(368640K), 0.0264590 secs] 5816478K->5485534K(12541952K), 0.0269210 secs] [Times: user=0.16 sys=0.00, real=0.03 secs] 
2011-03-01T02:20:02.552+0000: 4703.943: [GC 4703.943: [ParNew: 335438K->7813K(368640K), 0.0255490 secs] 5813166K->5485541K(12541952K), 0.0260180 secs] [Times: user=0.22 sys=0.00, real=0.03 secs] 
2011-03-01T02:20:04.559+0000: 4705.950: [GC 4705.950: [ParNew: 335493K->24561K(368640K), 0.0311500 secs] 5813221K->5502288K(12541952K), 0.0316200 secs] [Times: user=0.24 sys=0.00, real=0.03 secs] 
2011-03-01T02:20:06.985+0000: 4708.376: [GC 4708.376: [ParNew: 352241K->36977K(368640K), 0.0370590 secs] 5829968K->5518601K(12541952K), 0.0375190 secs] [Times: user=0.24 sys=0.00, real=0.04 secs] 
2011-03-01T02:20:09.537+0000: 4710.929: [GC 4710.929: [ParNew: 364657K->17778K(368640K), 0.0371600 secs] 5846281K->5510819K(12541952K), 0.0376390 secs] [Times: user=0.26 sys=0.01, real=0.04 secs] 
2011-03-01T02:20:11.713+0000: 4713.104: [GC 4713.104: [ParNew: 345458K->39855K(368640K), 0.0358950 secs] 5838499K->5532896K(12541952K), 0.0364310 secs] [Times: user=0.28 sys=0.01, real=0.03 secs] 
2011-03-01T02:20:13.930+0000: 4715.322: [GC 4715.322: [ParNew: 367535K->13852K(368640K), 0.0411630 secs] 5860576K->5519862K(12541952K), 0.0416410 secs] [Times: user=0.32 sys=0.00, real=0.05 secs] 
2011-03-01T02:20:15.965+0000: 4717.356: [GC 4717.356: [ParNew: 341532K->40960K(368640K), 0.0361110 secs] 5847542K->5546988K(12541952K), 0.0365820 secs] [Times: user=0.24 sys=0.00, real=0.03 secs] 
2011-03-01T02:20:18.183+0000: 4719.574: [GC 4719.575: [ParNew: 368640K->13070K(368640K), 0.0435020 secs] 5874668K->5537412K(12541952K), 0.0438470 secs] [Times: user=0.33 sys=0.01, real=0.04 secs] 
2011-03-01T02:20:19.627+0000: 4721.018: [GC 4721.019: [ParNew: 340750K->37855K(368640K), 0.0318940 secs] 5865092K->5562197K(12541952K), 0.0322510 secs] [Times: user=0.24 sys=0.00, real=0.03 secs] 
2011-03-01T02:20:21.751+0000: 4723.142: [GC 4723.142: [ParNew: 365535K->10196K(368640K), 0.0387900 secs] 5889877K->5547660K(12541952K), 0.0391360 secs] [Times: user=0.32 sys=0.00, real=0.04 secs] 
2011-03-01T02:20:24.347+0000: 4725.739: [GC 4725.739: [ParNew: 337876K->27059K(368640K), 0.0318380 secs] 5875340K->5564523K(12541952K), 0.0321810 secs] [Times: user=0.24 sys=0.00, real=0.03 secs] 
2011-03-01T02:20:26.049+0000: 4727.440: [GC 4727.441: [ParNew: 354739K->9081K(368640K), 0.0377040 secs] 5892203K->5559558K(12541952K), 0.0380480 secs] [Times: user=0.31 sys=0.00, real=0.04 secs] 
2011-03-01T02:20:27.571+0000: 4728.962: [GC 4728.962: [ParNew: 336761K->27765K(368640K), 0.0302670 secs] 5887238K->5578242K(12541952K), 0.0306060 secs] [Times: user=0.24 sys=0.00, real=0.03 secs] 
2011-03-01T02:20:29.031+0000: 4730.422: [GC 4730.423: [ParNew: 355445K->26700K(368640K), 0.0348800 secs] 5905922K->5580446K(12541952K), 0.0352210 secs] [Times: user=0.30 sys=0.00, real=0.04 secs] 
2011-03-01T02:20:30.277+0000: 4731.668: [GC 4731.669: [ParNew: 354380K->30458K(368640K), 0.0386480 secs] 5908126K->5593803K(12541952K), 0.0389870 secs] [Times: user=0.31 sys=0.00, real=0.04 secs] 
2011-03-01T02:20:31.967+0000: 4733.358: [GC 4733.358: [ParNew: 358138K->15323K(368640K), 0.0419730 secs] 5921483K->5592151K(12541952K), 0.0423260 secs] [Times: user=0.31 sys=0.00, real=0.04 secs] 
2011-03-01T02:20:33.333+0000: 4734.724: [GC 4734.724: [ParNew: 343071K->29386K(368640K), 0.0304660 secs] 5919899K->5606214K(12541952K), 0.0308040 secs] [Times: user=0.24 sys=0.00, real=0.03 secs] 
2011-03-01T02:20:33.366+0000: 4734.757: [GC 4734.757: [ParNew: 29485K->9506K(368640K), 0.0421920 secs] 5606313K->5608156K(12541952K), 0.0424760 secs] [Times: user=0.25 sys=0.00, real=0.04 secs] 
2011-03-01T02:20:34.968+0000: 4736.359: [GC 4736.359: [ParNew: 337186K->10768K(368640K), 0.0330620 secs] 5935836K->5609419K(12541952K), 0.0334070 secs] [Times: user=0.22 sys=0.00, real=0.03 secs] 
2011-03-01T02:20:35.497+0000: 4736.888: [GC 4736.888: [ParNew: 338448K->40960K(368640K), 0.0424790 secs] 5937099K->5645578K(12541952K), 0.0428270 secs] [Times: user=0.32 sys=0.00, real=0.04 secs] 
2011-03-01T02:20:36.049+0000: 4737.441: [GC 4737.441: [ParNew: 368640K->24012K(368640K), 0.0501540 secs] 5973258K->5645988K(12541952K), 0.0505030 secs] [Times: user=0.40 sys=0.00, real=0.05 secs] 
2011-03-01T02:20:36.313+0000: 4737.704: [GC 4737.704: [ParNew: 351692K->40960K(368640K), 0.0543520 secs] 5973668K->5740799K(12541952K), 0.0547140 secs] [Times: user=0.45 sys=0.01, real=0.05 secs] 
2011-03-01T02:20:36.592+0000: 4737.984: [GC 4737.984: [ParNew: 368640K->40960K(368640K), 0.0571470 secs] 6068479K->5762411K(12541952K), 0.0574900 secs] [Times: user=0.45 sys=0.01, real=0.05 secs] 
2011-03-01T02:20:36.872+0000: 4738.263: [GC 4738.264: [ParNew: 368640K->40960K(368640K), 0.0518150 secs] 6090091K->5789743K(12541952K), 0.0521640 secs] [Times: user=0.37 sys=0.00, real=0.05 secs] 
2011-03-01T02:20:37.120+0000: 4738.511: [GC 4738.511: [ParNew: 368640K->40960K(368640K), 0.0586370 secs] 6117423K->5881532K(12541952K), 0.0589800 secs] [Times: user=0.48 sys=0.00, real=0.06 secs] 
2011-03-01T02:20:37.431+0000: 4738.822: [GC 4738.823: [ParNew: 368640K->40960K(368640K), 0.0647940 secs] 6209212K->5894008K(12541952K), 0.0651440 secs] [Times: user=0.45 sys=0.00, real=0.07 secs] 
2011-03-01T02:20:37.707+0000: 4739.098: [GC 4739.098: [ParNew: 368640K->40960K(368640K), 0.0557830 secs] 6221688K->5904569K(12541952K), 0.0561210 secs] [Times: user=0.37 sys=0.00, real=0.06 secs] 
2011-03-01T02:20:38.033+0000: 4739.424: [GC 4739.425: [ParNew: 368640K->33907K(368640K), 0.0486060 secs] 6232249K->5910063K(12541952K), 0.0489500 secs] [Times: user=0.32 sys=0.01, real=0.05 secs] 
2011-03-01T02:20:38.358+0000: 4739.749: [GC 4739.750: [ParNew: 361587K->33638K(368640K), 0.0518860 secs] 6237743K->5924871K(12541952K), 0.0523490 secs] [Times: user=0.39 sys=0.00, real=0.05 secs] 
2011-03-01T02:20:38.642+0000: 4740.033: [GC 4740.033: [ParNew: 361318K->40960K(368640K), 0.0505560 secs] 6252551K->5940013K(12541952K), 0.0510200 secs] [Times: user=0.36 sys=0.02, real=0.06 secs] 
2011-03-01T02:20:39.081+0000: 4740.473: [GC 4740.473: [ParNew: 368640K->40960K(368640K), 0.0580920 secs] 6267693K->5949562K(12541952K), 0.0585540 secs] [Times: user=0.48 sys=0.00, real=0.06 secs] 
2011-03-01T02:20:39.563+0000: 4740.954: [GC 4740.954: [ParNew: 368640K->40960K(368640K), 0.0508220 secs] 6277242K->5964079K(12541952K), 0.0512880 secs] [Times: user=0.34 sys=0.00, real=0.05 secs] 
2011-03-01T02:20:39.878+0000: 4741.269: [GC 4741.270: [ParNew: 368640K->22125K(368640K), 0.0455710 secs] 6291759K->5951944K(12541952K), 0.0460580 secs] [Times: user=0.33 sys=0.00, real=0.05 secs] 
2011-03-01T02:20:40.239+0000: 4741.631: [GC 4741.631: [ParNew: 349805K->28507K(368640K), 0.0421140 secs] 6279624K->5958326K(12541952K), 0.0425760 secs] [Times: user=0.32 sys=0.00, real=0.05 secs] 
2011-03-01T02:20:40.656+0000: 4742.047: [GC 4742.048: [ParNew: 356187K->31657K(368640K), 0.0552910 secs] 6286006K->5969546K(12541952K), 0.0557720 secs] [Times: user=0.40 sys=0.00, real=0.05 secs] 
2011-03-01T02:20:41.118+0000: 4742.509: [GC 4742.509: [ParNew: 359337K->23134K(368640K), 0.0561440 secs] 6297226K->5977665K(12541952K), 0.0566310 secs] [Times: user=0.40 sys=0.00, real=0.06 secs] 
2011-03-01T02:20:41.813+0000: 4743.204: [GC 4743.204: [ParNew: 350800K->33837K(368640K), 0.0337130 secs] 6305331K->5988368K(12541952K), 0.0341860 secs] [Times: user=0.28 sys=0.00, real=0.03 secs] 
2011-03-01T02:20:43.253+0000: 4744.644: [GC 4744.644: [ParNew: 361517K->33119K(368640K), 0.0517920 secs] 6316048K->5995448K(12541952K), 0.0521450 secs] [Times: user=0.40 sys=0.00, real=0.05 secs] 
2011-03-01T02:20:44.845+0000: 4746.236: [GC 4746.236: [ParNew: 360799K->27769K(368640K), 0.0580500 secs] 6323128K->6008406K(12541952K), 0.0583980 secs] [Times: user=0.40 sys=0.00, real=0.06 secs] 
2011-03-01T02:20:46.029+0000: 4747.421: [GC 4747.421: [ParNew: 355449K->20628K(368640K), 0.0451630 secs] 6336086K->6015857K(12541952K), 0.0455100 secs] [Times: user=0.33 sys=0.00, real=0.05 secs] 
2011-03-01T02:20:47.486+0000: 4748.878: [GC 4748.878: [ParNew: 348308K->39318K(368640K), 0.0398380 secs] 6343537K->6034547K(12541952K), 0.0402460 secs] [Times: user=0.32 sys=0.00, real=0.04 secs] 
2011-03-01T02:20:49.056+0000: 4750.447: [GC 4750.447: [ParNew: 366998K->31565K(368640K), 0.0502610 secs] 6362227K->6051751K(12541952K), 0.0506110 secs] [Times: user=0.33 sys=0.00, real=0.05 secs] 
2011-03-01T02:20:50.632+0000: 4752.023: [GC 4752.024: [ParNew: 359245K->40960K(368640K), 0.0405330 secs] 6379431K->6061567K(12541952K), 0.0409390 secs] [Times: user=0.32 sys=0.00, real=0.04 secs] 
2011-03-01T02:20:51.831+0000: 4753.223: [GC 4753.223: [ParNew: 368640K->26375K(368640K), 0.0565630 secs] 6389247K->6071016K(12541952K), 0.0569140 secs] [Times: user=0.43 sys=0.00, real=0.06 secs] 
2011-03-01T02:20:53.378+0000: 4754.769: [GC 4754.769: [ParNew: 354055K->40960K(368640K), 0.0401370 secs] 6398696K->6091704K(12541952K), 0.0404830 secs] [Times: user=0.32 sys=0.00, real=0.04 secs] 
2011-03-01T02:20:54.414+0000: 4755.806: [GC 4755.806: [ParNew: 368629K->24051K(368640K), 0.0438310 secs] 6419373K->6095022K(12541952K), 0.0441900 secs] [Times: user=0.32 sys=0.00, real=0.04 secs] 
2011-03-01T02:20:55.104+0000: 4756.495: [GC 4756.495: [ParNew: 351731K->32856K(368640K), 0.0290930 secs] 6422702K->6103827K(12541952K), 0.0294470 secs] [Times: user=0.19 sys=0.00, real=0.03 secs] 
2011-03-01T02:20:55.756+0000: 4757.148: [GC 4757.148: [ParNew: 360536K->31194K(368640K), 0.0364740 secs] 6431507K->6111821K(12541952K), 0.0368280 secs] [Times: user=0.24 sys=0.01, real=0.04 secs] 
2011-03-01T02:20:57.309+0000: 4758.700: [GC 4758.700: [ParNew: 358874K->21570K(368640K), 0.0318790 secs] 6439501K->6108827K(12541952K), 0.0322340 secs] [Times: user=0.24 sys=0.00, real=0.03 secs] 
2011-03-01T02:20:59.303+0000: 4760.694: [GC 4760.694: [ParNew: 349250K->40960K(368640K), 0.0342720 secs] 6436507K->6129343K(12541952K), 0.0346220 secs] [Times: user=0.27 sys=0.00, real=0.03 secs] 
2011-03-01T02:21:00.371+0000: 4761.762: [GC 4761.763: [ParNew: 368640K->21543K(368640K), 0.0465790 secs] 6457023K->6130385K(12541952K), 0.0469340 secs] [Times: user=0.35 sys=0.00, real=0.05 secs] 
2011-03-01T02:21:00.934+0000: 4762.325: [GC 4762.325: [ParNew: 349210K->40960K(368640K), 0.0306060 secs] 6458052K->6152195K(12541952K), 0.0310630 secs] [Times: user=0.21 sys=0.02, real=0.03 secs] 
2011-03-01T02:21:01.340+0000: 4762.731: [GC 4762.732: [ParNew: 368640K->22453K(368640K), 0.0470450 secs] 6479875K->6147126K(12541952K), 0.0475670 secs] [Times: user=0.34 sys=0.02, real=0.05 secs] 
2011-03-01T02:21:02.006+0000: 4763.397: [GC 4763.397: [ParNew: 350133K->22416K(368640K), 0.0281580 secs] 6474806K->6147089K(12541952K), 0.0286780 secs] [Times: user=0.22 sys=0.01, real=0.03 secs] 
2011-03-01T02:21:02.686+0000: 4764.077: [GC 4764.078: [ParNew: 350096K->16590K(368640K), 0.0340340 secs] 6474769K->6147359K(12541952K), 0.0345040 secs] [Times: user=0.24 sys=0.00, real=0.03 secs] 
2011-03-01T02:21:03.519+0000: 4764.910: [GC 4764.910: [ParNew: 344270K->23033K(368640K), 0.0308180 secs] 6475039K->6153802K(12541952K), 0.0312620 secs] [Times: user=0.24 sys=0.00, real=0.03 secs] 
2011-03-01T02:21:04.855+0000: 4766.247: [GC 4766.247: [ParNew: 350713K->23497K(368640K), 0.0368380 secs] 6481482K->6154266K(12541952K), 0.0372890 secs] [Times: user=0.25 sys=0.00, real=0.04 secs] 
2011-03-01T02:21:05.474+0000: 4766.865: [GC 4766.865: [ParNew: 351134K->28178K(368640K), 0.0382530 secs] 6481903K->6164036K(12541952K), 0.0387170 secs] [Times: user=0.27 sys=0.00, real=0.04 secs] 
2011-03-01T02:21:06.124+0000: 4767.515: [GC 4767.516: [ParNew: 355822K->32588K(368640K), 0.0377700 secs] 6491680K->6170426K(12541952K), 0.0382320 secs] [Times: user=0.27 sys=0.00, real=0.04 secs] 
2011-03-01T02:21:07.569+0000: 4768.960: [GC 4768.960: [ParNew: 360268K->40960K(368640K), 0.0469650 secs] 6498106K->6187182K(12541952K), 0.0474090 secs] [Times: user=0.33 sys=0.00, real=0.05 secs] 
2011-03-01T02:21:09.865+0000: 4771.257: [GC 4771.257: [ParNew: 368640K->40308K(368640K), 0.0429600 secs] 6514862K->6191158K(12541952K), 0.0434260 secs] [Times: user=0.32 sys=0.00, real=0.04 secs] 
2011-03-01T02:21:11.889+0000: 4773.280: [GC 4773.280: [ParNew: 367988K->40960K(368640K), 0.0757880 secs] 6518838K->6225484K(12541952K), 0.0762490 secs] [Times: user=0.57 sys=0.00, real=0.08 secs] 
2011-03-01T02:21:14.682+0000: 4776.073: [GC 4776.073: [ParNew: 368618K->23619K(368640K), 0.0562460 secs] 6553142K->6230232K(12541952K), 0.0567110 secs] [Times: user=0.41 sys=0.00, real=0.06 secs] 
2011-03-01T02:21:16.767+0000: 4778.158: [GC 4778.158: [ParNew: 351299K->17738K(368640K), 0.0476260 secs] 6557912K->6236486K(12541952K), 0.0480970 secs] [Times: user=0.33 sys=0.00, real=0.05 secs] 
2011-03-01T02:21:18.768+0000: 4780.160: [GC 4780.160: [ParNew: 345418K->40960K(368640K), 0.0413870 secs] 6564166K->6260717K(12541952K), 0.0418640 secs] [Times: user=0.32 sys=0.00, real=0.04 secs] 
2011-03-01T02:21:20.389+0000: 4781.780: [GC 4781.780: [ParNew: 368640K->21329K(368640K), 0.0575980 secs] 6588397K->6265457K(12541952K), 0.0580640 secs] [Times: user=0.41 sys=0.00, real=0.06 secs] 
2011-03-01T02:21:22.875+0000: 4784.266: [GC 4784.266: [ParNew: 349009K->40960K(368640K), 0.0463340 secs] 6593137K->6293758K(12541952K), 0.0467950 secs] [Times: user=0.32 sys=0.00, real=0.04 secs] 
2011-03-01T02:21:25.164+0000: 4786.555: [GC 4786.555: [ParNew: 368640K->15810K(368640K), 0.0566420 secs] 6621438K->6288604K(12541952K), 0.0571050 secs] [Times: user=0.40 sys=0.00, real=0.05 secs] 
2011-03-01T02:21:26.659+0000: 4788.050: [GC 4788.050: [ParNew: 343490K->40642K(368640K), 0.0331600 secs] 6616284K->6313436K(12541952K), 0.0336270 secs] [Times: user=0.25 sys=0.00, real=0.04 secs] 
2011-03-01T02:21:28.075+0000: 4789.466: [GC 4789.467: [ParNew: 368322K->26749K(368640K), 0.0569580 secs] 6641116K->6325178K(12541952K), 0.0574240 secs] [Times: user=0.39 sys=0.00, real=0.06 secs] 
2011-03-01T02:21:29.495+0000: 4790.886: [GC 4790.887: [ParNew: 354429K->40960K(368640K), 0.0445410 secs] 6652858K->6347927K(12541952K), 0.0449450 secs] [Times: user=0.32 sys=0.01, real=0.04 secs] 
2011-03-01T02:21:30.991+0000: 4792.382: [GC 4792.382: [ParNew: 368640K->14816K(368640K), 0.0477140 secs] 6675607K->6344061K(12541952K), 0.0480590 secs] [Times: user=0.33 sys=0.01, real=0.05 secs] 
2011-03-01T02:21:32.419+0000: 4793.811: [GC 4793.811: [ParNew: 342496K->40960K(368640K), 0.0441780 secs] 6671741K->6374576K(12541952K), 0.0445180 secs] [Times: user=0.33 sys=0.00, real=0.05 secs] 
2011-03-01T02:21:33.911+0000: 4795.302: [GC 4795.303: [ParNew: 368640K->20646K(368640K), 0.0520740 secs] 6702256K->6378083K(12541952K), 0.0524360 secs] [Times: user=0.41 sys=0.00, real=0.06 secs] 
2011-03-01T02:21:35.031+0000: 4796.422: [GC 4796.423: [ParNew: 348326K->40960K(368640K), 0.0496740 secs] 6705763K->6408752K(12541952K), 0.0500200 secs] [Times: user=0.39 sys=0.00, real=0.05 secs] 
2011-03-01T02:21:35.522+0000: 4796.913: [GC 4796.913: [ParNew: 368640K->32890K(368640K), 0.0588340 secs] 6736432K->6424071K(12541952K), 0.0591930 secs] [Times: user=0.45 sys=0.00, real=0.06 secs] 
2011-03-01T02:21:35.972+0000: 4797.363: [GC 4797.363: [ParNew: 360570K->40960K(368640K), 0.0579790 secs] 6751751K->6446797K(12541952K), 0.0583300 secs] [Times: user=0.47 sys=0.01, real=0.06 secs] 
2011-03-01T02:21:36.298+0000: 4797.689: [GC 4797.689: [ParNew: 368640K->40960K(368640K), 0.0558350 secs] 6774477K->6466599K(12541952K), 0.0562140 secs] [Times: user=0.40 sys=0.00, real=0.06 secs] 
2011-03-01T02:21:36.688+0000: 4798.079: [GC 4798.079: [ParNew: 368640K->40960K(368640K), 0.0509980 secs] 6794279K->6480595K(12541952K), 0.0513450 secs] [Times: user=0.39 sys=0.01, real=0.05 secs] 
2011-03-01T02:21:37.112+0000: 4798.503: [GC 4798.503: [ParNew: 368640K->40960K(368640K), 0.0522500 secs] 6808275K->6493467K(12541952K), 0.0525940 secs] [Times: user=0.36 sys=0.00, real=0.06 secs] 
2011-03-01T02:21:37.766+0000: 4799.158: [GC 4799.158: [ParNew: 368640K->40960K(368640K), 0.0550370 secs] 6821147K->6504298K(12541952K), 0.0555840 secs] [Times: user=0.39 sys=0.00, real=0.06 secs] 
2011-03-01T02:21:38.080+0000: 4799.471: [GC 4799.472: [ParNew: 368640K->40960K(368640K), 0.0510290 secs] 6831978K->6516166K(12541952K), 0.0515240 secs] [Times: user=0.40 sys=0.00, real=0.05 secs] 
2011-03-01T02:21:38.489+0000: 4799.880: [GC 4799.880: [ParNew: 368640K->38310K(368640K), 0.0489050 secs] 6843846K->6523355K(12541952K), 0.0493910 secs] [Times: user=0.40 sys=0.00, real=0.05 secs] 
2011-03-01T02:21:39.205+0000: 4800.596: [GC 4800.596: [ParNew: 365990K->37383K(368640K), 0.0503680 secs] 6851035K->6533074K(12541952K), 0.0508310 secs] [Times: user=0.35 sys=0.00, real=0.05 secs] 
2011-03-01T02:21:40.112+0000: 4801.503: [GC 4801.503: [ParNew: 365063K->25144K(368640K), 0.0294680 secs] 6860754K->6529551K(12541952K), 0.0298100 secs] [Times: user=0.21 sys=0.00, real=0.03 secs] 
2011-03-01T02:21:40.671+0000: 4802.063: [GC 4802.063: [ParNew: 352824K->26888K(368640K), 0.0449330 secs] 6857231K->6603088K(12541952K), 0.0453400 secs] [Times: user=0.38 sys=0.01, real=0.05 secs] 
2011-03-01T02:21:41.263+0000: 4802.654: [GC 4802.654: [ParNew: 354568K->6386K(368640K), 0.0306270 secs] 6930768K->6598816K(12541952K), 0.0310820 secs] [Times: user=0.19 sys=0.00, real=0.03 secs] 
2011-03-01T02:21:41.874+0000: 4803.266: [GC 4803.266: [ParNew: 334066K->29905K(368640K), 0.0297960 secs] 6926496K->6622335K(12541952K), 0.0302450 secs] [Times: user=0.24 sys=0.00, real=0.03 secs] 
2011-03-01T02:21:42.509+0000: 4803.900: [GC 4803.900: [ParNew: 357585K->10664K(368640K), 0.0411320 secs] 6950015K->6617976K(12541952K), 0.0415950 secs] [Times: user=0.31 sys=0.01, real=0.04 secs] 
2011-03-01T02:21:43.190+0000: 4804.582: [GC 4804.582: [ParNew: 338344K->13970K(368640K), 0.0294040 secs] 6945656K->6621281K(12541952K), 0.0298580 secs] [Times: user=0.22 sys=0.00, real=0.03 secs] 
2011-03-01T02:21:43.788+0000: 4805.179: [GC 4805.179: [ParNew: 341650K->21611K(368640K), 0.0327090 secs] 6948961K->6628922K(12541952K), 0.0331660 secs] [Times: user=0.24 sys=0.00, real=0.03 secs] 
2011-03-01T02:21:44.438+0000: 4805.829: [GC 4805.829: [ParNew: 349291K->27773K(368640K), 0.0434480 secs] 6956602K->6635085K(12541952K), 0.0439040 secs] [Times: user=0.30 sys=0.00, real=0.04 secs] 
2011-03-01T02:21:45.658+0000: 4807.049: [GC 4807.049: [ParNew: 355453K->40960K(368640K), 0.0783900 secs] 6962765K->6693194K(12541952K), 0.0787430 secs] [Times: user=0.57 sys=0.00, real=0.08 secs] 
2011-03-01T02:21:46.996+0000: 4808.387: [GC 4808.387: [ParNew: 368640K->18245K(368640K), 0.0370600 secs] 7020874K->6678126K(12541952K), 0.0374100 secs] [Times: user=0.24 sys=0.00, real=0.04 secs] 
2011-03-01T02:21:48.214+0000: 4809.605: [GC 4809.606: [ParNew: 345925K->35649K(368640K), 0.0276900 secs] 7005806K->6695531K(12541952K), 0.0280320 secs] [Times: user=0.16 sys=0.00, real=0.03 secs] 
2011-03-01T02:21:49.972+0000: 4811.363: [GC 4811.363: [ParNew: 363329K->40960K(368640K), 0.0454370 secs] 7023211K->6712037K(12541952K), 0.0458970 secs] [Times: user=0.38 sys=0.00, real=0.05 secs] 
2011-03-01T02:21:51.335+0000: 4812.727: [GC 4812.727: [ParNew: 368640K->40960K(368640K), 0.0373860 secs] 7039717K->6722342K(12541952K), 0.0378470 secs] [Times: user=0.24 sys=0.00, real=0.04 secs] 
2011-03-01T02:21:52.861+0000: 4814.252: [GC 4814.253: [ParNew: 368640K->18656K(368640K), 0.0435600 secs] 7050022K->6718868K(12541952K), 0.0440330 secs] [Times: user=0.33 sys=0.00, real=0.05 secs] 
2011-03-01T02:21:54.085+0000: 4815.476: [GC 4815.477: [ParNew: 346336K->40960K(368640K), 0.0287500 secs] 7046548K->6741914K(12541952K), 0.0292800 secs] [Times: user=0.25 sys=0.00, real=0.03 secs] 
2011-03-01T02:21:54.846+0000: 4816.237: [GC 4816.238: [ParNew: 368640K->13740K(368640K), 0.0383040 secs] 7069594K->6734265K(12541952K), 0.0387910 secs] [Times: user=0.25 sys=0.00, real=0.04 secs] 
2011-03-01T02:21:55.446+0000: 4816.837: [GC 4816.837: [ParNew: 341420K->23972K(368640K), 0.0243440 secs] 7061945K->6744497K(12541952K), 0.0246980 secs] [Times: user=0.16 sys=0.00, real=0.02 secs] 
2011-03-01T02:21:55.923+0000: 4817.314: [GC 4817.314: [ParNew: 351602K->26474K(368640K), 0.0268940 secs] 7072127K->6746999K(12541952K), 0.0272470 secs] [Times: user=0.17 sys=0.01, real=0.02 secs] 
2011-03-01T02:21:56.454+0000: 4817.845: [GC 4817.845: [ParNew: 354091K->28050K(368640K), 0.0280600 secs] 7074616K->6748574K(12541952K), 0.0284150 secs] [Times: user=0.16 sys=0.00, real=0.03 secs] 
2011-03-01T02:21:56.961+0000: 4818.352: [GC 4818.352: [ParNew: 355730K->27655K(368640K), 0.0330560 secs] 7076254K->6756648K(12541952K), 0.0334060 secs] [Times: user=0.25 sys=0.00, real=0.04 secs] 
2011-03-01T02:21:57.597+0000: 4818.989: [GC 4818.989: [ParNew: 355335K->15525K(368640K), 0.0345400 secs] 7084328K->6751636K(12541952K), 0.0348970 secs] [Times: user=0.24 sys=0.00, real=0.04 secs] 
2011-03-01T02:21:58.399+0000: 4819.790: [GC 4819.790: [ParNew: 343183K->24881K(368640K), 0.0312020 secs] 7079294K->6760992K(12541952K), 0.0315530 secs] [Times: user=0.24 sys=0.00, real=0.03 secs] 
2011-03-01T02:21:58.976+0000: 4820.368: [GC 4820.368: [ParNew: 352561K->12177K(368640K), 0.0353490 secs] 7088672K->6752452K(12541952K), 0.0357060 secs] [Times: user=0.24 sys=0.00, real=0.04 secs] 
2011-03-01T02:21:59.735+0000: 4821.126: [GC 4821.127: [ParNew: 339857K->31855K(368640K), 0.0353300 secs] 7080132K->6772129K(12541952K), 0.0356870 secs] [Times: user=0.24 sys=0.00, real=0.03 secs] 
2011-03-01T02:22:00.306+0000: 4821.697: [GC 4821.697: [ParNew: 359535K->25655K(368640K), 0.0526710 secs] 7099809K->6779260K(12541952K), 0.0530300 secs] [Times: user=0.40 sys=0.00, real=0.09 secs] 
2011-03-01T02:22:00.769+0000: 4822.160: [GC 4822.161: [ParNew: 353335K->35225K(368640K), 0.0331900 secs] 7106940K->6788829K(12541952K), 0.0335420 secs] [Times: user=0.24 sys=0.00, real=0.04 secs] 
2011-03-01T02:22:01.209+0000: 4822.600: [GC 4822.601: [ParNew: 362905K->24599K(368640K), 0.0352960 secs] 7116509K->6783781K(12541952K), 0.0356460 secs] [Times: user=0.31 sys=0.00, real=0.04 secs] 
2011-03-01T02:22:01.798+0000: 4823.190: [GC 4823.190: [ParNew: 352279K->24331K(368640K), 0.0343960 secs] 7111461K->6789182K(12541952K), 0.0347480 secs] [Times: user=0.24 sys=0.00, real=0.04 secs] 
2011-03-01T02:22:03.426+0000: 4824.817: [GC 4824.817: [ParNew: 352011K->40960K(368640K), 0.0389940 secs] 7116862K->6809492K(12541952K), 0.0393500 secs] [Times: user=0.30 sys=0.00, real=0.04 secs] 
2011-03-01T02:22:05.644+0000: 4827.035: [GC 4827.036: [ParNew: 368640K->9477K(368640K), 0.0423980 secs] 7137172K->6791432K(12541952K), 0.0552370 secs] [Times: user=0.32 sys=0.00, real=0.05 secs] 
2011-03-01T02:22:08.213+0000: 4829.605: [GC 4829.605: [ParNew: 337157K->27900K(368640K), 0.0375910 secs] 7119112K->6809855K(12541952K), 0.0380570 secs] [Times: user=0.25 sys=0.01, real=0.03 secs] 
2011-03-01T02:22:10.615+0000: 4832.007: [GC 4832.007: [ParNew: 355580K->40238K(368640K), 0.0470840 secs] 7137535K->6829125K(12541952K), 0.0475320 secs] [Times: user=0.33 sys=0.00, real=0.06 secs] 
2011-03-01T02:22:12.756+0000: 4834.148: [GC 4834.148: [ParNew: 367918K->35043K(368640K), 0.0494340 secs] 7156805K->6834985K(12541952K), 0.0497750 secs] [Times: user=0.38 sys=0.00, real=0.05 secs] 
2011-03-01T02:22:15.308+0000: 4836.699: [GC 4836.699: [ParNew: 362723K->40960K(368640K), 0.0537040 secs] 7162665K->6850325K(12541952K), 0.0540500 secs] [Times: user=0.40 sys=0.00, real=0.06 secs] 
2011-03-01T02:22:17.519+0000: 4838.910: [GC 4838.911: [ParNew: 368640K->23667K(368640K), 0.0550130 secs] 7178005K->6854769K(12541952K), 0.0554240 secs] [Times: user=0.41 sys=0.00, real=0.06 secs] 
2011-03-01T02:22:19.037+0000: 4840.429: [GC 4840.429: [ParNew: 351347K->40960K(368640K), 0.0391420 secs] 7182449K->6872487K(12541952K), 0.0396160 secs] [Times: user=0.32 sys=0.00, real=0.04 secs] 
2011-03-01T02:22:20.614+0000: 4842.005: [GC 4842.006: [ParNew: 368640K->20908K(368640K), 0.0522180 secs] 7200167K->6871662K(12541952K), 0.0526900 secs] [Times: user=0.35 sys=0.00, real=0.05 secs] 
2011-03-01T02:22:23.216+0000: 4844.608: [GC 4844.608: [ParNew: 348588K->40960K(368640K), 0.0406150 secs] 7199342K->6893327K(12541952K), 0.0410850 secs] [Times: user=0.32 sys=0.00, real=0.04 secs] 
2011-03-01T02:22:25.540+0000: 4846.931: [GC 4846.931: [ParNew: 368640K->27802K(368640K), 0.0550700 secs] 7221007K->6900648K(12541952K), 0.0555370 secs] [Times: user=0.40 sys=0.01, real=0.06 secs] 
2011-03-01T02:22:26.801+0000: 4848.192: [GC 4848.192: [ParNew: 355482K->40960K(368640K), 0.0429170 secs] 7228328K->6917281K(12541952K), 0.0433760 secs] [Times: user=0.32 sys=0.00, real=0.05 secs] 
2011-03-01T02:22:28.244+0000: 4849.635: [GC 4849.635: [ParNew: 368640K->39659K(368640K), 0.0547760 secs] 7244961K->6936295K(12541952K), 0.0588340 secs] [Times: user=0.41 sys=0.00, real=0.06 secs] 
2011-03-01T02:22:29.561+0000: 4850.952: [GC 4850.952: [ParNew: 367339K->26269K(368640K), 0.0456520 secs] 7263975K->6934342K(12541952K), 0.0460070 secs] [Times: user=0.41 sys=0.00, real=0.05 secs] 
2011-03-01T02:22:30.946+0000: 4852.338: [GC 4852.338: [ParNew: 353949K->27148K(368640K), 0.0503950 secs] 7262022K->6946754K(12541952K), 0.0507400 secs] [Times: user=0.39 sys=0.01, real=0.05 secs] 
2011-03-01T02:22:32.230+0000: 4853.621: [GC 4853.621: [ParNew: 354828K->28355K(368640K), 0.0424040 secs] 7274434K->6957571K(12541952K), 0.0427610 secs] [Times: user=0.32 sys=0.00, real=0.05 secs] 
2011-03-01T02:22:33.788+0000: 4855.179: [GC 4855.179: [ParNew: 356035K->40960K(368640K), 0.0448520 secs] 7285251K->6981402K(12541952K), 0.0452640 secs] [Times: user=0.32 sys=0.00, real=0.05 secs] 
2011-03-01T02:22:34.834+0000: 4856.225: [GC 4856.225: [ParNew: 368640K->34062K(368640K), 0.0480030 secs] 7309082K->7003501K(12541952K), 0.0483460 secs] [Times: user=0.31 sys=0.00, real=0.05 secs] 
2011-03-01T02:22:35.358+0000: 4856.749: [GC 4856.749: [ParNew: 361742K->40960K(368640K), 0.0487950 secs] 7331181K->7023327K(12541952K), 0.0491400 secs] [Times: user=0.39 sys=0.00, real=0.05 secs] 
2011-03-01T02:22:35.782+0000: 4857.173: [GC 4857.173: [ParNew: 368640K->40960K(368640K), 0.0624670 secs] 7351032K->7039684K(12541952K), 0.0628070 secs] [Times: user=0.47 sys=0.00, real=0.07 secs] 
2011-03-01T02:22:35.846+0000: 4857.238: [GC 4857.238: [ParNew: 41107K->18339K(368640K), 0.0731760 secs] 7039832K->7047823K(12541952K), 0.0734710 secs] [Times: user=0.40 sys=0.01, real=0.07 secs] 
2011-03-01T02:22:36.108+0000: 4857.499: [GC 4857.500: [ParNew: 346019K->40960K(368640K), 0.0445580 secs] 7375503K->7070787K(12541952K), 0.0449070 secs] [Times: user=0.27 sys=0.00, real=0.05 secs] 
2011-03-01T02:22:36.467+0000: 4857.858: [GC 4857.859: [ParNew: 368640K->38691K(368640K), 0.0549380 secs] 7398467K->7085838K(12541952K), 0.0552850 secs] [Times: user=0.37 sys=0.00, real=0.06 secs] 
2011-03-01T02:22:36.909+0000: 4858.300: [GC 4858.300: [ParNew: 366371K->40960K(368640K), 0.0521780 secs] 7413518K->7098052K(12541952K), 0.0525260 secs] [Times: user=0.39 sys=0.00, real=0.05 secs] 
2011-03-01T02:22:37.629+0000: 4859.020: [GC 4859.020: [ParNew: 368640K->36717K(368640K), 0.0486100 secs] 7425732K->7110151K(12541952K), 0.0489600 secs] [Times: user=0.38 sys=0.00, real=0.05 secs] 
2011-03-01T02:22:37.920+0000: 4859.311: [GC 4859.312: [ParNew: 364397K->40960K(368640K), 0.0548910 secs] 7437831K->7129758K(12541952K), 0.0552350 secs] [Times: user=0.39 sys=0.00, real=0.06 secs] 
2011-03-01T02:22:38.543+0000: 4859.934: [GC 4859.934: [ParNew: 368640K->40960K(368640K), 0.0544680 secs] 7457438K->7145624K(12541952K), 0.0548200 secs] [Times: user=0.40 sys=0.02, real=0.05 secs] 
2011-03-01T02:22:39.033+0000: 4860.425: [GC 4860.425: [ParNew: 368640K->34688K(368640K), 0.0471460 secs] 7473304K->7151349K(12541952K), 0.0474940 secs] [Times: user=0.33 sys=0.00, real=0.04 secs] 
2011-03-01T02:22:39.809+0000: 4861.200: [GC 4861.200: [ParNew: 362368K->28723K(368640K), 0.0363320 secs] 7479029K->7157032K(12541952K), 0.0367770 secs] [Times: user=0.27 sys=0.00, real=0.04 secs] 
2011-03-01T02:22:41.233+0000: 4862.624: [GC 4862.625: [ParNew: 356403K->16505K(368640K), 0.0360230 secs] 7484712K->7158452K(12541952K), 0.0363670 secs] [Times: user=0.27 sys=0.01, real=0.03 secs] 
2011-03-01T02:22:42.492+0000: 4863.883: [GC 4863.884: [ParNew: 344185K->32198K(368640K), 0.0423950 secs] 7486132K->7174144K(12541952K), 0.0429050 secs] [Times: user=0.30 sys=0.00, real=0.05 secs] 
2011-03-01T02:22:44.672+0000: 4866.063: [GC 4866.064: [ParNew: 359878K->11764K(368640K), 0.0405900 secs] 7501824K->7170413K(12541952K), 0.0410460 secs] [Times: user=0.29 sys=0.01, real=0.04 secs] 
2011-03-01T02:22:45.498+0000: 4866.889: [GC 4866.890: [ParNew: 339444K->34220K(368640K), 0.0288430 secs] 7498093K->7192869K(12541952K), 0.0293020 secs] [Times: user=0.24 sys=0.00, real=0.03 secs] 
2011-03-01T02:22:46.691+0000: 4868.082: [GC 4868.082: [ParNew: 361900K->15477K(368640K), 0.0443170 secs] 7520549K->7189844K(12541952K), 0.0447780 secs] [Times: user=0.30 sys=0.00, real=0.05 secs] 
2011-03-01T02:22:47.757+0000: 4869.149: [GC 4869.149: [ParNew: 343157K->40960K(368640K), 0.0359850 secs] 7517524K->7216425K(12541952K), 0.0364360 secs] [Times: user=0.26 sys=0.00, real=0.04 secs] 
2011-03-01T02:22:49.597+0000: 4870.988: [GC 4870.988: [ParNew: 368640K->30405K(368640K), 0.0448180 secs] 7544105K->7221401K(12541952K), 0.0452760 secs] [Times: user=0.32 sys=0.01, real=0.04 secs] 
2011-03-01T02:22:50.986+0000: 4872.377: [GC 4872.378: [ParNew: 358085K->24244K(368640K), 0.0387770 secs] 7549081K->7223939K(12541952K), 0.0392380 secs] [Times: user=0.28 sys=0.01, real=0.04 secs] 
2011-03-01T02:22:52.299+0000: 4873.690: [GC 4873.690: [ParNew: 351883K->16319K(368640K), 0.0393920 secs] 7551579K->7224975K(12541952K), 0.0398560 secs] [Times: user=0.32 sys=0.00, real=0.04 secs] 
2011-03-01T02:22:53.827+0000: 4875.218: [GC 4875.218: [ParNew: 343999K->39997K(368640K), 0.0359850 secs] 7552655K->7248653K(12541952K), 0.0364410 secs] [Times: user=0.25 sys=0.01, real=0.04 secs] 
2011-03-01T02:22:54.638+0000: 4876.029: [GC 4876.029: [ParNew: 367677K->12352K(368640K), 0.0446420 secs] 7576333K->7236990K(12541952K), 0.0451140 secs] [Times: user=0.30 sys=0.00, real=0.05 secs] 
2011-03-01T02:22:55.305+0000: 4876.696: [GC 4876.696: [ParNew: 340032K->28740K(368640K), 0.0301080 secs] 7564670K->7253378K(12541952K), 0.0305820 secs] [Times: user=0.23 sys=0.01, real=0.03 secs] 
2011-03-01T02:22:55.797+0000: 4877.188: [GC 4877.188: [ParNew: 356420K->14200K(368640K), 0.0351600 secs] 7581058K->7248190K(12541952K), 0.0355870 secs] [Times: user=0.24 sys=0.00, real=0.04 secs] 
2011-03-01T02:22:56.294+0000: 4877.685: [GC 4877.685: [ParNew: 341880K->17597K(368640K), 0.0306080 secs] 7575870K->7251587K(12541952K), 0.0309570 secs] [Times: user=0.23 sys=0.00, real=0.03 secs] 
2011-03-01T02:22:56.848+0000: 4878.239: [GC 4878.239: [ParNew: 345277K->12572K(368640K), 0.0329560 secs] 7579267K->7246562K(12541952K), 0.0334500 secs] [Times: user=0.23 sys=0.00, real=0.03 secs] 
2011-03-01T02:22:57.537+0000: 4878.928: [GC 4878.928: [ParNew: 340242K->19814K(368640K), 0.0307020 secs] 7574232K->7253804K(12541952K), 0.0311670 secs] [Times: user=0.22 sys=0.02, real=0.03 secs] 
2011-03-01T02:22:58.249+0000: 4879.640: [GC 4879.640: [ParNew: 347494K->10092K(368640K), 0.0298370 secs] 7581484K->7247846K(12541952K), 0.0303180 secs] [Times: user=0.23 sys=0.01, real=0.03 secs] 
2011-03-01T02:22:58.883+0000: 4880.274: [GC 4880.274: [ParNew: 337772K->18604K(368640K), 0.0348930 secs] 7575526K->7257886K(12541952K), 0.0353700 secs] [Times: user=0.29 sys=0.02, real=0.04 secs] 
2011-03-01T02:22:59.597+0000: 4880.988: [GC 4880.988: [ParNew: 346284K->27660K(368640K), 0.0339670 secs] 7585566K->7268585K(12541952K), 0.0344590 secs] [Times: user=0.24 sys=0.00, real=0.03 secs] 
2011-03-01T02:23:00.219+0000: 4881.610: [GC 4881.610: [ParNew: 355340K->27711K(368640K), 0.0398070 secs] 7596265K->7274700K(12541952K), 0.0402760 secs] [Times: user=0.31 sys=0.00, real=0.04 secs] 
2011-03-01T02:23:00.596+0000: 4881.988: [GC 4881.988: [ParNew: 355391K->9613K(368640K), 0.0331730 secs] 7602380K->7262211K(12541952K), 0.0336330 secs] [Times: user=0.24 sys=0.00, real=0.03 secs] 
2011-03-01T02:23:01.172+0000: 4882.563: [GC 4882.564: [ParNew: 337293K->18413K(368640K), 0.0304120 secs] 7589891K->7271011K(12541952K), 0.0308780 secs] [Times: user=0.24 sys=0.00, real=0.04 secs] 
2011-03-01T02:23:02.351+0000: 4883.742: [GC 4883.742: [ParNew: 346093K->40960K(368640K), 0.0333200 secs] 7598691K->7293558K(12541952K), 0.0337350 secs] [Times: user=0.26 sys=0.01, real=0.04 secs] 
2011-03-01T02:23:04.444+0000: 4885.836: [GC 4885.836: [ParNew: 365127K->28210K(368640K), 0.0712670 secs] 7617726K->7311471K(12541952K), 0.0717460 secs] [Times: user=0.52 sys=0.01, real=0.07 secs] 
2011-03-01T02:23:06.667+0000: 4888.058: [GC 4888.058: [ParNew: 355890K->40703K(368640K), 0.0604040 secs] 7639151K->7348385K(12541952K), 0.0608860 secs] [Times: user=0.48 sys=0.00, real=0.06 secs] 
2011-03-01T02:23:08.759+0000: 4890.150: [GC 4890.151: [ParNew: 368383K->9306K(368640K), 0.0385980 secs] 7676065K->7333543K(12541952K), 0.0390580 secs] [Times: user=0.31 sys=0.01, real=0.04 secs] 
2011-03-01T02:23:11.308+0000: 4892.699: [GC 4892.700: [ParNew: 336986K->14560K(368640K), 0.0349590 secs] 7661223K->7338796K(12541952K), 0.0354200 secs] [Times: user=0.26 sys=0.00, real=0.04 secs] 
2011-03-01T02:23:13.587+0000: 4894.978: [GC 4894.978: [ParNew: 342240K->40960K(368640K), 0.0423960 secs] 7666476K->7368881K(12541952K), 0.0427460 secs] [Times: user=0.32 sys=0.00, real=0.04 secs] 
2011-03-01T02:23:16.134+0000: 4897.525: [GC 4897.525: [ParNew: 368640K->14428K(368640K), 0.0520400 secs] 7696561K->7360065K(12541952K), 0.0523920 secs] [Times: user=0.37 sys=0.00, real=0.05 secs] 
2011-03-01T02:23:18.351+0000: 4899.743: [GC 4899.743: [ParNew: 342108K->40960K(368640K), 0.0388970 secs] 7687745K->7392554K(12541952K), 0.0392460 secs] [Times: user=0.31 sys=0.00, real=0.04 secs] 
2011-03-01T02:23:19.492+0000: 4900.883: [GC 4900.883: [ParNew: 368640K->22097K(368640K), 0.0477550 secs] 7720234K->7387176K(12541952K), 0.0480970 secs] [Times: user=0.39 sys=0.00, real=0.05 secs] 
2011-03-01T02:23:21.393+0000: 4902.784: [GC 4902.784: [ParNew: 349777K->39753K(368640K), 0.0359790 secs] 7714856K->7404833K(12541952K), 0.0363260 secs] [Times: user=0.29 sys=0.00, real=0.03 secs] 
2011-03-01T02:23:23.963+0000: 4905.354: [GC 4905.354: [ParNew: 367433K->10871K(368640K), 0.0440670 secs] 7732513K->7393270K(12541952K), 0.0444120 secs] [Times: user=0.33 sys=0.01, real=0.04 secs] 
2011-03-01T02:23:26.014+0000: 4907.406: [GC 4907.406: [ParNew: 338551K->30718K(368640K), 0.0361810 secs] 7720950K->7413117K(12541952K), 0.0365260 secs] [Times: user=0.25 sys=0.00, real=0.03 secs] 
2011-03-01T02:23:27.334+0000: 4908.725: [GC 4908.725: [ParNew: 358398K->13334K(368640K), 0.0456070 secs] 7740797K->7410673K(12541952K), 0.0459560 secs] [Times: user=0.35 sys=0.00, real=0.04 secs] 
2011-03-01T02:23:28.689+0000: 4910.080: [GC 4910.080: [ParNew: 341014K->37104K(368640K), 0.0352310 secs] 7738353K->7434443K(12541952K), 0.0355750 secs] [Times: user=0.28 sys=0.00, real=0.04 secs] 
2011-03-01T02:23:30.129+0000: 4911.520: [GC 4911.520: [ParNew: 364784K->20759K(368640K), 0.0452870 secs] 7762123K->7433234K(12541952K), 0.0456390 secs] [Times: user=0.33 sys=0.00, real=0.05 secs] 
2011-03-01T02:23:31.464+0000: 4912.855: [GC 4912.855: [ParNew: 348439K->31292K(368640K), 0.0357420 secs] 7760914K->7443768K(12541952K), 0.0360860 secs] [Times: user=0.26 sys=0.00, real=0.03 secs] 
2011-03-01T02:23:32.802+0000: 4914.193: [GC 4914.193: [ParNew: 358949K->40711K(368640K), 0.0443080 secs] 7771425K->7461655K(12541952K), 0.0446520 secs] [Times: user=0.34 sys=0.00, real=0.05 secs] 
2011-03-01T02:23:34.084+0000: 4915.476: [GC 4915.476: [ParNew: 368391K->11345K(368640K), 0.0439480 secs] 7789335K->7449425K(12541952K), 0.0443010 secs] [Times: user=0.32 sys=0.00, real=0.04 secs] 
2011-03-01T02:23:35.121+0000: 4916.513: [GC 4916.513: [ParNew: 339025K->31966K(368640K), 0.0373980 secs] 7777105K->7470045K(12541952K), 0.0377740 secs] [Times: user=0.32 sys=0.00, real=0.04 secs] 
2011-03-01T02:23:35.652+0000: 4917.043: [GC 4917.043: [ParNew: 359646K->40960K(368640K), 0.0563950 secs] 7797725K->7494493K(12541952K), 0.0568630 secs] [Times: user=0.45 sys=0.00, real=0.06 secs] 
2011-03-01T02:23:35.998+0000: 4917.389: [GC 4917.389: [ParNew: 368640K->40960K(368640K), 0.0602680 secs] 7822173K->7507001K(12541952K), 0.0607270 secs] [Times: user=0.48 sys=0.00, real=0.06 secs] 
2011-03-01T02:23:36.366+0000: 4917.757: [GC 4917.757: [ParNew: 368640K->40272K(368640K), 0.0490190 secs] 7834681K->7520332K(12541952K), 0.0494780 secs] [Times: user=0.33 sys=0.00, real=0.05 secs] 
2011-03-01T02:23:36.676+0000: 4918.067: [GC 4918.067: [ParNew: 367952K->40960K(368640K), 0.0642100 secs] 7848012K->7595923K(12541952K), 0.0646560 secs] [Times: user=0.44 sys=0.00, real=0.06 secs] 
2011-03-01T02:23:37.029+0000: 4918.420: [GC 4918.420: [ParNew: 368640K->34445K(368640K), 0.0511400 secs] 7923603K->7609838K(12541952K), 0.0515930 secs] [Times: user=0.39 sys=0.00, real=0.05 secs] 
2011-03-01T02:23:37.283+0000: 4918.674: [GC 4918.675: [ParNew: 358165K->40960K(368640K), 0.0590100 secs] 7933558K->7636175K(12541952K), 0.0594140 secs] [Times: user=0.41 sys=0.00, real=0.06 secs] 
2011-03-01T02:23:37.530+0000: 4918.921: [GC 4918.921: [ParNew: 368640K->40960K(368640K), 0.0667020 secs] 7963855K->7722249K(12541952K), 0.0670490 secs] [Times: user=0.50 sys=0.00, real=0.07 secs] 
2011-03-01T02:23:37.936+0000: 4919.327: [GC 4919.328: [ParNew: 368640K->40960K(368640K), 0.0541700 secs] 8049929K->7737641K(12541952K), 0.0545220 secs] [Times: user=0.40 sys=0.00, real=0.05 secs] 
2011-03-01T02:23:38.228+0000: 4919.619: [GC 4919.619: [ParNew: 368640K->40960K(368640K), 0.0560150 secs] 8065321K->7748557K(12541952K), 0.0564780 secs] [Times: user=0.39 sys=0.01, real=0.06 secs] 
2011-03-01T02:23:38.546+0000: 4919.937: [GC 4919.937: [ParNew: 368640K->40960K(368640K), 0.0554810 secs] 8076237K->7764834K(12541952K), 0.0559610 secs] [Times: user=0.40 sys=0.00, real=0.05 secs] 
2011-03-01T02:23:38.898+0000: 4920.289: [GC 4920.289: [ParNew: 368640K->30327K(368640K), 0.0426000 secs] 8092514K->7765197K(12541952K), 0.0430680 secs] [Times: user=0.34 sys=0.00, real=0.04 secs] 
2011-03-01T02:23:39.233+0000: 4920.624: [GC 4920.625: [ParNew: 357985K->40960K(368640K), 0.0345790 secs] 8092855K->7775830K(12541952K), 0.0350560 secs] [Times: user=0.26 sys=0.00, real=0.03 secs] 
2011-03-01T02:23:39.717+0000: 4921.108: [GC 4921.109: [ParNew: 368640K->19410K(368640K), 0.0496380 secs] 8103510K->7776717K(12541952K), 0.0500990 secs] [Times: user=0.33 sys=0.00, real=0.05 secs] 
2011-03-01T02:23:40.152+0000: 4921.543: [GC 4921.543: [ParNew: 347090K->21892K(368640K), 0.0329590 secs] 8104397K->7779199K(12541952K), 0.0334180 secs] [Times: user=0.28 sys=0.00, real=0.04 secs] 
2011-03-01T02:23:40.561+0000: 4921.952: [GC 4921.953: [ParNew: 349572K->34044K(368640K), 0.0392190 secs] 8106879K->7791351K(12541952K), 0.0396750 secs] [Times: user=0.32 sys=0.00, real=0.04 secs] 
2011-03-01T02:23:40.940+0000: 4922.332: [GC 4922.332: [ParNew: 346475K->40960K(368640K), 0.0853880 secs] 8103782K->7806137K(12541952K), 0.0858590 secs] [Times: user=0.70 sys=0.00, real=0.09 secs] 
2011-03-01T02:23:41.427+0000: 4922.818: [GC 4922.818: [ParNew: 368640K->25135K(368640K), 0.0712130 secs] 8133817K->7827900K(12541952K), 0.0716860 secs] [Times: user=0.51 sys=0.01, real=0.07 secs] 
2011-03-01T02:23:42.044+0000: 4923.436: [GC 4923.436: [ParNew: 352815K->33225K(368640K), 0.0347280 secs] 8155580K->7835990K(12541952K), 0.0351220 secs] [Times: user=0.25 sys=0.00, real=0.03 secs] 
2011-03-01T02:23:43.399+0000: 4924.790: [GC 4924.790: [ParNew: 350141K->34058K(368640K), 0.0473900 secs] 8152907K->7856602K(12541952K), 0.0477430 secs] [Times: user=0.36 sys=0.00, real=0.05 secs] 
2011-03-01T02:23:43.973+0000: 4925.365: [GC 4925.365: [ParNew: 361738K->14201K(368640K), 0.0564470 secs] 8184282K->7929711K(12541952K), 0.0616020 secs] [Times: user=0.41 sys=0.00, real=0.06 secs] 
2011-03-01T02:23:44.654+0000: 4926.046: [GC 4926.046: [ParNew: 341881K->34318K(368640K), 0.0346160 secs] 8257391K->7949829K(12541952K), 0.0350860 secs] [Times: user=0.24 sys=0.00, real=0.03 secs] 
2011-03-01T02:23:45.326+0000: 4926.717: [GC 4926.718: [ParNew: 361998K->11804K(368640K), 0.0433080 secs] 8277509K->7941837K(12541952K), 0.0436520 secs] [Times: user=0.32 sys=0.00, real=0.04 secs] 
2011-03-01T02:23:46.051+0000: 4927.442: [GC 4927.443: [ParNew: 339484K->20045K(368640K), 0.0334520 secs] 8269517K->7950077K(12541952K), 0.0338090 secs] [Times: user=0.29 sys=0.00, real=0.04 secs] 
2011-03-01T02:23:46.484+0000: 4927.876: [GC 4927.876: [ParNew: 347725K->39074K(368640K), 0.0444830 secs] 8277757K->8034643K(12541952K), 0.0448240 secs] [Times: user=0.32 sys=0.00, real=0.04 secs] 
2011-03-01T02:23:46.937+0000: 4928.329: [GC 4928.329: [ParNew: 366754K->37275K(368640K), 0.0610320 secs] 8362323K->8111446K(12541952K), 0.0613790 secs] [Times: user=0.45 sys=0.00, real=0.06 secs] 
2011-03-01T02:23:47.711+0000: 4929.102: [GC 4929.102: [ParNew: 364955K->29718K(368640K), 0.0490570 secs] 8439126K->8126450K(12541952K), 0.0494040 secs] [Times: user=0.35 sys=0.00, real=0.05 secs] 
2011-03-01T02:23:48.239+0000: 4929.630: [GC 4929.630: [ParNew: 357398K->24108K(368640K), 0.0347470 secs] 8454130K->8120841K(12541952K), 0.0351030 secs] [Times: user=0.27 sys=0.01, real=0.04 secs] 
2011-03-01T02:23:48.938+0000: 4930.329: [GC 4930.330: [ParNew: 351788K->20945K(368640K), 0.0414940 secs] 8448521K->8126021K(12541952K), 0.0418410 secs] [Times: user=0.32 sys=0.00, real=0.05 secs] 
2011-03-01T02:23:49.738+0000: 4931.130: [GC 4931.130: [ParNew: 348625K->31151K(368640K), 0.0379220 secs] 8453701K->8136228K(12541952K), 0.0384330 secs] [Times: user=0.32 sys=0.00, real=0.04 secs] 
2011-03-01T02:23:50.525+0000: 4931.917: [GC 4931.917: [ParNew: 358831K->32515K(368640K), 0.0522340 secs] 8463908K->8143856K(12541952K), 0.0527200 secs] [Times: user=0.40 sys=0.00, real=0.05 secs] 
2011-03-01T02:23:51.219+0000: 4932.610: [GC 4932.610: [ParNew: 360195K->38612K(368640K), 0.0388120 secs] 8471536K->8156763K(12541952K), 0.0392860 secs] [Times: user=0.32 sys=0.00, real=0.04 secs] 
2011-03-01T02:23:51.972+0000: 4933.363: [GC 4933.363: [ParNew: 366292K->30529K(368640K), 0.0436030 secs] 8484443K->8161540K(12541952K), 0.0441500 secs] [Times: user=0.32 sys=0.00, real=0.05 secs] 
2011-03-01T02:23:52.762+0000: 4934.153: [GC 4934.153: [ParNew: 358209K->21385K(368640K), 0.0357570 secs] 8489220K->8160677K(12541952K), 0.0361000 secs] [Times: user=0.30 sys=0.00, real=0.04 secs] 
2011-03-01T02:23:53.433+0000: 4934.824: [GC 4934.824: [ParNew: 349065K->40960K(368640K), 0.0454960 secs] 8488357K->8180670K(12541952K), 0.0458550 secs] [Times: user=0.37 sys=0.00, real=0.04 secs] 
2011-03-01T02:23:54.187+0000: 4935.578: [GC 4935.579: [ParNew: 368640K->28103K(368640K), 0.0452830 secs] 8508350K->8192223K(12541952K), 0.0502930 secs] [Times: user=0.31 sys=0.00, real=0.05 secs] 
2011-03-01T02:23:54.703+0000: 4936.094: [GC 4936.095: [ParNew: 355783K->20556K(368640K), 0.0262560 secs] 8519903K->8184676K(12541952K), 0.0266660 secs] [Times: user=0.18 sys=0.00, real=0.02 secs] 
2011-03-01T02:23:55.117+0000: 4936.508: [GC 4936.509: [ParNew: 348236K->32482K(368640K), 0.0283950 secs] 8512356K->8196603K(12541952K), 0.0288700 secs] [Times: user=0.24 sys=0.00, real=0.03 secs] 
2011-03-01T02:23:55.584+0000: 4936.976: [GC 4936.976: [ParNew: 360162K->13510K(368640K), 0.0418240 secs] 8524283K->8185318K(12541952K), 0.0422970 secs] [Times: user=0.29 sys=0.00, real=0.04 secs] 
2011-03-01T02:23:55.985+0000: 4937.376: [GC 4937.376: [ParNew: 341190K->30022K(368640K), 0.0398420 secs] 8512998K->8201830K(12541952K), 0.0403110 secs] [Times: user=0.30 sys=0.00, real=0.04 secs] 
2011-03-01T02:23:56.386+0000: 4937.777: [GC 4937.777: [ParNew: 357702K->29970K(368640K), 0.0440200 secs] 8529510K->8208719K(12541952K), 0.0444890 secs] [Times: user=0.32 sys=0.00, real=0.04 secs] 
2011-03-01T02:23:56.794+0000: 4938.185: [GC 4938.186: [ParNew: 357650K->32780K(368640K), 0.0417370 secs] 8536399K->8215128K(12541952K), 0.0422020 secs] [Times: user=0.33 sys=0.00, real=0.04 secs] 
2011-03-01T02:23:57.211+0000: 4938.602: [GC 4938.602: [ParNew: 360460K->18942K(368640K), 0.0363750 secs] 8542808K->8207017K(12541952K), 0.0368420 secs] [Times: user=0.31 sys=0.00, real=0.04 secs] 
2011-03-01T02:23:57.656+0000: 4939.047: [GC 4939.047: [ParNew: 346580K->18792K(368640K), 0.0319590 secs] 8534655K->8206867K(12541952K), 0.0324290 secs] [Times: user=0.24 sys=0.00, real=0.03 secs] 
2011-03-01T02:23:58.092+0000: 4939.483: [GC 4939.483: [ParNew: 346472K->12575K(368640K), 0.0354970 secs] 8534547K->8205211K(12541952K), 0.0359700 secs] [Times: user=0.30 sys=0.01, real=0.04 secs] 
2011-03-01T02:23:58.510+0000: 4939.901: [GC 4939.901: [ParNew: 340255K->13311K(368640K), 0.0361090 secs] 8532891K->8209899K(12541952K), 0.0365760 secs] [Times: user=0.32 sys=0.00, real=0.04 secs] 
2011-03-01T02:23:59.145+0000: 4940.536: [GC 4940.537: [ParNew: 340991K->15762K(368640K), 0.0383450 secs] 8537579K->8213533K(12541952K), 0.0388150 secs] [Times: user=0.26 sys=0.00, real=0.04 secs] 
2011-03-01T02:23:59.849+0000: 4941.241: [GC 4941.241: [ParNew: 343442K->14223K(368640K), 0.0389010 secs] 8541213K->8214279K(12541952K), 0.0394130 secs] [Times: user=0.32 sys=0.00, real=0.04 secs] 
2011-03-01T02:24:00.518+0000: 4941.909: [GC 4941.909: [ParNew: 341903K->40960K(368640K), 0.0431640 secs] 8541959K->8243590K(12541952K), 0.0436900 secs] [Times: user=0.31 sys=0.00, real=0.04 secs] 
2011-03-01T02:24:01.248+0000: 4942.639: [GC 4942.639: [ParNew: 368640K->14171K(368640K), 0.0513540 secs] 8571270K->8237459K(12541952K), 0.0517700 secs] [Times: user=0.40 sys=0.00, real=0.05 secs] 
2011-03-01T02:24:02.885+0000: 4944.276: [GC 4944.277: [ParNew: 341851K->19718K(368640K), 0.0375210 secs] 8565139K->8243005K(12541952K), 0.0378760 secs] [Times: user=0.25 sys=0.00, real=0.04 secs] 
2011-03-01T02:24:04.325+0000: 4945.717: [GC 4945.717: [ParNew: 347398K->40960K(368640K), 0.0445500 secs] 8570685K->8265190K(12541952K), 0.0585890 secs] [Times: user=0.34 sys=0.00, real=0.06 secs] 
2011-03-01T02:24:05.690+0000: 4947.081: [GC 4947.082: [ParNew: 368614K->18120K(368640K), 0.0533580 secs] 8592845K->8267917K(12541952K), 0.0538570 secs] [Times: user=0.39 sys=0.00, real=0.06 secs] 
2011-03-01T02:24:06.645+0000: 4948.036: [GC 4948.037: [ParNew: 345800K->18372K(368640K), 0.0342820 secs] 8595597K->8268170K(12541952K), 0.0347800 secs] [Times: user=0.24 sys=0.00, real=0.03 secs] 
2011-03-01T02:24:09.210+0000: 4950.601: [GC 4950.601: [ParNew: 346052K->40960K(368640K), 0.0423940 secs] 8595850K->8292826K(12541952K), 0.0429020 secs] [Times: user=0.33 sys=0.00, real=0.05 secs] 
2011-03-01T02:24:11.444+0000: 4952.835: [GC 4952.836: [ParNew: 368640K->23537K(368640K), 0.0593510 secs] 8620506K->8298783K(12541952K), 0.0598180 secs] [Times: user=0.41 sys=0.00, real=0.06 secs] 
2011-03-01T02:24:13.583+0000: 4954.974: [GC 4954.974: [ParNew: 351217K->32845K(368640K), 0.0412390 secs] 8626463K->8308090K(12541952K), 0.0417170 secs] [Times: user=0.33 sys=0.00, real=0.05 secs] 
2011-03-01T02:24:16.078+0000: 4957.470: [GC 4957.470: [ParNew: 360525K->39141K(368640K), 0.0555510 secs] 8635770K->8326017K(12541952K), 0.0599580 secs] [Times: user=0.42 sys=0.00, real=0.06 secs] 
2011-03-01T02:24:16.142+0000: 4957.533: [GC [1 CMS-initial-mark: 8286875K(12173312K)] 8326570K(12541952K), 0.0329780 secs] [Times: user=0.04 sys=0.00, real=0.04 secs] 
2011-03-01T02:24:16.175+0000: 4957.566: [CMS-concurrent-mark-start]
2011-03-01T02:24:16.524+0000: 4957.915: [CMS-concurrent-mark: 0.349/0.349 secs] [Times: user=3.07 sys=0.18, real=0.35 secs] 
2011-03-01T02:24:16.524+0000: 4957.915: [CMS-concurrent-preclean-start]
2011-03-01T02:24:16.567+0000: 4957.959: [CMS-concurrent-preclean: 0.042/0.043 secs] [Times: user=0.06 sys=0.01, real=0.04 secs] 
2011-03-01T02:24:16.568+0000: 4957.959: [CMS-concurrent-abortable-preclean-start]
2011-03-01T02:24:18.541+0000: 4959.932: [GC 4959.932: [ParNew: 366821K->22039K(368640K), 0.0639240 secs] 8653697K->8334141K(12541952K), 0.0644230 secs] [Times: user=0.47 sys=0.01, real=0.07 secs] 
2011-03-01T02:24:19.264+0000: 4960.655: [CMS-concurrent-abortable-preclean: 2.601/2.696 secs] [Times: user=5.46 sys=1.00, real=2.70 secs] 
2011-03-01T02:24:19.266+0000: 4960.657: [GC[YG occupancy: 193548 K (368640 K)]4960.657: [Rescan (parallel) , 0.0307780 secs]4960.688: [weak refs processing, 0.0343310 secs] [1 CMS-remark: 8312102K(12173312K)] 8505650K(12541952K), 0.0654940 secs] [Times: user=0.27 sys=0.00, real=0.06 secs] 
2011-03-01T02:24:19.333+0000: 4960.724: [CMS-concurrent-sweep-start]
2011-03-01T02:24:20.043+0000: 4961.434: [GC 4961.435: [ParNew: 349719K->40960K(368640K), 0.0537300 secs] 8046410K->7745214K(12541952K), 0.0542020 secs] [Times: user=0.35 sys=0.00, real=0.05 secs] 
2011-03-01T02:24:22.165+0000: 4963.556: [GC 4963.556: [ParNew: 368640K->16295K(368640K), 0.0549320 secs] 7602042K->7271985K(12541952K), 0.0554050 secs] [Times: user=0.39 sys=0.00, real=0.05 secs] 
2011-03-01T02:24:24.469+0000: 4965.861: [GC 4965.861: [ParNew: 343975K->40960K(368640K), 0.0498870 secs] 6886820K->6591334K(12541952K), 0.0503460 secs] [Times: user=0.40 sys=0.00, real=0.05 secs] 
2011-03-01T02:24:26.176+0000: 4967.567: [GC 4967.568: [ParNew: 368640K->19227K(368640K), 0.0529090 secs] 6569461K->6241667K(12541952K), 0.0533730 secs] [Times: user=0.38 sys=0.00, real=0.05 secs] 
2011-03-01T02:24:27.565+0000: 4968.956: [GC 4968.957: [ParNew: 346907K->40960K(368640K), 0.0432520 secs] 6088155K->5782633K(12541952K), 0.0437140 secs] [Times: user=0.32 sys=0.00, real=0.04 secs] 
2011-03-01T02:24:29.036+0000: 4970.427: [GC 4970.427: [ParNew: 368640K->23080K(368640K), 0.0618430 secs] 5827817K->5506046K(12541952K), 0.0623060 secs] [Times: user=0.41 sys=0.00, real=0.06 secs] 
2011-03-01T02:24:30.216+0000: 4971.608: [GC 4971.608: [ParNew: 350760K->40960K(368640K), 0.0861920 secs] 5588228K->5306940K(12541952K), 0.0866520 secs] [Times: user=0.64 sys=0.00, real=0.09 secs] 
2011-03-01T02:24:31.686+0000: 4973.078: [GC 4973.078: [ParNew: 368640K->26042K(368640K), 0.0619070 secs] 5113981K->4793181K(12541952K), 0.0624220 secs] [Times: user=0.46 sys=0.00, real=0.06 secs] 
2011-03-01T02:24:32.895+0000: 4974.286: [GC 4974.287: [ParNew: 353722K->22397K(368640K), 0.0524170 secs] 4810877K->4494518K(12541952K), 0.0528770 secs] [Times: user=0.36 sys=0.01, real=0.05 secs] 
2011-03-01T02:24:34.335+0000: 4975.727: [GC 4975.727: [ParNew: 350077K->40960K(368640K), 0.0486610 secs] 4526300K->4217183K(12541952K), 0.0491090 secs] [Times: user=0.38 sys=0.00, real=0.05 secs] 
2011-03-01T02:24:35.181+0000: 4976.572: [GC 4976.572: [ParNew: 368483K->38114K(368640K), 0.0708360 secs] 4362300K->4059859K(12541952K), 0.0713190 secs] [Times: user=0.47 sys=0.00, real=0.07 secs] 
2011-03-01T02:24:35.662+0000: 4977.053: [GC 4977.054: [ParNew: 365794K->30316K(368640K), 0.0525980 secs] 4168888K->3847532K(12541952K), 0.0529990 secs] [Times: user=0.35 sys=0.00, real=0.05 secs] 
2011-03-01T02:24:35.987+0000: 4977.378: [GC 4977.378: [ParNew: 357996K->40960K(368640K), 0.0827330 secs] 4130759K->3847115K(12541952K), 0.0832140 secs] [Times: user=0.54 sys=0.02, real=0.08 secs] 
2011-03-01T02:24:36.339+0000: 4977.730: [GC 4977.730: [ParNew: 368640K->40960K(368640K), 0.0635010 secs] 4057488K->3747614K(12541952K), 0.0639530 secs] [Times: user=0.47 sys=0.00, real=0.07 secs] 
2011-03-01T02:24:36.730+0000: 4978.121: [GC 4978.121: [ParNew: 368640K->35160K(368640K), 0.0547860 secs] 3950745K->3635211K(12541952K), 0.0552450 secs] [Times: user=0.39 sys=0.01, real=0.06 secs] 
2011-03-01T02:24:37.174+0000: 4978.565: [GC 4978.565: [ParNew: 362840K->33772K(368640K), 0.0569690 secs] 3890676K->3573943K(12541952K), 0.0574460 secs] [Times: user=0.38 sys=0.01, real=0.05 secs] 
2011-03-01T02:24:37.467+0000: 4978.858: [GC 4978.859: [ParNew: 361452K->40960K(368640K), 0.0522730 secs] 3852979K->3547807K(12541952K), 0.0527260 secs] [Times: user=0.39 sys=0.01, real=0.05 secs] 
2011-03-01T02:24:37.688+0000: 4979.079: [GC 4979.080: [ParNew: 368640K->40960K(368640K), 0.0622760 secs] 3848121K->3608594K(12541952K), 0.0627310 secs] [Times: user=0.46 sys=0.00, real=0.06 secs] 
2011-03-01T02:24:38.055+0000: 4979.446: [GC 4979.446: [ParNew: 368640K->40960K(368640K), 0.0487240 secs] 3883132K->3569903K(12541952K), 0.0490780 secs] [Times: user=0.31 sys=0.00, real=0.05 secs] 
2011-03-01T02:24:38.473+0000: 4979.864: [GC 4979.864: [ParNew: 368640K->29294K(368640K), 0.0473250 secs] 3827446K->3498810K(12541952K), 0.0476760 secs] [Times: user=0.37 sys=0.00, real=0.04 secs] 
2011-03-01T02:24:38.971+0000: 4980.362: [GC 4980.363: [ParNew: 356974K->19532K(368640K), 0.0427780 secs] 3729328K->3403683K(12541952K), 0.0431220 secs] [Times: user=0.31 sys=0.00, real=0.05 secs] 
2011-03-01T02:24:39.550+0000: 4980.942: [GC 4980.942: [ParNew: 347212K->36287K(368640K), 0.0398910 secs] 3612167K->3301242K(12541952K), 0.0402390 secs] [Times: user=0.32 sys=0.00, real=0.04 secs] 
2011-03-01T02:24:40.204+0000: 4981.595: [GC 4981.595: [ParNew: 363967K->22489K(368640K), 0.0509170 secs] 3397215K->3071095K(12541952K), 0.0512670 secs] [Times: user=0.33 sys=0.00, real=0.05 secs] 
2011-03-01T02:24:40.811+0000: 4982.202: [GC 4982.202: [ParNew: 350169K->29857K(368640K), 0.0351350 secs] 3189816K->2869504K(12541952K), 0.0354780 secs] [Times: user=0.32 sys=0.00, real=0.04 secs] 
2011-03-01T02:24:41.455+0000: 4982.846: [GC 4982.846: [ParNew: 357537K->18141K(368640K), 0.0482130 secs] 3000877K->2668027K(12541952K), 0.0485750 secs] [Times: user=0.31 sys=0.00, real=0.05 secs] 
2011-03-01T02:24:42.075+0000: 4983.467: [GC 4983.467: [ParNew: 345821K->37486K(368640K), 0.0390810 secs] 2873299K->2564964K(12541952K), 0.0394230 secs] [Times: user=0.29 sys=0.00, real=0.04 secs] 
2011-03-01T02:24:42.728+0000: 4984.120: [GC 4984.120: [ParNew: 365166K->29689K(368640K), 0.0511730 secs] 2782127K->2465149K(12541952K), 0.0515190 secs] [Times: user=0.40 sys=0.00, real=0.05 secs] 
2011-03-01T02:24:44.156+0000: 4985.547: [GC 4985.547: [ParNew: 357369K->29427K(368640K), 0.0337120 secs] 2193092K->1865150K(12541952K), 0.0340580 secs] [Times: user=0.24 sys=0.00, real=0.03 secs] 
2011-03-01T02:24:44.919+0000: 4986.310: [CMS-concurrent-sweep: 23.918/25.586 secs] [Times: user=78.67 sys=17.94, real=25.58 secs] 
2011-03-01T02:24:44.919+0000: 4986.310: [CMS-concurrent-reset-start]
2011-03-01T02:24:44.949+0000: 4986.340: [CMS-concurrent-reset: 0.030/0.030 secs] [Times: user=0.10 sys=0.05, real=0.03 secs] 
2011-03-01T02:24:45.492+0000: 4986.883: [GC 4986.884: [ParNew: 357107K->40960K(368640K), 0.0445300 secs] 1740623K->1432037K(12541952K), 0.0448740 secs] [Times: user=0.37 sys=0.00, real=0.04 secs] 
2011-03-01T02:24:46.912+0000: 4988.304: [GC 4988.304: [ParNew: 368640K->20826K(368640K), 0.0502150 secs] 1759717K->1433290K(12541952K), 0.0507160 secs] [Times: user=0.36 sys=0.00, real=0.05 secs] 
2011-03-01T02:24:48.300+0000: 4989.691: [GC 4989.691: [ParNew: 348543K->40960K(368640K), 0.0398040 secs] 1761006K->1457245K(12541952K), 0.0402630 secs] [Times: user=0.32 sys=0.00, real=0.04 secs] 
2011-03-01T02:24:48.342+0000: 4989.733: [GC 4989.733: [ParNew: 41483K->11395K(368640K), 0.0388740 secs] 1457768K->1446180K(12541952K), 0.0391970 secs] [Times: user=0.29 sys=0.01, real=0.04 secs] 
2011-03-01T02:24:50.000+0000: 4991.392: [GC 4991.392: [ParNew: 339075K->27145K(368640K), 0.0276320 secs] 1773860K->1461930K(12541952K), 0.0279750 secs] [Times: user=0.24 sys=0.00, real=0.03 secs] 
2011-03-01T02:24:51.284+0000: 4992.675: [GC 4992.675: [ParNew: 354825K->28146K(368640K), 0.0405450 secs] 1789610K->1474653K(12541952K), 0.0408950 secs] [Times: user=0.24 sys=0.00, real=0.04 secs] 
2011-03-01T02:24:52.788+0000: 4994.179: [GC 4994.180: [ParNew: 355826K->25987K(368640K), 0.0382760 secs] 1802333K->1482309K(12541952K), 0.0386220 secs] [Times: user=0.30 sys=0.00, real=0.04 secs] 
2011-03-01T02:24:54.121+0000: 4995.512: [GC 4995.512: [ParNew: 353667K->23701K(368640K), 0.0380220 secs] 1809989K->1491871K(12541952K), 0.0383740 secs] [Times: user=0.31 sys=0.00, real=0.04 secs] 
2011-03-01T02:24:54.821+0000: 4996.212: [GC 4996.212: [ParNew: 351381K->14817K(368640K), 0.0339830 secs] 1819551K->1492925K(12541952K), 0.0343390 secs] [Times: user=0.24 sys=0.00, real=0.04 secs] 
2011-03-01T02:24:55.415+0000: 4996.807: [GC 4996.807: [ParNew: 342464K->26611K(368640K), 0.0262540 secs] 1820571K->1504719K(12541952K), 0.0266070 secs] [Times: user=0.16 sys=0.00, real=0.03 secs] 
2011-03-01T02:24:55.932+0000: 4997.323: [GC 4997.323: [ParNew: 354291K->27279K(368640K), 0.0321690 secs] 1832399K->1509336K(12541952K), 0.0325270 secs] [Times: user=0.21 sys=0.02, real=0.04 secs] 
2011-03-01T02:24:56.480+0000: 4997.871: [GC 4997.872: [ParNew: 354905K->24862K(368640K), 0.0269830 secs] 1836961K->1514618K(12541952K), 0.0273350 secs] [Times: user=0.23 sys=0.00, real=0.03 secs] 
2011-03-01T02:24:57.009+0000: 4998.400: [GC 4998.400: [ParNew: 352542K->24665K(368640K), 0.0262410 secs] 1842298K->1517092K(12541952K), 0.0266070 secs] [Times: user=0.23 sys=0.00, real=0.03 secs] 
2011-03-01T02:24:57.476+0000: 4998.867: [GC 4998.867: [ParNew: 352345K->6923K(368640K), 0.0225430 secs] 1844772K->1504241K(12541952K), 0.0228960 secs] [Times: user=0.16 sys=0.00, real=0.02 secs] 
2011-03-01T02:24:58.126+0000: 4999.518: [GC 4999.518: [ParNew: 334603K->14285K(368640K), 0.0251800 secs] 1831921K->1511602K(12541952K), 0.0255390 secs] [Times: user=0.16 sys=0.00, real=0.02 secs] 
2011-03-01T02:24:58.790+0000: 5000.181: [GC 5000.181: [ParNew: 341965K->37743K(368640K), 0.0279110 secs] 1839282K->1535061K(12541952K), 0.0282640 secs] [Times: user=0.22 sys=0.02, real=0.03 secs] 
2011-03-01T02:24:59.466+0000: 5000.857: [GC 5000.857: [ParNew: 365389K->16479K(368640K), 0.0310340 secs] 1862707K->1521321K(12541952K), 0.0313930 secs] [Times: user=0.23 sys=0.00, real=0.03 secs] 
2011-03-01T02:25:00.098+0000: 5001.489: [GC 5001.489: [ParNew: 344159K->40960K(368640K), 0.0671610 secs] 1849001K->1548738K(12541952K), 0.0675120 secs] [Times: user=0.53 sys=0.00, real=0.07 secs] 
2011-03-01T02:25:00.645+0000: 5002.036: [GC 5002.037: [ParNew: 368640K->25105K(368640K), 0.0667140 secs] 1876418K->1563568K(12541952K), 0.0670710 secs] [Times: user=0.47 sys=0.01, real=0.07 secs] 
2011-03-01T02:25:01.779+0000: 5003.170: [GC 5003.171: [ParNew: 352785K->21452K(368640K), 0.0381050 secs] 1891248K->1568458K(12541952K), 0.0385200 secs] [Times: user=0.31 sys=0.01, real=0.04 secs] 
2011-03-01T02:25:02.392+0000: 5003.783: [GC 5003.783: [ParNew: 349106K->24406K(368640K), 0.0281190 secs] 1896111K->1571411K(12541952K), 0.0284710 secs] [Times: user=0.22 sys=0.00, real=0.03 secs] 
2011-03-01T02:25:02.922+0000: 5004.313: [GC 5004.313: [ParNew: 352034K->19765K(368640K), 0.0323130 secs] 1899040K->1575497K(12541952K), 0.0326630 secs] [Times: user=0.24 sys=0.00, real=0.04 secs] 
2011-03-01T02:25:04.676+0000: 5006.068: [GC 5006.068: [ParNew: 347445K->24639K(368640K), 0.0297030 secs] 1903177K->1580371K(12541952K), 0.0300610 secs] [Times: user=0.24 sys=0.00, real=0.03 secs] 
2011-03-01T02:25:06.769+0000: 5008.161: [GC 5008.161: [ParNew: 352319K->40960K(368640K), 0.0409750 secs] 1908051K->1602366K(12541952K), 0.0413260 secs] [Times: user=0.32 sys=0.00, real=0.04 secs] 
2011-03-01T02:25:09.189+0000: 5010.580: [GC 5010.581: [ParNew: 368640K->26780K(368640K), 0.0470330 secs] 1930046K->1603925K(12541952K), 0.0475090 secs] [Times: user=0.34 sys=0.00, real=0.05 secs] 
2011-03-01T02:25:11.608+0000: 5012.999: [GC 5012.999: [ParNew: 354460K->35022K(368640K), 0.0394330 secs] 1931605K->1620453K(12541952K), 0.0399070 secs] [Times: user=0.29 sys=0.00, real=0.04 secs] 
2011-03-01T02:25:13.604+0000: 5014.995: [GC 5014.995: [ParNew: 362702K->35349K(368640K), 0.0402590 secs] 1948133K->1631522K(12541952K), 0.0407840 secs] [Times: user=0.29 sys=0.00, real=0.04 secs] 
2011-03-01T02:25:16.072+0000: 5017.463: [GC 5017.463: [ParNew: 363029K->9798K(368640K), 0.0378260 secs] 1959202K->1616696K(12541952K), 0.0383040 secs] [Times: user=0.31 sys=0.00, real=0.04 secs] 
2011-03-01T02:25:18.222+0000: 5019.613: [GC 5019.614: [ParNew: 337478K->29947K(368640K), 0.0355170 secs] 1944376K->1636846K(12541952K), 0.0359890 secs] [Times: user=0.29 sys=0.00, real=0.03 secs] 
2011-03-01T02:25:19.676+0000: 5021.067: [GC 5021.068: [ParNew: 357627K->40960K(368640K), 0.0533520 secs] 1964526K->1664316K(12541952K), 0.0538280 secs] [Times: user=0.37 sys=0.00, real=0.05 secs] 
2011-03-01T02:25:21.280+0000: 5022.671: [GC 5022.671: [ParNew: 368640K->24888K(368640K), 0.0419240 secs] 1991996K->1659963K(12541952K), 0.0422740 secs] [Times: user=0.31 sys=0.01, real=0.04 secs] 
2011-03-01T02:25:23.748+0000: 5025.139: [GC 5025.139: [ParNew: 352568K->26530K(368640K), 0.0401980 secs] 1987643K->1670672K(12541952K), 0.0405450 secs] [Times: user=0.31 sys=0.00, real=0.04 secs] 
2011-03-01T02:25:25.717+0000: 5027.108: [GC 5027.108: [ParNew: 354210K->40960K(368640K), 0.0430170 secs] 1998352K->1693774K(12541952K), 0.0433660 secs] [Times: user=0.31 sys=0.01, real=0.04 secs] 
2011-03-01T02:25:27.146+0000: 5028.537: [GC 5028.537: [ParNew: 368640K->25516K(368640K), 0.0417000 secs] 2021454K->1691316K(12541952K), 0.0420480 secs] [Times: user=0.29 sys=0.00, real=0.04 secs] 
2011-03-01T02:25:28.393+0000: 5029.785: [GC 5029.785: [ParNew: 353196K->35854K(368640K), 0.0470580 secs] 2018996K->1710913K(12541952K), 0.0474080 secs] [Times: user=0.35 sys=0.01, real=0.04 secs] 
2011-03-01T02:25:29.823+0000: 5031.214: [GC 5031.215: [ParNew: 363534K->21883K(368640K), 0.0417580 secs] 2038593K->1708283K(12541952K), 0.0421180 secs] [Times: user=0.27 sys=0.01, real=0.04 secs] 
2011-03-01T02:25:31.214+0000: 5032.605: [GC 5032.606: [ParNew: 349563K->40960K(368640K), 0.0399270 secs] 2035963K->1729493K(12541952K), 0.0402690 secs] [Times: user=0.28 sys=0.00, real=0.04 secs] 
2011-03-01T02:25:32.591+0000: 5033.982: [GC 5033.982: [ParNew: 368630K->37601K(368640K), 0.0501590 secs] 2057164K->1744429K(12541952K), 0.0505080 secs] [Times: user=0.40 sys=0.00, real=0.05 secs] 
2011-03-01T02:25:34.086+0000: 5035.477: [GC 5035.477: [ParNew: 365281K->28976K(368640K), 0.0426740 secs] 2072109K->1747238K(12541952K), 0.0430220 secs] [Times: user=0.33 sys=0.00, real=0.04 secs] 
2011-03-01T02:25:35.073+0000: 5036.464: [GC 5036.465: [ParNew: 356656K->40960K(368640K), 0.0461150 secs] 2074918K->1769121K(12541952K), 0.0464690 secs] [Times: user=0.34 sys=0.00, real=0.04 secs] 
2011-03-01T02:25:35.660+0000: 5037.051: [GC 5037.052: [ParNew: 368640K->26231K(368640K), 0.0499810 secs] 2096801K->1768858K(12541952K), 0.0503320 secs] [Times: user=0.39 sys=0.00, real=0.05 secs] 
2011-03-01T02:25:36.040+0000: 5037.431: [GC 5037.431: [ParNew: 353911K->39968K(368640K), 0.0551410 secs] 2096538K->1794629K(12541952K), 0.0555100 secs] [Times: user=0.33 sys=0.03, real=0.06 secs] 
2011-03-01T02:25:36.394+0000: 5037.785: [GC 5037.785: [ParNew: 367648K->40960K(368640K), 0.1076900 secs] 2122309K->1831910K(12541952K), 0.1080430 secs] [Times: user=0.73 sys=0.01, real=0.10 secs] 
2011-03-01T02:25:36.725+0000: 5038.116: [GC 5038.117: [ParNew: 368640K->40960K(368640K), 0.0623680 secs] 2159590K->1846658K(12541952K), 0.0627680 secs] [Times: user=0.41 sys=0.01, real=0.06 secs] 
2011-03-01T02:25:37.100+0000: 5038.492: [GC 5038.492: [ParNew: 368640K->40960K(368640K), 0.0515690 secs] 2174373K->1863130K(12541952K), 0.0520240 secs] [Times: user=0.40 sys=0.00, real=0.06 secs] 
2011-03-01T02:25:37.161+0000: 5038.552: [GC 5038.552: [ParNew: 60199K->31829K(368640K), 0.0402870 secs] 1882370K->1874631K(12541952K), 0.0407120 secs] [Times: user=0.30 sys=0.00, real=0.04 secs] 
2011-03-01T02:25:37.392+0000: 5038.783: [GC 5038.784: [ParNew: 359509K->40960K(368640K), 0.0552160 secs] 2202311K->1895541K(12541952K), 0.0556850 secs] [Times: user=0.38 sys=0.00, real=0.05 secs] 
2011-03-01T02:25:37.666+0000: 5039.058: [GC 5039.058: [ParNew: 368640K->40960K(368640K), 0.0697630 secs] 2223221K->1943940K(12541952K), 0.0701090 secs] [Times: user=0.48 sys=0.00, real=0.07 secs] 
2011-03-01T02:25:38.239+0000: 5039.630: [GC 5039.630: [ParNew: 368640K->31427K(368640K), 0.0373710 secs] 2271620K->1945429K(12541952K), 0.0377150 secs] [Times: user=0.25 sys=0.00, real=0.04 secs] 
2011-03-01T02:25:38.781+0000: 5040.172: [GC 5040.173: [ParNew: 359107K->28469K(368640K), 0.0311820 secs] 2273109K->1952833K(12541952K), 0.0315260 secs] [Times: user=0.24 sys=0.00, real=0.04 secs] 
2011-03-01T02:25:40.112+0000: 5041.504: [GC 5041.504: [ParNew: 356149K->22580K(368640K), 0.0363770 secs] 2280513K->1953230K(12541952K), 0.0367210 secs] [Times: user=0.28 sys=0.00, real=0.03 secs] 
2011-03-01T02:25:41.402+0000: 5042.793: [GC 5042.793: [ParNew: 350260K->24568K(368640K), 0.0393640 secs] 2280910K->1963478K(12541952K), 0.0397060 secs] [Times: user=0.28 sys=0.00, real=0.04 secs] 
2011-03-01T02:25:42.774+0000: 5044.165: [GC 5044.165: [ParNew: 352248K->21250K(368640K), 0.0358090 secs] 2291158K->1968399K(12541952K), 0.0361510 secs] [Times: user=0.26 sys=0.00, real=0.03 secs] 
2011-03-01T02:25:44.050+0000: 5045.441: [GC 5045.441: [ParNew: 348930K->40960K(368640K), 0.0315330 secs] 2296079K->1989232K(12541952K), 0.0318740 secs] [Times: user=0.24 sys=0.00, real=0.03 secs] 
2011-03-01T02:25:45.747+0000: 5047.138: [GC 5047.138: [ParNew: 368640K->12965K(368640K), 0.0465210 secs] 2316912K->1977926K(12541952K), 0.0468700 secs] [Times: user=0.31 sys=0.01, real=0.05 secs] 
2011-03-01T02:25:46.934+0000: 5048.325: [GC 5048.325: [ParNew: 340645K->40960K(368640K), 0.0380430 secs] 2305606K->2013779K(12541952K), 0.0383910 secs] [Times: user=0.25 sys=0.01, real=0.04 secs] 
2011-03-01T02:25:48.250+0000: 5049.641: [GC 5049.642: [ParNew: 368640K->17030K(368640K), 0.0384930 secs] 2341459K->2001728K(12541952K), 0.0388450 secs] [Times: user=0.28 sys=0.00, real=0.04 secs] 
2011-03-01T02:25:50.044+0000: 5051.435: [GC 5051.435: [ParNew: 344710K->30613K(368640K), 0.0299930 secs] 2329408K->2015311K(12541952K), 0.0304770 secs] [Times: user=0.22 sys=0.02, real=0.03 secs] 
2011-03-01T02:25:51.311+0000: 5052.702: [GC 5052.702: [ParNew: 358293K->35858K(368640K), 0.0421020 secs] 2342991K->2027750K(12541952K), 0.0425630 secs] [Times: user=0.30 sys=0.00, real=0.05 secs] 
2011-03-01T02:25:52.744+0000: 5054.136: [GC 5054.136: [ParNew: 363538K->40687K(368640K), 0.0411080 secs] 2355430K->2038726K(12541952K), 0.0415640 secs] [Times: user=0.27 sys=0.01, real=0.04 secs] 
2011-03-01T02:25:54.143+0000: 5055.534: [GC 5055.534: [ParNew: 368367K->12189K(368640K), 0.0506130 secs] 2366406K->2026717K(12541952K), 0.0510770 secs] [Times: user=0.28 sys=0.00, real=0.05 secs] 
2011-03-01T02:25:54.769+0000: 5056.160: [GC 5056.160: [ParNew: 339869K->24413K(368640K), 0.0275120 secs] 2354397K->2038941K(12541952K), 0.0279840 secs] [Times: user=0.23 sys=0.00, real=0.03 secs] 
2011-03-01T02:25:55.359+0000: 5056.750: [GC 5056.750: [ParNew: 352093K->27712K(368640K), 0.0378150 secs] 2366621K->2046404K(12541952K), 0.0381730 secs] [Times: user=0.25 sys=0.00, real=0.04 secs] 
2011-03-01T02:25:55.835+0000: 5057.226: [GC 5057.226: [ParNew: 355392K->21783K(368640K), 0.0316360 secs] 2374084K->2044684K(12541952K), 0.0319890 secs] [Times: user=0.19 sys=0.00, real=0.03 secs] 
2011-03-01T02:25:56.359+0000: 5057.750: [GC 5057.750: [ParNew: 349463K->31989K(368640K), 0.0247150 secs] 2372364K->2054890K(12541952K), 0.0250740 secs] [Times: user=0.20 sys=0.00, real=0.03 secs] 
2011-03-01T02:25:56.887+0000: 5058.279: [GC 5058.279: [ParNew: 359669K->25948K(368640K), 0.0302790 secs] 2382570K->2052667K(12541952K), 0.0306350 secs] [Times: user=0.21 sys=0.00, real=0.03 secs] 
2011-03-01T02:25:57.425+0000: 5058.816: [GC 5058.817: [ParNew: 353628K->7790K(368640K), 0.0282060 secs] 2380347K->2038199K(12541952K), 0.0285600 secs] [Times: user=0.16 sys=0.00, real=0.03 secs] 
2011-03-01T02:25:58.288+0000: 5059.680: [GC 5059.680: [ParNew: 335470K->20124K(368640K), 0.0256600 secs] 2365879K->2050532K(12541952K), 0.0260100 secs] [Times: user=0.20 sys=0.00, real=0.03 secs] 
2011-03-01T02:25:59.831+0000: 5061.222: [GC 5061.222: [ParNew: 347804K->31462K(368640K), 0.0315220 secs] 2378212K->2063131K(12541952K), 0.0318760 secs] [Times: user=0.24 sys=0.00, real=0.04 secs] 
2011-03-01T02:26:00.675+0000: 5062.067: [GC 5062.067: [ParNew: 359142K->34666K(368640K), 0.0398680 secs] 2390811K->2072022K(12541952K), 0.0402250 secs] [Times: user=0.25 sys=0.00, real=0.04 secs] 
2011-03-01T02:26:01.562+0000: 5062.953: [GC 5062.953: [ParNew: 360945K->21454K(368640K), 0.0370300 secs] 2398301K->2066071K(12541952K), 0.0373860 secs] [Times: user=0.26 sys=0.01, real=0.04 secs] 
2011-03-01T02:26:02.241+0000: 5063.632: [GC 5063.632: [ParNew: 349073K->29856K(368640K), 0.0279860 secs] 2393690K->2074474K(12541952K), 0.0283570 secs] [Times: user=0.24 sys=0.00, real=0.03 secs] 
2011-03-01T02:26:03.135+0000: 5064.526: [GC 5064.526: [ParNew: 357524K->34655K(368640K), 0.0380740 secs] 2402142K->2084879K(12541952K), 0.0384630 secs] [Times: user=0.25 sys=0.00, real=0.04 secs] 
2011-03-01T02:26:03.703+0000: 5065.094: [GC 5065.094: [ParNew: 362335K->23384K(368640K), 0.0321700 secs] 2412559K->2078128K(12541952K), 0.0325220 secs] [Times: user=0.22 sys=0.00, real=0.03 secs] 
2011-03-01T02:26:04.392+0000: 5065.783: [GC 5065.784: [ParNew: 351047K->30603K(368640K), 0.0267080 secs] 2405792K->2085347K(12541952K), 0.0270630 secs] [Times: user=0.21 sys=0.00, real=0.03 secs] 
2011-03-01T02:26:06.043+0000: 5067.434: [GC 5067.434: [ParNew: 358283K->35899K(368640K), 0.0321340 secs] 2413027K->2093856K(12541952K), 0.0324930 secs] [Times: user=0.22 sys=0.00, real=0.03 secs] 
2011-03-01T02:26:08.767+0000: 5070.158: [GC 5070.159: [ParNew: 363579K->26265K(368640K), 0.0475890 secs] 2421536K->2095316K(12541952K), 0.0480910 secs] [Times: user=0.31 sys=0.00, real=0.05 secs] 
2011-03-01T02:26:11.200+0000: 5072.592: [GC 5072.592: [ParNew: 353945K->40960K(368640K), 0.0317530 secs] 2422996K->2110150K(12541952K), 0.0322110 secs] [Times: user=0.25 sys=0.00, real=0.04 secs] 
2011-03-01T02:26:13.694+0000: 5075.086: [GC 5075.086: [ParNew: 368640K->27867K(368640K), 0.0499640 secs] 2437830K->2111212K(12541952K), 0.0503200 secs] [Times: user=0.27 sys=0.01, real=0.05 secs] 
2011-03-01T02:26:15.711+0000: 5077.103: [GC 5077.103: [ParNew: 355547K->23003K(368640K), 0.0364840 secs] 2438892K->2114683K(12541952K), 0.0368310 secs] [Times: user=0.24 sys=0.00, real=0.04 secs] 
2011-03-01T02:26:18.055+0000: 5079.446: [GC 5079.447: [ParNew: 350683K->40960K(368640K), 0.0539920 secs] 2442363K->2141020K(12541952K), 0.0544070 secs] [Times: user=0.31 sys=0.00, real=0.05 secs] 
2011-03-01T02:26:19.447+0000: 5080.838: [GC 5080.839: [ParNew: 368640K->6334K(368640K), 0.0385160 secs] 2468700K->2116559K(12541952K), 0.0389610 secs] [Times: user=0.25 sys=0.00, real=0.04 secs] 
2011-03-01T02:26:21.228+0000: 5082.620: [GC 5082.620: [ParNew: 334014K->40960K(368640K), 0.0346820 secs] 2444239K->2153480K(12541952K), 0.0351430 secs] [Times: user=0.25 sys=0.00, real=0.04 secs] 
2011-03-01T02:26:23.337+0000: 5084.728: [GC 5084.728: [ParNew: 368640K->27768K(368640K), 0.0521950 secs] 2481160K->2153946K(12541952K), 0.0525400 secs] [Times: user=0.33 sys=0.00, real=0.05 secs] 
2011-03-01T02:26:25.571+0000: 5086.962: [GC 5086.962: [ParNew: 355448K->26721K(368640K), 0.0529300 secs] 2481626K->2176968K(12541952K), 0.0532820 secs] [Times: user=0.35 sys=0.01, real=0.06 secs] 
2011-03-01T02:26:26.836+0000: 5088.227: [GC 5088.227: [ParNew: 354401K->8278K(368640K), 0.0367200 secs] 2504648K->2168634K(12541952K), 0.0370830 secs] [Times: user=0.24 sys=0.00, real=0.04 secs] 
2011-03-01T02:26:28.296+0000: 5089.687: [GC 5089.687: [ParNew: 336117K->30000K(368640K), 0.0301110 secs] 2496473K->2190356K(12541952K), 0.0304490 secs] [Times: user=0.24 sys=0.00, real=0.03 secs] 
2011-03-01T02:26:28.328+0000: 5089.719: [GC 5089.719: [ParNew: 30501K->11790K(368640K), 0.0457180 secs] 2190857K->2192298K(12541952K), 0.0460000 secs] [Times: user=0.26 sys=0.00, real=0.05 secs] 
2011-03-01T02:26:29.451+0000: 5090.842: [GC 5090.843: [ParNew: 339470K->7766K(368640K), 0.0245300 secs] 2519978K->2188274K(12541952K), 0.0248880 secs] [Times: user=0.24 sys=0.00, real=0.03 secs] 
2011-03-01T02:26:31.124+0000: 5092.516: [GC 5092.516: [ParNew: 335446K->34703K(368640K), 0.0312030 secs] 2515954K->2215211K(12541952K), 0.0315480 secs] [Times: user=0.26 sys=0.01, real=0.03 secs] 
2011-03-01T02:26:32.489+0000: 5093.880: [GC 5093.880: [ParNew: 362383K->19482K(368640K), 0.0444290 secs] 2542891K->2214921K(12541952K), 0.0447920 secs] [Times: user=0.31 sys=0.02, real=0.05 secs] 
2011-03-01T02:26:33.843+0000: 5095.235: [GC 5095.235: [ParNew: 347162K->38179K(368640K), 0.0336180 secs] 2542601K->2233618K(12541952K), 0.0339710 secs] [Times: user=0.27 sys=0.00, real=0.03 secs] 
2011-03-01T02:26:35.098+0000: 5096.489: [GC 5096.489: [ParNew: 365898K->11837K(368640K), 0.0442480 secs] 2561337K->2223811K(12541952K), 0.0445930 secs] [Times: user=0.32 sys=0.00, real=0.05 secs] 
2011-03-01T02:26:36.758+0000: 5098.149: [GC 5098.149: [ParNew: 339517K->34199K(368640K), 0.0345770 secs] 2551491K->2246172K(12541952K), 0.0349280 secs] [Times: user=0.24 sys=0.00, real=0.04 secs] 
2011-03-01T02:26:37.765+0000: 5099.156: [GC 5099.156: [ParNew: 361879K->13920K(368640K), 0.0508110 secs] 2573852K->2240525K(12541952K), 0.0511560 secs] [Times: user=0.33 sys=0.00, real=0.05 secs] 
2011-03-01T02:26:38.091+0000: 5099.482: [GC 5099.483: [ParNew: 341600K->40960K(368640K), 0.0570720 secs] 2568205K->2353593K(12541952K), 0.0575430 secs] [Times: user=0.41 sys=0.00, real=0.06 secs] 
2011-03-01T02:26:38.569+0000: 5099.960: [GC 5099.960: [ParNew: 368640K->13120K(368640K), 0.0451070 secs] 2681273K->2346582K(12541952K), 0.0454530 secs] [Times: user=0.33 sys=0.00, real=0.05 secs] 
2011-03-01T02:26:38.915+0000: 5100.306: [GC 5100.306: [ParNew: 340800K->40960K(368640K), 0.0407540 secs] 2674262K->2374438K(12541952K), 0.0410950 secs] [Times: user=0.32 sys=0.00, real=0.04 secs] 
2011-03-01T02:26:39.132+0000: 5100.524: [GC 5100.524: [ParNew: 368640K->40960K(368640K), 0.0855360 secs] 2702118K->2462861K(12541952K), 0.0860750 secs] [Times: user=0.53 sys=0.01, real=0.08 secs] 
2011-03-01T02:26:39.411+0000: 5100.802: [GC 5100.802: [ParNew: 368640K->39905K(368640K), 0.0598690 secs] 2790541K->2488133K(12541952K), 0.0603640 secs] [Times: user=0.39 sys=0.01, real=0.06 secs] 
2011-03-01T02:26:39.700+0000: 5101.091: [GC 5101.092: [ParNew: 367585K->33236K(368640K), 0.0479320 secs] 2815813K->2494991K(12541952K), 0.0483960 secs] [Times: user=0.34 sys=0.00, real=0.05 secs] 
2011-03-01T02:26:40.072+0000: 5101.463: [GC 5101.463: [ParNew: 360916K->40960K(368640K), 0.0687450 secs] 2822671K->2516724K(12541952K), 0.0692070 secs] [Times: user=0.47 sys=0.02, real=0.07 secs] 
2011-03-01T02:26:40.334+0000: 5101.725: [GC 5101.725: [ParNew: 368640K->40960K(368640K), 0.0731130 secs] 2844404K->2537071K(12541952K), 0.0734700 secs] [Times: user=0.50 sys=0.01, real=0.07 secs] 
2011-03-01T02:26:40.601+0000: 5101.992: [GC 5101.993: [ParNew: 368640K->40960K(368640K), 0.0831650 secs] 2864751K->2568939K(12541952K), 0.0835490 secs] [Times: user=0.60 sys=0.02, real=0.09 secs] 
2011-03-01T02:26:40.971+0000: 5102.362: [GC 5102.362: [ParNew: 368640K->40001K(368640K), 0.0430850 secs] 2896619K->2585240K(12541952K), 0.0434420 secs] [Times: user=0.32 sys=0.00, real=0.05 secs] 
2011-03-01T02:26:41.593+0000: 5102.984: [GC 5102.985: [ParNew: 367681K->13564K(368640K), 0.0308330 secs] 2912920K->2558803K(12541952K), 0.0311270 secs] [Times: user=0.22 sys=0.01, real=0.03 secs] 
2011-03-01T02:26:42.198+0000: 5103.589: [GC 5103.589: [ParNew: 341244K->22050K(368640K), 0.0358030 secs] 2886483K->2567289K(12541952K), 0.0360920 secs] [Times: user=0.28 sys=0.00, real=0.04 secs] 
2011-03-01T02:26:42.808+0000: 5104.199: [GC 5104.200: [ParNew: 349730K->20238K(368640K), 0.0406750 secs] 2894969K->2565478K(12541952K), 0.0409620 secs] [Times: user=0.32 sys=0.00, real=0.04 secs] 
2011-03-01T02:26:45.856+0000: 5107.247: [GC 5107.247: [ParNew: 347918K->26945K(368640K), 0.0561480 secs] 2893158K->2580392K(12541952K), 0.0564780 secs] [Times: user=0.40 sys=0.00, real=0.06 secs] 
2011-03-01T02:26:46.770+0000: 5108.161: [GC 5108.161: [ParNew: 354625K->40960K(368640K), 0.0783300 secs] 2908072K->2614886K(12541952K), 0.0786860 secs] [Times: user=0.56 sys=0.00, real=0.08 secs] 
2011-03-01T02:26:47.249+0000: 5108.640: [GC 5108.640: [ParNew: 368640K->40960K(368640K), 0.0836190 secs] 2942584K->2644439K(12541952K), 0.0840450 secs] [Times: user=0.56 sys=0.00, real=0.09 secs] 
2011-03-01T02:26:47.341+0000: 5108.732: [GC 5108.733: [ParNew: 58870K->27756K(368640K), 0.0551200 secs] 2662349K->2659418K(12541952K), 0.0554640 secs] [Times: user=0.40 sys=0.00, real=0.06 secs] 
2011-03-01T02:26:47.669+0000: 5109.060: [GC 5109.060: [ParNew: 355436K->40960K(368640K), 0.0538630 secs] 2987098K->2680956K(12541952K), 0.0542230 secs] [Times: user=0.40 sys=0.00, real=0.06 secs] 
2011-03-01T02:26:48.063+0000: 5109.454: [GC 5109.454: [ParNew: 368640K->40960K(368640K), 0.1121130 secs] 3008636K->2718850K(12541952K), 0.1124850 secs] [Times: user=0.77 sys=0.00, real=0.11 secs] 
2011-03-01T02:26:48.484+0000: 5109.875: [GC 5109.876: [ParNew: 368640K->40960K(368640K), 0.0563280 secs] 3046530K->2734287K(12541952K), 0.0566780 secs] [Times: user=0.42 sys=0.00, real=0.05 secs] 
2011-03-01T02:26:49.610+0000: 5111.001: [GC 5111.001: [ParNew: 368640K->35368K(368640K), 0.0562690 secs] 3061967K->2747476K(12541952K), 0.0566180 secs] [Times: user=0.41 sys=0.00, real=0.06 secs] 
2011-03-01T02:26:51.134+0000: 5112.526: [GC 5112.526: [ParNew: 363048K->40960K(368640K), 0.0482050 secs] 3075156K->2768396K(12541952K), 0.0485530 secs] [Times: user=0.33 sys=0.00, real=0.05 secs] 
2011-03-01T02:26:52.507+0000: 5113.899: [GC 5113.899: [ParNew: 368640K->17935K(368640K), 0.0425670 secs] 3096076K->2759553K(12541952K), 0.0429170 secs] [Times: user=0.31 sys=0.01, real=0.04 secs] 
2011-03-01T02:26:53.577+0000: 5114.968: [GC 5114.968: [ParNew: 345615K->40960K(368640K), 0.0439350 secs] 3087233K->2800621K(12541952K), 0.0442820 secs] [Times: user=0.31 sys=0.01, real=0.04 secs] 
2011-03-01T02:26:54.497+0000: 5115.888: [GC 5115.888: [ParNew: 368620K->21696K(368640K), 0.0476240 secs] 3128282K->2807630K(12541952K), 0.0479830 secs] [Times: user=0.32 sys=0.00, real=0.05 secs] 
2011-03-01T02:26:55.028+0000: 5116.419: [GC 5116.419: [ParNew: 349376K->14985K(368640K), 0.0307530 secs] 3135310K->2810596K(12541952K), 0.0328320 secs] [Times: user=0.24 sys=0.00, real=0.03 secs] 
2011-03-01T02:26:55.532+0000: 5116.923: [GC 5116.923: [ParNew: 342665K->10124K(368640K), 0.0230380 secs] 3138276K->2805735K(12541952K), 0.0233990 secs] [Times: user=0.20 sys=0.00, real=0.03 secs] 
2011-03-01T02:26:56.157+0000: 5117.548: [GC 5117.548: [ParNew: 337804K->16102K(368640K), 0.0234850 secs] 3133415K->2811713K(12541952K), 0.0238410 secs] [Times: user=0.16 sys=0.00, real=0.02 secs] 
2011-03-01T02:26:56.757+0000: 5118.148: [GC 5118.148: [ParNew: 343782K->32949K(368640K), 0.0280790 secs] 3139393K->2828560K(12541952K), 0.0284320 secs] [Times: user=0.22 sys=0.00, real=0.03 secs] 
2011-03-01T02:26:57.225+0000: 5118.616: [GC 5118.616: [ParNew: 360629K->40960K(368640K), 0.0399980 secs] 3156240K->2846595K(12541952K), 0.0403540 secs] [Times: user=0.26 sys=0.01, real=0.04 secs] 
2011-03-01T02:26:57.829+0000: 5119.220: [GC 5119.220: [ParNew: 368640K->10246K(368640K), 0.0352740 secs] 3174275K->2827459K(12541952K), 0.0356290 secs] [Times: user=0.23 sys=0.00, real=0.04 secs] 
2011-03-01T02:26:58.442+0000: 5119.833: [GC 5119.833: [ParNew: 337926K->7171K(368640K), 0.0267990 secs] 3155139K->2824384K(12541952K), 0.0271470 secs] [Times: user=0.20 sys=0.00, real=0.03 secs] 
2011-03-01T02:26:59.240+0000: 5120.631: [GC 5120.631: [ParNew: 334851K->16579K(368640K), 0.0243570 secs] 3152064K->2833792K(12541952K), 0.0247110 secs] [Times: user=0.22 sys=0.00, real=0.03 secs] 
2011-03-01T02:26:59.923+0000: 5121.315: [GC 5121.315: [ParNew: 344227K->17890K(368640K), 0.0261670 secs] 3161440K->2835103K(12541952K), 0.0266560 secs] [Times: user=0.17 sys=0.00, real=0.03 secs] 
2011-03-01T02:27:00.408+0000: 5121.799: [GC 5121.799: [ParNew: 345560K->24075K(368640K), 0.0291890 secs] 3162773K->2842897K(12541952K), 0.0295460 secs] [Times: user=0.24 sys=0.00, real=0.03 secs] 
2011-03-01T02:27:00.791+0000: 5122.183: [GC 5122.183: [ParNew: 351755K->40960K(368640K), 0.0372640 secs] 3170577K->2869794K(12541952K), 0.0376210 secs] [Times: user=0.28 sys=0.02, real=0.04 secs] 
2011-03-01T02:27:01.320+0000: 5122.711: [GC 5122.711: [ParNew: 368602K->16226K(368640K), 0.0528190 secs] 3197436K->2862754K(12541952K), 0.0531800 secs] [Times: user=0.35 sys=0.00, real=0.06 secs] 
2011-03-01T02:27:03.067+0000: 5124.458: [GC 5124.458: [ParNew: 343906K->29332K(368640K), 0.0278050 secs] 3190434K->2875860K(12541952K), 0.0281830 secs] [Times: user=0.23 sys=0.01, real=0.03 secs] 
2011-03-01T02:27:05.442+0000: 5126.834: [GC 5126.834: [ParNew: 357012K->40610K(368640K), 0.0442370 secs] 3203540K->2904631K(12541952K), 0.0578050 secs] [Times: user=0.32 sys=0.00, real=0.05 secs] 
2011-03-01T02:27:07.829+0000: 5129.220: [GC 5129.221: [ParNew: 368290K->16110K(368640K), 0.0435990 secs] 3232311K->2894341K(12541952K), 0.0439550 secs] [Times: user=0.29 sys=0.00, real=0.05 secs] 
2011-03-01T02:27:10.211+0000: 5131.602: [GC 5131.602: [ParNew: 343790K->40960K(368640K), 0.0420340 secs] 3222021K->2928357K(12541952K), 0.0423900 secs] [Times: user=0.32 sys=0.00, real=0.05 secs] 
2011-03-01T02:27:12.390+0000: 5133.781: [GC 5133.781: [ParNew: 368640K->11943K(368640K), 0.0418220 secs] 3256037K->2915551K(12541952K), 0.0421810 secs] [Times: user=0.32 sys=0.00, real=0.05 secs] 
2011-03-01T02:27:14.675+0000: 5136.066: [GC 5136.066: [ParNew: 339623K->40960K(368640K), 0.0338300 secs] 3243231K->2944567K(12541952K), 0.0341760 secs] [Times: user=0.25 sys=0.00, real=0.03 secs] 
2011-03-01T02:27:17.325+0000: 5138.716: [GC 5138.716: [ParNew: 368640K->29552K(368640K), 0.0503070 secs] 3272247K->2954661K(12541952K), 0.0506550 secs] [Times: user=0.33 sys=0.00, real=0.05 secs] 
2011-03-01T02:27:18.976+0000: 5140.367: [GC 5140.367: [ParNew: 357232K->20975K(368640K), 0.0436150 secs] 3282341K->2961491K(12541952K), 0.0439660 secs] [Times: user=0.32 sys=0.00, real=0.04 secs] 
2011-03-01T02:27:20.216+0000: 5141.607: [GC 5141.607: [ParNew: 348655K->40960K(368640K), 0.0462670 secs] 3289171K->2991944K(12541952K), 0.0466160 secs] [Times: user=0.32 sys=0.00, real=0.05 secs] 
2011-03-01T02:27:22.211+0000: 5143.602: [GC 5143.602: [ParNew: 368640K->20837K(368640K), 0.0390330 secs] 3319624K->2988089K(12541952K), 0.0393840 secs] [Times: user=0.32 sys=0.00, real=0.04 secs] 
2011-03-01T02:27:24.946+0000: 5146.338: [GC 5146.338: [ParNew: 348517K->40960K(368640K), 0.0427390 secs] 3315769K->3020245K(12541952K), 0.0430880 secs] [Times: user=0.32 sys=0.00, real=0.04 secs] 
2011-03-01T02:27:26.506+0000: 5147.897: [GC 5147.897: [ParNew: 368640K->28273K(368640K), 0.0422440 secs] 3347925K->3023776K(12541952K), 0.0425970 secs] [Times: user=0.29 sys=0.00, real=0.04 secs] 
2011-03-01T02:27:27.965+0000: 5149.356: [GC 5149.357: [ParNew: 355953K->36365K(368640K), 0.0400650 secs] 3351456K->3044032K(12541952K), 0.0404160 secs] [Times: user=0.25 sys=0.00, real=0.04 secs] 
2011-03-01T02:27:29.252+0000: 5150.643: [GC 5150.643: [ParNew: 364045K->30979K(368640K), 0.0406750 secs] 3371712K->3053132K(12541952K), 0.0410280 secs] [Times: user=0.32 sys=0.00, real=0.05 secs] 
2011-03-01T02:27:30.656+0000: 5152.047: [GC 5152.047: [ParNew: 358659K->40960K(368640K), 0.0404040 secs] 3380812K->3075563K(12541952K), 0.0407640 secs] [Times: user=0.27 sys=0.00, real=0.04 secs] 
2011-03-01T02:27:32.049+0000: 5153.440: [GC 5153.441: [ParNew: 368640K->40960K(368640K), 0.0425170 secs] 3403243K->3091124K(12541952K), 0.0428750 secs] [Times: user=0.32 sys=0.00, real=0.05 secs] 
2011-03-01T02:27:33.633+0000: 5155.024: [GC 5155.024: [ParNew: 368640K->36799K(368640K), 0.0485610 secs] 3418804K->3102213K(12541952K), 0.0489160 secs] [Times: user=0.39 sys=0.00, real=0.04 secs] 
2011-03-01T02:27:34.864+0000: 5156.255: [GC 5156.255: [ParNew: 364479K->35785K(368640K), 0.0492230 secs] 3429893K->3116398K(12541952K), 0.0497020 secs] [Times: user=0.35 sys=0.00, real=0.05 secs] 
2011-03-01T02:27:35.327+0000: 5156.718: [GC 5156.718: [ParNew: 363465K->40960K(368640K), 0.0561730 secs] 3444078K->3141623K(12541952K), 0.0566390 secs] [Times: user=0.40 sys=0.00, real=0.06 secs] 
2011-03-01T02:27:35.801+0000: 5157.192: [GC 5157.192: [ParNew: 368640K->37806K(368640K), 0.0541720 secs] 3469303K->3155975K(12541952K), 0.0546420 secs] [Times: user=0.41 sys=0.00, real=0.06 secs] 
2011-03-01T02:27:36.188+0000: 5157.579: [GC 5157.580: [ParNew: 365486K->40960K(368640K), 0.0541640 secs] 3483655K->3172479K(12541952K), 0.0546300 secs] [Times: user=0.40 sys=0.00, real=0.06 secs] 
2011-03-01T02:27:36.536+0000: 5157.928: [GC 5157.928: [ParNew: 368640K->40960K(368640K), 0.0642690 secs] 3500159K->3192773K(12541952K), 0.0647400 secs] [Times: user=0.47 sys=0.00, real=0.06 secs] 
2011-03-01T02:27:36.864+0000: 5158.255: [GC 5158.256: [ParNew: 368640K->40960K(368640K), 0.0692470 secs] 3520453K->3225415K(12541952K), 0.0697250 secs] [Times: user=0.44 sys=0.01, real=0.07 secs] 
2011-03-01T02:27:37.116+0000: 5158.507: [GC 5158.507: [ParNew: 368640K->40960K(368640K), 0.0635420 secs] 3553095K->3313515K(12541952K), 0.0640060 secs] [Times: user=0.47 sys=0.00, real=0.06 secs] 
2011-03-01T02:27:37.389+0000: 5158.780: [GC 5158.781: [ParNew: 368640K->40960K(368640K), 0.0584700 secs] 3641195K->3334515K(12541952K), 0.0589410 secs] [Times: user=0.44 sys=0.00, real=0.06 secs] 
2011-03-01T02:27:37.763+0000: 5159.154: [GC 5159.154: [ParNew: 368640K->40960K(368640K), 0.0509880 secs] 3662195K->3349095K(12541952K), 0.0514640 secs] [Times: user=0.36 sys=0.00, real=0.05 secs] 
2011-03-01T02:27:38.140+0000: 5159.531: [GC 5159.531: [ParNew: 368640K->40960K(368640K), 0.0531800 secs] 3676775K->3363187K(12541952K), 0.0536460 secs] [Times: user=0.40 sys=0.02, real=0.06 secs] 
2011-03-01T02:27:38.543+0000: 5159.934: [GC 5159.934: [ParNew: 368640K->40282K(368640K), 0.0410880 secs] 3690867K->3372606K(12541952K), 0.0415490 secs] [Times: user=0.31 sys=0.01, real=0.04 secs] 
2011-03-01T02:27:39.012+0000: 5160.404: [GC 5160.404: [ParNew: 367962K->18469K(368640K), 0.0537020 secs] 3700286K->3366286K(12541952K), 0.0541670 secs] [Times: user=0.38 sys=0.00, real=0.05 secs] 
2011-03-01T02:27:39.571+0000: 5160.963: [GC 5160.963: [ParNew: 346149K->30127K(368640K), 0.0317680 secs] 3693966K->3377944K(12541952K), 0.0322350 secs] [Times: user=0.23 sys=0.00, real=0.04 secs] 
2011-03-01T02:27:40.098+0000: 5161.489: [GC 5161.490: [ParNew: 357807K->23875K(368640K), 0.0389100 secs] 3705624K->3379163K(12541952K), 0.0393930 secs] [Times: user=0.31 sys=0.00, real=0.04 secs] 
2011-03-01T02:27:40.762+0000: 5162.153: [GC 5162.153: [ParNew: 351555K->24151K(368640K), 0.0360900 secs] 3706843K->3386854K(12541952K), 0.0365470 secs] [Times: user=0.31 sys=0.01, real=0.04 secs] 
2011-03-01T02:27:41.329+0000: 5162.720: [GC 5162.720: [ParNew: 351831K->16520K(368640K), 0.0374720 secs] 3714534K->3389835K(12541952K), 0.0379340 secs] [Times: user=0.30 sys=0.00, real=0.04 secs] 
2011-03-01T02:27:41.907+0000: 5163.298: [GC 5163.298: [ParNew: 344200K->38510K(368640K), 0.0320100 secs] 3717515K->3411825K(12541952K), 0.0324850 secs] [Times: user=0.24 sys=0.00, real=0.03 secs] 
2011-03-01T02:27:43.187+0000: 5164.578: [GC 5164.578: [ParNew: 366190K->32927K(368640K), 0.0450140 secs] 3739505K->3415866K(12541952K), 0.0454810 secs] [Times: user=0.32 sys=0.00, real=0.05 secs] 
2011-03-01T02:27:44.464+0000: 5165.856: [GC 5165.856: [ParNew: 360607K->40960K(368640K), 0.0401950 secs] 3743546K->3430709K(12541952K), 0.0406710 secs] [Times: user=0.25 sys=0.00, real=0.04 secs] 
2011-03-01T02:27:45.853+0000: 5167.244: [GC 5167.244: [ParNew: 368640K->40960K(368640K), 0.0405330 secs] 3758389K->3441723K(12541952K), 0.0409960 secs] [Times: user=0.26 sys=0.00, real=0.04 secs] 
2011-03-01T02:27:47.476+0000: 5168.867: [GC 5168.868: [ParNew: 368640K->21496K(368640K), 0.0438930 secs] 3769403K->3443833K(12541952K), 0.0443650 secs] [Times: user=0.32 sys=0.00, real=0.04 secs] 
2011-03-01T02:27:48.810+0000: 5170.201: [GC 5170.201: [ParNew: 349176K->40960K(368640K), 0.0295450 secs] 3771513K->3463351K(12541952K), 0.0300090 secs] [Times: user=0.24 sys=0.00, real=0.03 secs] 
2011-03-01T02:27:50.671+0000: 5172.062: [GC 5172.062: [ParNew: 368640K->40960K(368640K), 0.0413020 secs] 3791031K->3475454K(12541952K), 0.0417780 secs] [Times: user=0.33 sys=0.00, real=0.05 secs] 
2011-03-01T02:27:52.106+0000: 5173.497: [GC 5173.497: [ParNew: 368640K->30562K(368640K), 0.0438020 secs] 3803134K->3485979K(12541952K), 0.0442640 secs] [Times: user=0.31 sys=0.01, real=0.04 secs] 
2011-03-01T02:27:53.457+0000: 5174.848: [GC 5174.848: [ParNew: 358242K->22139K(368640K), 0.0343350 secs] 3813659K->3487009K(12541952K), 0.0347970 secs] [Times: user=0.24 sys=0.00, real=0.03 secs] 
2011-03-01T02:27:54.481+0000: 5175.873: [GC 5175.873: [ParNew: 349770K->40960K(368640K), 0.0334190 secs] 3814640K->3511763K(12541952K), 0.0338970 secs] [Times: user=0.25 sys=0.00, real=0.04 secs] 
2011-03-01T02:27:55.258+0000: 5176.649: [GC 5176.650: [ParNew: 368640K->9705K(368640K), 0.0398130 secs] 3839443K->3498538K(12541952K), 0.0402670 secs] [Times: user=0.32 sys=0.00, real=0.04 secs] 
2011-03-01T02:27:56.656+0000: 5178.047: [GC 5178.047: [ParNew: 337385K->29981K(368640K), 0.0292270 secs] 3826218K->3518814K(12541952K), 0.0297020 secs] [Times: user=0.24 sys=0.00, real=0.03 secs] 
2011-03-01T02:27:58.180+0000: 5179.571: [GC 5179.572: [ParNew: 357630K->11359K(368640K), 0.0342650 secs] 3846462K->3516788K(12541952K), 0.0347230 secs] [Times: user=0.25 sys=0.00, real=0.04 secs] 
2011-03-01T02:27:58.829+0000: 5180.220: [GC 5180.220: [ParNew: 339039K->9176K(368640K), 0.0284950 secs] 3844468K->3514605K(12541952K), 0.0289540 secs] [Times: user=0.24 sys=0.00, real=0.03 secs] 
2011-03-01T02:27:59.277+0000: 5180.668: [GC 5180.668: [ParNew: 336856K->11748K(368640K), 0.0288900 secs] 3842285K->3517177K(12541952K), 0.0293680 secs] [Times: user=0.24 sys=0.00, real=0.03 secs] 
2011-03-01T02:27:59.783+0000: 5181.174: [GC 5181.174: [ParNew: 339397K->16863K(368640K), 0.0303210 secs] 3844825K->3522291K(12541952K), 0.0307870 secs] [Times: user=0.20 sys=0.00, real=0.03 secs] 
2011-03-01T02:28:00.220+0000: 5181.611: [GC 5181.612: [ParNew: 344543K->32137K(368640K), 0.0364990 secs] 3849971K->3541276K(12541952K), 0.0369500 secs] [Times: user=0.32 sys=0.00, real=0.04 secs] 
2011-03-01T02:28:00.744+0000: 5182.136: [GC 5182.136: [ParNew: 359817K->33590K(368640K), 0.0378590 secs] 3868956K->3553325K(12541952K), 0.0383380 secs] [Times: user=0.26 sys=0.00, real=0.04 secs] 
2011-03-01T02:28:01.201+0000: 5182.592: [GC 5182.593: [ParNew: 361270K->10504K(368640K), 0.0300420 secs] 3881005K->3537838K(12541952K), 0.0305180 secs] [Times: user=0.24 sys=0.00, real=0.03 secs] 
2011-03-01T02:28:01.661+0000: 5183.052: [GC 5183.052: [ParNew: 338184K->10453K(368640K), 0.0273700 secs] 3865518K->3537786K(12541952K), 0.0278420 secs] [Times: user=0.24 sys=0.00, real=0.03 secs] 
2011-03-01T02:28:02.303+0000: 5183.694: [GC 5183.694: [ParNew: 338126K->13226K(368640K), 0.0279950 secs] 3865459K->3540559K(12541952K), 0.0284400 secs] [Times: user=0.20 sys=0.01, real=0.02 secs] 
2011-03-01T02:28:02.829+0000: 5184.221: [GC 5184.221: [ParNew: 340862K->36352K(368640K), 0.0316490 secs] 3868196K->3563685K(12541952K), 0.0321290 secs] [Times: user=0.24 sys=0.00, real=0.03 secs] 
2011-03-01T02:28:03.362+0000: 5184.753: [GC 5184.754: [ParNew: 363980K->13396K(368640K), 0.0376840 secs] 3891314K->3555564K(12541952K), 0.0381730 secs] [Times: user=0.31 sys=0.00, real=0.04 secs] 
2011-03-01T02:28:03.911+0000: 5185.302: [GC 5185.303: [ParNew: 341053K->16687K(368640K), 0.0234970 secs] 3883221K->3558855K(12541952K), 0.0238480 secs] [Times: user=0.23 sys=0.00, real=0.03 secs] 
2011-03-01T02:28:05.190+0000: 5186.582: [GC 5186.582: [ParNew: 344367K->23832K(368640K), 0.0305850 secs] 3886535K->3565999K(12541952K), 0.0309440 secs] [Times: user=0.24 sys=0.00, real=0.03 secs] 
2011-03-01T02:28:07.346+0000: 5188.737: [GC 5188.737: [ParNew: 351512K->35974K(368640K), 0.0367210 secs] 3893679K->3579645K(12541952K), 0.0371910 secs] [Times: user=0.25 sys=0.00, real=0.04 secs] 
2011-03-01T02:28:09.768+0000: 5191.160: [GC 5191.160: [ParNew: 363654K->40960K(368640K), 0.0411210 secs] 3907325K->3588372K(12541952K), 0.0415900 secs] [Times: user=0.32 sys=0.00, real=0.04 secs] 
2011-03-01T02:28:12.202+0000: 5193.593: [GC 5193.594: [ParNew: 368640K->18590K(368640K), 0.0544430 secs] 3916052K->3589575K(12541952K), 0.0549090 secs] [Times: user=0.40 sys=0.01, real=0.05 secs] 
2011-03-01T02:28:14.602+0000: 5195.994: [GC 5195.994: [ParNew: 346270K->40960K(368640K), 0.0387950 secs] 3917255K->3613946K(12541952K), 0.0392680 secs] [Times: user=0.30 sys=0.01, real=0.03 secs] 
2011-03-01T02:28:16.617+0000: 5198.009: [GC 5198.009: [ParNew: 368640K->40960K(368640K), 0.0780910 secs] 3941626K->3659168K(12541952K), 0.0785550 secs] [Times: user=0.56 sys=0.01, real=0.08 secs] 
2011-03-01T02:28:18.667+0000: 5200.059: [GC 5200.059: [ParNew: 368640K->26161K(368640K), 0.0416810 secs] 3986848K->3649745K(12541952K), 0.0421470 secs] [Times: user=0.32 sys=0.00, real=0.04 secs] 
2011-03-01T02:28:20.230+0000: 5201.621: [GC 5201.621: [ParNew: 353841K->26088K(368640K), 0.0422690 secs] 3977425K->3660482K(12541952K), 0.0427250 secs] [Times: user=0.33 sys=0.00, real=0.05 secs] 
2011-03-01T02:28:21.293+0000: 5202.684: [GC 5202.684: [ParNew: 353768K->27316K(368640K), 0.0430600 secs] 3988162K->3671314K(12541952K), 0.0435300 secs] [Times: user=0.31 sys=0.01, real=0.04 secs] 
2011-03-01T02:28:23.717+0000: 5205.108: [GC 5205.108: [ParNew: 354996K->31754K(368640K), 0.0404570 secs] 3998994K->3686835K(12541952K), 0.0409190 secs] [Times: user=0.32 sys=0.00, real=0.04 secs] 
2011-03-01T02:28:25.519+0000: 5206.910: [GC 5206.910: [ParNew: 359434K->29196K(368640K), 0.0392440 secs] 4014515K->3695559K(12541952K), 0.0397040 secs] [Times: user=0.32 sys=0.00, real=0.04 secs] 
2011-03-01T02:28:26.977+0000: 5208.368: [GC 5208.368: [ParNew: 356876K->20726K(368640K), 0.0395760 secs] 4023239K->3697153K(12541952K), 0.0400370 secs] [Times: user=0.30 sys=0.00, real=0.04 secs] 
2011-03-01T02:28:28.243+0000: 5209.634: [GC 5209.634: [ParNew: 348406K->39720K(368640K), 0.0371780 secs] 4024833K->3716147K(12541952K), 0.0376710 secs] [Times: user=0.30 sys=0.00, real=0.03 secs] 
2011-03-01T02:28:29.661+0000: 5211.052: [GC 5211.052: [ParNew: 367400K->18679K(368640K), 0.0502290 secs] 4043827K->3715724K(12541952K), 0.0507020 secs] [Times: user=0.40 sys=0.00, real=0.05 secs] 
2011-03-01T02:28:30.952+0000: 5212.343: [GC 5212.343: [ParNew: 346359K->38735K(368640K), 0.0348470 secs] 4043404K->3735781K(12541952K), 0.0353120 secs] [Times: user=0.32 sys=0.00, real=0.04 secs] 
2011-03-01T02:28:32.194+0000: 5213.585: [GC 5213.585: [ParNew: 366415K->18515K(368640K), 0.0506800 secs] 4063461K->3736705K(12541952K), 0.0511500 secs] [Times: user=0.34 sys=0.01, real=0.05 secs] 
2011-03-01T02:28:33.628+0000: 5215.020: [GC 5215.020: [ParNew: 346195K->38694K(368640K), 0.0361160 secs] 4064385K->3756884K(12541952K), 0.0365830 secs] [Times: user=0.29 sys=0.00, real=0.04 secs] 
2011-03-01T02:28:34.874+0000: 5216.265: [GC 5216.265: [ParNew: 366374K->37135K(368640K), 0.0536850 secs] 4084564K->3776010K(12541952K), 0.0541510 secs] [Times: user=0.35 sys=0.01, real=0.05 secs] 
2011-03-01T02:28:35.299+0000: 5216.690: [GC 5216.691: [ParNew: 364815K->36996K(368640K), 0.0656890 secs] 4103690K->3785980K(12541952K), 0.0662250 secs] [Times: user=0.39 sys=0.01, real=0.07 secs] 
2011-03-01T02:28:35.784+0000: 5217.175: [GC 5217.176: [ParNew: 364676K->26586K(368640K), 0.0512850 secs] 4113660K->3790458K(12541952K), 0.0517550 secs] [Times: user=0.31 sys=0.02, real=0.05 secs] 
2011-03-01T02:28:36.081+0000: 5217.472: [GC 5217.473: [ParNew: 354331K->40960K(368640K), 0.0705740 secs] 4118203K->3814651K(12541952K), 0.0710260 secs] [Times: user=0.50 sys=0.00, real=0.08 secs] 
2011-03-01T02:28:36.155+0000: 5217.546: [GC 5217.546: [ParNew: 41343K->27149K(368640K), 0.0584030 secs] 3815035K->3837901K(12541952K), 0.0588030 secs] [Times: user=0.34 sys=0.00, real=0.06 secs] 
2011-03-01T02:28:36.420+0000: 5217.811: [GC 5217.811: [ParNew: 354829K->36515K(368640K), 0.0323750 secs] 4165581K->3847268K(12541952K), 0.0328440 secs] [Times: user=0.24 sys=0.00, real=0.04 secs] 
2011-03-01T02:28:36.831+0000: 5218.222: [GC 5218.223: [ParNew: 364195K->34924K(368640K), 0.0472740 secs] 4174948K->3856935K(12541952K), 0.0477650 secs] [Times: user=0.40 sys=0.00, real=0.05 secs] 
2011-03-01T02:28:37.118+0000: 5218.509: [GC 5218.510: [ParNew: 362604K->40960K(368640K), 0.0762870 secs] 4184615K->3897046K(12541952K), 0.0767840 secs] [Times: user=0.57 sys=0.00, real=0.08 secs] 
2011-03-01T02:28:37.512+0000: 5218.903: [GC 5218.904: [ParNew: 368640K->40960K(368640K), 0.0519940 secs] 4224726K->3909699K(12541952K), 0.0524860 secs] [Times: user=0.37 sys=0.00, real=0.05 secs] 
2011-03-01T02:28:37.886+0000: 5219.277: [GC 5219.278: [ParNew: 368640K->30640K(368640K), 0.0465320 secs] 4237379K->3909653K(12541952K), 0.0469940 secs] [Times: user=0.32 sys=0.00, real=0.05 secs] 
2011-03-01T02:28:38.560+0000: 5219.951: [GC 5219.951: [ParNew: 358320K->23219K(368640K), 0.0337390 secs] 4237333K->3913563K(12541952K), 0.0341980 secs] [Times: user=0.24 sys=0.01, real=0.04 secs] 
2011-03-01T02:28:39.375+0000: 5220.766: [GC 5220.767: [ParNew: 350899K->40960K(368640K), 0.0304230 secs] 4241243K->3932947K(12541952K), 0.0308930 secs] [Times: user=0.23 sys=0.01, real=0.03 secs] 
2011-03-01T02:28:41.031+0000: 5222.422: [GC 5222.422: [ParNew: 368640K->23071K(368640K), 0.0551030 secs] 4260627K->3933354K(12541952K), 0.0555820 secs] [Times: user=0.43 sys=0.01, real=0.06 secs] 
2011-03-01T02:28:42.030+0000: 5223.421: [GC 5223.422: [ParNew: 350751K->40199K(368640K), 0.0280250 secs] 4261034K->3950482K(12541952K), 0.0284920 secs] [Times: user=0.23 sys=0.01, real=0.03 secs] 
2011-03-01T02:28:43.270+0000: 5224.661: [GC 5224.662: [ParNew: 367879K->25802K(368640K), 0.0446180 secs] 4278162K->3951291K(12541952K), 0.0450820 secs] [Times: user=0.32 sys=0.01, real=0.05 secs] 
2011-03-01T02:28:44.604+0000: 5225.995: [GC 5225.995: [ParNew: 353482K->40960K(368640K), 0.0352640 secs] 4278971K->3967706K(12541952K), 0.0357240 secs] [Times: user=0.25 sys=0.00, real=0.03 secs] 
2011-03-01T02:28:45.788+0000: 5227.180: [GC 5227.180: [ParNew: 368640K->33180K(368640K), 0.0456670 secs] 4295386K->3976719K(12541952K), 0.0461320 secs] [Times: user=0.33 sys=0.00, real=0.05 secs] 
2011-03-01T02:28:46.971+0000: 5228.362: [GC 5228.363: [ParNew: 360860K->23980K(368640K), 0.0487870 secs] 4304399K->3993995K(12541952K), 0.0492600 secs] [Times: user=0.38 sys=0.00, real=0.05 secs] 
2011-03-01T02:28:48.366+0000: 5229.757: [GC 5229.758: [ParNew: 351660K->18647K(368640K), 0.0369500 secs] 4321675K->3997275K(12541952K), 0.0373960 secs] [Times: user=0.25 sys=0.00, real=0.04 secs] 
2011-03-01T02:28:50.465+0000: 5231.856: [GC 5231.856: [ParNew: 346327K->37037K(368640K), 0.0354380 secs] 4324955K->4015665K(12541952K), 0.0358970 secs] [Times: user=0.24 sys=0.00, real=0.03 secs] 
2011-03-01T02:28:51.799+0000: 5233.190: [GC 5233.191: [ParNew: 364717K->13559K(368640K), 0.0435850 secs] 4343345K->4007026K(12541952K), 0.0440460 secs] [Times: user=0.33 sys=0.00, real=0.05 secs] 
2011-03-01T02:28:52.970+0000: 5234.361: [GC 5234.361: [ParNew: 341239K->30659K(368640K), 0.0320300 secs] 4334706K->4024126K(12541952K), 0.0324880 secs] [Times: user=0.24 sys=0.00, real=0.04 secs] 
2011-03-01T02:28:54.280+0000: 5235.672: [GC 5235.672: [ParNew: 358339K->29476K(368640K), 0.0407490 secs] 4351806K->4029358K(12541952K), 0.0412200 secs] [Times: user=0.32 sys=0.00, real=0.04 secs] 
2011-03-01T02:28:54.918+0000: 5236.309: [GC 5236.310: [ParNew: 357097K->33182K(368640K), 0.0377410 secs] 4356979K->4041631K(12541952K), 0.0382110 secs] [Times: user=0.31 sys=0.00, real=0.04 secs] 
2011-03-01T02:28:55.520+0000: 5236.911: [GC 5236.911: [ParNew: 360840K->25148K(368640K), 0.0354110 secs] 4369289K->4040126K(12541952K), 0.0358950 secs] [Times: user=0.28 sys=0.01, real=0.04 secs] 
2011-03-01T02:28:56.097+0000: 5237.488: [GC 5237.489: [ParNew: 352813K->17960K(368640K), 0.0257170 secs] 4367791K->4036908K(12541952K), 0.0262310 secs] [Times: user=0.16 sys=0.00, real=0.02 secs] 
2011-03-01T02:28:57.065+0000: 5238.456: [GC 5238.456: [ParNew: 345635K->25317K(368640K), 0.0228340 secs] 4364583K->4044266K(12541952K), 0.0233230 secs] [Times: user=0.16 sys=0.00, real=0.02 secs] 
2011-03-01T02:28:58.671+0000: 5240.062: [GC 5240.062: [ParNew: 352977K->40960K(368640K), 0.0257750 secs] 4371925K->4059908K(12541952K), 0.0262760 secs] [Times: user=0.23 sys=0.00, real=0.03 secs] 
2011-03-01T02:28:59.557+0000: 5240.948: [GC 5240.948: [ParNew: 368640K->10341K(368640K), 0.0397450 secs] 4387588K->4044520K(12541952K), 0.0401750 secs] [Times: user=0.30 sys=0.00, real=0.04 secs] 
2011-03-01T02:29:00.024+0000: 5241.415: [GC 5241.415: [ParNew: 338021K->12389K(368640K), 0.0326560 secs] 4372200K->4046568K(12541952K), 0.0330200 secs] [Times: user=0.25 sys=0.00, real=0.04 secs] 
2011-03-01T02:29:00.449+0000: 5241.840: [GC 5241.840: [ParNew: 340069K->22856K(368640K), 0.0268600 secs] 4374248K->4057035K(12541952K), 0.0272170 secs] [Times: user=0.24 sys=0.00, real=0.03 secs] 
2011-03-01T02:29:00.907+0000: 5242.298: [GC 5242.298: [ParNew: 350703K->36494K(368640K), 0.0315820 secs] 4384883K->4072410K(12541952K), 0.0319340 secs] [Times: user=0.24 sys=0.00, real=0.03 secs] 
2011-03-01T02:29:00.942+0000: 5242.333: [GC 5242.333: [ParNew: 39323K->28669K(368640K), 0.0303260 secs] 4075239K->4070267K(12541952K), 0.0306250 secs] [Times: user=0.24 sys=0.00, real=0.04 secs] 
2011-03-01T02:29:01.488+0000: 5242.880: [GC 5242.880: [ParNew: 356349K->11825K(368640K), 0.0281770 secs] 4397947K->4059658K(12541952K), 0.0285310 secs] [Times: user=0.25 sys=0.00, real=0.03 secs] 
2011-03-01T02:29:01.948+0000: 5243.339: [GC 5243.340: [ParNew: 339505K->20849K(368640K), 0.0259370 secs] 4387338K->4068683K(12541952K), 0.0262980 secs] [Times: user=0.22 sys=0.00, real=0.03 secs] 
2011-03-01T02:29:02.582+0000: 5243.973: [GC 5243.973: [ParNew: 348529K->34529K(368640K), 0.0289610 secs] 4396363K->4082362K(12541952K), 0.0293220 secs] [Times: user=0.23 sys=0.00, real=0.03 secs] 
2011-03-01T02:29:03.139+0000: 5244.531: [GC 5244.531: [ParNew: 362204K->6734K(368640K), 0.0354580 secs] 4410037K->4062386K(12541952K), 0.0358290 secs] [Times: user=0.30 sys=0.00, real=0.04 secs] 
2011-03-01T02:29:03.692+0000: 5245.084: [GC 5245.084: [ParNew: 334414K->5410K(368640K), 0.0284640 secs] 4390066K->4061063K(12541952K), 0.0288090 secs] [Times: user=0.18 sys=0.01, real=0.03 secs] 
2011-03-01T02:29:04.813+0000: 5246.204: [GC 5246.204: [ParNew: 333090K->23084K(368640K), 0.0319160 secs] 4388743K->4078737K(12541952K), 0.0322980 secs] [Times: user=0.25 sys=0.01, real=0.03 secs] 
2011-03-01T02:29:07.143+0000: 5248.534: [GC 5248.535: [ParNew: 350764K->38729K(368640K), 0.0374680 secs] 4406417K->4095603K(12541952K), 0.0378460 secs] [Times: user=0.26 sys=0.00, real=0.03 secs] 
2011-03-01T02:29:09.315+0000: 5250.706: [GC 5250.706: [ParNew: 366409K->27056K(368640K), 0.0410690 secs] 4423283K->4092569K(12541952K), 0.0414740 secs] [Times: user=0.31 sys=0.00, real=0.04 secs] 
2011-03-01T02:29:11.786+0000: 5253.177: [GC 5253.177: [ParNew: 354804K->26557K(368640K), 0.0493550 secs] 4420316K->4098085K(12541952K), 0.0497370 secs] [Times: user=0.38 sys=0.00, real=0.05 secs] 
2011-03-01T02:29:11.840+0000: 5253.231: [GC 5253.232: [ParNew: 30852K->33351K(368640K), 0.0430650 secs] 4102381K->4111109K(12541952K), 0.0433900 secs] [Times: user=0.32 sys=0.01, real=0.05 secs] 
2011-03-01T02:29:13.803+0000: 5255.194: [GC 5255.194: [ParNew: 361031K->17711K(368640K), 0.0300020 secs] 4438789K->4101811K(12541952K), 0.0303550 secs] [Times: user=0.20 sys=0.00, real=0.03 secs] 
2011-03-01T02:29:16.046+0000: 5257.437: [GC 5257.437: [ParNew: 345391K->40960K(368640K), 0.0271390 secs] 4429491K->4127108K(12541952K), 0.0274850 secs] [Times: user=0.17 sys=0.00, real=0.03 secs] 
2011-03-01T02:29:18.540+0000: 5259.931: [GC 5259.931: [ParNew: 368640K->22534K(368640K), 0.0349510 secs] 4454788K->4122476K(12541952K), 0.0352980 secs] [Times: user=0.25 sys=0.00, real=0.04 secs] 
2011-03-01T02:29:20.102+0000: 5261.493: [GC 5261.493: [ParNew: 350214K->32368K(368640K), 0.0317860 secs] 4450156K->4132309K(12541952K), 0.0321310 secs] [Times: user=0.27 sys=0.01, real=0.04 secs] 
2011-03-01T02:29:21.566+0000: 5262.958: [GC 5262.958: [ParNew: 360048K->35889K(368640K), 0.0382560 secs] 4459989K->4141700K(12541952K), 0.0386020 secs] [Times: user=0.29 sys=0.00, real=0.04 secs] 
2011-03-01T02:29:24.072+0000: 5265.463: [GC 5265.463: [ParNew: 363569K->33493K(368640K), 0.0390540 secs] 4469380K->4147541K(12541952K), 0.0394010 secs] [Times: user=0.31 sys=0.00, real=0.04 secs] 
2011-03-01T02:29:25.894+0000: 5267.285: [GC 5267.286: [ParNew: 361173K->36866K(368640K), 0.0403460 secs] 4475221K->4157068K(12541952K), 0.0406920 secs] [Times: user=0.29 sys=0.01, real=0.04 secs] 
2011-03-01T02:29:27.438+0000: 5268.830: [GC 5268.830: [ParNew: 364546K->33800K(368640K), 0.0382380 secs] 4484748K->4161924K(12541952K), 0.0385870 secs] [Times: user=0.32 sys=0.00, real=0.04 secs] 
2011-03-01T02:29:28.794+0000: 5270.185: [GC 5270.186: [ParNew: 361480K->8355K(368640K), 0.0369510 secs] 4489604K->4150645K(12541952K), 0.0373140 secs] [Times: user=0.21 sys=0.00, real=0.03 secs] 
2011-03-01T02:29:30.207+0000: 5271.598: [GC 5271.598: [ParNew: 336035K->40960K(368640K), 0.0379930 secs] 4478325K->4189507K(12541952K), 0.0384950 secs] [Times: user=0.27 sys=0.00, real=0.04 secs] 
2011-03-01T02:29:33.859+0000: 5275.250: [GC 5275.250: [ParNew: 368640K->40960K(368640K), 0.1001930 secs] 4517187K->4232428K(12541952K), 0.1005590 secs] [Times: user=0.69 sys=0.00, real=0.10 secs] 
2011-03-01T02:29:34.270+0000: 5275.661: [GC 5275.661: [ParNew: 368640K->27505K(368640K), 0.0326240 secs] 4560108K->4223635K(12541952K), 0.0330450 secs] [Times: user=0.24 sys=0.00, real=0.04 secs] 
2011-03-01T02:29:34.738+0000: 5276.129: [GC 5276.130: [ParNew: 355185K->17251K(368640K), 0.0289960 secs] 4551315K->4224082K(12541952K), 0.0293430 secs] [Times: user=0.24 sys=0.00, real=0.03 secs] 
2011-03-01T02:29:35.193+0000: 5276.584: [GC 5276.584: [ParNew: 344931K->40960K(368640K), 0.0345730 secs] 4551762K->4248137K(12541952K), 0.0349260 secs] [Times: user=0.28 sys=0.00, real=0.03 secs] 
2011-03-01T02:29:35.697+0000: 5277.088: [GC 5277.088: [ParNew: 368640K->26587K(368640K), 0.0477670 secs] 4575817K->4252541K(12541952K), 0.0481200 secs] [Times: user=0.32 sys=0.00, real=0.05 secs] 
2011-03-01T02:29:35.960+0000: 5277.351: [GC 5277.352: [ParNew: 354267K->40960K(368640K), 0.0605990 secs] 4580221K->4350648K(12541952K), 0.0609540 secs] [Times: user=0.46 sys=0.01, real=0.06 secs] 
2011-03-01T02:29:36.281+0000: 5277.673: [GC 5277.673: [ParNew: 368640K->34976K(368640K), 0.0447270 secs] 4678328K->4359511K(12541952K), 0.0450810 secs] [Times: user=0.37 sys=0.00, real=0.05 secs] 
2011-03-01T02:29:36.508+0000: 5277.899: [GC 5277.899: [ParNew: 362656K->39382K(368640K), 0.0600700 secs] 4687191K->4440569K(12541952K), 0.0604420 secs] [Times: user=0.47 sys=0.00, real=0.06 secs] 
2011-03-01T02:29:36.786+0000: 5278.177: [GC 5278.177: [ParNew: 346789K->36017K(368640K), 0.0401990 secs] 4747976K->4457518K(12541952K), 0.0405550 secs] [Times: user=0.30 sys=0.00, real=0.04 secs] 
2011-03-01T02:29:36.998+0000: 5278.389: [GC 5278.389: [ParNew: 363697K->30945K(368640K), 0.0598690 secs] 4785198K->4539871K(12541952K), 0.0602200 secs] [Times: user=0.47 sys=0.00, real=0.06 secs] 
2011-03-01T02:29:37.228+0000: 5278.619: [GC 5278.619: [ParNew: 358625K->40960K(368640K), 0.0515080 secs] 4867551K->4559861K(12541952K), 0.0518750 secs] [Times: user=0.38 sys=0.00, real=0.05 secs] 
2011-03-01T02:29:37.466+0000: 5278.858: [GC 5278.858: [ParNew: 368640K->40960K(368640K), 0.0480680 secs] 4887541K->4571499K(12541952K), 0.0484240 secs] [Times: user=0.32 sys=0.01, real=0.05 secs] 
2011-03-01T02:29:37.785+0000: 5279.177: [GC 5279.177: [ParNew: 368640K->32728K(368640K), 0.0556850 secs] 4899179K->4578252K(12541952K), 0.0560630 secs] [Times: user=0.38 sys=0.00, real=0.05 secs] 
2011-03-01T02:29:38.132+0000: 5279.524: [GC 5279.524: [ParNew: 360408K->40960K(368640K), 0.0561470 secs] 4905932K->4596700K(12541952K), 0.0565030 secs] [Times: user=0.41 sys=0.00, real=0.05 secs] 
2011-03-01T02:29:38.497+0000: 5279.889: [GC 5279.889: [ParNew: 368640K->19699K(368640K), 0.0565210 secs] 4924380K->4596428K(12541952K), 0.0570540 secs] [Times: user=0.41 sys=0.00, real=0.06 secs] 
2011-03-01T02:29:38.884+0000: 5280.275: [GC 5280.276: [ParNew: 347379K->37949K(368640K), 0.0431110 secs] 4924108K->4614678K(12541952K), 0.0539270 secs] [Times: user=0.33 sys=0.00, real=0.05 secs] 
2011-03-01T02:29:39.391+0000: 5280.782: [GC 5280.782: [ParNew: 365629K->37179K(368640K), 0.0491160 secs] 4942358K->4624489K(12541952K), 0.0495760 secs] [Times: user=0.40 sys=0.00, real=0.05 secs] 
2011-03-01T02:29:39.858+0000: 5281.249: [GC 5281.249: [ParNew: 364859K->36580K(368640K), 0.0505470 secs] 4952169K->4631218K(12541952K), 0.0510140 secs] [Times: user=0.39 sys=0.00, real=0.05 secs] 
2011-03-01T02:29:40.267+0000: 5281.658: [GC 5281.658: [ParNew: 364260K->36132K(368640K), 0.0397250 secs] 4958898K->4637652K(12541952K), 0.0402140 secs] [Times: user=0.31 sys=0.00, real=0.04 secs] 
2011-03-01T02:29:40.757+0000: 5282.148: [GC 5282.148: [ParNew: 363812K->29809K(368640K), 0.0412090 secs] 4965332K->4639168K(12541952K), 0.0416780 secs] [Times: user=0.32 sys=0.00, real=0.04 secs] 
2011-03-01T02:29:41.201+0000: 5282.592: [GC 5282.593: [ParNew: 357489K->16588K(368640K), 0.0445230 secs] 4966848K->4634274K(12541952K), 0.0449850 secs] [Times: user=0.35 sys=0.00, real=0.05 secs] 
2011-03-01T02:29:41.932+0000: 5283.324: [GC 5283.324: [ParNew: 344268K->28312K(368640K), 0.0468040 secs] 4961954K->4645998K(12541952K), 0.0473250 secs] [Times: user=0.36 sys=0.00, real=0.04 secs] 
2011-03-01T02:29:42.712+0000: 5284.103: [GC 5284.103: [ParNew: 355992K->40960K(368640K), 0.0768490 secs] 4973678K->4742550K(12541952K), 0.0772950 secs] [Times: user=0.63 sys=0.00, real=0.08 secs] 
2011-03-01T02:29:43.390+0000: 5284.781: [GC 5284.781: [ParNew: 368640K->27713K(368640K), 0.0568350 secs] 5070230K->4756597K(12541952K), 0.0573140 secs] [Times: user=0.39 sys=0.01, real=0.06 secs] 
2011-03-01T02:29:44.160+0000: 5285.551: [GC 5285.551: [ParNew: 355393K->17546K(368640K), 0.0256930 secs] 5084277K->4746430K(12541952K), 0.0261570 secs] [Times: user=0.24 sys=0.00, real=0.03 secs] 
2011-03-01T02:29:44.787+0000: 5286.179: [GC 5286.179: [ParNew: 345226K->39876K(368640K), 0.0293050 secs] 5074110K->4768759K(12541952K), 0.0297690 secs] [Times: user=0.24 sys=0.00, real=0.03 secs] 
2011-03-01T02:29:45.447+0000: 5286.838: [GC 5286.838: [ParNew: 367556K->22278K(368640K), 0.0480280 secs] 5096439K->4770087K(12541952K), 0.0485570 secs] [Times: user=0.33 sys=0.00, real=0.05 secs] 
2011-03-01T02:29:46.165+0000: 5287.556: [GC 5287.557: [ParNew: 349958K->14002K(368640K), 0.0365010 secs] 5097767K->4771377K(12541952K), 0.0369080 secs] [Times: user=0.24 sys=0.00, real=0.04 secs] 
2011-03-01T02:29:46.867+0000: 5288.258: [GC 5288.259: [ParNew: 341682K->17622K(368640K), 0.0321540 secs] 5099057K->4774997K(12541952K), 0.0325010 secs] [Times: user=0.24 sys=0.00, real=0.03 secs] 
2011-03-01T02:29:47.576+0000: 5288.967: [GC 5288.967: [ParNew: 345302K->39270K(368640K), 0.0358550 secs] 5102677K->4796644K(12541952K), 0.0362060 secs] [Times: user=0.24 sys=0.00, real=0.04 secs] 
2011-03-01T02:29:48.322+0000: 5289.713: [GC 5289.714: [ParNew: 366950K->23639K(368640K), 0.0495690 secs] 5124324K->4800055K(12541952K), 0.0499220 secs] [Times: user=0.38 sys=0.01, real=0.05 secs] 
2011-03-01T02:29:49.022+0000: 5290.413: [GC 5290.414: [ParNew: 351319K->14261K(368640K), 0.0337530 secs] 5127735K->4800361K(12541952K), 0.0341200 secs] [Times: user=0.26 sys=0.00, real=0.04 secs] 
2011-03-01T02:29:49.810+0000: 5291.202: [GC 5291.202: [ParNew: 341941K->17703K(368640K), 0.0248860 secs] 5128041K->4803803K(12541952K), 0.0253610 secs] [Times: user=0.24 sys=0.00, real=0.03 secs] 
2011-03-01T02:29:50.537+0000: 5291.928: [GC 5291.929: [ParNew: 345383K->24556K(368640K), 0.0293680 secs] 5131483K->4810656K(12541952K), 0.0298370 secs] [Times: user=0.24 sys=0.00, real=0.03 secs] 
2011-03-01T02:29:51.304+0000: 5292.695: [GC 5292.695: [ParNew: 352236K->40960K(368640K), 0.0340750 secs] 5138336K->4827783K(12541952K), 0.0344320 secs] [Times: user=0.25 sys=0.00, real=0.03 secs] 
2011-03-01T02:29:52.017+0000: 5293.408: [GC 5293.408: [ParNew: 368640K->24395K(368640K), 0.0476010 secs] 5155463K->4837683K(12541952K), 0.0479560 secs] [Times: user=0.32 sys=0.00, real=0.05 secs] 
2011-03-01T02:29:52.800+0000: 5294.192: [GC 5294.192: [ParNew: 352075K->24023K(368640K), 0.0384170 secs] 5165363K->4837311K(12541952K), 0.0387620 secs] [Times: user=0.32 sys=0.00, real=0.04 secs] 
2011-03-01T02:29:53.533+0000: 5294.924: [GC 5294.925: [ParNew: 351703K->20211K(368640K), 0.0357350 secs] 5164991K->4839181K(12541952K), 0.0360900 secs] [Times: user=0.26 sys=0.00, real=0.03 secs] 
2011-03-01T02:29:54.230+0000: 5295.621: [GC 5295.621: [ParNew: 347891K->40960K(368640K), 0.0358300 secs] 5166861K->4868317K(12541952K), 0.0399540 secs] [Times: user=0.25 sys=0.01, real=0.04 secs] 
2011-03-01T02:29:54.737+0000: 5296.129: [GC 5296.129: [ParNew: 368640K->13029K(368640K), 0.0343510 secs] 5195997K->4855238K(12541952K), 0.0349420 secs] [Times: user=0.23 sys=0.02, real=0.04 secs] 
2011-03-01T02:29:55.149+0000: 5296.540: [GC 5296.540: [ParNew: 340709K->10066K(368640K), 0.0230270 secs] 5182918K->4852275K(12541952K), 0.0235330 secs] [Times: user=0.16 sys=0.00, real=0.03 secs] 
2011-03-01T02:29:55.629+0000: 5297.020: [GC 5297.020: [ParNew: 337746K->16501K(368640K), 0.0251010 secs] 5179955K->4858710K(12541952K), 0.0256080 secs] [Times: user=0.22 sys=0.00, real=0.03 secs] 
2011-03-01T02:29:56.033+0000: 5297.425: [GC 5297.425: [ParNew: 344181K->19666K(368640K), 0.0253480 secs] 5186390K->4861875K(12541952K), 0.0258430 secs] [Times: user=0.17 sys=0.00, real=0.02 secs] 
2011-03-01T02:29:56.672+0000: 5298.063: [GC 5298.063: [ParNew: 347346K->29721K(368640K), 0.0313640 secs] 5189555K->4874702K(12541952K), 0.0318470 secs] [Times: user=0.24 sys=0.00, real=0.04 secs] 
2011-03-01T02:29:57.472+0000: 5298.863: [GC 5298.863: [ParNew: 357364K->36868K(368640K), 0.0340760 secs] 5202346K->4886363K(12541952K), 0.0345330 secs] [Times: user=0.27 sys=0.00, real=0.04 secs] 
2011-03-01T02:29:57.899+0000: 5299.291: [GC 5299.291: [ParNew: 364539K->21050K(368640K), 0.0329660 secs] 5214034K->4880883K(12541952K), 0.0334520 secs] [Times: user=0.24 sys=0.00, real=0.03 secs] 
2011-03-01T02:29:58.423+0000: 5299.815: [GC 5299.815: [ParNew: 348698K->25408K(368640K), 0.0248750 secs] 5208531K->4885241K(12541952K), 0.0253590 secs] [Times: user=0.18 sys=0.00, real=0.02 secs] 
2011-03-01T02:29:59.545+0000: 5300.936: [GC 5300.936: [ParNew: 353088K->29200K(368640K), 0.0299740 secs] 5212921K->4894480K(12541952K), 0.0304560 secs] [Times: user=0.21 sys=0.00, real=0.03 secs] 
2011-03-01T02:30:00.463+0000: 5301.854: [GC 5301.855: [ParNew: 356880K->27242K(368640K), 0.0315390 secs] 5222160K->4895923K(12541952K), 0.0320310 secs] [Times: user=0.27 sys=0.00, real=0.03 secs] 
2011-03-01T02:30:01.805+0000: 5303.196: [GC 5303.197: [ParNew: 354922K->40960K(368640K), 0.0543870 secs] 5223603K->4942417K(12541952K), 0.0548550 secs] [Times: user=0.40 sys=0.00, real=0.05 secs] 
2011-03-01T02:30:03.387+0000: 5304.778: [GC 5304.778: [ParNew: 368613K->15827K(368640K), 0.0457850 secs] 5270070K->4939693K(12541952K), 0.0462500 secs] [Times: user=0.32 sys=0.00, real=0.05 secs] 
2011-03-01T02:30:03.989+0000: 5305.380: [GC 5305.380: [ParNew: 343464K->25940K(368640K), 0.0265840 secs] 5267330K->4949806K(12541952K), 0.0270680 secs] [Times: user=0.24 sys=0.00, real=0.03 secs] 
2011-03-01T02:30:04.744+0000: 5306.135: [GC 5306.136: [ParNew: 353598K->23247K(368640K), 0.0317040 secs] 5277464K->4953458K(12541952K), 0.0321840 secs] [Times: user=0.24 sys=0.01, real=0.03 secs] 
2011-03-01T02:30:05.408+0000: 5306.799: [GC 5306.800: [ParNew: 350927K->38524K(368640K), 0.0254850 secs] 5281138K->4968734K(12541952K), 0.0259660 secs] [Times: user=0.20 sys=0.00, real=0.03 secs] 
2011-03-01T02:30:05.937+0000: 5307.328: [GC 5307.328: [ParNew: 366195K->21560K(368640K), 0.0338850 secs] 5296405K->4957146K(12541952K), 0.0343640 secs] [Times: user=0.24 sys=0.00, real=0.03 secs] 
2011-03-01T02:30:06.847+0000: 5308.238: [GC 5308.239: [ParNew: 349240K->31785K(368640K), 0.0334250 secs] 5284826K->4967370K(12541952K), 0.0339000 secs] [Times: user=0.24 sys=0.00, real=0.03 secs] 
2011-03-01T02:30:09.263+0000: 5310.654: [GC 5310.654: [ParNew: 359465K->40960K(368640K), 0.0478450 secs] 5295050K->4984362K(12541952K), 0.0483170 secs] [Times: user=0.33 sys=0.00, real=0.04 secs] 
2011-03-01T02:30:12.687+0000: 5314.078: [GC 5314.078: [ParNew: 368640K->26557K(368640K), 0.0521830 secs] 5312042K->4989003K(12541952K), 0.0526330 secs] [Times: user=0.38 sys=0.00, real=0.05 secs] 
2011-03-01T02:30:13.212+0000: 5314.604: [GC 5314.604: [ParNew: 354237K->34637K(368640K), 0.0400860 secs] 5316683K->4997084K(12541952K), 0.0405310 secs] [Times: user=0.29 sys=0.00, real=0.05 secs] 
2011-03-01T02:30:15.441+0000: 5316.832: [GC 5316.833: [ParNew: 362317K->24070K(368640K), 0.0524840 secs] 5324764K->5006635K(12541952K), 0.0528850 secs] [Times: user=0.39 sys=0.01, real=0.06 secs] 
2011-03-01T02:30:17.640+0000: 5319.031: [GC 5319.031: [ParNew: 351750K->40960K(368640K), 0.0449220 secs] 5334315K->5029996K(12541952K), 0.0453690 secs] [Times: user=0.36 sys=0.00, real=0.12 secs] 
2011-03-01T02:30:19.193+0000: 5320.584: [GC 5320.584: [ParNew: 368640K->25953K(368640K), 0.0511550 secs] 5357676K->5035240K(12541952K), 0.0516260 secs] [Times: user=0.36 sys=0.00, real=0.06 secs] 
2011-03-01T02:30:20.511+0000: 5321.902: [GC 5321.902: [ParNew: 353633K->23479K(368640K), 0.0464540 secs] 5362920K->5044481K(12541952K), 0.0468110 secs] [Times: user=0.38 sys=0.00, real=0.05 secs] 
2011-03-01T02:30:22.534+0000: 5323.925: [GC 5323.926: [ParNew: 351159K->40960K(368640K), 0.0459720 secs] 5372161K->5065969K(12541952K), 0.0463230 secs] [Times: user=0.33 sys=0.00, real=0.04 secs] 
2011-03-01T02:30:24.806+0000: 5326.197: [GC 5326.197: [ParNew: 368640K->17092K(368640K), 0.0552200 secs] 5393649K->5064072K(12541952K), 0.0556560 secs] [Times: user=0.40 sys=0.00, real=0.05 secs] 
2011-03-01T02:30:26.660+0000: 5328.051: [GC 5328.051: [ParNew: 344772K->40960K(368640K), 0.0438410 secs] 5391752K->5090996K(12541952K), 0.0443380 secs] [Times: user=0.33 sys=0.01, real=0.05 secs] 
2011-03-01T02:30:28.093+0000: 5329.484: [GC 5329.484: [ParNew: 368640K->18888K(368640K), 0.0554260 secs] 5418676K->5091512K(12541952K), 0.0557790 secs] [Times: user=0.42 sys=0.00, real=0.05 secs] 
2011-03-01T02:30:29.296+0000: 5330.687: [GC 5330.688: [ParNew: 346568K->40960K(368640K), 0.0462630 secs] 5419192K->5119083K(12541952K), 0.0466140 secs] [Times: user=0.32 sys=0.00, real=0.05 secs] 
2011-03-01T02:30:30.639+0000: 5332.030: [GC 5332.030: [ParNew: 368640K->21730K(368640K), 0.0532100 secs] 5446773K->5121198K(12541952K), 0.0535580 secs] [Times: user=0.40 sys=0.00, real=0.06 secs] 
2011-03-01T02:30:30.695+0000: 5332.086: [GC 5332.086: [ParNew: 21825K->22462K(368640K), 0.0326440 secs] 5121293K->5121930K(12541952K), 0.0329250 secs] [Times: user=0.24 sys=0.00, real=0.03 secs] 
2011-03-01T02:30:31.929+0000: 5333.320: [GC 5333.320: [ParNew: 350142K->40960K(368640K), 0.0468210 secs] 5449610K->5145531K(12541952K), 0.0472860 secs] [Times: user=0.39 sys=0.00, real=0.05 secs] 
2011-03-01T02:30:33.564+0000: 5334.955: [GC 5334.955: [ParNew: 368640K->16739K(368640K), 0.0534740 secs] 5473211K->5145516K(12541952K), 0.0539440 secs] [Times: user=0.39 sys=0.00, real=0.05 secs] 
2011-03-01T02:30:34.893+0000: 5336.284: [GC 5336.285: [ParNew: 344419K->40960K(368640K), 0.0517710 secs] 5473196K->5180035K(12541952K), 0.0522340 secs] [Times: user=0.38 sys=0.00, real=0.05 secs] 
2011-03-01T02:30:35.376+0000: 5336.767: [GC 5336.768: [ParNew: 368640K->26155K(368640K), 0.0566790 secs] 5507715K->5183531K(12541952K), 0.0571490 secs] [Times: user=0.40 sys=0.00, real=0.06 secs] 
2011-03-01T02:30:35.861+0000: 5337.253: [GC 5337.253: [ParNew: 353835K->40960K(368640K), 0.0587120 secs] 5511211K->5214598K(12541952K), 0.0591230 secs] [Times: user=0.46 sys=0.00, real=0.06 secs] 
2011-03-01T02:30:36.077+0000: 5337.468: [GC 5337.469: [ParNew: 368640K->40960K(368640K), 0.0655750 secs] 5542278K->5307440K(12541952K), 0.0659260 secs] [Times: user=0.47 sys=0.00, real=0.07 secs] 
2011-03-01T02:30:36.424+0000: 5337.815: [GC 5337.815: [ParNew: 368640K->40908K(368640K), 0.0478590 secs] 5635120K->5315838K(12541952K), 0.0482730 secs] [Times: user=0.33 sys=0.02, real=0.04 secs] 
2011-03-01T02:30:36.705+0000: 5338.097: [GC 5338.097: [ParNew: 368588K->40960K(368640K), 0.0575710 secs] 5643518K->5328903K(12541952K), 0.0580420 secs] [Times: user=0.40 sys=0.00, real=0.06 secs] 
2011-03-01T02:30:37.025+0000: 5338.417: [GC 5338.417: [ParNew: 368640K->40960K(368640K), 0.0623350 secs] 5656583K->5346922K(12541952K), 0.0627940 secs] [Times: user=0.44 sys=0.00, real=0.06 secs] 
2011-03-01T02:30:37.348+0000: 5338.739: [GC 5338.740: [ParNew: 368640K->40960K(368640K), 0.0623450 secs] 5674602K->5363768K(12541952K), 0.0626980 secs] [Times: user=0.48 sys=0.00, real=0.06 secs] 
2011-03-01T02:30:37.777+0000: 5339.168: [GC 5339.168: [ParNew: 368640K->40960K(368640K), 0.0579340 secs] 5691448K->5382437K(12541952K), 0.0582830 secs] [Times: user=0.41 sys=0.00, real=0.06 secs] 
2011-03-01T02:30:38.108+0000: 5339.499: [GC 5339.500: [ParNew: 368478K->40960K(368640K), 0.0571550 secs] 5709955K->5394058K(12541952K), 0.0575130 secs] [Times: user=0.41 sys=0.00, real=0.06 secs] 
2011-03-01T02:30:38.465+0000: 5339.856: [GC 5339.856: [ParNew: 368640K->40316K(368640K), 0.0924440 secs] 5721738K->5425426K(12541952K), 0.0928020 secs] [Times: user=0.59 sys=0.01, real=0.09 secs] 
2011-03-01T02:30:38.853+0000: 5340.244: [GC 5340.245: [ParNew: 367996K->38532K(368640K), 0.0384930 secs] 5753106K->5423642K(12541952K), 0.0388440 secs] [Times: user=0.29 sys=0.00, real=0.04 secs] 
2011-03-01T02:30:39.253+0000: 5340.645: [GC 5340.645: [ParNew: 366212K->40960K(368640K), 0.0534540 secs] 5751322K->5440760K(12541952K), 0.0538070 secs] [Times: user=0.38 sys=0.01, real=0.05 secs] 
2011-03-01T02:30:39.940+0000: 5341.331: [GC 5341.331: [ParNew: 368640K->22997K(368640K), 0.0535690 secs] 5768440K->5442459K(12541952K), 0.0539160 secs] [Times: user=0.40 sys=0.01, real=0.06 secs] 
2011-03-01T02:30:40.712+0000: 5342.104: [GC 5342.104: [ParNew: 350677K->16512K(368640K), 0.0366790 secs] 5770139K->5435975K(12541952K), 0.0370270 secs] [Times: user=0.29 sys=0.00, real=0.03 secs] 
2011-03-01T02:30:41.224+0000: 5342.615: [GC 5342.615: [ParNew: 344192K->40960K(368640K), 0.0446750 secs] 5763655K->5461416K(12541952K), 0.0450210 secs] [Times: user=0.36 sys=0.00, real=0.04 secs] 
2011-03-01T02:30:41.880+0000: 5343.271: [GC 5343.271: [ParNew: 368640K->15327K(368640K), 0.0553670 secs] 5789096K->5456519K(12541952K), 0.0558430 secs] [Times: user=0.38 sys=0.03, real=0.06 secs] 
2011-03-01T02:30:42.951+0000: 5344.342: [GC 5344.342: [ParNew: 343007K->32277K(368640K), 0.0446700 secs] 5784199K->5539006K(12541952K), 0.0451370 secs] [Times: user=0.36 sys=0.00, real=0.05 secs] 
2011-03-01T02:30:43.557+0000: 5344.948: [GC 5344.948: [ParNew: 359957K->28068K(368640K), 0.0413750 secs] 5866686K->5560754K(12541952K), 0.0417750 secs] [Times: user=0.31 sys=0.00, real=0.04 secs] 
2011-03-01T02:30:44.287+0000: 5345.679: [GC 5345.679: [ParNew: 355748K->9878K(368640K), 0.0276390 secs] 5888434K->5553086K(12541952K), 0.0279870 secs] [Times: user=0.23 sys=0.00, real=0.03 secs] 
2011-03-01T02:30:44.993+0000: 5346.384: [GC 5346.384: [ParNew: 337558K->16057K(368640K), 0.0246140 secs] 5880766K->5559265K(12541952K), 0.0249700 secs] [Times: user=0.21 sys=0.00, real=0.02 secs] 
2011-03-01T02:30:45.560+0000: 5346.951: [GC 5346.951: [ParNew: 343737K->20451K(368640K), 0.0267140 secs] 5886945K->5563659K(12541952K), 0.0270640 secs] [Times: user=0.24 sys=0.00, real=0.03 secs] 
2011-03-01T02:30:46.300+0000: 5347.691: [GC 5347.692: [ParNew: 348131K->40960K(368640K), 0.0330320 secs] 5891339K->5586122K(12541952K), 0.0333910 secs] [Times: user=0.25 sys=0.00, real=0.04 secs] 
2011-03-01T02:30:47.038+0000: 5348.430: [GC 5348.430: [ParNew: 368640K->14149K(368640K), 0.0386680 secs] 5913802K->5579666K(12541952K), 0.0390150 secs] [Times: user=0.26 sys=0.00, real=0.04 secs] 
2011-03-01T02:30:47.771+0000: 5349.162: [GC 5349.162: [ParNew: 341829K->11388K(368640K), 0.0247340 secs] 5907346K->5576905K(12541952K), 0.0250780 secs] [Times: user=0.23 sys=0.00, real=0.03 secs] 
2011-03-01T02:30:48.503+0000: 5349.894: [GC 5349.895: [ParNew: 339068K->31269K(368640K), 0.0283990 secs] 5904585K->5596787K(12541952K), 0.0287470 secs] [Times: user=0.18 sys=0.00, real=0.02 secs] 
2011-03-01T02:30:49.414+0000: 5350.806: [GC 5350.806: [ParNew: 358949K->28609K(368640K), 0.0349500 secs] 5924467K->5601849K(12541952K), 0.0352960 secs] [Times: user=0.24 sys=0.00, real=0.03 secs] 
2011-03-01T02:30:50.352+0000: 5351.743: [GC 5351.743: [ParNew: 356289K->32927K(368640K), 0.0288580 secs] 5929529K->5612046K(12541952K), 0.0293280 secs] [Times: user=0.21 sys=0.00, real=0.03 secs] 
2011-03-01T02:30:51.010+0000: 5352.401: [GC 5352.401: [ParNew: 360607K->11035K(368640K), 0.0273650 secs] 5939726K->5596892K(12541952K), 0.0278300 secs] [Times: user=0.24 sys=0.00, real=0.03 secs] 
2011-03-01T02:30:51.766+0000: 5353.157: [GC 5353.157: [ParNew: 338715K->13836K(368640K), 0.0266760 secs] 5924572K->5599693K(12541952K), 0.0271350 secs] [Times: user=0.17 sys=0.00, real=0.03 secs] 
2011-03-01T02:30:52.515+0000: 5353.906: [GC 5353.906: [ParNew: 341516K->40960K(368640K), 0.0387710 secs] 5927373K->5634997K(12541952K), 0.0392360 secs] [Times: user=0.25 sys=0.00, real=0.04 secs] 
2011-03-01T02:30:53.265+0000: 5354.656: [GC 5354.656: [ParNew: 368640K->11792K(368640K), 0.0433020 secs] 5962677K->5621745K(12541952K), 0.0437740 secs] [Times: user=0.32 sys=0.00, real=0.04 secs] 
2011-03-01T02:30:54.004+0000: 5355.396: [GC 5355.396: [ParNew: 339472K->25475K(368640K), 0.0329330 secs] 5949425K->5635429K(12541952K), 0.0333880 secs] [Times: user=0.24 sys=0.00, real=0.03 secs] 
2011-03-01T02:30:54.538+0000: 5355.929: [GC 5355.930: [ParNew: 353141K->22118K(368640K), 0.0396750 secs] 5963095K->5636203K(12541952K), 0.0402730 secs] [Times: user=0.32 sys=0.00, real=0.04 secs] 
2011-03-01T02:30:54.880+0000: 5356.271: [GC 5356.271: [ParNew: 349798K->40960K(368640K), 0.0360240 secs] 5963883K->5657583K(12541952K), 0.0365030 secs] [Times: user=0.31 sys=0.01, real=0.04 secs] 
2011-03-01T02:30:55.306+0000: 5356.697: [GC 5356.697: [ParNew: 368640K->16066K(368640K), 0.0420550 secs] 5985263K->5651936K(12541952K), 0.0424760 secs] [Times: user=0.31 sys=0.00, real=0.04 secs] 
2011-03-01T02:30:55.747+0000: 5357.138: [GC 5357.139: [ParNew: 343746K->14684K(368640K), 0.0255940 secs] 5979616K->5650554K(12541952K), 0.0259510 secs] [Times: user=0.19 sys=0.00, real=0.03 secs] 
2011-03-01T02:30:56.089+0000: 5357.481: [GC 5357.481: [ParNew: 342364K->13838K(368640K), 0.0272270 secs] 5978234K->5649709K(12541952K), 0.0275850 secs] [Times: user=0.24 sys=0.00, real=0.03 secs] 
2011-03-01T02:30:56.434+0000: 5357.825: [GC 5357.826: [ParNew: 341518K->11283K(368640K), 0.0285550 secs] 5977389K->5647154K(12541952K), 0.0289090 secs] [Times: user=0.18 sys=0.01, real=0.03 secs] 
2011-03-01T02:30:56.792+0000: 5358.183: [GC 5358.183: [ParNew: 338963K->9661K(368640K), 0.0339070 secs] 5974834K->5647681K(12541952K), 0.0342640 secs] [Times: user=0.27 sys=0.01, real=0.04 secs] 
2011-03-01T02:30:57.162+0000: 5358.553: [GC 5358.553: [ParNew: 337341K->9710K(368640K), 0.0304680 secs] 5975361K->5649345K(12541952K), 0.0308240 secs] [Times: user=0.22 sys=0.00, real=0.04 secs] 
2011-03-01T02:30:57.507+0000: 5358.898: [GC 5358.899: [ParNew: 337392K->11214K(368640K), 0.0313290 secs] 5977026K->5653135K(12541952K), 0.0316770 secs] [Times: user=0.23 sys=0.01, real=0.03 secs] 
2011-03-01T02:30:57.541+0000: 5358.932: [GC 5358.932: [ParNew: 11419K->9257K(368640K), 0.0273400 secs] 5653340K->5652184K(12541952K), 0.0276240 secs] [Times: user=0.24 sys=0.00, real=0.03 secs] 
2011-03-01T02:30:57.930+0000: 5359.322: [GC 5359.322: [ParNew: 336879K->10714K(368640K), 0.0307750 secs] 5979806K->5655206K(12541952K), 0.0311500 secs] [Times: user=0.24 sys=0.00, real=0.03 secs] 
2011-03-01T02:30:58.351+0000: 5359.742: [GC 5359.743: [ParNew: 338394K->12965K(368640K), 0.0290660 secs] 5982886K->5658029K(12541952K), 0.0294190 secs] [Times: user=0.23 sys=0.00, real=0.03 secs] 
2011-03-01T02:30:58.729+0000: 5360.120: [GC 5360.120: [ParNew: 340645K->25042K(368640K), 0.0328730 secs] 5985709K->5671951K(12541952K), 0.0332260 secs] [Times: user=0.23 sys=0.00, real=0.04 secs] 
2011-03-01T02:30:59.230+0000: 5360.621: [GC 5360.621: [ParNew: 352722K->35837K(368640K), 0.0312570 secs] 5999631K->5682746K(12541952K), 0.0316080 secs] [Times: user=0.24 sys=0.00, real=0.03 secs] 
2011-03-01T02:30:59.637+0000: 5361.028: [GC 5361.028: [ParNew: 363517K->30101K(368640K), 0.0343070 secs] 6010426K->5683392K(12541952K), 0.0346670 secs] [Times: user=0.24 sys=0.00, real=0.03 secs] 
2011-03-01T02:31:00.031+0000: 5361.422: [GC 5361.423: [ParNew: 357956K->10509K(368640K), 0.0394410 secs] 6011246K->5669135K(12541952K), 0.0398010 secs] [Times: user=0.23 sys=0.00, real=0.04 secs] 
2011-03-01T02:31:00.356+0000: 5361.748: [GC 5361.748: [ParNew: 338167K->14702K(368640K), 0.0308330 secs] 5996793K->5673328K(12541952K), 0.0312580 secs] [Times: user=0.24 sys=0.00, real=0.03 secs] 
2011-03-01T02:31:00.674+0000: 5362.065: [GC 5362.065: [ParNew: 342382K->19420K(368640K), 0.0316730 secs] 6001008K->5678046K(12541952K), 0.0320270 secs] [Times: user=0.26 sys=0.00, real=0.03 secs] 
2011-03-01T02:31:00.988+0000: 5362.380: [GC 5362.380: [ParNew: 347100K->37326K(368640K), 0.0362050 secs] 6005726K->5697726K(12541952K), 0.0365660 secs] [Times: user=0.28 sys=0.00, real=0.04 secs] 
2011-03-01T02:31:01.433+0000: 5362.825: [GC 5362.825: [ParNew: 365006K->23489K(368640K), 0.0402160 secs] 6025406K->5696226K(12541952K), 0.0405810 secs] [Times: user=0.26 sys=0.00, real=0.04 secs] 
2011-03-01T02:31:02.699+0000: 5364.090: [GC 5364.090: [ParNew: 351169K->24707K(368640K), 0.0295480 secs] 6023906K->5697444K(12541952K), 0.0299250 secs] [Times: user=0.24 sys=0.00, real=0.03 secs] 
2011-03-01T02:31:04.596+0000: 5365.987: [GC 5365.987: [ParNew: 352387K->16381K(368640K), 0.0385900 secs] 6025124K->5695182K(12541952K), 0.0389370 secs] [Times: user=0.27 sys=0.00, real=0.04 secs] 
2011-03-01T02:31:06.860+0000: 5368.251: [GC 5368.251: [ParNew: 344061K->39789K(368640K), 0.0413970 secs] 6022862K->5718589K(12541952K), 0.0417570 secs] [Times: user=0.32 sys=0.00, real=0.04 secs] 
2011-03-01T02:31:09.016+0000: 5370.407: [GC 5370.407: [ParNew: 367469K->23756K(368640K), 0.0587150 secs] 6046269K->5725539K(12541952K), 0.0590690 secs] [Times: user=0.41 sys=0.00, real=0.06 secs] 
2011-03-01T02:31:11.414+0000: 5372.805: [GC 5372.805: [ParNew: 351436K->40960K(368640K), 0.0373750 secs] 6053219K->5742742K(12541952K), 0.0377260 secs] [Times: user=0.24 sys=0.01, real=0.03 secs] 
2011-03-01T02:31:13.888+0000: 5375.279: [GC 5375.280: [ParNew: 368640K->20515K(368640K), 0.0485130 secs] 6070444K->5741858K(12541952K), 0.0488610 secs] [Times: user=0.36 sys=0.00, real=0.05 secs] 
2011-03-01T02:31:16.301+0000: 5377.692: [GC 5377.692: [ParNew: 348304K->40960K(368640K), 0.0394070 secs] 6069647K->5768730K(12541952K), 0.0397480 secs] [Times: user=0.32 sys=0.00, real=0.04 secs] 
2011-03-01T02:31:16.343+0000: 5377.734: [GC 5377.734: [ParNew: 41400K->10896K(368640K), 0.0347370 secs] 5769170K->5755127K(12541952K), 0.0350620 secs] [Times: user=0.27 sys=0.00, real=0.03 secs] 
2011-03-01T02:31:18.334+0000: 5379.725: [GC 5379.725: [ParNew: 338576K->34810K(368640K), 0.0255620 secs] 6082807K->5779042K(12541952K), 0.0259090 secs] [Times: user=0.17 sys=0.00, real=0.02 secs] 
2011-03-01T02:31:19.886+0000: 5381.277: [GC 5381.277: [ParNew: 362490K->29875K(368640K), 0.0363490 secs] 6106722K->5784759K(12541952K), 0.0366980 secs] [Times: user=0.24 sys=0.00, real=0.04 secs] 
2011-03-01T02:31:21.111+0000: 5382.502: [GC 5382.502: [ParNew: 357555K->34708K(368640K), 0.0588270 secs] 6112439K->5815274K(12541952K), 0.0591720 secs] [Times: user=0.47 sys=0.00, real=0.06 secs] 
2011-03-01T02:31:24.508+0000: 5385.899: [GC 5385.900: [ParNew: 362388K->13703K(368640K), 0.0378090 secs] 6142954K->5808596K(12541952K), 0.0381580 secs] [Times: user=0.28 sys=0.01, real=0.04 secs] 
2011-03-01T02:31:25.947+0000: 5387.338: [GC 5387.338: [ParNew: 341383K->40960K(368640K), 0.0422140 secs] 6136276K->5844614K(12541952K), 0.0425650 secs] [Times: user=0.32 sys=0.00, real=0.04 secs] 
2011-03-01T02:31:27.403+0000: 5388.794: [GC 5388.795: [ParNew: 368640K->37267K(368640K), 0.0494100 secs] 6172294K->5856815K(12541952K), 0.0497560 secs] [Times: user=0.33 sys=0.00, real=0.05 secs] 
2011-03-01T02:31:28.780+0000: 5390.171: [GC 5390.171: [ParNew: 364947K->24875K(368640K), 0.0420010 secs] 6184495K->5855840K(12541952K), 0.0423510 secs] [Times: user=0.32 sys=0.00, real=0.05 secs] 
2011-03-01T02:31:30.126+0000: 5391.517: [GC 5391.517: [ParNew: 352555K->33578K(368640K), 0.0422980 secs] 6183520K->5876053K(12541952K), 0.0426640 secs] [Times: user=0.31 sys=0.00, real=0.04 secs] 
2011-03-01T02:31:31.468+0000: 5392.859: [GC 5392.860: [ParNew: 361258K->17750K(368640K), 0.0431850 secs] 6203733K->5871097K(12541952K), 0.0435990 secs] [Times: user=0.32 sys=0.00, real=0.04 secs] 
2011-03-01T02:31:32.852+0000: 5394.244: [GC 5394.244: [ParNew: 345430K->40960K(368640K), 0.0437160 secs] 6198777K->5895252K(12541952K), 0.0440650 secs] [Times: user=0.36 sys=0.00, real=0.04 secs] 
2011-03-01T02:31:34.372+0000: 5395.764: [GC 5395.764: [ParNew: 368640K->21726K(368640K), 0.0471730 secs] 6222932K->5895304K(12541952K), 0.0475220 secs] [Times: user=0.36 sys=0.00, real=0.04 secs] 
2011-03-01T02:31:35.214+0000: 5396.605: [GC 5396.605: [ParNew: 349406K->40960K(368640K), 0.0452240 secs] 6222984K->5921415K(12541952K), 0.0455720 secs] [Times: user=0.31 sys=0.01, real=0.04 secs] 
2011-03-01T02:31:36.030+0000: 5397.421: [GC 5397.421: [ParNew: 368640K->40960K(368640K), 0.0703900 secs] 6249095K->5947859K(12541952K), 0.0707440 secs] [Times: user=0.53 sys=0.00, real=0.07 secs] 
2011-03-01T02:31:36.369+0000: 5397.760: [GC 5397.760: [ParNew: 368640K->40960K(368640K), 0.0644130 secs] 6275539K->5961119K(12541952K), 0.0647670 secs] [Times: user=0.47 sys=0.00, real=0.07 secs] 
2011-03-01T02:31:36.643+0000: 5398.034: [GC 5398.034: [ParNew: 368640K->40960K(368640K), 0.0545490 secs] 6288799K->5975905K(12541952K), 0.0548990 secs] [Times: user=0.40 sys=0.00, real=0.05 secs] 
2011-03-01T02:31:36.956+0000: 5398.347: [GC 5398.348: [ParNew: 368640K->40960K(368640K), 0.0510210 secs] 6303585K->5986923K(12541952K), 0.0514970 secs] [Times: user=0.38 sys=0.00, real=0.05 secs] 
2011-03-01T02:31:37.314+0000: 5398.705: [GC 5398.706: [ParNew: 368640K->40960K(368640K), 0.0516200 secs] 6314603K->6001072K(12541952K), 0.0520910 secs] [Times: user=0.33 sys=0.01, real=0.05 secs] 
2011-03-01T02:31:37.603+0000: 5398.994: [GC 5398.994: [ParNew: 368640K->40960K(368640K), 0.0483550 secs] 6328752K->6010430K(12541952K), 0.0488250 secs] [Times: user=0.37 sys=0.01, real=0.04 secs] 
2011-03-01T02:31:38.248+0000: 5399.639: [GC 5399.639: [ParNew: 368640K->37661K(368640K), 0.0514920 secs] 6338165K->6020872K(12541952K), 0.0519480 secs] [Times: user=0.39 sys=0.01, real=0.05 secs] 
2011-03-01T02:31:38.302+0000: 5399.693: [GC 5399.693: [ParNew: 37919K->19919K(368640K), 0.0519200 secs] 6021129K->6033678K(12541952K), 0.0523150 secs] [Times: user=0.37 sys=0.01, real=0.06 secs] 
2011-03-01T02:31:38.858+0000: 5400.249: [GC 5400.250: [ParNew: 347599K->40960K(368640K), 0.0344920 secs] 6361358K->6057929K(12541952K), 0.0348430 secs] [Times: user=0.24 sys=0.00, real=0.04 secs] 
2011-03-01T02:31:39.365+0000: 5400.757: [GC 5400.757: [ParNew: 368640K->24105K(368640K), 0.0392400 secs] 6385609K->6053776K(12541952K), 0.0395870 secs] [Times: user=0.27 sys=0.00, real=0.04 secs] 
2011-03-01T02:31:41.008+0000: 5402.399: [GC 5402.399: [ParNew: 351785K->35885K(368640K), 0.0347720 secs] 6381456K->6065555K(12541952K), 0.0351230 secs] [Times: user=0.24 sys=0.00, real=0.04 secs] 
2011-03-01T02:31:41.912+0000: 5403.303: [GC 5403.303: [ParNew: 363565K->33452K(368640K), 0.0409510 secs] 6393235K->6071771K(12541952K), 0.0413120 secs] [Times: user=0.30 sys=0.00, real=0.05 secs] 
2011-03-01T02:31:43.330+0000: 5404.721: [GC 5404.721: [ParNew: 361132K->11508K(368640K), 0.0382970 secs] 6399451K->6063280K(12541952K), 0.0386450 secs] [Times: user=0.32 sys=0.00, real=0.04 secs] 
2011-03-01T02:31:44.783+0000: 5406.174: [GC 5406.174: [ParNew: 339188K->33919K(368640K), 0.0263570 secs] 6390960K->6085691K(12541952K), 0.0267050 secs] [Times: user=0.20 sys=0.01, real=0.03 secs] 
2011-03-01T02:31:46.293+0000: 5407.684: [GC 5407.685: [ParNew: 361599K->36285K(368640K), 0.0317190 secs] 6413371K->6093736K(12541952K), 0.0320880 secs] [Times: user=0.24 sys=0.01, real=0.03 secs] 
2011-03-01T02:31:47.826+0000: 5409.218: [GC 5409.218: [ParNew: 363958K->37833K(368640K), 0.0315990 secs] 6421409K->6102972K(12541952K), 0.0319490 secs] [Times: user=0.24 sys=0.00, real=0.03 secs] 
2011-03-01T02:31:49.192+0000: 5410.584: [GC 5410.584: [ParNew: 365513K->36318K(368640K), 0.0381710 secs] 6430652K->6107162K(12541952K), 0.0385160 secs] [Times: user=0.31 sys=0.00, real=0.03 secs] 
2011-03-01T02:31:50.923+0000: 5412.314: [GC 5412.314: [ParNew: 363998K->23016K(368640K), 0.0443710 secs] 6434842K->6107265K(12541952K), 0.0447440 secs] [Times: user=0.36 sys=0.00, real=0.04 secs] 
2011-03-01T02:31:52.058+0000: 5413.449: [GC 5413.450: [ParNew: 350696K->40960K(368640K), 0.0595860 secs] 6434945K->6144743K(12541952K), 0.0599320 secs] [Times: user=0.48 sys=0.00, real=0.06 secs] 
2011-03-01T02:31:53.333+0000: 5414.724: [GC 5414.725: [ParNew: 368640K->10388K(368640K), 0.0355900 secs] 6472423K->6131964K(12541952K), 0.0359440 secs] [Times: user=0.29 sys=0.00, real=0.03 secs] 
2011-03-01T02:31:54.477+0000: 5415.868: [GC 5415.868: [ParNew: 338068K->25678K(368640K), 0.0331990 secs] 6459644K->6147254K(12541952K), 0.0335600 secs] [Times: user=0.24 sys=0.00, real=0.03 secs] 
2011-03-01T02:31:55.156+0000: 5416.547: [GC 5416.548: [ParNew: 353342K->27449K(368640K), 0.0318900 secs] 6474918K->6152821K(12541952K), 0.0322510 secs] [Times: user=0.23 sys=0.00, real=0.03 secs] 
2011-03-01T02:31:55.633+0000: 5417.024: [GC 5417.025: [ParNew: 355129K->17448K(368640K), 0.0272610 secs] 6480501K->6149896K(12541952K), 0.0276230 secs] [Times: user=0.20 sys=0.01, real=0.03 secs] 
2011-03-01T02:31:56.157+0000: 5417.548: [GC 5417.548: [ParNew: 345101K->21893K(368640K), 0.0232520 secs] 6477549K->6154341K(12541952K), 0.0299750 secs] [Times: user=0.18 sys=0.00, real=0.03 secs] 
2011-03-01T02:31:56.763+0000: 5418.155: [GC 5418.155: [ParNew: 349534K->30890K(368640K), 0.0245050 secs] 6481982K->6163338K(12541952K), 0.0249840 secs] [Times: user=0.18 sys=0.00, real=0.02 secs] 
2011-03-01T02:31:57.302+0000: 5418.693: [GC 5418.693: [ParNew: 358570K->27381K(368640K), 0.0263060 secs] 6491018K->6163884K(12541952K), 0.0267820 secs] [Times: user=0.22 sys=0.02, real=0.03 secs] 
2011-03-01T02:31:58.075+0000: 5419.467: [GC 5419.467: [ParNew: 355061K->24437K(368640K), 0.0305110 secs] 6491564K->6164281K(12541952K), 0.0309940 secs] [Times: user=0.21 sys=0.00, real=0.03 secs] 
2011-03-01T02:31:58.605+0000: 5419.996: [GC 5419.997: [ParNew: 352099K->24765K(368640K), 0.0236860 secs] 6491943K->6164609K(12541952K), 0.0241680 secs] [Times: user=0.16 sys=0.00, real=0.02 secs] 
2011-03-01T02:31:59.244+0000: 5420.635: [GC 5420.636: [ParNew: 352445K->18321K(368640K), 0.0252280 secs] 6492289K->6161544K(12541952K), 0.0257060 secs] [Times: user=0.18 sys=0.00, real=0.02 secs] 
2011-03-01T02:31:59.939+0000: 5421.330: [GC 5421.331: [ParNew: 345977K->13311K(368640K), 0.0241960 secs] 6489199K->6159382K(12541952K), 0.0246750 secs] [Times: user=0.17 sys=0.00, real=0.03 secs] 
2011-03-01T02:32:00.360+0000: 5421.751: [GC 5421.751: [ParNew: 340991K->27439K(368640K), 0.0265270 secs] 6487062K->6174668K(12541952K), 0.0270140 secs] [Times: user=0.24 sys=0.00, real=0.03 secs] 
2011-03-01T02:32:00.890+0000: 5422.282: [GC 5422.282: [ParNew: 355116K->33013K(368640K), 0.0282870 secs] 6502345K->6183891K(12541952K), 0.0287840 secs] [Times: user=0.24 sys=0.00, real=0.03 secs] 
2011-03-01T02:32:01.289+0000: 5422.680: [GC 5422.681: [ParNew: 360633K->21605K(368640K), 0.0313420 secs] 6511510K->6182926K(12541952K), 0.0361940 secs] [Times: user=0.17 sys=0.01, real=0.04 secs] 
2011-03-01T02:32:02.945+0000: 5424.337: [GC 5424.337: [ParNew: 349285K->22329K(368640K), 0.0238730 secs] 6510606K->6183649K(12541952K), 0.0244120 secs] [Times: user=0.16 sys=0.00, real=0.02 secs] 
2011-03-01T02:32:05.472+0000: 5426.863: [GC 5426.863: [ParNew: 350009K->39663K(368640K), 0.0276750 secs] 6511329K->6200983K(12541952K), 0.0281650 secs] [Times: user=0.23 sys=0.01, real=0.03 secs] 
2011-03-01T02:32:07.701+0000: 5429.092: [GC 5429.092: [ParNew: 367343K->27552K(368640K), 0.0379620 secs] 6528663K->6206646K(12541952K), 0.0384410 secs] [Times: user=0.32 sys=0.00, real=0.04 secs] 
2011-03-01T02:32:10.053+0000: 5431.444: [GC 5431.444: [ParNew: 355232K->30082K(368640K), 0.0308910 secs] 6534326K->6215392K(12541952K), 0.0313930 secs] [Times: user=0.19 sys=0.00, real=0.03 secs] 
2011-03-01T02:32:12.347+0000: 5433.738: [GC 5433.738: [ParNew: 357762K->16399K(368640K), 0.0291130 secs] 6543072K->6209979K(12541952K), 0.0295870 secs] [Times: user=0.22 sys=0.00, real=0.03 secs] 
2011-03-01T02:32:14.819+0000: 5436.210: [GC 5436.210: [ParNew: 344079K->25771K(368640K), 0.0273710 secs] 6537659K->6219351K(12541952K), 0.0278360 secs] [Times: user=0.24 sys=0.00, real=0.03 secs] 
2011-03-01T02:32:17.180+0000: 5438.571: [GC 5438.571: [ParNew: 353451K->40960K(368640K), 0.0326110 secs] 6547031K->6240749K(12541952K), 0.0330110 secs] [Times: user=0.23 sys=0.01, real=0.04 secs] 
2011-03-01T02:32:18.968+0000: 5440.360: [GC 5440.360: [ParNew: 368640K->13495K(368640K), 0.0424190 secs] 6568429K->6227524K(12541952K), 0.0427680 secs] [Times: user=0.32 sys=0.00, real=0.04 secs] 
2011-03-01T02:32:20.407+0000: 5441.798: [GC 5441.799: [ParNew: 341175K->40960K(368640K), 0.0382930 secs] 6555204K->6261410K(12541952K), 0.0386430 secs] [Times: user=0.28 sys=0.00, real=0.04 secs] 
2011-03-01T02:32:22.222+0000: 5443.613: [GC 5443.613: [ParNew: 368640K->24836K(368640K), 0.0316090 secs] 6589090K->6257201K(12541952K), 0.0319550 secs] [Times: user=0.23 sys=0.01, real=0.04 secs] 
2011-03-01T02:32:24.696+0000: 5446.087: [GC 5446.087: [ParNew: 352497K->20487K(368640K), 0.0302890 secs] 6584863K->6261211K(12541952K), 0.0307140 secs] [Times: user=0.21 sys=0.01, real=0.03 secs] 
2011-03-01T02:32:26.357+0000: 5447.748: [GC 5447.748: [ParNew: 348167K->29645K(368640K), 0.0357850 secs] 6588891K->6270370K(12541952K), 0.0362760 secs] [Times: user=0.25 sys=0.00, real=0.04 secs] 
2011-03-01T02:32:27.661+0000: 5449.052: [GC 5449.053: [ParNew: 357325K->25771K(368640K), 0.0317830 secs] 6598050K->6272422K(12541952K), 0.0322780 secs] [Times: user=0.23 sys=0.00, real=0.04 secs] 
2011-03-01T02:32:29.023+0000: 5450.414: [GC 5450.414: [ParNew: 353451K->40960K(368640K), 0.0455660 secs] 6600102K->6297312K(12541952K), 0.0460590 secs] [Times: user=0.36 sys=0.00, real=0.04 secs] 
2011-03-01T02:32:30.359+0000: 5451.750: [GC 5451.750: [ParNew: 368640K->35355K(368640K), 0.0427200 secs] 6624992K->6299815K(12541952K), 0.0431610 secs] [Times: user=0.31 sys=0.01, real=0.04 secs] 
2011-03-01T02:32:31.767+0000: 5453.158: [GC 5453.159: [ParNew: 361106K->25184K(368640K), 0.0439440 secs] 6625567K->6303300K(12541952K), 0.0443830 secs] [Times: user=0.31 sys=0.00, real=0.04 secs] 
2011-03-01T02:32:33.115+0000: 5454.506: [GC 5454.506: [ParNew: 352864K->30801K(368640K), 0.0310830 secs] 6630980K->6308917K(12541952K), 0.0315260 secs] [Times: user=0.25 sys=0.01, real=0.03 secs] 
2011-03-01T02:32:34.560+0000: 5455.951: [GC 5455.952: [ParNew: 358481K->40960K(368640K), 0.0442440 secs] 6636597K->6325595K(12541952K), 0.0446860 secs] [Times: user=0.35 sys=0.00, real=0.05 secs] 
2011-03-01T02:32:35.437+0000: 5456.829: [GC 5456.829: [ParNew: 368640K->15769K(368640K), 0.0484530 secs] 6653275K->6316870K(12541952K), 0.0489180 secs] [Times: user=0.34 sys=0.00, real=0.05 secs] 
2011-03-01T02:32:35.944+0000: 5457.335: [GC 5457.336: [ParNew: 343635K->40960K(368640K), 0.0575060 secs] 6644737K->6366624K(12541952K), 0.0579550 secs] [Times: user=0.36 sys=0.01, real=0.05 secs] 
2011-03-01T02:32:36.005+0000: 5457.396: [GC 5457.396: [ParNew: 41151K->11121K(368640K), 0.0552160 secs] 6366816K->6363508K(12541952K), 0.0555920 secs] [Times: user=0.39 sys=0.01, real=0.05 secs] 
2011-03-01T02:32:36.301+0000: 5457.692: [GC 5457.693: [ParNew: 338801K->31492K(368640K), 0.0433160 secs] 6691188K->6383879K(12541952K), 0.0437570 secs] [Times: user=0.33 sys=0.01, real=0.05 secs] 
2011-03-01T02:32:36.908+0000: 5458.300: [GC 5458.300: [ParNew: 359172K->40960K(368640K), 0.0587250 secs] 6711559K->6410058K(12541952K), 0.0591770 secs] [Times: user=0.42 sys=0.01, real=0.06 secs] 
2011-03-01T02:32:37.106+0000: 5458.497: [GC 5458.497: [ParNew: 368640K->40960K(368640K), 0.0969520 secs] 6737738K->6516503K(12541952K), 0.0974820 secs] [Times: user=0.68 sys=0.01, real=0.10 secs] 
2011-03-01T02:32:37.402+0000: 5458.793: [GC 5458.793: [ParNew: 368640K->40960K(368640K), 0.0625680 secs] 6844183K->6531981K(12541952K), 0.0631330 secs] [Times: user=0.43 sys=0.00, real=0.07 secs] 
2011-03-01T02:32:37.588+0000: 5458.979: [GC 5458.980: [ParNew: 368640K->40960K(368640K), 0.0794200 secs] 6859661K->6633918K(12541952K), 0.0797670 secs] [Times: user=0.56 sys=0.00, real=0.08 secs] 
2011-03-01T02:32:37.861+0000: 5459.252: [GC 5459.252: [ParNew: 368640K->40960K(368640K), 0.0519980 secs] 6961598K->6647592K(12541952K), 0.0523520 secs] [Times: user=0.40 sys=0.00, real=0.06 secs] 
2011-03-01T02:32:38.423+0000: 5459.814: [GC 5459.815: [ParNew: 368640K->31145K(368640K), 0.0618780 secs] 6975272K->6666581K(12541952K), 0.0622160 secs] [Times: user=0.41 sys=0.02, real=0.06 secs] 
2011-03-01T02:32:39.069+0000: 5460.460: [GC 5460.461: [ParNew: 358825K->17477K(368640K), 0.0419320 secs] 6994261K->6652913K(12541952K), 0.0422250 secs] [Times: user=0.32 sys=0.00, real=0.04 secs] 
2011-03-01T02:32:39.670+0000: 5461.061: [GC 5461.062: [ParNew: 345157K->26594K(368640K), 0.0342640 secs] 6980593K->6662031K(12541952K), 0.0345600 secs] [Times: user=0.29 sys=0.00, real=0.04 secs] 
2011-03-01T02:32:40.270+0000: 5461.661: [GC 5461.661: [ParNew: 354274K->27456K(368640K), 0.0350580 secs] 6989711K->6662893K(12541952K), 0.0353510 secs] [Times: user=0.30 sys=0.00, real=0.04 secs] 
2011-03-01T02:32:40.879+0000: 5462.270: [GC 5462.271: [ParNew: 355136K->18092K(368640K), 0.0430640 secs] 6990573K->6665402K(12541952K), 0.0433650 secs] [Times: user=0.32 sys=0.00, real=0.05 secs] 
2011-03-01T02:32:42.798+0000: 5464.189: [GC 5464.189: [ParNew: 345772K->21469K(368640K), 0.0368230 secs] 6993082K->6671089K(12541952K), 0.0371560 secs] [Times: user=0.28 sys=0.00, real=0.04 secs] 
2011-03-01T02:32:44.515+0000: 5465.907: [GC 5465.908: [ParNew: 349149K->40960K(368640K), 0.0640960 secs] 6998769K->6708991K(12541952K), 0.0645060 secs] [Times: user=0.46 sys=0.00, real=0.06 secs] 
2011-03-01T02:32:44.838+0000: 5466.229: [GC 5466.230: [ParNew: 368640K->40960K(368640K), 0.0819680 secs] 7036671K->6741559K(12541952K), 0.0823350 secs] [Times: user=0.55 sys=0.00, real=0.08 secs] 
2011-03-01T02:32:45.144+0000: 5466.536: [GC 5466.536: [ParNew: 368640K->40960K(368640K), 0.0671010 secs] 7069239K->6764204K(12541952K), 0.0675970 secs] [Times: user=0.49 sys=0.00, real=0.07 secs] 
2011-03-01T02:32:45.495+0000: 5466.887: [GC 5466.887: [ParNew: 368640K->40960K(368640K), 0.0530810 secs] 7091884K->6785600K(12541952K), 0.0534420 secs] [Times: user=0.37 sys=0.01, real=0.05 secs] 
2011-03-01T02:32:45.885+0000: 5467.276: [GC 5467.276: [ParNew: 368640K->40960K(368640K), 0.0718430 secs] 7113280K->6799208K(12541952K), 0.0722010 secs] [Times: user=0.41 sys=0.01, real=0.07 secs] 
2011-03-01T02:32:46.368+0000: 5467.759: [GC 5467.759: [ParNew: 368640K->34923K(368640K), 0.0520610 secs] 7126888K->6811994K(12541952K), 0.0524820 secs] [Times: user=0.39 sys=0.00, real=0.05 secs] 
2011-03-01T02:32:47.647+0000: 5469.038: [GC 5469.039: [ParNew: 362603K->40960K(368640K), 0.0538840 secs] 7139674K->6828765K(12541952K), 0.0543630 secs] [Times: user=0.40 sys=0.00, real=0.05 secs] 
2011-03-01T02:32:49.338+0000: 5470.729: [GC 5470.729: [ParNew: 368640K->15877K(368640K), 0.0529120 secs] 7156445K->6825972K(12541952K), 0.0532710 secs] [Times: user=0.40 sys=0.00, real=0.05 secs] 
2011-03-01T02:32:50.935+0000: 5472.327: [GC 5472.327: [ParNew: 343557K->40960K(368640K), 0.0429050 secs] 7153652K->6852372K(12541952K), 0.0432640 secs] [Times: user=0.32 sys=0.00, real=0.04 secs] 
2011-03-01T02:32:52.403+0000: 5473.794: [GC 5473.794: [ParNew: 368640K->17862K(368640K), 0.0509150 secs] 7180052K->6853855K(12541952K), 0.0512700 secs] [Times: user=0.35 sys=0.01, real=0.05 secs] 
2011-03-01T02:32:53.772+0000: 5475.163: [GC 5475.163: [ParNew: 345542K->40960K(368640K), 0.0348080 secs] 7181535K->6877249K(12541952K), 0.0351600 secs] [Times: user=0.31 sys=0.01, real=0.04 secs] 
2011-03-01T02:32:54.587+0000: 5475.978: [GC 5475.979: [ParNew: 368640K->22492K(368640K), 0.0497110 secs] 7204929K->6886408K(12541952K), 0.0500850 secs] [Times: user=0.33 sys=0.00, real=0.05 secs] 
2011-03-01T02:32:55.204+0000: 5476.595: [GC 5476.595: [ParNew: 350158K->16449K(368640K), 0.0270650 secs] 7214075K->6880366K(12541952K), 0.0274330 secs] [Times: user=0.17 sys=0.00, real=0.02 secs] 
2011-03-01T02:32:55.641+0000: 5477.032: [GC 5477.032: [ParNew: 344113K->34776K(368640K), 0.0365430 secs] 7208029K->6898692K(12541952K), 0.0369110 secs] [Times: user=0.32 sys=0.00, real=0.04 secs] 
2011-03-01T02:32:56.198+0000: 5477.589: [GC 5477.590: [ParNew: 362443K->30071K(368640K), 0.0466200 secs] 7226359K->6905334K(12541952K), 0.0469900 secs] [Times: user=0.32 sys=0.00, real=0.05 secs] 
2011-03-01T02:32:56.664+0000: 5478.055: [GC 5478.055: [ParNew: 357750K->17598K(368640K), 0.0361700 secs] 7233012K->6900761K(12541952K), 0.0366090 secs] [Times: user=0.25 sys=0.00, real=0.03 secs] 
2011-03-01T02:32:57.302+0000: 5478.694: [GC 5478.694: [ParNew: 345278K->27975K(368640K), 0.0306410 secs] 7228441K->6911138K(12541952K), 0.0311370 secs] [Times: user=0.23 sys=0.01, real=0.03 secs] 
2011-03-01T02:32:57.911+0000: 5479.302: [GC 5479.302: [ParNew: 355608K->13439K(368640K), 0.0344710 secs] 7238771K->6902370K(12541952K), 0.0349680 secs] [Times: user=0.29 sys=0.01, real=0.04 secs] 
2011-03-01T02:32:59.963+0000: 5481.354: [GC 5481.354: [ParNew: 341119K->20418K(368640K), 0.0270660 secs] 7230050K->6909349K(12541952K), 0.0276100 secs] [Times: user=0.18 sys=0.00, real=0.02 secs] 
2011-03-01T02:33:00.253+0000: 5481.644: [GC 5481.645: [ParNew: 348098K->34592K(368640K), 0.0343120 secs] 7237029K->6926018K(12541952K), 0.0410460 secs] [Times: user=0.26 sys=0.00, real=0.04 secs] 
2011-03-01T02:33:00.598+0000: 5481.989: [GC 5481.989: [ParNew: 362272K->40960K(368640K), 0.0415800 secs] 7253698K->6941541K(12541952K), 0.0420650 secs] [Times: user=0.32 sys=0.00, real=0.04 secs] 
2011-03-01T02:33:01.060+0000: 5482.451: [GC 5482.451: [ParNew: 368600K->15659K(368640K), 0.0383150 secs] 7269182K->6934930K(12541952K), 0.0387920 secs] [Times: user=0.32 sys=0.00, real=0.04 secs] 
2011-03-01T02:33:01.704+0000: 5483.095: [GC 5483.096: [ParNew: 343339K->26564K(368640K), 0.0261910 secs] 7262610K->6945835K(12541952K), 0.0266770 secs] [Times: user=0.16 sys=0.00, real=0.03 secs] 
2011-03-01T02:33:02.481+0000: 5483.873: [GC 5483.873: [ParNew: 354244K->23374K(368640K), 0.0333500 secs] 7273515K->6947950K(12541952K), 0.0338620 secs] [Times: user=0.26 sys=0.00, real=0.04 secs] 
2011-03-01T02:33:04.346+0000: 5485.737: [GC 5485.737: [ParNew: 351054K->37206K(368640K), 0.0304740 secs] 7275630K->6961782K(12541952K), 0.0309710 secs] [Times: user=0.24 sys=0.00, real=0.03 secs] 
2011-03-01T02:33:06.696+0000: 5488.087: [GC 5488.088: [ParNew: 364886K->40960K(368640K), 0.0408220 secs] 7289462K->6974699K(12541952K), 0.0413070 secs] [Times: user=0.32 sys=0.00, real=0.04 secs] 
2011-03-01T02:33:09.189+0000: 5490.580: [GC 5490.580: [ParNew: 368640K->40960K(368640K), 0.0460580 secs] 7302379K->6987678K(12541952K), 0.0465210 secs] [Times: user=0.33 sys=0.00, real=0.05 secs] 
2011-03-01T02:33:11.448+0000: 5492.839: [GC 5492.839: [ParNew: 368640K->26500K(368640K), 0.0604630 secs] 7315358K->7001176K(12541952K), 0.0609430 secs] [Times: user=0.41 sys=0.00, real=0.06 secs] 
2011-03-01T02:33:13.489+0000: 5494.880: [GC 5494.880: [ParNew: 354180K->40960K(368640K), 0.0500010 secs] 7328856K->7028607K(12541952K), 0.0504770 secs] [Times: user=0.40 sys=0.00, real=0.05 secs] 
2011-03-01T02:33:15.763+0000: 5497.154: [GC 5497.154: [ParNew: 368640K->29894K(368640K), 0.0496730 secs] 7356287K->7048098K(12541952K), 0.0501440 secs] [Times: user=0.38 sys=0.00, real=0.05 secs] 
2011-03-01T02:33:17.954+0000: 5499.346: [GC 5499.346: [ParNew: 357574K->16195K(368640K), 0.0391500 secs] 7375778K->7048177K(12541952K), 0.0396240 secs] [Times: user=0.26 sys=0.00, real=0.04 secs] 
2011-03-01T02:33:19.378+0000: 5500.769: [GC 5500.769: [ParNew: 343875K->40960K(368640K), 0.0365420 secs] 7375857K->7075483K(12541952K), 0.0370170 secs] [Times: user=0.29 sys=0.00, real=0.04 secs] 
2011-03-01T02:33:20.821+0000: 5502.213: [GC 5502.213: [ParNew: 368640K->20179K(368640K), 0.0511650 secs] 7403167K->7079774K(12541952K), 0.0515720 secs] [Times: user=0.36 sys=0.02, real=0.06 secs] 
2011-03-01T02:33:22.927+0000: 5504.318: [GC 5504.318: [ParNew: 347859K->39415K(368640K), 0.0421960 secs] 7407454K->7112382K(12541952K), 0.0425560 secs] [Times: user=0.32 sys=0.00, real=0.05 secs] 
2011-03-01T02:33:25.258+0000: 5506.649: [GC 5506.650: [ParNew: 367095K->15938K(368640K), 0.0385290 secs] 7440062K->7104423K(12541952K), 0.0390650 secs] [Times: user=0.29 sys=0.00, real=0.04 secs] 
2011-03-01T02:33:26.584+0000: 5507.975: [GC 5507.975: [ParNew: 343618K->39752K(368640K), 0.0341330 secs] 7432103K->7128237K(12541952K), 0.0346070 secs] [Times: user=0.25 sys=0.00, real=0.03 secs] 
2011-03-01T02:33:28.013+0000: 5509.405: [GC 5509.405: [ParNew: 367432K->39183K(368640K), 0.0471520 secs] 7455917K->7138978K(12541952K), 0.0514650 secs] [Times: user=0.33 sys=0.00, real=0.05 secs] 
2011-03-01T02:33:29.361+0000: 5510.752: [GC 5510.752: [ParNew: 366863K->28281K(368640K), 0.0545090 secs] 7466658K->7154485K(12541952K), 0.0548650 secs] [Times: user=0.41 sys=0.00, real=0.06 secs] 
2011-03-01T02:33:30.826+0000: 5512.218: [GC 5512.218: [ParNew: 355961K->23429K(368640K), 0.0419140 secs] 7482165K->7162280K(12541952K), 0.0422740 secs] [Times: user=0.32 sys=0.00, real=0.04 secs] 
2011-03-01T02:33:32.108+0000: 5513.499: [GC 5513.500: [ParNew: 351109K->30472K(368640K), 0.0434490 secs] 7489960K->7183791K(12541952K), 0.0438090 secs] [Times: user=0.30 sys=0.00, real=0.04 secs] 
2011-03-01T02:33:33.381+0000: 5514.772: [GC 5514.772: [ParNew: 358152K->32389K(368640K), 0.0411640 secs] 7511471K->7198426K(12541952K), 0.0479440 secs] [Times: user=0.32 sys=0.00, real=0.05 secs] 
2011-03-01T02:33:34.687+0000: 5516.079: [GC 5516.079: [ParNew: 360069K->20588K(368640K), 0.0405600 secs] 7526106K->7200121K(12541952K), 0.0409200 secs] [Times: user=0.32 sys=0.00, real=0.04 secs] 
2011-03-01T02:33:35.293+0000: 5516.685: [GC 5516.685: [ParNew: 348329K->40960K(368640K), 0.0547370 secs] 7527863K->7234914K(12541952K), 0.0550880 secs] [Times: user=0.41 sys=0.00, real=0.05 secs] 
2011-03-01T02:33:35.351+0000: 5516.742: [GC 5516.742: [ParNew: 41206K->15661K(368640K), 0.0426200 secs] 7235161K->7232290K(12541952K), 0.0429160 secs] [Times: user=0.32 sys=0.00, real=0.05 secs] 
2011-03-01T02:33:35.731+0000: 5517.122: [GC 5517.122: [ParNew: 343341K->20576K(368640K), 0.0306430 secs] 7559970K->7237205K(12541952K), 0.0310080 secs] [Times: user=0.19 sys=0.01, real=0.03 secs] 
2011-03-01T02:33:36.398+0000: 5517.789: [GC 5517.789: [ParNew: 348256K->40960K(368640K), 0.0529900 secs] 7564885K->7335431K(12541952K), 0.0533550 secs] [Times: user=0.36 sys=0.00, real=0.05 secs] 
2011-03-01T02:33:36.843+0000: 5518.234: [GC 5518.235: [ParNew: 368640K->40960K(368640K), 0.0643830 secs] 7663111K->7358067K(12541952K), 0.0647480 secs] [Times: user=0.45 sys=0.00, real=0.06 secs] 
2011-03-01T02:33:37.106+0000: 5518.497: [GC 5518.497: [ParNew: 368640K->40960K(368640K), 0.0538450 secs] 7685747K->7369363K(12541952K), 0.0542070 secs] [Times: user=0.38 sys=0.01, real=0.05 secs] 
2011-03-01T02:33:37.386+0000: 5518.778: [GC 5518.778: [ParNew: 368640K->40960K(368640K), 0.0490020 secs] 7697043K->7381361K(12541952K), 0.0493560 secs] [Times: user=0.32 sys=0.00, real=0.05 secs] 
2011-03-01T02:33:38.262+0000: 5519.654: [GC 5519.654: [ParNew: 368640K->32362K(368640K), 0.0390270 secs] 7709041K->7390671K(12541952K), 0.0393750 secs] [Times: user=0.28 sys=0.00, real=0.04 secs] 
2011-03-01T02:33:39.290+0000: 5520.681: [GC 5520.681: [ParNew: 360042K->8873K(368640K), 0.0350990 secs] 7718351K->7367182K(12541952K), 0.0353890 secs] [Times: user=0.31 sys=0.00, real=0.04 secs] 
2011-03-01T02:33:39.755+0000: 5521.146: [GC 5521.147: [ParNew: 336553K->40064K(368640K), 0.0432410 secs] 7694862K->7398373K(12541952K), 0.0436110 secs] [Times: user=0.33 sys=0.00, real=0.04 secs] 
2011-03-01T02:33:40.015+0000: 5521.406: [GC 5521.406: [ParNew: 367744K->40960K(368640K), 0.0880780 secs] 7726053K->7413949K(12541952K), 0.0884610 secs] [Times: user=0.54 sys=0.00, real=0.09 secs] 
2011-03-01T02:33:40.299+0000: 5521.690: [GC 5521.691: [ParNew: 368640K->40960K(368640K), 0.0594840 secs] 7741629K->7431678K(12541952K), 0.0598530 secs] [Times: user=0.45 sys=0.01, real=0.06 secs] 
2011-03-01T02:33:40.675+0000: 5522.066: [GC 5522.066: [ParNew: 368640K->40960K(368640K), 0.0613390 secs] 7759358K->7442879K(12541952K), 0.0616970 secs] [Times: user=0.42 sys=0.00, real=0.06 secs] 
2011-03-01T02:33:40.947+0000: 5522.339: [GC 5522.339: [ParNew: 368640K->40960K(368640K), 0.0764870 secs] 7770559K->7459789K(12541952K), 0.0770260 secs] [Times: user=0.53 sys=0.00, real=0.08 secs] 
2011-03-01T02:33:41.330+0000: 5522.721: [GC 5522.721: [ParNew: 368640K->40960K(368640K), 0.0577080 secs] 7787469K->7470058K(12541952K), 0.0581820 secs] [Times: user=0.37 sys=0.01, real=0.06 secs] 
2011-03-01T02:33:41.751+0000: 5523.142: [GC 5523.142: [ParNew: 368640K->40960K(368640K), 0.0555080 secs] 7797738K->7486486K(12541952K), 0.0559610 secs] [Times: user=0.39 sys=0.01, real=0.06 secs] 
2011-03-01T02:33:42.704+0000: 5524.095: [GC 5524.096: [ParNew: 368640K->37308K(368640K), 0.0495980 secs] 7814166K->7493621K(12541952K), 0.0500450 secs] [Times: user=0.34 sys=0.00, real=0.05 secs] 
2011-03-01T02:33:43.661+0000: 5525.052: [GC 5525.052: [ParNew: 364988K->39418K(368640K), 0.0478990 secs] 7821301K->7510547K(12541952K), 0.0483520 secs] [Times: user=0.40 sys=0.00, real=0.05 secs] 
2011-03-01T02:33:44.899+0000: 5526.290: [GC 5526.291: [ParNew: 367098K->40128K(368640K), 0.0470550 secs] 7838227K->7526107K(12541952K), 0.0475240 secs] [Times: user=0.34 sys=0.00, real=0.05 secs] 
2011-03-01T02:33:50.681+0000: 5532.072: [GC 5532.072: [ParNew: 367542K->27025K(368640K), 0.0483530 secs] 7853521K->7542767K(12541952K), 0.0488230 secs] [Times: user=0.39 sys=0.00, real=0.05 secs] 
2011-03-01T02:33:51.076+0000: 5532.467: [GC 5532.467: [ParNew: 354705K->36157K(368640K), 0.0499720 secs] 7870447K->7560934K(12541952K), 0.0504430 secs] [Times: user=0.31 sys=0.00, real=0.05 secs] 
2011-03-01T02:33:51.448+0000: 5532.839: [GC 5532.839: [ParNew: 363837K->36193K(368640K), 0.0486410 secs] 7888614K->7573097K(12541952K), 0.0491160 secs] [Times: user=0.36 sys=0.00, real=0.05 secs] 
2011-03-01T02:33:52.327+0000: 5533.718: [GC 5533.718: [ParNew: 363873K->22542K(368640K), 0.0461790 secs] 7900777K->7573751K(12541952K), 0.0466540 secs] [Times: user=0.32 sys=0.00, real=0.05 secs] 
2011-03-01T02:33:53.375+0000: 5534.766: [GC 5534.766: [ParNew: 350222K->40368K(368640K), 0.0411240 secs] 7901431K->7591577K(12541952K), 0.0415960 secs] [Times: user=0.33 sys=0.00, real=0.04 secs] 
2011-03-01T02:33:54.475+0000: 5535.866: [GC 5535.867: [ParNew: 368048K->22182K(368640K), 0.0542430 secs] 7919257K->7595375K(12541952K), 0.0547270 secs] [Times: user=0.38 sys=0.00, real=0.05 secs] 
2011-03-01T02:33:54.960+0000: 5536.351: [GC 5536.351: [ParNew: 349862K->17604K(368640K), 0.0341510 secs] 7923055K->7590797K(12541952K), 0.0346350 secs] [Times: user=0.24 sys=0.01, real=0.04 secs] 
2011-03-01T02:33:55.467+0000: 5536.858: [GC 5536.858: [ParNew: 345284K->40960K(368640K), 0.0329910 secs] 7918477K->7614153K(12541952K), 0.0334720 secs] [Times: user=0.23 sys=0.00, real=0.03 secs] 
2011-03-01T02:33:56.376+0000: 5537.767: [GC 5537.768: [ParNew: 368640K->15482K(368640K), 0.0371140 secs] 7941833K->7606146K(12541952K), 0.0376030 secs] [Times: user=0.24 sys=0.00, real=0.04 secs] 
2011-03-01T02:33:58.097+0000: 5539.488: [GC 5539.488: [ParNew: 343162K->15611K(368640K), 0.0359220 secs] 7933826K->7606275K(12541952K), 0.0364040 secs] [Times: user=0.25 sys=0.00, real=0.04 secs] 
2011-03-01T02:33:59.936+0000: 5541.328: [GC 5541.328: [ParNew: 343235K->40960K(368640K), 0.0446010 secs] 7933899K->7633654K(12541952K), 0.0450820 secs] [Times: user=0.32 sys=0.00, real=0.04 secs] 
2011-03-01T02:34:00.453+0000: 5541.844: [GC 5541.844: [ParNew: 368640K->17764K(368640K), 0.0484170 secs] 7961334K->7631267K(12541952K), 0.0489020 secs] [Times: user=0.37 sys=0.00, real=0.05 secs] 
2011-03-01T02:34:01.472+0000: 5542.863: [GC 5542.863: [ParNew: 345444K->33999K(368640K), 0.0332770 secs] 7958947K->7647502K(12541952K), 0.0336560 secs] [Times: user=0.27 sys=0.01, real=0.04 secs] 
2011-03-01T02:34:01.979+0000: 5543.370: [GC 5543.370: [ParNew: 361679K->28756K(368640K), 0.0354090 secs] 7975182K->7656210K(12541952K), 0.0357780 secs] [Times: user=0.24 sys=0.00, real=0.04 secs] 
2011-03-01T02:34:02.492+0000: 5543.883: [GC 5543.883: [ParNew: 356436K->19944K(368640K), 0.0306690 secs] 7983890K->7647399K(12541952K), 0.0310520 secs] [Times: user=0.24 sys=0.00, real=0.04 secs] 
2011-03-01T02:34:03.203+0000: 5544.594: [GC 5544.594: [ParNew: 347565K->22545K(368640K), 0.0290090 secs] 7975019K->7649999K(12541952K), 0.0293920 secs] [Times: user=0.21 sys=0.00, real=0.03 secs] 
2011-03-01T02:34:03.929+0000: 5545.320: [GC 5545.320: [ParNew: 350196K->18279K(368640K), 0.0336760 secs] 7977650K->7645734K(12541952K), 0.0340990 secs] [Times: user=0.24 sys=0.00, real=0.04 secs] 
2011-03-01T02:34:04.539+0000: 5545.931: [GC 5545.931: [ParNew: 345959K->19985K(368640K), 0.0401490 secs] 7973414K->7652336K(12541952K), 0.0405180 secs] [Times: user=0.32 sys=0.00, real=0.04 secs] 
2011-03-01T02:34:05.008+0000: 5546.399: [GC 5546.399: [ParNew: 347613K->12389K(368640K), 0.0357460 secs] 7979965K->7646682K(12541952K), 0.0361040 secs] [Times: user=0.23 sys=0.00, real=0.04 secs] 
2011-03-01T02:34:05.576+0000: 5546.967: [GC 5546.967: [ParNew: 340041K->12928K(368640K), 0.0384430 secs] 7974333K->7648583K(12541952K), 0.0455550 secs] [Times: user=0.30 sys=0.00, real=0.04 secs] 
2011-03-01T02:34:06.467+0000: 5547.858: [GC 5547.858: [ParNew: 340608K->28851K(368640K), 0.0406830 secs] 7976263K->7666885K(12541952K), 0.0410490 secs] [Times: user=0.31 sys=0.00, real=0.04 secs] 
2011-03-01T02:34:07.819+0000: 5549.210: [GC 5549.210: [ParNew: 356531K->40960K(368640K), 0.0440060 secs] 7994565K->7684829K(12541952K), 0.0443700 secs] [Times: user=0.32 sys=0.00, real=0.05 secs] 
2011-03-01T02:34:10.358+0000: 5551.749: [GC 5551.750: [ParNew: 368640K->37771K(368640K), 0.0503200 secs] 8012509K->7687731K(12541952K), 0.0506790 secs] [Times: user=0.40 sys=0.00, real=0.05 secs] 
2011-03-01T02:34:12.970+0000: 5554.361: [GC 5554.362: [ParNew: 365451K->40960K(368640K), 0.0512360 secs] 8015411K->7703283K(12541952K), 0.0515950 secs] [Times: user=0.40 sys=0.00, real=0.05 secs] 
2011-03-01T02:34:17.040+0000: 5558.431: [GC 5558.431: [ParNew: 368640K->15050K(368640K), 0.0536750 secs] 8030963K->7695173K(12541952K), 0.0540410 secs] [Times: user=0.42 sys=0.00, real=0.06 secs] 
2011-03-01T02:34:20.477+0000: 5561.868: [GC 5561.868: [ParNew: 342730K->40960K(368640K), 0.0478870 secs] 8022853K->7729961K(12541952K), 0.0482870 secs] [Times: user=0.34 sys=0.00, real=0.05 secs] 
2011-03-01T02:34:22.879+0000: 5564.270: [GC 5564.270: [ParNew: 368640K->19999K(368640K), 0.0627900 secs] 8057641K->7729372K(12541952K), 0.0631430 secs] [Times: user=0.42 sys=0.00, real=0.07 secs] 
2011-03-01T02:34:27.487+0000: 5568.878: [GC 5568.878: [ParNew: 347679K->40960K(368640K), 0.0516360 secs] 8057052K->7766545K(12541952K), 0.0519870 secs] [Times: user=0.40 sys=0.00, real=0.05 secs] 
2011-03-01T02:34:33.704+0000: 5575.095: [GC 5575.096: [ParNew: 368579K->25678K(368640K), 0.0581110 secs] 8094165K->7773787K(12541952K), 0.0584620 secs] [Times: user=0.40 sys=0.00, real=0.06 secs] 
2011-03-01T02:34:38.761+0000: 5580.152: [GC 5580.152: [ParNew: 353358K->40960K(368640K), 0.0583810 secs] 8101467K->7799868K(12541952K), 0.0587940 secs] [Times: user=0.48 sys=0.00, real=0.06 secs] 
2011-03-01T02:34:39.537+0000: 5580.929: [GC 5580.929: [ParNew: 368640K->40960K(368640K), 0.0768180 secs] 8127548K->7835913K(12541952K), 0.0771630 secs] [Times: user=0.57 sys=0.00, real=0.08 secs] 
2011-03-01T02:34:40.394+0000: 5581.785: [GC 5581.786: [ParNew: 368640K->40960K(368640K), 0.0665090 secs] 8163593K->7857206K(12541952K), 0.0668690 secs] [Times: user=0.47 sys=0.00, real=0.06 secs] 
2011-03-01T02:34:40.876+0000: 5582.267: [GC 5582.267: [ParNew: 368640K->40960K(368640K), 0.0650230 secs] 8184911K->7875569K(12541952K), 0.0653760 secs] [Times: user=0.49 sys=0.00, real=0.06 secs] 
2011-03-01T02:34:40.944+0000: 5582.336: [GC 5582.336: [ParNew: 42910K->31770K(368640K), 0.0569430 secs] 7877519K->7896107K(12541952K), 0.0572410 secs] [Times: user=0.36 sys=0.00, real=0.05 secs] 
2011-03-01T02:34:41.491+0000: 5582.883: [GC 5582.883: [ParNew: 359450K->37527K(368640K), 0.0386430 secs] 8223787K->7901865K(12541952K), 0.0391080 secs] [Times: user=0.29 sys=0.00, real=0.04 secs] 
2011-03-01T02:34:43.238+0000: 5584.629: [GC 5584.630: [ParNew: 365207K->37042K(368640K), 0.0635430 secs] 8229545K->7918425K(12541952K), 0.0639390 secs] [Times: user=0.47 sys=0.00, real=0.07 secs] 
2011-03-01T02:34:45.058+0000: 5586.449: [GC 5586.449: [ParNew: 364722K->24482K(368640K), 0.0569600 secs] 8246105K->7922470K(12541952K), 0.0573040 secs] [Times: user=0.41 sys=0.00, real=0.06 secs] 
2011-03-01T02:34:46.994+0000: 5588.385: [GC 5588.385: [ParNew: 352162K->40960K(368640K), 0.0566560 secs] 8250150K->7947004K(12541952K), 0.0570010 secs] [Times: user=0.41 sys=0.01, real=0.05 secs] 
2011-03-01T02:34:48.173+0000: 5589.565: [GC 5589.565: [ParNew: 368640K->40960K(368640K), 0.0721650 secs] 8274684K->7969624K(12541952K), 0.0725170 secs] [Times: user=0.50 sys=0.01, real=0.07 secs] 
2011-03-01T02:34:49.741+0000: 5591.132: [GC 5591.132: [ParNew: 368640K->32707K(368640K), 0.0568930 secs] 8297304K->7991981K(12541952K), 0.0572380 secs] [Times: user=0.47 sys=0.00, real=0.06 secs] 
2011-03-01T02:34:53.068+0000: 5594.459: [GC 5594.460: [ParNew: 360387K->15368K(368640K), 0.0455670 secs] 8319661K->7987319K(12541952K), 0.0459350 secs] [Times: user=0.32 sys=0.00, real=0.05 secs] 
2011-03-01T02:34:54.769+0000: 5596.160: [GC 5596.160: [ParNew: 343048K->31007K(368640K), 0.0410980 secs] 8314999K->8002958K(12541952K), 0.0415110 secs] [Times: user=0.30 sys=0.00, real=0.04 secs] 
2011-03-01T02:34:55.535+0000: 5596.926: [GC 5596.926: [ParNew: 358687K->27466K(368640K), 0.0386690 secs] 8330638K->8009534K(12541952K), 0.0390750 secs] [Times: user=0.25 sys=0.00, real=0.04 secs] 
2011-03-01T02:34:56.297+0000: 5597.688: [GC 5597.688: [ParNew: 355146K->6597K(368640K), 0.0343220 secs] 8337214K->7997247K(12541952K), 0.0346810 secs] [Times: user=0.24 sys=0.00, real=0.03 secs] 
2011-03-01T02:34:56.936+0000: 5598.328: [GC 5598.328: [ParNew: 334277K->24000K(368640K), 0.0258440 secs] 8324927K->8014651K(12541952K), 0.0261960 secs] [Times: user=0.16 sys=0.00, real=0.03 secs] 
2011-03-01T02:34:57.790+0000: 5599.181: [GC 5599.181: [ParNew: 351643K->24234K(368640K), 0.0329200 secs] 8342293K->8017004K(12541952K), 0.0332800 secs] [Times: user=0.25 sys=0.00, real=0.04 secs] 
2011-03-01T02:34:58.633+0000: 5600.024: [GC 5600.024: [ParNew: 351914K->24592K(368640K), 0.0293610 secs] 8344684K->8019049K(12541952K), 0.0297170 secs] [Times: user=0.21 sys=0.00, real=0.03 secs] 
2011-03-01T02:34:59.441+0000: 5600.832: [GC 5600.833: [ParNew: 352272K->26339K(368640K), 0.0350590 secs] 8346729K->8020796K(12541952K), 0.0354150 secs] [Times: user=0.30 sys=0.00, real=0.04 secs] 
2011-03-01T02:35:00.565+0000: 5601.956: [GC 5601.956: [ParNew: 354019K->27788K(368640K), 0.0387160 secs] 8348476K->8026730K(12541952K), 0.0390740 secs] [Times: user=0.27 sys=0.00, real=0.04 secs] 
2011-03-01T02:35:02.915+0000: 5604.307: [GC 5604.307: [ParNew: 355468K->39974K(368640K), 0.0455630 secs] 8354410K->8042898K(12541952K), 0.0459160 secs] [Times: user=0.32 sys=0.00, real=0.04 secs] 
2011-03-01T02:35:07.343+0000: 5608.734: [GC 5608.735: [ParNew: 367654K->40960K(368640K), 0.0449240 secs] 8370578K->8051045K(12541952K), 0.0452690 secs] [Times: user=0.36 sys=0.00, real=0.04 secs] 
2011-03-01T02:35:10.766+0000: 5612.157: [GC 5612.157: [ParNew: 368640K->15285K(368640K), 0.0536230 secs] 8378725K->8046326K(12541952K), 0.0539600 secs] [Times: user=0.39 sys=0.00, real=0.05 secs] 
2011-03-01T02:35:15.186+0000: 5616.577: [GC 5616.577: [ParNew: 342965K->39153K(368640K), 0.0369750 secs] 8374006K->8070194K(12541952K), 0.0372970 secs] [Times: user=0.27 sys=0.00, real=0.04 secs] 
2011-03-01T02:35:19.629+0000: 5621.020: [GC 5621.020: [ParNew: 366833K->15453K(368640K), 0.0487890 secs] 8397874K->8063098K(12541952K), 0.0491130 secs] [Times: user=0.37 sys=0.00, real=0.05 secs] 
2011-03-01T02:35:23.863+0000: 5625.254: [GC 5625.255: [ParNew: 343133K->40960K(368640K), 0.0417720 secs] 8390778K->8088631K(12541952K), 0.0420880 secs] [Times: user=0.33 sys=0.01, real=0.04 secs] 
2011-03-01T02:35:29.442+0000: 5630.833: [GC 5630.833: [ParNew: 368640K->15188K(368640K), 0.0543010 secs] 8416311K->8082240K(12541952K), 0.0546210 secs] [Times: user=0.40 sys=0.01, real=0.06 secs] 
2011-03-01T02:35:32.592+0000: 5633.983: [GC 5633.983: [ParNew: 342868K->38758K(368640K), 0.0450750 secs] 8409920K->8105810K(12541952K), 0.0453950 secs] [Times: user=0.38 sys=0.00, real=0.05 secs] 
2011-03-01T02:35:35.050+0000: 5636.441: [GC 5636.441: [ParNew: 366438K->17152K(368640K), 0.0558010 secs] 8433490K->8103464K(12541952K), 0.0562470 secs] [Times: user=0.39 sys=0.01, real=0.06 secs] 
2011-03-01T02:35:35.988+0000: 5637.379: [GC 5637.379: [ParNew: 344832K->40960K(368640K), 0.0611380 secs] 8431144K->8132623K(12541952K), 0.0615610 secs] [Times: user=0.44 sys=0.00, real=0.06 secs] 
2011-03-01T02:35:36.636+0000: 5638.027: [GC 5638.027: [ParNew: 368640K->27329K(368640K), 0.0654660 secs] 8460303K->8145045K(12541952K), 0.0658980 secs] [Times: user=0.47 sys=0.00, real=0.06 secs] 
2011-03-01T02:35:37.429+0000: 5638.820: [GC 5638.820: [ParNew: 355009K->40960K(368640K), 0.0479470 secs] 8472725K->8161290K(12541952K), 0.0482660 secs] [Times: user=0.39 sys=0.00, real=0.05 secs] 
2011-03-01T02:35:37.799+0000: 5639.190: [GC 5639.190: [ParNew: 368640K->40960K(368640K), 0.0879600 secs] 8488970K->8194757K(12541952K), 0.0883300 secs] [Times: user=0.64 sys=0.00, real=0.09 secs] 
2011-03-01T02:35:39.982+0000: 5641.374: [GC 5641.374: [ParNew: 368640K->33156K(368640K), 0.0558730 secs] 8522437K->8198815K(12541952K), 0.1883040 secs] [Times: user=0.41 sys=0.00, real=0.19 secs] 
2011-03-01T02:35:42.509+0000: 5643.901: [GC 5643.901: [ParNew: 360836K->32523K(368640K), 0.0456070 secs] 8526495K->8211504K(12541952K), 0.0460410 secs] [Times: user=0.35 sys=0.00, real=0.05 secs] 
2011-03-01T02:35:44.952+0000: 5646.344: [GC 5646.344: [ParNew: 360203K->23417K(368640K), 0.0337690 secs] 8539184K->8210885K(12541952K), 0.0342280 secs] [Times: user=0.26 sys=0.00, real=0.03 secs] 
2011-03-01T02:35:47.837+0000: 5649.228: [GC 5649.229: [ParNew: 351097K->20622K(368640K), 0.0331770 secs] 8538565K->8219150K(12541952K), 0.0336120 secs] [Times: user=0.24 sys=0.00, real=0.03 secs] 
2011-03-01T02:35:51.091+0000: 5652.482: [GC 5652.482: [ParNew: 348302K->40960K(368640K), 0.0413550 secs] 8546830K->8248923K(12541952K), 0.0417910 secs] [Times: user=0.32 sys=0.01, real=0.05 secs] 
2011-03-01T02:35:54.174+0000: 5655.565: [GC 5655.565: [ParNew: 368640K->33674K(368640K), 0.0375670 secs] 8576603K->8255930K(12541952K), 0.0380270 secs] [Times: user=0.26 sys=0.01, real=0.03 secs] 
2011-03-01T02:35:54.993+0000: 5656.384: [GC 5656.384: [ParNew: 361351K->8030K(368640K), 0.0300700 secs] 8583607K->8240805K(12541952K), 0.0305540 secs] [Times: user=0.19 sys=0.00, real=0.03 secs] 
2011-03-01T02:35:55.751+0000: 5657.142: [GC 5657.143: [ParNew: 335664K->7003K(368640K), 0.0218280 secs] 8568439K->8239778K(12541952K), 0.0222840 secs] [Times: user=0.17 sys=0.00, real=0.03 secs] 
2011-03-01T02:35:56.365+0000: 5657.756: [GC 5657.757: [ParNew: 334683K->15958K(368640K), 0.0310400 secs] 8567458K->8248732K(12541952K), 0.0344840 secs] [Times: user=0.24 sys=0.00, real=0.03 secs] 
2011-03-01T02:35:57.098+0000: 5658.489: [GC 5658.489: [ParNew: 343638K->24386K(368640K), 0.0315550 secs] 8576412K->8257161K(12541952K), 0.0318940 secs] [Times: user=0.24 sys=0.00, real=0.03 secs] 
2011-03-01T02:35:57.932+0000: 5659.323: [GC 5659.324: [ParNew: 352014K->27662K(368640K), 0.0301250 secs] 8584789K->8262720K(12541952K), 0.0304590 secs] [Times: user=0.19 sys=0.00, real=0.04 secs] 
2011-03-01T02:35:58.666+0000: 5660.057: [GC 5660.058: [ParNew: 355342K->12635K(368640K), 0.0330010 secs] 8590400K->8253830K(12541952K), 0.0333400 secs] [Times: user=0.24 sys=0.00, real=0.03 secs] 
2011-03-01T02:35:59.613+0000: 5661.004: [GC 5661.004: [ParNew: 340315K->26603K(368640K), 0.0280510 secs] 8581510K->8267798K(12541952K), 0.0284790 secs] [Times: user=0.19 sys=0.00, real=0.03 secs] 
2011-03-01T02:36:00.509+0000: 5661.900: [GC 5661.900: [ParNew: 354283K->40960K(368640K), 0.0449200 secs] 8595478K->8288432K(12541952K), 0.0453620 secs] [Times: user=0.33 sys=0.00, real=0.05 secs] 
2011-03-01T02:36:03.295+0000: 5664.686: [GC 5664.687: [ParNew: 368640K->34597K(368640K), 0.0387250 secs] 8616112K->8290209K(12541952K), 0.0391480 secs] [Times: user=0.25 sys=0.01, real=0.04 secs] 
2011-03-01T02:36:05.438+0000: 5666.829: [GC 5666.830: [ParNew: 354969K->27888K(368640K), 0.0739800 secs] 8610582K->8300501K(12541952K), 0.0744280 secs] [Times: user=0.57 sys=0.00, real=0.08 secs] 
2011-03-01T02:36:07.018+0000: 5668.410: [GC 5668.410: [ParNew: 355568K->19375K(368640K), 0.0578130 secs] 8628181K->8312462K(12541952K), 0.0582760 secs] [Times: user=0.45 sys=0.00, real=0.06 secs] 
2011-03-01T02:36:07.080+0000: 5668.471: [GC [1 CMS-initial-mark: 8293087K(12173312K)] 8313196K(12541952K), 0.0113530 secs] [Times: user=0.01 sys=0.00, real=0.01 secs] 
2011-03-01T02:36:07.091+0000: 5668.483: [CMS-concurrent-mark-start]
2011-03-01T02:36:07.644+0000: 5669.035: [CMS-concurrent-mark: 0.553/0.553 secs] [Times: user=4.71 sys=0.35, real=0.56 secs] 
2011-03-01T02:36:07.645+0000: 5669.036: [CMS-concurrent-preclean-start]
2011-03-01T02:36:07.695+0000: 5669.086: [CMS-concurrent-preclean: 0.049/0.051 secs] [Times: user=0.09 sys=0.01, real=0.05 secs] 
2011-03-01T02:36:07.695+0000: 5669.086: [CMS-concurrent-abortable-preclean-start]
2011-03-01T02:36:08.866+0000: 5670.257: [GC 5670.257: [ParNew: 347055K->40960K(368640K), 0.0291000 secs] 8640142K->8338756K(12541952K), 0.0295760 secs] [Times: user=0.21 sys=0.00, real=0.03 secs] 
2011-03-01T02:36:09.632+0000: 5671.023: [CMS-concurrent-abortable-preclean: 1.886/1.937 secs] [Times: user=3.84 sys=0.77, real=1.94 secs] 
2011-03-01T02:36:09.635+0000: 5671.026: [GC[YG occupancy: 210787 K (368640 K)]5671.026: [Rescan (parallel) , 0.0225650 secs]5671.049: [weak refs processing, 0.0170690 secs] [1 CMS-remark: 8297796K(12173312K)] 8508583K(12541952K), 0.0399990 secs] [Times: user=0.19 sys=0.00, real=0.04 secs] 
2011-03-01T02:36:09.675+0000: 5671.066: [CMS-concurrent-sweep-start]
2011-03-01T02:36:10.310+0000: 5671.701: [GC 5671.701: [ParNew: 368640K->11294K(368640K), 0.0378160 secs] 8180609K->7836062K(12541952K), 0.0382800 secs] [Times: user=0.27 sys=0.00, real=0.04 secs] 
2011-03-01T02:36:12.708+0000: 5674.100: [GC 5674.100: [ParNew: 338974K->29224K(368640K), 0.0263730 secs] 7759687K->7449937K(12541952K), 0.0268210 secs] [Times: user=0.22 sys=0.00, real=0.03 secs] 
2011-03-01T02:36:14.944+0000: 5676.335: [GC 5676.335: [ParNew: 356904K->40960K(368640K), 0.0317190 secs] 7289984K->6979533K(12541952K), 0.0321660 secs] [Times: user=0.22 sys=0.01, real=0.03 secs] 
2011-03-01T02:36:16.959+0000: 5678.351: [GC 5678.351: [ParNew: 368640K->20682K(368640K), 0.0437450 secs] 6975202K->6641686K(12541952K), 0.0440850 secs] [Times: user=0.31 sys=0.01, real=0.05 secs] 
2011-03-01T02:36:18.771+0000: 5680.162: [GC 5680.162: [ParNew: 348362K->40960K(368640K), 0.0317860 secs] 6651005K->6347714K(12541952K), 0.0321230 secs] [Times: user=0.24 sys=0.00, real=0.04 secs] 
2011-03-01T02:36:20.208+0000: 5681.600: [GC 5681.600: [ParNew: 368640K->19576K(368640K), 0.0358880 secs] 6304883K->5969626K(12541952K), 0.0363630 secs] [Times: user=0.24 sys=0.01, real=0.04 secs] 
2011-03-01T02:36:21.381+0000: 5682.773: [GC 5682.773: [ParNew: 347256K->40960K(368640K), 0.0290180 secs] 6115908K->5810364K(12541952K), 0.0294710 secs] [Times: user=0.23 sys=0.00, real=0.03 secs] 
2011-03-01T02:36:23.735+0000: 5685.126: [GC 5685.127: [ParNew: 368640K->27446K(368640K), 0.0365260 secs] 5723437K->5398146K(12541952K), 0.0370800 secs] [Times: user=0.25 sys=0.00, real=0.04 secs] 
2011-03-01T02:36:26.358+0000: 5687.749: [GC 5687.749: [ParNew: 355126K->19927K(368640K), 0.0284280 secs] 5014775K->4688089K(12541952K), 0.0288790 secs] [Times: user=0.23 sys=0.00, real=0.03 secs] 
2011-03-01T02:36:28.388+0000: 5689.780: [GC 5689.780: [ParNew: 347607K->24163K(368640K), 0.0251960 secs] 4686139K->4362694K(12541952K), 0.0256480 secs] [Times: user=0.19 sys=0.00, real=0.03 secs] 
2011-03-01T02:36:30.519+0000: 5691.910: [GC 5691.910: [ParNew: 351843K->40960K(368640K), 0.0330910 secs] 4209231K->3906487K(12541952K), 0.0335490 secs] [Times: user=0.25 sys=0.00, real=0.04 secs] 
2011-03-01T02:36:31.913+0000: 5693.304: [GC 5693.304: [ParNew: 368640K->9901K(368640K), 0.0417260 secs] 3976724K->3632229K(12541952K), 0.0421840 secs] [Times: user=0.28 sys=0.03, real=0.04 secs] 
2011-03-01T02:36:33.184+0000: 5694.575: [GC 5694.576: [ParNew: 337581K->40960K(368640K), 0.0400770 secs] 3780013K->3489703K(12541952K), 0.0405400 secs] [Times: user=0.30 sys=0.00, real=0.04 secs] 
2011-03-01T02:36:34.759+0000: 5696.150: [GC 5696.150: [ParNew: 368640K->16362K(368640K), 0.0444690 secs] 3566332K->3228823K(12541952K), 0.0449210 secs] [Times: user=0.32 sys=0.00, real=0.05 secs] 
2011-03-01T02:36:36.001+0000: 5697.392: [GC 5697.392: [ParNew: 344042K->28560K(368640K), 0.0343560 secs] 3145004K->2829522K(12541952K), 0.0348080 secs] [Times: user=0.29 sys=0.01, real=0.04 secs] 
2011-03-01T02:36:37.344+0000: 5698.735: [GC 5698.735: [ParNew: 356240K->9579K(368640K), 0.0392110 secs] 2888217K->2556335K(12541952K), 0.0396760 secs] [Times: user=0.28 sys=0.01, real=0.04 secs] 
2011-03-01T02:36:37.624+0000: 5699.015: [GC 5699.015: [ParNew: 337259K->40960K(368640K), 0.0484570 secs] 2858231K->2647345K(12541952K), 0.0489160 secs] [Times: user=0.35 sys=0.00, real=0.05 secs] 
2011-03-01T02:36:38.011+0000: 5699.403: [GC 5699.403: [ParNew: 368640K->17565K(368640K), 0.0498990 secs] 2920246K->2587260K(12541952K), 0.0503540 secs] [Times: user=0.38 sys=0.00, real=0.05 secs] 
2011-03-01T02:36:38.326+0000: 5699.718: [GC 5699.718: [ParNew: 345245K->40960K(368640K), 0.0536480 secs] 2882064K->2585008K(12541952K), 0.0540950 secs] [Times: user=0.40 sys=0.00, real=0.05 secs] 
2011-03-01T02:36:38.519+0000: 5699.910: [GC 5699.910: [ParNew: 368640K->40960K(368640K), 0.0766290 secs] 2902613K->2668369K(12541952K), 0.0770820 secs] [Times: user=0.56 sys=0.00, real=0.08 secs] 
2011-03-01T02:36:38.795+0000: 5700.186: [GC 5700.187: [ParNew: 368640K->34048K(368640K), 0.0459060 secs] 2964815K->2651562K(12541952K), 0.0489240 secs] [Times: user=0.32 sys=0.00, real=0.05 secs] 
2011-03-01T02:36:39.225+0000: 5700.616: [GC 5700.616: [ParNew: 361728K->40960K(368640K), 0.0574760 secs] 2923655K->2620479K(12541952K), 0.0579450 secs] [Times: user=0.40 sys=0.00, real=0.06 secs] 
2011-03-01T02:36:39.510+0000: 5700.901: [GC 5700.901: [ParNew: 368640K->40960K(368640K), 0.0635380 secs] 2907732K->2595131K(12541952K), 0.0638870 secs] [Times: user=0.47 sys=0.00, real=0.07 secs] 
2011-03-01T02:36:39.794+0000: 5701.185: [GC 5701.185: [ParNew: 368640K->40960K(368640K), 0.0773240 secs] 2867411K->2565450K(12541952K), 0.0776730 secs] [Times: user=0.56 sys=0.00, real=0.07 secs] 
2011-03-01T02:36:40.087+0000: 5701.478: [GC 5701.479: [ParNew: 368640K->40960K(368640K), 0.0789610 secs] 2861926K->2565040K(12541952K), 0.0793130 secs] [Times: user=0.56 sys=0.00, real=0.08 secs] 
2011-03-01T02:36:40.388+0000: 5701.779: [GC 5701.779: [ParNew: 368640K->40960K(368640K), 0.0908640 secs] 2804165K->2505487K(12541952K), 0.0912120 secs] [Times: user=0.59 sys=0.01, real=0.09 secs] 
2011-03-01T02:36:40.691+0000: 5702.082: [GC 5702.083: [ParNew: 368640K->40960K(368640K), 0.0740010 secs] 2716784K->2412200K(12541952K), 0.0743500 secs] [Times: user=0.56 sys=0.01, real=0.08 secs] 
2011-03-01T02:36:41.021+0000: 5702.412: [GC 5702.413: [ParNew: 368640K->40960K(368640K), 0.0591470 secs] 2657696K->2344194K(12541952K), 0.0594990 secs] [Times: user=0.48 sys=0.00, real=0.06 secs] 
2011-03-01T02:36:41.490+0000: 5702.881: [GC 5702.882: [ParNew: 368640K->39185K(368640K), 0.0651570 secs] 2513584K->2195745K(12541952K), 0.0656150 secs] [Times: user=0.49 sys=0.00, real=0.07 secs] 
2011-03-01T02:36:41.890+0000: 5703.281: [GC 5703.281: [ParNew: 366865K->40960K(368640K), 0.0772230 secs] 2422970K->2123666K(12541952K), 0.0776830 secs] [Times: user=0.57 sys=0.00, real=0.08 secs] 
2011-03-01T02:36:42.328+0000: 5703.720: [CMS-concurrent-sweep: 30.939/32.653 secs] [Times: user=90.63 sys=18.77, real=32.65 secs] 
2011-03-01T02:36:42.329+0000: 5703.720: [CMS-concurrent-reset-start]
2011-03-01T02:36:42.355+0000: 5703.746: [CMS-concurrent-reset: 0.026/0.026 secs] [Times: user=0.05 sys=0.03, real=0.03 secs] 
2011-03-01T02:36:42.362+0000: 5703.753: [GC 5703.753: [ParNew: 368640K->29996K(368640K), 0.0542850 secs] 2263503K->1939932K(12541952K), 0.0547510 secs] [Times: user=0.39 sys=0.00, real=0.06 secs] 
2011-03-01T02:36:42.914+0000: 5704.305: [GC 5704.305: [ParNew: 357676K->18977K(368640K), 0.0488640 secs] 2267612K->1938859K(12541952K), 0.0493200 secs] [Times: user=0.33 sys=0.00, real=0.05 secs] 
2011-03-01T02:36:43.374+0000: 5704.765: [GC 5704.765: [ParNew: 346657K->29060K(368640K), 0.0424280 secs] 2266539K->1948942K(12541952K), 0.0428890 secs] [Times: user=0.32 sys=0.00, real=0.04 secs] 
2011-03-01T02:36:43.686+0000: 5705.077: [GC 5705.077: [ParNew: 356740K->15762K(368640K), 0.0472370 secs] 2276622K->1947596K(12541952K), 0.0476940 secs] [Times: user=0.33 sys=0.00, real=0.05 secs] 
2011-03-01T02:36:44.348+0000: 5705.739: [GC 5705.739: [ParNew: 343442K->38574K(368640K), 0.0425350 secs] 2275276K->1970408K(12541952K), 0.0429970 secs] [Times: user=0.32 sys=0.03, real=0.04 secs] 
2011-03-01T02:36:44.997+0000: 5706.389: [GC 5706.389: [ParNew: 366254K->32764K(368640K), 0.0706310 secs] 2298088K->2046131K(12541952K), 0.0709770 secs] [Times: user=0.49 sys=0.00, real=0.07 secs] 
2011-03-01T02:36:45.649+0000: 5707.040: [GC 5707.041: [ParNew: 360444K->25590K(368640K), 0.0421650 secs] 2373811K->2062067K(12541952K), 0.0425380 secs] [Times: user=0.32 sys=0.00, real=0.04 secs] 
2011-03-01T02:36:46.076+0000: 5707.468: [GC 5707.468: [ParNew: 353270K->33300K(368640K), 0.0451020 secs] 2389747K->2143504K(12541952K), 0.0454450 secs] [Times: user=0.30 sys=0.00, real=0.04 secs] 
2011-03-01T02:36:46.807+0000: 5708.198: [GC 5708.198: [ParNew: 360980K->20047K(368640K), 0.0390720 secs] 2471184K->2138038K(12541952K), 0.0394170 secs] [Times: user=0.25 sys=0.00, real=0.04 secs] 
2011-03-01T02:36:47.460+0000: 5708.851: [GC 5708.851: [ParNew: 347727K->40960K(368640K), 0.0366980 secs] 2465718K->2169741K(12541952K), 0.0370390 secs] [Times: user=0.26 sys=0.00, real=0.04 secs] 
2011-03-01T02:36:48.099+0000: 5709.490: [GC 5709.490: [ParNew: 368640K->28686K(368640K), 0.0508760 secs] 2497421K->2173578K(12541952K), 0.0513300 secs] [Times: user=0.33 sys=0.00, real=0.05 secs] 
2011-03-01T02:36:48.882+0000: 5710.273: [GC 5710.273: [ParNew: 356366K->10942K(368640K), 0.0350860 secs] 2501258K->2163303K(12541952K), 0.0355360 secs] [Times: user=0.22 sys=0.00, real=0.04 secs] 
2011-03-01T02:36:49.756+0000: 5711.147: [GC 5711.147: [ParNew: 338622K->12170K(368640K), 0.0255970 secs] 2490983K->2164531K(12541952K), 0.0260440 secs] [Times: user=0.16 sys=0.00, real=0.02 secs] 
2011-03-01T02:36:50.499+0000: 5711.891: [GC 5711.891: [ParNew: 339850K->15674K(368640K), 0.0294120 secs] 2492211K->2168036K(12541952K), 0.0298630 secs] [Times: user=0.24 sys=0.00, real=0.03 secs] 
2011-03-01T02:36:51.144+0000: 5712.536: [GC 5712.536: [ParNew: 343354K->40960K(368640K), 0.0355860 secs] 2495716K->2193346K(12541952K), 0.0360400 secs] [Times: user=0.25 sys=0.00, real=0.03 secs] 
2011-03-01T02:36:51.802+0000: 5713.194: [GC 5713.194: [ParNew: 368640K->26034K(368640K), 0.0673810 secs] 2521026K->2200128K(12541952K), 0.0678480 secs] [Times: user=0.46 sys=0.01, real=0.06 secs] 
2011-03-01T02:36:52.536+0000: 5713.927: [GC 5713.928: [ParNew: 353714K->17330K(368640K), 0.0376320 secs] 2527808K->2199444K(12541952K), 0.0381260 secs] [Times: user=0.25 sys=0.00, real=0.04 secs] 
2011-03-01T02:36:53.214+0000: 5714.605: [GC 5714.605: [ParNew: 345010K->20270K(368640K), 0.0293970 secs] 2527124K->2202384K(12541952K), 0.0298520 secs] [Times: user=0.20 sys=0.00, real=0.03 secs] 
2011-03-01T02:36:53.869+0000: 5715.260: [GC 5715.260: [ParNew: 347950K->40960K(368640K), 0.0342260 secs] 2530064K->2223779K(12541952K), 0.0346720 secs] [Times: user=0.25 sys=0.00, real=0.04 secs] 
2011-03-01T02:36:54.536+0000: 5715.927: [GC 5715.927: [ParNew: 368640K->15226K(368640K), 0.0548220 secs] 2551459K->2219677K(12541952K), 0.0592970 secs] [Times: user=0.36 sys=0.00, real=0.06 secs] 
2011-03-01T02:36:55.157+0000: 5716.548: [GC 5716.548: [ParNew: 342906K->18030K(368640K), 0.0267980 secs] 2547357K->2222482K(12541952K), 0.0271510 secs] [Times: user=0.21 sys=0.00, real=0.03 secs] 
2011-03-01T02:36:55.756+0000: 5717.148: [GC 5717.148: [ParNew: 345710K->24481K(368640K), 0.0345190 secs] 2550162K->2228933K(12541952K), 0.0348720 secs] [Times: user=0.24 sys=0.00, real=0.03 secs] 
2011-03-01T02:36:56.149+0000: 5717.541: [GC 5717.541: [ParNew: 352161K->29027K(368640K), 0.0347610 secs] 2556613K->2233478K(12541952K), 0.0351210 secs] [Times: user=0.30 sys=0.00, real=0.04 secs] 
2011-03-01T02:36:56.592+0000: 5717.983: [GC 5717.983: [ParNew: 356707K->23979K(368640K), 0.0405840 secs] 2561158K->2232828K(12541952K), 0.0409370 secs] [Times: user=0.29 sys=0.00, real=0.05 secs] 
2011-03-01T02:36:56.986+0000: 5718.377: [GC 5718.377: [ParNew: 351659K->35803K(368640K), 0.0396520 secs] 2560508K->2249127K(12541952K), 0.0400090 secs] [Times: user=0.26 sys=0.00, real=0.04 secs] 
2011-03-01T02:36:57.417+0000: 5718.809: [GC 5718.809: [ParNew: 363483K->20685K(368640K), 0.0440460 secs] 2576807K->2254290K(12541952K), 0.0444090 secs] [Times: user=0.32 sys=0.00, real=0.04 secs] 
2011-03-01T02:36:58.007+0000: 5719.398: [GC 5719.398: [ParNew: 348365K->14782K(368640K), 0.0280160 secs] 2581970K->2248388K(12541952K), 0.0283740 secs] [Times: user=0.22 sys=0.01, real=0.03 secs] 
2011-03-01T02:36:58.457+0000: 5719.848: [GC 5719.848: [ParNew: 342462K->21040K(368640K), 0.0302450 secs] 2576068K->2254645K(12541952K), 0.0306020 secs] [Times: user=0.24 sys=0.00, real=0.03 secs] 
2011-03-01T02:36:58.931+0000: 5720.322: [GC 5720.323: [ParNew: 348682K->24376K(368640K), 0.0330790 secs] 2582288K->2257981K(12541952K), 0.0334350 secs] [Times: user=0.29 sys=0.00, real=0.04 secs] 
2011-03-01T02:36:59.268+0000: 5720.659: [GC 5720.659: [ParNew: 352056K->33889K(368640K), 0.0393870 secs] 2585661K->2271169K(12541952K), 0.0397420 secs] [Times: user=0.31 sys=0.00, real=0.04 secs] 
2011-03-01T02:36:59.678+0000: 5721.069: [GC 5721.069: [ParNew: 361569K->21884K(368640K), 0.0467100 secs] 2598849K->2278238K(12541952K), 0.0470660 secs] [Times: user=0.33 sys=0.00, real=0.05 secs] 
2011-03-01T02:37:00.094+0000: 5721.486: [GC 5721.486: [ParNew: 349564K->22982K(368640K), 0.0281310 secs] 2605918K->2279336K(12541952K), 0.0284870 secs] [Times: user=0.17 sys=0.00, real=0.03 secs] 
2011-03-01T02:37:00.522+0000: 5721.913: [GC 5721.913: [ParNew: 350662K->36583K(368640K), 0.0311310 secs] 2607016K->2292937K(12541952K), 0.0314920 secs] [Times: user=0.22 sys=0.00, real=0.04 secs] 
2011-03-01T02:37:01.026+0000: 5722.417: [GC 5722.417: [ParNew: 364263K->27864K(368640K), 0.0396150 secs] 2620617K->2289200K(12541952K), 0.0400830 secs] [Times: user=0.29 sys=0.00, real=0.04 secs] 
2011-03-01T02:37:01.436+0000: 5722.827: [GC 5722.827: [ParNew: 355544K->33164K(368640K), 0.0490300 secs] 2616880K->2294499K(12541952K), 0.0494880 secs] [Times: user=0.35 sys=0.01, real=0.05 secs] 
2011-03-01T02:37:01.937+0000: 5723.328: [GC 5723.329: [ParNew: 360844K->24312K(368640K), 0.0548560 secs] 2622179K->2310971K(12541952K), 0.0553370 secs] [Times: user=0.31 sys=0.01, real=0.06 secs] 
2011-03-01T02:37:02.795+0000: 5724.186: [GC 5724.187: [ParNew: 351992K->25297K(368640K), 0.0283070 secs] 2638651K->2311955K(12541952K), 0.0287760 secs] [Times: user=0.20 sys=0.00, real=0.03 secs] 
2011-03-01T02:37:03.756+0000: 5725.147: [GC 5725.147: [ParNew: 352977K->28762K(368640K), 0.0351520 secs] 2639635K->2319812K(12541952K), 0.0356100 secs] [Times: user=0.24 sys=0.00, real=0.03 secs] 
2011-03-01T02:37:04.607+0000: 5725.998: [GC 5725.998: [ParNew: 356442K->15415K(368640K), 0.0340580 secs] 2647492K->2312550K(12541952K), 0.0345260 secs] [Times: user=0.24 sys=0.00, real=0.03 secs] 
2011-03-01T02:37:05.506+0000: 5726.897: [GC 5726.898: [ParNew: 343095K->40960K(368640K), 0.0314260 secs] 2640230K->2338094K(12541952K), 0.0318820 secs] [Times: user=0.24 sys=0.00, real=0.03 secs] 
2011-03-01T02:37:06.418+0000: 5727.809: [GC 5727.810: [ParNew: 368640K->39287K(368640K), 0.0388910 secs] 2665774K->2346228K(12541952K), 0.0393340 secs] [Times: user=0.30 sys=0.00, real=0.04 secs] 
2011-03-01T02:37:07.258+0000: 5728.649: [GC 5728.649: [ParNew: 366967K->27374K(368640K), 0.0305780 secs] 2673908K->2339613K(12541952K), 0.0310500 secs] [Times: user=0.23 sys=0.01, real=0.03 secs] 
2011-03-01T02:37:08.139+0000: 5729.530: [GC 5729.530: [ParNew: 355054K->13630K(368640K), 0.0353140 secs] 2667293K->2331665K(12541952K), 0.0357830 secs] [Times: user=0.28 sys=0.00, real=0.04 secs] 
2011-03-01T02:37:09.056+0000: 5730.447: [GC 5730.447: [ParNew: 341310K->19899K(368640K), 0.0255060 secs] 2659345K->2337934K(12541952K), 0.0259450 secs] [Times: user=0.16 sys=0.00, real=0.02 secs] 
2011-03-01T02:37:09.898+0000: 5731.289: [GC 5731.290: [ParNew: 347579K->22165K(368640K), 0.0284460 secs] 2665614K->2340200K(12541952K), 0.0288830 secs] [Times: user=0.24 sys=0.00, real=0.03 secs] 
2011-03-01T02:37:10.752+0000: 5732.143: [GC 5732.144: [ParNew: 349845K->32917K(368640K), 0.0353270 secs] 2667880K->2354715K(12541952K), 0.0357700 secs] [Times: user=0.28 sys=0.00, real=0.03 secs] 
2011-03-01T02:37:11.508+0000: 5732.899: [GC 5732.900: [ParNew: 360597K->40843K(368640K), 0.0403000 secs] 2682395K->2369818K(12541952K), 0.0407500 secs] [Times: user=0.32 sys=0.00, real=0.04 secs] 
2011-03-01T02:37:12.358+0000: 5733.749: [GC 5733.749: [ParNew: 368523K->40258K(368640K), 0.0368360 secs] 2697498K->2380280K(12541952K), 0.0372820 secs] [Times: user=0.25 sys=0.00, real=0.04 secs] 
2011-03-01T02:37:13.321+0000: 5734.712: [GC 5734.713: [ParNew: 367938K->22555K(368640K), 0.0361530 secs] 2707960K->2366066K(12541952K), 0.0366180 secs] [Times: user=0.30 sys=0.00, real=0.04 secs] 
2011-03-01T02:37:14.610+0000: 5736.001: [GC 5736.001: [ParNew: 350235K->28665K(368640K), 0.0314860 secs] 2693746K->2372176K(12541952K), 0.0319380 secs] [Times: user=0.24 sys=0.00, real=0.03 secs] 
2011-03-01T02:37:15.785+0000: 5737.176: [GC 5737.176: [ParNew: 356345K->32088K(368640K), 0.0382810 secs] 2699856K->2380955K(12541952K), 0.0387360 secs] [Times: user=0.25 sys=0.00, real=0.04 secs] 
2011-03-01T02:37:16.708+0000: 5738.099: [GC 5738.099: [ParNew: 359768K->40960K(368640K), 0.0435890 secs] 2708635K->2398384K(12541952K), 0.0440440 secs] [Times: user=0.32 sys=0.00, real=0.04 secs] 
2011-03-01T02:37:17.731+0000: 5739.122: [GC 5739.122: [ParNew: 368640K->29211K(368640K), 0.0374430 secs] 2726064K->2395510K(12541952K), 0.0379070 secs] [Times: user=0.29 sys=0.00, real=0.04 secs] 
2011-03-01T02:37:19.344+0000: 5740.735: [GC 5740.735: [ParNew: 356891K->40960K(368640K), 0.0457190 secs] 2723190K->2414354K(12541952K), 0.0462000 secs] [Times: user=0.30 sys=0.01, real=0.04 secs] 
2011-03-01T02:37:21.019+0000: 5742.411: [GC 5742.411: [ParNew: 368640K->31604K(368640K), 0.0465250 secs] 2742034K->2413730K(12541952K), 0.0469880 secs] [Times: user=0.32 sys=0.01, real=0.05 secs] 
2011-03-01T02:37:22.430+0000: 5743.821: [GC 5743.821: [ParNew: 359284K->30663K(368640K), 0.0836980 secs] 2741410K->2434125K(12541952K), 0.0841630 secs] [Times: user=0.45 sys=0.01, real=0.09 secs] 
2011-03-01T02:37:24.451+0000: 5745.842: [GC 5745.842: [ParNew: 358343K->40960K(368640K), 0.0631670 secs] 2761805K->2462496K(12541952K), 0.0636310 secs] [Times: user=0.39 sys=0.00, real=0.07 secs] 
2011-03-01T02:37:26.779+0000: 5748.170: [GC 5748.170: [ParNew: 368640K->36473K(368640K), 0.0641220 secs] 2790176K->2484856K(12541952K), 0.0645740 secs] [Times: user=0.41 sys=0.01, real=0.07 secs] 
2011-03-01T02:37:29.121+0000: 5750.512: [GC 5750.513: [ParNew: 364153K->33631K(368640K), 0.0521040 secs] 2812536K->2495531K(12541952K), 0.0525640 secs] [Times: user=0.33 sys=0.00, real=0.06 secs] 
2011-03-01T02:37:30.198+0000: 5751.590: [GC 5751.590: [ParNew: 361311K->12806K(368640K), 0.0477580 secs] 2823211K->2487566K(12541952K), 0.0482140 secs] [Times: user=0.26 sys=0.00, real=0.05 secs] 
2011-03-01T02:37:31.660+0000: 5753.051: [GC 5753.052: [ParNew: 340486K->40960K(368640K), 0.0409790 secs] 2815246K->2523092K(12541952K), 0.0413260 secs] [Times: user=0.28 sys=0.00, real=0.04 secs] 
2011-03-01T02:37:33.063+0000: 5754.455: [GC 5754.455: [ParNew: 368640K->32384K(368640K), 0.0591800 secs] 2850772K->2530648K(12541952K), 0.0595400 secs] [Times: user=0.33 sys=0.00, real=0.06 secs] 
2011-03-01T02:37:33.992+0000: 5755.383: [GC 5755.383: [ParNew: 360064K->40960K(368640K), 0.0734420 secs] 2858328K->2625166K(12541952K), 0.0737930 secs] [Times: user=0.49 sys=0.00, real=0.08 secs] 
2011-03-01T02:37:34.687+0000: 5756.079: [GC 5756.079: [ParNew: 368640K->14936K(368640K), 0.0519090 secs] 2952846K->2613703K(12541952K), 0.0522560 secs] [Times: user=0.32 sys=0.00, real=0.05 secs] 
2011-03-01T02:37:35.231+0000: 5756.623: [GC 5756.623: [ParNew: 342616K->25582K(368640K), 0.0530830 secs] 2941383K->2624349K(12541952K), 0.0534510 secs] [Times: user=0.37 sys=0.00, real=0.06 secs] 
2011-03-01T02:37:35.560+0000: 5756.951: [GC 5756.951: [ParNew: 351281K->40960K(368640K), 0.0680010 secs] 2950047K->2648854K(12541952K), 0.0683440 secs] [Times: user=0.46 sys=0.01, real=0.07 secs] 
2011-03-01T02:37:35.975+0000: 5757.366: [GC 5757.367: [ParNew: 368640K->38183K(368640K), 0.0894000 secs] 2976534K->2669102K(12541952K), 0.0897610 secs] [Times: user=0.50 sys=0.00, real=0.09 secs] 
2011-03-01T02:37:36.291+0000: 5757.682: [GC 5757.682: [ParNew: 365863K->40960K(368640K), 0.0674290 secs] 2996782K->2686435K(12541952K), 0.0679000 secs] [Times: user=0.46 sys=0.00, real=0.07 secs] 
2011-03-01T02:37:36.596+0000: 5757.987: [GC 5757.987: [ParNew: 368640K->40960K(368640K), 0.0570520 secs] 3014115K->2697528K(12541952K), 0.0575260 secs] [Times: user=0.37 sys=0.00, real=0.05 secs] 
2011-03-01T02:37:36.927+0000: 5758.318: [GC 5758.318: [ParNew: 368640K->27643K(368640K), 0.0576320 secs] 3025208K->2700104K(12541952K), 0.0580920 secs] [Times: user=0.33 sys=0.00, real=0.06 secs] 
2011-03-01T02:37:37.264+0000: 5758.655: [GC 5758.656: [ParNew: 355323K->40960K(368640K), 0.0666980 secs] 3027784K->2732747K(12541952K), 0.0671600 secs] [Times: user=0.41 sys=0.00, real=0.06 secs] 
2011-03-01T02:37:37.621+0000: 5759.012: [GC 5759.013: [ParNew: 368640K->40960K(368640K), 0.0611230 secs] 3060427K->2749073K(12541952K), 0.0621850 secs] [Times: user=0.47 sys=0.01, real=0.07 secs] 
2011-03-01T02:37:37.900+0000: 5759.291: [GC 5759.292: [ParNew: 368640K->40960K(368640K), 0.0555050 secs] 3076753K->2761485K(12541952K), 0.0559630 secs] [Times: user=0.40 sys=0.01, real=0.06 secs] 
2011-03-01T02:37:38.193+0000: 5759.584: [GC 5759.584: [ParNew: 368640K->33204K(368640K), 0.0581840 secs] 3089165K->2771124K(12541952K), 0.0586420 secs] [Times: user=0.43 sys=0.00, real=0.05 secs] 
2011-03-01T02:37:38.579+0000: 5759.971: [GC 5759.971: [ParNew: 360884K->40960K(368640K), 0.0506420 secs] 3098804K->2789372K(12541952K), 0.0511040 secs] [Times: user=0.40 sys=0.00, real=0.05 secs] 
2011-03-01T02:37:38.999+0000: 5760.390: [GC 5760.390: [ParNew: 368640K->30226K(368640K), 0.0559040 secs] 3117052K->2798187K(12541952K), 0.0563740 secs] [Times: user=0.39 sys=0.03, real=0.06 secs] 
2011-03-01T02:37:39.576+0000: 5760.968: [GC 5760.968: [ParNew: 357943K->10717K(368640K), 0.0406310 secs] 3125903K->2787364K(12541952K), 0.0410870 secs] [Times: user=0.32 sys=0.00, real=0.04 secs] 
2011-03-01T02:37:39.624+0000: 5761.016: [GC 5761.016: [ParNew: 21419K->15237K(368640K), 0.0327540 secs] 2798067K->2791884K(12541952K), 0.0331590 secs] [Times: user=0.24 sys=0.00, real=0.03 secs] 
2011-03-01T02:37:40.189+0000: 5761.580: [GC 5761.580: [ParNew: 342917K->40960K(368640K), 0.0361450 secs] 3119564K->2817607K(12541952K), 0.0365430 secs] [Times: user=0.32 sys=0.00, real=0.04 secs] 
2011-03-01T02:37:41.097+0000: 5762.488: [GC 5762.489: [ParNew: 368640K->29245K(368640K), 0.0497500 secs] 3145287K->2819566K(12541952K), 0.0501160 secs] [Times: user=0.35 sys=0.06, real=0.05 secs] 
2011-03-01T02:37:42.340+0000: 5763.731: [GC 5763.732: [ParNew: 356925K->15017K(368640K), 0.0401300 secs] 3147246K->2812795K(12541952K), 0.0405910 secs] [Times: user=0.31 sys=0.01, real=0.04 secs] 
2011-03-01T02:37:43.770+0000: 5765.162: [GC 5765.162: [ParNew: 342697K->40960K(368640K), 0.0410040 secs] 3140475K->2846550K(12541952K), 0.0414660 secs] [Times: user=0.32 sys=0.00, real=0.04 secs] 
2011-03-01T02:37:45.209+0000: 5766.600: [GC 5766.600: [ParNew: 368640K->18391K(368640K), 0.0443150 secs] 3174230K->2837964K(12541952K), 0.0447660 secs] [Times: user=0.33 sys=0.00, real=0.05 secs] 
2011-03-01T02:37:46.547+0000: 5767.939: [GC 5767.939: [ParNew: 346071K->40960K(368640K), 0.0427140 secs] 3165644K->2869622K(12541952K), 0.0431690 secs] [Times: user=0.32 sys=0.00, real=0.04 secs] 
2011-03-01T02:37:47.888+0000: 5769.279: [GC 5769.280: [ParNew: 368640K->17769K(368640K), 0.0449730 secs] 3197302K->2861912K(12541952K), 0.0454480 secs] [Times: user=0.32 sys=0.00, real=0.05 secs] 
2011-03-01T02:37:49.621+0000: 5771.012: [GC 5771.012: [ParNew: 345449K->40960K(368640K), 0.0432170 secs] 3189592K->2894469K(12541952K), 0.0436730 secs] [Times: user=0.32 sys=0.00, real=0.05 secs] 
2011-03-01T02:37:51.271+0000: 5772.662: [GC 5772.662: [ParNew: 368640K->11790K(368640K), 0.0409230 secs] 3222149K->2879375K(12541952K), 0.0413840 secs] [Times: user=0.32 sys=0.00, real=0.05 secs] 
2011-03-01T02:37:52.654+0000: 5774.046: [GC 5774.046: [ParNew: 339470K->37866K(368640K), 0.0366260 secs] 3207055K->2905451K(12541952K), 0.0370930 secs] [Times: user=0.24 sys=0.01, real=0.03 secs] 
2011-03-01T02:37:54.188+0000: 5775.579: [GC 5775.579: [ParNew: 365546K->19512K(368640K), 0.0491560 secs] 3233131K->2906733K(12541952K), 0.0496310 secs] [Times: user=0.35 sys=0.00, real=0.05 secs] 
2011-03-01T02:37:54.707+0000: 5776.098: [GC 5776.098: [ParNew: 347192K->40960K(368640K), 0.0666360 secs] 3234413K->2960914K(12541952K), 0.0671440 secs] [Times: user=0.46 sys=0.00, real=0.07 secs] 
2011-03-01T02:37:55.249+0000: 5776.640: [GC 5776.640: [ParNew: 368640K->9121K(368640K), 0.0356220 secs] 3288594K->2936805K(12541952K), 0.0361000 secs] [Times: user=0.25 sys=0.00, real=0.04 secs] 
2011-03-01T02:37:55.793+0000: 5777.185: [GC 5777.185: [ParNew: 336801K->12281K(368640K), 0.0302600 secs] 3264485K->2939965K(12541952K), 0.0307350 secs] [Times: user=0.23 sys=0.00, real=0.03 secs] 
2011-03-01T02:37:56.250+0000: 5777.641: [GC 5777.641: [ParNew: 339961K->19645K(368640K), 0.0299790 secs] 3267645K->2947329K(12541952K), 0.0304530 secs] [Times: user=0.24 sys=0.00, real=0.03 secs] 
2011-03-01T02:37:56.860+0000: 5778.251: [GC 5778.252: [ParNew: 347325K->22435K(368640K), 0.0313830 secs] 3275009K->2950119K(12541952K), 0.0318550 secs] [Times: user=0.24 sys=0.00, real=0.04 secs] 
2011-03-01T02:37:57.472+0000: 5778.863: [GC 5778.864: [ParNew: 350115K->40960K(368640K), 0.0399080 secs] 3277799K->2972149K(12541952K), 0.0403860 secs] [Times: user=0.28 sys=0.00, real=0.04 secs] 
2011-03-01T02:37:57.956+0000: 5779.347: [GC 5779.348: [ParNew: 368633K->17270K(368640K), 0.0473110 secs] 3299822K->2966756K(12541952K), 0.0477920 secs] [Times: user=0.33 sys=0.00, real=0.05 secs] 
2011-03-01T02:37:58.484+0000: 5779.875: [GC 5779.875: [ParNew: 344950K->13758K(368640K), 0.0252170 secs] 3294436K->2963245K(12541952K), 0.0256930 secs] [Times: user=0.18 sys=0.00, real=0.02 secs] 
2011-03-01T02:37:59.212+0000: 5780.603: [GC 5780.603: [ParNew: 341484K->17452K(368640K), 0.0284060 secs] 3290971K->2966939K(12541952K), 0.0288760 secs] [Times: user=0.22 sys=0.00, real=0.03 secs] 
2011-03-01T02:37:59.244+0000: 5780.635: [GC 5780.635: [ParNew: 18075K->19353K(368640K), 0.0285280 secs] 2967562K->2968840K(12541952K), 0.0289260 secs] [Times: user=0.18 sys=0.00, real=0.03 secs] 
2011-03-01T02:37:59.798+0000: 5781.189: [GC 5781.189: [ParNew: 346993K->40960K(368640K), 0.0355990 secs] 3296480K->2996065K(12541952K), 0.0360050 secs] [Times: user=0.24 sys=0.00, real=0.04 secs] 
2011-03-01T02:38:00.361+0000: 5781.752: [GC 5781.753: [ParNew: 368640K->20005K(368640K), 0.0492080 secs] 3323745K->2990121K(12541952K), 0.0495900 secs] [Times: user=0.39 sys=0.01, real=0.05 secs] 
2011-03-01T02:38:01.185+0000: 5782.576: [GC 5782.577: [ParNew: 347685K->40960K(368640K), 0.0360400 secs] 3317801K->3013428K(12541952K), 0.0363890 secs] [Times: user=0.24 sys=0.00, real=0.03 secs] 
2011-03-01T02:38:03.826+0000: 5785.217: [GC 5785.217: [ParNew: 368640K->12466K(368640K), 0.0442980 secs] 3341108K->3000922K(12541952K), 0.0447170 secs] [Times: user=0.32 sys=0.00, real=0.04 secs] 
2011-03-01T02:38:05.681+0000: 5787.072: [GC 5787.072: [ParNew: 340146K->31780K(368640K), 0.0282580 secs] 3328602K->3020237K(12541952K), 0.0287290 secs] [Times: user=0.24 sys=0.00, real=0.03 secs] 
2011-03-01T02:38:07.709+0000: 5789.101: [GC 5789.101: [ParNew: 359460K->40960K(368640K), 0.0381090 secs] 3347917K->3040086K(12541952K), 0.0385810 secs] [Times: user=0.31 sys=0.00, real=0.04 secs] 
2011-03-01T02:38:09.622+0000: 5791.013: [GC 5791.014: [ParNew: 368609K->13002K(368640K), 0.0431060 secs] 3367735K->3028943K(12541952K), 0.0435810 secs] [Times: user=0.30 sys=0.00, real=0.04 secs] 
2011-03-01T02:38:11.446+0000: 5792.837: [GC 5792.838: [ParNew: 340682K->25811K(368640K), 0.0333170 secs] 3356623K->3041753K(12541952K), 0.0337880 secs] [Times: user=0.24 sys=0.00, real=0.03 secs] 
2011-03-01T02:38:14.003+0000: 5795.394: [GC 5795.395: [ParNew: 353491K->40960K(368640K), 0.0419240 secs] 3369433K->3066214K(12541952K), 0.0423860 secs] [Times: user=0.29 sys=0.00, real=0.04 secs] 
2011-03-01T02:38:16.362+0000: 5797.754: [GC 5797.754: [ParNew: 368640K->13733K(368640K), 0.0444570 secs] 3393894K->3052875K(12541952K), 0.0486560 secs] [Times: user=0.32 sys=0.00, real=0.04 secs] 
2011-03-01T02:38:18.488+0000: 5799.879: [GC 5799.879: [ParNew: 341413K->40960K(368640K), 0.0373420 secs] 3380555K->3081386K(12541952K), 0.0376820 secs] [Times: user=0.30 sys=0.00, real=0.04 secs] 
2011-03-01T02:38:19.986+0000: 5801.377: [GC 5801.377: [ParNew: 368640K->28581K(368640K), 0.0458540 secs] 3409066K->3087118K(12541952K), 0.0462440 secs] [Times: user=0.32 sys=0.00, real=0.04 secs] 
2011-03-01T02:38:21.660+0000: 5803.051: [GC 5803.051: [ParNew: 356261K->40960K(368640K), 0.0425880 secs] 3414798K->3108541K(12541952K), 0.0493650 secs] [Times: user=0.32 sys=0.00, real=0.05 secs] 
2011-03-01T02:38:23.734+0000: 5805.126: [GC 5805.126: [ParNew: 368640K->8776K(368640K), 0.0411590 secs] 3436221K->3089289K(12541952K), 0.0416360 secs] [Times: user=0.29 sys=0.00, real=0.04 secs] 
2011-03-01T02:38:26.128+0000: 5807.519: [GC 5807.519: [ParNew: 336456K->40960K(368640K), 0.0392670 secs] 3416969K->3124699K(12541952K), 0.0396130 secs] [Times: user=0.32 sys=0.00, real=0.04 secs] 
2011-03-01T02:38:28.598+0000: 5809.990: [GC 5809.990: [ParNew: 368640K->10496K(368640K), 0.0464600 secs] 3452379K->3109961K(12541952K), 0.0468090 secs] [Times: user=0.33 sys=0.00, real=0.05 secs] 
2011-03-01T02:38:30.573+0000: 5811.964: [GC 5811.964: [ParNew: 338176K->35731K(368640K), 0.0378980 secs] 3437641K->3135195K(12541952K), 0.0382510 secs] [Times: user=0.27 sys=0.01, real=0.03 secs] 
2011-03-01T02:38:31.819+0000: 5813.210: [GC 5813.211: [ParNew: 362970K->27951K(368640K), 0.0516330 secs] 3462435K->3145007K(12541952K), 0.0519870 secs] [Times: user=0.40 sys=0.00, real=0.05 secs] 
2011-03-01T02:38:33.228+0000: 5814.619: [GC 5814.619: [ParNew: 355631K->40960K(368640K), 0.0427110 secs] 3472687K->3166725K(12541952K), 0.0430600 secs] [Times: user=0.32 sys=0.00, real=0.04 secs] 
2011-03-01T02:38:34.779+0000: 5816.170: [GC 5816.170: [ParNew: 368640K->29622K(368640K), 0.0446280 secs] 3494405K->3168359K(12541952K), 0.0449740 secs] [Times: user=0.33 sys=0.00, real=0.05 secs] 
2011-03-01T02:38:35.522+0000: 5816.913: [GC 5816.913: [ParNew: 357302K->40960K(368640K), 0.0440810 secs] 3496039K->3188236K(12541952K), 0.0444250 secs] [Times: user=0.35 sys=0.02, real=0.05 secs] 
2011-03-01T02:38:36.045+0000: 5817.436: [GC 5817.436: [ParNew: 368640K->27993K(368640K), 0.0470320 secs] 3515916K->3190275K(12541952K), 0.0474030 secs] [Times: user=0.32 sys=0.00, real=0.05 secs] 
2011-03-01T02:38:36.394+0000: 5817.785: [GC 5817.785: [ParNew: 355673K->40960K(368640K), 0.0491420 secs] 3517955K->3209585K(12541952K), 0.0494880 secs] [Times: user=0.30 sys=0.00, real=0.05 secs] 
2011-03-01T02:38:36.819+0000: 5818.210: [GC 5818.210: [ParNew: 368640K->31497K(368640K), 0.0555340 secs] 3537265K->3221233K(12541952K), 0.0558990 secs] [Times: user=0.40 sys=0.00, real=0.06 secs] 
2011-03-01T02:38:37.259+0000: 5818.650: [GC 5818.651: [ParNew: 359177K->40960K(368640K), 0.0694410 secs] 3548913K->3253969K(12541952K), 0.0698880 secs] [Times: user=0.52 sys=0.00, real=0.07 secs] 
2011-03-01T02:38:37.576+0000: 5818.967: [GC 5818.967: [ParNew: 368640K->40960K(368640K), 0.0608750 secs] 3581649K->3272862K(12541952K), 0.0613730 secs] [Times: user=0.40 sys=0.02, real=0.06 secs] 
2011-03-01T02:38:37.990+0000: 5819.381: [GC 5819.382: [ParNew: 368640K->40960K(368640K), 0.0584580 secs] 3600542K->3287187K(12541952K), 0.0589240 secs] [Times: user=0.43 sys=0.01, real=0.06 secs] 
2011-03-01T02:38:38.372+0000: 5819.764: [GC 5819.764: [ParNew: 368640K->40960K(368640K), 0.0531920 secs] 3614867K->3302064K(12541952K), 0.0536780 secs] [Times: user=0.35 sys=0.04, real=0.05 secs] 
2011-03-01T02:38:38.825+0000: 5820.216: [GC 5820.216: [ParNew: 368640K->37321K(368640K), 0.0400470 secs] 3629744K->3305654K(12541952K), 0.0403970 secs] [Times: user=0.28 sys=0.00, real=0.04 secs] 
2011-03-01T02:38:39.948+0000: 5821.339: [GC 5821.339: [ParNew: 365001K->39272K(368640K), 0.0398640 secs] 3633334K->3319194K(12541952K), 0.0402110 secs] [Times: user=0.31 sys=0.00, real=0.04 secs] 
2011-03-01T02:38:40.930+0000: 5822.321: [GC 5822.321: [ParNew: 366952K->14971K(368640K), 0.0434210 secs] 3646874K->3303490K(12541952K), 0.0437750 secs] [Times: user=0.32 sys=0.00, real=0.05 secs] 
2011-03-01T02:38:42.235+0000: 5823.626: [GC 5823.626: [ParNew: 342651K->40960K(368640K), 0.0394140 secs] 3631170K->3333609K(12541952K), 0.0397680 secs] [Times: user=0.29 sys=0.00, real=0.04 secs] 
2011-03-01T02:38:43.556+0000: 5824.947: [GC 5824.948: [ParNew: 368640K->7627K(368640K), 0.0402940 secs] 3661289K->3316025K(12541952K), 0.0406410 secs] [Times: user=0.30 sys=0.01, real=0.04 secs] 
2011-03-01T02:38:44.941+0000: 5826.332: [GC 5826.583: [ParNew: 335307K->40960K(368640K), 0.0613100 secs] 3643705K->3357552K(12541952K), 0.0616790 secs] [Times: user=0.39 sys=0.02, real=0.32 secs] 
2011-03-01T02:38:46.481+0000: 5827.872: [GC 5827.872: [ParNew: 368640K->9394K(368640K), 0.0394990 secs] 3685232K->3338854K(12541952K), 0.0398450 secs] [Times: user=0.30 sys=0.01, real=0.04 secs] 
2011-03-01T02:38:47.602+0000: 5828.994: [GC 5828.994: [ParNew: 337074K->40960K(368640K), 0.0375190 secs] 3666534K->3373293K(12541952K), 0.0378580 secs] [Times: user=0.29 sys=0.00, real=0.03 secs] 
2011-03-01T02:38:49.169+0000: 5830.560: [GC 5830.560: [ParNew: 368640K->11557K(368640K), 0.0400290 secs] 3700973K->3357496K(12541952K), 0.0403850 secs] [Times: user=0.32 sys=0.00, real=0.04 secs] 
2011-03-01T02:38:50.527+0000: 5831.918: [GC 5831.918: [ParNew: 339237K->40960K(368640K), 0.0343950 secs] 3685176K->3389866K(12541952K), 0.0348560 secs] [Times: user=0.24 sys=0.00, real=0.03 secs] 
2011-03-01T02:38:51.909+0000: 5833.300: [GC 5833.301: [ParNew: 368640K->11126K(368640K), 0.0418720 secs] 3717546K->3371724K(12541952K), 0.0423490 secs] [Times: user=0.32 sys=0.00, real=0.04 secs] 
2011-03-01T02:38:53.327+0000: 5834.718: [GC 5834.719: [ParNew: 338806K->40960K(368640K), 0.0358370 secs] 3699404K->3406450K(12541952K), 0.0363060 secs] [Times: user=0.24 sys=0.00, real=0.04 secs] 
2011-03-01T02:38:54.518+0000: 5835.909: [GC 5835.910: [ParNew: 368640K->10699K(368640K), 0.0363400 secs] 3734130K->3386133K(12541952K), 0.0368350 secs] [Times: user=0.25 sys=0.00, real=0.04 secs] 
2011-03-01T02:38:55.427+0000: 5836.818: [GC 5836.818: [ParNew: 338346K->27171K(368640K), 0.0347730 secs] 3713780K->3402605K(12541952K), 0.0352380 secs] [Times: user=0.25 sys=0.00, real=0.04 secs] 
2011-03-01T02:38:56.107+0000: 5837.498: [GC 5837.498: [ParNew: 354851K->39642K(368640K), 0.0368610 secs] 3730285K->3422765K(12541952K), 0.0373540 secs] [Times: user=0.24 sys=0.01, real=0.04 secs] 
2011-03-01T02:38:56.890+0000: 5838.281: [GC 5838.281: [ParNew: 367322K->7901K(368640K), 0.0340950 secs] 3750445K->3398078K(12541952K), 0.0346000 secs] [Times: user=0.26 sys=0.00, real=0.04 secs] 
2011-03-01T02:38:57.514+0000: 5838.906: [GC 5838.906: [ParNew: 335629K->11414K(368640K), 0.0333500 secs] 3725806K->3401591K(12541952K), 0.0338460 secs] [Times: user=0.26 sys=0.00, real=0.03 secs] 
2011-03-01T02:38:57.551+0000: 5838.942: [GC 5838.942: [ParNew: 11651K->12344K(368640K), 0.0279330 secs] 3401828K->3402521K(12541952K), 0.0283210 secs] [Times: user=0.24 sys=0.00, real=0.03 secs] 
2011-03-01T02:38:58.381+0000: 5839.772: [GC 5839.772: [ParNew: 340024K->38006K(368640K), 0.0337930 secs] 3730201K->3430217K(12541952K), 0.0342850 secs] [Times: user=0.29 sys=0.00, real=0.04 secs] 
2011-03-01T02:38:59.539+0000: 5840.930: [GC 5840.930: [ParNew: 365686K->8512K(368640K), 0.0369130 secs] 3757897K->3414201K(12541952K), 0.0373940 secs] [Times: user=0.26 sys=0.01, real=0.04 secs] 
2011-03-01T02:39:00.318+0000: 5841.709: [GC 5841.709: [ParNew: 336192K->28719K(368640K), 0.0302360 secs] 3741881K->3434408K(12541952K), 0.0307330 secs] [Times: user=0.24 sys=0.00, real=0.03 secs] 
2011-03-01T02:39:00.888+0000: 5842.280: [GC 5842.280: [ParNew: 356399K->26265K(368640K), 0.0366680 secs] 3762088K->3443595K(12541952K), 0.0371560 secs] [Times: user=0.27 sys=0.00, real=0.04 secs] 
2011-03-01T02:39:01.517+0000: 5842.908: [GC 5842.909: [ParNew: 353939K->8038K(368640K), 0.0287320 secs] 3771270K->3430463K(12541952K), 0.0291920 secs] [Times: user=0.22 sys=0.00, real=0.03 secs] 
2011-03-01T02:39:02.180+0000: 5843.571: [GC 5843.571: [ParNew: 335716K->29880K(368640K), 0.0281930 secs] 3758141K->3452304K(12541952K), 0.0286740 secs] [Times: user=0.24 sys=0.00, real=0.03 secs] 
2011-03-01T02:39:03.026+0000: 5844.417: [GC 5844.417: [ParNew: 357560K->4900K(368640K), 0.0381100 secs] 3779984K->3435152K(12541952K), 0.0385880 secs] [Times: user=0.26 sys=0.00, real=0.04 secs] 
2011-03-01T02:39:04.007+0000: 5845.398: [GC 5845.399: [ParNew: 332580K->21482K(368640K), 0.0242870 secs] 3762832K->3451733K(12541952K), 0.0247870 secs] [Times: user=0.16 sys=0.00, real=0.02 secs] 
2011-03-01T02:39:06.019+0000: 5847.410: [GC 5847.410: [ParNew: 349162K->21720K(368640K), 0.0325190 secs] 3779413K->3453753K(12541952K), 0.0329890 secs] [Times: user=0.24 sys=0.00, real=0.03 secs] 
2011-03-01T02:39:07.943+0000: 5849.335: [GC 5849.335: [ParNew: 349400K->40960K(368640K), 0.0353780 secs] 3781433K->3474998K(12541952K), 0.0358510 secs] [Times: user=0.26 sys=0.00, real=0.03 secs] 
2011-03-01T02:39:10.304+0000: 5851.696: [GC 5851.696: [ParNew: 368640K->40296K(368640K), 0.0414080 secs] 3802678K->3484310K(12541952K), 0.0418760 secs] [Times: user=0.31 sys=0.00, real=0.04 secs] 
2011-03-01T02:39:11.970+0000: 5853.361: [GC 5853.361: [ParNew: 367976K->39816K(368640K), 0.0416010 secs] 3811990K->3491780K(12541952K), 0.0420690 secs] [Times: user=0.32 sys=0.00, real=0.04 secs] 
2011-03-01T02:39:13.415+0000: 5854.806: [GC 5854.806: [ParNew: 367448K->29443K(368640K), 0.0451760 secs] 3819411K->3511385K(12541952K), 0.0456470 secs] [Times: user=0.33 sys=0.00, real=0.04 secs] 
2011-03-01T02:39:15.544+0000: 5856.935: [GC 5856.935: [ParNew: 357123K->22584K(368640K), 0.0315790 secs] 3839065K->3512099K(12541952K), 0.0320300 secs] [Times: user=0.22 sys=0.01, real=0.03 secs] 
2011-03-01T02:39:17.726+0000: 5859.117: [GC 5859.117: [ParNew: 349443K->40960K(368640K), 0.0301500 secs] 3838958K->3530474K(12541952K), 0.0306070 secs] [Times: user=0.24 sys=0.01, real=0.03 secs] 
2011-03-01T02:39:19.487+0000: 5860.878: [GC 5860.879: [ParNew: 368640K->40960K(368640K), 0.0400880 secs] 3858154K->3538709K(12541952K), 0.0405470 secs] [Times: user=0.32 sys=0.00, real=0.04 secs] 
2011-03-01T02:39:21.047+0000: 5862.438: [GC 5862.439: [ParNew: 368640K->14540K(368640K), 0.0428800 secs] 3866389K->3524859K(12541952K), 0.0433400 secs] [Times: user=0.32 sys=0.00, real=0.04 secs] 
2011-03-01T02:39:23.063+0000: 5864.454: [GC 5864.455: [ParNew: 342220K->40960K(368640K), 0.0366910 secs] 3852539K->3555660K(12541952K), 0.0371950 secs] [Times: user=0.27 sys=0.00, real=0.03 secs] 
2011-03-01T02:39:25.619+0000: 5867.010: [GC 5867.010: [ParNew: 368640K->9956K(368640K), 0.0422700 secs] 3883340K->3536376K(12541952K), 0.0427070 secs] [Times: user=0.32 sys=0.00, real=0.04 secs] 
2011-03-01T02:39:28.101+0000: 5869.492: [GC 5869.493: [ParNew: 337636K->40960K(368640K), 0.0366170 secs] 3864056K->3575736K(12541952K), 0.0370490 secs] [Times: user=0.31 sys=0.00, real=0.04 secs] 
2011-03-01T02:39:30.384+0000: 5871.775: [GC 5871.775: [ParNew: 368640K->8961K(368640K), 0.0364060 secs] 3903416K->3551654K(12541952K), 0.0368410 secs] [Times: user=0.24 sys=0.00, real=0.03 secs] 
2011-03-01T02:39:31.539+0000: 5872.930: [GC 5872.931: [ParNew: 336641K->27521K(368640K), 0.0323650 secs] 3879334K->3570214K(12541952K), 0.0327550 secs] [Times: user=0.24 sys=0.00, real=0.03 secs] 
2011-03-01T02:39:32.933+0000: 5874.324: [GC 5874.324: [ParNew: 355201K->29821K(368640K), 0.0434210 secs] 3897894K->3585304K(12541952K), 0.0437950 secs] [Times: user=0.33 sys=0.00, real=0.04 secs] 
2011-03-01T02:39:34.208+0000: 5875.599: [GC 5875.599: [ParNew: 357501K->36781K(368640K), 0.0394040 secs] 3912984K->3598108K(12541952K), 0.0397470 secs] [Times: user=0.31 sys=0.00, real=0.04 secs] 
2011-03-01T02:39:35.395+0000: 5876.786: [GC 5876.786: [ParNew: 364461K->39449K(368640K), 0.0432450 secs] 3925788K->3609059K(12541952K), 0.0435940 secs] [Times: user=0.33 sys=0.00, real=0.04 secs] 
2011-03-01T02:39:35.853+0000: 5877.244: [GC 5877.245: [ParNew: 366107K->22387K(368640K), 0.0460700 secs] 3935718K->3600433K(12541952K), 0.0465380 secs] [Times: user=0.35 sys=0.00, real=0.04 secs] 
2011-03-01T02:39:36.272+0000: 5877.663: [GC 5877.664: [ParNew: 350067K->40960K(368640K), 0.0514500 secs] 3928113K->3631193K(12541952K), 0.0519270 secs] [Times: user=0.37 sys=0.00, real=0.05 secs] 
2011-03-01T02:39:36.558+0000: 5877.949: [GC 5877.949: [ParNew: 368640K->40960K(368640K), 0.0617750 secs] 3958873K->3707757K(12541952K), 0.0622910 secs] [Times: user=0.45 sys=0.00, real=0.06 secs] 
2011-03-01T02:39:36.856+0000: 5878.247: [GC 5878.247: [ParNew: 368640K->40960K(368640K), 0.0693750 secs] 4035462K->3730019K(12541952K), 0.0698590 secs] [Times: user=0.49 sys=0.00, real=0.07 secs] 
2011-03-01T02:39:36.936+0000: 5878.327: [GC 5878.328: [ParNew: 72514K->36362K(368640K), 0.0639890 secs] 3761573K->3749303K(12541952K), 0.0644200 secs] [Times: user=0.43 sys=0.01, real=0.06 secs] 
2011-03-01T02:39:37.177+0000: 5878.568: [GC 5878.569: [ParNew: 364042K->40960K(368640K), 0.0530260 secs] 4076983K->3836856K(12541952K), 0.0534960 secs] [Times: user=0.39 sys=0.00, real=0.05 secs] 
2011-03-01T02:39:37.423+0000: 5878.814: [GC 5878.814: [ParNew: 368640K->34631K(368640K), 0.0538670 secs] 4164536K->3844562K(12541952K), 0.0543420 secs] [Times: user=0.38 sys=0.00, real=0.05 secs] 
2011-03-01T02:39:37.813+0000: 5879.204: [GC 5879.205: [ParNew: 362311K->39238K(368640K), 0.0513190 secs] 4172242K->3862339K(12541952K), 0.0518510 secs] [Times: user=0.35 sys=0.00, real=0.05 secs] 
2011-03-01T02:39:38.037+0000: 5879.428: [GC 5879.429: [ParNew: 366918K->40960K(368640K), 0.0558550 secs] 4190019K->3875053K(12541952K), 0.0563080 secs] [Times: user=0.39 sys=0.00, real=0.06 secs] 
2011-03-01T02:39:38.286+0000: 5879.677: [GC 5879.677: [ParNew: 368640K->40960K(368640K), 0.0500830 secs] 4202733K->3891510K(12541952K), 0.0505510 secs] [Times: user=0.33 sys=0.00, real=0.05 secs] 
2011-03-01T02:39:38.569+0000: 5879.961: [GC 5879.961: [ParNew: 368640K->40960K(368640K), 0.0467850 secs] 4219190K->3903843K(12541952K), 0.0471360 secs] [Times: user=0.37 sys=0.01, real=0.05 secs] 
2011-03-01T02:39:38.947+0000: 5880.338: [GC 5880.339: [ParNew: 368640K->37863K(368640K), 0.0551870 secs] 4231523K->3912231K(12541952K), 0.0555380 secs] [Times: user=0.40 sys=0.00, real=0.06 secs] 
2011-03-01T02:39:39.349+0000: 5880.740: [GC 5880.740: [ParNew: 365543K->17291K(368640K), 0.0498330 secs] 4239911K->3904456K(12541952K), 0.0501820 secs] [Times: user=0.40 sys=0.00, real=0.05 secs] 
2011-03-01T02:39:39.823+0000: 5881.214: [GC 5881.214: [ParNew: 344971K->19749K(368640K), 0.0448430 secs] 4232136K->3906914K(12541952K), 0.0451840 secs] [Times: user=0.33 sys=0.00, real=0.04 secs] 
2011-03-01T02:39:40.253+0000: 5881.644: [GC 5881.645: [ParNew: 347429K->36008K(368640K), 0.0495030 secs] 4234594K->3923173K(12541952K), 0.0498610 secs] [Times: user=0.36 sys=0.00, real=0.05 secs] 
2011-03-01T02:39:40.714+0000: 5882.105: [GC 5882.105: [ParNew: 363226K->34163K(368640K), 0.0613500 secs] 4250391K->3934535K(12541952K), 0.0641600 secs] [Times: user=0.45 sys=0.00, real=0.06 secs] 
2011-03-01T02:39:41.185+0000: 5882.576: [GC 5882.576: [ParNew: 361843K->18558K(368640K), 0.0603870 secs] 4262215K->3936257K(12541952K), 0.0607450 secs] [Times: user=0.42 sys=0.00, real=0.06 secs] 
2011-03-01T02:39:41.666+0000: 5883.058: [GC 5883.058: [ParNew: 346238K->17558K(368640K), 0.0431860 secs] 4263937K->3935257K(12541952K), 0.0435240 secs] [Times: user=0.32 sys=0.00, real=0.04 secs] 
2011-03-01T02:39:42.384+0000: 5883.775: [GC 5883.776: [ParNew: 345238K->24783K(368640K), 0.0519760 secs] 4262937K->3942482K(12541952K), 0.0523180 secs] [Times: user=0.40 sys=0.00, real=0.05 secs] 
2011-03-01T02:39:43.614+0000: 5885.006: [GC 5885.006: [ParNew: 352463K->40960K(368640K), 0.0643920 secs] 4270162K->3968442K(12541952K), 0.0647410 secs] [Times: user=0.48 sys=0.00, real=0.06 secs] 
2011-03-01T02:39:45.028+0000: 5886.419: [GC 5886.419: [ParNew: 368640K->40709K(368640K), 0.0891010 secs] 4296122K->4008956K(12541952K), 0.0894510 secs] [Times: user=0.65 sys=0.00, real=0.09 secs] 
2011-03-01T02:39:46.273+0000: 5887.664: [GC 5887.664: [ParNew: 368389K->39958K(368640K), 0.0448990 secs] 4336636K->4021271K(12541952K), 0.0498100 secs] [Times: user=0.32 sys=0.00, real=0.05 secs] 
2011-03-01T02:39:47.751+0000: 5889.142: [GC 5889.142: [ParNew: 367638K->17139K(368640K), 0.0452840 secs] 4348951K->4016850K(12541952K), 0.0456350 secs] [Times: user=0.36 sys=0.00, real=0.05 secs] 
2011-03-01T02:39:49.082+0000: 5890.473: [GC 5890.473: [ParNew: 344819K->40960K(368640K), 0.0455410 secs] 4344530K->4046161K(12541952K), 0.0459170 secs] [Times: user=0.39 sys=0.00, real=0.05 secs] 
2011-03-01T02:39:50.939+0000: 5892.330: [GC 5892.331: [ParNew: 368640K->20920K(368640K), 0.0519760 secs] 4373841K->4048376K(12541952K), 0.0524410 secs] [Times: user=0.40 sys=0.00, real=0.05 secs] 
2011-03-01T02:39:52.322+0000: 5893.714: [GC 5893.714: [ParNew: 348600K->40960K(368640K), 0.0440840 secs] 4376056K->4068978K(12541952K), 0.0445410 secs] [Times: user=0.35 sys=0.00, real=0.04 secs] 
2011-03-01T02:39:53.650+0000: 5895.041: [GC 5895.041: [ParNew: 368640K->22817K(368640K), 0.0607120 secs] 4396658K->4075277K(12541952K), 0.0611370 secs] [Times: user=0.48 sys=0.00, real=0.06 secs] 
2011-03-01T02:39:54.643+0000: 5896.034: [GC 5896.034: [ParNew: 350466K->40960K(368640K), 0.0389200 secs] 4402925K->4093835K(12541952K), 0.0392920 secs] [Times: user=0.28 sys=0.00, real=0.04 secs] 
2011-03-01T02:39:55.366+0000: 5896.757: [GC 5896.757: [ParNew: 368593K->28943K(368640K), 0.0508400 secs] 4421468K->4094194K(12541952K), 0.0513230 secs] [Times: user=0.37 sys=0.00, real=0.05 secs] 
2011-03-01T02:39:56.088+0000: 5897.479: [GC 5897.479: [ParNew: 356623K->19288K(368640K), 0.0478000 secs] 4421874K->4103744K(12541952K), 0.0482860 secs] [Times: user=0.32 sys=0.00, real=0.05 secs] 
2011-03-01T02:39:56.772+0000: 5898.164: [GC 5898.164: [ParNew: 346968K->15833K(368640K), 0.0311420 secs] 4431424K->4100289K(12541952K), 0.0316130 secs] [Times: user=0.23 sys=0.00, real=0.03 secs] 
2011-03-01T02:39:57.569+0000: 5898.960: [GC 5898.960: [ParNew: 343513K->37188K(368640K), 0.0376190 secs] 4427969K->4121644K(12541952K), 0.0380970 secs] [Times: user=0.31 sys=0.00, real=0.04 secs] 
2011-03-01T02:39:58.490+0000: 5899.881: [GC 5899.882: [ParNew: 364918K->23337K(368640K), 0.0556650 secs] 4449374K->4125894K(12541952K), 0.0561400 secs] [Times: user=0.39 sys=0.02, real=0.06 secs] 
2011-03-01T02:39:58.549+0000: 5899.941: [GC 5899.941: [ParNew: 23719K->8369K(368640K), 0.0326970 secs] 4126277K->4122724K(12541952K), 0.0331060 secs] [Times: user=0.25 sys=0.00, real=0.04 secs] 
2011-03-01T02:39:59.479+0000: 5900.870: [GC 5900.871: [ParNew: 336049K->13711K(368640K), 0.0313150 secs] 4450404K->4128067K(12541952K), 0.0317900 secs] [Times: user=0.24 sys=0.00, real=0.03 secs] 
2011-03-01T02:40:00.144+0000: 5901.535: [GC 5901.536: [ParNew: 341391K->37862K(368640K), 0.0359680 secs] 4455747K->4152217K(12541952K), 0.0364490 secs] [Times: user=0.24 sys=0.00, real=0.03 secs] 
2011-03-01T02:40:00.520+0000: 5901.911: [GC 5901.912: [ParNew: 365498K->26228K(368640K), 0.0486160 secs] 4479854K->4155520K(12541952K), 0.0490950 secs] [Times: user=0.35 sys=0.01, real=0.05 secs] 
2011-03-01T02:40:01.014+0000: 5902.405: [GC 5902.406: [ParNew: 353908K->36744K(368640K), 0.0340220 secs] 4483200K->4166036K(12541952K), 0.0345170 secs] [Times: user=0.26 sys=0.00, real=0.03 secs] 
2011-03-01T02:40:01.849+0000: 5903.240: [GC 5903.241: [ParNew: 364424K->28866K(368640K), 0.0403460 secs] 4493716K->4168560K(12541952K), 0.0408780 secs] [Times: user=0.32 sys=0.00, real=0.04 secs] 
2011-03-01T02:40:02.804+0000: 5904.196: [GC 5904.196: [ParNew: 356506K->33515K(368640K), 0.0401390 secs] 4496200K->4178950K(12541952K), 0.0406160 secs] [Times: user=0.27 sys=0.00, real=0.04 secs] 
2011-03-01T02:40:04.486+0000: 5905.877: [GC 5905.877: [ParNew: 361195K->28795K(368640K), 0.0456020 secs] 4506630K->4181896K(12541952K), 0.0460790 secs] [Times: user=0.32 sys=0.00, real=0.05 secs] 
2011-03-01T02:40:06.599+0000: 5907.990: [GC 5907.990: [ParNew: 356475K->32508K(368640K), 0.0428450 secs] 4509576K->4191790K(12541952K), 0.0433150 secs] [Times: user=0.32 sys=0.00, real=0.04 secs] 
2011-03-01T02:40:08.698+0000: 5910.090: [GC 5910.090: [ParNew: 360188K->23218K(368640K), 0.0482760 secs] 4519470K->4193012K(12541952K), 0.0486300 secs] [Times: user=0.40 sys=0.00, real=0.05 secs] 
2011-03-01T02:40:10.825+0000: 5912.217: [GC 5912.217: [ParNew: 350898K->32475K(368640K), 0.0527790 secs] 4520692K->4212265K(12541952K), 0.0531330 secs] [Times: user=0.40 sys=0.00, real=0.05 secs] 
2011-03-01T02:40:12.617+0000: 5914.008: [GC 5914.009: [ParNew: 360155K->22378K(368640K), 0.0562770 secs] 4539945K->4222656K(12541952K), 0.0566650 secs] [Times: user=0.41 sys=0.00, real=0.06 secs] 
2011-03-01T02:40:14.302+0000: 5915.693: [GC 5915.694: [ParNew: 350058K->11246K(368640K), 0.0416170 secs] 4550336K->4220959K(12541952K), 0.0481610 secs] [Times: user=0.32 sys=0.00, real=0.05 secs] 
2011-03-01T02:40:16.754+0000: 5918.145: [GC 5918.145: [ParNew: 338926K->35981K(368640K), 0.0396910 secs] 4548639K->4245695K(12541952K), 0.0401530 secs] [Times: user=0.29 sys=0.00, real=0.04 secs] 
2011-03-01T02:40:18.555+0000: 5919.947: [GC 5919.947: [ParNew: 363661K->37947K(368640K), 0.0580310 secs] 4573375K->4267764K(12541952K), 0.0585310 secs] [Times: user=0.41 sys=0.00, real=0.06 secs] 
2011-03-01T02:40:20.019+0000: 5921.410: [GC 5921.410: [ParNew: 365627K->37174K(368640K), 0.0573810 secs] 4595444K->4280375K(12541952K), 0.0577920 secs] [Times: user=0.44 sys=0.00, real=0.06 secs] 
2011-03-01T02:40:21.205+0000: 5922.597: [GC 5922.597: [ParNew: 364854K->24675K(368640K), 0.0492050 secs] 4608055K->4282238K(12541952K), 0.0495490 secs] [Times: user=0.34 sys=0.00, real=0.05 secs] 
2011-03-01T02:40:23.612+0000: 5925.003: [GC 5925.004: [ParNew: 352355K->40960K(368640K), 0.0445210 secs] 4609918K->4298523K(12541952K), 0.0448670 secs] [Times: user=0.36 sys=0.02, real=0.05 secs] 
2011-03-01T02:40:26.019+0000: 5927.410: [GC 5927.411: [ParNew: 368640K->40960K(368640K), 0.0573350 secs] 4626203K->4311146K(12541952K), 0.0576870 secs] [Times: user=0.43 sys=0.01, real=0.06 secs] 
2011-03-01T02:40:28.564+0000: 5929.955: [GC 5929.955: [ParNew: 368640K->24188K(368640K), 0.0540900 secs] 4638826K->4318456K(12541952K), 0.0544390 secs] [Times: user=0.35 sys=0.01, real=0.05 secs] 
2011-03-01T02:40:30.590+0000: 5931.982: [GC 5931.982: [ParNew: 351868K->40960K(368640K), 0.0378490 secs] 4646136K->4339023K(12541952K), 0.0381930 secs] [Times: user=0.32 sys=0.00, real=0.04 secs] 
2011-03-01T02:40:31.809+0000: 5933.200: [GC 5933.200: [ParNew: 368640K->36410K(368640K), 0.0684280 secs] 4666703K->4358742K(12541952K), 0.0687770 secs] [Times: user=0.49 sys=0.00, real=0.07 secs] 
2011-03-01T02:40:32.653+0000: 5934.044: [GC 5934.045: [ParNew: 364090K->40417K(368640K), 0.0672690 secs] 4686422K->4457841K(12541952K), 0.0676280 secs] [Times: user=0.52 sys=0.01, real=0.06 secs] 
2011-03-01T02:40:33.305+0000: 5934.696: [GC 5934.696: [ParNew: 368097K->15572K(368640K), 0.0407980 secs] 4785521K->4456755K(12541952K), 0.0411440 secs] [Times: user=0.28 sys=0.00, real=0.04 secs] 
2011-03-01T02:40:33.900+0000: 5935.291: [GC 5935.291: [ParNew: 343252K->32464K(368640K), 0.0378510 secs] 4784435K->4473647K(12541952K), 0.0381950 secs] [Times: user=0.32 sys=0.00, real=0.04 secs] 
2011-03-01T02:40:34.603+0000: 5935.994: [GC 5935.994: [ParNew: 360144K->19872K(368640K), 0.0529190 secs] 4801327K->4471421K(12541952K), 0.0532610 secs] [Times: user=0.39 sys=0.00, real=0.05 secs] 
2011-03-01T02:40:35.189+0000: 5936.580: [GC 5936.580: [ParNew: 347552K->40960K(368640K), 0.0493050 secs] 4799101K->4494240K(12541952K), 0.0496500 secs] [Times: user=0.37 sys=0.01, real=0.05 secs] 
2011-03-01T02:40:35.573+0000: 5936.964: [GC 5936.965: [ParNew: 368640K->24438K(368640K), 0.0694720 secs] 4821920K->4503729K(12541952K), 0.0698330 secs] [Times: user=0.50 sys=0.02, real=0.07 secs] 
2011-03-01T02:40:35.957+0000: 5937.349: [GC 5937.349: [ParNew: 352118K->32376K(368640K), 0.0715510 secs] 4831409K->4525241K(12541952K), 0.0719640 secs] [Times: user=0.42 sys=0.00, real=0.07 secs] 
2011-03-01T02:40:36.237+0000: 5937.629: [GC 5937.629: [ParNew: 360056K->40960K(368640K), 0.0688280 secs] 4852921K->4545199K(12541952K), 0.0691750 secs] [Times: user=0.45 sys=0.01, real=0.07 secs] 
2011-03-01T02:40:36.558+0000: 5937.949: [GC 5937.950: [ParNew: 368640K->40960K(368640K), 0.0593130 secs] 4872879K->4562727K(12541952K), 0.0597900 secs] [Times: user=0.44 sys=0.01, real=0.06 secs] 
2011-03-01T02:40:36.822+0000: 5938.213: [GC 5938.214: [ParNew: 368640K->40960K(368640K), 0.0530540 secs] 4890407K->4573728K(12541952K), 0.0533940 secs] [Times: user=0.37 sys=0.00, real=0.05 secs] 
2011-03-01T02:40:37.167+0000: 5938.559: [GC 5938.559: [ParNew: 368640K->40960K(368640K), 0.0517680 secs] 4901408K->4589509K(12541952K), 0.0521190 secs] [Times: user=0.39 sys=0.00, real=0.05 secs] 
2011-03-01T02:40:37.476+0000: 5938.868: [GC 5938.868: [ParNew: 368640K->40960K(368640K), 0.0877210 secs] 4917189K->4617848K(12541952K), 0.0881960 secs] [Times: user=0.57 sys=0.02, real=0.09 secs] 
2011-03-01T02:40:37.742+0000: 5939.133: [GC 5939.134: [ParNew: 368640K->40960K(368640K), 0.1281060 secs] 4945528K->4659565K(12541952K), 0.1285610 secs] [Times: user=0.82 sys=0.02, real=0.13 secs] 
2011-03-01T02:40:38.144+0000: 5939.536: [GC 5939.536: [ParNew: 368640K->40960K(368640K), 0.0984690 secs] 4987245K->4688887K(12541952K), 0.0989310 secs] [Times: user=0.72 sys=0.00, real=0.10 secs] 
2011-03-01T02:40:38.574+0000: 5939.965: [GC 5939.966: [ParNew: 368640K->39787K(368640K), 0.0476170 secs] 5016567K->4704113K(12541952K), 0.0480680 secs] [Times: user=0.32 sys=0.00, real=0.05 secs] 
2011-03-01T02:40:39.440+0000: 5940.832: [GC 5940.832: [ParNew: 367467K->25266K(368640K), 0.0410830 secs] 5031793K->4701082K(12541952K), 0.0415280 secs] [Times: user=0.32 sys=0.00, real=0.04 secs] 
2011-03-01T02:40:40.541+0000: 5941.932: [GC 5941.933: [ParNew: 352946K->16145K(368640K), 0.0381180 secs] 5028762K->4706075K(12541952K), 0.0385790 secs] [Times: user=0.30 sys=0.02, real=0.04 secs] 
2011-03-01T02:40:41.870+0000: 5943.261: [GC 5943.261: [ParNew: 343753K->40960K(368640K), 0.0313730 secs] 5033683K->4730934K(12541952K), 0.0318350 secs] [Times: user=0.24 sys=0.00, real=0.03 secs] 
2011-03-01T02:40:43.326+0000: 5944.717: [GC 5944.717: [ParNew: 368640K->15175K(368640K), 0.0442820 secs] 5058614K->4725797K(12541952K), 0.0447650 secs] [Times: user=0.31 sys=0.00, real=0.04 secs] 
2011-03-01T02:40:44.824+0000: 5946.215: [GC 5946.215: [ParNew: 342855K->38341K(368640K), 0.0306500 secs] 5053477K->4748963K(12541952K), 0.0311140 secs] [Times: user=0.23 sys=0.02, real=0.03 secs] 
2011-03-01T02:40:46.239+0000: 5947.630: [GC 5947.630: [ParNew: 366021K->15176K(368640K), 0.0417150 secs] 5076643K->4746684K(12541952K), 0.0421910 secs] [Times: user=0.32 sys=0.00, real=0.04 secs] 
2011-03-01T02:40:47.693+0000: 5949.084: [GC 5949.084: [ParNew: 342856K->40960K(368640K), 0.0382700 secs] 5074364K->4772468K(12541952K), 0.0387370 secs] [Times: user=0.26 sys=0.01, real=0.03 secs] 
2011-03-01T02:40:49.350+0000: 5950.741: [GC 5950.741: [ParNew: 368640K->15254K(368640K), 0.0477710 secs] 5100148K->4767113K(12541952K), 0.0482370 secs] [Times: user=0.37 sys=0.02, real=0.05 secs] 
2011-03-01T02:40:51.333+0000: 5952.724: [GC 5952.724: [ParNew: 342934K->38450K(368640K), 0.0366880 secs] 5094793K->4790309K(12541952K), 0.0371570 secs] [Times: user=0.26 sys=0.00, real=0.03 secs] 
2011-03-01T02:40:52.484+0000: 5953.875: [GC 5953.876: [ParNew: 366130K->16530K(368640K), 0.0513770 secs] 5117989K->4788313K(12541952K), 0.0518530 secs] [Times: user=0.34 sys=0.01, real=0.05 secs] 
2011-03-01T02:40:53.914+0000: 5955.305: [GC 5955.305: [ParNew: 344210K->40960K(368640K), 0.0400980 secs] 5115993K->4814918K(12541952K), 0.0405620 secs] [Times: user=0.27 sys=0.02, real=0.04 secs] 
2011-03-01T02:40:54.680+0000: 5956.072: [GC 5956.072: [ParNew: 368640K->14322K(368640K), 0.0478730 secs] 5142598K->4810825K(12541952K), 0.0483540 secs] [Times: user=0.38 sys=0.00, real=0.05 secs] 
2011-03-01T02:40:55.313+0000: 5956.704: [GC 5956.704: [ParNew: 341984K->11680K(368640K), 0.0303030 secs] 5138487K->4808183K(12541952K), 0.0307980 secs] [Times: user=0.23 sys=0.00, real=0.04 secs] 
2011-03-01T02:40:55.870+0000: 5957.261: [GC 5957.261: [ParNew: 339360K->29945K(368640K), 0.0336340 secs] 5135863K->4826448K(12541952K), 0.0341110 secs] [Times: user=0.26 sys=0.01, real=0.04 secs] 
2011-03-01T02:40:56.350+0000: 5957.741: [GC 5957.741: [ParNew: 357625K->35107K(368640K), 0.0401250 secs] 5154128K->4839050K(12541952K), 0.0406020 secs] [Times: user=0.30 sys=0.00, real=0.04 secs] 
2011-03-01T02:40:56.938+0000: 5958.329: [GC 5958.329: [ParNew: 362786K->20974K(368640K), 0.0318300 secs] 5166728K->4831721K(12541952K), 0.0323090 secs] [Times: user=0.24 sys=0.00, real=0.03 secs] 
2011-03-01T02:40:57.577+0000: 5958.968: [GC 5958.968: [ParNew: 348654K->25970K(368640K), 0.0330920 secs] 5159401K->4836718K(12541952K), 0.0335740 secs] [Times: user=0.24 sys=0.00, real=0.03 secs] 
2011-03-01T02:40:58.088+0000: 5959.479: [GC 5959.480: [ParNew: 353931K->18906K(368640K), 0.0369660 secs] 5164678K->4834959K(12541952K), 0.0374370 secs] [Times: user=0.32 sys=0.00, real=0.04 secs] 
2011-03-01T02:40:58.735+0000: 5960.127: [GC 5960.127: [ParNew: 346586K->40960K(368640K), 0.0565480 secs] 5162639K->4866586K(12541952K), 0.0570550 secs] [Times: user=0.38 sys=0.01, real=0.06 secs] 
2011-03-01T02:40:59.321+0000: 5960.713: [GC 5960.713: [ParNew: 368640K->15637K(368640K), 0.0386910 secs] 5194266K->4859243K(12541952K), 0.0391770 secs] [Times: user=0.31 sys=0.01, real=0.04 secs] 
2011-03-01T02:40:59.991+0000: 5961.382: [GC 5961.382: [ParNew: 343316K->35092K(368640K), 0.0506330 secs] 5186922K->4878698K(12541952K), 0.0511150 secs] [Times: user=0.40 sys=0.01, real=0.05 secs] 
2011-03-01T02:41:00.588+0000: 5961.979: [GC 5961.979: [ParNew: 361981K->28386K(368640K), 0.0563890 secs] 5205587K->4900186K(12541952K), 0.0568700 secs] [Times: user=0.40 sys=0.00, real=0.06 secs] 
2011-03-01T02:41:01.371+0000: 5962.762: [GC 5962.763: [ParNew: 356066K->23345K(368640K), 0.0327200 secs] 5227866K->4905167K(12541952K), 0.0331970 secs] [Times: user=0.25 sys=0.00, real=0.04 secs] 
2011-03-01T02:41:03.790+0000: 5965.181: [GC 5965.181: [ParNew: 351025K->40960K(368640K), 0.0405670 secs] 5232847K->4928476K(12541952K), 0.0410360 secs] [Times: user=0.31 sys=0.00, real=0.04 secs] 
2011-03-01T02:41:05.701+0000: 5967.092: [GC 5967.092: [ParNew: 368640K->13537K(368640K), 0.0390920 secs] 5256156K->4920854K(12541952K), 0.0395700 secs] [Times: user=0.32 sys=0.00, real=0.04 secs] 
2011-03-01T02:41:07.832+0000: 5969.223: [GC 5969.224: [ParNew: 341217K->16747K(368640K), 0.0294090 secs] 5248534K->4924064K(12541952K), 0.0299020 secs] [Times: user=0.18 sys=0.00, real=0.03 secs] 
2011-03-01T02:41:09.636+0000: 5971.027: [GC 5971.028: [ParNew: 344427K->40960K(368640K), 0.0447970 secs] 5251744K->4956747K(12541952K), 0.0452970 secs] [Times: user=0.32 sys=0.00, real=0.04 secs] 
2011-03-01T02:41:11.371+0000: 5972.762: [GC 5972.762: [ParNew: 368640K->15132K(368640K), 0.0378800 secs] 5284427K->4949163K(12541952K), 0.0383570 secs] [Times: user=0.30 sys=0.02, real=0.04 secs] 
2011-03-01T02:41:13.808+0000: 5975.199: [GC 5975.200: [ParNew: 342812K->25923K(368640K), 0.0343740 secs] 5276843K->4959955K(12541952K), 0.0348410 secs] [Times: user=0.26 sys=0.00, real=0.04 secs] 
2011-03-01T02:41:15.788+0000: 5977.179: [GC 5977.179: [ParNew: 353603K->40960K(368640K), 0.0438730 secs] 5287635K->4981237K(12541952K), 0.0442750 secs] [Times: user=0.32 sys=0.00, real=0.05 secs] 
2011-03-01T02:41:18.357+0000: 5979.748: [GC 5979.748: [ParNew: 368640K->33324K(368640K), 0.0457050 secs] 5308917K->4981558K(12541952K), 0.0460680 secs] [Times: user=0.32 sys=0.00, real=0.05 secs] 
2011-03-01T02:41:19.820+0000: 5981.211: [GC 5981.211: [ParNew: 361004K->40960K(368640K), 0.0473710 secs] 5309238K->5001792K(12541952K), 0.0477190 secs] [Times: user=0.40 sys=0.00, real=0.05 secs] 
2011-03-01T02:41:21.356+0000: 5982.747: [GC 5982.747: [ParNew: 368640K->18402K(368640K), 0.0511950 secs] 5329472K->4995919K(12541952K), 0.0515530 secs] [Times: user=0.39 sys=0.00, real=0.05 secs] 
2011-03-01T02:41:34.681+0000: 5996.073: [GC 5996.073: [ParNew: 346082K->40960K(368640K), 0.0380930 secs] 5323599K->5018479K(12541952K), 0.0385590 secs] [Times: user=0.29 sys=0.00, real=0.04 secs] 
2011-03-01T02:41:40.445+0000: 6001.836: [GC 6001.836: [ParNew: 368640K->17213K(368640K), 0.0527860 secs] 5346159K->5013933K(12541952K), 0.0532810 secs] [Times: user=0.36 sys=0.00, real=0.05 secs] 
2011-03-01T02:41:42.683+0000: 6004.074: [GC 6004.074: [ParNew: 344893K->35565K(368640K), 0.0372330 secs] 5341613K->5032285K(12541952K), 0.0376730 secs] [Times: user=0.27 sys=0.01, real=0.03 secs] 
2011-03-01T02:41:43.548+0000: 6004.939: [GC 6004.940: [ParNew: 363245K->40960K(368640K), 0.0455030 secs] 5359965K->5045911K(12541952K), 0.0459520 secs] [Times: user=0.33 sys=0.00, real=0.05 secs] 
2011-03-01T02:41:44.092+0000: 6005.483: [GC 6005.483: [ParNew: 368640K->23365K(368640K), 0.0744060 secs] 5373615K->5047842K(12541952K), 0.0997150 secs] [Times: user=0.51 sys=0.00, real=0.10 secs] 
2011-03-01T02:41:44.202+0000: 6005.593: [GC 6005.593: [ParNew: 23463K->24021K(368640K), 0.0321930 secs] 5047941K->5048498K(12541952K), 0.0324710 secs] [Times: user=0.29 sys=0.00, real=0.04 secs] 
2011-03-01T02:41:44.601+0000: 6005.992: [GC 6005.992: [ParNew: 351701K->40960K(368640K), 0.0387350 secs] 5376178K->5069623K(12541952K), 0.0390710 secs] [Times: user=0.31 sys=0.00, real=0.04 secs] 
2011-03-01T02:41:45.015+0000: 6006.406: [GC 6006.406: [ParNew: 368640K->25041K(368640K), 0.0542040 secs] 5397303K->5071616K(12541952K), 0.0546040 secs] [Times: user=0.39 sys=0.01, real=0.05 secs] 
2011-03-01T02:41:45.428+0000: 6006.820: [GC 6006.820: [ParNew: 352721K->39726K(368640K), 0.0390910 secs] 5399296K->5086300K(12541952K), 0.0395280 secs] [Times: user=0.33 sys=0.00, real=0.04 secs] 
2011-03-01T02:41:45.789+0000: 6007.180: [GC 6007.180: [ParNew: 367406K->28206K(368640K), 0.0507670 secs] 5413980K->5093845K(12541952K), 0.0512110 secs] [Times: user=0.38 sys=0.00, real=0.05 secs] 
2011-03-01T02:41:46.187+0000: 6007.578: [GC 6007.579: [ParNew: 355886K->36659K(368640K), 0.0389980 secs] 5421525K->5102298K(12541952K), 0.0394350 secs] [Times: user=0.30 sys=0.00, real=0.04 secs] 
2011-03-01T02:41:46.665+0000: 6008.056: [GC 6008.057: [ParNew: 364339K->37746K(368640K), 0.0533040 secs] 5429978K->5119121K(12541952K), 0.0537570 secs] [Times: user=0.38 sys=0.00, real=0.05 secs] 
2011-03-01T02:41:47.137+0000: 6008.528: [GC 6008.528: [ParNew: 365426K->40960K(368640K), 0.0493160 secs] 5446801K->5127544K(12541952K), 0.0497470 secs] [Times: user=0.36 sys=0.00, real=0.05 secs] 
2011-03-01T02:41:47.511+0000: 6008.902: [GC 6008.902: [ParNew: 368640K->31829K(368640K), 0.0458850 secs] 5455224K->5130790K(12541952K), 0.0463340 secs] [Times: user=0.36 sys=0.00, real=0.05 secs] 
2011-03-01T02:41:47.925+0000: 6009.317: [GC 6009.317: [ParNew: 359509K->38492K(368640K), 0.0344220 secs] 5458470K->5137453K(12541952K), 0.0348570 secs] [Times: user=0.23 sys=0.00, real=0.03 secs] 
2011-03-01T02:41:48.309+0000: 6009.700: [GC 6009.701: [ParNew: 366172K->40960K(368640K), 0.0967320 secs] 5465133K->5182426K(12541952K), 0.0970990 secs] [Times: user=0.67 sys=0.01, real=0.10 secs] 
2011-03-01T02:41:48.887+0000: 6010.278: [GC 6010.278: [ParNew: 368640K->30099K(368640K), 0.0468560 secs] 5510106K->5198989K(12541952K), 0.0472440 secs] [Times: user=0.33 sys=0.00, real=0.05 secs] 
2011-03-01T02:41:50.550+0000: 6011.941: [GC 6011.941: [ParNew: 357779K->20335K(368640K), 0.0430690 secs] 5526669K->5199450K(12541952K), 0.0434140 secs] [Times: user=0.32 sys=0.00, real=0.05 secs] 
2011-03-01T02:41:51.805+0000: 6013.196: [GC 6013.196: [ParNew: 348015K->40960K(368640K), 0.0349160 secs] 5527130K->5220118K(12541952K), 0.0352550 secs] [Times: user=0.24 sys=0.00, real=0.03 secs] 
2011-03-01T02:41:52.590+0000: 6013.982: [GC 6013.982: [ParNew: 368640K->13323K(368640K), 0.0437450 secs] 5547798K->5206457K(12541952K), 0.0440690 secs] [Times: user=0.31 sys=0.00, real=0.05 secs] 
2011-03-01T02:41:53.585+0000: 6014.976: [GC 6014.977: [ParNew: 341003K->40960K(368640K), 0.0394400 secs] 5534137K->5236735K(12541952K), 0.0397800 secs] [Times: user=0.29 sys=0.00, real=0.04 secs] 
2011-03-01T02:41:54.610+0000: 6016.001: [GC 6016.001: [ParNew: 368587K->8551K(368640K), 0.0427040 secs] 5564363K->5218513K(12541952K), 0.0430450 secs] [Times: user=0.32 sys=0.00, real=0.05 secs] 
2011-03-01T02:41:55.620+0000: 6017.011: [GC 6017.012: [ParNew: 336231K->12656K(368640K), 0.0305960 secs] 5546193K->5222618K(12541952K), 0.0309450 secs] [Times: user=0.24 sys=0.01, real=0.03 secs] 
2011-03-01T02:41:56.773+0000: 6018.165: [GC 6018.165: [ParNew: 340336K->33961K(368640K), 0.0378170 secs] 5550298K->5243923K(12541952K), 0.0381620 secs] [Times: user=0.25 sys=0.00, real=0.03 secs] 
2011-03-01T02:41:57.862+0000: 6019.253: [GC 6019.253: [ParNew: 361641K->35300K(368640K), 0.0457980 secs] 5571603K->5253674K(12541952K), 0.0461850 secs] [Times: user=0.36 sys=0.00, real=0.05 secs] 
2011-03-01T02:41:58.389+0000: 6019.780: [GC 6019.780: [ParNew: 362980K->40002K(368640K), 0.0429250 secs] 5581354K->5267052K(12541952K), 0.0432680 secs] [Times: user=0.32 sys=0.00, real=0.05 secs] 
2011-03-01T02:41:58.827+0000: 6020.218: [GC 6020.218: [ParNew: 367682K->21196K(368640K), 0.0399250 secs] 5594732K->5258434K(12541952K), 0.0403080 secs] [Times: user=0.30 sys=0.00, real=0.04 secs] 
2011-03-01T02:41:59.339+0000: 6020.730: [GC 6020.730: [ParNew: 348876K->19711K(368640K), 0.0283630 secs] 5586114K->5256948K(12541952K), 0.0486080 secs] [Times: user=0.24 sys=0.00, real=0.05 secs] 
2011-03-01T02:42:00.006+0000: 6021.397: [GC 6021.397: [ParNew: 347391K->29985K(368640K), 0.0398140 secs] 5584628K->5267223K(12541952K), 0.0401780 secs] [Times: user=0.31 sys=0.00, real=0.04 secs] 
2011-03-01T02:42:00.539+0000: 6021.930: [GC 6021.930: [ParNew: 357665K->27747K(368640K), 0.0374890 secs] 5594903K->5269173K(12541952K), 0.0378480 secs] [Times: user=0.32 sys=0.00, real=0.04 secs] 
2011-03-01T02:42:00.985+0000: 6022.376: [GC 6022.376: [ParNew: 355427K->20839K(368640K), 0.0377820 secs] 5596853K->5273221K(12541952K), 0.0381460 secs] [Times: user=0.24 sys=0.00, real=0.04 secs] 
2011-03-01T02:42:01.428+0000: 6022.819: [GC 6022.819: [ParNew: 348486K->22484K(368640K), 0.0295970 secs] 5600868K->5274867K(12541952K), 0.0299550 secs] [Times: user=0.24 sys=0.00, real=0.03 secs] 
2011-03-01T02:42:02.186+0000: 6023.577: [GC 6023.577: [ParNew: 350155K->20370K(368640K), 0.0302390 secs] 5602537K->5272752K(12541952K), 0.0305940 secs] [Times: user=0.24 sys=0.00, real=0.03 secs] 
2011-03-01T02:42:03.200+0000: 6024.591: [GC 6024.591: [ParNew: 348050K->37559K(368640K), 0.0353930 secs] 5600432K->5289942K(12541952K), 0.0357480 secs] [Times: user=0.31 sys=0.00, real=0.04 secs] 
2011-03-01T02:42:05.388+0000: 6026.779: [GC 6026.780: [ParNew: 365239K->24766K(368640K), 0.0453040 secs] 5617622K->5291769K(12541952K), 0.0456580 secs] [Times: user=0.33 sys=0.00, real=0.05 secs] 
2011-03-01T02:42:07.804+0000: 6029.195: [GC 6029.195: [ParNew: 352446K->21374K(368640K), 0.0391890 secs] 5619449K->5297025K(12541952K), 0.0395420 secs] [Times: user=0.27 sys=0.00, real=0.03 secs] 
2011-03-01T02:42:09.725+0000: 6031.116: [GC 6031.116: [ParNew: 349054K->34069K(368640K), 0.0357360 secs] 5624705K->5309721K(12541952K), 0.0360900 secs] [Times: user=0.24 sys=0.00, real=0.03 secs] 
2011-03-01T02:42:11.535+0000: 6032.926: [GC 6032.926: [ParNew: 361749K->21889K(368640K), 0.0440220 secs] 5637401K->5306132K(12541952K), 0.0443700 secs] [Times: user=0.32 sys=0.00, real=0.04 secs] 
2011-03-01T02:42:13.127+0000: 6034.518: [GC 6034.518: [ParNew: 349569K->40960K(368640K), 0.0356430 secs] 5633812K->5325202K(12541952K), 0.0359990 secs] [Times: user=0.24 sys=0.00, real=0.04 secs] 
2011-03-01T02:42:15.134+0000: 6036.525: [GC 6036.526: [ParNew: 368640K->31963K(368640K), 0.0446740 secs] 5652882K->5326042K(12541952K), 0.0450210 secs] [Times: user=0.33 sys=0.00, real=0.04 secs] 
2011-03-01T02:42:17.640+0000: 6039.031: [GC 6039.031: [ParNew: 359643K->20449K(368640K), 0.0393110 secs] 5653722K->5321926K(12541952K), 0.0396580 secs] [Times: user=0.32 sys=0.00, real=0.04 secs] 
2011-03-01T02:42:19.504+0000: 6040.895: [GC 6040.895: [ParNew: 348129K->40960K(368640K), 0.0466000 secs] 5649606K->5351583K(12541952K), 0.0469490 secs] [Times: user=0.34 sys=0.00, real=0.04 secs] 
2011-03-01T02:42:20.905+0000: 6042.296: [GC 6042.297: [ParNew: 368640K->9963K(368640K), 0.0498970 secs] 5679263K->5340258K(12541952K), 0.0503580 secs] [Times: user=0.33 sys=0.00, real=0.05 secs] 
2011-03-01T02:42:22.358+0000: 6043.750: [GC 6043.750: [ParNew: 337643K->28075K(368640K), 0.0369210 secs] 5667938K->5358371K(12541952K), 0.0373190 secs] [Times: user=0.32 sys=0.00, real=0.04 secs] 
2011-03-01T02:42:23.875+0000: 6045.266: [GC 6045.266: [ParNew: 355755K->15368K(368640K), 0.0486180 secs] 5686051K->5361852K(12541952K), 0.0489580 secs] [Times: user=0.32 sys=0.00, real=0.05 secs] 
2011-03-01T02:42:25.845+0000: 6047.236: [GC 6047.237: [ParNew: 343048K->35189K(368640K), 0.0393180 secs] 5689532K->5381673K(12541952K), 0.0398180 secs] [Times: user=0.31 sys=0.00, real=0.04 secs] 
2011-03-01T02:42:28.127+0000: 6049.518: [GC 6049.518: [ParNew: 360907K->36117K(368640K), 0.0533080 secs] 5707392K->5390797K(12541952K), 0.0537740 secs] [Times: user=0.38 sys=0.00, real=0.05 secs] 
2011-03-01T02:42:29.892+0000: 6051.283: [GC 6051.283: [ParNew: 363797K->40960K(368640K), 0.0534520 secs] 5718477K->5422560K(12541952K), 0.0537980 secs] [Times: user=0.42 sys=0.02, real=0.06 secs] 
2011-03-01T02:42:31.341+0000: 6052.732: [GC 6052.732: [ParNew: 368640K->14225K(368640K), 0.0509720 secs] 5750240K->5417774K(12541952K), 0.0513210 secs] [Times: user=0.40 sys=0.00, real=0.06 secs] 
2011-03-01T02:42:32.909+0000: 6054.300: [GC 6054.300: [ParNew: 341905K->35220K(368640K), 0.0400620 secs] 5745454K->5438769K(12541952K), 0.0404220 secs] [Times: user=0.31 sys=0.01, real=0.04 secs] 
2011-03-01T02:42:34.199+0000: 6055.590: [GC 6055.591: [ParNew: 362900K->14236K(368640K), 0.0507780 secs] 5766449K->5437017K(12541952K), 0.0511240 secs] [Times: user=0.39 sys=0.00, real=0.05 secs] 
2011-03-01T02:42:35.186+0000: 6056.577: [GC 6056.577: [ParNew: 341905K->40960K(368640K), 0.0376870 secs] 5764686K->5463812K(12541952K), 0.0380490 secs] [Times: user=0.29 sys=0.00, real=0.04 secs] 
2011-03-01T02:42:35.749+0000: 6057.140: [GC 6057.140: [ParNew: 368640K->28979K(368640K), 0.0520560 secs] 5791492K->5470937K(12541952K), 0.0524030 secs] [Times: user=0.39 sys=0.00, real=0.05 secs] 
2011-03-01T02:42:36.197+0000: 6057.588: [GC 6057.588: [ParNew: 356659K->40960K(368640K), 0.0443220 secs] 5798617K->5494699K(12541952K), 0.0446740 secs] [Times: user=0.32 sys=0.00, real=0.04 secs] 
2011-03-01T02:42:36.576+0000: 6057.967: [GC 6057.967: [ParNew: 368640K->40960K(368640K), 0.0475710 secs] 5822379K->5508162K(12541952K), 0.0479140 secs] [Times: user=0.32 sys=0.00, real=0.05 secs] 
2011-03-01T02:42:36.936+0000: 6058.327: [GC 6058.328: [ParNew: 368640K->35540K(368640K), 0.0604380 secs] 5835842K->5514148K(12541952K), 0.0608980 secs] [Times: user=0.33 sys=0.01, real=0.06 secs] 
2011-03-01T02:42:37.215+0000: 6058.607: [GC 6058.607: [ParNew: 363220K->40960K(368640K), 0.0760060 secs] 5841828K->5542496K(12541952K), 0.0764650 secs] [Times: user=0.51 sys=0.00, real=0.07 secs] 
2011-03-01T02:42:37.513+0000: 6058.904: [GC 6058.905: [ParNew: 368640K->40960K(368640K), 0.0779420 secs] 5870176K->5571617K(12541952K), 0.0784100 secs] [Times: user=0.55 sys=0.00, real=0.07 secs] 
2011-03-01T02:42:37.794+0000: 6059.185: [GC 6059.186: [ParNew: 368640K->40960K(368640K), 0.0644170 secs] 5899297K->5588533K(12541952K), 0.0648920 secs] [Times: user=0.45 sys=0.00, real=0.06 secs] 
2011-03-01T02:42:38.144+0000: 6059.535: [GC 6059.535: [ParNew: 368640K->36153K(368640K), 0.0471970 secs] 5916265K->5599391K(12541952K), 0.0476640 secs] [Times: user=0.33 sys=0.02, real=0.04 secs] 
2011-03-01T02:42:38.686+0000: 6060.077: [GC 6060.077: [ParNew: 363833K->35895K(368640K), 0.0401790 secs] 5927071K->5605383K(12541952K), 0.0406420 secs] [Times: user=0.30 sys=0.00, real=0.04 secs] 
2011-03-01T02:42:39.743+0000: 6061.134: [GC 6061.135: [ParNew: 362245K->40677K(368640K), 0.0381700 secs] 5931733K->5623380K(12541952K), 0.0386590 secs] [Times: user=0.28 sys=0.00, real=0.03 secs] 
2011-03-01T02:42:40.254+0000: 6061.646: [GC 6061.646: [ParNew: 368357K->16235K(368640K), 0.0520790 secs] 5951060K->5682519K(12541952K), 0.0525410 secs] [Times: user=0.38 sys=0.00, real=0.05 secs] 
2011-03-01T02:42:41.030+0000: 6062.421: [GC 6062.421: [ParNew: 343915K->38629K(368640K), 0.0522760 secs] 6010199K->5704913K(12541952K), 0.0527300 secs] [Times: user=0.37 sys=0.03, real=0.06 secs] 
2011-03-01T02:42:41.808+0000: 6063.199: [GC 6063.199: [ParNew: 366309K->21202K(368640K), 0.0481720 secs] 6032593K->5694758K(12541952K), 0.0486350 secs] [Times: user=0.40 sys=0.00, real=0.05 secs] 
2011-03-01T02:42:42.174+0000: 6063.565: [GC 6063.566: [ParNew: 348882K->40960K(368640K), 0.0487490 secs] 6022438K->5782132K(12541952K), 0.0492120 secs] [Times: user=0.36 sys=0.01, real=0.05 secs] 
2011-03-01T02:42:42.695+0000: 6064.086: [GC 6064.086: [ParNew: 368409K->18402K(368640K), 0.0650540 secs] 6109582K->5787320K(12541952K), 0.0655280 secs] [Times: user=0.42 sys=0.00, real=0.06 secs] 
2011-03-01T02:42:43.128+0000: 6064.519: [GC 6064.519: [ParNew: 346082K->26599K(368640K), 0.0496080 secs] 6115000K->5795517K(12541952K), 0.0500810 secs] [Times: user=0.40 sys=0.00, real=0.05 secs] 
2011-03-01T02:42:43.651+0000: 6065.042: [GC 6065.042: [ParNew: 354279K->26959K(368640K), 0.0472630 secs] 6123197K->5802741K(12541952K), 0.0477240 secs] [Times: user=0.39 sys=0.01, real=0.05 secs] 
2011-03-01T02:42:44.134+0000: 6065.525: [GC 6065.525: [ParNew: 354639K->24362K(368640K), 0.0435950 secs] 6130421K->5808137K(12541952K), 0.0440590 secs] [Times: user=0.33 sys=0.00, real=0.04 secs] 
2011-03-01T02:42:44.606+0000: 6065.997: [GC 6065.997: [ParNew: 352042K->22080K(368640K), 0.0422310 secs] 6135817K->5805855K(12541952K), 0.0426900 secs] [Times: user=0.32 sys=0.00, real=0.04 secs] 
2011-03-01T02:42:45.328+0000: 6066.719: [GC 6066.719: [ParNew: 349760K->36537K(368640K), 0.0427220 secs] 6133535K->5820311K(12541952K), 0.0431810 secs] [Times: user=0.32 sys=0.00, real=0.04 secs] 
2011-03-01T02:42:45.986+0000: 6067.378: [GC 6067.378: [ParNew: 364217K->37904K(368640K), 0.0705650 secs] 6147991K->5832541K(12541952K), 0.0710290 secs] [Times: user=0.56 sys=0.00, real=0.07 secs] 
2011-03-01T02:42:47.223+0000: 6068.614: [GC 6068.615: [ParNew: 365584K->28772K(368640K), 0.0533790 secs] 6160221K->5839291K(12541952K), 0.0538440 secs] [Times: user=0.35 sys=0.00, real=0.05 secs] 
2011-03-01T02:42:48.658+0000: 6070.049: [GC 6070.049: [ParNew: 356452K->40813K(368640K), 0.0538110 secs] 6166971K->5860366K(12541952K), 0.0542700 secs] [Times: user=0.40 sys=0.00, real=0.06 secs] 
2011-03-01T02:42:51.025+0000: 6072.416: [GC 6072.417: [ParNew: 368493K->34380K(368640K), 0.0540570 secs] 6188046K->5863904K(12541952K), 0.0545480 secs] [Times: user=0.39 sys=0.00, real=0.05 secs] 
2011-03-01T02:42:52.622+0000: 6074.013: [GC 6074.013: [ParNew: 362060K->40960K(368640K), 0.0507080 secs] 6191584K->5887979K(12541952K), 0.0511570 secs] [Times: user=0.39 sys=0.00, real=0.06 secs] 
2011-03-01T02:42:53.935+0000: 6075.326: [GC 6075.326: [ParNew: 368640K->27930K(368640K), 0.0530920 secs] 6215659K->5901119K(12541952K), 0.0535310 secs] [Times: user=0.34 sys=0.01, real=0.05 secs] 
2011-03-01T02:42:54.827+0000: 6076.219: [GC 6076.219: [ParNew: 355610K->32383K(368640K), 0.0388060 secs] 6228799K->5905572K(12541952K), 0.0392880 secs] [Times: user=0.32 sys=0.00, real=0.04 secs] 
2011-03-01T02:42:55.462+0000: 6076.853: [GC 6076.854: [ParNew: 360063K->37139K(368640K), 0.0501220 secs] 6233252K->5922057K(12541952K), 0.0506100 secs] [Times: user=0.34 sys=0.01, real=0.06 secs] 
2011-03-01T02:42:56.064+0000: 6077.455: [GC 6077.455: [ParNew: 364819K->22452K(368640K), 0.0394310 secs] 6249737K->5918197K(12541952K), 0.0399020 secs] [Times: user=0.26 sys=0.00, real=0.04 secs] 
2011-03-01T02:42:56.545+0000: 6077.937: [GC 6077.937: [ParNew: 350069K->34177K(368640K), 0.0343760 secs] 6245814K->5929922K(12541952K), 0.0348280 secs] [Times: user=0.24 sys=0.00, real=0.03 secs] 
2011-03-01T02:42:57.199+0000: 6078.590: [GC 6078.591: [ParNew: 361857K->24341K(368640K), 0.0406230 secs] 6257602K->5926772K(12541952K), 0.0410750 secs] [Times: user=0.32 sys=0.00, real=0.04 secs] 
2011-03-01T02:42:57.938+0000: 6079.329: [GC 6079.329: [ParNew: 352021K->40960K(368640K), 0.0415900 secs] 6254452K->5943491K(12541952K), 0.0420430 secs] [Times: user=0.32 sys=0.00, real=0.04 secs] 
2011-03-01T02:42:58.480+0000: 6079.871: [GC 6079.872: [ParNew: 368640K->25799K(368640K), 0.0493180 secs] 6271171K->5943050K(12541952K), 0.0496810 secs] [Times: user=0.40 sys=0.00, real=0.05 secs] 
2011-03-01T02:42:58.996+0000: 6080.387: [GC 6080.388: [ParNew: 353479K->40960K(368640K), 0.0755740 secs] 6270730K->5987598K(12541952K), 0.0759320 secs] [Times: user=0.54 sys=0.00, real=0.07 secs] 
2011-03-01T02:42:59.743+0000: 6081.134: [GC 6081.134: [ParNew: 368640K->18902K(368640K), 0.0407300 secs] 6315278K->5977088K(12541952K), 0.0410980 secs] [Times: user=0.29 sys=0.00, real=0.04 secs] 
2011-03-01T02:43:00.306+0000: 6081.697: [GC 6081.697: [ParNew: 346582K->33736K(368640K), 0.0336780 secs] 6304768K->5991921K(12541952K), 0.0340370 secs] [Times: user=0.24 sys=0.00, real=0.03 secs] 
2011-03-01T02:43:00.801+0000: 6082.193: [GC 6082.193: [ParNew: 361416K->17218K(368640K), 0.0476940 secs] 6319601K->5991881K(12541952K), 0.0480610 secs] [Times: user=0.38 sys=0.02, real=0.05 secs] 
2011-03-01T02:43:01.625+0000: 6083.016: [GC 6083.016: [ParNew: 344898K->37334K(368640K), 0.0339620 secs] 6319561K->6011996K(12541952K), 0.0343160 secs] [Times: user=0.24 sys=0.00, real=0.03 secs] 
2011-03-01T02:43:04.112+0000: 6085.503: [GC 6085.503: [ParNew: 365014K->40960K(368640K), 0.0448760 secs] 6339676K->6029237K(12541952K), 0.0452390 secs] [Times: user=0.35 sys=0.00, real=0.05 secs] 
2011-03-01T02:43:06.207+0000: 6087.598: [GC 6087.598: [ParNew: 368422K->16251K(368640K), 0.0464870 secs] 6356699K->6026606K(12541952K), 0.0468480 secs] [Times: user=0.32 sys=0.00, real=0.04 secs] 
2011-03-01T02:43:08.029+0000: 6089.420: [GC 6089.420: [ParNew: 343886K->35416K(368640K), 0.0341000 secs] 6354242K->6045772K(12541952K), 0.0345720 secs] [Times: user=0.25 sys=0.00, real=0.04 secs] 
2011-03-01T02:43:09.989+0000: 6091.380: [GC 6091.380: [ParNew: 363096K->40960K(368640K), 0.0533050 secs] 6373452K->6063072K(12541952K), 0.0537870 secs] [Times: user=0.39 sys=0.00, real=0.06 secs] 
2011-03-01T02:43:11.787+0000: 6093.178: [GC 6093.178: [ParNew: 368640K->32410K(368640K), 0.0466710 secs] 6390752K->6075438K(12541952K), 0.0471490 secs] [Times: user=0.33 sys=0.00, real=0.05 secs] 
2011-03-01T02:43:14.153+0000: 6095.544: [GC 6095.545: [ParNew: 360090K->26271K(368640K), 0.0433800 secs] 6403118K->6080376K(12541952K), 0.0438470 secs] [Times: user=0.34 sys=0.00, real=0.04 secs] 
2011-03-01T02:43:16.343+0000: 6097.734: [GC 6097.735: [ParNew: 353951K->27826K(368640K), 0.0441940 secs] 6408056K->6092926K(12541952K), 0.0446610 secs] [Times: user=0.35 sys=0.00, real=0.04 secs] 
2011-03-01T02:43:18.567+0000: 6099.958: [GC 6099.959: [ParNew: 355506K->23887K(368640K), 0.0453770 secs] 6420606K->6100008K(12541952K), 0.0458440 secs] [Times: user=0.33 sys=0.00, real=0.05 secs] 
2011-03-01T02:43:20.380+0000: 6101.772: [GC 6101.772: [ParNew: 351567K->40960K(368640K), 0.0447430 secs] 6427688K->6120677K(12541952K), 0.0452060 secs] [Times: user=0.37 sys=0.00, real=0.05 secs] 
2011-03-01T02:43:22.037+0000: 6103.429: [GC 6103.429: [ParNew: 368640K->34686K(368640K), 0.0534240 secs] 6448357K->6136223K(12541952K), 0.0538920 secs] [Times: user=0.40 sys=0.00, real=0.05 secs] 
2011-03-01T02:43:23.361+0000: 6104.752: [GC 6104.753: [ParNew: 362366K->26285K(368640K), 0.0467400 secs] 6463903K->6139700K(12541952K), 0.0472060 secs] [Times: user=0.39 sys=0.00, real=0.05 secs] 
2011-03-01T02:43:25.338+0000: 6106.729: [GC 6106.729: [ParNew: 353965K->28978K(368640K), 0.0489670 secs] 6467380K->6156935K(12541952K), 0.0494310 secs] [Times: user=0.36 sys=0.00, real=0.05 secs] 
2011-03-01T02:43:27.647+0000: 6109.038: [GC 6109.038: [ParNew: 356658K->34957K(368640K), 0.0512700 secs] 6484615K->6176843K(12541952K), 0.0517360 secs] [Times: user=0.39 sys=0.01, real=0.05 secs] 
2011-03-01T02:43:28.270+0000: 6109.661: [GC 6109.661: [ParNew: 362637K->29743K(368640K), 0.0564310 secs] 6504523K->6250685K(12541952K), 0.0568970 secs] [Times: user=0.46 sys=0.01, real=0.06 secs] 
2011-03-01T02:43:29.315+0000: 6110.706: [GC 6110.706: [ParNew: 357423K->19798K(368640K), 0.0278540 secs] 6578365K->6258184K(12541952K), 0.0283210 secs] [Times: user=0.17 sys=0.00, real=0.03 secs] 
2011-03-01T02:43:30.365+0000: 6111.756: [GC 6111.756: [ParNew: 347478K->22034K(368640K), 0.0334600 secs] 6585864K->6260421K(12541952K), 0.0383220 secs] [Times: user=0.26 sys=0.00, real=0.04 secs] 
2011-03-01T02:43:31.446+0000: 6112.837: [GC 6112.837: [ParNew: 349714K->40105K(368640K), 0.0406760 secs] 6588101K->6278491K(12541952K), 0.0410290 secs] [Times: user=0.32 sys=0.00, real=0.04 secs] 
2011-03-01T02:43:32.950+0000: 6114.341: [GC 6114.341: [ParNew: 367785K->40960K(368640K), 0.0456440 secs] 6606171K->6290811K(12541952K), 0.0459980 secs] [Times: user=0.33 sys=0.00, real=0.05 secs] 
2011-03-01T02:43:34.384+0000: 6115.776: [GC 6115.776: [ParNew: 368640K->27411K(368640K), 0.0526980 secs] 6618491K->6302415K(12541952K), 0.0530680 secs] [Times: user=0.34 sys=0.00, real=0.05 secs] 
2011-03-01T02:43:35.325+0000: 6116.716: [GC 6116.717: [ParNew: 355091K->40960K(368640K), 0.0460160 secs] 6630095K->6329175K(12541952K), 0.0463770 secs] [Times: user=0.32 sys=0.00, real=0.05 secs] 
2011-03-01T02:43:35.829+0000: 6117.220: [GC 6117.220: [ParNew: 368640K->23213K(368640K), 0.0480280 secs] 6656855K->6327815K(12541952K), 0.0483770 secs] [Times: user=0.35 sys=0.01, real=0.05 secs] 
2011-03-01T02:43:36.162+0000: 6117.553: [GC 6117.553: [ParNew: 350893K->38791K(368640K), 0.0541850 secs] 6655495K->6357834K(12541952K), 0.0545350 secs] [Times: user=0.37 sys=0.02, real=0.06 secs] 
2011-03-01T02:43:36.744+0000: 6118.135: [GC 6118.135: [ParNew: 366471K->40960K(368640K), 0.0646150 secs] 6685514K->6381238K(12541952K), 0.0649680 secs] [Times: user=0.47 sys=0.00, real=0.06 secs] 
2011-03-01T02:43:37.018+0000: 6118.409: [GC 6118.409: [ParNew: 368640K->40960K(368640K), 0.0802970 secs] 6708918K->6481154K(12541952K), 0.0806590 secs] [Times: user=0.57 sys=0.00, real=0.08 secs] 
2011-03-01T02:43:37.394+0000: 6118.786: [GC 6118.786: [ParNew: 368640K->40960K(368640K), 0.0570250 secs] 6808834K->6500698K(12541952K), 0.0573840 secs] [Times: user=0.40 sys=0.00, real=0.05 secs] 
2011-03-01T02:43:37.715+0000: 6119.106: [GC 6119.106: [ParNew: 368640K->40960K(368640K), 0.0612410 secs] 6828378K->6514892K(12541952K), 0.0616050 secs] [Times: user=0.41 sys=0.00, real=0.06 secs] 
2011-03-01T02:43:38.097+0000: 6119.489: [GC 6119.489: [ParNew: 368640K->40960K(368640K), 0.0737060 secs] 6842572K->6550865K(12541952K), 0.0741760 secs] [Times: user=0.55 sys=0.00, real=0.07 secs] 
2011-03-01T02:43:38.441+0000: 6119.832: [GC 6119.833: [ParNew: 368640K->40960K(368640K), 0.0641620 secs] 6878545K->6568583K(12541952K), 0.0646410 secs] [Times: user=0.45 sys=0.00, real=0.07 secs] 
2011-03-01T02:43:38.785+0000: 6120.176: [GC 6120.176: [ParNew: 368640K->40960K(368640K), 0.0515710 secs] 6896263K->6584485K(12541952K), 0.0520470 secs] [Times: user=0.35 sys=0.00, real=0.05 secs] 
2011-03-01T02:43:39.247+0000: 6120.638: [GC 6120.639: [ParNew: 368640K->31712K(368640K), 0.0513720 secs] 6912165K->6592047K(12541952K), 0.0518390 secs] [Times: user=0.39 sys=0.00, real=0.05 secs] 
2011-03-01T02:43:39.623+0000: 6121.014: [GC 6121.014: [ParNew: 359392K->40960K(368640K), 0.0424840 secs] 6919727K->6601294K(12541952K), 0.0428320 secs] [Times: user=0.33 sys=0.03, real=0.04 secs] 
2011-03-01T02:43:40.096+0000: 6121.487: [GC 6121.487: [ParNew: 368640K->24049K(368640K), 0.0602050 secs] 6928974K->6609387K(12541952K), 0.0605540 secs] [Times: user=0.41 sys=0.00, real=0.06 secs] 
2011-03-01T02:43:40.693+0000: 6122.085: [GC 6122.085: [ParNew: 351729K->35455K(368640K), 0.0349430 secs] 6937067K->6620792K(12541952K), 0.0352870 secs] [Times: user=0.26 sys=0.00, real=0.03 secs] 
2011-03-01T02:43:41.305+0000: 6122.697: [GC 6122.697: [ParNew: 363135K->25266K(368640K), 0.0422490 secs] 6948472K->6620986K(12541952K), 0.0427130 secs] [Times: user=0.32 sys=0.00, real=0.04 secs] 
2011-03-01T02:43:41.954+0000: 6123.345: [GC 6123.345: [ParNew: 352946K->40960K(368640K), 0.0393660 secs] 6948666K->6639364K(12541952K), 0.0398330 secs] [Times: user=0.27 sys=0.00, real=0.04 secs] 
2011-03-01T02:43:43.140+0000: 6124.531: [GC 6124.531: [ParNew: 368640K->22813K(368640K), 0.0636800 secs] 6967091K->6642582K(12541952K), 0.0641500 secs] [Times: user=0.49 sys=0.00, real=0.07 secs] 
2011-03-01T02:43:43.207+0000: 6124.598: [GC 6124.599: [ParNew: 23383K->19039K(368640K), 0.0358110 secs] 6643151K->6638808K(12541952K), 0.0362240 secs] [Times: user=0.27 sys=0.00, real=0.04 secs] 
2011-03-01T02:43:43.806+0000: 6125.197: [GC 6125.197: [ParNew: 346719K->40089K(368640K), 0.0461790 secs] 6966488K->6725393K(12541952K), 0.0466900 secs] [Times: user=0.33 sys=0.01, real=0.05 secs] 
2011-03-01T02:43:44.444+0000: 6125.836: [GC 6125.836: [ParNew: 367769K->19760K(368640K), 0.0377890 secs] 7053073K->6731648K(12541952K), 0.0382810 secs] [Times: user=0.24 sys=0.00, real=0.04 secs] 
2011-03-01T02:43:45.142+0000: 6126.533: [GC 6126.533: [ParNew: 347440K->28976K(368640K), 0.0273430 secs] 7059328K->6740864K(12541952K), 0.0278050 secs] [Times: user=0.19 sys=0.01, real=0.03 secs] 
2011-03-01T02:43:45.874+0000: 6127.265: [GC 6127.266: [ParNew: 356656K->16460K(368640K), 0.0309920 secs] 7068544K->6736703K(12541952K), 0.0314520 secs] [Times: user=0.25 sys=0.00, real=0.03 secs] 
2011-03-01T02:43:46.611+0000: 6128.002: [GC 6128.002: [ParNew: 344140K->31845K(368640K), 0.0280440 secs] 7064383K->6752088K(12541952K), 0.0285050 secs] [Times: user=0.24 sys=0.00, real=0.03 secs] 
2011-03-01T02:43:47.284+0000: 6128.675: [GC 6128.676: [ParNew: 359525K->31190K(368640K), 0.0337680 secs] 7079768K->6758932K(12541952K), 0.0342250 secs] [Times: user=0.24 sys=0.00, real=0.03 secs] 
2011-03-01T02:43:47.945+0000: 6129.336: [GC 6129.336: [ParNew: 358870K->34949K(368640K), 0.0303710 secs] 7086612K->6768514K(12541952K), 0.0308360 secs] [Times: user=0.23 sys=0.00, real=0.03 secs] 
2011-03-01T02:43:48.774+0000: 6130.165: [GC 6130.165: [ParNew: 362629K->18731K(368640K), 0.0396880 secs] 7096194K->6760563K(12541952K), 0.0401570 secs] [Times: user=0.25 sys=0.01, real=0.04 secs] 
2011-03-01T02:43:49.717+0000: 6131.108: [GC 6131.108: [ParNew: 346411K->28480K(368640K), 0.0361740 secs] 7088243K->6770311K(12541952K), 0.0366370 secs] [Times: user=0.25 sys=0.01, real=0.04 secs] 
2011-03-01T02:43:50.710+0000: 6132.101: [GC 6132.101: [ParNew: 356160K->40960K(368640K), 0.0435280 secs] 7097991K->6792722K(12541952K), 0.0439930 secs] [Times: user=0.32 sys=0.00, real=0.05 secs] 
2011-03-01T02:43:51.610+0000: 6133.001: [GC 6133.002: [ParNew: 368640K->9408K(368640K), 0.0351790 secs] 7120402K->6773036K(12541952K), 0.0356420 secs] [Times: user=0.30 sys=0.00, real=0.04 secs] 
2011-03-01T02:43:52.485+0000: 6133.876: [GC 6133.877: [ParNew: 337081K->12242K(368640K), 0.0294460 secs] 7100709K->6775870K(12541952K), 0.0299310 secs] [Times: user=0.22 sys=0.00, real=0.03 secs] 
2011-03-01T02:43:53.134+0000: 6134.525: [GC 6134.526: [ParNew: 339922K->22995K(368640K), 0.0353740 secs] 7103550K->6786623K(12541952K), 0.0358520 secs] [Times: user=0.26 sys=0.00, real=0.03 secs] 
2011-03-01T02:43:53.918+0000: 6135.309: [GC 6135.309: [ParNew: 350675K->39242K(368640K), 0.0398310 secs] 7114303K->6805761K(12541952K), 0.0402900 secs] [Times: user=0.32 sys=0.00, real=0.04 secs] 
2011-03-01T02:43:54.520+0000: 6135.912: [GC 6135.912: [ParNew: 366922K->21298K(368640K), 0.0342470 secs] 7133441K->6797849K(12541952K), 0.0347250 secs] [Times: user=0.26 sys=0.00, real=0.04 secs] 
2011-03-01T02:43:54.928+0000: 6136.319: [GC 6136.320: [ParNew: 348934K->31579K(368640K), 0.0275010 secs] 7125485K->6808130K(12541952K), 0.0279830 secs] [Times: user=0.24 sys=0.00, real=0.03 secs] 
2011-03-01T02:43:55.362+0000: 6136.753: [GC 6136.754: [ParNew: 359259K->17311K(368640K), 0.0298010 secs] 7135810K->6801389K(12541952K), 0.0302850 secs] [Times: user=0.21 sys=0.00, real=0.04 secs] 
2011-03-01T02:43:55.758+0000: 6137.149: [GC 6137.150: [ParNew: 344991K->17635K(368640K), 0.0298000 secs] 7129069K->6801712K(12541952K), 0.0302780 secs] [Times: user=0.24 sys=0.00, real=0.03 secs] 
2011-03-01T02:43:56.139+0000: 6137.530: [GC 6137.530: [ParNew: 345315K->38009K(368640K), 0.0319470 secs] 7129392K->6824905K(12541952K), 0.0324260 secs] [Times: user=0.24 sys=0.00, real=0.03 secs] 
2011-03-01T02:43:56.589+0000: 6137.980: [GC 6137.980: [ParNew: 365689K->27714K(368640K), 0.0330840 secs] 7152585K->6822619K(12541952K), 0.0335570 secs] [Times: user=0.23 sys=0.01, real=0.04 secs] 
2011-03-01T02:43:57.037+0000: 6138.428: [GC 6138.428: [ParNew: 355394K->39353K(368640K), 0.0315730 secs] 7150299K->6834258K(12541952K), 0.0320540 secs] [Times: user=0.24 sys=0.00, real=0.03 secs] 
2011-03-01T02:43:57.479+0000: 6138.870: [GC 6138.870: [ParNew: 367033K->11815K(368640K), 0.0366290 secs] 7161938K->6818390K(12541952K), 0.0371020 secs] [Times: user=0.29 sys=0.00, real=0.04 secs] 
2011-03-01T02:43:57.996+0000: 6139.387: [GC 6139.387: [ParNew: 339495K->12453K(368640K), 0.0306800 secs] 7146070K->6819027K(12541952K), 0.0311490 secs] [Times: user=0.24 sys=0.00, real=0.03 secs] 
2011-03-01T02:43:58.487+0000: 6139.879: [GC 6139.879: [ParNew: 340133K->17654K(368640K), 0.0318290 secs] 7146707K->6824229K(12541952K), 0.0323090 secs] [Times: user=0.24 sys=0.00, real=0.03 secs] 
2011-03-01T02:43:58.867+0000: 6140.258: [GC 6140.258: [ParNew: 345334K->29812K(368640K), 0.0361690 secs] 7151909K->6838235K(12541952K), 0.0366460 secs] [Times: user=0.24 sys=0.00, real=0.04 secs] 
2011-03-01T02:43:59.351+0000: 6140.742: [GC 6140.742: [ParNew: 357492K->40691K(368640K), 0.0397760 secs] 7165915K->6856102K(12541952K), 0.0402540 secs] [Times: user=0.33 sys=0.00, real=0.04 secs] 
2011-03-01T02:43:59.862+0000: 6141.253: [GC 6141.253: [ParNew: 368371K->11285K(368640K), 0.0378350 secs] 7183782K->6839222K(12541952K), 0.0383160 secs] [Times: user=0.30 sys=0.00, real=0.04 secs] 
2011-03-01T02:44:00.302+0000: 6141.693: [GC 6141.694: [ParNew: 338931K->19349K(368640K), 0.0305650 secs] 7166869K->6847287K(12541952K), 0.0310450 secs] [Times: user=0.23 sys=0.00, real=0.04 secs] 
2011-03-01T02:44:00.803+0000: 6142.194: [GC 6142.194: [ParNew: 347029K->40797K(368640K), 0.0362640 secs] 7174967K->6868735K(12541952K), 0.0367320 secs] [Times: user=0.30 sys=0.00, real=0.03 secs] 
2011-03-01T02:44:01.492+0000: 6142.883: [GC 6142.883: [ParNew: 368477K->17300K(368640K), 0.0437100 secs] 7196415K->6863058K(12541952K), 0.0441780 secs] [Times: user=0.33 sys=0.00, real=0.05 secs] 
2011-03-01T02:44:02.320+0000: 6143.711: [GC 6143.711: [ParNew: 344980K->10021K(368640K), 0.0296620 secs] 7190738K->6855779K(12541952K), 0.0301100 secs] [Times: user=0.24 sys=0.00, real=0.03 secs] 
2011-03-01T02:44:03.186+0000: 6144.578: [GC 6144.578: [ParNew: 337701K->14329K(368640K), 0.0325160 secs] 7183459K->6860087K(12541952K), 0.0330620 secs] [Times: user=0.24 sys=0.00, real=0.03 secs] 
2011-03-01T02:44:04.883+0000: 6146.274: [GC 6146.274: [ParNew: 342009K->40960K(368640K), 0.0460300 secs] 7187767K->6899059K(12541952K), 0.0465060 secs] [Times: user=0.37 sys=0.01, real=0.04 secs] 
2011-03-01T02:44:06.465+0000: 6147.856: [GC 6147.857: [ParNew: 368640K->39524K(368640K), 0.0452220 secs] 7226739K->6911458K(12541952K), 0.0457590 secs] [Times: user=0.32 sys=0.00, real=0.04 secs] 
2011-03-01T02:44:08.096+0000: 6149.487: [GC 6149.487: [ParNew: 367204K->29988K(368640K), 0.0402880 secs] 7239138K->6907770K(12541952K), 0.0408170 secs] [Times: user=0.29 sys=0.00, real=0.04 secs] 
2011-03-01T02:44:10.015+0000: 6151.406: [GC 6151.407: [ParNew: 357668K->38760K(368640K), 0.0329660 secs] 7235450K->6916541K(12541952K), 0.0334420 secs] [Times: user=0.24 sys=0.00, real=0.03 secs] 
2011-03-01T02:44:11.961+0000: 6153.352: [GC 6153.352: [ParNew: 366440K->25809K(368640K), 0.0386460 secs] 7244221K->6909508K(12541952K), 0.0390580 secs] [Times: user=0.31 sys=0.00, real=0.04 secs] 
2011-03-01T02:44:14.344+0000: 6155.735: [GC 6155.735: [ParNew: 353454K->18809K(368640K), 0.0415930 secs] 7237152K->6911271K(12541952K), 0.0419500 secs] [Times: user=0.30 sys=0.00, real=0.04 secs] 
2011-03-01T02:44:16.248+0000: 6157.640: [GC 6157.640: [ParNew: 346489K->40960K(368640K), 0.0443510 secs] 7238951K->6942110K(12541952K), 0.0447070 secs] [Times: user=0.32 sys=0.00, real=0.05 secs] 
2011-03-01T02:44:17.905+0000: 6159.296: [GC 6159.296: [ParNew: 368640K->32676K(368640K), 0.0497470 secs] 7269790K->6952023K(12541952K), 0.0501030 secs] [Times: user=0.34 sys=0.00, real=0.05 secs] 
2011-03-01T02:44:19.544+0000: 6160.935: [GC 6160.935: [ParNew: 360356K->7934K(368640K), 0.0574740 secs] 7279703K->6952346K(12541952K), 0.0578210 secs] [Times: user=0.42 sys=0.00, real=0.05 secs] 
2011-03-01T02:44:21.262+0000: 6162.653: [GC 6162.654: [ParNew: 335614K->40760K(368640K), 0.0370650 secs] 7280026K->6985172K(12541952K), 0.0374110 secs] [Times: user=0.29 sys=0.00, real=0.03 secs] 
2011-03-01T02:44:22.579+0000: 6163.970: [GC 6163.971: [ParNew: 368440K->12886K(368640K), 0.0457500 secs] 7312852K->6976901K(12541952K), 0.0460990 secs] [Times: user=0.33 sys=0.00, real=0.05 secs] 
2011-03-01T02:44:24.059+0000: 6165.450: [GC 6165.451: [ParNew: 340566K->37101K(368640K), 0.0433730 secs] 7304581K->7001116K(12541952K), 0.0437240 secs] [Times: user=0.32 sys=0.00, real=0.05 secs] 
2011-03-01T02:44:26.247+0000: 6167.639: [GC 6167.639: [ParNew: 364781K->17131K(368640K), 0.0488520 secs] 7328796K->6999075K(12541952K), 0.0492040 secs] [Times: user=0.34 sys=0.00, real=0.05 secs] 
2011-03-01T02:44:28.615+0000: 6170.006: [GC 6170.007: [ParNew: 344811K->16744K(368640K), 0.0354610 secs] 7326755K->6998689K(12541952K), 0.0358070 secs] [Times: user=0.24 sys=0.00, real=0.03 secs] 
2011-03-01T02:44:30.537+0000: 6171.928: [GC 6171.928: [ParNew: 344424K->40960K(368640K), 0.0423520 secs] 7326369K->7025815K(12541952K), 0.0427030 secs] [Times: user=0.32 sys=0.00, real=0.04 secs] 
2011-03-01T02:44:31.894+0000: 6173.285: [GC 6173.285: [ParNew: 368640K->17031K(368640K), 0.0514490 secs] 7353495K->7021534K(12541952K), 0.0517990 secs] [Times: user=0.37 sys=0.00, real=0.05 secs] 
2011-03-01T02:44:33.208+0000: 6174.599: [GC 6174.599: [ParNew: 344711K->40960K(368640K), 0.0365290 secs] 7349214K->7046355K(12541952K), 0.0368800 secs] [Times: user=0.28 sys=0.00, real=0.04 secs] 
2011-03-01T02:44:34.750+0000: 6176.141: [GC 6176.141: [ParNew: 368640K->23490K(368640K), 0.0479430 secs] 7374035K->7046488K(12541952K), 0.0482940 secs] [Times: user=0.38 sys=0.00, real=0.05 secs] 
2011-03-01T02:44:35.483+0000: 6176.874: [GC 6176.875: [ParNew: 351170K->40960K(368640K), 0.0749740 secs] 7374168K->7087107K(12541952K), 0.0754450 secs] [Times: user=0.49 sys=0.00, real=0.07 secs] 
2011-03-01T02:44:35.924+0000: 6177.315: [GC 6177.315: [ParNew: 368640K->24101K(368640K), 0.0594960 secs] 7414787K->7090911K(12541952K), 0.0599630 secs] [Times: user=0.34 sys=0.02, real=0.06 secs] 
2011-03-01T02:44:36.261+0000: 6177.652: [GC 6177.652: [ParNew: 351781K->40960K(368640K), 0.0443750 secs] 7418591K->7109916K(12541952K), 0.0448320 secs] [Times: user=0.39 sys=0.00, real=0.05 secs] 
2011-03-01T02:44:36.573+0000: 6177.965: [GC 6177.965: [ParNew: 368640K->40960K(368640K), 0.0615900 secs] 7437596K->7133301K(12541952K), 0.0620630 secs] [Times: user=0.38 sys=0.02, real=0.06 secs] 
2011-03-01T02:44:37.172+0000: 6178.563: [GC 6178.564: [ParNew: 368640K->40960K(368640K), 0.0563580 secs] 7460981K->7147520K(12541952K), 0.0587640 secs] [Times: user=0.36 sys=0.02, real=0.05 secs] 
2011-03-01T02:44:37.540+0000: 6178.932: [GC 6178.932: [ParNew: 368640K->40960K(368640K), 0.0597230 secs] 7475200K->7161936K(12541952K), 0.0600810 secs] [Times: user=0.47 sys=0.01, real=0.06 secs] 
2011-03-01T02:44:37.895+0000: 6179.286: [GC 6179.286: [ParNew: 368640K->40960K(368640K), 0.0533660 secs] 7489616K->7179857K(12541952K), 0.0537250 secs] [Times: user=0.40 sys=0.00, real=0.05 secs] 
2011-03-01T02:44:38.485+0000: 6179.876: [GC 6179.876: [ParNew: 368640K->40960K(368640K), 0.0665800 secs] 7507574K->7189670K(12541952K), 0.0669390 secs] [Times: user=0.42 sys=0.02, real=0.06 secs] 
2011-03-01T02:44:38.567+0000: 6179.958: [GC 6179.958: [ParNew: 74316K->34447K(368640K), 0.0555850 secs] 7223026K->7217948K(12541952K), 0.0559020 secs] [Times: user=0.40 sys=0.00, real=0.06 secs] 
2011-03-01T02:44:39.034+0000: 6180.425: [GC 6180.425: [ParNew: 362127K->32738K(368640K), 0.0328550 secs] 7545628K->7216240K(12541952K), 0.0332120 secs] [Times: user=0.27 sys=0.00, real=0.03 secs] 
2011-03-01T02:44:39.885+0000: 6181.276: [GC 6181.276: [ParNew: 360418K->28791K(368640K), 0.0412020 secs] 7543920K->7221544K(12541952K), 0.0416230 secs] [Times: user=0.30 sys=0.01, real=0.04 secs] 
2011-03-01T02:44:40.947+0000: 6182.339: [GC 6182.339: [ParNew: 356471K->30816K(368640K), 0.0373440 secs] 7549224K->7229435K(12541952K), 0.0378110 secs] [Times: user=0.26 sys=0.00, real=0.04 secs] 
2011-03-01T02:44:42.396+0000: 6183.787: [GC 6183.788: [ParNew: 358496K->7003K(368640K), 0.0380070 secs] 7557115K->7215221K(12541952K), 0.0384720 secs] [Times: user=0.25 sys=0.00, real=0.04 secs] 
2011-03-01T02:44:43.764+0000: 6185.155: [GC 6185.156: [ParNew: 334683K->16426K(368640K), 0.0325420 secs] 7542901K->7224645K(12541952K), 0.0330190 secs] [Times: user=0.25 sys=0.00, real=0.03 secs] 
2011-03-01T02:44:45.154+0000: 6186.546: [GC 6186.546: [ParNew: 344106K->39994K(368640K), 0.0643950 secs] 7552325K->7264597K(12541952K), 0.0648810 secs] [Times: user=0.49 sys=0.00, real=0.06 secs] 
2011-03-01T02:44:46.530+0000: 6187.921: [GC 6187.921: [ParNew: 367674K->9511K(368640K), 0.0356570 secs] 7592277K->7253951K(12541952K), 0.0361260 secs] [Times: user=0.25 sys=0.00, real=0.04 secs] 
2011-03-01T02:44:48.031+0000: 6189.422: [GC 6189.422: [ParNew: 337191K->40960K(368640K), 0.0262640 secs] 7581631K->7285431K(12541952K), 0.0267290 secs] [Times: user=0.24 sys=0.00, real=0.03 secs] 
2011-03-01T02:44:49.885+0000: 6191.277: [GC 6191.277: [ParNew: 368640K->6266K(368640K), 0.0311710 secs] 7613111K->7263432K(12541952K), 0.0316400 secs] [Times: user=0.21 sys=0.00, real=0.03 secs] 
2011-03-01T02:44:51.947+0000: 6193.338: [GC 6193.339: [ParNew: 333946K->39482K(368640K), 0.0262910 secs] 7591112K->7296649K(12541952K), 0.0267560 secs] [Times: user=0.17 sys=0.00, real=0.03 secs] 
2011-03-01T02:44:53.364+0000: 6194.755: [GC 6194.755: [ParNew: 367162K->8769K(368640K), 0.0318330 secs] 7624329K->7278545K(12541952K), 0.0322950 secs] [Times: user=0.22 sys=0.01, real=0.03 secs] 
2011-03-01T02:44:54.533+0000: 6195.924: [GC 6195.925: [ParNew: 336449K->38676K(368640K), 0.0257040 secs] 7606225K->7308451K(12541952K), 0.0260800 secs] [Times: user=0.21 sys=0.00, real=0.03 secs] 
2011-03-01T02:44:55.174+0000: 6196.565: [GC 6196.566: [ParNew: 366336K->16416K(368640K), 0.0338820 secs] 7636111K->7298565K(12541952K), 0.0342560 secs] [Times: user=0.27 sys=0.00, real=0.03 secs] 
2011-03-01T02:44:55.826+0000: 6197.217: [GC 6197.217: [ParNew: 344093K->17267K(368640K), 0.0228210 secs] 7626242K->7299417K(12541952K), 0.0231850 secs] [Times: user=0.16 sys=0.00, real=0.02 secs] 
2011-03-01T02:44:56.494+0000: 6197.885: [GC 6197.886: [ParNew: 345002K->20765K(368640K), 0.0241830 secs] 7627151K->7302914K(12541952K), 0.0245390 secs] [Times: user=0.19 sys=0.00, real=0.02 secs] 
2011-03-01T02:44:56.521+0000: 6197.912: [GC 6197.912: [ParNew: 20846K->21767K(368640K), 0.0230300 secs] 7302995K->7303917K(12541952K), 0.0233160 secs] [Times: user=0.18 sys=0.00, real=0.03 secs] 
2011-03-01T02:44:57.368+0000: 6198.759: [GC 6198.759: [ParNew: 349391K->26942K(368640K), 0.0271000 secs] 7631541K->7312794K(12541952K), 0.0274610 secs] [Times: user=0.21 sys=0.01, real=0.03 secs] 
2011-03-01T02:44:57.824+0000: 6199.215: [GC 6199.215: [ParNew: 354622K->24311K(368640K), 0.0309790 secs] 7640474K->7314456K(12541952K), 0.0313360 secs] [Times: user=0.22 sys=0.00, real=0.03 secs] 
2011-03-01T02:44:58.532+0000: 6199.923: [GC 6199.923: [ParNew: 351991K->22569K(368640K), 0.0270410 secs] 7642136K->7316701K(12541952K), 0.0273950 secs] [Times: user=0.23 sys=0.00, real=0.03 secs] 
2011-03-01T02:44:58.996+0000: 6200.387: [GC 6200.387: [ParNew: 350249K->27486K(368640K), 0.0367120 secs] 7644381K->7321618K(12541952K), 0.0370720 secs] [Times: user=0.26 sys=0.00, real=0.04 secs] 
2011-03-01T02:44:59.674+0000: 6201.065: [GC 6201.066: [ParNew: 355150K->8796K(368640K), 0.0489520 secs] 7649282K->7308291K(12541952K), 0.0493170 secs] [Times: user=0.23 sys=0.01, real=0.05 secs] 
2011-03-01T02:45:00.256+0000: 6201.647: [GC 6201.647: [ParNew: 336476K->24397K(368640K), 0.0332720 secs] 7635971K->7323892K(12541952K), 0.0336350 secs] [Times: user=0.23 sys=0.00, real=0.03 secs] 
2011-03-01T02:45:00.844+0000: 6202.236: [GC 6202.236: [ParNew: 352077K->40960K(368640K), 0.0406950 secs] 7651572K->7343265K(12541952K), 0.0410570 secs] [Times: user=0.31 sys=0.00, real=0.04 secs] 
2011-03-01T02:45:01.425+0000: 6202.817: [GC 6202.817: [ParNew: 368640K->27253K(368640K), 0.0432690 secs] 7670945K->7341469K(12541952K), 0.0436350 secs] [Times: user=0.32 sys=0.00, real=0.04 secs] 
2011-03-01T02:45:03.446+0000: 6204.837: [GC 6204.838: [ParNew: 354933K->29352K(368640K), 0.0391960 secs] 7669149K->7346499K(12541952K), 0.0395460 secs] [Times: user=0.32 sys=0.00, real=0.04 secs] 
2011-03-01T02:45:05.408+0000: 6206.799: [GC 6206.799: [ParNew: 357032K->17984K(368640K), 0.0313300 secs] 7674179K->7341958K(12541952K), 0.0316880 secs] [Times: user=0.24 sys=0.00, real=0.03 secs] 
2011-03-01T02:45:07.530+0000: 6208.921: [GC 6208.921: [ParNew: 345623K->40960K(368640K), 0.0381850 secs] 7669597K->7369696K(12541952K), 0.0385460 secs] [Times: user=0.32 sys=0.01, real=0.04 secs] 
2011-03-01T02:45:09.429+0000: 6210.821: [GC 6210.821: [ParNew: 368640K->12997K(368640K), 0.0364430 secs] 7697376K->7353742K(12541952K), 0.0368030 secs] [Times: user=0.32 sys=0.00, real=0.04 secs] 
2011-03-01T02:45:11.037+0000: 6212.429: [GC 6212.429: [ParNew: 340669K->25702K(368640K), 0.0263850 secs] 7681413K->7366447K(12541952K), 0.0267430 secs] [Times: user=0.24 sys=0.00, real=0.03 secs] 
2011-03-01T02:45:13.089+0000: 6214.480: [GC 6214.480: [ParNew: 353382K->36744K(368640K), 0.0361060 secs] 7694127K->7382658K(12541952K), 0.0365060 secs] [Times: user=0.32 sys=0.00, real=0.04 secs] 
2011-03-01T02:45:15.543+0000: 6216.934: [GC 6216.935: [ParNew: 364424K->21535K(368640K), 0.0383900 secs] 7710338K->7379408K(12541952K), 0.0387400 secs] [Times: user=0.24 sys=0.01, real=0.03 secs] 
2011-03-01T02:45:17.526+0000: 6218.917: [GC 6218.917: [ParNew: 349215K->34653K(368640K), 0.0324340 secs] 7707088K->7392525K(12541952K), 0.0328250 secs] [Times: user=0.24 sys=0.00, real=0.03 secs] 
2011-03-01T02:45:19.356+0000: 6220.747: [GC 6220.747: [ParNew: 362333K->29485K(368640K), 0.0383290 secs] 7720205K->7392796K(12541952K), 0.0386830 secs] [Times: user=0.28 sys=0.00, real=0.04 secs] 
2011-03-01T02:45:21.121+0000: 6222.512: [GC 6222.513: [ParNew: 357165K->24920K(368640K), 0.0380650 secs] 7720476K->7395618K(12541952K), 0.0385290 secs] [Times: user=0.31 sys=0.00, real=0.04 secs] 
2011-03-01T02:45:22.857+0000: 6224.249: [GC 6224.249: [ParNew: 352600K->29806K(368640K), 0.0404390 secs] 7723298K->7405784K(12541952K), 0.0449870 secs] [Times: user=0.29 sys=0.00, real=0.05 secs] 
2011-03-01T02:45:24.053+0000: 6225.444: [GC 6225.444: [ParNew: 357486K->24431K(368640K), 0.0383170 secs] 7733464K->7406075K(12541952K), 0.0387940 secs] [Times: user=0.27 sys=0.00, real=0.03 secs] 
2011-03-01T02:45:25.857+0000: 6227.248: [GC 6227.249: [ParNew: 352111K->40960K(368640K), 0.0571410 secs] 7733755K->7446681K(12541952K), 0.0576270 secs] [Times: user=0.44 sys=0.00, real=0.06 secs] 
2011-03-01T02:45:28.382+0000: 6229.773: [GC 6229.774: [ParNew: 368640K->9384K(368640K), 0.0401050 secs] 7774361K->7433560K(12541952K), 0.0409960 secs] [Times: user=0.27 sys=0.00, real=0.04 secs] 
2011-03-01T02:45:30.422+0000: 6231.814: [GC 6231.814: [ParNew: 337064K->32855K(368640K), 0.0327990 secs] 7761240K->7457032K(12541952K), 0.0332690 secs] [Times: user=0.28 sys=0.01, real=0.03 secs] 
2011-03-01T02:45:31.890+0000: 6233.281: [GC 6233.282: [ParNew: 360535K->20259K(368640K), 0.0410910 secs] 7784712K->7455330K(12541952K), 0.0415540 secs] [Times: user=0.32 sys=0.00, real=0.04 secs] 
2011-03-01T02:45:33.316+0000: 6234.707: [GC 6234.707: [ParNew: 347939K->40612K(368640K), 0.0334240 secs] 7783010K->7475683K(12541952K), 0.0338950 secs] [Times: user=0.24 sys=0.00, real=0.03 secs] 
2011-03-01T02:45:34.630+0000: 6236.021: [GC 6236.021: [ParNew: 368292K->27832K(368640K), 0.0408640 secs] 7803363K->7476116K(12541952K), 0.0414040 secs] [Times: user=0.32 sys=0.00, real=0.04 secs] 
2011-03-01T02:45:35.877+0000: 6237.268: [GC 6237.268: [ParNew: 355512K->35567K(368640K), 0.0326950 secs] 7803796K->7483851K(12541952K), 0.0332270 secs] [Times: user=0.24 sys=0.00, real=0.03 secs] 
2011-03-01T02:45:37.160+0000: 6238.551: [GC 6238.551: [ParNew: 363247K->19693K(368640K), 0.0552410 secs] 7811531K->7480969K(12541952K), 0.0557280 secs] [Times: user=0.39 sys=0.00, real=0.06 secs] 
2011-03-01T02:45:37.615+0000: 6239.006: [GC 6239.006: [ParNew: 347373K->40960K(368640K), 0.0410030 secs] 7808649K->7502955K(12541952K), 0.0414800 secs] [Times: user=0.31 sys=0.00, real=0.04 secs] 
2011-03-01T02:45:38.083+0000: 6239.474: [GC 6239.475: [ParNew: 368640K->20126K(368640K), 0.0558070 secs] 7830635K->7500826K(12541952K), 0.0562600 secs] [Times: user=0.41 sys=0.00, real=0.05 secs] 
2011-03-01T02:45:38.433+0000: 6239.824: [GC 6239.824: [ParNew: 347806K->40960K(368640K), 0.0456160 secs] 7828506K->7529809K(12541952K), 0.0460460 secs] [Times: user=0.34 sys=0.00, real=0.04 secs] 
2011-03-01T02:45:38.818+0000: 6240.209: [GC 6240.209: [ParNew: 368640K->25596K(368640K), 0.0464580 secs] 7857489K->7533791K(12541952K), 0.0542660 secs] [Times: user=0.32 sys=0.00, real=0.06 secs] 
2011-03-01T02:45:39.186+0000: 6240.577: [GC 6240.577: [ParNew: 353276K->40960K(368640K), 0.0380340 secs] 7861471K->7550467K(12541952K), 0.0383820 secs] [Times: user=0.28 sys=0.00, real=0.04 secs] 
2011-03-01T02:45:39.531+0000: 6240.923: [GC 6240.923: [ParNew: 368640K->40960K(368640K), 0.0540190 secs] 7878147K->7570068K(12541952K), 0.0543770 secs] [Times: user=0.37 sys=0.01, real=0.06 secs] 
2011-03-01T02:45:39.938+0000: 6241.329: [GC 6241.329: [ParNew: 368640K->40960K(368640K), 0.0515670 secs] 7897748K->7581437K(12541952K), 0.0519260 secs] [Times: user=0.39 sys=0.00, real=0.05 secs] 
2011-03-01T02:45:40.358+0000: 6241.749: [GC 6241.750: [ParNew: 368640K->28968K(368640K), 0.0422650 secs] 7909137K->7580112K(12541952K), 0.0426170 secs] [Times: user=0.31 sys=0.01, real=0.04 secs] 
2011-03-01T02:45:40.403+0000: 6241.794: [GC 6241.795: [ParNew: 29796K->12542K(368640K), 0.0335770 secs] 7580940K->7577863K(12541952K), 0.0338720 secs] [Times: user=0.24 sys=0.00, real=0.03 secs] 
2011-03-01T02:45:40.883+0000: 6242.275: [GC 6242.275: [ParNew: 340222K->30680K(368640K), 0.0300660 secs] 7905543K->7596001K(12541952K), 0.0305360 secs] [Times: user=0.23 sys=0.00, real=0.03 secs] 
2011-03-01T02:45:42.135+0000: 6243.526: [GC 6243.526: [ParNew: 358360K->12771K(368640K), 0.0367130 secs] 7923681K->7588259K(12541952K), 0.0372000 secs] [Times: user=0.23 sys=0.00, real=0.04 secs] 
2011-03-01T02:45:43.183+0000: 6244.575: [GC 6244.575: [ParNew: 340451K->30646K(368640K), 0.0318890 secs] 7915939K->7606135K(12541952K), 0.0323710 secs] [Times: user=0.25 sys=0.00, real=0.03 secs] 
2011-03-01T02:45:44.531+0000: 6245.922: [GC 6245.922: [ParNew: 358326K->13056K(368640K), 0.0382330 secs] 7933815K->7601060K(12541952K), 0.0425510 secs] [Times: user=0.25 sys=0.00, real=0.05 secs] 
2011-03-01T02:45:45.838+0000: 6247.229: [GC 6247.229: [ParNew: 340181K->34279K(368640K), 0.0411300 secs] 7928185K->7622283K(12541952K), 0.0416690 secs] [Times: user=0.32 sys=0.00, real=0.04 secs] 
2011-03-01T02:45:47.165+0000: 6248.556: [GC 6248.556: [ParNew: 361959K->15626K(368640K), 0.0414620 secs] 7949963K->7616242K(12541952K), 0.0418180 secs] [Times: user=0.31 sys=0.00, real=0.04 secs] 
2011-03-01T02:45:47.848+0000: 6249.240: [GC 6249.240: [ParNew: 343306K->37406K(368640K), 0.0474540 secs] 7943922K->7703558K(12541952K), 0.0478030 secs] [Times: user=0.40 sys=0.00, real=0.05 secs] 
2011-03-01T02:45:48.524+0000: 6249.915: [GC 6249.915: [ParNew: 365086K->18923K(368640K), 0.0435960 secs] 8031238K->7709277K(12541952K), 0.0439650 secs] [Times: user=0.32 sys=0.00, real=0.04 secs] 
2011-03-01T02:45:49.319+0000: 6250.710: [GC 6250.710: [ParNew: 346603K->31120K(368640K), 0.0442710 secs] 8036957K->7721474K(12541952K), 0.0446330 secs] [Times: user=0.36 sys=0.01, real=0.05 secs] 
2011-03-01T02:45:50.232+0000: 6251.624: [GC 6251.624: [ParNew: 358800K->13658K(368640K), 0.0471930 secs] 8049154K->7711222K(12541952K), 0.0516510 secs] [Times: user=0.33 sys=0.00, real=0.05 secs] 
2011-03-01T02:45:51.026+0000: 6252.418: [GC 6252.418: [ParNew: 341338K->17475K(368640K), 0.0458270 secs] 8038902K->7715039K(12541952K), 0.0461740 secs] [Times: user=0.32 sys=0.00, real=0.05 secs] 
2011-03-01T02:45:52.103+0000: 6253.494: [GC 6253.494: [ParNew: 345155K->35380K(368640K), 0.0501220 secs] 8042719K->7798479K(12541952K), 0.0504700 secs] [Times: user=0.35 sys=0.01, real=0.05 secs] 
2011-03-01T02:45:52.885+0000: 6254.276: [GC 6254.277: [ParNew: 363060K->34073K(368640K), 0.0525360 secs] 8126159K->7808981K(12541952K), 0.0528870 secs] [Times: user=0.41 sys=0.00, real=0.05 secs] 
2011-03-01T02:45:53.612+0000: 6255.003: [GC 6255.003: [ParNew: 361753K->40960K(368640K), 0.0711650 secs] 8136661K->7863574K(12541952K), 0.0715120 secs] [Times: user=0.56 sys=0.00, real=0.08 secs] 
2011-03-01T02:45:54.440+0000: 6255.831: [GC 6255.831: [ParNew: 368640K->25290K(368640K), 0.0391660 secs] 8191254K->7853752K(12541952K), 0.0395320 secs] [Times: user=0.32 sys=0.00, real=0.04 secs] 
2011-03-01T02:45:54.937+0000: 6256.329: [GC 6256.329: [ParNew: 352970K->10543K(368640K), 0.0342060 secs] 8181432K->7846176K(12541952K), 0.0345750 secs] [Times: user=0.24 sys=0.00, real=0.03 secs] 
2011-03-01T02:45:55.459+0000: 6256.850: [GC 6256.850: [ParNew: 338223K->17493K(368640K), 0.0321590 secs] 8173856K->7853126K(12541952K), 0.0325220 secs] [Times: user=0.24 sys=0.00, real=0.03 secs] 
2011-03-01T02:45:55.943+0000: 6257.334: [GC 6257.334: [ParNew: 345173K->24570K(368640K), 0.0345000 secs] 8180806K->7860203K(12541952K), 0.0348630 secs] [Times: user=0.27 sys=0.01, real=0.03 secs] 
2011-03-01T02:45:56.452+0000: 6257.843: [GC 6257.843: [ParNew: 352250K->39014K(368640K), 0.0350580 secs] 8187883K->7874647K(12541952K), 0.0354170 secs] [Times: user=0.30 sys=0.00, real=0.04 secs] 
2011-03-01T02:45:56.961+0000: 6258.352: [GC 6258.352: [ParNew: 366694K->37032K(368640K), 0.0452260 secs] 8202327K->7880786K(12541952K), 0.0455960 secs] [Times: user=0.38 sys=0.00, real=0.05 secs] 
2011-03-01T02:45:57.607+0000: 6258.998: [GC 6258.998: [ParNew: 364712K->25945K(368640K), 0.0370660 secs] 8208466K->7883536K(12541952K), 0.0374330 secs] [Times: user=0.25 sys=0.00, real=0.04 secs] 
2011-03-01T02:45:58.417+0000: 6259.809: [GC 6259.809: [ParNew: 353625K->19722K(368640K), 0.0422050 secs] 8211216K->7883810K(12541952K), 0.0425700 secs] [Times: user=0.32 sys=0.00, real=0.04 secs] 
2011-03-01T02:45:59.249+0000: 6260.640: [GC 6260.641: [ParNew: 347398K->35198K(368640K), 0.0388450 secs] 8211487K->7899286K(12541952K), 0.0392070 secs] [Times: user=0.32 sys=0.00, real=0.04 secs] 
2011-03-01T02:45:59.864+0000: 6261.255: [GC 6261.255: [ParNew: 362878K->40510K(368640K), 0.0455440 secs] 8226966K->7914551K(12541952K), 0.0459120 secs] [Times: user=0.31 sys=0.01, real=0.04 secs] 
2011-03-01T02:46:00.399+0000: 6261.790: [GC 6261.790: [ParNew: 368190K->40715K(368640K), 0.0430270 secs] 8242231K->7922623K(12541952K), 0.0434490 secs] [Times: user=0.33 sys=0.00, real=0.05 secs] 
2011-03-01T02:46:00.972+0000: 6262.363: [GC 6262.364: [ParNew: 368395K->40960K(368640K), 0.0526830 secs] 8250303K->7932530K(12541952K), 0.0531960 secs] [Times: user=0.40 sys=0.00, real=0.06 secs] 
2011-03-01T02:46:01.682+0000: 6263.073: [GC 6263.073: [ParNew: 368587K->26016K(368640K), 0.0476060 secs] 8260157K->7934092K(12541952K), 0.0481210 secs] [Times: user=0.36 sys=0.00, real=0.05 secs] 
2011-03-01T02:46:03.812+0000: 6265.203: [GC 6265.203: [ParNew: 353696K->40960K(368640K), 0.0431840 secs] 8261772K->7951207K(12541952K), 0.0436770 secs] [Times: user=0.38 sys=0.01, real=0.05 secs] 
2011-03-01T02:46:06.073+0000: 6267.464: [GC 6267.464: [ParNew: 368640K->35653K(368640K), 0.0532160 secs] 8278887K->7967682K(12541952K), 0.0537320 secs] [Times: user=0.35 sys=0.01, real=0.05 secs] 
2011-03-01T02:46:07.911+0000: 6269.302: [GC 6269.303: [ParNew: 363333K->18732K(368640K), 0.0480910 secs] 8295362K->7965808K(12541952K), 0.0485880 secs] [Times: user=0.40 sys=0.00, real=0.05 secs] 
2011-03-01T02:46:10.174+0000: 6271.565: [GC 6271.565: [ParNew: 346404K->25536K(368640K), 0.0396940 secs] 8293481K->7972613K(12541952K), 0.0400580 secs] [Times: user=0.29 sys=0.01, real=0.04 secs] 
2011-03-01T02:46:11.850+0000: 6273.241: [GC 6273.242: [ParNew: 353160K->40960K(368640K), 0.0456340 secs] 8300236K->7989932K(12541952K), 0.0459910 secs] [Times: user=0.39 sys=0.01, real=0.05 secs] 
2011-03-01T02:46:14.030+0000: 6275.422: [GC 6275.422: [ParNew: 368640K->21227K(368640K), 0.0639320 secs] 8317612K->7997999K(12541952K), 0.0642930 secs] [Times: user=0.48 sys=0.00, real=0.07 secs] 
2011-03-01T02:46:16.526+0000: 6277.917: [GC 6277.918: [ParNew: 348907K->36935K(368640K), 0.0418390 secs] 8325679K->8013707K(12541952K), 0.0421910 secs] [Times: user=0.32 sys=0.00, real=0.04 secs] 
2011-03-01T02:46:18.565+0000: 6279.957: [GC 6279.957: [ParNew: 364615K->22477K(368640K), 0.0539350 secs] 8341387K->8023734K(12541952K), 0.0542850 secs] [Times: user=0.39 sys=0.00, real=0.05 secs] 
2011-03-01T02:46:20.348+0000: 6281.739: [GC 6281.739: [ParNew: 350157K->40960K(368640K), 0.0448210 secs] 8351414K->8048199K(12541952K), 0.0451780 secs] [Times: user=0.32 sys=0.00, real=0.05 secs] 
2011-03-01T02:46:21.457+0000: 6282.848: [GC 6282.849: [ParNew: 368640K->40960K(368640K), 0.0477500 secs] 8375879K->8057579K(12541952K), 0.0481080 secs] [Times: user=0.35 sys=0.00, real=0.05 secs] 
2011-03-01T02:46:22.919+0000: 6284.311: [GC 6284.311: [ParNew: 368640K->40960K(368640K), 0.0621630 secs] 8385259K->8069124K(12541952K), 0.0626710 secs] [Times: user=0.42 sys=0.00, real=0.07 secs] 
2011-03-01T02:46:24.154+0000: 6285.545: [GC 6285.545: [ParNew: 368640K->29607K(368640K), 0.0667060 secs] 8396804K->8085028K(12541952K), 0.0671880 secs] [Times: user=0.47 sys=0.00, real=0.06 secs] 
2011-03-01T02:46:26.024+0000: 6287.415: [GC 6287.416: [ParNew: 357287K->23889K(368640K), 0.0509990 secs] 8412708K->8093733K(12541952K), 0.0513520 secs] [Times: user=0.33 sys=0.00, real=0.05 secs] 
2011-03-01T02:46:28.422+0000: 6289.813: [GC 6289.813: [ParNew: 351569K->40960K(368640K), 0.0460160 secs] 8421413K->8113418K(12541952K), 0.0463710 secs] [Times: user=0.35 sys=0.00, real=0.05 secs] 
2011-03-01T02:46:30.482+0000: 6291.873: [GC 6291.873: [ParNew: 368640K->16357K(368640K), 0.0456380 secs] 8441098K->8110587K(12541952K), 0.0460620 secs] [Times: user=0.33 sys=0.00, real=0.05 secs] 
2011-03-01T02:46:31.925+0000: 6293.316: [GC 6293.316: [ParNew: 344037K->39792K(368640K), 0.0365070 secs] 8438267K->8134022K(12541952K), 0.0369790 secs] [Times: user=0.23 sys=0.01, real=0.03 secs] 
2011-03-01T02:46:33.309+0000: 6294.700: [GC 6294.700: [ParNew: 367472K->23788K(368640K), 0.0607890 secs] 8461702K->8141070K(12541952K), 0.0612620 secs] [Times: user=0.47 sys=0.01, real=0.06 secs] 
2011-03-01T02:46:34.878+0000: 6296.269: [GC 6296.269: [ParNew: 351468K->28702K(368640K), 0.0508310 secs] 8468750K->8160270K(12541952K), 0.0513020 secs] [Times: user=0.40 sys=0.00, real=0.05 secs] 
2011-03-01T02:46:35.381+0000: 6296.772: [GC 6296.772: [ParNew: 356382K->40960K(368640K), 0.0525740 secs] 8487950K->8188813K(12541952K), 0.0530160 secs] [Times: user=0.41 sys=0.00, real=0.06 secs] 
2011-03-01T02:46:35.925+0000: 6297.316: [GC 6297.316: [ParNew: 368640K->40960K(368640K), 0.0545660 secs] 8516493K->8205219K(12541952K), 0.0549230 secs] [Times: user=0.40 sys=0.00, real=0.05 secs] 
2011-03-01T02:46:36.239+0000: 6297.630: [GC 6297.630: [ParNew: 368640K->40960K(368640K), 0.0643420 secs] 8532899K->8240848K(12541952K), 0.0646960 secs] [Times: user=0.49 sys=0.00, real=0.07 secs] 
2011-03-01T02:46:36.561+0000: 6297.952: [GC 6297.952: [ParNew: 368640K->37249K(368640K), 0.0671400 secs] 8568528K->8251003K(12541952K), 0.0674880 secs] [Times: user=0.43 sys=0.00, real=0.07 secs] 
2011-03-01T02:46:37.057+0000: 6298.449: [GC 6298.449: [ParNew: 364929K->35105K(368640K), 0.0617970 secs] 8578683K->8263000K(12541952K), 0.0621490 secs] [Times: user=0.46 sys=0.01, real=0.06 secs] 
2011-03-01T02:46:37.432+0000: 6298.823: [GC 6298.823: [ParNew: 362785K->40960K(368640K), 0.0691340 secs] 8590680K->8286474K(12541952K), 0.0695290 secs] [Times: user=0.54 sys=0.01, real=0.07 secs] 
2011-03-01T02:46:37.750+0000: 6299.142: [GC 6299.142: [ParNew: 368640K->40960K(368640K), 0.0801090 secs] 8614154K->8312405K(12541952K), 0.0804640 secs] [Times: user=0.62 sys=0.00, real=0.08 secs] 
2011-03-01T02:46:38.188+0000: 6299.579: [GC 6299.579: [ParNew: 368640K->40960K(368640K), 0.0641200 secs] 8640085K->8330516K(12541952K), 0.0644770 secs] [Times: user=0.49 sys=0.00, real=0.07 secs] 
2011-03-01T02:46:38.254+0000: 6299.646: [GC [1 CMS-initial-mark: 8289556K(12173312K)] 8330666K(12541952K), 0.0439340 secs] [Times: user=0.05 sys=0.00, real=0.04 secs] 
2011-03-01T02:46:38.299+0000: 6299.690: [CMS-concurrent-mark-start]
2011-03-01T02:46:38.537+0000: 6299.928: [GC 6299.928: [ParNew: 368640K->35073K(368640K), 0.0789020 secs] 8658196K->8413508K(12541952K), 0.0792600 secs] [Times: user=0.55 sys=0.00, real=0.08 secs] 
2011-03-01T02:46:38.890+0000: 6300.281: [CMS-concurrent-mark: 0.510/0.591 secs] [Times: user=5.98 sys=0.73, real=0.59 secs] 
2011-03-01T02:46:38.890+0000: 6300.281: [CMS-concurrent-preclean-start]
2011-03-01T02:46:39.023+0000: 6300.414: [GC 6300.414: [ParNew: 362753K->22422K(368640K), 0.0483210 secs] 8741188K->8418002K(12541952K), 0.0487480 secs] [Times: user=0.35 sys=0.00, real=0.04 secs] 
2011-03-01T02:46:39.106+0000: 6300.497: [CMS-concurrent-preclean: 0.154/0.217 secs] [Times: user=1.08 sys=0.22, real=0.22 secs] 
2011-03-01T02:46:39.106+0000: 6300.497: [CMS-concurrent-abortable-preclean-start]
2011-03-01T02:46:39.390+0000: 6300.781: [CMS-concurrent-abortable-preclean: 0.272/0.283 secs] [Times: user=1.07 sys=0.33, real=0.28 secs] 
2011-03-01T02:46:39.392+0000: 6300.783: [GC[YG occupancy: 260548 K (368640 K)]6300.784: [Rescan (parallel) , 0.0510960 secs]6300.835: [weak refs processing, 0.0245170 secs] [1 CMS-remark: 8395580K(12173312K)] 8656128K(12541952K), 0.0759860 secs] [Times: user=0.44 sys=0.01, real=0.07 secs] 
2011-03-01T02:46:39.469+0000: 6300.860: [CMS-concurrent-sweep-start]
2011-03-01T02:46:39.563+0000: 6300.954: [GC 6300.955: [ParNew: 350102K->39321K(368640K), 0.0431730 secs] 8689379K->8378598K(12541952K), 0.0436440 secs] [Times: user=0.34 sys=0.00, real=0.04 secs] 
2011-03-01T02:46:40.184+0000: 6301.575: [GC 6301.575: [ParNew: 367001K->21930K(368640K), 0.0736370 secs] 8280760K->7962986K(12541952K), 0.0741570 secs] [Times: user=0.50 sys=0.01, real=0.07 secs] 
2011-03-01T02:46:40.929+0000: 6302.320: [GC 6302.320: [ParNew: 349610K->25838K(368640K), 0.0444750 secs] 8166361K->7842588K(12541952K), 0.0448290 secs] [Times: user=0.37 sys=0.00, real=0.05 secs] 
2011-03-01T02:46:41.476+0000: 6302.867: [GC 6302.867: [ParNew: 353518K->20459K(368640K), 0.0542100 secs] 8097593K->7772574K(12541952K), 0.0621090 secs] [Times: user=0.40 sys=0.00, real=0.06 secs] 
2011-03-01T02:46:42.094+0000: 6303.486: [GC 6303.486: [ParNew: 348139K->40960K(368640K), 0.0523990 secs] 8014745K->7710238K(12541952K), 0.0528850 secs] [Times: user=0.40 sys=0.00, real=0.05 secs] 
2011-03-01T02:46:42.705+0000: 6304.097: [GC 6304.097: [ParNew: 368640K->22729K(368640K), 0.0637570 secs] 7942349K->7620851K(12541952K), 0.0642290 secs] [Times: user=0.44 sys=0.00, real=0.06 secs] 
2011-03-01T02:46:43.582+0000: 6304.973: [GC 6304.973: [ParNew: 350404K->18553K(368640K), 0.0400330 secs] 7789434K->7466906K(12541952K), 0.0405050 secs] [Times: user=0.29 sys=0.01, real=0.05 secs] 
2011-03-01T02:46:44.945+0000: 6306.336: [GC 6306.336: [ParNew: 346233K->40960K(368640K), 0.0480700 secs] 7497358K->7197013K(12541952K), 0.0485440 secs] [Times: user=0.32 sys=0.00, real=0.05 secs] 
2011-03-01T02:46:46.372+0000: 6307.763: [GC 6307.763: [ParNew: 368640K->30693K(368640K), 0.0522260 secs] 7329503K->7011801K(12541952K), 0.0527010 secs] [Times: user=0.40 sys=0.00, real=0.06 secs] 
2011-03-01T02:46:48.059+0000: 6309.450: [GC 6309.450: [ParNew: 358373K->36269K(368640K), 0.0541270 secs] 7096522K->6789333K(12541952K), 0.0545990 secs] [Times: user=0.40 sys=0.00, real=0.06 secs] 
2011-03-01T02:46:49.622+0000: 6311.013: [GC 6311.014: [ParNew: 363949K->25082K(368640K), 0.0516300 secs] 6862991K->6541012K(12541952K), 0.0521130 secs] [Times: user=0.36 sys=0.01, real=0.06 secs] 
2011-03-01T02:46:52.110+0000: 6313.501: [GC 6313.501: [ParNew: 352762K->40960K(368640K), 0.0450180 secs] 6367375K->6059700K(12541952K), 0.0454260 secs] [Times: user=0.39 sys=0.00, real=0.05 secs] 
2011-03-01T02:46:54.213+0000: 6315.605: [GC 6315.605: [ParNew: 368640K->40960K(368640K), 0.0453250 secs] 6099941K->5782825K(12541952K), 0.0456770 secs] [Times: user=0.34 sys=0.00, real=0.04 secs] 
2011-03-01T02:46:54.911+0000: 6316.303: [GC 6316.303: [ParNew: 368640K->40960K(368640K), 0.0420790 secs] 6011888K->5693444K(12541952K), 0.0424440 secs] [Times: user=0.28 sys=0.01, real=0.05 secs] 
2011-03-01T02:46:55.420+0000: 6316.811: [GC 6316.812: [ParNew: 368640K->18991K(368640K), 0.0412370 secs] 5941625K->5604756K(12541952K), 0.0416670 secs] [Times: user=0.29 sys=0.00, real=0.04 secs] 
2011-03-01T02:46:55.912+0000: 6317.303: [GC 6317.304: [ParNew: 346671K->40960K(368640K), 0.0347620 secs] 5858035K->5552454K(12541952K), 0.0351450 secs] [Times: user=0.28 sys=0.00, real=0.03 secs] 
2011-03-01T02:46:56.426+0000: 6317.818: [GC 6317.818: [ParNew: 368640K->10979K(368640K), 0.0417760 secs] 5823013K->5481018K(12541952K), 0.0421420 secs] [Times: user=0.32 sys=0.00, real=0.04 secs] 
2011-03-01T02:46:57.115+0000: 6318.506: [GC 6318.506: [ParNew: 338659K->12820K(368640K), 0.0286210 secs] 5721521K->5395682K(12541952K), 0.0289790 secs] [Times: user=0.19 sys=0.00, real=0.03 secs] 
2011-03-01T02:46:57.740+0000: 6319.131: [GC 6319.131: [ParNew: 340500K->17103K(368640K), 0.0291660 secs] 5518825K->5195428K(12541952K), 0.0295340 secs] [Times: user=0.22 sys=0.00, real=0.03 secs] 
2011-03-01T02:46:58.389+0000: 6319.780: [GC 6319.781: [ParNew: 344783K->40960K(368640K), 0.0321020 secs] 5378014K->5076705K(12541952K), 0.0325880 secs] [Times: user=0.24 sys=0.00, real=0.03 secs] 
2011-03-01T02:46:59.861+0000: 6321.252: [GC 6321.252: [ParNew: 368640K->14415K(368640K), 0.0473220 secs] 5206765K->4870158K(12541952K), 0.0477950 secs] [Times: user=0.40 sys=0.00, real=0.05 secs] 
2011-03-01T02:47:00.517+0000: 6321.908: [GC 6321.909: [ParNew: 342095K->40960K(368640K), 0.0398390 secs] 5112355K->4821760K(12541952K), 0.0403310 secs] [Times: user=0.31 sys=0.00, real=0.04 secs] 
2011-03-01T02:47:01.472+0000: 6322.863: [GC 6322.863: [ParNew: 368640K->11794K(368640K), 0.0408980 secs] 5016630K->4675327K(12541952K), 0.0414000 secs] [Times: user=0.31 sys=0.00, real=0.05 secs] 
2011-03-01T02:47:03.007+0000: 6324.398: [GC 6324.399: [ParNew: 338512K->32921K(368640K), 0.0280780 secs] 4782129K->4476539K(12541952K), 0.0285610 secs] [Times: user=0.24 sys=0.00, real=0.03 secs] 
2011-03-01T02:47:04.024+0000: 6325.415: [GC 6325.415: [ParNew: 360601K->40865K(368640K), 0.0430560 secs] 4535887K->4225414K(12541952K), 0.0435390 secs] [Times: user=0.32 sys=0.00, real=0.04 secs] 
2011-03-01T02:47:05.154+0000: 6326.545: [GC 6326.545: [ParNew: 368512K->11155K(368640K), 0.0377910 secs] 4287493K->3938149K(12541952K), 0.0382790 secs] [Times: user=0.25 sys=0.00, real=0.03 secs] 
2011-03-01T02:47:06.407+0000: 6327.798: [GC 6327.798: [ParNew: 338835K->19999K(368640K), 0.0311430 secs] 4098726K->3779891K(12541952K), 0.0316570 secs] [Times: user=0.24 sys=0.00, real=0.03 secs] 
2011-03-01T02:47:08.329+0000: 6329.720: [GC 6329.720: [ParNew: 347679K->40960K(368640K), 0.0383100 secs] 3841410K->3534692K(12541952K), 0.0387930 secs] [Times: user=0.32 sys=0.00, real=0.04 secs] 
2011-03-01T02:47:10.359+0000: 6331.750: [GC 6331.751: [ParNew: 368640K->40116K(368640K), 0.0550230 secs] 3374351K->3066684K(12541952K), 0.0589090 secs] [Times: user=0.35 sys=0.00, real=0.06 secs] 
2011-03-01T02:47:12.834+0000: 6334.225: [GC 6334.225: [ParNew: 367796K->23425K(368640K), 0.0487470 secs] 2984738K->2668846K(12541952K), 0.0491200 secs] [Times: user=0.32 sys=0.01, real=0.05 secs] 
2011-03-01T02:47:14.679+0000: 6336.070: [GC 6336.070: [ParNew: 351105K->40960K(368640K), 0.0359290 secs] 2719780K->2416751K(12541952K), 0.0363940 secs] [Times: user=0.24 sys=0.00, real=0.04 secs] 
2011-03-01T02:47:16.690+0000: 6338.081: [GC 6338.081: [ParNew: 368640K->11883K(368640K), 0.0346610 secs] 2147583K->1807000K(12541952K), 0.0351430 secs] [Times: user=0.25 sys=0.00, real=0.04 secs] 
2011-03-01T02:47:17.525+0000: 6338.916: [CMS-concurrent-sweep: 36.410/38.056 secs] [Times: user=91.17 sys=19.60, real=38.06 secs] 
2011-03-01T02:47:17.525+0000: 6338.916: [CMS-concurrent-reset-start]
2011-03-01T02:47:17.553+0000: 6338.944: [CMS-concurrent-reset: 0.028/0.028 secs] [Times: user=0.03 sys=0.00, real=0.03 secs] 
2011-03-01T02:47:18.602+0000: 6339.994: [GC 6339.994: [ParNew: 339563K->40960K(368640K), 0.0278780 secs] 1807351K->1509335K(12541952K), 0.0283450 secs] [Times: user=0.22 sys=0.00, real=0.02 secs] 
2011-03-01T02:47:19.981+0000: 6341.372: [GC 6341.372: [ParNew: 368640K->13203K(368640K), 0.0402940 secs] 1837015K->1500282K(12541952K), 0.0407710 secs] [Times: user=0.32 sys=0.00, real=0.04 secs] 
2011-03-01T02:47:21.394+0000: 6342.785: [GC 6342.785: [ParNew: 340883K->38659K(368640K), 0.0290490 secs] 1827962K->1525738K(12541952K), 0.0295170 secs] [Times: user=0.16 sys=0.00, real=0.03 secs] 
2011-03-01T02:47:22.733+0000: 6344.124: [GC 6344.125: [ParNew: 366339K->15081K(368640K), 0.0400160 secs] 1853418K->1522680K(12541952K), 0.0404900 secs] [Times: user=0.28 sys=0.00, real=0.04 secs] 
2011-03-01T02:47:23.977+0000: 6345.369: [GC 6345.369: [ParNew: 342761K->40960K(368640K), 0.0297390 secs] 1850360K->1549548K(12541952K), 0.0302090 secs] [Times: user=0.24 sys=0.00, real=0.03 secs] 
2011-03-01T02:47:25.953+0000: 6347.344: [GC 6347.344: [ParNew: 368640K->17397K(368640K), 0.0396670 secs] 1877228K->1546670K(12541952K), 0.0401370 secs] [Times: user=0.28 sys=0.00, real=0.04 secs] 
2011-03-01T02:47:28.315+0000: 6349.706: [GC 6349.707: [ParNew: 345127K->35849K(368640K), 0.0360490 secs] 1874400K->1565122K(12541952K), 0.0364880 secs] [Times: user=0.24 sys=0.00, real=0.03 secs] 
2011-03-01T02:47:28.356+0000: 6349.747: [GC 6349.747: [ParNew: 38402K->20388K(368640K), 0.0372520 secs] 1567675K->1558744K(12541952K), 0.0376560 secs] [Times: user=0.25 sys=0.00, real=0.04 secs] 
2011-03-01T02:47:30.444+0000: 6351.836: [GC 6351.836: [ParNew: 348068K->40960K(368640K), 0.0388960 secs] 1886424K->1584093K(12541952K), 0.0393440 secs] [Times: user=0.26 sys=0.01, real=0.04 secs] 
2011-03-01T02:47:32.460+0000: 6353.851: [GC 6353.851: [ParNew: 368640K->40960K(368640K), 0.0439120 secs] 1911773K->1595320K(12541952K), 0.0443060 secs] [Times: user=0.33 sys=0.00, real=0.05 secs] 
2011-03-01T02:47:33.202+0000: 6354.593: [GC 6354.593: [ParNew: 368640K->33184K(368640K), 0.0538630 secs] 1923000K->1605336K(12541952K), 0.0542140 secs] [Times: user=0.40 sys=0.00, real=0.06 secs] 
2011-03-01T02:47:34.568+0000: 6355.959: [GC 6355.959: [ParNew: 360864K->30724K(368640K), 0.0431910 secs] 1933016K->1614430K(12541952K), 0.0435560 secs] [Times: user=0.32 sys=0.00, real=0.04 secs] 
2011-03-01T02:47:35.774+0000: 6357.165: [GC 6357.165: [ParNew: 358404K->24931K(368640K), 0.0466020 secs] 1942110K->1620112K(12541952K), 0.0469600 secs] [Times: user=0.29 sys=0.00, real=0.04 secs] 
2011-03-01T02:47:36.150+0000: 6357.541: [GC 6357.541: [ParNew: 352611K->40960K(368640K), 0.0636870 secs] 1947792K->1653402K(12541952K), 0.0640590 secs] [Times: user=0.48 sys=0.00, real=0.07 secs] 
2011-03-01T02:47:36.533+0000: 6357.924: [GC 6357.924: [ParNew: 368640K->40960K(368640K), 0.0684660 secs] 1981082K->1679388K(12541952K), 0.0688420 secs] [Times: user=0.48 sys=0.00, real=0.07 secs] 
2011-03-01T02:47:37.985+0000: 6359.376: [GC 6359.376: [ParNew: 368640K->40960K(368640K), 0.0587150 secs] 2007068K->1696561K(12541952K), 0.0590830 secs] [Times: user=0.40 sys=0.00, real=0.06 secs] 
2011-03-01T02:47:38.446+0000: 6359.837: [GC 6359.837: [ParNew: 368640K->40960K(368640K), 0.0824370 secs] 2024241K->1718329K(12541952K), 0.0827950 secs] [Times: user=0.57 sys=0.00, real=0.08 secs] 
2011-03-01T02:47:38.797+0000: 6360.189: [GC 6360.189: [ParNew: 368640K->40960K(368640K), 0.0665570 secs] 2046009K->1733284K(12541952K), 0.0670540 secs] [Times: user=0.48 sys=0.00, real=0.07 secs] 
2011-03-01T02:47:39.165+0000: 6360.556: [GC 6360.556: [ParNew: 368640K->40960K(368640K), 0.0708700 secs] 2060964K->1754716K(12541952K), 0.0713440 secs] [Times: user=0.43 sys=0.00, real=0.07 secs] 
2011-03-01T02:47:39.529+0000: 6360.921: [GC 6360.921: [ParNew: 368640K->40960K(368640K), 0.0634750 secs] 2082396K->1770565K(12541952K), 0.0639460 secs] [Times: user=0.46 sys=0.00, real=0.07 secs] 
2011-03-01T02:47:39.939+0000: 6361.330: [GC 6361.330: [ParNew: 368640K->36839K(368640K), 0.0532090 secs] 2098245K->1784957K(12541952K), 0.0536880 secs] [Times: user=0.39 sys=0.01, real=0.06 secs] 
2011-03-01T02:47:40.374+0000: 6361.765: [GC 6361.765: [ParNew: 364519K->40960K(368640K), 0.0521150 secs] 2112637K->1803159K(12541952K), 0.0525880 secs] [Times: user=0.35 sys=0.01, real=0.05 secs] 
2011-03-01T02:47:42.292+0000: 6363.683: [GC 6363.684: [ParNew: 368640K->24292K(368640K), 0.0586300 secs] 2130839K->1803792K(12541952K), 0.0591070 secs] [Times: user=0.39 sys=0.00, real=0.05 secs] 
2011-03-01T02:47:42.655+0000: 6364.046: [GC 6364.046: [ParNew: 351972K->40960K(368640K), 0.0553190 secs] 2131472K->1830831K(12541952K), 0.0557910 secs] [Times: user=0.33 sys=0.00, real=0.05 secs] 
2011-03-01T02:47:43.281+0000: 6364.672: [GC 6364.673: [ParNew: 368640K->39558K(368640K), 0.0877370 secs] 2158511K->1864136K(12541952K), 0.0882110 secs] [Times: user=0.63 sys=0.00, real=0.09 secs] 
2011-03-01T02:47:44.468+0000: 6365.859: [GC 6365.859: [ParNew: 367169K->19531K(368640K), 0.0356920 secs] 2191747K->1858956K(12541952K), 0.0426610 secs] [Times: user=0.26 sys=0.00, real=0.04 secs] 
2011-03-01T02:47:45.481+0000: 6366.872: [GC 6366.873: [ParNew: 347211K->40960K(368640K), 0.0317700 secs] 2186636K->1880694K(12541952K), 0.0322770 secs] [Times: user=0.25 sys=0.00, real=0.04 secs] 
2011-03-01T02:47:46.840+0000: 6368.231: [GC 6368.232: [ParNew: 368640K->12355K(368640K), 0.0531230 secs] 2208374K->1868322K(12541952K), 0.0536260 secs] [Times: user=0.32 sys=0.00, real=0.06 secs] 
2011-03-01T02:47:48.053+0000: 6369.444: [GC 6369.445: [ParNew: 340035K->34138K(368640K), 0.0305340 secs] 2196002K->1890104K(12541952K), 0.0310380 secs] [Times: user=0.25 sys=0.00, real=0.03 secs] 
2011-03-01T02:47:50.102+0000: 6371.493: [GC 6371.493: [ParNew: 361818K->13292K(368640K), 0.0572620 secs] 2217784K->1885199K(12541952K), 0.0577350 secs] [Times: user=0.33 sys=0.00, real=0.06 secs] 
2011-03-01T02:47:52.297+0000: 6373.688: [GC 6373.688: [ParNew: 340972K->36643K(368640K), 0.0311760 secs] 2212879K->1908550K(12541952K), 0.0316580 secs] [Times: user=0.24 sys=0.00, real=0.03 secs] 
2011-03-01T02:47:54.316+0000: 6375.707: [GC 6375.707: [ParNew: 364323K->11190K(368640K), 0.0539890 secs] 2236230K->1900308K(12541952K), 0.0545610 secs] [Times: user=0.29 sys=0.01, real=0.05 secs] 
2011-03-01T02:47:54.973+0000: 6376.365: [GC 6376.365: [ParNew: 338870K->9971K(368640K), 0.0274520 secs] 2227988K->1899089K(12541952K), 0.0280220 secs] [Times: user=0.18 sys=0.00, real=0.02 secs] 
2011-03-01T02:47:55.522+0000: 6376.913: [GC 6376.913: [ParNew: 337651K->21731K(368640K), 0.0289640 secs] 2226769K->1910849K(12541952K), 0.0295400 secs] [Times: user=0.20 sys=0.00, real=0.03 secs] 
2011-03-01T02:47:56.028+0000: 6377.419: [GC 6377.420: [ParNew: 349411K->40960K(368640K), 0.0453710 secs] 2238529K->1936565K(12541952K), 0.0458930 secs] [Times: user=0.33 sys=0.00, real=0.05 secs] 
2011-03-01T02:47:56.712+0000: 6378.103: [GC 6378.104: [ParNew: 368640K->18442K(368640K), 0.0493800 secs] 2264245K->1926026K(12541952K), 0.0497590 secs] [Times: user=0.31 sys=0.00, real=0.05 secs] 
2011-03-01T02:47:57.424+0000: 6378.815: [GC 6378.815: [ParNew: 346122K->27890K(368640K), 0.0266100 secs] 2253706K->1935474K(12541952K), 0.0269750 secs] [Times: user=0.17 sys=0.00, real=0.02 secs] 
2011-03-01T02:47:57.956+0000: 6379.347: [GC 6379.348: [ParNew: 355561K->23456K(368640K), 0.0355360 secs] 2263145K->1934910K(12541952K), 0.0359010 secs] [Times: user=0.23 sys=0.00, real=0.03 secs] 
2011-03-01T02:47:58.775+0000: 6380.166: [GC 6380.167: [ParNew: 351136K->32467K(368640K), 0.0291930 secs] 2262590K->1943920K(12541952K), 0.0295610 secs] [Times: user=0.22 sys=0.00, real=0.03 secs] 
2011-03-01T02:47:59.307+0000: 6380.698: [GC 6380.698: [ParNew: 360147K->28202K(368640K), 0.0544530 secs] 2271600K->1950582K(12541952K), 0.0548180 secs] [Times: user=0.32 sys=0.00, real=0.05 secs] 
2011-03-01T02:48:00.035+0000: 6381.426: [GC 6381.426: [ParNew: 355882K->13873K(368640K), 0.0355280 secs] 2278262K->1940240K(12541952K), 0.0361090 secs] [Times: user=0.23 sys=0.00, real=0.03 secs] 
2011-03-01T02:48:00.505+0000: 6381.896: [GC 6381.896: [ParNew: 341553K->38015K(368640K), 0.0317980 secs] 2267920K->1964382K(12541952K), 0.0322810 secs] [Times: user=0.24 sys=0.00, real=0.03 secs] 
2011-03-01T02:48:01.550+0000: 6382.941: [GC 6382.942: [ParNew: 365695K->13753K(368640K), 0.0528340 secs] 2292062K->1954782K(12541952K), 0.0533460 secs] [Times: user=0.29 sys=0.00, real=0.06 secs] 
2011-03-01T02:48:03.810+0000: 6385.201: [GC 6385.201: [ParNew: 341433K->38813K(368640K), 0.0314510 secs] 2282462K->1979842K(12541952K), 0.0319220 secs] [Times: user=0.24 sys=0.00, real=0.03 secs] 
2011-03-01T02:48:05.967+0000: 6387.358: [GC 6387.358: [ParNew: 366493K->10446K(368640K), 0.0535640 secs] 2307522K->1966410K(12541952K), 0.0540760 secs] [Times: user=0.33 sys=0.00, real=0.05 secs] 
2011-03-01T02:48:07.918+0000: 6389.309: [GC 6389.309: [ParNew: 338126K->33823K(368640K), 0.0317140 secs] 2294090K->1989787K(12541952K), 0.0321260 secs] [Times: user=0.23 sys=0.01, real=0.03 secs] 
2011-03-01T02:48:09.693+0000: 6391.084: [GC 6391.085: [ParNew: 361501K->16325K(368640K), 0.0501750 secs] 2317466K->1987186K(12541952K), 0.0505370 secs] [Times: user=0.28 sys=0.00, real=0.05 secs] 
2011-03-01T02:48:11.539+0000: 6392.931: [GC 6392.931: [ParNew: 343980K->24006K(368640K), 0.0330730 secs] 2314841K->1994866K(12541952K), 0.0335530 secs] [Times: user=0.25 sys=0.02, real=0.04 secs] 
2011-03-01T02:48:13.921+0000: 6395.312: [GC 6395.312: [ParNew: 351686K->28247K(368640K), 0.0431640 secs] 2322546K->2005042K(12541952K), 0.0436310 secs] [Times: user=0.31 sys=0.01, real=0.05 secs] 
2011-03-01T02:48:16.123+0000: 6397.514: [GC 6397.514: [ParNew: 355927K->9220K(368640K), 0.0474420 secs] 2332722K->1999731K(12541952K), 0.0479110 secs] [Times: user=0.27 sys=0.01, real=0.04 secs] 
2011-03-01T02:48:18.200+0000: 6399.591: [GC 6399.591: [ParNew: 336860K->40883K(368640K), 0.0349040 secs] 2327372K->2031394K(12541952K), 0.0353810 secs] [Times: user=0.30 sys=0.01, real=0.04 secs] 
2011-03-01T02:48:19.515+0000: 6400.906: [GC 6400.907: [ParNew: 368563K->12784K(368640K), 0.0498770 secs] 2359074K->2017962K(12541952K), 0.0503510 secs] [Times: user=0.33 sys=0.00, real=0.05 secs] 
2011-03-01T02:48:20.964+0000: 6402.355: [GC 6402.355: [ParNew: 340464K->40960K(368640K), 0.0344220 secs] 2345642K->2048591K(12541952K), 0.0348910 secs] [Times: user=0.24 sys=0.00, real=0.03 secs] 
2011-03-01T02:48:22.180+0000: 6403.571: [GC 6403.572: [ParNew: 368640K->10076K(368640K), 0.0451510 secs] 2376271K->2030486K(12541952K), 0.0456230 secs] [Times: user=0.33 sys=0.00, real=0.05 secs] 
2011-03-01T02:48:23.796+0000: 6405.187: [GC 6405.187: [ParNew: 337756K->36971K(368640K), 0.0351110 secs] 2358166K->2057381K(12541952K), 0.0354630 secs] [Times: user=0.24 sys=0.00, real=0.03 secs] 
2011-03-01T02:48:25.297+0000: 6406.688: [GC 6406.689: [ParNew: 364651K->10389K(368640K), 0.0465170 secs] 2385061K->2048229K(12541952K), 0.0468690 secs] [Times: user=0.33 sys=0.00, real=0.05 secs] 
2011-03-01T02:48:27.340+0000: 6408.731: [GC 6408.731: [ParNew: 338069K->31601K(368640K), 0.0261880 secs] 2375909K->2069441K(12541952K), 0.0265380 secs] [Times: user=0.24 sys=0.00, real=0.03 secs] 
2011-03-01T02:48:29.447+0000: 6410.839: [GC 6410.839: [ParNew: 359281K->29830K(368640K), 0.0457700 secs] 2397121K->2083295K(12541952K), 0.0461960 secs] [Times: user=0.32 sys=0.00, real=0.05 secs] 
2011-03-01T02:48:31.274+0000: 6412.666: [GC 6412.666: [ParNew: 357510K->28939K(368640K), 0.0489500 secs] 2410975K->2106819K(12541952K), 0.0494280 secs] [Times: user=0.34 sys=0.00, real=0.05 secs] 
2011-03-01T02:48:32.351+0000: 6413.742: [GC 6413.742: [ParNew: 356619K->6096K(368640K), 0.0287740 secs] 2434499K->2094853K(12541952K), 0.0303310 secs] [Times: user=0.21 sys=0.00, real=0.03 secs] 
2011-03-01T02:48:33.940+0000: 6415.331: [GC 6415.331: [ParNew: 333776K->30466K(368640K), 0.0262090 secs] 2422533K->2119223K(12541952K), 0.0266700 secs] [Times: user=0.24 sys=0.00, real=0.03 secs] 
2011-03-01T02:48:35.199+0000: 6416.591: [GC 6416.591: [ParNew: 358146K->10772K(368640K), 0.0354040 secs] 2446903K->2114724K(12541952K), 0.0358730 secs] [Times: user=0.25 sys=0.00, real=0.04 secs] 
2011-03-01T02:48:35.715+0000: 6417.106: [GC 6417.106: [ParNew: 338452K->40960K(368640K), 0.0424480 secs] 2442404K->2145440K(12541952K), 0.0428980 secs] [Times: user=0.32 sys=0.00, real=0.04 secs] 
2011-03-01T02:48:36.205+0000: 6417.596: [GC 6417.596: [ParNew: 368640K->33750K(368640K), 0.0553120 secs] 2473120K->2158508K(12541952K), 0.0557660 secs] [Times: user=0.41 sys=0.00, real=0.05 secs] 
2011-03-01T02:48:36.545+0000: 6417.936: [GC 6417.937: [ParNew: 361514K->40960K(368640K), 0.0713050 secs] 2486272K->2187624K(12541952K), 0.0717580 secs] [Times: user=0.47 sys=0.00, real=0.07 secs] 
2011-03-01T02:48:36.620+0000: 6418.011: [GC 6418.011: [ParNew: 41344K->12223K(368640K), 0.0440440 secs] 2188008K->2179462K(12541952K), 0.0444650 secs] [Times: user=0.31 sys=0.00, real=0.05 secs] 
2011-03-01T02:48:36.956+0000: 6418.347: [GC 6418.347: [ParNew: 339903K->20842K(368640K), 0.0350390 secs] 2507142K->2188081K(12541952K), 0.0355370 secs] [Times: user=0.19 sys=0.00, real=0.03 secs] 
2011-03-01T02:48:37.319+0000: 6418.710: [GC 6418.710: [ParNew: 348522K->40960K(368640K), 0.0560380 secs] 2515761K->2218760K(12541952K), 0.0564950 secs] [Times: user=0.40 sys=0.00, real=0.07 secs] 
2011-03-01T02:48:37.648+0000: 6419.039: [GC 6419.040: [ParNew: 368640K->40032K(368640K), 0.0708610 secs] 2546440K->2241741K(12541952K), 0.0713220 secs] [Times: user=0.44 sys=0.01, real=0.07 secs] 
2011-03-01T02:48:38.345+0000: 6419.736: [GC 6419.736: [ParNew: 367712K->38822K(368640K), 0.0524850 secs] 2569421K->2253649K(12541952K), 0.0529330 secs] [Times: user=0.36 sys=0.00, real=0.05 secs] 
2011-03-01T02:48:38.738+0000: 6420.129: [GC 6420.129: [ParNew: 366502K->40412K(368640K), 0.0469750 secs] 2581329K->2265127K(12541952K), 0.0474410 secs] [Times: user=0.33 sys=0.00, real=0.05 secs] 
2011-03-01T02:48:39.241+0000: 6420.632: [GC 6420.632: [ParNew: 368092K->28518K(368640K), 0.0422460 secs] 2592807K->2267094K(12541952K), 0.0426990 secs] [Times: user=0.32 sys=0.00, real=0.05 secs] 
2011-03-01T02:48:39.842+0000: 6421.233: [GC 6421.234: [ParNew: 356198K->40960K(368640K), 0.0327440 secs] 2594774K->2280496K(12541952K), 0.0331890 secs] [Times: user=0.28 sys=0.00, real=0.03 secs] 
2011-03-01T02:48:40.827+0000: 6422.219: [GC 6422.219: [ParNew: 368640K->22365K(368640K), 0.0464240 secs] 2608176K->2279236K(12541952K), 0.0467990 secs] [Times: user=0.32 sys=0.00, real=0.05 secs] 
2011-03-01T02:48:43.609+0000: 6425.000: [GC 6425.000: [ParNew: 350045K->36327K(368640K), 0.0341540 secs] 2606916K->2293198K(12541952K), 0.0345000 secs] [Times: user=0.25 sys=0.00, real=0.04 secs] 
2011-03-01T02:48:44.096+0000: 6425.487: [GC 6425.487: [ParNew: 364007K->22231K(368640K), 0.0431060 secs] 2620878K->2294118K(12541952K), 0.0435750 secs] [Times: user=0.32 sys=0.01, real=0.04 secs] 
2011-03-01T02:48:45.303+0000: 6426.694: [GC 6426.694: [ParNew: 349911K->39484K(368640K), 0.0314600 secs] 2621798K->2311370K(12541952K), 0.0319330 secs] [Times: user=0.26 sys=0.00, real=0.03 secs] 
2011-03-01T02:48:46.123+0000: 6427.514: [GC 6427.514: [ParNew: 367164K->40960K(368640K), 0.0494100 secs] 2639050K->2387080K(12541952K), 0.0498970 secs] [Times: user=0.36 sys=0.02, real=0.05 secs] 
2011-03-01T02:48:46.795+0000: 6428.186: [GC 6428.186: [ParNew: 368640K->13775K(368640K), 0.0433760 secs] 2714760K->2384973K(12541952K), 0.0438430 secs] [Times: user=0.32 sys=0.00, real=0.04 secs] 
2011-03-01T02:48:47.554+0000: 6428.945: [GC 6428.945: [ParNew: 341455K->28189K(368640K), 0.0398450 secs] 2712653K->2399387K(12541952K), 0.0478560 secs] [Times: user=0.32 sys=0.01, real=0.04 secs] 
2011-03-01T02:48:48.328+0000: 6429.719: [GC 6429.719: [ParNew: 355869K->27373K(368640K), 0.0490090 secs] 2727067K->2406361K(12541952K), 0.0494910 secs] [Times: user=0.38 sys=0.00, real=0.05 secs] 
2011-03-01T02:48:48.736+0000: 6430.127: [GC 6430.128: [ParNew: 355053K->35651K(368640K), 0.0548230 secs] 2734041K->2494063K(12541952K), 0.0553290 secs] [Times: user=0.37 sys=0.00, real=0.05 secs] 
2011-03-01T02:48:49.232+0000: 6430.623: [GC 6430.623: [ParNew: 363331K->28018K(368640K), 0.0453520 secs] 2821743K->2493912K(12541952K), 0.0457590 secs] [Times: user=0.37 sys=0.00, real=0.05 secs] 
2011-03-01T02:48:49.798+0000: 6431.189: [GC 6431.189: [ParNew: 355698K->28695K(368640K), 0.0498290 secs] 2821592K->2503928K(12541952K), 0.0501800 secs] [Times: user=0.40 sys=0.00, real=0.05 secs] 
2011-03-01T02:48:50.366+0000: 6431.757: [GC 6431.758: [ParNew: 356375K->23613K(368640K), 0.0388220 secs] 2831608K->2505725K(12541952K), 0.0393060 secs] [Times: user=0.32 sys=0.00, real=0.04 secs] 
2011-03-01T02:48:50.976+0000: 6432.367: [GC 6432.368: [ParNew: 351293K->16893K(368640K), 0.0380240 secs] 2833405K->2504599K(12541952K), 0.0384940 secs] [Times: user=0.27 sys=0.01, real=0.04 secs] 
2011-03-01T02:48:51.657+0000: 6433.048: [GC 6433.049: [ParNew: 344573K->36708K(368640K), 0.0475330 secs] 2832279K->2589950K(12541952K), 0.0480080 secs] [Times: user=0.39 sys=0.00, real=0.05 secs] 
2011-03-01T02:48:52.208+0000: 6433.599: [GC 6433.600: [ParNew: 364388K->15113K(368640K), 0.0445110 secs] 2917630K->2596218K(12541952K), 0.0449790 secs] [Times: user=0.32 sys=0.00, real=0.05 secs] 
2011-03-01T02:48:52.873+0000: 6434.265: [GC 6434.265: [ParNew: 342686K->12173K(368640K), 0.0258630 secs] 2923791K->2593278K(12541952K), 0.0331280 secs] [Times: user=0.24 sys=0.00, real=0.03 secs] 
2011-03-01T02:48:53.589+0000: 6434.981: [GC 6434.981: [ParNew: 313409K->32239K(368640K), 0.0283200 secs] 2894514K->2613344K(12541952K), 0.0288000 secs] [Times: user=0.24 sys=0.00, real=0.03 secs] 
2011-03-01T02:48:54.256+0000: 6435.647: [GC 6435.647: [ParNew: 359919K->37282K(368640K), 0.0505200 secs] 2941024K->2690852K(12541952K), 0.0510000 secs] [Times: user=0.39 sys=0.00, real=0.05 secs] 
2011-03-01T02:48:54.689+0000: 6436.080: [GC 6436.080: [ParNew: 364962K->40960K(368640K), 0.0392600 secs] 3018532K->2714220K(12541952K), 0.0397910 secs] [Times: user=0.32 sys=0.00, real=0.04 secs] 
2011-03-01T02:48:55.196+0000: 6436.587: [GC 6436.587: [ParNew: 368640K->12450K(368640K), 0.0342210 secs] 3041900K->2699419K(12541952K), 0.0347240 secs] [Times: user=0.23 sys=0.01, real=0.03 secs] 
2011-03-01T02:48:55.781+0000: 6437.172: [GC 6437.172: [ParNew: 340130K->11109K(368640K), 0.0230920 secs] 3027099K->2698078K(12541952K), 0.0236000 secs] [Times: user=0.17 sys=0.02, real=0.03 secs] 
2011-03-01T02:48:56.303+0000: 6437.694: [GC 6437.694: [ParNew: 338789K->19059K(368640K), 0.0273000 secs] 3025758K->2706029K(12541952K), 0.0277930 secs] [Times: user=0.18 sys=0.00, real=0.02 secs] 
2011-03-01T02:48:57.039+0000: 6438.430: [GC 6438.431: [ParNew: 346739K->40960K(368640K), 0.0389630 secs] 3033709K->2734358K(12541952K), 0.0394400 secs] [Times: user=0.32 sys=0.01, real=0.04 secs] 
2011-03-01T02:48:57.757+0000: 6439.149: [GC 6439.149: [ParNew: 368640K->19346K(368640K), 0.0431480 secs] 3062038K->2734127K(12541952K), 0.0436260 secs] [Times: user=0.32 sys=0.00, real=0.04 secs] 
2011-03-01T02:48:58.415+0000: 6439.806: [GC 6439.807: [ParNew: 347026K->30470K(368640K), 0.0257150 secs] 3061807K->2745251K(12541952K), 0.0262280 secs] [Times: user=0.16 sys=0.00, real=0.02 secs] 
2011-03-01T02:48:59.055+0000: 6440.446: [GC 6440.446: [ParNew: 358150K->19988K(368640K), 0.0306330 secs] 3072931K->2742390K(12541952K), 0.0311200 secs] [Times: user=0.21 sys=0.00, real=0.03 secs] 
2011-03-01T02:48:59.581+0000: 6440.972: [GC 6440.973: [ParNew: 347668K->40960K(368640K), 0.0391410 secs] 3070070K->2782679K(12541952K), 0.0396240 secs] [Times: user=0.32 sys=0.00, real=0.04 secs] 
2011-03-01T02:49:00.068+0000: 6441.459: [GC 6441.459: [ParNew: 368640K->31074K(368640K), 0.0436420 secs] 3110359K->2794964K(12541952K), 0.0441360 secs] [Times: user=0.32 sys=0.00, real=0.04 secs] 
2011-03-01T02:49:00.406+0000: 6441.797: [GC 6441.797: [ParNew: 358754K->11339K(368640K), 0.0309340 secs] 3122644K->2780285K(12541952K), 0.0314190 secs] [Times: user=0.24 sys=0.00, real=0.03 secs] 
2011-03-01T02:49:00.758+0000: 6442.149: [GC 6442.150: [ParNew: 339019K->16854K(368640K), 0.0297130 secs] 3107965K->2785801K(12541952K), 0.0301940 secs] [Times: user=0.24 sys=0.00, real=0.03 secs] 
2011-03-01T02:49:01.203+0000: 6442.594: [GC 6442.595: [ParNew: 344478K->39816K(368640K), 0.0334350 secs] 3113424K->2808762K(12541952K), 0.0339150 secs] [Times: user=0.26 sys=0.01, real=0.03 secs] 
2011-03-01T02:49:01.673+0000: 6443.064: [GC 6443.064: [ParNew: 367496K->18483K(368640K), 0.0448880 secs] 3136442K->2807652K(12541952K), 0.0453650 secs] [Times: user=0.32 sys=0.00, real=0.05 secs] 
2011-03-01T02:49:02.190+0000: 6443.581: [GC 6443.581: [ParNew: 346163K->26379K(368640K), 0.0256720 secs] 3135332K->2815548K(12541952K), 0.0260320 secs] [Times: user=0.23 sys=0.01, real=0.03 secs] 
2011-03-01T02:49:02.664+0000: 6444.055: [GC 6444.055: [ParNew: 354059K->12039K(368640K), 0.0303400 secs] 3143228K->2806410K(12541952K), 0.0307010 secs] [Times: user=0.19 sys=0.01, real=0.03 secs] 
2011-03-01T02:49:03.133+0000: 6444.525: [GC 6444.525: [ParNew: 339719K->12614K(368640K), 0.0254670 secs] 3134090K->2806985K(12541952K), 0.0258310 secs] [Times: user=0.19 sys=0.00, real=0.02 secs] 
2011-03-01T02:49:04.152+0000: 6445.543: [GC 6445.543: [ParNew: 340294K->19785K(368640K), 0.0291310 secs] 3134665K->2814155K(12541952K), 0.0294880 secs] [Times: user=0.22 sys=0.00, real=0.03 secs] 
2011-03-01T02:49:05.495+0000: 6446.886: [GC 6446.887: [ParNew: 347465K->25376K(368640K), 0.0329050 secs] 3141835K->2822516K(12541952K), 0.0332580 secs] [Times: user=0.24 sys=0.00, real=0.03 secs] 
2011-03-01T02:49:05.729+0000: 6447.120: [GC 6447.120: [ParNew: 353008K->19268K(368640K), 0.0284810 secs] 3150147K->2819072K(12541952K), 0.0289690 secs] [Times: user=0.24 sys=0.00, real=0.03 secs] 
2011-03-01T02:49:06.039+0000: 6447.430: [GC 6447.430: [ParNew: 346948K->23282K(368640K), 0.0316890 secs] 3146752K->2824653K(12541952K), 0.0321800 secs] [Times: user=0.24 sys=0.00, real=0.03 secs] 
2011-03-01T02:49:06.458+0000: 6447.849: [GC 6447.850: [ParNew: 350962K->40960K(368640K), 0.0330910 secs] 3152333K->2845303K(12541952K), 0.0335920 secs] [Times: user=0.24 sys=0.00, real=0.03 secs] 
2011-03-01T02:49:07.201+0000: 6448.592: [GC 6448.593: [ParNew: 368640K->24549K(368640K), 0.0422820 secs] 3172983K->2845266K(12541952K), 0.0427710 secs] [Times: user=0.30 sys=0.00, real=0.05 secs] 
2011-03-01T02:49:08.182+0000: 6449.573: [GC 6449.574: [ParNew: 352229K->23953K(368640K), 0.0273510 secs] 3172946K->2844671K(12541952K), 0.0278290 secs] [Times: user=0.21 sys=0.00, real=0.03 secs] 
2011-03-01T02:49:09.108+0000: 6450.500: [GC 6450.500: [ParNew: 351633K->17286K(368640K), 0.0332290 secs] 3172351K->2843851K(12541952K), 0.0337160 secs] [Times: user=0.25 sys=0.00, real=0.04 secs] 
2011-03-01T02:49:09.957+0000: 6451.348: [GC 6451.348: [ParNew: 344966K->31600K(368640K), 0.0311940 secs] 3171531K->2858165K(12541952K), 0.0316760 secs] [Times: user=0.24 sys=0.00, real=0.03 secs] 
2011-03-01T02:49:10.814+0000: 6452.205: [GC 6452.205: [ParNew: 359280K->20717K(368640K), 0.0389750 secs] 3185845K->2856367K(12541952K), 0.0394140 secs] [Times: user=0.26 sys=0.00, real=0.04 secs] 
2011-03-01T02:49:11.808+0000: 6453.199: [GC 6453.200: [ParNew: 348397K->30344K(368640K), 0.0306330 secs] 3184047K->2865994K(12541952K), 0.0309910 secs] [Times: user=0.24 sys=0.00, real=0.03 secs] 
2011-03-01T02:49:12.635+0000: 6454.026: [GC 6454.027: [ParNew: 358024K->26251K(368640K), 0.0397640 secs] 3193674K->2871936K(12541952K), 0.0401250 secs] [Times: user=0.26 sys=0.01, real=0.04 secs] 
2011-03-01T02:49:13.471+0000: 6454.863: [GC 6454.863: [ParNew: 353931K->28999K(368640K), 0.0322840 secs] 3199616K->2877410K(12541952K), 0.0327100 secs] [Times: user=0.23 sys=0.00, real=0.04 secs] 
2011-03-01T02:49:14.365+0000: 6455.756: [GC 6455.756: [ParNew: 356679K->25272K(368640K), 0.0345190 secs] 3205090K->2879526K(12541952K), 0.0350170 secs] [Times: user=0.25 sys=0.00, real=0.03 secs] 
2011-03-01T02:49:15.335+0000: 6456.726: [GC 6456.727: [ParNew: 352952K->11364K(368640K), 0.0329820 secs] 3207206K->2871145K(12541952K), 0.0347190 secs] [Times: user=0.24 sys=0.00, real=0.03 secs] 
2011-03-01T02:49:16.218+0000: 6457.609: [GC 6457.609: [ParNew: 339021K->16216K(368640K), 0.0300910 secs] 3198802K->2875997K(12541952K), 0.0305690 secs] [Times: user=0.24 sys=0.00, real=0.03 secs] 
2011-03-01T02:49:17.182+0000: 6458.573: [GC 6458.574: [ParNew: 343896K->35339K(368640K), 0.0338430 secs] 3203677K->2895120K(12541952K), 0.0343900 secs] [Times: user=0.29 sys=0.00, real=0.04 secs] 
2011-03-01T02:49:18.263+0000: 6459.654: [GC 6459.654: [ParNew: 363019K->37175K(368640K), 0.0460300 secs] 3222800K->2907419K(12541952K), 0.0465390 secs] [Times: user=0.35 sys=0.01, real=0.04 secs] 
2011-03-01T02:49:19.129+0000: 6460.520: [GC 6460.520: [ParNew: 364855K->33243K(368640K), 0.0382330 secs] 3235099K->2909246K(12541952K), 0.0387310 secs] [Times: user=0.31 sys=0.00, real=0.04 secs] 
2011-03-01T02:49:20.362+0000: 6461.753: [GC 6461.754: [ParNew: 360923K->34383K(368640K), 0.0436170 secs] 3236926K->2920541K(12541952K), 0.0461730 secs] [Times: user=0.33 sys=0.00, real=0.04 secs] 
2011-03-01T02:49:21.619+0000: 6463.010: [GC 6463.011: [ParNew: 362063K->40933K(368640K), 0.0505610 secs] 3248221K->2945953K(12541952K), 0.0510440 secs] [Times: user=0.40 sys=0.00, real=0.05 secs] 
2011-03-01T02:49:22.948+0000: 6464.339: [GC 6464.340: [ParNew: 368613K->31335K(368640K), 0.0466260 secs] 3273633K->2948920K(12541952K), 0.0471010 secs] [Times: user=0.34 sys=0.00, real=0.05 secs] 
2011-03-01T02:49:24.415+0000: 6465.806: [GC 6465.806: [ParNew: 359015K->32648K(368640K), 0.0450580 secs] 3276600K->2962171K(12541952K), 0.0455280 secs] [Times: user=0.33 sys=0.01, real=0.04 secs] 
2011-03-01T02:49:26.315+0000: 6467.707: [GC 6467.707: [ParNew: 360328K->25778K(368640K), 0.0455750 secs] 3289851K->2968981K(12541952K), 0.0460500 secs] [Times: user=0.32 sys=0.00, real=0.04 secs] 
2011-03-01T02:49:27.623+0000: 6469.014: [GC 6469.015: [ParNew: 353458K->16894K(368640K), 0.0403780 secs] 3296661K->2973508K(12541952K), 0.0408530 secs] [Times: user=0.28 sys=0.00, real=0.04 secs] 
2011-03-01T02:49:29.908+0000: 6471.299: [GC 6471.299: [ParNew: 344574K->33923K(368640K), 0.0343660 secs] 3301188K->2990537K(12541952K), 0.0348480 secs] [Times: user=0.25 sys=0.00, real=0.04 secs] 
2011-03-01T02:49:31.383+0000: 6472.775: [GC 6472.775: [ParNew: 361603K->34143K(368640K), 0.0530490 secs] 3318217K->3012713K(12541952K), 0.0572180 secs] [Times: user=0.40 sys=0.00, real=0.05 secs] 
2011-03-01T02:49:32.953+0000: 6474.344: [GC 6474.344: [ParNew: 361823K->33749K(368640K), 0.0457410 secs] 3340393K->3024903K(12541952K), 0.0461160 secs] [Times: user=0.34 sys=0.02, real=0.04 secs] 
2011-03-01T02:49:34.099+0000: 6475.490: [GC 6475.490: [ParNew: 361429K->33273K(368640K), 0.0471680 secs] 3352583K->3039105K(12541952K), 0.0475340 secs] [Times: user=0.34 sys=0.00, real=0.05 secs] 
2011-03-01T02:49:35.154+0000: 6476.546: [GC 6476.546: [ParNew: 361130K->33454K(368640K), 0.0420000 secs] 3366961K->3051969K(12541952K), 0.0423530 secs] [Times: user=0.29 sys=0.00, real=0.04 secs] 
2011-03-01T02:49:35.199+0000: 6476.590: [GC 6476.590: [ParNew: 33908K->15423K(368640K), 0.0351410 secs] 3052422K->3054292K(12541952K), 0.0354400 secs] [Times: user=0.23 sys=0.01, real=0.04 secs] 
2011-03-01T02:49:35.689+0000: 6477.081: [GC 6477.081: [ParNew: 343103K->28750K(368640K), 0.0338570 secs] 3381972K->3067619K(12541952K), 0.0344690 secs] [Times: user=0.27 sys=0.00, real=0.04 secs] 
2011-03-01T02:49:36.101+0000: 6477.492: [GC 6477.493: [ParNew: 356430K->40960K(368640K), 0.0792170 secs] 3395299K->3109960K(12541952K), 0.0798430 secs] [Times: user=0.48 sys=0.00, real=0.08 secs] 
2011-03-01T02:49:36.474+0000: 6477.865: [GC 6477.866: [ParNew: 368640K->32837K(368640K), 0.0545670 secs] 3437640K->3120209K(12541952K), 0.0604990 secs] [Times: user=0.41 sys=0.00, real=0.06 secs] 
2011-03-01T02:49:36.723+0000: 6478.115: [GC 6478.115: [ParNew: 299532K->40960K(368640K), 0.0505410 secs] 3386904K->3148621K(12541952K), 0.0508970 secs] [Times: user=0.37 sys=0.00, real=0.05 secs] 
2011-03-01T02:49:36.996+0000: 6478.387: [GC 6478.387: [ParNew: 368640K->33002K(368640K), 0.0564930 secs] 3476301K->3224190K(12541952K), 0.0568520 secs] [Times: user=0.38 sys=0.01, real=0.06 secs] 
2011-03-01T02:49:37.287+0000: 6478.679: [GC 6478.679: [ParNew: 360682K->38572K(368640K), 0.0558670 secs] 3551870K->3239823K(12541952K), 0.0562250 secs] [Times: user=0.40 sys=0.00, real=0.06 secs] 
2011-03-01T02:49:37.726+0000: 6479.117: [GC 6479.117: [ParNew: 366252K->40960K(368640K), 0.0682670 secs] 3567503K->3261809K(12541952K), 0.0686220 secs] [Times: user=0.46 sys=0.00, real=0.07 secs] 
2011-03-01T02:49:37.995+0000: 6479.386: [GC 6479.386: [ParNew: 368640K->40960K(368640K), 0.0918580 secs] 3589489K->3312619K(12541952K), 0.0922720 secs] [Times: user=0.63 sys=0.01, real=0.09 secs] 
2011-03-01T02:49:38.435+0000: 6479.827: [GC 6479.827: [ParNew: 368640K->40960K(368640K), 0.0473960 secs] 3640299K->3329178K(12541952K), 0.0477860 secs] [Times: user=0.32 sys=0.00, real=0.05 secs] 
2011-03-01T02:49:38.780+0000: 6480.171: [GC 6480.172: [ParNew: 368640K->30563K(368640K), 0.0456520 secs] 3656858K->3333487K(12541952K), 0.0460360 secs] [Times: user=0.36 sys=0.00, real=0.05 secs] 
2011-03-01T02:49:39.353+0000: 6480.745: [GC 6480.745: [ParNew: 358243K->40960K(368640K), 0.0476880 secs] 3661167K->3357151K(12541952K), 0.0480430 secs] [Times: user=0.33 sys=0.00, real=0.04 secs] 
2011-03-01T02:49:39.747+0000: 6481.139: [GC 6481.139: [ParNew: 368640K->40960K(368640K), 0.0425580 secs] 3684831K->3366065K(12541952K), 0.0429060 secs] [Times: user=0.32 sys=0.00, real=0.04 secs] 
2011-03-01T02:49:40.281+0000: 6481.673: [GC 6481.673: [ParNew: 368640K->15634K(368640K), 0.0402810 secs] 3693745K->3357767K(12541952K), 0.0406330 secs] [Times: user=0.30 sys=0.00, real=0.05 secs] 
2011-03-01T02:49:40.863+0000: 6482.254: [GC 6482.254: [ParNew: 343314K->23479K(368640K), 0.0320200 secs] 3685447K->3365613K(12541952K), 0.0323810 secs] [Times: user=0.28 sys=0.00, real=0.03 secs] 
2011-03-01T02:49:41.510+0000: 6482.901: [GC 6482.902: [ParNew: 351159K->31211K(368640K), 0.0359720 secs] 3693293K->3373344K(12541952K), 0.0363190 secs] [Times: user=0.32 sys=0.00, real=0.04 secs] 
2011-03-01T02:49:42.350+0000: 6483.741: [GC 6483.741: [ParNew: 358891K->40960K(368640K), 0.0507260 secs] 3701024K->3391612K(12541952K), 0.0510860 secs] [Times: user=0.40 sys=0.00, real=0.05 secs] 
2011-03-01T02:49:43.931+0000: 6485.323: [GC 6485.323: [ParNew: 368640K->28648K(368640K), 0.0584420 secs] 3719292K->3408394K(12541952K), 0.0587950 secs] [Times: user=0.40 sys=0.00, real=0.06 secs] 
2011-03-01T02:49:45.306+0000: 6486.697: [GC 6486.697: [ParNew: 356328K->40960K(368640K), 0.0572580 secs] 3736074K->3438513K(12541952K), 0.0576060 secs] [Times: user=0.41 sys=0.00, real=0.06 secs] 
2011-03-01T02:49:46.796+0000: 6488.188: [GC 6488.188: [ParNew: 368640K->17423K(368640K), 0.0528020 secs] 3766193K->3433290K(12541952K), 0.0531500 secs] [Times: user=0.39 sys=0.00, real=0.05 secs] 
2011-03-01T02:49:47.928+0000: 6489.320: [GC 6489.320: [ParNew: 345103K->40960K(368640K), 0.0437960 secs] 3760970K->3461516K(12541952K), 0.0442640 secs] [Times: user=0.32 sys=0.00, real=0.05 secs] 
2011-03-01T02:49:49.922+0000: 6491.314: [GC 6491.314: [ParNew: 368640K->20788K(368640K), 0.0491650 secs] 3789196K->3466492K(12541952K), 0.0496350 secs] [Times: user=0.37 sys=0.00, real=0.04 secs] 
2011-03-01T02:49:52.093+0000: 6493.484: [GC 6493.485: [ParNew: 348468K->39508K(368640K), 0.0337160 secs] 3794172K->3485212K(12541952K), 0.0378470 secs] [Times: user=0.24 sys=0.00, real=0.03 secs] 
2011-03-01T02:49:54.322+0000: 6495.713: [GC 6495.713: [ParNew: 367188K->15268K(368640K), 0.0426280 secs] 3812892K->3481536K(12541952K), 0.0431540 secs] [Times: user=0.33 sys=0.01, real=0.05 secs] 
2011-03-01T02:49:55.016+0000: 6496.407: [GC 6496.408: [ParNew: 342948K->33628K(368640K), 0.0269970 secs] 3809216K->3499896K(12541952K), 0.0273580 secs] [Times: user=0.19 sys=0.00, real=0.03 secs] 
2011-03-01T02:49:55.595+0000: 6496.986: [GC 6496.986: [ParNew: 361301K->21841K(368640K), 0.0315400 secs] 3827570K->3496476K(12541952K), 0.0319020 secs] [Times: user=0.20 sys=0.01, real=0.03 secs] 
2011-03-01T02:49:56.103+0000: 6497.494: [GC 6497.494: [ParNew: 349521K->33654K(368640K), 0.0258480 secs] 3824156K->3508289K(12541952K), 0.0262130 secs] [Times: user=0.21 sys=0.00, real=0.02 secs] 
2011-03-01T02:49:56.549+0000: 6497.940: [GC 6497.940: [ParNew: 361310K->29487K(368640K), 0.0337210 secs] 3835945K->3513963K(12541952K), 0.0341060 secs] [Times: user=0.25 sys=0.00, real=0.04 secs] 
2011-03-01T02:49:57.181+0000: 6498.572: [GC 6498.572: [ParNew: 357167K->14676K(368640K), 0.0351230 secs] 3841643K->3506466K(12541952K), 0.0366170 secs] [Times: user=0.31 sys=0.00, real=0.04 secs] 
2011-03-01T02:49:57.762+0000: 6499.153: [GC 6499.154: [ParNew: 342356K->29244K(368640K), 0.0314760 secs] 3834146K->3521034K(12541952K), 0.0318610 secs] [Times: user=0.24 sys=0.00, real=0.04 secs] 
2011-03-01T02:49:58.385+0000: 6499.776: [GC 6499.776: [ParNew: 356924K->37534K(368640K), 0.0444940 secs] 3848714K->3535386K(12541952K), 0.0448820 secs] [Times: user=0.33 sys=0.00, real=0.04 secs] 
2011-03-01T02:49:58.942+0000: 6500.333: [GC 6500.333: [ParNew: 365212K->33319K(368640K), 0.0371930 secs] 3863065K->3536570K(12541952K), 0.0375830 secs] [Times: user=0.31 sys=0.00, real=0.04 secs] 
2011-03-01T02:49:59.719+0000: 6501.111: [GC 6501.111: [ParNew: 360999K->13649K(368640K), 0.0376540 secs] 3864250K->3527437K(12541952K), 0.0380440 secs] [Times: user=0.30 sys=0.00, real=0.04 secs] 
2011-03-01T02:50:00.266+0000: 6501.657: [GC 6501.658: [ParNew: 341329K->24062K(368640K), 0.0327200 secs] 3855117K->3537850K(12541952K), 0.0331090 secs] [Times: user=0.24 sys=0.00, real=0.03 secs] 
2011-03-01T02:50:00.822+0000: 6502.213: [GC 6502.214: [ParNew: 351742K->31208K(368640K), 0.0392630 secs] 3865530K->3549259K(12541952K), 0.0396230 secs] [Times: user=0.30 sys=0.00, real=0.03 secs] 
2011-03-01T02:50:02.923+0000: 6504.314: [GC 6504.315: [ParNew: 358888K->39425K(368640K), 0.0426590 secs] 3876939K->3564064K(12541952K), 0.0430120 secs] [Times: user=0.31 sys=0.01, real=0.04 secs] 
2011-03-01T02:50:05.388+0000: 6506.779: [GC 6506.780: [ParNew: 367155K->37971K(368640K), 0.0452220 secs] 3891794K->3572085K(12541952K), 0.0455760 secs] [Times: user=0.33 sys=0.00, real=0.05 secs] 
2011-03-01T02:50:05.436+0000: 6506.828: [GC 6506.828: [ParNew: 38199K->30891K(368640K), 0.0398720 secs] 3572313K->3574086K(12541952K), 0.0401610 secs] [Times: user=0.26 sys=0.00, real=0.04 secs] 
2011-03-01T02:50:07.558+0000: 6508.949: [GC 6508.949: [ParNew: 358571K->16670K(368640K), 0.0443090 secs] 3901766K->3571121K(12541952K), 0.0446740 secs] [Times: user=0.31 sys=0.01, real=0.05 secs] 
2011-03-01T02:50:09.407+0000: 6510.798: [GC 6510.799: [ParNew: 344350K->40960K(368640K), 0.0369520 secs] 3898801K->3596825K(12541952K), 0.0373100 secs] [Times: user=0.26 sys=0.00, real=0.04 secs] 
2011-03-01T02:50:11.412+0000: 6512.803: [GC 6512.803: [ParNew: 368640K->10567K(368640K), 0.0459640 secs] 3924505K->3585719K(12541952K), 0.0463200 secs] [Times: user=0.38 sys=0.00, real=0.05 secs] 
2011-03-01T02:50:13.817+0000: 6515.208: [GC 6515.209: [ParNew: 338247K->35531K(368640K), 0.0342250 secs] 3913399K->3610683K(12541952K), 0.0345790 secs] [Times: user=0.24 sys=0.00, real=0.03 secs] 
2011-03-01T02:50:16.243+0000: 6517.634: [GC 6517.635: [ParNew: 363211K->19428K(368640K), 0.0454760 secs] 3938363K->3610705K(12541952K), 0.0458270 secs] [Times: user=0.36 sys=0.00, real=0.04 secs] 
2011-03-01T02:50:18.458+0000: 6519.849: [GC 6519.850: [ParNew: 347108K->36426K(368640K), 0.0286300 secs] 3938385K->3627703K(12541952K), 0.0289810 secs] [Times: user=0.24 sys=0.00, real=0.03 secs] 
2011-03-01T02:50:20.649+0000: 6522.041: [GC 6522.041: [ParNew: 364106K->40960K(368640K), 0.0428240 secs] 3955383K->3645857K(12541952K), 0.0431790 secs] [Times: user=0.32 sys=0.00, real=0.05 secs] 
2011-03-01T02:50:21.253+0000: 6522.644: [GC 6522.644: [ParNew: 368640K->40960K(368640K), 0.0619170 secs] 3973537K->3665327K(12541952K), 0.0622730 secs] [Times: user=0.46 sys=0.00, real=0.06 secs] 
2011-03-01T02:50:22.475+0000: 6523.866: [GC 6523.867: [ParNew: 368640K->29342K(368640K), 0.0650310 secs] 3993007K->3682580K(12541952K), 0.0653820 secs] [Times: user=0.48 sys=0.00, real=0.06 secs] 
2011-03-01T02:50:24.306+0000: 6525.697: [GC 6525.697: [ParNew: 357022K->33186K(368640K), 0.0400370 secs] 4010260K->3697668K(12541952K), 0.0403900 secs] [Times: user=0.29 sys=0.01, real=0.04 secs] 
2011-03-01T02:50:25.780+0000: 6527.171: [GC 6527.171: [ParNew: 360866K->23717K(368640K), 0.0453290 secs] 4025348K->3699552K(12541952K), 0.0456760 secs] [Times: user=0.29 sys=0.01, real=0.05 secs] 
2011-03-01T02:50:28.232+0000: 6529.623: [GC 6529.623: [ParNew: 351397K->32795K(368640K), 0.0423590 secs] 4027232K->3718088K(12541952K), 0.0427140 secs] [Times: user=0.32 sys=0.01, real=0.05 secs] 
2011-03-01T02:50:30.491+0000: 6531.883: [GC 6531.883: [ParNew: 360475K->24285K(368640K), 0.0444430 secs] 4045768K->3722065K(12541952K), 0.0447900 secs] [Times: user=0.34 sys=0.00, real=0.05 secs] 
2011-03-01T02:50:31.648+0000: 6533.040: [GC 6533.040: [ParNew: 351965K->17739K(368640K), 0.0456240 secs] 4049745K->3724512K(12541952K), 0.0461340 secs] [Times: user=0.32 sys=0.00, real=0.05 secs] 
2011-03-01T02:50:33.165+0000: 6534.556: [GC 6534.556: [ParNew: 345419K->40960K(368640K), 0.0407400 secs] 4052192K->3748652K(12541952K), 0.0412210 secs] [Times: user=0.31 sys=0.01, real=0.04 secs] 
2011-03-01T02:50:34.421+0000: 6535.812: [GC 6535.813: [ParNew: 368640K->32067K(368640K), 0.0526310 secs] 4076332K->3760126K(12541952K), 0.0531200 secs] [Times: user=0.41 sys=0.00, real=0.06 secs] 
2011-03-01T02:50:35.612+0000: 6537.003: [GC 6537.003: [ParNew: 359747K->30620K(368640K), 0.0459650 secs] 4087806K->3769635K(12541952K), 0.0464690 secs] [Times: user=0.37 sys=0.00, real=0.05 secs] 
2011-03-01T02:50:36.192+0000: 6537.583: [GC 6537.583: [ParNew: 358300K->40960K(368640K), 0.0520070 secs] 4097315K->3791566K(12541952K), 0.0525360 secs] [Times: user=0.39 sys=0.00, real=0.06 secs] 
2011-03-01T02:50:36.573+0000: 6537.964: [GC 6537.964: [ParNew: 368640K->40960K(368640K), 0.0548730 secs] 4119246K->3805901K(12541952K), 0.0552850 secs] [Times: user=0.38 sys=0.02, real=0.05 secs] 
2011-03-01T02:50:36.883+0000: 6538.274: [GC 6538.274: [ParNew: 368640K->40960K(368640K), 0.0424620 secs] 4133581K->3818508K(12541952K), 0.0428130 secs] [Times: user=0.28 sys=0.01, real=0.04 secs] 
2011-03-01T02:50:37.227+0000: 6538.618: [GC 6538.618: [ParNew: 368640K->25606K(368640K), 0.0420280 secs] 4146188K->3818934K(12541952K), 0.0423770 secs] [Times: user=0.32 sys=0.00, real=0.04 secs] 
2011-03-01T02:50:37.608+0000: 6538.999: [GC 6538.999: [ParNew: 353286K->40960K(368640K), 0.0432830 secs] 4146614K->3837551K(12541952K), 0.0436350 secs] [Times: user=0.31 sys=0.01, real=0.04 secs] 
2011-03-01T02:50:37.916+0000: 6539.307: [GC 6539.307: [ParNew: 368640K->40960K(368640K), 0.0786860 secs] 4165231K->3864668K(12541952K), 0.0790390 secs] [Times: user=0.52 sys=0.02, real=0.08 secs] 
2011-03-01T02:50:38.283+0000: 6539.675: [GC 6539.675: [ParNew: 368640K->40960K(368640K), 0.0676430 secs] 4192348K->3881545K(12541952K), 0.0681560 secs] [Times: user=0.49 sys=0.00, real=0.06 secs] 
2011-03-01T02:50:38.907+0000: 6540.298: [GC 6540.298: [ParNew: 368640K->29058K(368640K), 0.0460240 secs] 4209225K->3885950K(12541952K), 0.0464870 secs] [Times: user=0.33 sys=0.00, real=0.05 secs] 
2011-03-01T02:50:41.474+0000: 6542.865: [GC 6542.865: [ParNew: 356738K->40960K(368640K), 0.0461860 secs] 4213630K->3904677K(12541952K), 0.0466980 secs] [Times: user=0.32 sys=0.00, real=0.04 secs] 
2011-03-01T02:50:41.952+0000: 6543.343: [GC 6543.343: [ParNew: 368640K->36805K(368640K), 0.0491080 secs] 4232357K->3917297K(12541952K), 0.0495540 secs] [Times: user=0.39 sys=0.00, real=0.05 secs] 
2011-03-01T02:50:42.475+0000: 6543.866: [GC 6543.867: [ParNew: 364485K->25387K(368640K), 0.0377930 secs] 4244977K->3914923K(12541952K), 0.0382610 secs] [Times: user=0.25 sys=0.00, real=0.04 secs] 
2011-03-01T02:50:43.621+0000: 6545.012: [GC 6545.013: [ParNew: 353067K->40960K(368640K), 0.0510720 secs] 4242603K->3938607K(12541952K), 0.0515240 secs] [Times: user=0.39 sys=0.01, real=0.06 secs] 
2011-03-01T02:50:44.961+0000: 6546.352: [GC 6546.352: [ParNew: 368640K->12039K(368640K), 0.0416490 secs] 4266287K->3922697K(12541952K), 0.0421190 secs] [Times: user=0.31 sys=0.00, real=0.05 secs] 
2011-03-01T02:50:46.367+0000: 6547.758: [GC 6547.758: [ParNew: 339719K->37304K(368640K), 0.0339560 secs] 4250377K->3947962K(12541952K), 0.0380440 secs] [Times: user=0.28 sys=0.00, real=0.04 secs] 
2011-03-01T02:50:47.697+0000: 6549.089: [GC 6549.089: [ParNew: 364984K->10638K(368640K), 0.0407450 secs] 4275642K->3936450K(12541952K), 0.0410960 secs] [Times: user=0.32 sys=0.00, real=0.04 secs] 
2011-03-01T02:50:49.408+0000: 6550.799: [GC 6550.799: [ParNew: 338318K->37895K(368640K), 0.0318440 secs] 4264130K->3963707K(12541952K), 0.0321950 secs] [Times: user=0.24 sys=0.00, real=0.03 secs] 
2011-03-01T02:50:51.863+0000: 6553.255: [GC 6553.255: [ParNew: 365575K->14093K(368640K), 0.0400960 secs] 4291387K->3954728K(12541952K), 0.0404490 secs] [Times: user=0.28 sys=0.00, real=0.04 secs] 
2011-03-01T02:50:55.097+0000: 6556.488: [GC 6556.488: [ParNew: 341773K->40960K(368640K), 0.0767950 secs] 4282408K->4001744K(12541952K), 0.0771560 secs] [Times: user=0.56 sys=0.00, real=0.08 secs] 
2011-03-01T02:50:55.573+0000: 6556.965: [GC 6556.965: [ParNew: 368640K->26577K(368640K), 0.0422300 secs] 4329424K->4005072K(12541952K), 0.0425970 secs] [Times: user=0.30 sys=0.00, real=0.04 secs] 
2011-03-01T02:50:56.089+0000: 6557.480: [GC 6557.481: [ParNew: 354199K->18820K(368640K), 0.0299040 secs] 4332694K->3997315K(12541952K), 0.0302670 secs] [Times: user=0.24 sys=0.00, real=0.03 secs] 
2011-03-01T02:50:56.656+0000: 6558.048: [GC 6558.048: [ParNew: 346457K->40960K(368640K), 0.0337840 secs] 4324952K->4019454K(12541952K), 0.0341380 secs] [Times: user=0.23 sys=0.00, real=0.03 secs] 
2011-03-01T02:50:57.096+0000: 6558.488: [GC 6558.488: [ParNew: 368598K->12277K(368640K), 0.0434690 secs] 4347093K->4007743K(12541952K), 0.0504040 secs] [Times: user=0.33 sys=0.00, real=0.05 secs] 
2011-03-01T02:50:57.688+0000: 6559.080: [GC 6559.080: [ParNew: 339957K->7158K(368640K), 0.0275100 secs] 4335423K->4002624K(12541952K), 0.0279980 secs] [Times: user=0.24 sys=0.00, real=0.03 secs] 
2011-03-01T02:50:58.259+0000: 6559.651: [GC 6559.651: [ParNew: 334838K->9699K(368640K), 0.0276930 secs] 4330304K->4005165K(12541952K), 0.0282030 secs] [Times: user=0.24 sys=0.00, real=0.03 secs] 
2011-03-01T02:50:58.940+0000: 6560.331: [GC 6560.331: [ParNew: 337379K->15085K(368640K), 0.0290940 secs] 4332845K->4010551K(12541952K), 0.0295540 secs] [Times: user=0.24 sys=0.00, real=0.03 secs] 
2011-03-01T02:50:59.682+0000: 6561.073: [GC 6561.073: [ParNew: 342765K->40695K(368640K), 0.0345480 secs] 4338231K->4037974K(12541952K), 0.0350100 secs] [Times: user=0.29 sys=0.00, real=0.04 secs] 
2011-03-01T02:51:00.253+0000: 6561.645: [GC 6561.645: [ParNew: 368375K->9252K(368640K), 0.0391630 secs] 4365654K->4021072K(12541952K), 0.0396360 secs] [Times: user=0.27 sys=0.00, real=0.05 secs] 
2011-03-01T02:51:00.633+0000: 6562.024: [GC 6562.025: [ParNew: 336932K->13895K(368640K), 0.0296230 secs] 4348752K->4025715K(12541952K), 0.0301430 secs] [Times: user=0.20 sys=0.00, real=0.04 secs] 
2011-03-01T02:51:01.127+0000: 6562.519: [GC 6562.519: [ParNew: 341575K->32923K(368640K), 0.0322140 secs] 4353395K->4044743K(12541952K), 0.0326770 secs] [Times: user=0.24 sys=0.00, real=0.03 secs] 
2011-03-01T02:51:02.978+0000: 6564.370: [GC 6564.370: [ParNew: 360603K->9828K(368640K), 0.0408140 secs] 4372423K->4035878K(12541952K), 0.0412410 secs] [Times: user=0.32 sys=0.00, real=0.04 secs] 
2011-03-01T02:51:04.889+0000: 6566.280: [GC 6566.280: [ParNew: 337508K->29550K(368640K), 0.0320630 secs] 4363558K->4055600K(12541952K), 0.0324880 secs] [Times: user=0.24 sys=0.00, real=0.03 secs] 
2011-03-01T02:51:06.967+0000: 6568.358: [GC 6568.359: [ParNew: 357202K->9544K(368640K), 0.0390700 secs] 4383252K->4049563K(12541952K), 0.0394310 secs] [Times: user=0.30 sys=0.00, real=0.04 secs] 
2011-03-01T02:51:08.709+0000: 6570.100: [GC 6570.101: [ParNew: 337224K->10330K(368640K), 0.0289940 secs] 4377243K->4050349K(12541952K), 0.0353000 secs] [Times: user=0.21 sys=0.00, real=0.04 secs] 
2011-03-01T02:51:10.400+0000: 6571.792: [GC 6571.792: [ParNew: 338010K->40960K(368640K), 0.0370720 secs] 4378029K->4081082K(12541952K), 0.0374340 secs] [Times: user=0.31 sys=0.00, real=0.04 secs] 
2011-03-01T02:51:12.262+0000: 6573.653: [GC 6573.653: [ParNew: 368640K->10801K(368640K), 0.0434210 secs] 4408762K->4070637K(12541952K), 0.0437840 secs] [Times: user=0.33 sys=0.00, real=0.05 secs] 
2011-03-01T02:51:14.643+0000: 6576.034: [GC 6576.034: [ParNew: 338528K->20263K(368640K), 0.0321980 secs] 4398364K->4080098K(12541952K), 0.0388700 secs] [Times: user=0.25 sys=0.00, real=0.03 secs] 
2011-03-01T02:51:14.684+0000: 6576.075: [GC 6576.075: [ParNew: 20349K->24095K(368640K), 0.0309600 secs] 4080185K->4083931K(12541952K), 0.0312420 secs] [Times: user=0.22 sys=0.00, real=0.03 secs] 
2011-03-01T02:51:17.038+0000: 6578.430: [GC 6578.430: [ParNew: 351775K->39143K(368640K), 0.0368170 secs] 4411611K->4098979K(12541952K), 0.0371660 secs] [Times: user=0.32 sys=0.01, real=0.04 secs] 
2011-03-01T02:51:19.145+0000: 6580.536: [GC 6580.536: [ParNew: 366823K->15960K(368640K), 0.0464270 secs] 4426659K->4092967K(12541952K), 0.0467830 secs] [Times: user=0.32 sys=0.00, real=0.04 secs] 
2011-03-01T02:51:20.610+0000: 6582.001: [GC 6582.002: [ParNew: 343640K->29368K(368640K), 0.0347930 secs] 4420647K->4106375K(12541952K), 0.0352040 secs] [Times: user=0.30 sys=0.02, real=0.04 secs] 
2011-03-01T02:51:22.182+0000: 6583.573: [GC 6583.573: [ParNew: 357048K->11664K(368640K), 0.0436210 secs] 4434055K->4103488K(12541952K), 0.0439770 secs] [Times: user=0.35 sys=0.01, real=0.05 secs] 
2011-03-01T02:51:23.558+0000: 6584.949: [GC 6584.949: [ParNew: 339344K->30625K(368640K), 0.0347320 secs] 4431168K->4122449K(12541952K), 0.0350830 secs] [Times: user=0.25 sys=0.00, real=0.04 secs] 
2011-03-01T02:51:24.990+0000: 6586.381: [GC 6586.382: [ParNew: 358305K->21106K(368640K), 0.0420810 secs] 4450129K->4127408K(12541952K), 0.0479230 secs] [Times: user=0.32 sys=0.00, real=0.05 secs] 
2011-03-01T02:51:26.318+0000: 6587.710: [GC 6587.710: [ParNew: 348786K->40960K(368640K), 0.0350800 secs] 4455088K->4147261K(12541952K), 0.0355990 secs] [Times: user=0.28 sys=0.00, real=0.04 secs] 
2011-03-01T02:51:28.387+0000: 6589.779: [GC 6589.779: [ParNew: 368640K->7692K(368640K), 0.0418510 secs] 4474941K->4130534K(12541952K), 0.0423360 secs] [Times: user=0.32 sys=0.00, real=0.04 secs] 
2011-03-01T02:51:30.584+0000: 6591.975: [GC 6591.975: [ParNew: 335372K->34981K(368640K), 0.0328030 secs] 4458214K->4157823K(12541952K), 0.0332790 secs] [Times: user=0.25 sys=0.00, real=0.03 secs] 
2011-03-01T02:51:32.050+0000: 6593.441: [GC 6593.442: [ParNew: 362661K->9836K(368640K), 0.0429030 secs] 4485503K->4147096K(12541952K), 0.0433790 secs] [Times: user=0.31 sys=0.00, real=0.05 secs] 
2011-03-01T02:51:33.338+0000: 6594.729: [GC 6594.730: [ParNew: 337516K->38948K(368640K), 0.0349920 secs] 4474776K->4176208K(12541952K), 0.0354590 secs] [Times: user=0.26 sys=0.01, real=0.04 secs] 
2011-03-01T02:51:34.828+0000: 6596.219: [GC 6596.219: [ParNew: 365489K->9124K(368640K), 0.0413180 secs] 4502749K->4161188K(12541952K), 0.0417890 secs] [Times: user=0.32 sys=0.00, real=0.04 secs] 
2011-03-01T02:51:35.419+0000: 6596.810: [GC 6596.811: [ParNew: 336804K->40960K(368640K), 0.0490350 secs] 4488868K->4199194K(12541952K), 0.0495830 secs] [Times: user=0.32 sys=0.01, real=0.06 secs] 
2011-03-01T02:51:35.902+0000: 6597.293: [GC 6597.294: [ParNew: 368640K->36315K(368640K), 0.0811530 secs] 4526874K->4230356K(12541952K), 0.0816070 secs] [Times: user=0.62 sys=0.00, real=0.09 secs] 
2011-03-01T02:51:36.435+0000: 6597.827: [GC 6597.827: [ParNew: 363995K->40960K(368640K), 0.1182650 secs] 4558036K->4297609K(12541952K), 0.1187490 secs] [Times: user=0.75 sys=0.00, real=0.12 secs] 
2011-03-01T02:51:36.758+0000: 6598.149: [GC 6598.149: [ParNew: 368640K->40960K(368640K), 0.0726910 secs] 4625289K->4316134K(12541952K), 0.0732060 secs] [Times: user=0.51 sys=0.00, real=0.07 secs] 
2011-03-01T02:51:37.090+0000: 6598.481: [GC 6598.481: [ParNew: 368640K->37251K(368640K), 0.0487400 secs] 4643814K->4327091K(12541952K), 0.0493850 secs] [Times: user=0.38 sys=0.00, real=0.05 secs] 
2011-03-01T02:51:37.449+0000: 6598.840: [GC 6598.840: [ParNew: 364931K->39031K(368640K), 0.0480320 secs] 4654771K->4338814K(12541952K), 0.0485840 secs] [Times: user=0.34 sys=0.00, real=0.05 secs] 
2011-03-01T02:51:37.777+0000: 6599.168: [GC 6599.168: [ParNew: 366711K->30440K(368640K), 0.0434370 secs] 4666494K->4344623K(12541952K), 0.0439200 secs] [Times: user=0.31 sys=0.00, real=0.04 secs] 
2011-03-01T02:51:38.165+0000: 6599.557: [GC 6599.557: [ParNew: 358120K->40960K(368640K), 0.0452700 secs] 4672303K->4363173K(12541952K), 0.0457490 secs] [Times: user=0.32 sys=0.00, real=0.04 secs] 
2011-03-01T02:51:38.887+0000: 6600.278: [GC 6600.278: [ParNew: 368640K->31899K(368640K), 0.0359420 secs] 4690853K->4367810K(12541952K), 0.0364180 secs] [Times: user=0.24 sys=0.00, real=0.03 secs] 
2011-03-01T02:51:39.651+0000: 6601.042: [GC 6601.043: [ParNew: 359579K->38840K(368640K), 0.0266180 secs] 4695490K->4374751K(12541952K), 0.0270810 secs] [Times: user=0.22 sys=0.01, real=0.03 secs] 
2011-03-01T02:51:41.011+0000: 6602.402: [GC 6602.402: [ParNew: 366520K->10906K(368640K), 0.0330230 secs] 4702431K->4361877K(12541952K), 0.0335360 secs] [Times: user=0.25 sys=0.00, real=0.04 secs] 
2011-03-01T02:51:42.543+0000: 6603.934: [GC 6603.934: [ParNew: 338586K->35078K(368640K), 0.0258640 secs] 4689557K->4386050K(12541952K), 0.0263390 secs] [Times: user=0.21 sys=0.00, real=0.02 secs] 
2011-03-01T02:51:43.768+0000: 6605.159: [GC 6605.159: [ParNew: 362758K->11271K(368640K), 0.0331060 secs] 4713730K->4375390K(12541952K), 0.0335810 secs] [Times: user=0.24 sys=0.01, real=0.03 secs] 
2011-03-01T02:51:45.135+0000: 6606.527: [GC 6606.527: [ParNew: 338951K->25460K(368640K), 0.0249190 secs] 4703070K->4389579K(12541952K), 0.0254220 secs] [Times: user=0.17 sys=0.00, real=0.02 secs] 
2011-03-01T02:51:46.780+0000: 6608.171: [GC 6608.171: [ParNew: 353140K->40960K(368640K), 0.0310780 secs] 4717259K->4410997K(12541952K), 0.0315530 secs] [Times: user=0.24 sys=0.00, real=0.03 secs] 
2011-03-01T02:51:47.438+0000: 6608.830: [GC 6608.830: [ParNew: 368640K->32545K(368640K), 0.0464260 secs] 4738677K->4477567K(12541952K), 0.0469040 secs] [Times: user=0.38 sys=0.00, real=0.05 secs] 
2011-03-01T02:51:48.218+0000: 6609.609: [GC 6609.609: [ParNew: 360225K->18625K(368640K), 0.0371460 secs] 4805247K->4485645K(12541952K), 0.0376200 secs] [Times: user=0.28 sys=0.00, real=0.04 secs] 
2011-03-01T02:51:48.828+0000: 6610.219: [GC 6610.220: [ParNew: 346305K->27025K(368640K), 0.0340790 secs] 4813325K->4494045K(12541952K), 0.0345570 secs] [Times: user=0.26 sys=0.00, real=0.04 secs] 
2011-03-01T02:51:49.555+0000: 6610.946: [GC 6610.946: [ParNew: 354705K->14144K(368640K), 0.0422170 secs] 4821725K->4487513K(12541952K), 0.0426910 secs] [Times: user=0.32 sys=0.00, real=0.04 secs] 
2011-03-01T02:51:50.362+0000: 6611.753: [GC 6611.753: [ParNew: 341824K->19382K(368640K), 0.0346910 secs] 4815193K->4492751K(12541952K), 0.0351670 secs] [Times: user=0.29 sys=0.00, real=0.04 secs] 
2011-03-01T02:51:50.980+0000: 6612.372: [GC 6612.372: [ParNew: 347062K->37097K(368640K), 0.0550610 secs] 4820431K->4576002K(12541952K), 0.0555530 secs] [Times: user=0.43 sys=0.00, real=0.06 secs] 
2011-03-01T02:51:51.718+0000: 6613.109: [GC 6613.109: [ParNew: 364777K->30864K(368640K), 0.0492770 secs] 4903682K->4582860K(12541952K), 0.0497480 secs] [Times: user=0.37 sys=0.00, real=0.05 secs] 
2011-03-01T02:51:52.536+0000: 6613.927: [GC 6613.927: [ParNew: 358544K->25390K(368640K), 0.0375720 secs] 4910540K->4593915K(12541952K), 0.0380470 secs] [Times: user=0.25 sys=0.00, real=0.04 secs] 
2011-03-01T02:51:53.293+0000: 6614.684: [GC 6614.684: [ParNew: 353070K->26168K(368640K), 0.0397890 secs] 4921595K->4599037K(12541952K), 0.0402620 secs] [Times: user=0.26 sys=0.01, real=0.04 secs] 
2011-03-01T02:51:54.062+0000: 6615.453: [GC 6615.453: [ParNew: 353848K->18270K(368640K), 0.0383880 secs] 4926717K->4600192K(12541952K), 0.0388640 secs] [Times: user=0.32 sys=0.00, real=0.04 secs] 
2011-03-01T02:51:54.642+0000: 6616.033: [GC 6616.034: [ParNew: 345932K->20120K(368640K), 0.0339050 secs] 4927854K->4602042K(12541952K), 0.0343900 secs] [Times: user=0.27 sys=0.00, real=0.03 secs] 
2011-03-01T02:51:55.211+0000: 6616.602: [GC 6616.602: [ParNew: 347800K->26982K(368640K), 0.0422880 secs] 4929722K->4608904K(12541952K), 0.0427770 secs] [Times: user=0.30 sys=0.02, real=0.05 secs] 
2011-03-01T02:51:55.700+0000: 6617.091: [GC 6617.091: [ParNew: 354615K->38187K(368640K), 0.0476400 secs] 4936537K->4624736K(12541952K), 0.0481290 secs] [Times: user=0.39 sys=0.01, real=0.05 secs] 
2011-03-01T02:51:56.015+0000: 6617.407: [GC 6617.407: [ParNew: 365867K->40960K(368640K), 0.0643650 secs] 4952416K->4712355K(12541952K), 0.0648540 secs] [Times: user=0.46 sys=0.00, real=0.06 secs] 
2011-03-01T02:51:56.337+0000: 6617.728: [GC 6617.729: [ParNew: 368640K->29602K(368640K), 0.0465010 secs] 5040035K->4726411K(12541952K), 0.0469910 secs] [Times: user=0.32 sys=0.02, real=0.05 secs] 
2011-03-01T02:51:56.775+0000: 6618.166: [GC 6618.167: [ParNew: 357282K->13330K(368640K), 0.0369990 secs] 5054091K->4710139K(12541952K), 0.0374600 secs] [Times: user=0.16 sys=0.00, real=0.04 secs] 
2011-03-01T02:51:57.218+0000: 6618.609: [GC 6618.609: [ParNew: 340955K->16528K(368640K), 0.0253410 secs] 5037764K->4713337K(12541952K), 0.0258540 secs] [Times: user=0.19 sys=0.00, real=0.03 secs] 
2011-03-01T02:51:57.705+0000: 6619.096: [GC 6619.096: [ParNew: 344187K->22517K(368640K), 0.0307240 secs] 5040996K->4719326K(12541952K), 0.0312120 secs] [Times: user=0.23 sys=0.01, real=0.03 secs] 
2011-03-01T02:51:58.091+0000: 6619.482: [GC 6619.482: [ParNew: 350177K->23778K(368640K), 0.0374590 secs] 5046986K->4723990K(12541952K), 0.0379550 secs] [Times: user=0.33 sys=0.00, real=0.04 secs] 
2011-03-01T02:51:58.485+0000: 6619.876: [GC 6619.877: [ParNew: 351458K->34362K(368640K), 0.0362430 secs] 5051670K->4737728K(12541952K), 0.0367200 secs] [Times: user=0.24 sys=0.00, real=0.03 secs] 
2011-03-01T02:51:58.870+0000: 6620.261: [GC 6620.261: [ParNew: 362042K->39234K(368640K), 0.0439820 secs] 5065408K->4756037K(12541952K), 0.0444910 secs] [Times: user=0.33 sys=0.00, real=0.05 secs] 
2011-03-01T02:51:59.494+0000: 6620.885: [GC 6620.886: [ParNew: 366914K->15269K(368640K), 0.0315040 secs] 5083717K->4738618K(12541952K), 0.0319290 secs] [Times: user=0.24 sys=0.00, real=0.03 secs] 
2011-03-01T02:51:59.908+0000: 6621.299: [GC 6621.299: [ParNew: 342949K->21886K(368640K), 0.0316210 secs] 5066298K->4745235K(12541952K), 0.0319860 secs] [Times: user=0.24 sys=0.00, real=0.03 secs] 
2011-03-01T02:52:00.272+0000: 6621.664: [GC 6621.664: [ParNew: 349566K->25844K(368640K), 0.0351260 secs] 5072915K->4749193K(12541952K), 0.0356100 secs] [Times: user=0.26 sys=0.00, real=0.04 secs] 
2011-03-01T02:52:00.599+0000: 6621.990: [GC 6621.990: [ParNew: 353524K->37018K(368640K), 0.0438530 secs] 5076873K->4764143K(12541952K), 0.0443510 secs] [Times: user=0.31 sys=0.00, real=0.05 secs] 
2011-03-01T02:52:01.129+0000: 6622.520: [GC 6622.520: [ParNew: 364698K->25942K(368640K), 0.0527460 secs] 5091823K->4775900K(12541952K), 0.0532930 secs] [Times: user=0.40 sys=0.00, real=0.06 secs] 
2011-03-01T02:52:01.954+0000: 6623.346: [GC 6623.346: [ParNew: 353622K->27064K(368640K), 0.0348010 secs] 5103580K->4777023K(12541952K), 0.0353020 secs] [Times: user=0.24 sys=0.00, real=0.03 secs] 
2011-03-01T02:52:02.831+0000: 6624.222: [GC 6624.223: [ParNew: 354744K->10763K(368640K), 0.0372470 secs] 5104703K->4768395K(12541952K), 0.0377270 secs] [Times: user=0.30 sys=0.00, real=0.04 secs] 
2011-03-01T02:52:03.697+0000: 6625.089: [GC 6625.089: [ParNew: 338443K->21358K(368640K), 0.0321580 secs] 5096075K->4778991K(12541952K), 0.0326880 secs] [Times: user=0.25 sys=0.00, real=0.03 secs] 
2011-03-01T02:52:05.364+0000: 6626.755: [GC 6626.756: [ParNew: 349024K->40960K(368640K), 0.0428690 secs] 5106657K->4807769K(12541952K), 0.0433690 secs] [Times: user=0.31 sys=0.00, real=0.04 secs] 
2011-03-01T02:52:06.240+0000: 6627.631: [GC 6627.631: [ParNew: 368640K->22148K(368640K), 0.0433370 secs] 5135449K->4805141K(12541952K), 0.0437020 secs] [Times: user=0.33 sys=0.00, real=0.05 secs] 
2011-03-01T02:52:07.061+0000: 6628.452: [GC 6628.452: [ParNew: 349788K->24759K(368640K), 0.0309220 secs] 5132781K->4807752K(12541952K), 0.0312710 secs] [Times: user=0.23 sys=0.00, real=0.03 secs] 
2011-03-01T02:52:07.960+0000: 6629.351: [GC 6629.351: [ParNew: 352439K->11047K(368640K), 0.0353200 secs] 5135432K->4800152K(12541952K), 0.0356720 secs] [Times: user=0.28 sys=0.00, real=0.04 secs] 
2011-03-01T02:52:08.805+0000: 6630.197: [GC 6630.197: [ParNew: 338672K->23478K(368640K), 0.0340410 secs] 5127777K->4812583K(12541952K), 0.0343930 secs] [Times: user=0.24 sys=0.00, real=0.03 secs] 
2011-03-01T02:52:09.554+0000: 6630.945: [GC 6630.946: [ParNew: 351158K->40960K(368640K), 0.0422500 secs] 5140263K->4838428K(12541952K), 0.0426080 secs] [Times: user=0.32 sys=0.01, real=0.04 secs] 
2011-03-01T02:52:10.279+0000: 6631.670: [GC 6631.670: [ParNew: 368640K->34060K(368640K), 0.0440590 secs] 5166108K->4841967K(12541952K), 0.0444210 secs] [Times: user=0.32 sys=0.00, real=0.05 secs] 
2011-03-01T02:52:10.981+0000: 6632.373: [GC 6632.373: [ParNew: 361740K->21137K(368640K), 0.0635470 secs] 5169647K->4848535K(12541952K), 0.0639090 secs] [Times: user=0.50 sys=0.00, real=0.07 secs] 
2011-03-01T02:52:11.938+0000: 6633.329: [GC 6633.329: [ParNew: 348817K->35048K(368640K), 0.0297400 secs] 5176215K->4862446K(12541952K), 0.0300930 secs] [Times: user=0.24 sys=0.00, real=0.03 secs] 
2011-03-01T02:52:12.938+0000: 6634.329: [GC 6634.329: [ParNew: 362728K->29300K(368640K), 0.0312980 secs] 5190126K->4862139K(12541952K), 0.0316480 secs] [Times: user=0.24 sys=0.00, real=0.03 secs] 
2011-03-01T02:52:13.928+0000: 6635.320: [GC 6635.320: [ParNew: 356980K->16180K(368640K), 0.0368300 secs] 5189819K->4853870K(12541952K), 0.0371820 secs] [Times: user=0.31 sys=0.00, real=0.04 secs] 
2011-03-01T02:52:14.806+0000: 6636.197: [GC 6636.198: [ParNew: 343860K->30068K(368640K), 0.0339930 secs] 5181550K->4867758K(12541952K), 0.0344900 secs] [Times: user=0.24 sys=0.00, real=0.03 secs] 
2011-03-01T02:52:15.804+0000: 6637.195: [GC 6637.195: [ParNew: 357748K->32440K(368640K), 0.0441150 secs] 5195438K->4877477K(12541952K), 0.0445890 secs] [Times: user=0.33 sys=0.01, real=0.04 secs] 
2011-03-01T02:52:17.573+0000: 6638.964: [GC 6638.964: [ParNew: 360120K->27766K(368640K), 0.0409670 secs] 5205157K->4881690K(12541952K), 0.0414450 secs] [Times: user=0.30 sys=0.00, real=0.04 secs] 
2011-03-01T02:52:19.184+0000: 6640.575: [GC 6640.575: [ParNew: 355446K->39716K(368640K), 0.0442720 secs] 5209370K->4899432K(12541952K), 0.0447450 secs] [Times: user=0.32 sys=0.00, real=0.04 secs] 
2011-03-01T02:52:20.446+0000: 6641.837: [GC 6641.837: [ParNew: 367396K->23216K(368640K), 0.0567010 secs] 5227112K->4903964K(12541952K), 0.0571810 secs] [Times: user=0.40 sys=0.00, real=0.06 secs] 
2011-03-01T02:52:21.883+0000: 6643.274: [GC 6643.275: [ParNew: 350896K->34749K(368640K), 0.0502950 secs] 5231644K->4929672K(12541952K), 0.0507790 secs] [Times: user=0.35 sys=0.00, real=0.05 secs] 
2011-03-01T02:52:23.114+0000: 6644.506: [GC 6644.506: [ParNew: 362429K->26861K(368640K), 0.0471910 secs] 5257352K->4936678K(12541952K), 0.0476630 secs] [Times: user=0.32 sys=0.00, real=0.05 secs] 
2011-03-01T02:52:24.481+0000: 6645.872: [GC 6645.872: [ParNew: 354541K->20386K(368640K), 0.0477190 secs] 5264358K->4943728K(12541952K), 0.0481900 secs] [Times: user=0.39 sys=0.00, real=0.05 secs] 
2011-03-01T02:52:26.724+0000: 6648.115: [GC 6648.115: [ParNew: 348066K->40960K(368640K), 0.0398500 secs] 5271408K->4965315K(12541952K), 0.0403470 secs] [Times: user=0.27 sys=0.00, real=0.04 secs] 
2011-03-01T02:52:29.385+0000: 6650.776: [GC 6650.776: [ParNew: 368640K->25125K(368640K), 0.0512380 secs] 5292995K->4972673K(12541952K), 0.0517100 secs] [Times: user=0.33 sys=0.00, real=0.05 secs] 
2011-03-01T02:52:31.230+0000: 6652.621: [GC 6652.621: [ParNew: 352805K->40960K(368640K), 0.0459420 secs] 5300353K->4997234K(12541952K), 0.0464160 secs] [Times: user=0.33 sys=0.01, real=0.05 secs] 
2011-03-01T02:52:32.476+0000: 6653.868: [GC 6653.868: [ParNew: 368640K->40960K(368640K), 0.0440990 secs] 5324914K->5015524K(12541952K), 0.0445730 secs] [Times: user=0.32 sys=0.00, real=0.04 secs] 
2011-03-01T02:52:34.017+0000: 6655.408: [GC 6655.408: [ParNew: 368640K->22616K(368640K), 0.0394390 secs] 5343204K->5011100K(12541952K), 0.0399140 secs] [Times: user=0.27 sys=0.00, real=0.04 secs] 
2011-03-01T02:52:35.278+0000: 6656.669: [GC 6656.669: [ParNew: 350296K->40960K(368640K), 0.0514620 secs] 5338780K->5042279K(12541952K), 0.0519400 secs] [Times: user=0.39 sys=0.00, real=0.05 secs] 
2011-03-01T02:52:35.806+0000: 6657.197: [GC 6657.198: [ParNew: 368640K->25915K(368640K), 0.0503570 secs] 5370005K->5046877K(12541952K), 0.0508270 secs] [Times: user=0.34 sys=0.01, real=0.05 secs] 
2011-03-01T02:52:35.860+0000: 6657.251: [GC 6657.252: [ParNew: 26186K->29495K(368640K), 0.0278830 secs] 5047148K->5050457K(12541952K), 0.0282930 secs] [Times: user=0.24 sys=0.00, real=0.03 secs] 
2011-03-01T02:52:36.265+0000: 6657.656: [GC 6657.656: [ParNew: 357175K->40960K(368640K), 0.0416610 secs] 5378137K->5063893K(12541952K), 0.0421450 secs] [Times: user=0.32 sys=0.00, real=0.04 secs] 
2011-03-01T02:52:36.638+0000: 6658.029: [GC 6658.029: [ParNew: 368640K->40960K(368640K), 0.0711730 secs] 5391573K->5097316K(12541952K), 0.0715320 secs] [Times: user=0.49 sys=0.00, real=0.07 secs] 
2011-03-01T02:52:36.891+0000: 6658.282: [GC 6658.283: [ParNew: 368640K->40960K(368640K), 0.0698470 secs] 5424996K->5190589K(12541952K), 0.0702060 secs] [Times: user=0.57 sys=0.00, real=0.07 secs] 
2011-03-01T02:52:37.258+0000: 6658.649: [GC 6658.649: [ParNew: 368640K->40960K(368640K), 0.0531370 secs] 5518269K->5206901K(12541952K), 0.0534960 secs] [Times: user=0.37 sys=0.01, real=0.05 secs] 
2011-03-01T02:52:37.563+0000: 6658.954: [GC 6658.955: [ParNew: 368640K->40960K(368640K), 0.0627320 secs] 5534581K->5224628K(12541952K), 0.0630910 secs] [Times: user=0.42 sys=0.00, real=0.06 secs] 
2011-03-01T02:52:37.858+0000: 6659.249: [GC 6659.250: [ParNew: 368640K->40960K(368640K), 0.0725470 secs] 5552308K->5250773K(12541952K), 0.0729020 secs] [Times: user=0.56 sys=0.00, real=0.07 secs] 
2011-03-01T02:52:38.159+0000: 6659.550: [GC 6659.550: [ParNew: 368640K->40960K(368640K), 0.0599410 secs] 5578453K->5266369K(12541952K), 0.0603770 secs] [Times: user=0.44 sys=0.00, real=0.06 secs] 
2011-03-01T02:52:38.541+0000: 6659.933: [GC 6659.933: [ParNew: 368640K->40960K(368640K), 0.0583230 secs] 5594049K->5283856K(12541952K), 0.0586810 secs] [Times: user=0.45 sys=0.02, real=0.06 secs] 
2011-03-01T02:52:38.909+0000: 6660.300: [GC 6660.300: [ParNew: 368640K->37146K(368640K), 0.0489030 secs] 5611536K->5293365K(12541952K), 0.0492590 secs] [Times: user=0.38 sys=0.00, real=0.05 secs] 
2011-03-01T02:52:39.425+0000: 6660.816: [GC 6660.816: [ParNew: 364826K->38369K(368640K), 0.0434040 secs] 5621045K->5305999K(12541952K), 0.0437580 secs] [Times: user=0.32 sys=0.00, real=0.04 secs] 
2011-03-01T02:52:39.979+0000: 6661.371: [GC 6661.371: [ParNew: 366049K->19164K(368640K), 0.0460310 secs] 5633679K->5303213K(12541952K), 0.0463910 secs] [Times: user=0.34 sys=0.00, real=0.05 secs] 
2011-03-01T02:52:40.680+0000: 6662.072: [GC 6662.072: [ParNew: 346763K->35127K(368640K), 0.0336570 secs] 5630813K->5319176K(12541952K), 0.0340060 secs] [Times: user=0.27 sys=0.01, real=0.04 secs] 
2011-03-01T02:52:41.332+0000: 6662.723: [GC 6662.723: [ParNew: 362807K->19625K(368640K), 0.0449930 secs] 5646856K->5313464K(12541952K), 0.0453470 secs] [Times: user=0.36 sys=0.00, real=0.05 secs] 
2011-03-01T02:52:41.902+0000: 6663.293: [GC 6663.293: [ParNew: 347305K->40960K(368640K), 0.0454250 secs] 5641144K->5342596K(12541952K), 0.0457820 secs] [Times: user=0.37 sys=0.01, real=0.05 secs] 
2011-03-01T02:52:42.682+0000: 6664.074: [GC 6664.074: [ParNew: 368640K->40960K(368640K), 0.0928030 secs] 5670276K->5384411K(12541952K), 0.0931620 secs] [Times: user=0.70 sys=0.01, real=0.09 secs] 
2011-03-01T02:52:48.945+0000: 6670.336: [GC 6670.337: [ParNew: 368640K->40960K(368640K), 0.0590110 secs] 5712091K->5397284K(12541952K), 0.0593740 secs] [Times: user=0.40 sys=0.01, real=0.06 secs] 
2011-03-01T02:52:49.256+0000: 6670.648: [GC 6670.648: [ParNew: 368640K->40960K(368640K), 0.0527020 secs] 5724964K->5414203K(12541952K), 0.0530590 secs] [Times: user=0.40 sys=0.00, real=0.05 secs] 
2011-03-01T02:52:49.592+0000: 6670.983: [GC 6670.983: [ParNew: 368640K->40960K(368640K), 0.0503560 secs] 5741883K->5430810K(12541952K), 0.0508440 secs] [Times: user=0.38 sys=0.01, real=0.06 secs] 
2011-03-01T02:52:49.989+0000: 6671.380: [GC 6671.380: [ParNew: 368640K->36301K(368640K), 0.0478230 secs] 5758490K->5443468K(12541952K), 0.0483050 secs] [Times: user=0.33 sys=0.01, real=0.05 secs] 
2011-03-01T02:52:52.062+0000: 6673.453: [GC 6673.454: [ParNew: 363981K->26307K(368640K), 0.0391590 secs] 5771148K->5447163K(12541952K), 0.0396360 secs] [Times: user=0.28 sys=0.00, real=0.03 secs] 
2011-03-01T02:52:54.248+0000: 6675.640: [GC 6675.640: [ParNew: 353987K->22820K(368640K), 0.0358320 secs] 5774843K->5454212K(12541952K), 0.0363410 secs] [Times: user=0.23 sys=0.01, real=0.04 secs] 
2011-03-01T02:52:54.872+0000: 6676.263: [GC 6676.264: [ParNew: 350500K->33251K(368640K), 0.0269450 secs] 5781892K->5464643K(12541952K), 0.0274560 secs] [Times: user=0.20 sys=0.00, real=0.03 secs] 
2011-03-01T02:52:55.368+0000: 6676.759: [GC 6676.759: [ParNew: 360878K->17286K(368640K), 0.0391630 secs] 5792270K->5459619K(12541952K), 0.0396600 secs] [Times: user=0.31 sys=0.00, real=0.04 secs] 
2011-03-01T02:52:55.912+0000: 6677.304: [GC 6677.304: [ParNew: 344963K->38811K(368640K), 0.0353340 secs] 5787296K->5481144K(12541952K), 0.0357920 secs] [Times: user=0.27 sys=0.00, real=0.03 secs] 
2011-03-01T02:52:56.477+0000: 6677.868: [GC 6677.868: [ParNew: 366491K->28124K(368640K), 0.0421250 secs] 5808824K->5479395K(12541952K), 0.0424930 secs] [Times: user=0.32 sys=0.00, real=0.04 secs] 
2011-03-01T02:52:57.009+0000: 6678.400: [GC 6678.403: [ParNew: 355804K->12996K(368640K), 0.0357590 secs] 5807075K->5471276K(12541952K), 0.0361470 secs] [Times: user=0.31 sys=0.00, real=0.04 secs] 
2011-03-01T02:52:57.730+0000: 6679.121: [GC 6679.122: [ParNew: 340676K->27757K(368640K), 0.0309850 secs] 5798956K->5486037K(12541952K), 0.0314790 secs] [Times: user=0.24 sys=0.00, real=0.03 secs] 
2011-03-01T02:52:58.311+0000: 6679.702: [GC 6679.702: [ParNew: 355423K->28682K(368640K), 0.0380680 secs] 5813702K->5489812K(12541952K), 0.0385630 secs] [Times: user=0.31 sys=0.00, real=0.04 secs] 
2011-03-01T02:52:58.824+0000: 6680.215: [GC 6680.216: [ParNew: 356362K->40960K(368640K), 0.0410040 secs] 5817492K->5506049K(12541952K), 0.0414900 secs] [Times: user=0.31 sys=0.00, real=0.04 secs] 
2011-03-01T02:52:59.440+0000: 6680.831: [GC 6680.831: [ParNew: 368640K->13768K(368640K), 0.0422230 secs] 5833729K->5495439K(12541952K), 0.0427170 secs] [Times: user=0.32 sys=0.00, real=0.05 secs] 
2011-03-01T02:53:00.131+0000: 6681.522: [GC 6681.522: [ParNew: 341448K->23138K(368640K), 0.0323360 secs] 5823119K->5504809K(12541952K), 0.0328310 secs] [Times: user=0.26 sys=0.00, real=0.04 secs] 
2011-03-01T02:53:00.610+0000: 6682.002: [GC 6682.002: [ParNew: 350818K->36953K(368640K), 0.0285220 secs] 5832489K->5518623K(12541952K), 0.0290100 secs] [Times: user=0.24 sys=0.00, real=0.03 secs] 
2011-03-01T02:53:02.069+0000: 6683.460: [GC 6683.460: [ParNew: 364633K->37481K(368640K), 0.0382760 secs] 5846303K->5528783K(12541952K), 0.0387670 secs] [Times: user=0.29 sys=0.00, real=0.04 secs] 
2011-03-01T02:53:04.350+0000: 6685.741: [GC 6685.741: [ParNew: 365161K->40960K(368640K), 0.0466690 secs] 5856463K->5542666K(12541952K), 0.0471560 secs] [Times: user=0.37 sys=0.00, real=0.05 secs] 
2011-03-01T02:53:06.179+0000: 6687.570: [GC 6687.571: [ParNew: 368640K->12633K(368640K), 0.0480240 secs] 5870346K->5534733K(12541952K), 0.0485160 secs] [Times: user=0.37 sys=0.00, real=0.05 secs] 
2011-03-01T02:53:08.041+0000: 6689.433: [GC 6689.433: [ParNew: 340313K->26548K(368640K), 0.0337110 secs] 5862413K->5548648K(12541952K), 0.0341980 secs] [Times: user=0.27 sys=0.01, real=0.04 secs] 
2011-03-01T02:53:10.002+0000: 6691.393: [GC 6691.394: [ParNew: 354228K->31622K(368640K), 0.0436130 secs] 5876328K->5559820K(12541952K), 0.0441120 secs] [Times: user=0.33 sys=0.00, real=0.05 secs] 
2011-03-01T02:53:11.964+0000: 6693.355: [GC 6693.356: [ParNew: 359302K->25945K(368640K), 0.0538860 secs] 5887500K->5561870K(12541952K), 0.0543760 secs] [Times: user=0.33 sys=0.01, real=0.05 secs] 
2011-03-01T02:53:14.153+0000: 6695.544: [GC 6695.545: [ParNew: 353625K->38449K(368640K), 0.0444630 secs] 5889550K->5584040K(12541952K), 0.0449680 secs] [Times: user=0.35 sys=0.00, real=0.04 secs] 
2011-03-01T02:53:16.463+0000: 6697.855: [GC 6697.855: [ParNew: 366129K->17087K(368640K), 0.0470450 secs] 5911720K->5580232K(12541952K), 0.0475240 secs] [Times: user=0.33 sys=0.00, real=0.04 secs] 
2011-03-01T02:53:18.538+0000: 6699.929: [GC 6699.930: [ParNew: 344767K->28852K(368640K), 0.0449830 secs] 5907912K->5591997K(12541952K), 0.0455370 secs] [Times: user=0.34 sys=0.00, real=0.05 secs] 
2011-03-01T02:53:20.055+0000: 6701.447: [GC 6701.447: [ParNew: 356532K->40960K(368640K), 0.0538340 secs] 5919677K->5610677K(12541952K), 0.0543660 secs] [Times: user=0.38 sys=0.00, real=0.05 secs] 
2011-03-01T02:53:21.176+0000: 6702.567: [GC 6702.568: [ParNew: 368640K->24687K(368640K), 0.0473950 secs] 5938357K->5607152K(12541952K), 0.0478810 secs] [Times: user=0.33 sys=0.00, real=0.05 secs] 
2011-03-01T02:53:22.822+0000: 6704.213: [GC 6704.213: [ParNew: 352367K->28679K(368640K), 0.0410110 secs] 5934832K->5619725K(12541952K), 0.0415410 secs] [Times: user=0.28 sys=0.01, real=0.05 secs] 
2011-03-01T02:53:23.994+0000: 6705.385: [GC 6705.385: [ParNew: 356359K->28168K(368640K), 0.0442370 secs] 5947405K->5639588K(12541952K), 0.0447510 secs] [Times: user=0.33 sys=0.01, real=0.04 secs] 
2011-03-01T02:53:25.666+0000: 6707.057: [GC 6707.057: [ParNew: 355848K->17749K(368640K), 0.0403580 secs] 5967268K->5642256K(12541952K), 0.0408370 secs] [Times: user=0.31 sys=0.00, real=0.04 secs] 
2011-03-01T02:53:28.020+0000: 6709.412: [GC 6709.412: [ParNew: 345429K->32794K(368640K), 0.0367650 secs] 5969936K->5657302K(12541952K), 0.0372660 secs] [Times: user=0.32 sys=0.00, real=0.04 secs] 
2011-03-01T02:53:30.088+0000: 6711.480: [GC 6711.480: [ParNew: 360474K->35820K(368640K), 0.0508280 secs] 5984982K->5677447K(12541952K), 0.0511890 secs] [Times: user=0.40 sys=0.00, real=0.05 secs] 
2011-03-01T02:53:31.570+0000: 6712.961: [GC 6712.961: [ParNew: 363511K->14729K(368640K), 0.0441460 secs] 6005138K->5684810K(12541952K), 0.0444970 secs] [Times: user=0.33 sys=0.00, real=0.05 secs] 
2011-03-01T02:53:31.617+0000: 6713.008: [GC 6713.008: [ParNew: 15662K->23086K(368640K), 0.0318390 secs] 5685743K->5693166K(12541952K), 0.0321340 secs] [Times: user=0.24 sys=0.00, real=0.03 secs] 
2011-03-01T02:53:33.040+0000: 6714.431: [GC 6714.431: [ParNew: 350766K->23246K(368640K), 0.0434660 secs] 6020846K->5702404K(12541952K), 0.0438260 secs] [Times: user=0.32 sys=0.00, real=0.05 secs] 
2011-03-01T02:53:34.211+0000: 6715.602: [GC 6715.602: [ParNew: 350926K->27315K(368640K), 0.0419140 secs] 6030084K->5717335K(12541952K), 0.0422680 secs] [Times: user=0.31 sys=0.00, real=0.05 secs] 
2011-03-01T02:53:35.207+0000: 6716.598: [GC 6716.598: [ParNew: 354995K->40960K(368640K), 0.0459240 secs] 6045015K->5741614K(12541952K), 0.0462800 secs] [Times: user=0.31 sys=0.01, real=0.05 secs] 
2011-03-01T02:53:35.815+0000: 6717.207: [GC 6717.207: [ParNew: 368640K->33508K(368640K), 0.0493020 secs] 6069294K->5749948K(12541952K), 0.0496590 secs] [Times: user=0.33 sys=0.00, real=0.05 secs] 
2011-03-01T02:53:36.186+0000: 6717.577: [GC 6717.577: [ParNew: 361188K->40057K(368640K), 0.0552720 secs] 6077628K->5769548K(12541952K), 0.0556320 secs] [Times: user=0.38 sys=0.00, real=0.05 secs] 
2011-03-01T02:53:36.449+0000: 6717.840: [GC 6717.841: [ParNew: 367737K->40960K(368640K), 0.0595060 secs] 6097228K->5786485K(12541952K), 0.0599750 secs] [Times: user=0.48 sys=0.00, real=0.06 secs] 
2011-03-01T02:53:36.857+0000: 6718.248: [GC 6718.249: [ParNew: 368640K->34251K(368640K), 0.0578090 secs] 6114165K->5796023K(12541952K), 0.0582790 secs] [Times: user=0.40 sys=0.00, real=0.06 secs] 
2011-03-01T02:53:37.216+0000: 6718.607: [GC 6718.608: [ParNew: 361931K->40960K(368640K), 0.0621700 secs] 6123703K->5812665K(12541952K), 0.0627220 secs] [Times: user=0.41 sys=0.00, real=0.06 secs] 
2011-03-01T02:53:37.466+0000: 6718.857: [GC 6718.857: [ParNew: 368640K->40960K(368640K), 0.0588920 secs] 6140345K->5828341K(12541952K), 0.0593760 secs] [Times: user=0.40 sys=0.00, real=0.06 secs] 
2011-03-01T02:53:37.787+0000: 6719.179: [GC 6719.179: [ParNew: 368640K->40960K(368640K), 0.0836430 secs] 6156021K->5851394K(12541952K), 0.0841470 secs] [Times: user=0.60 sys=0.00, real=0.08 secs] 
2011-03-01T02:53:38.158+0000: 6719.549: [GC 6719.549: [ParNew: 368640K->40960K(368640K), 0.0757860 secs] 6179074K->5873522K(12541952K), 0.0761450 secs] [Times: user=0.55 sys=0.01, real=0.07 secs] 
2011-03-01T02:53:38.925+0000: 6720.316: [GC 6720.316: [ParNew: 368640K->39285K(368640K), 0.0350730 secs] 6201202K->5878104K(12541952K), 0.0354280 secs] [Times: user=0.25 sys=0.00, real=0.03 secs] 
2011-03-01T02:53:40.062+0000: 6721.454: [GC 6721.454: [ParNew: 366965K->35936K(368640K), 0.0428640 secs] 6205784K->5886573K(12541952K), 0.0432180 secs] [Times: user=0.32 sys=0.00, real=0.04 secs] 
2011-03-01T02:53:41.590+0000: 6722.981: [GC 6722.982: [ParNew: 363616K->15533K(368640K), 0.0379240 secs] 6214253K->5872655K(12541952K), 0.0382770 secs] [Times: user=0.32 sys=0.00, real=0.04 secs] 
2011-03-01T02:53:42.736+0000: 6724.127: [GC 6724.127: [ParNew: 343213K->40960K(368640K), 0.0341750 secs] 6200335K->5902404K(12541952K), 0.0345520 secs] [Times: user=0.24 sys=0.00, real=0.03 secs] 
2011-03-01T02:53:44.207+0000: 6725.598: [GC 6725.598: [ParNew: 368640K->37526K(368640K), 0.0443860 secs] 6230084K->5907286K(12541952K), 0.0447350 secs] [Times: user=0.32 sys=0.00, real=0.04 secs] 
2011-03-01T02:53:45.662+0000: 6727.053: [GC 6727.053: [ParNew: 365206K->18690K(368640K), 0.0487640 secs] 6234966K->5906250K(12541952K), 0.0491270 secs] [Times: user=0.38 sys=0.00, real=0.05 secs] 
2011-03-01T02:53:46.762+0000: 6728.154: [GC 6728.154: [ParNew: 346370K->40960K(368640K), 0.0291660 secs] 6233930K->5928675K(12541952K), 0.0295220 secs] [Times: user=0.21 sys=0.01, real=0.02 secs] 
2011-03-01T02:53:48.173+0000: 6729.564: [GC 6729.564: [ParNew: 368598K->39977K(368640K), 0.0351700 secs] 6256313K->5934878K(12541952K), 0.0356570 secs] [Times: user=0.27 sys=0.01, real=0.03 secs] 
2011-03-01T02:53:50.329+0000: 6731.720: [GC 6731.721: [ParNew: 367657K->35844K(368640K), 0.0341430 secs] 6262558K->5939410K(12541952K), 0.0346400 secs] [Times: user=0.25 sys=0.00, real=0.04 secs] 
2011-03-01T02:53:52.910+0000: 6734.301: [GC 6734.301: [ParNew: 363524K->26726K(368640K), 0.0333900 secs] 6267090K->5936623K(12541952K), 0.0338830 secs] [Times: user=0.25 sys=0.00, real=0.04 secs] 
2011-03-01T02:53:54.366+0000: 6735.757: [GC 6735.758: [ParNew: 354369K->36033K(368640K), 0.0347270 secs] 6264266K->5954018K(12541952K), 0.0352390 secs] [Times: user=0.24 sys=0.00, real=0.03 secs] 
2011-03-01T02:53:55.006+0000: 6736.397: [GC 6736.397: [ParNew: 363694K->14175K(368640K), 0.0344280 secs] 6281679K->5948241K(12541952K), 0.0349410 secs] [Times: user=0.23 sys=0.00, real=0.03 secs] 
2011-03-01T02:53:55.591+0000: 6736.983: [GC 6736.983: [ParNew: 341845K->7581K(368640K), 0.0227190 secs] 6275910K->5941646K(12541952K), 0.0231400 secs] [Times: user=0.20 sys=0.00, real=0.03 secs] 
2011-03-01T02:53:56.072+0000: 6737.463: [GC 6737.463: [ParNew: 335261K->18993K(368640K), 0.0284660 secs] 6269326K->5953059K(12541952K), 0.0288290 secs] [Times: user=0.20 sys=0.01, real=0.03 secs] 
2011-03-01T02:53:56.638+0000: 6738.029: [GC 6738.030: [ParNew: 346673K->34998K(368640K), 0.0324550 secs] 6280739K->5969064K(12541952K), 0.0328170 secs] [Times: user=0.23 sys=0.00, real=0.03 secs] 
2011-03-01T02:53:57.276+0000: 6738.667: [GC 6738.667: [ParNew: 362678K->19958K(368640K), 0.0361650 secs] 6296744K->5962142K(12541952K), 0.0365300 secs] [Times: user=0.24 sys=0.00, real=0.04 secs] 
2011-03-01T02:53:57.916+0000: 6739.307: [GC 6739.307: [ParNew: 347638K->40065K(368640K), 0.0311760 secs] 6289822K->5982250K(12541952K), 0.0315450 secs] [Times: user=0.24 sys=0.00, real=0.03 secs] 
2011-03-01T02:53:58.486+0000: 6739.877: [GC 6739.877: [ParNew: 367687K->13492K(368640K), 0.0346870 secs] 6309871K->5961776K(12541952K), 0.0350440 secs] [Times: user=0.24 sys=0.00, real=0.03 secs] 
2011-03-01T02:53:59.091+0000: 6740.482: [GC 6740.483: [ParNew: 341172K->40960K(368640K), 0.0611870 secs] 6289456K->6005762K(12541952K), 0.0615500 secs] [Times: user=0.47 sys=0.01, real=0.07 secs] 
2011-03-01T02:53:59.694+0000: 6741.085: [GC 6741.085: [ParNew: 368624K->11209K(368640K), 0.0417690 secs] 6333426K->5994456K(12541952K), 0.0422650 secs] [Times: user=0.29 sys=0.01, real=0.04 secs] 
2011-03-01T02:54:00.403+0000: 6741.794: [GC 6741.794: [ParNew: 338889K->10317K(368640K), 0.0296140 secs] 6322136K->5993563K(12541952K), 0.0301040 secs] [Times: user=0.20 sys=0.00, real=0.02 secs] 
2011-03-01T02:54:00.923+0000: 6742.314: [GC 6742.314: [ParNew: 337997K->37068K(368640K), 0.0340740 secs] 6321243K->6020314K(12541952K), 0.0345690 secs] [Times: user=0.29 sys=0.00, real=0.03 secs] 
2011-03-01T02:54:02.208+0000: 6743.599: [GC 6743.599: [ParNew: 364748K->8963K(368640K), 0.0420520 secs] 6347994K->6007200K(12541952K), 0.0425460 secs] [Times: user=0.32 sys=0.01, real=0.04 secs] 
2011-03-01T02:54:04.497+0000: 6745.888: [GC 6745.888: [ParNew: 336643K->35221K(368640K), 0.0319210 secs] 6334880K->6033458K(12541952K), 0.0458640 secs] [Times: user=0.24 sys=0.01, real=0.05 secs] 
2011-03-01T02:54:06.643+0000: 6748.034: [GC 6748.034: [ParNew: 362901K->11001K(368640K), 0.0461960 secs] 6361138K->6023484K(12541952K), 0.0466860 secs] [Times: user=0.37 sys=0.00, real=0.04 secs] 
2011-03-01T02:54:08.495+0000: 6749.886: [GC 6749.887: [ParNew: 338681K->11838K(368640K), 0.0332670 secs] 6351164K->6024322K(12541952K), 0.0337650 secs] [Times: user=0.24 sys=0.00, real=0.03 secs] 
2011-03-01T02:54:10.224+0000: 6751.616: [GC 6751.616: [ParNew: 339486K->40960K(368640K), 0.0398640 secs] 6351969K->6053443K(12541952K), 0.0403510 secs] [Times: user=0.30 sys=0.00, real=0.04 secs] 
2011-03-01T02:54:12.097+0000: 6753.489: [GC 6753.489: [ParNew: 368640K->11984K(368640K), 0.0450570 secs] 6381123K->6043841K(12541952K), 0.0455460 secs] [Times: user=0.33 sys=0.00, real=0.05 secs] 
2011-03-01T02:54:14.395+0000: 6755.786: [GC 6755.786: [ParNew: 339664K->19361K(368640K), 0.0300430 secs] 6371521K->6051217K(12541952K), 0.0305140 secs] [Times: user=0.23 sys=0.00, real=0.03 secs] 
2011-03-01T02:54:16.735+0000: 6758.126: [GC 6758.127: [ParNew: 347041K->32413K(368640K), 0.0407070 secs] 6378897K->6064270K(12541952K), 0.0411180 secs] [Times: user=0.32 sys=0.00, real=0.04 secs] 
2011-03-01T02:54:18.780+0000: 6760.171: [GC 6760.172: [ParNew: 360093K->22655K(368640K), 0.0451480 secs] 6391950K->6065413K(12541952K), 0.0455160 secs] [Times: user=0.34 sys=0.00, real=0.05 secs] 
2011-03-01T02:54:20.288+0000: 6761.679: [GC 6761.679: [ParNew: 350335K->40192K(368640K), 0.0382290 secs] 6393093K->6082950K(12541952K), 0.0385780 secs] [Times: user=0.32 sys=0.00, real=0.04 secs] 
2011-03-01T02:54:21.508+0000: 6762.899: [GC 6762.899: [ParNew: 367872K->31814K(368640K), 0.0466880 secs] 6410630K->6084513K(12541952K), 0.0470430 secs] [Times: user=0.33 sys=0.00, real=0.05 secs] 
2011-03-01T02:54:22.924+0000: 6764.316: [GC 6764.316: [ParNew: 359494K->28806K(368640K), 0.0416590 secs] 6412193K->6091734K(12541952K), 0.0420070 secs] [Times: user=0.30 sys=0.00, real=0.04 secs] 
2011-03-01T02:54:24.183+0000: 6765.574: [GC 6765.574: [ParNew: 356486K->33396K(368640K), 0.0412830 secs] 6419414K->6102569K(12541952K), 0.0416470 secs] [Times: user=0.32 sys=0.01, real=0.04 secs] 
2011-03-01T02:54:26.147+0000: 6767.538: [GC 6767.538: [ParNew: 361076K->40960K(368640K), 0.0425380 secs] 6430249K->6120282K(12541952K), 0.0428850 secs] [Times: user=0.32 sys=0.00, real=0.04 secs] 
2011-03-01T02:54:28.350+0000: 6769.741: [GC 6769.741: [ParNew: 368640K->9081K(368640K), 0.0425290 secs] 6447962K->6102774K(12541952K), 0.0428820 secs] [Times: user=0.32 sys=0.00, real=0.05 secs] 
2011-03-01T02:54:30.442+0000: 6771.833: [GC 6771.834: [ParNew: 336761K->27299K(368640K), 0.0359330 secs] 6430454K->6120992K(12541952K), 0.0362880 secs] [Times: user=0.29 sys=0.01, real=0.03 secs] 
2011-03-01T02:54:31.856+0000: 6773.247: [GC 6773.248: [ParNew: 354979K->10506K(368640K), 0.0425840 secs] 6448672K->6118078K(12541952K), 0.0430670 secs] [Times: user=0.32 sys=0.00, real=0.04 secs] 
2011-03-01T02:54:33.173+0000: 6774.564: [GC 6774.564: [ParNew: 338186K->24824K(368640K), 0.0349860 secs] 6445758K->6132395K(12541952K), 0.0353590 secs] [Times: user=0.28 sys=0.00, real=0.03 secs] 
2011-03-01T02:54:34.620+0000: 6776.011: [GC 6776.012: [ParNew: 352504K->27519K(368640K), 0.0430320 secs] 6460075K->6139272K(12541952K), 0.0433920 secs] [Times: user=0.32 sys=0.00, real=0.05 secs] 
2011-03-01T02:54:35.710+0000: 6777.101: [GC 6777.101: [ParNew: 355199K->40960K(368640K), 0.0459680 secs] 6466952K->6165422K(12541952K), 0.0463190 secs] [Times: user=0.36 sys=0.00, real=0.05 secs] 
2011-03-01T02:54:36.223+0000: 6777.614: [GC 6777.615: [ParNew: 368640K->21185K(368640K), 0.0464490 secs] 6493102K->6162103K(12541952K), 0.0468250 secs] [Times: user=0.31 sys=0.01, real=0.04 secs] 
2011-03-01T02:54:36.621+0000: 6778.012: [GC 6778.012: [ParNew: 348865K->40960K(368640K), 0.0431020 secs] 6489783K->6182767K(12541952K), 0.0434570 secs] [Times: user=0.32 sys=0.01, real=0.05 secs] 
2011-03-01T02:54:37.054+0000: 6778.445: [GC 6778.445: [ParNew: 368640K->31200K(368640K), 0.0618600 secs] 6510447K->6195232K(12541952K), 0.0622120 secs] [Times: user=0.44 sys=0.00, real=0.06 secs] 
2011-03-01T02:54:37.404+0000: 6778.796: [GC 6778.796: [ParNew: 358880K->33839K(368640K), 0.0517130 secs] 6522912K->6206993K(12541952K), 0.0520710 secs] [Times: user=0.38 sys=0.00, real=0.05 secs] 
2011-03-01T02:54:37.774+0000: 6779.166: [GC 6779.166: [ParNew: 361519K->40960K(368640K), 0.0662780 secs] 6534673K->6236047K(12541952K), 0.0666310 secs] [Times: user=0.49 sys=0.01, real=0.06 secs] 
2011-03-01T02:54:38.105+0000: 6779.496: [GC 6779.496: [ParNew: 368640K->40960K(368640K), 0.0661310 secs] 6563727K->6266800K(12541952K), 0.0666050 secs] [Times: user=0.48 sys=0.00, real=0.06 secs] 
2011-03-01T02:54:38.561+0000: 6779.952: [GC 6779.952: [ParNew: 368640K->40960K(368640K), 0.0599430 secs] 6594480K->6284246K(12541952K), 0.0604240 secs] [Times: user=0.45 sys=0.01, real=0.06 secs] 
2011-03-01T02:54:39.340+0000: 6780.731: [GC 6780.732: [ParNew: 368640K->40960K(368640K), 0.0568480 secs] 6611926K->6302763K(12541952K), 0.0573270 secs] [Times: user=0.41 sys=0.01, real=0.06 secs] 
2011-03-01T02:54:39.791+0000: 6781.182: [GC 6781.182: [ParNew: 368640K->40960K(368640K), 0.0538780 secs] 6630443K->6310220K(12541952K), 0.0543460 secs] [Times: user=0.41 sys=0.00, real=0.06 secs] 
2011-03-01T02:54:40.537+0000: 6781.928: [GC 6781.928: [ParNew: 368640K->15928K(368640K), 0.0392630 secs] 6637900K->6296393K(12541952K), 0.0396160 secs] [Times: user=0.31 sys=0.00, real=0.04 secs] 
2011-03-01T02:54:41.815+0000: 6783.206: [GC 6783.206: [ParNew: 343608K->35757K(368640K), 0.0457060 secs] 6624073K->6316222K(12541952K), 0.0460550 secs] [Times: user=0.31 sys=0.00, real=0.04 secs] 
2011-03-01T02:54:43.206+0000: 6784.597: [GC 6784.597: [ParNew: 363437K->10635K(368640K), 0.0450630 secs] 6643902K->6305805K(12541952K), 0.0454210 secs] [Times: user=0.32 sys=0.00, real=0.04 secs] 
2011-03-01T02:54:44.636+0000: 6786.027: [GC 6786.027: [ParNew: 338315K->24889K(368640K), 0.0376640 secs] 6633485K->6320060K(12541952K), 0.0380090 secs] [Times: user=0.26 sys=0.00, real=0.04 secs] 
2011-03-01T02:54:46.194+0000: 6787.585: [GC 6787.585: [ParNew: 352569K->29750K(368640K), 0.0427810 secs] 6647740K->6329039K(12541952K), 0.0431340 secs] [Times: user=0.33 sys=0.00, real=0.04 secs] 
2011-03-01T02:54:47.531+0000: 6788.923: [GC 6788.923: [ParNew: 357430K->28369K(368640K), 0.0439260 secs] 6656719K->6337863K(12541952K), 0.0442690 secs] [Times: user=0.36 sys=0.01, real=0.05 secs] 
2011-03-01T02:54:48.854+0000: 6790.245: [GC 6790.245: [ParNew: 356049K->30322K(368640K), 0.0423660 secs] 6665543K->6345753K(12541952K), 0.0427400 secs] [Times: user=0.34 sys=0.01, real=0.04 secs] 
2011-03-01T02:54:49.728+0000: 6791.119: [GC 6791.119: [ParNew: 358002K->40377K(368640K), 0.0598820 secs] 6673433K->6431526K(12541952K), 0.0602310 secs] [Times: user=0.48 sys=0.00, real=0.06 secs] 
2011-03-01T02:54:50.583+0000: 6791.974: [GC 6791.975: [ParNew: 368057K->14362K(368640K), 0.0661220 secs] 6759206K->6430746K(12541952K), 0.0666040 secs] [Times: user=0.52 sys=0.00, real=0.06 secs] 
2011-03-01T02:54:51.396+0000: 6792.787: [GC 6792.788: [ParNew: 342042K->12484K(368640K), 0.0448220 secs] 6758426K->6428868K(12541952K), 0.0452900 secs] [Times: user=0.32 sys=0.00, real=0.04 secs] 
2011-03-01T02:54:52.159+0000: 6793.550: [GC 6793.551: [ParNew: 340164K->17487K(368640K), 0.0521990 secs] 6756548K->6433871K(12541952K), 0.0526760 secs] [Times: user=0.40 sys=0.00, real=0.05 secs] 
2011-03-01T02:54:52.980+0000: 6794.371: [GC 6794.371: [ParNew: 345167K->23585K(368640K), 0.0482700 secs] 6761551K->6439969K(12541952K), 0.0487410 secs] [Times: user=0.40 sys=0.01, real=0.05 secs] 
2011-03-01T02:54:54.172+0000: 6795.563: [GC 6795.563: [ParNew: 351265K->40960K(368640K), 0.0792910 secs] 6767649K->6527025K(12541952K), 0.0797550 secs] [Times: user=0.61 sys=0.00, real=0.08 secs] 
2011-03-01T02:54:54.632+0000: 6796.023: [GC 6796.023: [ParNew: 368584K->37249K(368640K), 0.0668430 secs] 6854650K->6536037K(12541952K), 0.0673720 secs] [Times: user=0.51 sys=0.00, real=0.07 secs] 
2011-03-01T02:54:55.050+0000: 6796.441: [GC 6796.442: [ParNew: 364929K->34888K(368640K), 0.0447230 secs] 6863717K->6550820K(12541952K), 0.0452300 secs] [Times: user=0.33 sys=0.00, real=0.05 secs] 
2011-03-01T02:54:55.472+0000: 6796.863: [GC 6796.863: [ParNew: 362568K->23462K(368640K), 0.0445310 secs] 6878500K->6548998K(12541952K), 0.0450480 secs] [Times: user=0.35 sys=0.00, real=0.05 secs] 
2011-03-01T02:54:55.878+0000: 6797.270: [GC 6797.270: [ParNew: 351142K->24507K(368640K), 0.0429880 secs] 6876678K->6550042K(12541952K), 0.0434700 secs] [Times: user=0.32 sys=0.00, real=0.04 secs] 
2011-03-01T02:54:56.291+0000: 6797.682: [GC 6797.682: [ParNew: 352187K->26555K(368640K), 0.0542160 secs] 6877722K->6552091K(12541952K), 0.0547020 secs] [Times: user=0.41 sys=0.00, real=0.06 secs] 
2011-03-01T02:54:56.797+0000: 6798.188: [GC 6798.189: [ParNew: 354235K->24268K(368640K), 0.0493550 secs] 6879771K->6553669K(12541952K), 0.0498410 secs] [Times: user=0.38 sys=0.01, real=0.05 secs] 
2011-03-01T02:54:57.243+0000: 6798.634: [GC 6798.634: [ParNew: 351948K->31212K(368640K), 0.0489140 secs] 6881349K->6565023K(12541952K), 0.0494240 secs] [Times: user=0.36 sys=0.00, real=0.05 secs] 
2011-03-01T02:54:57.648+0000: 6799.039: [GC 6799.039: [ParNew: 358892K->27765K(368640K), 0.0539860 secs] 6892703K->6565446K(12541952K), 0.0544790 secs] [Times: user=0.40 sys=0.00, real=0.06 secs] 
2011-03-01T02:54:58.088+0000: 6799.479: [GC 6799.479: [ParNew: 355445K->27298K(368640K), 0.0501750 secs] 6893126K->6578529K(12541952K), 0.0570070 secs] [Times: user=0.34 sys=0.00, real=0.06 secs] 
2011-03-01T02:54:58.590+0000: 6799.981: [GC 6799.982: [ParNew: 354978K->20550K(368640K), 0.0402790 secs] 6906209K->6580320K(12541952K), 0.0408030 secs] [Times: user=0.32 sys=0.00, real=0.04 secs] 
2011-03-01T02:54:59.186+0000: 6800.577: [GC 6800.578: [ParNew: 348230K->21554K(368640K), 0.0363200 secs] 6908000K->6581324K(12541952K), 0.0368140 secs] [Times: user=0.24 sys=0.01, real=0.04 secs] 
2011-03-01T02:54:59.996+0000: 6801.387: [GC 6801.387: [ParNew: 349216K->40960K(368640K), 0.0453200 secs] 6908986K->6602695K(12541952K), 0.0456940 secs] [Times: user=0.31 sys=0.00, real=0.04 secs] 
2011-03-01T02:55:00.527+0000: 6801.918: [GC 6801.918: [ParNew: 368614K->26971K(368640K), 0.0575670 secs] 6930350K->6614251K(12541952K), 0.0579540 secs] [Times: user=0.41 sys=0.00, real=0.06 secs] 
2011-03-01T02:55:00.982+0000: 6802.373: [GC 6802.373: [ParNew: 354651K->25999K(368640K), 0.0493960 secs] 6941931K->6621437K(12541952K), 0.0497650 secs] [Times: user=0.36 sys=0.00, real=0.05 secs] 
2011-03-01T02:55:02.288+0000: 6803.679: [GC 6803.680: [ParNew: 353679K->29124K(368640K), 0.0384670 secs] 6949117K->6632127K(12541952K), 0.0388270 secs] [Times: user=0.32 sys=0.00, real=0.04 secs] 
2011-03-01T02:55:04.768+0000: 6806.159: [GC 6806.159: [ParNew: 356804K->20758K(368640K), 0.0368540 secs] 6959807K->6638770K(12541952K), 0.0372130 secs] [Times: user=0.25 sys=0.00, real=0.04 secs] 
2011-03-01T02:55:06.729+0000: 6808.120: [GC 6808.120: [ParNew: 348438K->40960K(368640K), 0.0458440 secs] 6966450K->6663774K(12541952K), 0.0462040 secs] [Times: user=0.35 sys=0.00, real=0.05 secs] 
2011-03-01T02:55:08.596+0000: 6809.987: [GC 6809.987: [ParNew: 368640K->38040K(368640K), 0.0510470 secs] 6991454K->6670716K(12541952K), 0.0514130 secs] [Times: user=0.39 sys=0.00, real=0.05 secs] 
2011-03-01T02:55:10.425+0000: 6811.817: [GC 6811.817: [ParNew: 365714K->38917K(368640K), 0.0487050 secs] 6998390K->6681695K(12541952K), 0.0529300 secs] [Times: user=0.39 sys=0.00, real=0.05 secs] 
2011-03-01T02:55:12.284+0000: 6813.675: [GC 6813.676: [ParNew: 366597K->25937K(368640K), 0.0498050 secs] 7009375K->6681403K(12541952K), 0.0501660 secs] [Times: user=0.33 sys=0.00, real=0.05 secs] 
2011-03-01T02:55:14.587+0000: 6815.978: [GC 6815.978: [ParNew: 353617K->35593K(368640K), 0.0492890 secs] 7009083K->6698403K(12541952K), 0.0497140 secs] [Times: user=0.38 sys=0.00, real=0.05 secs] 
2011-03-01T02:55:16.715+0000: 6818.106: [GC 6818.107: [ParNew: 363273K->40960K(368640K), 0.0823420 secs] 7026083K->6729891K(12541952K), 0.0828240 secs] [Times: user=0.60 sys=0.00, real=0.08 secs] 
2011-03-01T02:55:18.779+0000: 6820.170: [GC 6820.171: [ParNew: 368640K->28439K(368640K), 0.0749820 secs] 7057571K->6746503K(12541952K), 0.0754850 secs] [Times: user=0.58 sys=0.00, real=0.08 secs] 
2011-03-01T02:55:20.297+0000: 6821.689: [GC 6821.689: [ParNew: 356119K->21962K(368640K), 0.0494470 secs] 7074183K->6753983K(12541952K), 0.0499130 secs] [Times: user=0.38 sys=0.00, real=0.05 secs] 
2011-03-01T02:55:21.722+0000: 6823.113: [GC 6823.113: [ParNew: 349642K->40186K(368640K), 0.0463640 secs] 7081663K->6772207K(12541952K), 0.0468540 secs] [Times: user=0.39 sys=0.00, real=0.05 secs] 
2011-03-01T02:55:22.893+0000: 6824.284: [GC 6824.284: [ParNew: 367866K->24190K(368640K), 0.0605220 secs] 7099887K->6781103K(12541952K), 0.0610020 secs] [Times: user=0.44 sys=0.01, real=0.06 secs] 
2011-03-01T02:55:24.351+0000: 6825.742: [GC 6825.742: [ParNew: 351870K->18929K(368640K), 0.0472770 secs] 7108783K->6789947K(12541952K), 0.0477530 secs] [Times: user=0.40 sys=0.00, real=0.05 secs] 
2011-03-01T02:55:26.277+0000: 6827.669: [GC 6827.669: [ParNew: 346609K->21737K(368640K), 0.0471960 secs] 7117627K->6804804K(12541952K), 0.0476720 secs] [Times: user=0.33 sys=0.00, real=0.05 secs] 
2011-03-01T02:55:28.714+0000: 6830.105: [GC 6830.106: [ParNew: 349417K->40960K(368640K), 0.0403520 secs] 7132484K->6824027K(12541952K), 0.0408230 secs] [Times: user=0.33 sys=0.00, real=0.04 secs] 
2011-03-01T02:55:30.637+0000: 6832.028: [GC 6832.029: [ParNew: 368640K->33087K(368640K), 0.0531260 secs] 7151707K->6829129K(12541952K), 0.0536030 secs] [Times: user=0.40 sys=0.01, real=0.05 secs] 
2011-03-01T02:55:31.969+0000: 6833.360: [GC 6833.360: [ParNew: 360767K->24017K(368640K), 0.0630600 secs] 7156809K->6842353K(12541952K), 0.0635900 secs] [Times: user=0.45 sys=0.00, real=0.07 secs] 
2011-03-01T02:55:32.848+0000: 6834.239: [GC 6834.239: [ParNew: 351697K->40960K(368640K), 0.0547240 secs] 7170033K->6933024K(12541952K), 0.0552240 secs] [Times: user=0.40 sys=0.01, real=0.06 secs] 
2011-03-01T02:55:34.038+0000: 6835.429: [GC 6835.429: [ParNew: 368640K->36585K(368640K), 0.0550130 secs] 7260704K->6953134K(12541952K), 0.0554790 secs] [Times: user=0.40 sys=0.00, real=0.06 secs] 
2011-03-01T02:55:35.695+0000: 6837.086: [GC 6837.087: [ParNew: 364265K->19898K(368640K), 0.0402920 secs] 7280814K->6950901K(12541952K), 0.0407430 secs] [Times: user=0.27 sys=0.00, real=0.04 secs] 
2011-03-01T02:55:37.242+0000: 6838.633: [GC 6838.633: [ParNew: 347578K->40899K(368640K), 0.0352490 secs] 7278581K->6971903K(12541952K), 0.0356630 secs] [Times: user=0.26 sys=0.02, real=0.04 secs] 
2011-03-01T02:55:37.969+0000: 6839.360: [GC 6839.361: [ParNew: 368579K->23275K(368640K), 0.0589680 secs] 7299583K->6981449K(12541952K), 0.0594490 secs] [Times: user=0.41 sys=0.00, real=0.06 secs] 
2011-03-01T02:55:38.292+0000: 6839.683: [GC 6839.684: [ParNew: 350955K->40960K(368640K), 0.0617740 secs] 7309129K->7079206K(12541952K), 0.0622550 secs] [Times: user=0.39 sys=0.00, real=0.06 secs] 
2011-03-01T02:55:38.643+0000: 6840.034: [GC 6840.035: [ParNew: 368640K->40960K(368640K), 0.0591880 secs] 7406886K->7104072K(12541952K), 0.0596510 secs] [Times: user=0.39 sys=0.01, real=0.06 secs] 
2011-03-01T02:55:38.953+0000: 6840.344: [GC 6840.345: [ParNew: 368640K->40960K(368640K), 0.0621580 secs] 7431752K->7118471K(12541952K), 0.0625160 secs] [Times: user=0.43 sys=0.00, real=0.06 secs] 
2011-03-01T02:55:39.233+0000: 6840.624: [GC 6840.624: [ParNew: 368640K->40960K(368640K), 0.0680860 secs] 7446151K->7138063K(12541952K), 0.0684460 secs] [Times: user=0.49 sys=0.00, real=0.06 secs] 
2011-03-01T02:55:39.574+0000: 6840.965: [GC 6840.965: [ParNew: 368640K->35696K(368640K), 0.0558310 secs] 7465743K->7145326K(12541952K), 0.0561880 secs] [Times: user=0.38 sys=0.01, real=0.05 secs] 
2011-03-01T02:55:39.880+0000: 6841.272: [GC 6841.272: [ParNew: 363376K->37821K(368640K), 0.0593050 secs] 7473006K->7163804K(12541952K), 0.0596600 secs] [Times: user=0.43 sys=0.00, real=0.06 secs] 
2011-03-01T02:55:40.181+0000: 6841.572: [GC 6841.572: [ParNew: 365501K->38451K(368640K), 0.0526760 secs] 7491484K->7178316K(12541952K), 0.0530310 secs] [Times: user=0.40 sys=0.00, real=0.06 secs] 
2011-03-01T02:55:40.495+0000: 6841.886: [GC 6841.886: [ParNew: 366131K->40960K(368640K), 0.0580520 secs] 7505996K->7193861K(12541952K), 0.0584370 secs] [Times: user=0.41 sys=0.00, real=0.06 secs] 
2011-03-01T02:55:40.798+0000: 6842.189: [GC 6842.189: [ParNew: 368640K->32178K(368640K), 0.0548740 secs] 7521541K->7202915K(12541952K), 0.0553510 secs] [Times: user=0.41 sys=0.00, real=0.06 secs] 
2011-03-01T02:55:41.223+0000: 6842.614: [GC 6842.614: [ParNew: 359858K->38790K(368640K), 0.0542290 secs] 7530595K->7221974K(12541952K), 0.0547070 secs] [Times: user=0.40 sys=0.00, real=0.05 secs] 
2011-03-01T02:55:41.697+0000: 6843.088: [GC 6843.089: [ParNew: 366470K->25221K(368640K), 0.0520580 secs] 7549654K->7221706K(12541952K), 0.0525620 secs] [Times: user=0.39 sys=0.01, real=0.05 secs] 
2011-03-01T02:55:42.244+0000: 6843.636: [GC 6843.636: [ParNew: 352901K->40960K(368640K), 0.0617220 secs] 7549386K->7237710K(12541952K), 0.0622200 secs] [Times: user=0.49 sys=0.00, real=0.06 secs] 
2011-03-01T02:55:42.807+0000: 6844.198: [GC 6844.198: [ParNew: 368640K->32331K(368640K), 0.0623870 secs] 7565390K->7250247K(12541952K), 0.0627970 secs] [Times: user=0.45 sys=0.00, real=0.06 secs] 
2011-03-01T02:55:43.531+0000: 6844.923: [GC 6844.923: [ParNew: 360011K->40428K(368640K), 0.0439610 secs] 7577927K->7258344K(12541952K), 0.0445000 secs] [Times: user=0.38 sys=0.01, real=0.05 secs] 
2011-03-01T02:55:44.572+0000: 6845.964: [GC 6845.964: [ParNew: 368108K->38894K(368640K), 0.0577490 secs] 7586024K->7268226K(12541952K), 0.0582360 secs] [Times: user=0.47 sys=0.01, real=0.05 secs] 
2011-03-01T02:55:45.330+0000: 6846.721: [GC 6846.722: [ParNew: 366574K->40960K(368640K), 0.0710720 secs] 7595906K->7344799K(12541952K), 0.0714280 secs] [Times: user=0.54 sys=0.00, real=0.07 secs] 
2011-03-01T02:55:46.045+0000: 6847.437: [GC 6847.437: [ParNew: 368640K->24915K(368640K), 0.0568810 secs] 7672479K->7362565K(12541952K), 0.0572350 secs] [Times: user=0.39 sys=0.00, real=0.06 secs] 
2011-03-01T02:55:46.737+0000: 6848.128: [GC 6848.128: [ParNew: 352595K->40960K(368640K), 0.0378360 secs] 7690245K->7378712K(12541952K), 0.0381870 secs] [Times: user=0.30 sys=0.00, real=0.04 secs] 
2011-03-01T02:55:47.438+0000: 6848.829: [GC 6848.829: [ParNew: 368640K->36079K(368640K), 0.0529710 secs] 7706392K->7391847K(12541952K), 0.0533260 secs] [Times: user=0.39 sys=0.01, real=0.05 secs] 
2011-03-01T02:55:48.389+0000: 6849.781: [GC 6849.781: [ParNew: 363759K->12684K(368640K), 0.0389420 secs] 7719527K->7395866K(12541952K), 0.0392940 secs] [Times: user=0.32 sys=0.00, real=0.04 secs] 
2011-03-01T02:55:48.946+0000: 6850.337: [GC 6850.337: [ParNew: 340364K->31114K(368640K), 0.0367570 secs] 7723546K->7414295K(12541952K), 0.0371060 secs] [Times: user=0.26 sys=0.00, real=0.04 secs] 
2011-03-01T02:55:49.883+0000: 6851.274: [GC 6851.274: [ParNew: 358794K->36159K(368640K), 0.0429550 secs] 7741975K->7425845K(12541952K), 0.0433090 secs] [Times: user=0.32 sys=0.01, real=0.04 secs] 
2011-03-01T02:55:50.739+0000: 6852.130: [GC 6852.130: [ParNew: 363839K->20215K(368640K), 0.0442750 secs] 7753525K->7420480K(12541952K), 0.0446430 secs] [Times: user=0.32 sys=0.01, real=0.05 secs] 
2011-03-01T02:55:51.996+0000: 6853.387: [GC 6853.387: [ParNew: 347895K->32796K(368640K), 0.0359150 secs] 7748160K->7433061K(12541952K), 0.0362660 secs] [Times: user=0.24 sys=0.00, real=0.04 secs] 
2011-03-01T02:55:52.919+0000: 6854.311: [GC 6854.311: [ParNew: 360476K->23908K(368640K), 0.0404240 secs] 7760741K->7430231K(12541952K), 0.0407690 secs] [Times: user=0.32 sys=0.00, real=0.04 secs] 
2011-03-01T02:55:53.896+0000: 6855.287: [GC 6855.287: [ParNew: 351588K->31468K(368640K), 0.0410350 secs] 7757911K->7441936K(12541952K), 0.0413830 secs] [Times: user=0.31 sys=0.00, real=0.04 secs] 
2011-03-01T02:55:54.468+0000: 6855.860: [GC 6855.860: [ParNew: 359148K->37929K(368640K), 0.0417110 secs] 7769616K->7452812K(12541952K), 0.0420760 secs] [Times: user=0.32 sys=0.00, real=0.04 secs] 
2011-03-01T02:55:54.925+0000: 6856.316: [GC 6856.316: [ParNew: 365609K->38963K(368640K), 0.0413950 secs] 7780492K->7465059K(12541952K), 0.0417560 secs] [Times: user=0.29 sys=0.00, real=0.04 secs] 
2011-03-01T02:55:55.299+0000: 6856.690: [GC 6856.691: [ParNew: 366643K->7945K(368640K), 0.0323020 secs] 7792739K->7441443K(12541952K), 0.0326880 secs] [Times: user=0.24 sys=0.00, real=0.03 secs] 
2011-03-01T02:55:55.721+0000: 6857.112: [GC 6857.112: [ParNew: 335625K->11479K(368640K), 0.0315860 secs] 7769123K->7444977K(12541952K), 0.0319650 secs] [Times: user=0.24 sys=0.00, real=0.04 secs] 
2011-03-01T02:55:56.063+0000: 6857.455: [GC 6857.455: [ParNew: 339159K->27585K(368640K), 0.0337960 secs] 7772657K->7461083K(12541952K), 0.0341590 secs] [Times: user=0.27 sys=0.00, real=0.03 secs] 
2011-03-01T02:55:56.486+0000: 6857.878: [GC 6857.878: [ParNew: 355265K->25323K(368640K), 0.0385920 secs] 7788763K->7463996K(12541952K), 0.0389550 secs] [Times: user=0.26 sys=0.00, real=0.04 secs] 
2011-03-01T02:55:56.873+0000: 6858.264: [GC 6858.265: [ParNew: 353003K->40682K(368640K), 0.0361410 secs] 7791676K->7481449K(12541952K), 0.0364980 secs] [Times: user=0.25 sys=0.01, real=0.03 secs] 
2011-03-01T02:55:57.305+0000: 6858.696: [GC 6858.697: [ParNew: 368362K->12726K(368640K), 0.0356850 secs] 7809129K->7466687K(12541952K), 0.0360490 secs] [Times: user=0.24 sys=0.01, real=0.03 secs] 
2011-03-01T02:55:57.716+0000: 6859.107: [GC 6859.107: [ParNew: 340406K->13710K(368640K), 0.0294310 secs] 7794367K->7467671K(12541952K), 0.0299120 secs] [Times: user=0.23 sys=0.00, real=0.03 secs] 
2011-03-01T02:55:58.178+0000: 6859.569: [GC 6859.569: [ParNew: 341390K->15410K(368640K), 0.0305670 secs] 7795351K->7469371K(12541952K), 0.0310540 secs] [Times: user=0.24 sys=0.00, real=0.03 secs] 
2011-03-01T02:55:58.653+0000: 6860.044: [GC 6860.045: [ParNew: 343057K->33537K(368640K), 0.0345240 secs] 7797018K->7487498K(12541952K), 0.0350140 secs] [Times: user=0.28 sys=0.00, real=0.03 secs] 
2011-03-01T02:55:59.354+0000: 6860.746: [GC 6860.746: [ParNew: 361201K->28623K(368640K), 0.0407290 secs] 7815162K->7490712K(12541952K), 0.0480030 secs] [Times: user=0.31 sys=0.00, real=0.05 secs] 
2011-03-01T02:55:59.765+0000: 6861.156: [GC 6861.157: [ParNew: 357367K->28769K(368640K), 0.0347190 secs] 7819455K->7495216K(12541952K), 0.0352100 secs] [Times: user=0.24 sys=0.00, real=0.03 secs] 
2011-03-01T02:55:59.808+0000: 6861.199: [GC 6861.199: [ParNew: 44318K->40960K(368640K), 0.0323960 secs] 7510764K->7510002K(12541952K), 0.0327210 secs] [Times: user=0.24 sys=0.00, real=0.03 secs] 
2011-03-01T02:56:00.156+0000: 6861.548: [GC 6861.548: [ParNew: 368640K->20300K(368640K), 0.0354180 secs] 7837682K->7497252K(12541952K), 0.0357980 secs] [Times: user=0.24 sys=0.00, real=0.04 secs] 
2011-03-01T02:56:00.505+0000: 6861.896: [GC 6861.897: [ParNew: 347980K->16834K(368640K), 0.0308850 secs] 7824932K->7493786K(12541952K), 0.0312850 secs] [Times: user=0.25 sys=0.00, real=0.03 secs] 
2011-03-01T02:56:01.462+0000: 6862.853: [GC 6862.853: [ParNew: 344514K->26787K(368640K), 0.0335600 secs] 7821466K->7503739K(12541952K), 0.0339230 secs] [Times: user=0.30 sys=0.00, real=0.04 secs] 
2011-03-01T02:56:01.959+0000: 6863.350: [GC 6863.350: [ParNew: 354467K->40960K(368640K), 0.0468310 secs] 7831419K->7524245K(12541952K), 0.0471790 secs] [Times: user=0.37 sys=0.00, real=0.05 secs] 
2011-03-01T02:56:02.649+0000: 6864.040: [GC 6864.040: [ParNew: 368640K->14708K(368640K), 0.0480650 secs] 7851925K->7515454K(12541952K), 0.0484270 secs] [Times: user=0.34 sys=0.01, real=0.05 secs] 
2011-03-01T02:56:03.570+0000: 6864.961: [GC 6864.961: [ParNew: 342388K->21941K(368640K), 0.0320550 secs] 7843134K->7522687K(12541952K), 0.0323980 secs] [Times: user=0.24 sys=0.00, real=0.03 secs] 
2011-03-01T02:56:04.965+0000: 6866.356: [GC 6866.357: [ParNew: 349621K->27015K(368640K), 0.0454320 secs] 7850367K->7527761K(12541952K), 0.0458030 secs] [Times: user=0.31 sys=0.02, real=0.04 secs] 
2011-03-01T02:56:07.005+0000: 6868.396: [GC 6868.396: [ParNew: 354695K->40960K(368640K), 0.0430520 secs] 7855441K->7547731K(12541952K), 0.0434230 secs] [Times: user=0.31 sys=0.00, real=0.04 secs] 
2011-03-01T02:56:07.547+0000: 6868.938: [GC 6868.938: [ParNew: 368640K->38096K(368640K), 0.0517090 secs] 7875411K->7627504K(12541952K), 0.0520680 secs] [Times: user=0.40 sys=0.00, real=0.05 secs] 
2011-03-01T02:56:08.356+0000: 6869.747: [GC 6869.748: [ParNew: 365776K->16692K(368640K), 0.0382480 secs] 7955184K->7615527K(12541952K), 0.0386050 secs] [Times: user=0.26 sys=0.00, real=0.04 secs] 
2011-03-01T02:56:09.215+0000: 6870.606: [GC 6870.606: [ParNew: 344372K->33117K(368640K), 0.0255820 secs] 7943207K->7631952K(12541952K), 0.0259400 secs] [Times: user=0.16 sys=0.00, real=0.02 secs] 
2011-03-01T02:56:09.944+0000: 6871.335: [GC 6871.336: [ParNew: 360797K->25400K(368640K), 0.0297360 secs] 7959632K->7634316K(12541952K), 0.0378480 secs] [Times: user=0.21 sys=0.00, real=0.03 secs] 
2011-03-01T02:56:10.750+0000: 6872.141: [GC 6872.141: [ParNew: 353080K->34916K(368640K), 0.0303250 secs] 7961996K->7646632K(12541952K), 0.0306780 secs] [Times: user=0.23 sys=0.01, real=0.03 secs] 
2011-03-01T02:56:11.527+0000: 6872.918: [GC 6872.918: [ParNew: 362596K->28312K(368640K), 0.0318850 secs] 7974312K->7647415K(12541952K), 0.0322370 secs] [Times: user=0.24 sys=0.00, real=0.03 secs] 
2011-03-01T02:56:12.418+0000: 6873.809: [GC 6873.809: [ParNew: 355992K->14115K(368640K), 0.0263240 secs] 7975095K->7639389K(12541952K), 0.0266810 secs] [Times: user=0.18 sys=0.00, real=0.03 secs] 
2011-03-01T02:56:13.251+0000: 6874.642: [GC 6874.643: [ParNew: 341795K->24384K(368640K), 0.0327680 secs] 7967069K->7649658K(12541952K), 0.0331160 secs] [Times: user=0.26 sys=0.01, real=0.04 secs] 
2011-03-01T02:56:14.191+0000: 6875.582: [GC 6875.582: [ParNew: 352064K->25421K(368640K), 0.0341400 secs] 7977338K->7650694K(12541952K), 0.0344940 secs] [Times: user=0.28 sys=0.00, real=0.04 secs] 
2011-03-01T02:56:14.990+0000: 6876.381: [GC 6876.381: [ParNew: 353101K->30154K(368640K), 0.0401210 secs] 7978374K->7658102K(12541952K), 0.0447810 secs] [Times: user=0.28 sys=0.00, real=0.05 secs] 
2011-03-01T02:56:15.898+0000: 6877.289: [GC 6877.289: [ParNew: 357834K->26599K(368640K), 0.0304370 secs] 7985782K->7658569K(12541952K), 0.0308450 secs] [Times: user=0.24 sys=0.00, real=0.03 secs] 
2011-03-01T02:56:16.765+0000: 6878.156: [GC 6878.156: [ParNew: 354279K->40960K(368640K), 0.0347710 secs] 7986249K->7680295K(12541952K), 0.0351250 secs] [Times: user=0.25 sys=0.00, real=0.03 secs] 
2011-03-01T02:56:17.723+0000: 6879.114: [GC 6879.115: [ParNew: 368640K->10419K(368640K), 0.0326830 secs] 8007975K->7659342K(12541952K), 0.0330430 secs] [Times: user=0.23 sys=0.00, real=0.03 secs] 
2011-03-01T02:56:18.606+0000: 6879.997: [GC 6879.997: [ParNew: 338099K->10936K(368640K), 0.0276180 secs] 7987022K->7659859K(12541952K), 0.0279690 secs] [Times: user=0.18 sys=0.00, real=0.03 secs] 
2011-03-01T02:56:19.420+0000: 6880.811: [GC 6880.812: [ParNew: 338616K->30396K(368640K), 0.0301300 secs] 7987539K->7679318K(12541952K), 0.0304820 secs] [Times: user=0.24 sys=0.00, real=0.03 secs] 
2011-03-01T02:56:20.227+0000: 6881.618: [GC 6881.618: [ParNew: 358076K->40960K(368640K), 0.0413510 secs] 8006998K->7699147K(12541952K), 0.0457680 secs] [Times: user=0.33 sys=0.00, real=0.05 secs] 
2011-03-01T02:56:21.008+0000: 6882.399: [GC 6882.399: [ParNew: 368640K->12206K(368640K), 0.0333670 secs] 8026827K->7684198K(12541952K), 0.0338480 secs] [Times: user=0.23 sys=0.00, real=0.03 secs] 
2011-03-01T02:56:21.834+0000: 6883.226: [GC 6883.226: [ParNew: 339886K->14174K(368640K), 0.0257580 secs] 8011878K->7686166K(12541952K), 0.0262470 secs] [Times: user=0.18 sys=0.00, real=0.02 secs] 
2011-03-01T02:56:22.550+0000: 6883.941: [GC 6883.941: [ParNew: 341854K->31183K(368640K), 0.0296220 secs] 8013846K->7703175K(12541952K), 0.0301000 secs] [Times: user=0.24 sys=0.00, real=0.03 secs] 
2011-03-01T02:56:23.356+0000: 6884.747: [GC 6884.748: [ParNew: 358863K->30472K(368640K), 0.0524330 secs] 8030855K->7709977K(12541952K), 0.0529100 secs] [Times: user=0.37 sys=0.00, real=0.05 secs] 
2011-03-01T02:56:24.167+0000: 6885.558: [GC 6885.558: [ParNew: 356814K->35211K(368640K), 0.0419790 secs] 8036319K->7720893K(12541952K), 0.0424520 secs] [Times: user=0.32 sys=0.00, real=0.04 secs] 
2011-03-01T02:56:24.920+0000: 6886.311: [GC 6886.311: [ParNew: 362891K->13917K(368640K), 0.0305440 secs] 8048573K->7707464K(12541952K), 0.0310130 secs] [Times: user=0.24 sys=0.00, real=0.03 secs] 
2011-03-01T02:56:26.037+0000: 6887.428: [GC 6887.428: [ParNew: 341597K->29653K(368640K), 0.0274410 secs] 8035144K->7723199K(12541952K), 0.0279220 secs] [Times: user=0.23 sys=0.00, real=0.03 secs] 
2011-03-01T02:56:26.901+0000: 6888.292: [GC 6888.292: [ParNew: 357333K->40701K(368640K), 0.0364000 secs] 8050879K->7742209K(12541952K), 0.0368740 secs] [Times: user=0.30 sys=0.00, real=0.04 secs] 
2011-03-01T02:56:27.859+0000: 6889.250: [GC 6889.250: [ParNew: 368381K->24346K(368640K), 0.0350000 secs] 8069889K->7731904K(12541952K), 0.0354730 secs] [Times: user=0.26 sys=0.00, real=0.04 secs] 
2011-03-01T02:56:28.911+0000: 6890.302: [GC 6890.302: [ParNew: 352026K->8452K(368640K), 0.0355120 secs] 8059584K->7723294K(12541952K), 0.0359860 secs] [Times: user=0.30 sys=0.00, real=0.04 secs] 
2011-03-01T02:56:29.980+0000: 6891.371: [GC 6891.372: [ParNew: 336132K->16605K(368640K), 0.0323530 secs] 8050974K->7731447K(12541952K), 0.0328280 secs] [Times: user=0.25 sys=0.00, real=0.04 secs] 
2011-03-01T02:56:30.787+0000: 6892.178: [GC 6892.178: [ParNew: 344285K->32260K(368640K), 0.0370540 secs] 8059127K->7747102K(12541952K), 0.0375340 secs] [Times: user=0.28 sys=0.01, real=0.04 secs] 
2011-03-01T02:56:31.457+0000: 6892.848: [GC 6892.848: [ParNew: 359940K->40327K(368640K), 0.0463360 secs] 8074782K->7760419K(12541952K), 0.0507830 secs] [Times: user=0.40 sys=0.00, real=0.05 secs] 
2011-03-01T02:56:32.417+0000: 6893.808: [GC 6893.808: [ParNew: 368007K->12707K(368640K), 0.0436530 secs] 8088099K->7749725K(12541952K), 0.0441660 secs] [Times: user=0.31 sys=0.00, real=0.04 secs] 
2011-03-01T02:56:33.073+0000: 6894.464: [GC 6894.464: [ParNew: 340387K->11197K(368640K), 0.0260920 secs] 8077405K->7748215K(12541952K), 0.0265620 secs] [Times: user=0.18 sys=0.00, real=0.02 secs] 
2011-03-01T02:56:33.716+0000: 6895.107: [GC 6895.108: [ParNew: 338877K->37122K(368640K), 0.0624730 secs] 8075895K->7790524K(12541952K), 0.0628760 secs] [Times: user=0.48 sys=0.00, real=0.06 secs] 
2011-03-01T02:56:34.533+0000: 6895.924: [GC 6895.925: [ParNew: 364802K->10774K(368640K), 0.0388250 secs] 8118204K->7785662K(12541952K), 0.0392530 secs] [Times: user=0.26 sys=0.00, real=0.04 secs] 
2011-03-01T02:56:34.971+0000: 6896.362: [GC 6896.362: [ParNew: 338454K->19236K(368640K), 0.0302600 secs] 8113342K->7794123K(12541952K), 0.0306130 secs] [Times: user=0.23 sys=0.00, real=0.03 secs] 
2011-03-01T02:56:35.387+0000: 6896.778: [GC 6896.779: [ParNew: 346916K->40960K(368640K), 0.0491300 secs] 8121803K->7826020K(12541952K), 0.0495660 secs] [Times: user=0.32 sys=0.00, real=0.05 secs] 
2011-03-01T02:56:35.720+0000: 6897.111: [GC 6897.112: [ParNew: 368640K->26739K(368640K), 0.0499720 secs] 8153700K->7832204K(12541952K), 0.0504700 secs] [Times: user=0.39 sys=0.00, real=0.05 secs] 
2011-03-01T02:56:35.988+0000: 6897.379: [GC 6897.379: [ParNew: 353578K->39146K(368640K), 0.0368040 secs] 8159043K->7844611K(12541952K), 0.0372140 secs] [Times: user=0.30 sys=0.00, real=0.04 secs] 
2011-03-01T02:56:36.240+0000: 6897.631: [GC 6897.631: [ParNew: 366826K->32050K(368640K), 0.0523450 secs] 8172291K->7857767K(12541952K), 0.0527060 secs] [Times: user=0.40 sys=0.00, real=0.06 secs] 
2011-03-01T02:56:36.590+0000: 6897.981: [GC 6897.981: [ParNew: 359730K->26153K(368640K), 0.0364770 secs] 8185447K->7861398K(12541952K), 0.0368350 secs] [Times: user=0.28 sys=0.00, real=0.04 secs] 
2011-03-01T02:56:36.903+0000: 6898.294: [GC 6898.294: [ParNew: 353833K->39969K(368640K), 0.0411120 secs] 8189078K->7883030K(12541952K), 0.0414670 secs] [Times: user=0.29 sys=0.00, real=0.05 secs] 
2011-03-01T02:56:37.129+0000: 6898.520: [GC 6898.520: [ParNew: 367649K->40960K(368640K), 0.0546700 secs] 8210710K->7897005K(12541952K), 0.0550840 secs] [Times: user=0.40 sys=0.00, real=0.06 secs] 
2011-03-01T02:56:37.425+0000: 6898.816: [GC 6898.816: [ParNew: 368640K->40960K(368640K), 0.0575770 secs] 8224694K->7910784K(12541952K), 0.0579310 secs] [Times: user=0.40 sys=0.00, real=0.06 secs] 
2011-03-01T02:56:37.485+0000: 6898.876: [GC 6898.877: [ParNew: 41165K->34833K(368640K), 0.0575270 secs] 7910990K->7941010K(12541952K), 0.0578470 secs] [Times: user=0.35 sys=0.00, real=0.06 secs] 
2011-03-01T02:56:38.112+0000: 6899.503: [GC 6899.503: [ParNew: 362513K->20690K(368640K), 0.0322380 secs] 8268690K->7926868K(12541952K), 0.0326000 secs] [Times: user=0.26 sys=0.00, real=0.04 secs] 
2011-03-01T02:56:38.436+0000: 6899.827: [GC 6899.827: [ParNew: 348370K->40960K(368640K), 0.0376230 secs] 8254548K->7949597K(12541952K), 0.0379690 secs] [Times: user=0.28 sys=0.00, real=0.04 secs] 
2011-03-01T02:56:38.976+0000: 6900.367: [GC 6900.368: [ParNew: 368640K->21827K(368640K), 0.0468910 secs] 8277277K->7944223K(12541952K), 0.0472400 secs] [Times: user=0.32 sys=0.00, real=0.05 secs] 
2011-03-01T02:56:39.631+0000: 6901.022: [GC 6901.022: [ParNew: 349507K->39590K(368640K), 0.0378720 secs] 8271903K->7961986K(12541952K), 0.0382240 secs] [Times: user=0.32 sys=0.00, real=0.04 secs] 
2011-03-01T02:56:40.261+0000: 6901.653: [GC 6901.653: [ParNew: 367270K->23364K(368640K), 0.0429760 secs] 8289666K->7955948K(12541952K), 0.0433310 secs] [Times: user=0.33 sys=0.00, real=0.05 secs] 
2011-03-01T02:56:40.955+0000: 6902.346: [GC 6902.347: [ParNew: 351044K->31787K(368640K), 0.0379210 secs] 8283628K->7964371K(12541952K), 0.0382620 secs] [Times: user=0.26 sys=0.01, real=0.04 secs] 
2011-03-01T02:56:41.708+0000: 6903.099: [GC 6903.099: [ParNew: 359467K->11415K(368640K), 0.0417630 secs] 8292051K->7951113K(12541952K), 0.0488110 secs] [Times: user=0.31 sys=0.00, real=0.05 secs] 
2011-03-01T02:56:42.589+0000: 6903.980: [GC 6903.980: [ParNew: 339095K->40960K(368640K), 0.0383590 secs] 8278793K->7983497K(12541952K), 0.0388080 secs] [Times: user=0.32 sys=0.00, real=0.04 secs] 
2011-03-01T02:56:43.432+0000: 6904.823: [GC 6904.824: [ParNew: 368640K->9543K(368640K), 0.0436240 secs] 8311177K->7963634K(12541952K), 0.0441290 secs] [Times: user=0.32 sys=0.00, real=0.04 secs] 
2011-03-01T02:56:44.236+0000: 6905.628: [GC 6905.628: [ParNew: 337223K->18876K(368640K), 0.0425580 secs] 8291314K->7972967K(12541952K), 0.0430770 secs] [Times: user=0.32 sys=0.00, real=0.04 secs] 
2011-03-01T02:56:44.941+0000: 6906.332: [GC 6906.332: [ParNew: 346556K->39832K(368640K), 0.0360210 secs] 8300647K->7993923K(12541952K), 0.0364710 secs] [Times: user=0.31 sys=0.00, real=0.04 secs] 
2011-03-01T02:56:45.775+0000: 6907.167: [GC 6907.167: [ParNew: 367512K->9776K(368640K), 0.0429030 secs] 8321603K->7975650K(12541952K), 0.0433800 secs] [Times: user=0.32 sys=0.00, real=0.04 secs] 
2011-03-01T02:56:46.604+0000: 6907.996: [GC 6907.996: [ParNew: 337456K->19058K(368640K), 0.0310740 secs] 8303330K->7984932K(12541952K), 0.0315910 secs] [Times: user=0.25 sys=0.00, real=0.03 secs] 
2011-03-01T02:56:47.800+0000: 6909.192: [GC 6909.192: [ParNew: 346738K->31749K(368640K), 0.0353860 secs] 8312612K->7997623K(12541952K), 0.0358530 secs] [Times: user=0.31 sys=0.00, real=0.04 secs] 
2011-03-01T02:56:49.383+0000: 6910.775: [GC 6910.775: [ParNew: 359429K->24914K(368640K), 0.0394870 secs] 8325303K->8004499K(12541952K), 0.0399970 secs] [Times: user=0.28 sys=0.02, real=0.04 secs] 
2011-03-01T02:56:50.216+0000: 6911.608: [GC 6911.608: [ParNew: 352594K->22755K(368640K), 0.0367760 secs] 8332179K->8010981K(12541952K), 0.0372440 secs] [Times: user=0.25 sys=0.00, real=0.04 secs] 
2011-03-01T02:56:51.445+0000: 6912.837: [GC 6912.837: [ParNew: 350469K->32811K(368640K), 0.0331970 secs] 8338695K->8021038K(12541952K), 0.0335430 secs] [Times: user=0.24 sys=0.00, real=0.03 secs] 
2011-03-01T02:56:51.481+0000: 6912.872: [GC 6912.872: [ParNew: 35676K->19239K(368640K), 0.0335260 secs] 8023902K->8016418K(12541952K), 0.0338200 secs] [Times: user=0.27 sys=0.01, real=0.04 secs] 
2011-03-01T02:56:52.380+0000: 6913.771: [GC 6913.771: [ParNew: 346919K->17602K(368640K), 0.0290760 secs] 8344098K->8014780K(12541952K), 0.0294940 secs] [Times: user=0.24 sys=0.00, real=0.03 secs] 
2011-03-01T02:56:53.273+0000: 6914.664: [GC 6914.664: [ParNew: 345282K->21218K(368640K), 0.0319280 secs] 8342460K->8018397K(12541952K), 0.0324140 secs] [Times: user=0.24 sys=0.00, real=0.03 secs] 
2011-03-01T02:56:54.223+0000: 6915.614: [GC 6915.615: [ParNew: 348898K->17604K(368640K), 0.0346790 secs] 8346077K->8018971K(12541952K), 0.0352110 secs] [Times: user=0.26 sys=0.03, real=0.03 secs] 
2011-03-01T02:56:54.751+0000: 6916.142: [GC 6916.143: [ParNew: 345261K->38798K(368640K), 0.0332590 secs] 8346629K->8040165K(12541952K), 0.0337520 secs] [Times: user=0.28 sys=0.00, real=0.04 secs] 
2011-03-01T02:56:55.278+0000: 6916.669: [GC 6916.669: [ParNew: 366478K->40960K(368640K), 0.0415730 secs] 8367845K->8052522K(12541952K), 0.0420740 secs] [Times: user=0.32 sys=0.00, real=0.04 secs] 
2011-03-01T02:56:55.838+0000: 6917.230: [GC 6917.230: [ParNew: 368640K->33909K(368640K), 0.0295540 secs] 8380202K->8051351K(12541952K), 0.0300610 secs] [Times: user=0.24 sys=0.00, real=0.03 secs] 
2011-03-01T02:56:56.232+0000: 6917.624: [GC 6917.624: [ParNew: 361589K->29565K(368640K), 0.0327610 secs] 8379031K->8048527K(12541952K), 0.0334880 secs] [Times: user=0.24 sys=0.00, real=0.03 secs] 
2011-03-01T02:56:57.046+0000: 6918.438: [GC 6918.438: [ParNew: 357245K->11969K(368640K), 0.0274080 secs] 8376207K->8030932K(12541952K), 0.0278710 secs] [Times: user=0.19 sys=0.00, real=0.03 secs] 
2011-03-01T02:56:58.058+0000: 6919.449: [GC 6919.450: [ParNew: 339649K->19664K(368640K), 0.0283340 secs] 8358612K->8038626K(12541952K), 0.0288590 secs] [Times: user=0.24 sys=0.00, real=0.03 secs] 
2011-03-01T02:56:58.307+0000: 6919.698: [GC 6919.699: [ParNew: 347344K->23805K(368640K), 0.0323200 secs] 8366306K->8042767K(12541952K), 0.0328240 secs] [Times: user=0.24 sys=0.00, real=0.03 secs] 
2011-03-01T02:56:58.662+0000: 6920.054: [GC 6920.054: [ParNew: 351485K->40960K(368640K), 0.0365640 secs] 8370447K->8061408K(12541952K), 0.0371210 secs] [Times: user=0.29 sys=0.00, real=0.03 secs] 
2011-03-01T02:56:58.979+0000: 6920.370: [GC 6920.370: [ParNew: 368627K->15543K(368640K), 0.0391470 secs] 8389076K->8047250K(12541952K), 0.0396420 secs] [Times: user=0.32 sys=0.00, real=0.04 secs] 
2011-03-01T02:56:59.468+0000: 6920.860: [GC 6920.860: [ParNew: 343223K->10721K(368640K), 0.0289600 secs] 8374930K->8042429K(12541952K), 0.0295040 secs] [Times: user=0.24 sys=0.00, real=0.03 secs] 
2011-03-01T02:56:59.936+0000: 6921.327: [GC 6921.327: [ParNew: 338401K->12445K(368640K), 0.0323940 secs] 8370109K->8044152K(12541952K), 0.0328860 secs] [Times: user=0.24 sys=0.00, real=0.03 secs] 
2011-03-01T02:57:00.291+0000: 6921.682: [GC 6921.683: [ParNew: 340125K->29826K(368640K), 0.0327040 secs] 8371832K->8061533K(12541952K), 0.0332310 secs] [Times: user=0.28 sys=0.00, real=0.04 secs] 
2011-03-01T02:57:00.658+0000: 6922.050: [GC 6922.050: [ParNew: 357506K->27667K(368640K), 0.0333310 secs] 8389213K->8067525K(12541952K), 0.0338160 secs] [Times: user=0.24 sys=0.00, real=0.04 secs] 
2011-03-01T02:57:01.082+0000: 6922.473: [GC 6922.473: [ParNew: 355347K->32620K(368640K), 0.0557950 secs] 8395205K->8078771K(12541952K), 0.0562900 secs] [Times: user=0.47 sys=0.00, real=0.06 secs] 
2011-03-01T02:57:01.813+0000: 6923.204: [GC 6923.204: [ParNew: 360300K->5158K(368640K), 0.0574780 secs] 8406451K->8073259K(12541952K), 0.0579030 secs] [Times: user=0.43 sys=0.01, real=0.05 secs] 
2011-03-01T02:57:02.806+0000: 6924.197: [GC 6924.198: [ParNew: 332838K->18868K(368640K), 0.0226650 secs] 8400939K->8086969K(12541952K), 0.0230350 secs] [Times: user=0.16 sys=0.00, real=0.02 secs] 
2011-03-01T02:57:03.777+0000: 6925.168: [GC 6925.168: [ParNew: 346548K->31829K(368640K), 0.0245350 secs] 8414649K->8099930K(12541952K), 0.0248810 secs] [Times: user=0.16 sys=0.00, real=0.02 secs] 
2011-03-01T02:57:05.053+0000: 6926.444: [GC 6926.444: [ParNew: 359509K->16554K(368640K), 0.0285680 secs] 8427610K->8089928K(12541952K), 0.0289500 secs] [Times: user=0.18 sys=0.00, real=0.03 secs] 
2011-03-01T02:57:07.221+0000: 6928.612: [GC 6928.613: [ParNew: 344234K->34194K(368640K), 0.0283940 secs] 8417608K->8107569K(12541952K), 0.0287520 secs] [Times: user=0.23 sys=0.00, real=0.03 secs] 
2011-03-01T02:57:08.008+0000: 6929.399: [GC 6929.399: [ParNew: 361874K->25275K(368640K), 0.0422800 secs] 8435249K->8169634K(12541952K), 0.0426290 secs] [Times: user=0.28 sys=0.00, real=0.04 secs] 
2011-03-01T02:57:08.979+0000: 6930.370: [GC 6930.371: [ParNew: 352955K->34503K(368640K), 0.0337350 secs] 8497314K->8189150K(12541952K), 0.0341640 secs] [Times: user=0.25 sys=0.00, real=0.04 secs] 
2011-03-01T02:57:09.850+0000: 6931.241: [GC 6931.242: [ParNew: 362183K->26793K(368640K), 0.0351510 secs] 8516830K->8193050K(12541952K), 0.0356320 secs] [Times: user=0.30 sys=0.01, real=0.04 secs] 
2011-03-01T02:57:10.833+0000: 6932.224: [GC 6932.225: [ParNew: 354473K->9405K(368640K), 0.0257380 secs] 8520730K->8183583K(12541952K), 0.0262180 secs] [Times: user=0.16 sys=0.00, real=0.02 secs] 
2011-03-01T02:57:11.693+0000: 6933.084: [GC 6933.084: [ParNew: 337085K->19773K(368640K), 0.0300080 secs] 8511263K->8193951K(12541952K), 0.0304890 secs] [Times: user=0.21 sys=0.00, real=0.03 secs] 
2011-03-01T02:57:12.878+0000: 6934.269: [GC 6934.269: [ParNew: 347453K->20921K(368640K), 0.0326270 secs] 8521631K->8195099K(12541952K), 0.0330910 secs] [Times: user=0.24 sys=0.00, real=0.03 secs] 
2011-03-01T02:57:13.976+0000: 6935.367: [GC 6935.368: [ParNew: 348601K->15262K(368640K), 0.0360340 secs] 8522779K->8193302K(12541952K), 0.0419780 secs] [Times: user=0.31 sys=0.01, real=0.04 secs] 
2011-03-01T02:57:14.973+0000: 6936.364: [GC 6936.364: [ParNew: 342942K->20856K(368640K), 0.0349900 secs] 8520982K->8200455K(12541952K), 0.0353570 secs] [Times: user=0.28 sys=0.00, real=0.03 secs] 
2011-03-01T02:57:16.102+0000: 6937.493: [GC 6937.493: [ParNew: 348536K->28601K(368640K), 0.0354510 secs] 8528135K->8209732K(12541952K), 0.0358680 secs] [Times: user=0.31 sys=0.00, real=0.04 secs] 
2011-03-01T02:57:17.012+0000: 6938.403: [GC 6938.403: [ParNew: 356281K->20920K(368640K), 0.0382370 secs] 8537412K->8211101K(12541952K), 0.0387030 secs] [Times: user=0.29 sys=0.01, real=0.04 secs] 
2011-03-01T02:57:17.955+0000: 6939.346: [GC 6939.346: [ParNew: 348600K->20354K(368640K), 0.0298990 secs] 8538781K->8210535K(12541952K), 0.0303670 secs] [Times: user=0.21 sys=0.01, real=0.03 secs] 
2011-03-01T02:57:18.709+0000: 6940.101: [GC 6940.101: [ParNew: 348034K->25191K(368640K), 0.0322070 secs] 8538215K->8215372K(12541952K), 0.0326720 secs] [Times: user=0.24 sys=0.00, real=0.04 secs] 
2011-03-01T02:57:19.420+0000: 6940.811: [GC 6940.811: [ParNew: 352871K->16859K(368640K), 0.0346620 secs] 8543052K->8210273K(12541952K), 0.0387290 secs] [Times: user=0.26 sys=0.00, real=0.04 secs] 
2011-03-01T02:57:20.266+0000: 6941.658: [GC 6941.658: [ParNew: 344539K->40960K(368640K), 0.0374250 secs] 8537953K->8236001K(12541952K), 0.0379120 secs] [Times: user=0.27 sys=0.01, real=0.04 secs] 
2011-03-01T02:57:21.026+0000: 6942.417: [GC 6942.418: [ParNew: 368640K->13585K(368640K), 0.0400380 secs] 8563681K->8221873K(12541952K), 0.0403940 secs] [Times: user=0.30 sys=0.00, real=0.04 secs] 
2011-03-01T02:57:21.754+0000: 6943.145: [GC 6943.145: [ParNew: 341265K->5439K(368640K), 0.0300430 secs] 8549553K->8213727K(12541952K), 0.0303950 secs] [Times: user=0.23 sys=0.00, real=0.03 secs] 
2011-03-01T02:57:22.511+0000: 6943.902: [GC 6943.903: [ParNew: 333119K->26580K(368640K), 0.0321320 secs] 8541407K->8234868K(12541952K), 0.0324920 secs] [Times: user=0.25 sys=0.00, real=0.04 secs] 
2011-03-01T02:57:23.559+0000: 6944.950: [GC 6944.950: [ParNew: 354260K->17203K(368640K), 0.0373800 secs] 8562548K->8235240K(12541952K), 0.0377320 secs] [Times: user=0.28 sys=0.00, real=0.04 secs] 
2011-03-01T02:57:24.084+0000: 6945.475: [GC 6945.475: [ParNew: 344883K->17728K(368640K), 0.0327880 secs] 8562920K->8235764K(12541952K), 0.0331390 secs] [Times: user=0.25 sys=0.00, real=0.03 secs] 
2011-03-01T02:57:25.114+0000: 6946.505: [GC 6946.505: [ParNew: 345408K->27982K(368640K), 0.0333610 secs] 8563444K->8246019K(12541952K), 0.0337150 secs] [Times: user=0.26 sys=0.00, real=0.03 secs] 
2011-03-01T02:57:25.971+0000: 6947.362: [GC 6947.363: [ParNew: 355662K->25412K(368640K), 0.0327300 secs] 8573699K->8246766K(12541952K), 0.0330780 secs] [Times: user=0.26 sys=0.01, real=0.04 secs] 
2011-03-01T02:57:26.950+0000: 6948.341: [GC 6948.341: [ParNew: 353092K->23642K(368640K), 0.0351240 secs] 8574446K->8249344K(12541952K), 0.0354790 secs] [Times: user=0.28 sys=0.00, real=0.04 secs] 
2011-03-01T02:57:28.025+0000: 6949.417: [GC 6949.417: [ParNew: 351322K->37350K(368640K), 0.0351340 secs] 8577024K->8264537K(12541952K), 0.0354850 secs] [Times: user=0.22 sys=0.02, real=0.03 secs] 
2011-03-01T02:57:29.022+0000: 6950.413: [GC 6950.413: [ParNew: 365030K->27992K(368640K), 0.0344490 secs] 8592217K->8258954K(12541952K), 0.0347950 secs] [Times: user=0.32 sys=0.00, real=0.04 secs] 
2011-03-01T02:57:29.977+0000: 6951.368: [GC 6951.368: [ParNew: 355672K->6874K(368640K), 0.0320020 secs] 8586634K->8243335K(12541952K), 0.0387450 secs] [Times: user=0.24 sys=0.00, real=0.04 secs] 
2011-03-01T02:57:30.888+0000: 6952.279: [GC 6952.279: [ParNew: 334554K->9730K(368640K), 0.0315650 secs] 8571015K->8246191K(12541952K), 0.0320170 secs] [Times: user=0.24 sys=0.00, real=0.03 secs] 
2011-03-01T02:57:31.627+0000: 6953.019: [GC 6953.019: [ParNew: 337410K->32621K(368640K), 0.0358960 secs] 8573871K->8270362K(12541952K), 0.0363710 secs] [Times: user=0.25 sys=0.00, real=0.04 secs] 
2011-03-01T02:57:32.460+0000: 6953.851: [GC 6953.852: [ParNew: 360301K->8959K(368640K), 0.0452700 secs] 8598042K->8259481K(12541952K), 0.0457440 secs] [Times: user=0.28 sys=0.01, real=0.05 secs] 
2011-03-01T02:57:33.217+0000: 6954.608: [GC 6954.608: [ParNew: 336639K->6488K(368640K), 0.0288250 secs] 8587161K->8257009K(12541952K), 0.0292860 secs] [Times: user=0.24 sys=0.00, real=0.03 secs] 
2011-03-01T02:57:34.017+0000: 6955.408: [GC 6955.408: [ParNew: 334168K->18600K(368640K), 0.0302810 secs] 8584689K->8269121K(12541952K), 0.0307520 secs] [Times: user=0.24 sys=0.00, real=0.03 secs] 
2011-03-01T02:57:34.803+0000: 6956.194: [GC 6956.194: [ParNew: 346280K->40247K(368640K), 0.0347280 secs] 8596801K->8290768K(12541952K), 0.0352210 secs] [Times: user=0.27 sys=0.02, real=0.03 secs] 
2011-03-01T02:57:35.471+0000: 6956.862: [GC 6956.863: [ParNew: 367927K->20516K(368640K), 0.0435960 secs] 8618448K->8284485K(12541952K), 0.0477060 secs] [Times: user=0.32 sys=0.00, real=0.05 secs] 
2011-03-01T02:57:35.816+0000: 6957.207: [GC 6957.207: [ParNew: 348196K->18983K(368640K), 0.0354320 secs] 8612165K->8282953K(12541952K), 0.0357850 secs] [Times: user=0.22 sys=0.01, real=0.03 secs] 
2011-03-01T02:57:36.204+0000: 6957.595: [GC 6957.595: [ParNew: 346663K->40960K(368640K), 0.0510690 secs] 8610633K->8310569K(12541952K), 0.0514240 secs] [Times: user=0.30 sys=0.01, real=0.05 secs] 
2011-03-01T02:57:36.496+0000: 6957.887: [GC 6957.887: [ParNew: 368640K->25811K(368640K), 0.0571470 secs] 8638249K->8317724K(12541952K), 0.0575040 secs] [Times: user=0.40 sys=0.00, real=0.06 secs] 
2011-03-01T02:57:36.555+0000: 6957.946: [GC [1 CMS-initial-mark: 8291912K(12173312K)] 8317817K(12541952K), 0.0280300 secs] [Times: user=0.02 sys=0.01, real=0.03 secs] 
2011-03-01T02:57:36.584+0000: 6957.975: [CMS-concurrent-mark-start]
2011-03-01T02:57:36.808+0000: 6958.199: [GC 6958.199: [ParNew: 353491K->40960K(368640K), 0.0472600 secs] 8645404K->8336230K(12541952K), 0.0476220 secs] [Times: user=0.37 sys=0.00, real=0.05 secs] 
2011-03-01T02:57:37.115+0000: 6958.507: [GC 6958.507: [ParNew: 368640K->40960K(368640K), 0.0585450 secs] 8663910K->8354801K(12541952K), 0.0589490 secs] [Times: user=0.38 sys=0.00, real=0.06 secs] 
2011-03-01T02:57:37.390+0000: 6958.781: [GC 6958.781: [ParNew: 368640K->40960K(368640K), 0.0771820 secs] 8682481K->8384773K(12541952K), 0.0775360 secs] [Times: user=0.58 sys=0.02, real=0.08 secs] 
2011-03-01T02:57:37.623+0000: 6959.014: [CMS-concurrent-mark: 0.841/1.040 secs] [Times: user=11.46 sys=1.30, real=1.04 secs] 
2011-03-01T02:57:37.623+0000: 6959.015: [CMS-concurrent-preclean-start]
2011-03-01T02:57:37.662+0000: 6959.053: [GC 6959.053: [ParNew: 368640K->40960K(368640K), 0.0754550 secs] 8712453K->8408791K(12541952K), 0.0758070 secs] [Times: user=0.54 sys=0.01, real=0.08 secs] 
2011-03-01T02:57:37.956+0000: 6959.348: [GC 6959.348: [ParNew: 368640K->40960K(368640K), 0.0563640 secs] 8736471K->8425955K(12541952K), 0.0567240 secs] [Times: user=0.39 sys=0.00, real=0.06 secs] 
2011-03-01T02:57:38.330+0000: 6959.721: [GC 6959.721: [ParNew: 368640K->40960K(368640K), 0.0443950 secs] 8753635K->8434420K(12541952K), 0.0448970 secs] [Times: user=0.33 sys=0.00, real=0.05 secs] 
2011-03-01T02:57:38.514+0000: 6959.905: [CMS-concurrent-preclean: 0.680/0.891 secs] [Times: user=5.97 sys=1.12, real=0.89 secs] 
2011-03-01T02:57:38.514+0000: 6959.905: [CMS-concurrent-abortable-preclean-start]
2011-03-01T02:57:38.591+0000: 6959.982: [CMS-concurrent-abortable-preclean: 0.076/0.077 secs] [Times: user=0.36 sys=0.07, real=0.07 secs] 
2011-03-01T02:57:38.593+0000: 6959.985: [GC[YG occupancy: 236538 K (368640 K)]6959.985: [Rescan (parallel) , 0.0680660 secs]6960.053: [weak refs processing, 0.0362370 secs] [1 CMS-remark: 8393460K(12173312K)] 8629999K(12541952K), 0.1046700 secs] [Times: user=0.49 sys=0.01, real=0.10 secs] 
2011-03-01T02:57:38.699+0000: 6960.090: [CMS-concurrent-sweep-start]
2011-03-01T02:57:38.832+0000: 6960.223: [GC 6960.223: [ParNew: 368640K->16716K(368640K), 0.0296610 secs] 8692785K->8351227K(12541952K), 0.0301510 secs] [Times: user=0.24 sys=0.00, real=0.03 secs] 
2011-03-01T02:57:39.259+0000: 6960.650: [GC 6960.650: [ParNew: 344396K->32586K(368640K), 0.0286210 secs] 8285657K->7973847K(12541952K), 0.0290950 secs] [Times: user=0.24 sys=0.00, real=0.03 secs] 
2011-03-01T02:57:39.967+0000: 6961.358: [GC 6961.359: [ParNew: 360266K->26823K(368640K), 0.0425830 secs] 8138360K->7812331K(12541952K), 0.0430630 secs] [Times: user=0.25 sys=0.00, real=0.04 secs] 
2011-03-01T02:57:40.860+0000: 6962.252: [GC 6962.252: [ParNew: 354503K->25549K(368640K), 0.0308270 secs] 7968558K->7639603K(12541952K), 0.0313010 secs] [Times: user=0.24 sys=0.00, real=0.03 secs] 
2011-03-01T02:57:41.592+0000: 6962.983: [GC 6962.984: [ParNew: 353229K->6958K(368640K), 0.0325000 secs] 7811289K->7471181K(12541952K), 0.0329730 secs] [Times: user=0.26 sys=0.01, real=0.03 secs] 
2011-03-01T02:57:42.321+0000: 6963.712: [GC 6963.712: [ParNew: 334638K->29623K(368640K), 0.0403690 secs] 7631755K->7326740K(12541952K), 0.0408380 secs] [Times: user=0.30 sys=0.00, real=0.04 secs] 
2011-03-01T02:57:43.403+0000: 6964.794: [GC 6964.794: [ParNew: 357303K->6796K(368640K), 0.0374740 secs] 7378662K->7039367K(12541952K), 0.0379260 secs] [Times: user=0.28 sys=0.01, real=0.03 secs] 
2011-03-01T02:57:44.866+0000: 6966.257: [GC 6966.257: [ParNew: 334476K->10353K(368640K), 0.0306650 secs] 7097252K->6773129K(12541952K), 0.0310180 secs] [Times: user=0.24 sys=0.00, real=0.03 secs] 
2011-03-01T02:57:46.002+0000: 6967.393: [GC 6967.393: [ParNew: 338033K->36377K(368640K), 0.0344580 secs] 6858986K->6557330K(12541952K), 0.0355530 secs] [Times: user=0.29 sys=0.00, real=0.04 secs] 
2011-03-01T02:57:47.070+0000: 6968.461: [GC 6968.461: [ParNew: 364057K->8720K(368640K), 0.0398520 secs] 6464980K->6126592K(12541952K), 0.0402020 secs] [Times: user=0.31 sys=0.01, real=0.04 secs] 
2011-03-01T02:57:47.856+0000: 6969.247: [GC 6969.247: [ParNew: 336529K->9579K(368640K), 0.0256660 secs] 6314897K->5987946K(12541952K), 0.0260640 secs] [Times: user=0.16 sys=0.00, real=0.02 secs] 
2011-03-01T02:57:47.885+0000: 6969.276: [GC 6969.276: [ParNew: 13673K->10082K(368640K), 0.0231200 secs] 5991952K->5988360K(12541952K), 0.0234360 secs] [Times: user=0.16 sys=0.00, real=0.02 secs] 
2011-03-01T02:57:48.635+0000: 6970.026: [GC 6970.026: [ParNew: 337762K->32122K(368640K), 0.0272680 secs] 6198800K->5893160K(12541952K), 0.0276860 secs] [Times: user=0.16 sys=0.00, real=0.03 secs] 
2011-03-01T02:57:49.645+0000: 6971.036: [GC 6971.036: [ParNew: 359802K->8011K(368640K), 0.0321410 secs] 6027967K->5688317K(12541952K), 0.0324880 secs] [Times: user=0.25 sys=0.00, real=0.03 secs] 
2011-03-01T02:57:50.491+0000: 6971.882: [GC 6971.882: [ParNew: 335691K->4758K(368640K), 0.0233240 secs] 5835009K->5504076K(12541952K), 0.0236720 secs] [Times: user=0.21 sys=0.00, real=0.03 secs] 
2011-03-01T02:57:51.594+0000: 6972.985: [GC 6972.985: [ParNew: 332438K->6632K(368640K), 0.0222040 secs] 5350285K->5024479K(12541952K), 0.0225430 secs] [Times: user=0.18 sys=0.00, real=0.03 secs] 
2011-03-01T02:57:52.660+0000: 6974.051: [GC 6974.051: [ParNew: 334312K->8448K(368640K), 0.0215630 secs] 5087022K->4761158K(12541952K), 0.0219830 secs] [Times: user=0.16 sys=0.00, real=0.02 secs] 
2011-03-01T02:57:53.553+0000: 6974.944: [GC 6974.944: [ParNew: 336128K->16448K(368640K), 0.0261520 secs] 4917089K->4598939K(12541952K), 0.0266220 secs] [Times: user=0.19 sys=0.00, real=0.02 secs] 
2011-03-01T02:57:54.387+0000: 6975.779: [GC 6975.779: [ParNew: 344128K->40960K(368640K), 0.0302590 secs] 4775688K->4479485K(12541952K), 0.0307910 secs] [Times: user=0.22 sys=0.00, real=0.03 secs] 
2011-03-01T02:57:54.930+0000: 6976.321: [GC 6976.321: [ParNew: 368640K->27663K(368640K), 0.0279580 secs] 4701444K->4368441K(12541952K), 0.0284290 secs] [Times: user=0.24 sys=0.00, real=0.03 secs] 
2011-03-01T02:57:55.389+0000: 6976.780: [GC 6976.780: [ParNew: 355343K->19411K(368640K), 0.0255520 secs] 4612102K->4279866K(12541952K), 0.0260440 secs] [Times: user=0.20 sys=0.00, real=0.03 secs] 
2011-03-01T02:57:56.059+0000: 6977.450: [GC 6977.450: [ParNew: 347091K->14794K(368640K), 0.0285040 secs] 4348602K->4016305K(12541952K), 0.0288670 secs] [Times: user=0.23 sys=0.00, real=0.03 secs] 
2011-03-01T02:57:56.718+0000: 6978.110: [GC 6978.110: [ParNew: 342474K->26024K(368640K), 0.0258040 secs] 4115099K->3798648K(12541952K), 0.0324060 secs] [Times: user=0.17 sys=0.00, real=0.03 secs] 
2011-03-01T02:57:57.400+0000: 6978.791: [GC 6978.791: [ParNew: 353704K->28042K(368640K), 0.0297630 secs] 4009893K->3687459K(12541952K), 0.0301220 secs] [Times: user=0.24 sys=0.00, real=0.03 secs] 
2011-03-01T02:57:58.148+0000: 6979.539: [GC 6979.539: [ParNew: 355722K->15892K(368640K), 0.0260910 secs] 3886019K->3553396K(12541952K), 0.0264510 secs] [Times: user=0.19 sys=0.01, real=0.03 secs] 
2011-03-01T02:57:58.781+0000: 6980.172: [GC 6980.173: [ParNew: 343572K->15513K(368640K), 0.0222900 secs] 3764816K->3436758K(12541952K), 0.0226500 secs] [Times: user=0.18 sys=0.00, real=0.03 secs] 
2011-03-01T02:57:59.453+0000: 6980.844: [GC 6980.844: [ParNew: 343193K->31932K(368640K), 0.0247780 secs] 3641390K->3330129K(12541952K), 0.0251960 secs] [Times: user=0.19 sys=0.00, real=0.02 secs] 
2011-03-01T02:57:59.930+0000: 6981.321: [GC 6981.321: [ParNew: 359612K->40186K(368640K), 0.0565220 secs] 3557827K->3311180K(12541952K), 0.0568750 secs] [Times: user=0.48 sys=0.00, real=0.06 secs] 
2011-03-01T02:58:00.259+0000: 6981.651: [GC 6981.651: [ParNew: 367866K->20038K(368640K), 0.0426210 secs] 3507768K->3179054K(12541952K), 0.0431140 secs] [Times: user=0.33 sys=0.00, real=0.05 secs] 
2011-03-01T02:58:00.624+0000: 6982.015: [GC 6982.015: [ParNew: 347718K->28490K(368640K), 0.0306010 secs] 3342272K->3023044K(12541952K), 0.0309700 secs] [Times: user=0.24 sys=0.00, real=0.03 secs] 
2011-03-01T02:58:00.999+0000: 6982.390: [GC 6982.390: [ParNew: 356146K->22537K(368640K), 0.0375580 secs] 3286673K->2959204K(12541952K), 0.0379370 secs] [Times: user=0.30 sys=0.01, real=0.04 secs] 
2011-03-01T02:58:01.258+0000: 6982.649: [GC 6982.649: [ParNew: 350217K->40921K(368640K), 0.0493920 secs] 3179904K->2938192K(12541952K), 0.0497570 secs] [Times: user=0.39 sys=0.01, real=0.05 secs] 
2011-03-01T02:58:01.629+0000: 6983.021: [GC 6983.021: [ParNew: 368601K->15825K(368640K), 0.0477290 secs] 3208725K->2876923K(12541952K), 0.0480920 secs] [Times: user=0.38 sys=0.00, real=0.05 secs] 
2011-03-01T02:58:01.999+0000: 6983.390: [GC 6983.390: [ParNew: 343505K->34343K(368640K), 0.0369740 secs] 3142388K->2833226K(12541952K), 0.0373360 secs] [Times: user=0.32 sys=0.00, real=0.04 secs] 
2011-03-01T02:58:02.340+0000: 6983.731: [GC 6983.731: [ParNew: 362023K->12722K(368640K), 0.0407550 secs] 3111077K->2773919K(12541952K), 0.0411420 secs] [Times: user=0.32 sys=0.00, real=0.04 secs] 
2011-03-01T02:58:02.688+0000: 6984.079: [GC 6984.080: [ParNew: 340402K->15415K(368640K), 0.0324690 secs] 3040565K->2715577K(12541952K), 0.0328310 secs] [Times: user=0.24 sys=0.00, real=0.03 secs] 
2011-03-01T02:58:03.046+0000: 6984.437: [GC 6984.438: [ParNew: 343095K->16679K(368640K), 0.0356780 secs] 2993416K->2667000K(12541952K), 0.0362250 secs] [Times: user=0.24 sys=0.01, real=0.04 secs] 
2011-03-01T02:58:03.359+0000: 6984.750: [GC 6984.751: [ParNew: 344359K->21927K(368640K), 0.0395300 secs] 2946483K->2624051K(12541952K), 0.0400570 secs] [Times: user=0.32 sys=0.00, real=0.04 secs] 
2011-03-01T02:58:03.731+0000: 6985.122: [GC 6985.123: [ParNew: 349607K->26874K(368640K), 0.0456360 secs] 2858546K->2537628K(12541952K), 0.0461220 secs] [Times: user=0.39 sys=0.01, real=0.05 secs] 
2011-03-01T02:58:04.278+0000: 6985.669: [GC 6985.670: [ParNew: 354554K->24873K(368640K), 0.0443810 secs] 2719657K->2393061K(12541952K), 0.0448880 secs] [Times: user=0.33 sys=0.00, real=0.05 secs] 
2011-03-01T02:58:04.917+0000: 6986.308: [GC 6986.309: [ParNew: 352499K->31364K(368640K), 0.0506030 secs] 2452437K->2133559K(12541952K), 0.0510890 secs] [Times: user=0.40 sys=0.00, real=0.05 secs] 
2011-03-01T02:58:05.346+0000: 6986.737: [GC 6986.737: [ParNew: 359044K->39531K(368640K), 0.0579530 secs] 2263845K->2015980K(12541952K), 0.0583800 secs] [Times: user=0.41 sys=0.00, real=0.06 secs] 
2011-03-01T02:58:05.655+0000: 6987.046: [CMS-concurrent-sweep: 25.294/26.956 secs] [Times: user=87.97 sys=17.72, real=26.96 secs] 
2011-03-01T02:58:05.655+0000: 6987.046: [CMS-concurrent-reset-start]
2011-03-01T02:58:05.682+0000: 6987.073: [CMS-concurrent-reset: 0.026/0.026 secs] [Times: user=0.05 sys=0.05, real=0.02 secs] 
2011-03-01T02:58:06.460+0000: 6987.851: [GC 6987.851: [ParNew: 367211K->11195K(368640K), 0.0438630 secs] 2187429K->1855830K(12541952K), 0.0442160 secs] [Times: user=0.33 sys=0.00, real=0.05 secs] 
2011-03-01T02:58:07.220+0000: 6988.612: [GC 6988.612: [ParNew: 338875K->9612K(368640K), 0.0263390 secs] 2183510K->1854246K(12541952K), 0.0296810 secs] [Times: user=0.17 sys=0.00, real=0.03 secs] 
2011-03-01T02:58:08.146+0000: 6989.537: [GC 6989.537: [ParNew: 337292K->40960K(368640K), 0.0339880 secs] 2181926K->1886744K(12541952K), 0.0343460 secs] [Times: user=0.24 sys=0.00, real=0.03 secs] 
2011-03-01T02:58:08.960+0000: 6990.352: [GC 6990.352: [ParNew: 368640K->8825K(368640K), 0.0383110 secs] 2214424K->1870221K(12541952K), 0.0386650 secs] [Times: user=0.32 sys=0.00, real=0.04 secs] 
2011-03-01T02:58:09.631+0000: 6991.022: [GC 6991.022: [ParNew: 336505K->29106K(368640K), 0.0408680 secs] 2197901K->1890502K(12541952K), 0.0412180 secs] [Times: user=0.30 sys=0.00, real=0.05 secs] 
2011-03-01T02:58:10.603+0000: 6991.994: [GC 6991.994: [ParNew: 356786K->8245K(368640K), 0.0490510 secs] 2218182K->1895939K(12541952K), 0.0494150 secs] [Times: user=0.33 sys=0.01, real=0.05 secs] 
2011-03-01T02:58:11.526+0000: 6992.917: [GC 6992.917: [ParNew: 335925K->13438K(368640K), 0.0210700 secs] 2223619K->1901132K(12541952K), 0.0214340 secs] [Times: user=0.16 sys=0.00, real=0.02 secs] 
2011-03-01T02:58:12.285+0000: 6993.676: [GC 6993.677: [ParNew: 341118K->14673K(368640K), 0.0287210 secs] 2228812K->1902367K(12541952K), 0.0299780 secs] [Times: user=0.25 sys=0.01, real=0.03 secs] 
2011-03-01T02:58:13.101+0000: 6994.492: [GC 6994.492: [ParNew: 342306K->19202K(368640K), 0.0239410 secs] 2230000K->1906896K(12541952K), 0.0243190 secs] [Times: user=0.23 sys=0.00, real=0.03 secs] 
2011-03-01T02:58:14.004+0000: 6995.395: [GC 6995.395: [ParNew: 346882K->26083K(368640K), 0.0290790 secs] 2234576K->1917161K(12541952K), 0.0294300 secs] [Times: user=0.17 sys=0.00, real=0.03 secs] 
2011-03-01T02:58:14.913+0000: 6996.304: [GC 6996.305: [ParNew: 353763K->40960K(368640K), 0.0300420 secs] 2244841K->1937994K(12541952K), 0.0303960 secs] [Times: user=0.19 sys=0.00, real=0.03 secs] 
2011-03-01T02:58:15.597+0000: 6996.988: [GC 6996.988: [ParNew: 368640K->26060K(368640K), 0.0382610 secs] 2265674K->1932132K(12541952K), 0.0386190 secs] [Times: user=0.28 sys=0.00, real=0.04 secs] 
2011-03-01T02:58:16.623+0000: 6998.015: [GC 6998.015: [ParNew: 353740K->34800K(368640K), 0.0327320 secs] 2259812K->1940873K(12541952K), 0.0330830 secs] [Times: user=0.25 sys=0.00, real=0.03 secs] 
2011-03-01T02:58:17.623+0000: 6999.014: [GC 6999.014: [ParNew: 362480K->18581K(368640K), 0.0352590 secs] 2268553K->1932068K(12541952K), 0.0356020 secs] [Times: user=0.25 sys=0.01, real=0.03 secs] 
2011-03-01T02:58:18.608+0000: 7000.000: [GC 7000.000: [ParNew: 346261K->27472K(368640K), 0.0345480 secs] 2259748K->1940959K(12541952K), 0.0348950 secs] [Times: user=0.26 sys=0.01, real=0.04 secs] 
2011-03-01T02:58:19.237+0000: 7000.629: [GC 7000.629: [ParNew: 355152K->28722K(368640K), 0.0385070 secs] 2268639K->1944790K(12541952K), 0.0388700 secs] [Times: user=0.32 sys=0.01, real=0.04 secs] 
2011-03-01T02:58:20.118+0000: 7001.509: [GC 7001.509: [ParNew: 356402K->40147K(368640K), 0.0421920 secs] 2272470K->1961884K(12541952K), 0.0425490 secs] [Times: user=0.31 sys=0.01, real=0.04 secs] 
2011-03-01T02:58:20.855+0000: 7002.246: [GC 7002.246: [ParNew: 367827K->28042K(368640K), 0.0470230 secs] 2289564K->1969148K(12541952K), 0.0473790 secs] [Times: user=0.32 sys=0.01, real=0.05 secs] 
2011-03-01T02:58:21.673+0000: 7003.064: [GC 7003.064: [ParNew: 355722K->26872K(368640K), 0.0306920 secs] 2296828K->1967978K(12541952K), 0.0310600 secs] [Times: user=0.24 sys=0.00, real=0.03 secs] 
2011-03-01T02:58:22.434+0000: 7003.825: [GC 7003.825: [ParNew: 354552K->14399K(368640K), 0.0381300 secs] 2295659K->1962671K(12541952K), 0.0384780 secs] [Times: user=0.23 sys=0.00, real=0.04 secs] 
2011-03-01T02:58:22.475+0000: 7003.866: [GC 7003.866: [ParNew: 14426K->14521K(368640K), 0.0279290 secs] 1962697K->1962792K(12541952K), 0.0282230 secs] [Times: user=0.16 sys=0.01, real=0.03 secs] 
2011-03-01T02:58:23.252+0000: 7004.643: [GC 7004.643: [ParNew: 342201K->29218K(368640K), 0.0353640 secs] 2290472K->1977490K(12541952K), 0.0357160 secs] [Times: user=0.28 sys=0.01, real=0.04 secs] 
2011-03-01T02:58:23.894+0000: 7005.285: [GC 7005.285: [ParNew: 356898K->38733K(368640K), 0.0467080 secs] 2305170K->1996066K(12541952K), 0.0470670 secs] [Times: user=0.31 sys=0.00, real=0.04 secs] 
2011-03-01T02:58:24.864+0000: 7006.255: [GC 7006.255: [ParNew: 366413K->35194K(368640K), 0.0389190 secs] 2323746K->1999996K(12541952K), 0.0392820 secs] [Times: user=0.24 sys=0.01, real=0.04 secs] 
2011-03-01T02:58:26.542+0000: 7007.934: [GC 7007.934: [ParNew: 362874K->18859K(368640K), 0.0437300 secs] 2327676K->1992109K(12541952K), 0.0441560 secs] [Times: user=0.34 sys=0.01, real=0.04 secs] 
2011-03-01T02:58:27.558+0000: 7008.949: [GC 7008.949: [ParNew: 346539K->40960K(368640K), 0.0357180 secs] 2319789K->2014210K(12541952K), 0.0361900 secs] [Times: user=0.28 sys=0.00, real=0.04 secs] 
2011-03-01T02:58:28.475+0000: 7009.866: [GC 7009.866: [ParNew: 368640K->18419K(368640K), 0.0456590 secs] 2341890K->2008669K(12541952K), 0.0461390 secs] [Times: user=0.32 sys=0.00, real=0.04 secs] 
2011-03-01T02:58:29.333+0000: 7010.724: [GC 7010.724: [ParNew: 346099K->27222K(368640K), 0.0288450 secs] 2336349K->2017473K(12541952K), 0.0293300 secs] [Times: user=0.18 sys=0.01, real=0.02 secs] 
2011-03-01T02:58:30.296+0000: 7011.687: [GC 7011.687: [ParNew: 354902K->29272K(368640K), 0.0349430 secs] 2345153K->2022387K(12541952K), 0.0354170 secs] [Times: user=0.24 sys=0.00, real=0.03 secs] 
2011-03-01T02:58:31.164+0000: 7012.555: [GC 7012.556: [ParNew: 356952K->13194K(368640K), 0.0395280 secs] 2350067K->2013903K(12541952K), 0.0400090 secs] [Times: user=0.25 sys=0.01, real=0.04 secs] 
2011-03-01T02:58:31.770+0000: 7013.161: [GC 7013.162: [ParNew: 340874K->19360K(368640K), 0.0341600 secs] 2341583K->2020070K(12541952K), 0.0346590 secs] [Times: user=0.31 sys=0.01, real=0.04 secs] 
2011-03-01T02:58:32.554+0000: 7013.945: [GC 7013.945: [ParNew: 347040K->39370K(368640K), 0.0380360 secs] 2347750K->2040080K(12541952K), 0.0385080 secs] [Times: user=0.24 sys=0.00, real=0.04 secs] 
2011-03-01T02:58:33.289+0000: 7014.681: [GC 7014.681: [ParNew: 367050K->31591K(368640K), 0.0490960 secs] 2367760K->2045452K(12541952K), 0.0495740 secs] [Times: user=0.41 sys=0.00, real=0.05 secs] 
2011-03-01T02:58:33.878+0000: 7015.269: [GC 7015.269: [ParNew: 359271K->18811K(368640K), 0.0405090 secs] 2373132K->2051396K(12541952K), 0.0409860 secs] [Times: user=0.32 sys=0.00, real=0.04 secs] 
2011-03-01T02:58:34.741+0000: 7016.132: [GC 7016.132: [ParNew: 346491K->13994K(368640K), 0.0303240 secs] 2379076K->2046579K(12541952K), 0.0308260 secs] [Times: user=0.24 sys=0.00, real=0.03 secs] 
2011-03-01T02:58:35.282+0000: 7016.674: [GC 7016.674: [ParNew: 341674K->32095K(368640K), 0.0422680 secs] 2374259K->2064681K(12541952K), 0.0427690 secs] [Times: user=0.34 sys=0.00, real=0.04 secs] 
2011-03-01T02:58:35.673+0000: 7017.064: [GC 7017.064: [ParNew: 359775K->40960K(368640K), 0.0492860 secs] 2392361K->2091810K(12541952K), 0.0497700 secs] [Times: user=0.34 sys=0.01, real=0.05 secs] 
2011-03-01T02:58:36.077+0000: 7017.468: [GC 7017.468: [ParNew: 368550K->25894K(368640K), 0.0458710 secs] 2419401K->2096453K(12541952K), 0.0463710 secs] [Times: user=0.32 sys=0.00, real=0.05 secs] 
2011-03-01T02:58:36.373+0000: 7017.764: [GC 7017.764: [ParNew: 353574K->40960K(368640K), 0.0685510 secs] 2424133K->2134106K(12541952K), 0.0690290 secs] [Times: user=0.48 sys=0.01, real=0.06 secs] 
2011-03-01T02:58:36.707+0000: 7018.098: [GC 7018.099: [ParNew: 368640K->40960K(368640K), 0.0705660 secs] 2461786K->2154180K(12541952K), 0.0710500 secs] [Times: user=0.48 sys=0.00, real=0.07 secs] 
2011-03-01T02:58:37.108+0000: 7018.500: [GC 7018.500: [ParNew: 368640K->28918K(368640K), 0.0503460 secs] 2481860K->2154575K(12541952K), 0.0508540 secs] [Times: user=0.34 sys=0.01, real=0.05 secs] 
2011-03-01T02:58:37.433+0000: 7018.824: [GC 7018.825: [ParNew: 356598K->40960K(368640K), 0.0629140 secs] 2482255K->2179322K(12541952K), 0.0634160 secs] [Times: user=0.39 sys=0.08, real=0.06 secs] 
2011-03-01T02:58:37.699+0000: 7019.090: [GC 7019.091: [ParNew: 368640K->40960K(368640K), 0.0605080 secs] 2507002K->2193368K(12541952K), 0.0610110 secs] [Times: user=0.39 sys=0.00, real=0.06 secs] 
2011-03-01T02:58:38.119+0000: 7019.511: [GC 7019.511: [ParNew: 368640K->40960K(368640K), 0.1192510 secs] 2521048K->2228693K(12541952K), 0.1197510 secs] [Times: user=0.67 sys=0.00, real=0.12 secs] 
2011-03-01T02:58:38.633+0000: 7020.025: [GC 7020.025: [ParNew: 368640K->37394K(368640K), 0.0686080 secs] 2556373K->2242035K(12541952K), 0.0691600 secs] [Times: user=0.36 sys=0.00, real=0.07 secs] 
2011-03-01T02:58:39.052+0000: 7020.443: [GC 7020.444: [ParNew: 365074K->40960K(368640K), 0.0589250 secs] 2569715K->2255485K(12541952K), 0.0594160 secs] [Times: user=0.36 sys=0.00, real=0.05 secs] 
2011-03-01T02:58:39.599+0000: 7020.991: [GC 7020.991: [ParNew: 368640K->32201K(368640K), 0.0562990 secs] 2583165K->2275172K(12541952K), 0.0567090 secs] [Times: user=0.34 sys=0.00, real=0.06 secs] 
2011-03-01T02:58:39.960+0000: 7021.351: [GC 7021.352: [ParNew: 359881K->17644K(368640K), 0.0612110 secs] 2602852K->2341864K(12541952K), 0.0615610 secs] [Times: user=0.40 sys=0.00, real=0.06 secs] 
2011-03-01T02:58:40.417+0000: 7021.808: [GC 7021.809: [ParNew: 345324K->22822K(368640K), 0.0265390 secs] 2669544K->2347041K(12541952K), 0.0270160 secs] [Times: user=0.23 sys=0.02, real=0.03 secs] 
2011-03-01T02:58:40.883+0000: 7022.274: [GC 7022.275: [ParNew: 350502K->12557K(368640K), 0.0415410 secs] 2674721K->2349700K(12541952K), 0.0419480 secs] [Times: user=0.25 sys=0.00, real=0.04 secs] 
2011-03-01T02:58:41.312+0000: 7022.703: [GC 7022.704: [ParNew: 340237K->24976K(368640K), 0.0314830 secs] 2677380K->2362119K(12541952K), 0.0318450 secs] [Times: user=0.25 sys=0.01, real=0.03 secs] 
2011-03-01T02:58:41.809+0000: 7023.200: [GC 7023.200: [ParNew: 352656K->37041K(368640K), 0.0350160 secs] 2689799K->2374184K(12541952K), 0.0353660 secs] [Times: user=0.30 sys=0.00, real=0.04 secs] 
2011-03-01T02:58:42.205+0000: 7023.597: [GC 7023.597: [ParNew: 364721K->29340K(368640K), 0.0714650 secs] 2701864K->2381381K(12541952K), 0.0718240 secs] [Times: user=0.34 sys=0.00, real=0.07 secs] 
2011-03-01T02:58:42.842+0000: 7024.233: [GC 7024.233: [ParNew: 357020K->39177K(368640K), 0.0444230 secs] 2709061K->2397625K(12541952K), 0.0447770 secs] [Times: user=0.29 sys=0.00, real=0.05 secs] 
2011-03-01T02:58:43.293+0000: 7024.684: [GC 7024.685: [ParNew: 364344K->20831K(368640K), 0.0434330 secs] 2722793K->2387085K(12541952K), 0.0439100 secs] [Times: user=0.26 sys=0.01, real=0.04 secs] 
2011-03-01T02:58:43.726+0000: 7025.117: [GC 7025.117: [ParNew: 346871K->33090K(368640K), 0.0310210 secs] 2713125K->2399345K(12541952K), 0.0314940 secs] [Times: user=0.24 sys=0.00, real=0.03 secs] 
2011-03-01T02:58:44.282+0000: 7025.673: [GC 7025.673: [ParNew: 360770K->25163K(368640K), 0.0524940 secs] 2727025K->2397298K(12541952K), 0.0529690 secs] [Times: user=0.39 sys=0.00, real=0.06 secs] 
2011-03-01T02:58:45.374+0000: 7026.765: [GC 7026.766: [ParNew: 352843K->39780K(368640K), 0.0476060 secs] 2724978K->2411916K(12541952K), 0.0480830 secs] [Times: user=0.32 sys=0.00, real=0.05 secs] 
2011-03-01T02:58:46.082+0000: 7027.473: [GC 7027.474: [ParNew: 367460K->25099K(368640K), 0.0879460 secs] 2739596K->2422881K(12541952K), 0.0884230 secs] [Times: user=0.45 sys=0.00, real=0.08 secs] 
2011-03-01T02:58:46.870+0000: 7028.261: [GC 7028.261: [ParNew: 352779K->10274K(368640K), 0.0380170 secs] 2750561K->2418501K(12541952K), 0.0385060 secs] [Times: user=0.23 sys=0.02, real=0.04 secs] 
2011-03-01T02:58:48.381+0000: 7029.772: [GC 7029.772: [ParNew: 337954K->15681K(368640K), 0.0466360 secs] 2746181K->2423907K(12541952K), 0.0471100 secs] [Times: user=0.35 sys=0.00, real=0.05 secs] 
2011-03-01T02:58:49.788+0000: 7031.179: [GC 7031.180: [ParNew: 343361K->31355K(368640K), 0.0342530 secs] 2751587K->2439582K(12541952K), 0.0347110 secs] [Times: user=0.24 sys=0.01, real=0.04 secs] 
2011-03-01T02:58:51.414+0000: 7032.805: [GC 7032.805: [ParNew: 359035K->33289K(368640K), 0.0443550 secs] 2767262K->2447541K(12541952K), 0.0448120 secs] [Times: user=0.25 sys=0.01, real=0.04 secs] 
2011-03-01T02:58:53.055+0000: 7034.446: [GC 7034.447: [ParNew: 360969K->29257K(368640K), 0.0427370 secs] 2775221K->2450804K(12541952K), 0.0432150 secs] [Times: user=0.25 sys=0.00, real=0.04 secs] 
2011-03-01T02:58:54.304+0000: 7035.695: [GC 7035.695: [ParNew: 356937K->18923K(368640K), 0.0279330 secs] 2778484K->2440470K(12541952K), 0.0284160 secs] [Times: user=0.18 sys=0.00, real=0.03 secs] 
2011-03-01T02:58:54.609+0000: 7036.000: [GC 7036.001: [ParNew: 346603K->40960K(368640K), 0.0489950 secs] 2768150K->2467704K(12541952K), 0.0495480 secs] [Times: user=0.38 sys=0.00, real=0.05 secs] 
2011-03-01T02:58:54.887+0000: 7036.279: [GC 7036.279: [ParNew: 368640K->34488K(368640K), 0.0633160 secs] 2795384K->2479869K(12541952K), 0.0636910 secs] [Times: user=0.40 sys=0.01, real=0.06 secs] 
2011-03-01T02:58:55.214+0000: 7036.606: [GC 7036.606: [ParNew: 362168K->29443K(368640K), 0.0509610 secs] 2807549K->2486687K(12541952K), 0.0513280 secs] [Times: user=0.33 sys=0.00, real=0.05 secs] 
2011-03-01T02:58:55.735+0000: 7037.126: [GC 7037.126: [ParNew: 357123K->21816K(368640K), 0.0370920 secs] 2814367K->2479060K(12541952K), 0.0374670 secs] [Times: user=0.24 sys=0.00, real=0.04 secs] 
2011-03-01T02:58:56.114+0000: 7037.505: [GC 7037.505: [ParNew: 349496K->40960K(368640K), 0.0476940 secs] 2806740K->2510106K(12541952K), 0.0480690 secs] [Times: user=0.34 sys=0.00, real=0.04 secs] 
2011-03-01T02:58:56.520+0000: 7037.911: [GC 7037.911: [ParNew: 368640K->21826K(368640K), 0.0536730 secs] 2837786K->2510472K(12541952K), 0.0541080 secs] [Times: user=0.42 sys=0.00, real=0.06 secs] 
2011-03-01T02:58:56.986+0000: 7038.378: [GC 7038.378: [ParNew: 349506K->13512K(368640K), 0.0283200 secs] 2838152K->2502157K(12541952K), 0.0286890 secs] [Times: user=0.23 sys=0.01, real=0.03 secs] 
2011-03-01T02:58:57.474+0000: 7038.865: [GC 7038.865: [ParNew: 341157K->19108K(368640K), 0.0317520 secs] 2829802K->2507753K(12541952K), 0.0321160 secs] [Times: user=0.25 sys=0.01, real=0.03 secs] 
2011-03-01T02:58:57.993+0000: 7039.384: [GC 7039.384: [ParNew: 346775K->27284K(368640K), 0.0379310 secs] 2835420K->2515929K(12541952K), 0.0382980 secs] [Times: user=0.27 sys=0.00, real=0.03 secs] 
2011-03-01T02:58:58.950+0000: 7040.341: [GC 7040.342: [ParNew: 354964K->30556K(368640K), 0.0407670 secs] 2843609K->2523211K(12541952K), 0.0411360 secs] [Times: user=0.32 sys=0.00, real=0.04 secs] 
2011-03-01T02:58:59.653+0000: 7041.044: [GC 7041.044: [ParNew: 358236K->40960K(368640K), 0.0562370 secs] 2850891K->2550392K(12541952K), 0.0602890 secs] [Times: user=0.40 sys=0.01, real=0.06 secs] 
2011-03-01T02:59:00.197+0000: 7041.588: [GC 7041.588: [ParNew: 368640K->29739K(368640K), 0.0574320 secs] 2878072K->2562953K(12541952K), 0.0578000 secs] [Times: user=0.40 sys=0.00, real=0.06 secs] 
2011-03-01T02:59:00.762+0000: 7042.154: [GC 7042.154: [ParNew: 357419K->30881K(368640K), 0.0497890 secs] 2890633K->2577537K(12541952K), 0.0501540 secs] [Times: user=0.38 sys=0.00, real=0.05 secs] 
2011-03-01T02:59:02.131+0000: 7043.522: [GC 7043.523: [ParNew: 358561K->40960K(368640K), 0.0516300 secs] 2905217K->2611257K(12541952K), 0.0520020 secs] [Times: user=0.40 sys=0.00, real=0.06 secs] 
2011-03-01T02:59:02.930+0000: 7044.321: [GC 7044.321: [ParNew: 368640K->19260K(368640K), 0.0304930 secs] 2938937K->2598225K(12541952K), 0.0308590 secs] [Times: user=0.23 sys=0.00, real=0.03 secs] 
2011-03-01T02:59:03.573+0000: 7044.965: [GC 7044.965: [ParNew: 346940K->26593K(368640K), 0.0213250 secs] 2925905K->2605558K(12541952K), 0.0216950 secs] [Times: user=0.15 sys=0.02, real=0.02 secs] 
2011-03-01T02:59:04.426+0000: 7045.817: [GC 7045.817: [ParNew: 354273K->22824K(368640K), 0.0234560 secs] 2933238K->2601788K(12541952K), 0.0238220 secs] [Times: user=0.16 sys=0.00, real=0.02 secs] 
2011-03-01T02:59:05.499+0000: 7046.890: [GC 7046.890: [ParNew: 350504K->26247K(368640K), 0.0252520 secs] 2929468K->2605211K(12541952K), 0.0256800 secs] [Times: user=0.20 sys=0.00, real=0.03 secs] 
2011-03-01T02:59:06.324+0000: 7047.715: [GC 7047.715: [ParNew: 353927K->40960K(368640K), 0.0287260 secs] 2932891K->2622174K(12541952K), 0.0292140 secs] [Times: user=0.19 sys=0.01, real=0.03 secs] 
2011-03-01T02:59:07.310+0000: 7048.701: [GC 7048.701: [ParNew: 368640K->21975K(368640K), 0.0370880 secs] 2949854K->2619040K(12541952K), 0.0375750 secs] [Times: user=0.27 sys=0.01, real=0.04 secs] 
2011-03-01T02:59:08.175+0000: 7049.566: [GC 7049.566: [ParNew: 349655K->20832K(368640K), 0.0233200 secs] 2946720K->2617897K(12541952K), 0.0238070 secs] [Times: user=0.16 sys=0.00, real=0.02 secs] 
2011-03-01T02:59:09.152+0000: 7050.543: [GC 7050.544: [ParNew: 348512K->24989K(368640K), 0.0235140 secs] 2945577K->2622054K(12541952K), 0.0240130 secs] [Times: user=0.23 sys=0.00, real=0.02 secs] 
2011-03-01T02:59:10.185+0000: 7051.577: [GC 7051.577: [ParNew: 352669K->9535K(368640K), 0.0275630 secs] 2949734K->2610975K(12541952K), 0.0280460 secs] [Times: user=0.17 sys=0.00, real=0.03 secs] 
2011-03-01T02:59:11.194+0000: 7052.586: [GC 7052.586: [ParNew: 337215K->15944K(368640K), 0.0251700 secs] 2938655K->2617383K(12541952K), 0.0256520 secs] [Times: user=0.15 sys=0.02, real=0.02 secs] 
2011-03-01T02:59:12.144+0000: 7053.535: [GC 7053.535: [ParNew: 343624K->40960K(368640K), 0.0308770 secs] 2945063K->2645075K(12541952K), 0.0313610 secs] [Times: user=0.21 sys=0.00, real=0.03 secs] 
2011-03-01T02:59:13.037+0000: 7054.428: [GC 7054.429: [ParNew: 368640K->21219K(368640K), 0.0332600 secs] 2972755K->2639621K(12541952K), 0.0337440 secs] [Times: user=0.24 sys=0.00, real=0.03 secs] 
2011-03-01T02:59:13.825+0000: 7055.216: [GC 7055.217: [ParNew: 348899K->20942K(368640K), 0.0224960 secs] 2967301K->2639344K(12541952K), 0.0229890 secs] [Times: user=0.15 sys=0.01, real=0.02 secs] 
2011-03-01T02:59:14.867+0000: 7056.258: [GC 7056.258: [ParNew: 348622K->23219K(368640K), 0.0226950 secs] 2967024K->2641621K(12541952K), 0.0231640 secs] [Times: user=0.16 sys=0.00, real=0.02 secs] 
2011-03-01T02:59:15.957+0000: 7057.348: [GC 7057.348: [ParNew: 350899K->25556K(368640K), 0.0242630 secs] 2969301K->2643958K(12541952K), 0.0247310 secs] [Times: user=0.16 sys=0.00, real=0.02 secs] 
2011-03-01T02:59:16.851+0000: 7058.242: [GC 7058.243: [ParNew: 353236K->17998K(368640K), 0.0350380 secs] 2971638K->2640852K(12541952K), 0.0355130 secs] [Times: user=0.25 sys=0.00, real=0.04 secs] 
2011-03-01T02:59:17.818+0000: 7059.209: [GC 7059.209: [ParNew: 345678K->19680K(368640K), 0.0325330 secs] 2968532K->2644464K(12541952K), 0.0330060 secs] [Times: user=0.24 sys=0.00, real=0.03 secs] 
2011-03-01T02:59:18.717+0000: 7060.108: [GC 7060.108: [ParNew: 347360K->40960K(368640K), 0.0377180 secs] 2972144K->2670203K(12541952K), 0.0381810 secs] [Times: user=0.29 sys=0.00, real=0.04 secs] 
2011-03-01T02:59:19.449+0000: 7060.840: [GC 7060.841: [ParNew: 368640K->32928K(368640K), 0.0385200 secs] 2997883K->2671384K(12541952K), 0.0389880 secs] [Times: user=0.32 sys=0.00, real=0.04 secs] 
2011-03-01T02:59:20.313+0000: 7061.704: [GC 7061.704: [ParNew: 360608K->40960K(368640K), 0.0640690 secs] 2999064K->2690353K(12541952K), 0.0645410 secs] [Times: user=0.50 sys=0.01, real=0.06 secs] 
2011-03-01T02:59:21.144+0000: 7062.535: [GC 7062.535: [ParNew: 368640K->7728K(368640K), 0.0654720 secs] 3018033K->2679838K(12541952K), 0.0658310 secs] [Times: user=0.50 sys=0.00, real=0.06 secs] 
2011-03-01T02:59:21.916+0000: 7063.308: [GC 7063.308: [ParNew: 335408K->37458K(368640K), 0.0259490 secs] 3007518K->2709568K(12541952K), 0.0326220 secs] [Times: user=0.18 sys=0.01, real=0.03 secs] 
2011-03-01T02:59:22.730+0000: 7064.121: [GC 7064.122: [ParNew: 365138K->8352K(368640K), 0.0293840 secs] 3037248K->2693424K(12541952K), 0.0297310 secs] [Times: user=0.24 sys=0.00, real=0.03 secs] 
2011-03-01T02:59:23.480+0000: 7064.871: [GC 7064.872: [ParNew: 336032K->12560K(368640K), 0.0226650 secs] 3021104K->2697632K(12541952K), 0.0230170 secs] [Times: user=0.20 sys=0.00, real=0.03 secs] 
2011-03-01T02:59:24.216+0000: 7065.608: [GC 7065.608: [ParNew: 340240K->18946K(368640K), 0.0267040 secs] 3025312K->2704019K(12541952K), 0.0270550 secs] [Times: user=0.18 sys=0.01, real=0.03 secs] 
2011-03-01T02:59:25.046+0000: 7066.437: [GC 7066.437: [ParNew: 346626K->40960K(368640K), 0.0288850 secs] 3031699K->2726898K(12541952K), 0.0292360 secs] [Times: user=0.20 sys=0.01, real=0.03 secs] 
2011-03-01T02:59:26.109+0000: 7067.500: [GC 7067.500: [ParNew: 368640K->22313K(368640K), 0.0386880 secs] 3054578K->2726199K(12541952K), 0.0390450 secs] [Times: user=0.26 sys=0.01, real=0.04 secs] 
2011-03-01T02:59:27.014+0000: 7068.405: [GC 7068.405: [ParNew: 349993K->20813K(368640K), 0.0216140 secs] 3053879K->2724699K(12541952K), 0.0257380 secs] [Times: user=0.16 sys=0.00, real=0.02 secs] 
2011-03-01T02:59:28.005+0000: 7069.396: [GC 7069.396: [ParNew: 348493K->25265K(368640K), 0.0271020 secs] 3052379K->2729150K(12541952K), 0.0274500 secs] [Times: user=0.17 sys=0.00, real=0.03 secs] 
2011-03-01T02:59:28.996+0000: 7070.388: [GC 7070.388: [ParNew: 352945K->9635K(368640K), 0.0274730 secs] 3056830K->2718164K(12541952K), 0.0278900 secs] [Times: user=0.18 sys=0.00, real=0.03 secs] 
2011-03-01T02:59:29.949+0000: 7071.340: [GC 7071.340: [ParNew: 337315K->15177K(368640K), 0.0295630 secs] 3045844K->2723707K(12541952K), 0.0300370 secs] [Times: user=0.24 sys=0.00, real=0.03 secs] 
2011-03-01T02:59:30.703+0000: 7072.094: [GC 7072.094: [ParNew: 342857K->40960K(368640K), 0.0374600 secs] 3051387K->2753898K(12541952K), 0.0379380 secs] [Times: user=0.29 sys=0.00, real=0.03 secs] 
2011-03-01T02:59:31.524+0000: 7072.915: [GC 7072.915: [ParNew: 368640K->9958K(368640K), 0.0409710 secs] 3081578K->2740908K(12541952K), 0.0414630 secs] [Times: user=0.26 sys=0.02, real=0.04 secs] 
2011-03-01T02:59:32.325+0000: 7073.716: [GC 7073.716: [ParNew: 337638K->10765K(368640K), 0.0280300 secs] 3068588K->2741715K(12541952K), 0.0321190 secs] [Times: user=0.24 sys=0.00, real=0.03 secs] 
2011-03-01T02:59:33.068+0000: 7074.459: [GC 7074.460: [ParNew: 338445K->16970K(368640K), 0.0311900 secs] 3069395K->2747921K(12541952K), 0.0316900 secs] [Times: user=0.23 sys=0.00, real=0.03 secs] 
2011-03-01T02:59:33.913+0000: 7075.304: [GC 7075.304: [ParNew: 344465K->40960K(368640K), 0.0374260 secs] 3075416K->2777521K(12541952K), 0.0379730 secs] [Times: user=0.28 sys=0.00, real=0.03 secs] 
2011-03-01T02:59:34.657+0000: 7076.048: [GC 7076.048: [ParNew: 368640K->12062K(368640K), 0.0428690 secs] 3105240K->2764813K(12541952K), 0.0433560 secs] [Times: user=0.31 sys=0.00, real=0.04 secs] 
2011-03-01T02:59:34.703+0000: 7076.095: [GC 7076.095: [ParNew: 12190K->5335K(368640K), 0.0208930 secs] 2764941K->2758086K(12541952K), 0.0212520 secs] [Times: user=0.15 sys=0.00, real=0.02 secs] 
2011-03-01T02:59:35.312+0000: 7076.703: [GC 7076.703: [ParNew: 333015K->11651K(368640K), 0.0234180 secs] 3085766K->2764402K(12541952K), 0.0239060 secs] [Times: user=0.21 sys=0.01, real=0.03 secs] 
2011-03-01T02:59:35.766+0000: 7077.157: [GC 7077.158: [ParNew: 339331K->40960K(368640K), 0.0501350 secs] 3092082K->2801822K(12541952K), 0.0506290 secs] [Times: user=0.36 sys=0.00, real=0.05 secs] 
2011-03-01T02:59:36.108+0000: 7077.499: [GC 7077.500: [ParNew: 368640K->29542K(368640K), 0.0548940 secs] 3129502K->2809729K(12541952K), 0.0554250 secs] [Times: user=0.38 sys=0.02, real=0.06 secs] 
2011-03-01T02:59:36.409+0000: 7077.800: [GC 7077.801: [ParNew: 357222K->30304K(368640K), 0.0472070 secs] 3137409K->2822327K(12541952K), 0.0476840 secs] [Times: user=0.36 sys=0.00, real=0.05 secs] 
2011-03-01T02:59:36.805+0000: 7078.196: [GC 7078.196: [ParNew: 357984K->40960K(368640K), 0.0503530 secs] 3150007K->2843582K(12541952K), 0.0508170 secs] [Times: user=0.33 sys=0.00, real=0.05 secs] 
2011-03-01T02:59:37.194+0000: 7078.585: [GC 7078.585: [ParNew: 368640K->40960K(368640K), 0.0526760 secs] 3171262K->2860172K(12541952K), 0.0531570 secs] [Times: user=0.36 sys=0.01, real=0.05 secs] 
2011-03-01T02:59:37.542+0000: 7078.933: [GC 7078.933: [ParNew: 368640K->40960K(368640K), 0.0482450 secs] 3187852K->2869365K(12541952K), 0.0487340 secs] [Times: user=0.39 sys=0.01, real=0.05 secs] 
2011-03-01T02:59:37.821+0000: 7079.212: [GC 7079.212: [ParNew: 368640K->40960K(368640K), 0.0556180 secs] 3197073K->2883628K(12541952K), 0.0560860 secs] [Times: user=0.41 sys=0.00, real=0.06 secs] 
2011-03-01T02:59:38.176+0000: 7079.567: [GC 7079.567: [ParNew: 368640K->40960K(368640K), 0.0799000 secs] 3211308K->2908267K(12541952K), 0.0803780 secs] [Times: user=0.55 sys=0.01, real=0.08 secs] 
2011-03-01T02:59:38.472+0000: 7079.864: [GC 7079.864: [ParNew: 368640K->40960K(368640K), 0.0664810 secs] 3235947K->2922547K(12541952K), 0.0668440 secs] [Times: user=0.51 sys=0.00, real=0.06 secs] 
2011-03-01T02:59:38.872+0000: 7080.263: [GC 7080.263: [ParNew: 368640K->39040K(368640K), 0.0420150 secs] 3250227K->2936705K(12541952K), 0.0423720 secs] [Times: user=0.32 sys=0.00, real=0.05 secs] 
2011-03-01T02:59:39.238+0000: 7080.629: [GC 7080.629: [ParNew: 366720K->40960K(368640K), 0.0365980 secs] 3264385K->2943294K(12541952K), 0.0369540 secs] [Times: user=0.27 sys=0.00, real=0.04 secs] 
2011-03-01T02:59:40.285+0000: 7081.677: [GC 7081.677: [ParNew: 368640K->23322K(368640K), 0.0543490 secs] 3270974K->2942671K(12541952K), 0.0547040 secs] [Times: user=0.39 sys=0.00, real=0.05 secs] 
2011-03-01T02:59:41.068+0000: 7082.459: [GC 7082.459: [ParNew: 351002K->15814K(368640K), 0.0363990 secs] 3270351K->2935164K(12541952K), 0.0367550 secs] [Times: user=0.30 sys=0.00, real=0.04 secs] 
2011-03-01T02:59:42.428+0000: 7083.819: [GC 7083.819: [ParNew: 343494K->40960K(368640K), 0.0364310 secs] 3262844K->2964022K(12541952K), 0.0432750 secs] [Times: user=0.24 sys=0.00, real=0.04 secs] 
2011-03-01T02:59:43.627+0000: 7085.018: [GC 7085.018: [ParNew: 368640K->11944K(368640K), 0.0432080 secs] 3291702K->2950421K(12541952K), 0.0437250 secs] [Times: user=0.32 sys=0.00, real=0.04 secs] 
2011-03-01T02:59:44.808+0000: 7086.199: [GC 7086.199: [ParNew: 339624K->40960K(368640K), 0.0337140 secs] 3278101K->2987269K(12541952K), 0.0341850 secs] [Times: user=0.24 sys=0.00, real=0.03 secs] 
2011-03-01T02:59:45.761+0000: 7087.152: [GC 7087.153: [ParNew: 368640K->8080K(368640K), 0.0287740 secs] 3314949K->2964152K(12541952K), 0.0292990 secs] [Times: user=0.24 sys=0.00, real=0.03 secs] 
2011-03-01T02:59:46.419+0000: 7087.810: [GC 7087.811: [ParNew: 335760K->40091K(368640K), 0.0603810 secs] 3291832K->3000259K(12541952K), 0.0609090 secs] [Times: user=0.48 sys=0.00, real=0.06 secs] 
2011-03-01T02:59:47.262+0000: 7088.653: [GC 7088.654: [ParNew: 367771K->9101K(368640K), 0.0620850 secs] 3327939K->2989962K(12541952K), 0.0625750 secs] [Times: user=0.46 sys=0.00, real=0.06 secs] 
2011-03-01T02:59:48.024+0000: 7089.415: [GC 7089.416: [ParNew: 336781K->40960K(368640K), 0.0284400 secs] 3317642K->3025715K(12541952K), 0.0289410 secs] [Times: user=0.17 sys=0.00, real=0.03 secs] 
2011-03-01T02:59:48.792+0000: 7090.183: [GC 7090.183: [ParNew: 368640K->16943K(368640K), 0.0428390 secs] 3353395K->3013283K(12541952K), 0.0433320 secs] [Times: user=0.31 sys=0.00, real=0.05 secs] 
2011-03-01T02:59:49.664+0000: 7091.055: [GC 7091.056: [ParNew: 344623K->11321K(368640K), 0.0240730 secs] 3340963K->3007661K(12541952K), 0.0245860 secs] [Times: user=0.19 sys=0.00, real=0.02 secs] 
2011-03-01T02:59:50.443+0000: 7091.834: [GC 7091.835: [ParNew: 339001K->22309K(368640K), 0.0284400 secs] 3335341K->3018649K(12541952K), 0.0289090 secs] [Times: user=0.18 sys=0.00, real=0.03 secs] 
2011-03-01T02:59:51.444+0000: 7092.835: [GC 7092.835: [ParNew: 349989K->40960K(368640K), 0.0388490 secs] 3346329K->3042741K(12541952K), 0.0393190 secs] [Times: user=0.27 sys=0.00, real=0.04 secs] 
2011-03-01T02:59:52.442+0000: 7093.833: [GC 7093.833: [ParNew: 368640K->12192K(368640K), 0.0449390 secs] 3370421K->3030146K(12541952K), 0.0454100 secs] [Times: user=0.33 sys=0.00, real=0.05 secs] 
2011-03-01T02:59:53.473+0000: 7094.864: [GC 7094.864: [ParNew: 339872K->6389K(368640K), 0.0231610 secs] 3357826K->3024343K(12541952K), 0.0235110 secs] [Times: user=0.22 sys=0.00, real=0.02 secs] 
2011-03-01T02:59:54.272+0000: 7095.663: [GC 7095.663: [ParNew: 334069K->18591K(368640K), 0.0264280 secs] 3352023K->3036545K(12541952K), 0.0267950 secs] [Times: user=0.22 sys=0.01, real=0.03 secs] 
2011-03-01T02:59:54.976+0000: 7096.367: [GC 7096.368: [ParNew: 346233K->23169K(368640K), 0.0275560 secs] 3364186K->3041122K(12541952K), 0.0280400 secs] [Times: user=0.20 sys=0.00, real=0.03 secs] 
2011-03-01T02:59:55.505+0000: 7096.896: [GC 7096.896: [ParNew: 350849K->37580K(368640K), 0.0318630 secs] 3368802K->3057123K(12541952K), 0.0323570 secs] [Times: user=0.26 sys=0.00, real=0.03 secs] 
2011-03-01T02:59:55.997+0000: 7097.388: [GC 7097.388: [ParNew: 365260K->14392K(368640K), 0.0326780 secs] 3384803K->3049224K(12541952K), 0.0330400 secs] [Times: user=0.24 sys=0.00, real=0.03 secs] 
2011-03-01T02:59:56.513+0000: 7097.904: [GC 7097.905: [ParNew: 342027K->7587K(368640K), 0.0240470 secs] 3376858K->3042419K(12541952K), 0.0244140 secs] [Times: user=0.19 sys=0.02, real=0.02 secs] 
2011-03-01T02:59:56.946+0000: 7098.338: [GC 7098.338: [ParNew: 335267K->17418K(368640K), 0.0241370 secs] 3370099K->3052250K(12541952K), 0.0245060 secs] [Times: user=0.16 sys=0.00, real=0.02 secs] 
2011-03-01T02:59:57.474+0000: 7098.865: [GC 7098.865: [ParNew: 345098K->12601K(368640K), 0.0275350 secs] 3379930K->3047433K(12541952K), 0.0279000 secs] [Times: user=0.16 sys=0.00, real=0.02 secs] 
2011-03-01T02:59:57.935+0000: 7099.326: [GC 7099.327: [ParNew: 340281K->10141K(368640K), 0.0297530 secs] 3375113K->3046563K(12541952K), 0.0301190 secs] [Times: user=0.20 sys=0.00, real=0.03 secs] 
2011-03-01T02:59:58.382+0000: 7099.774: [GC 7099.774: [ParNew: 337821K->39584K(368640K), 0.0321970 secs] 3374243K->3077643K(12541952K), 0.0325550 secs] [Times: user=0.24 sys=0.02, real=0.03 secs] 
2011-03-01T02:59:58.831+0000: 7100.222: [GC 7100.223: [ParNew: 367264K->11877K(368640K), 0.0386580 secs] 3405323K->3062086K(12541952K), 0.0390190 secs] [Times: user=0.32 sys=0.00, real=0.04 secs] 
2011-03-01T02:59:59.294+0000: 7100.685: [GC 7100.685: [ParNew: 339557K->13257K(368640K), 0.0252430 secs] 3389766K->3063466K(12541952K), 0.0256060 secs] [Times: user=0.17 sys=0.00, real=0.02 secs] 
2011-03-01T02:59:59.834+0000: 7101.225: [GC 7101.226: [ParNew: 340908K->11241K(368640K), 0.0268450 secs] 3391116K->3061450K(12541952K), 0.0272060 secs] [Times: user=0.17 sys=0.00, real=0.02 secs] 
2011-03-01T03:00:00.284+0000: 7101.675: [GC 7101.675: [ParNew: 338879K->23900K(368640K), 0.0303450 secs] 3389088K->3074109K(12541952K), 0.0308790 secs] [Times: user=0.22 sys=0.01, real=0.03 secs] 
2011-03-01T03:00:00.643+0000: 7102.035: [GC 7102.035: [ParNew: 351580K->26411K(368640K), 0.0323650 secs] 3401789K->3078248K(12541952K), 0.0327350 secs] [Times: user=0.24 sys=0.01, real=0.03 secs] 
2011-03-01T03:00:01.199+0000: 7102.590: [GC 7102.590: [ParNew: 354091K->18813K(368640K), 0.0347150 secs] 3405928K->3084092K(12541952K), 0.0350800 secs] [Times: user=0.23 sys=0.02, real=0.04 secs] 
2011-03-01T03:00:02.123+0000: 7103.515: [GC 7103.515: [ParNew: 346493K->8175K(368640K), 0.0240940 secs] 3411772K->3073454K(12541952K), 0.0244540 secs] [Times: user=0.20 sys=0.00, real=0.02 secs] 
2011-03-01T03:00:02.991+0000: 7104.382: [GC 7104.382: [ParNew: 335855K->10644K(368640K), 0.0254980 secs] 3401134K->3075923K(12541952K), 0.0258800 secs] [Times: user=0.23 sys=0.00, real=0.03 secs] 
2011-03-01T03:00:04.052+0000: 7105.443: [GC 7105.443: [ParNew: 338324K->13793K(368640K), 0.0282650 secs] 3403603K->3079072K(12541952K), 0.0286180 secs] [Times: user=0.23 sys=0.00, real=0.03 secs] 
2011-03-01T03:00:04.982+0000: 7106.374: [GC 7106.374: [ParNew: 341473K->36729K(368640K), 0.0328060 secs] 3406752K->3103670K(12541952K), 0.0331660 secs] [Times: user=0.24 sys=0.00, real=0.03 secs] 
2011-03-01T03:00:05.949+0000: 7107.340: [GC 7107.340: [ParNew: 364409K->8636K(368640K), 0.0379270 secs] 3431350K->3088808K(12541952K), 0.0382790 secs] [Times: user=0.29 sys=0.00, real=0.04 secs] 
2011-03-01T03:00:07.066+0000: 7108.457: [GC 7108.457: [ParNew: 336316K->5946K(368640K), 0.0265900 secs] 3416488K->3086117K(12541952K), 0.0519890 secs] [Times: user=0.23 sys=0.00, real=0.05 secs] 
2011-03-01T03:00:08.052+0000: 7109.444: [GC 7109.444: [ParNew: 333626K->9355K(368640K), 0.0259370 secs] 3413797K->3089527K(12541952K), 0.0262910 secs] [Times: user=0.23 sys=0.00, real=0.03 secs] 
2011-03-01T03:00:09.135+0000: 7110.526: [GC 7110.527: [ParNew: 336989K->12341K(368640K), 0.0246910 secs] 3417161K->3092512K(12541952K), 0.0250490 secs] [Times: user=0.16 sys=0.00, real=0.02 secs] 
2011-03-01T03:00:10.422+0000: 7111.813: [GC 7111.813: [ParNew: 340021K->16767K(368640K), 0.0258510 secs] 3420192K->3098575K(12541952K), 0.0262020 secs] [Times: user=0.21 sys=0.00, real=0.03 secs] 
2011-03-01T03:00:11.665+0000: 7113.056: [GC 7113.056: [ParNew: 344447K->19441K(368640K), 0.0264720 secs] 3426255K->3102577K(12541952K), 0.0268230 secs] [Times: user=0.16 sys=0.00, real=0.02 secs] 
2011-03-01T03:00:13.270+0000: 7114.661: [GC 7114.662: [ParNew: 347121K->18656K(368640K), 0.0247630 secs] 3430257K->3103713K(12541952K), 0.0251030 secs] [Times: user=0.19 sys=0.00, real=0.03 secs] 
2011-03-01T03:00:14.921+0000: 7116.312: [GC 7116.312: [ParNew: 346336K->21197K(368640K), 0.0287060 secs] 3431393K->3110845K(12541952K), 0.0290520 secs] [Times: user=0.24 sys=0.00, real=0.03 secs] 
2011-03-01T03:00:16.469+0000: 7117.861: [GC 7117.861: [ParNew: 348877K->14555K(368640K), 0.0278400 secs] 3438525K->3108062K(12541952K), 0.0281770 secs] [Times: user=0.21 sys=0.00, real=0.03 secs] 
2011-03-01T03:00:18.074+0000: 7119.465: [GC 7119.465: [ParNew: 342235K->14618K(368640K), 0.0269700 secs] 3435742K->3111961K(12541952K), 0.0273080 secs] [Times: user=0.20 sys=0.00, real=0.02 secs] 
2011-03-01T03:00:19.487+0000: 7120.878: [GC 7120.878: [ParNew: 342298K->26134K(368640K), 0.0275140 secs] 3439641K->3123936K(12541952K), 0.0278580 secs] [Times: user=0.19 sys=0.00, real=0.03 secs] 
2011-03-01T03:00:21.032+0000: 7122.423: [GC 7122.423: [ParNew: 353802K->31593K(368640K), 0.0330020 secs] 3451604K->3133094K(12541952K), 0.0333510 secs] [Times: user=0.28 sys=0.00, real=0.04 secs] 
2011-03-01T03:00:24.059+0000: 7125.450: [GC 7125.450: [ParNew: 359273K->40960K(368640K), 0.0420490 secs] 3460774K->3152719K(12541952K), 0.0424070 secs] [Times: user=0.32 sys=0.00, real=0.04 secs] 
2011-03-01T03:00:24.435+0000: 7125.826: [GC 7125.826: [ParNew: 368640K->40960K(368640K), 0.0372920 secs] 3480399K->3162412K(12541952K), 0.0376640 secs] [Times: user=0.25 sys=0.00, real=0.04 secs] 
2011-03-01T03:00:24.722+0000: 7126.113: [GC 7126.113: [ParNew: 368640K->40960K(368640K), 0.0391170 secs] 3490092K->3170640K(12541952K), 0.0394710 secs] [Times: user=0.31 sys=0.00, real=0.04 secs] 
2011-03-01T03:00:25.011+0000: 7126.402: [GC 7126.402: [ParNew: 368640K->40960K(368640K), 0.0349010 secs] 3498320K->3175149K(12541952K), 0.0352530 secs] [Times: user=0.28 sys=0.00, real=0.04 secs] 
2011-03-01T03:00:25.490+0000: 7126.881: [GC 7126.881: [ParNew: 368640K->28474K(368640K), 0.0282700 secs] 3502829K->3173158K(12541952K), 0.0286250 secs] [Times: user=0.23 sys=0.00, real=0.03 secs] 
2011-03-01T03:00:27.209+0000: 7128.600: [GC 7128.600: [ParNew: 356154K->40960K(368640K), 0.0264330 secs] 3500838K->3187708K(12541952K), 0.0267840 secs] [Times: user=0.22 sys=0.00, real=0.03 secs] 
2011-03-01T03:00:29.479+0000: 7130.870: [GC 7130.870: [ParNew: 368640K->12705K(368640K), 0.0315120 secs] 3515388K->3170789K(12541952K), 0.0318660 secs] [Times: user=0.24 sys=0.00, real=0.03 secs] 
2011-03-01T03:00:31.174+0000: 7132.565: [GC 7132.565: [ParNew: 340385K->37607K(368640K), 0.0252290 secs] 3498469K->3195691K(12541952K), 0.0255820 secs] [Times: user=0.18 sys=0.00, real=0.02 secs] 
2011-03-01T03:00:32.432+0000: 7133.823: [GC 7133.823: [ParNew: 365287K->24177K(368640K), 0.0315320 secs] 3523371K->3195579K(12541952K), 0.0318850 secs] [Times: user=0.23 sys=0.01, real=0.04 secs] 
2011-03-01T03:00:33.744+0000: 7135.135: [GC 7135.135: [ParNew: 339232K->36818K(368640K), 0.0664320 secs] 3510635K->3213996K(12541952K), 0.0669070 secs] [Times: user=0.50 sys=0.01, real=0.06 secs] 
2011-03-01T03:00:34.940+0000: 7136.331: [GC 7136.331: [ParNew: 364498K->32351K(368640K), 0.0614340 secs] 3541676K->3231483K(12541952K), 0.0617890 secs] [Times: user=0.47 sys=0.01, real=0.06 secs] 
2011-03-01T03:00:35.681+0000: 7137.073: [GC 7137.073: [ParNew: 360031K->35528K(368640K), 0.0341980 secs] 3559163K->3244168K(12541952K), 0.0346170 secs] [Times: user=0.27 sys=0.00, real=0.04 secs] 
2011-03-01T03:00:36.215+0000: 7137.606: [GC 7137.607: [ParNew: 363208K->40960K(368640K), 0.0421510 secs] 3571848K->3259066K(12541952K), 0.0426270 secs] [Times: user=0.27 sys=0.00, real=0.04 secs] 
2011-03-01T03:00:36.545+0000: 7137.936: [GC 7137.936: [ParNew: 368640K->34975K(368640K), 0.0406620 secs] 3586746K->3264345K(12541952K), 0.0410110 secs] [Times: user=0.27 sys=0.00, real=0.04 secs] 
2011-03-01T03:00:36.876+0000: 7138.268: [GC 7138.268: [ParNew: 362655K->40960K(368640K), 0.0479500 secs] 3592025K->3285350K(12541952K), 0.0483050 secs] [Times: user=0.33 sys=0.00, real=0.05 secs] 
2011-03-01T03:00:37.332+0000: 7138.723: [GC 7138.723: [ParNew: 368640K->25700K(368640K), 0.0518670 secs] 3613030K->3281787K(12541952K), 0.0522210 secs] [Times: user=0.40 sys=0.00, real=0.06 secs] 
2011-03-01T03:00:37.698+0000: 7139.089: [GC 7139.089: [ParNew: 353380K->40960K(368640K), 0.0582570 secs] 3609467K->3305662K(12541952K), 0.0586790 secs] [Times: user=0.39 sys=0.00, real=0.06 secs] 
2011-03-01T03:00:38.031+0000: 7139.422: [GC 7139.422: [ParNew: 368640K->40960K(368640K), 0.0484250 secs] 3633342K->3318553K(12541952K), 0.0488960 secs] [Times: user=0.40 sys=0.00, real=0.05 secs] 
2011-03-01T03:00:38.577+0000: 7139.968: [GC 7139.968: [ParNew: 368640K->34310K(368640K), 0.0427870 secs] 3646233K->3321019K(12541952K), 0.0508520 secs] [Times: user=0.32 sys=0.00, real=0.05 secs] 
2011-03-01T03:00:39.094+0000: 7140.485: [GC 7140.485: [ParNew: 361990K->14095K(368640K), 0.0487080 secs] 3648699K->3310952K(12541952K), 0.0491700 secs] [Times: user=0.33 sys=0.01, real=0.05 secs] 
2011-03-01T03:00:40.022+0000: 7141.413: [GC 7141.413: [ParNew: 341775K->40960K(368640K), 0.0455320 secs] 3638632K->3345677K(12541952K), 0.0458900 secs] [Times: user=0.30 sys=0.00, real=0.05 secs] 
2011-03-01T03:00:41.040+0000: 7142.431: [GC 7142.431: [ParNew: 368640K->11581K(368640K), 0.0426400 secs] 3673357K->3327576K(12541952K), 0.0429940 secs] [Times: user=0.32 sys=0.00, real=0.05 secs] 
2011-03-01T03:00:42.357+0000: 7143.748: [GC 7143.749: [ParNew: 339261K->40960K(368640K), 0.0340430 secs] 3655256K->3358361K(12541952K), 0.0345460 secs] [Times: user=0.24 sys=0.00, real=0.03 secs] 
2011-03-01T03:00:43.825+0000: 7145.216: [GC 7145.217: [ParNew: 368640K->11195K(368640K), 0.0375680 secs] 3686041K->3340232K(12541952K), 0.0380650 secs] [Times: user=0.24 sys=0.00, real=0.04 secs] 
2011-03-01T03:00:45.283+0000: 7146.674: [GC 7146.674: [ParNew: 338875K->40960K(368640K), 0.0327150 secs] 3667912K->3370440K(12541952K), 0.0332040 secs] [Times: user=0.28 sys=0.01, real=0.03 secs] 
2011-03-01T03:00:46.660+0000: 7148.051: [GC 7148.052: [ParNew: 368640K->12946K(368640K), 0.0404590 secs] 3698120K->3355691K(12541952K), 0.0409770 secs] [Times: user=0.32 sys=0.00, real=0.04 secs] 
2011-03-01T03:00:49.019+0000: 7150.410: [GC 7150.410: [ParNew: 340626K->21023K(368640K), 0.0315270 secs] 3683371K->3363768K(12541952K), 0.0335460 secs] [Times: user=0.23 sys=0.00, real=0.04 secs] 
2011-03-01T03:00:50.129+0000: 7151.520: [GC 7151.520: [ParNew: 348703K->40960K(368640K), 0.0407840 secs] 3691448K->3389200K(12541952K), 0.0413080 secs] [Times: user=0.32 sys=0.00, real=0.04 secs] 
2011-03-01T03:00:52.427+0000: 7153.818: [GC 7153.818: [ParNew: 368640K->26221K(368640K), 0.0397170 secs] 3716880K->3383621K(12541952K), 0.0400690 secs] [Times: user=0.32 sys=0.00, real=0.04 secs] 
2011-03-01T03:00:54.320+0000: 7155.711: [GC 7155.711: [ParNew: 353901K->30405K(368640K), 0.0383170 secs] 3711301K->3390381K(12541952K), 0.0454190 secs] [Times: user=0.27 sys=0.00, real=0.05 secs] 
2011-03-01T03:00:55.153+0000: 7156.544: [GC 7156.544: [ParNew: 358085K->37535K(368640K), 0.0361250 secs] 3718061K->3404863K(12541952K), 0.0366650 secs] [Times: user=0.27 sys=0.00, real=0.03 secs] 
2011-03-01T03:00:55.871+0000: 7157.262: [GC 7157.263: [ParNew: 365215K->11034K(368640K), 0.0343480 secs] 3732543K->3386034K(12541952K), 0.0348530 secs] [Times: user=0.29 sys=0.00, real=0.04 secs] 
2011-03-01T03:00:56.510+0000: 7157.901: [GC 7157.901: [ParNew: 338714K->20327K(368640K), 0.0295260 secs] 3713714K->3395327K(12541952K), 0.0298910 secs] [Times: user=0.24 sys=0.00, real=0.03 secs] 
2011-03-01T03:00:57.160+0000: 7158.551: [GC 7158.551: [ParNew: 348007K->36710K(368640K), 0.0331390 secs] 3723007K->3411710K(12541952K), 0.0335090 secs] [Times: user=0.26 sys=0.00, real=0.04 secs] 
2011-03-01T03:00:57.900+0000: 7159.292: [GC 7159.292: [ParNew: 364337K->40960K(368640K), 0.0390000 secs] 3739337K->3423928K(12541952K), 0.0393650 secs] [Times: user=0.32 sys=0.00, real=0.04 secs] 
2011-03-01T03:00:58.986+0000: 7160.377: [GC 7160.377: [ParNew: 368640K->16352K(368640K), 0.0316670 secs] 3751608K->3405568K(12541952K), 0.0320430 secs] [Times: user=0.24 sys=0.00, real=0.03 secs] 
2011-03-01T03:00:59.999+0000: 7161.390: [GC 7161.390: [ParNew: 344032K->40751K(368640K), 0.0618240 secs] 3733248K->3446351K(12541952K), 0.0621920 secs] [Times: user=0.47 sys=0.00, real=0.06 secs] 
2011-03-01T03:01:00.445+0000: 7161.836: [GC 7161.837: [ParNew: 368431K->14281K(368640K), 0.0338230 secs] 3774031K->3435581K(12541952K), 0.0342010 secs] [Times: user=0.23 sys=0.00, real=0.03 secs] 
2011-03-01T03:01:00.963+0000: 7162.354: [GC 7162.354: [ParNew: 341961K->40960K(368640K), 0.0239780 secs] 3763261K->3462396K(12541952K), 0.0243450 secs] [Times: user=0.20 sys=0.00, real=0.02 secs] 
2011-03-01T03:01:01.848+0000: 7163.239: [GC 7163.239: [ParNew: 368640K->36275K(368640K), 0.0281190 secs] 3790076K->3462456K(12541952K), 0.0284890 secs] [Times: user=0.24 sys=0.00, real=0.03 secs] 
2011-03-01T03:01:04.257+0000: 7165.648: [GC 7165.648: [ParNew: 363955K->32775K(368640K), 0.0329340 secs] 3790136K->3463512K(12541952K), 0.0332970 secs] [Times: user=0.24 sys=0.00, real=0.03 secs] 
2011-03-01T03:01:06.207+0000: 7167.598: [GC 7167.598: [ParNew: 360455K->40960K(368640K), 0.0306780 secs] 3791192K->3476509K(12541952K), 0.0311610 secs] [Times: user=0.24 sys=0.00, real=0.03 secs] 
2011-03-01T03:01:08.475+0000: 7169.866: [GC 7169.866: [ParNew: 368640K->27440K(368640K), 0.0367480 secs] 3804189K->3474111K(12541952K), 0.0372360 secs] [Times: user=0.24 sys=0.00, real=0.04 secs] 
2011-03-01T03:01:10.628+0000: 7172.020: [GC 7172.020: [ParNew: 355120K->14448K(368640K), 0.0275070 secs] 3801791K->3468497K(12541952K), 0.0279900 secs] [Times: user=0.23 sys=0.00, real=0.03 secs] 
2011-03-01T03:01:12.255+0000: 7173.646: [GC 7173.647: [ParNew: 342128K->24805K(368640K), 0.0283840 secs] 3796177K->3478854K(12541952K), 0.0288380 secs] [Times: user=0.18 sys=0.00, real=0.03 secs] 
2011-03-01T03:01:14.653+0000: 7176.044: [GC 7176.045: [ParNew: 352485K->40960K(368640K), 0.0341340 secs] 3806534K->3504177K(12541952K), 0.0345840 secs] [Times: user=0.27 sys=0.01, real=0.04 secs] 
2011-03-01T03:01:16.977+0000: 7178.368: [GC 7178.369: [ParNew: 368640K->24079K(368640K), 0.0358270 secs] 3831857K->3498664K(12541952K), 0.0362740 secs] [Times: user=0.25 sys=0.00, real=0.04 secs] 
2011-03-01T03:01:18.758+0000: 7180.149: [GC 7180.150: [ParNew: 351759K->22529K(368640K), 0.0298160 secs] 3826344K->3502694K(12541952K), 0.0302640 secs] [Times: user=0.24 sys=0.00, real=0.03 secs] 
2011-03-01T03:01:20.275+0000: 7181.666: [GC 7181.666: [ParNew: 350209K->39979K(368640K), 0.0296020 secs] 3830374K->3520144K(12541952K), 0.0301450 secs] [Times: user=0.21 sys=0.00, real=0.03 secs] 
2011-03-01T03:01:21.308+0000: 7182.699: [GC 7182.699: [ParNew: 367659K->25591K(368640K), 0.0279610 secs] 3847824K->3511199K(12541952K), 0.0284370 secs] [Times: user=0.22 sys=0.00, real=0.03 secs] 
2011-03-01T03:01:22.506+0000: 7183.897: [GC 7183.898: [ParNew: 353271K->39585K(368640K), 0.0283240 secs] 3838879K->3532628K(12541952K), 0.0286830 secs] [Times: user=0.18 sys=0.00, real=0.03 secs] 
2011-03-01T03:01:23.957+0000: 7185.348: [GC 7185.349: [ParNew: 367265K->14173K(368640K), 0.0282260 secs] 3860308K->3517381K(12541952K), 0.0285780 secs] [Times: user=0.18 sys=0.00, real=0.03 secs] 
2011-03-01T03:01:25.585+0000: 7186.976: [GC 7186.977: [ParNew: 341853K->40960K(368640K), 0.0258580 secs] 3845061K->3546916K(12541952K), 0.0262060 secs] [Times: user=0.16 sys=0.00, real=0.02 secs] 
2011-03-01T03:01:28.150+0000: 7189.541: [GC 7189.541: [ParNew: 368640K->16448K(368640K), 0.0287130 secs] 3874596K->3534072K(12541952K), 0.0291930 secs] [Times: user=0.24 sys=0.00, real=0.03 secs] 
2011-03-01T03:01:30.404+0000: 7191.795: [GC 7191.795: [ParNew: 344128K->40960K(368640K), 0.0260920 secs] 3861752K->3559591K(12541952K), 0.0266110 secs] [Times: user=0.18 sys=0.00, real=0.02 secs] 
2011-03-01T03:01:32.010+0000: 7193.401: [GC 7193.401: [ParNew: 368640K->22097K(368640K), 0.0353490 secs] 3887271K->3552298K(12541952K), 0.0358480 secs] [Times: user=0.27 sys=0.00, real=0.04 secs] 
2011-03-01T03:01:33.156+0000: 7194.547: [GC 7194.547: [ParNew: 349777K->37896K(368640K), 0.0232560 secs] 3879978K->3568097K(12541952K), 0.0236760 secs] [Times: user=0.16 sys=0.00, real=0.02 secs] 
2011-03-01T03:01:34.758+0000: 7196.150: [GC 7196.150: [ParNew: 365576K->40960K(368640K), 0.0427210 secs] 3895777K->3585192K(12541952K), 0.0430720 secs] [Times: user=0.31 sys=0.00, real=0.04 secs] 
2011-03-01T03:01:35.627+0000: 7197.018: [GC 7197.018: [ParNew: 368640K->40257K(368640K), 0.0386990 secs] 3912872K->3595186K(12541952K), 0.0390490 secs] [Times: user=0.26 sys=0.00, real=0.04 secs] 
2011-03-01T03:01:35.987+0000: 7197.378: [GC 7197.379: [ParNew: 349764K->40960K(368640K), 0.0453200 secs] 3904692K->3603366K(12541952K), 0.0457920 secs] [Times: user=0.32 sys=0.00, real=0.05 secs] 
2011-03-01T03:01:36.257+0000: 7197.648: [GC 7197.649: [ParNew: 368640K->34418K(368640K), 0.0643420 secs] 3931046K->3683160K(12541952K), 0.0648030 secs] [Times: user=0.45 sys=0.00, real=0.06 secs] 
2011-03-01T03:01:36.565+0000: 7197.956: [GC 7197.957: [ParNew: 362098K->40960K(368640K), 0.0391680 secs] 4010840K->3690529K(12541952K), 0.0395800 secs] [Times: user=0.31 sys=0.00, real=0.04 secs] 
2011-03-01T03:01:36.806+0000: 7198.197: [GC 7198.198: [ParNew: 368640K->40960K(368640K), 0.0807940 secs] 4018209K->3738722K(12541952K), 0.0811470 secs] [Times: user=0.52 sys=0.01, real=0.08 secs] 
2011-03-01T03:01:37.178+0000: 7198.569: [GC 7198.570: [ParNew: 368640K->40960K(368640K), 0.0658510 secs] 4066402K->3763900K(12541952K), 0.0662030 secs] [Times: user=0.45 sys=0.01, real=0.07 secs] 
2011-03-01T03:01:37.450+0000: 7198.841: [GC 7198.841: [ParNew: 368639K->40960K(368640K), 0.0508890 secs] 4091580K->3777681K(12541952K), 0.0512490 secs] [Times: user=0.39 sys=0.00, real=0.05 secs] 
2011-03-01T03:01:37.669+0000: 7199.060: [GC 7199.060: [ParNew: 368563K->40960K(368640K), 0.0616870 secs] 4105285K->3861794K(12541952K), 0.0620420 secs] [Times: user=0.45 sys=0.00, real=0.06 secs] 
2011-03-01T03:01:37.916+0000: 7199.307: [GC 7199.308: [ParNew: 368640K->40960K(368640K), 0.0545970 secs] 4189474K->3876701K(12541952K), 0.0549720 secs] [Times: user=0.38 sys=0.00, real=0.05 secs] 
2011-03-01T03:01:38.217+0000: 7199.608: [GC 7199.609: [ParNew: 368640K->40960K(368640K), 0.0542220 secs] 4204381K->3892442K(12541952K), 0.0545740 secs] [Times: user=0.40 sys=0.00, real=0.05 secs] 
2011-03-01T03:01:38.557+0000: 7199.949: [GC 7199.949: [ParNew: 368640K->40960K(368640K), 0.0497030 secs] 4220122K->3901952K(12541952K), 0.0500920 secs] [Times: user=0.38 sys=0.01, real=0.05 secs] 
2011-03-01T03:01:38.879+0000: 7200.270: [GC 7200.270: [ParNew: 368640K->33321K(368640K), 0.0649490 secs] 4229632K->3908399K(12541952K), 0.0653030 secs] [Times: user=0.49 sys=0.00, real=0.07 secs] 
2011-03-01T03:01:39.240+0000: 7200.631: [GC 7200.631: [ParNew: 361001K->23683K(368640K), 0.0430840 secs] 4236079K->3906869K(12541952K), 0.0434390 secs] [Times: user=0.31 sys=0.01, real=0.05 secs] 
2011-03-01T03:01:39.645+0000: 7201.036: [GC 7201.036: [ParNew: 351363K->31083K(368640K), 0.0351530 secs] 4234549K->3914270K(12541952K), 0.0355090 secs] [Times: user=0.24 sys=0.00, real=0.03 secs] 
2011-03-01T03:01:40.041+0000: 7201.432: [GC 7201.432: [ParNew: 358763K->28258K(368640K), 0.0497770 secs] 4241950K->3925389K(12541952K), 0.0501330 secs] [Times: user=0.38 sys=0.01, real=0.05 secs] 
2011-03-01T03:01:40.509+0000: 7201.900: [GC 7201.900: [ParNew: 355938K->37787K(368640K), 0.0344710 secs] 4253069K->3934918K(12541952K), 0.0349570 secs] [Times: user=0.30 sys=0.00, real=0.04 secs] 
2011-03-01T03:01:41.226+0000: 7202.617: [GC 7202.617: [ParNew: 365467K->14556K(368640K), 0.0439440 secs] 4262598K->3920822K(12541952K), 0.0444260 secs] [Times: user=0.30 sys=0.02, real=0.04 secs] 
2011-03-01T03:01:42.029+0000: 7203.420: [GC 7203.420: [ParNew: 342236K->28455K(368640K), 0.0442850 secs] 4248502K->3934720K(12541952K), 0.0447560 secs] [Times: user=0.34 sys=0.00, real=0.05 secs] 
2011-03-01T03:01:43.184+0000: 7204.575: [GC 7204.575: [ParNew: 356135K->40853K(368640K), 0.0464420 secs] 4262400K->3951941K(12541952K), 0.0469180 secs] [Times: user=0.33 sys=0.01, real=0.04 secs] 
2011-03-01T03:01:44.681+0000: 7206.072: [GC 7206.072: [ParNew: 368533K->25418K(368640K), 0.0551920 secs] 4279621K->3964043K(12541952K), 0.0556670 secs] [Times: user=0.41 sys=0.00, real=0.06 secs] 
2011-03-01T03:01:46.022+0000: 7207.414: [GC 7207.414: [ParNew: 353098K->40960K(368640K), 0.0312100 secs] 4291723K->3979585K(12541952K), 0.0316900 secs] [Times: user=0.26 sys=0.00, real=0.03 secs] 
2011-03-01T03:01:47.297+0000: 7208.688: [GC 7208.688: [ParNew: 368640K->20661K(368640K), 0.0449850 secs] 4307265K->3982281K(12541952K), 0.0454610 secs] [Times: user=0.32 sys=0.00, real=0.05 secs] 
2011-03-01T03:01:48.648+0000: 7210.039: [GC 7210.039: [ParNew: 348341K->40960K(368640K), 0.0338270 secs] 4309961K->4005085K(12541952K), 0.0342970 secs] [Times: user=0.24 sys=0.00, real=0.03 secs] 
2011-03-01T03:01:50.929+0000: 7212.320: [GC 7212.321: [ParNew: 368640K->38896K(368640K), 0.0461800 secs] 4332765K->4025283K(12541952K), 0.0466610 secs] [Times: user=0.33 sys=0.00, real=0.05 secs] 
2011-03-01T03:01:53.189+0000: 7214.580: [GC 7214.581: [ParNew: 366576K->12574K(368640K), 0.0411110 secs] 4352963K->4011337K(12541952K), 0.0415870 secs] [Times: user=0.32 sys=0.00, real=0.04 secs] 
2011-03-01T03:01:54.576+0000: 7215.967: [GC 7215.967: [ParNew: 340254K->27344K(368640K), 0.0368990 secs] 4339017K->4026107K(12541952K), 0.0373870 secs] [Times: user=0.25 sys=0.00, real=0.04 secs] 
2011-03-01T03:01:55.873+0000: 7217.265: [GC 7217.265: [ParNew: 355024K->40960K(368640K), 0.0513440 secs] 4353787K->4048280K(12541952K), 0.0518340 secs] [Times: user=0.37 sys=0.00, real=0.05 secs] 
2011-03-01T03:01:57.029+0000: 7218.420: [GC 7218.421: [ParNew: 368640K->40420K(368640K), 0.0495560 secs] 4375960K->4057316K(12541952K), 0.0500500 secs] [Times: user=0.40 sys=0.00, real=0.05 secs] 
2011-03-01T03:01:57.986+0000: 7219.377: [GC 7219.377: [ParNew: 368100K->35000K(368640K), 0.0430120 secs] 4384996K->4065156K(12541952K), 0.0435030 secs] [Times: user=0.32 sys=0.00, real=0.04 secs] 
2011-03-01T03:01:59.192+0000: 7220.583: [GC 7220.584: [ParNew: 362680K->33766K(368640K), 0.0410120 secs] 4392836K->4075673K(12541952K), 0.0415030 secs] [Times: user=0.27 sys=0.00, real=0.05 secs] 
2011-03-01T03:02:00.247+0000: 7221.638: [GC 7221.638: [ParNew: 361446K->40960K(368640K), 0.0467890 secs] 4403353K->4096220K(12541952K), 0.0472680 secs] [Times: user=0.32 sys=0.00, real=0.05 secs] 
2011-03-01T03:02:00.912+0000: 7222.303: [GC 7222.303: [ParNew: 368606K->35545K(368640K), 0.0482140 secs] 4423866K->4114789K(12541952K), 0.0487200 secs] [Times: user=0.35 sys=0.00, real=0.05 secs] 
2011-03-01T03:02:01.495+0000: 7222.886: [GC 7222.886: [ParNew: 363224K->40960K(368640K), 0.0382140 secs] 4442469K->4120204K(12541952K), 0.0387520 secs] [Times: user=0.27 sys=0.00, real=0.04 secs] 
2011-03-01T03:02:02.114+0000: 7223.505: [GC 7223.505: [ParNew: 368640K->19900K(368640K), 0.0364470 secs] 4447884K->4109819K(12541952K), 0.0369480 secs] [Times: user=0.25 sys=0.00, real=0.04 secs] 
2011-03-01T03:02:03.011+0000: 7224.403: [GC 7224.403: [ParNew: 347580K->33823K(368640K), 0.0290970 secs] 4437499K->4123742K(12541952K), 0.0295870 secs] [Times: user=0.19 sys=0.00, real=0.03 secs] 
2011-03-01T03:02:04.042+0000: 7225.433: [GC 7225.434: [ParNew: 361471K->37694K(368640K), 0.0385030 secs] 4451390K->4135625K(12541952K), 0.0390160 secs] [Times: user=0.29 sys=0.00, real=0.03 secs] 
2011-03-01T03:02:04.891+0000: 7226.282: [GC 7226.282: [ParNew: 322936K->35343K(368640K), 0.0370110 secs] 4420867K->4141379K(12541952K), 0.0375110 secs] [Times: user=0.29 sys=0.00, real=0.04 secs] 
2011-03-01T03:02:05.590+0000: 7226.981: [GC 7226.982: [ParNew: 363023K->39057K(368640K), 0.0484300 secs] 4469059K->4217783K(12541952K), 0.0489250 secs] [Times: user=0.37 sys=0.01, real=0.05 secs] 
2011-03-01T03:02:06.065+0000: 7227.456: [GC 7227.456: [ParNew: 366737K->22877K(368640K), 0.0489840 secs] 4545463K->4290124K(12541952K), 0.0494790 secs] [Times: user=0.29 sys=0.00, real=0.05 secs] 
2011-03-01T03:02:06.558+0000: 7227.949: [GC 7227.949: [ParNew: 350557K->23548K(368640K), 0.0272490 secs] 4617804K->4290794K(12541952K), 0.0277200 secs] [Times: user=0.24 sys=0.00, real=0.03 secs] 
2011-03-01T03:02:07.128+0000: 7228.519: [GC 7228.519: [ParNew: 351228K->13800K(368640K), 0.0305380 secs] 4618474K->4294287K(12541952K), 0.0310130 secs] [Times: user=0.24 sys=0.00, real=0.03 secs] 
2011-03-01T03:02:07.696+0000: 7229.087: [GC 7229.087: [ParNew: 341480K->22003K(368640K), 0.0359110 secs] 4621967K->4302490K(12541952K), 0.0363860 secs] [Times: user=0.24 sys=0.00, real=0.04 secs] 
2011-03-01T03:02:08.416+0000: 7229.808: [GC 7229.808: [ParNew: 349683K->40960K(368640K), 0.0491760 secs] 4630170K->4324101K(12541952K), 0.0496500 secs] [Times: user=0.39 sys=0.00, real=0.05 secs] 
2011-03-01T03:02:09.155+0000: 7230.546: [GC 7230.547: [ParNew: 368640K->18663K(368640K), 0.0552240 secs] 4651781K->4316655K(12541952K), 0.0555840 secs] [Times: user=0.39 sys=0.01, real=0.05 secs] 
2011-03-01T03:02:10.387+0000: 7231.778: [GC 7231.778: [ParNew: 346343K->37689K(368640K), 0.0682870 secs] 4644335K->4352066K(12541952K), 0.0687560 secs] [Times: user=0.55 sys=0.01, real=0.07 secs] 
2011-03-01T03:02:12.364+0000: 7233.755: [GC 7233.756: [ParNew: 365369K->34464K(368640K), 0.0520190 secs] 4679746K->4355606K(12541952K), 0.0525030 secs] [Times: user=0.38 sys=0.00, real=0.05 secs] 
2011-03-01T03:02:14.233+0000: 7235.624: [GC 7235.624: [ParNew: 362144K->33658K(368640K), 0.0588230 secs] 4683286K->4370995K(12541952K), 0.0592460 secs] [Times: user=0.43 sys=0.00, real=0.06 secs] 
2011-03-01T03:02:15.778+0000: 7237.169: [GC 7237.169: [ParNew: 361324K->36192K(368640K), 0.0490790 secs] 4698660K->4385474K(12541952K), 0.0494430 secs] [Times: user=0.38 sys=0.00, real=0.05 secs] 
2011-03-01T03:02:18.072+0000: 7239.463: [GC 7239.463: [ParNew: 363872K->31664K(368640K), 0.0502460 secs] 4713154K->4392174K(12541952K), 0.0506010 secs] [Times: user=0.39 sys=0.00, real=0.06 secs] 
2011-03-01T03:02:19.803+0000: 7241.194: [GC 7241.194: [ParNew: 359344K->40960K(368640K), 0.0542290 secs] 4719854K->4413182K(12541952K), 0.0545800 secs] [Times: user=0.42 sys=0.00, real=0.05 secs] 
2011-03-01T03:02:21.431+0000: 7242.822: [GC 7242.822: [ParNew: 368640K->35184K(368640K), 0.0668690 secs] 4740862K->4440152K(12541952K), 0.0672440 secs] [Times: user=0.49 sys=0.00, real=0.07 secs] 
2011-03-01T03:02:22.897+0000: 7244.288: [GC 7244.288: [ParNew: 362864K->33419K(368640K), 0.0517550 secs] 4767832K->4451992K(12541952K), 0.0521050 secs] [Times: user=0.40 sys=0.00, real=0.05 secs] 
2011-03-01T03:02:24.245+0000: 7245.636: [GC 7245.636: [ParNew: 361099K->26865K(368640K), 0.0532990 secs] 4779672K->4462969K(12541952K), 0.0536510 secs] [Times: user=0.38 sys=0.00, real=0.05 secs] 
2011-03-01T03:02:25.760+0000: 7247.151: [GC 7247.152: [ParNew: 354545K->24022K(368640K), 0.0568120 secs] 4790649K->4475393K(12541952K), 0.0571750 secs] [Times: user=0.42 sys=0.00, real=0.06 secs] 
2011-03-01T03:02:26.877+0000: 7248.268: [GC 7248.269: [ParNew: 351702K->24767K(368640K), 0.0544090 secs] 4803073K->4490368K(12541952K), 0.0547800 secs] [Times: user=0.39 sys=0.00, real=0.05 secs] 
2011-03-01T03:02:29.029+0000: 7250.420: [GC 7250.420: [ParNew: 352447K->26096K(368640K), 0.0528980 secs] 4818048K->4509067K(12541952K), 0.0532480 secs] [Times: user=0.39 sys=0.00, real=0.05 secs] 
2011-03-01T03:02:30.676+0000: 7252.068: [GC 7252.068: [ParNew: 353776K->40960K(368640K), 0.0420360 secs] 4836747K->4523980K(12541952K), 0.0423880 secs] [Times: user=0.32 sys=0.00, real=0.04 secs] 
2011-03-01T03:02:32.080+0000: 7253.471: [GC 7253.471: [ParNew: 368640K->30481K(368640K), 0.0700510 secs] 4851660K->4543498K(12541952K), 0.0705270 secs] [Times: user=0.51 sys=0.00, real=0.07 secs] 
2011-03-01T03:02:33.496+0000: 7254.887: [GC 7254.888: [ParNew: 358161K->31631K(368640K), 0.0535560 secs] 4871178K->4558500K(12541952K), 0.0580620 secs] [Times: user=0.41 sys=0.00, real=0.06 secs] 
2011-03-01T03:02:34.815+0000: 7256.207: [GC 7256.207: [ParNew: 359311K->20068K(368640K), 0.0518970 secs] 4886180K->4565764K(12541952K), 0.0522480 secs] [Times: user=0.37 sys=0.00, real=0.05 secs] 
2011-03-01T03:02:35.482+0000: 7256.873: [GC 7256.873: [ParNew: 347748K->40960K(368640K), 0.0513030 secs] 4893444K->4591665K(12541952K), 0.0516550 secs] [Times: user=0.37 sys=0.01, real=0.06 secs] 
2011-03-01T03:02:36.021+0000: 7257.413: [GC 7257.413: [ParNew: 368640K->38508K(368640K), 0.0673930 secs] 4919376K->4622990K(12541952K), 0.0677770 secs] [Times: user=0.48 sys=0.00, real=0.07 secs] 
2011-03-01T03:02:36.391+0000: 7257.782: [GC 7257.783: [ParNew: 366188K->40960K(368640K), 0.0596170 secs] 4950670K->4639822K(12541952K), 0.0600370 secs] [Times: user=0.46 sys=0.00, real=0.06 secs] 
2011-03-01T03:02:36.679+0000: 7258.070: [GC 7258.070: [ParNew: 368640K->39608K(368640K), 0.0503870 secs] 4967502K->4658179K(12541952K), 0.0507450 secs] [Times: user=0.39 sys=0.01, real=0.05 secs] 
2011-03-01T03:02:37.270+0000: 7258.661: [GC 7258.661: [ParNew: 367288K->40960K(368640K), 0.0612990 secs] 4985859K->4680188K(12541952K), 0.0616560 secs] [Times: user=0.44 sys=0.01, real=0.06 secs] 
2011-03-01T03:02:37.693+0000: 7259.085: [GC 7259.085: [ParNew: 368640K->40960K(368640K), 0.0679430 secs] 5007868K->4703674K(12541952K), 0.0684590 secs] [Times: user=0.47 sys=0.00, real=0.06 secs] 
2011-03-01T03:02:38.044+0000: 7259.435: [GC 7259.436: [ParNew: 368640K->40960K(368640K), 0.0566460 secs] 5031354K->4725823K(12541952K), 0.0570140 secs] [Times: user=0.39 sys=0.02, real=0.05 secs] 
2011-03-01T03:02:38.315+0000: 7259.706: [GC 7259.706: [ParNew: 368640K->40960K(368640K), 0.0491170 secs] 5053503K->4738959K(12541952K), 0.0494690 secs] [Times: user=0.33 sys=0.00, real=0.05 secs] 
2011-03-01T03:02:38.805+0000: 7260.196: [GC 7260.197: [ParNew: 368640K->33729K(368640K), 0.0427420 secs] 5066639K->4745774K(12541952K), 0.0430990 secs] [Times: user=0.31 sys=0.01, real=0.04 secs] 
2011-03-01T03:02:39.467+0000: 7260.858: [GC 7260.858: [ParNew: 361409K->40960K(368640K), 0.0386600 secs] 5073454K->4764475K(12541952K), 0.0390100 secs] [Times: user=0.26 sys=0.01, real=0.04 secs] 
2011-03-01T03:02:40.388+0000: 7261.779: [GC 7261.779: [ParNew: 368640K->23294K(368640K), 0.0430860 secs] 5092155K->4760957K(12541952K), 0.0434360 secs] [Times: user=0.32 sys=0.00, real=0.04 secs] 
2011-03-01T03:02:41.918+0000: 7263.310: [GC 7263.310: [ParNew: 350974K->40960K(368640K), 0.0340600 secs] 5088637K->4780913K(12541952K), 0.0344090 secs] [Times: user=0.24 sys=0.01, real=0.04 secs] 
2011-03-01T03:02:43.250+0000: 7264.641: [GC 7264.641: [ParNew: 366938K->34450K(368640K), 0.0640940 secs] 5106891K->4810708K(12541952K), 0.0644620 secs] [Times: user=0.48 sys=0.00, real=0.07 secs] 
2011-03-01T03:02:44.444+0000: 7265.835: [GC 7265.835: [ParNew: 362130K->21719K(368640K), 0.0452820 secs] 5138388K->4811392K(12541952K), 0.0456340 secs] [Times: user=0.34 sys=0.00, real=0.04 secs] 
2011-03-01T03:02:45.845+0000: 7267.237: [GC 7267.237: [ParNew: 349399K->40960K(368640K), 0.0450060 secs] 5139072K->4837461K(12541952K), 0.0453560 secs] [Times: user=0.32 sys=0.00, real=0.04 secs] 
2011-03-01T03:02:47.311+0000: 7268.702: [GC 7268.702: [ParNew: 368640K->28267K(368640K), 0.0498620 secs] 5165141K->4844624K(12541952K), 0.0502170 secs] [Times: user=0.40 sys=0.00, real=0.05 secs] 
2011-03-01T03:02:48.596+0000: 7269.987: [GC 7269.987: [ParNew: 355947K->36386K(368640K), 0.0446680 secs] 5172304K->4862508K(12541952K), 0.0450340 secs] [Times: user=0.32 sys=0.00, real=0.04 secs] 
2011-03-01T03:02:50.898+0000: 7272.289: [GC 7272.289: [ParNew: 364066K->27711K(368640K), 0.0448670 secs] 5190188K->4865638K(12541952K), 0.0452160 secs] [Times: user=0.32 sys=0.00, real=0.05 secs] 
2011-03-01T03:02:53.282+0000: 7274.673: [GC 7274.674: [ParNew: 355391K->30208K(368640K), 0.0432220 secs] 5193318K->4877863K(12541952K), 0.0435730 secs] [Times: user=0.33 sys=0.02, real=0.04 secs] 
2011-03-01T03:02:54.626+0000: 7276.017: [GC 7276.017: [ParNew: 357855K->19179K(368640K), 0.0412930 secs] 5205510K->4877960K(12541952K), 0.0416570 secs] [Times: user=0.31 sys=0.00, real=0.04 secs] 
2011-03-01T03:02:55.481+0000: 7276.872: [GC 7276.872: [ParNew: 346853K->33172K(368640K), 0.0361860 secs] 5205634K->4891953K(12541952K), 0.0365470 secs] [Times: user=0.32 sys=0.00, real=0.04 secs] 
2011-03-01T03:02:56.393+0000: 7277.784: [GC 7277.784: [ParNew: 360852K->40960K(368640K), 0.0468250 secs] 5219633K->4911537K(12541952K), 0.0471910 secs] [Times: user=0.36 sys=0.00, real=0.05 secs] 
2011-03-01T03:02:57.132+0000: 7278.524: [GC 7278.524: [ParNew: 368640K->25048K(368640K), 0.0610630 secs] 5239217K->4911217K(12541952K), 0.0614280 secs] [Times: user=0.36 sys=0.00, real=0.06 secs] 
2011-03-01T03:02:57.793+0000: 7279.184: [GC 7279.184: [ParNew: 352728K->28605K(368640K), 0.0333450 secs] 5238897K->4914774K(12541952K), 0.0337000 secs] [Times: user=0.26 sys=0.00, real=0.03 secs] 
2011-03-01T03:02:57.828+0000: 7279.220: [GC 7279.220: [ParNew: 28712K->14059K(368640K), 0.0446410 secs] 4914881K->4906701K(12541952K), 0.0449220 secs] [Times: user=0.32 sys=0.00, real=0.05 secs] 
2011-03-01T03:02:58.518+0000: 7279.909: [GC 7279.909: [ParNew: 341739K->32467K(368640K), 0.0347020 secs] 5234381K->4925110K(12541952K), 0.0350650 secs] [Times: user=0.24 sys=0.00, real=0.04 secs] 
2011-03-01T03:02:59.070+0000: 7280.462: [GC 7280.462: [ParNew: 360147K->16152K(368640K), 0.0406830 secs] 5252790K->4920914K(12541952K), 0.0410450 secs] [Times: user=0.30 sys=0.01, real=0.04 secs] 
2011-03-01T03:02:59.749+0000: 7281.140: [GC 7281.140: [ParNew: 343831K->25218K(368640K), 0.0342240 secs] 5248592K->4929980K(12541952K), 0.0345850 secs] [Times: user=0.27 sys=0.01, real=0.04 secs] 
2011-03-01T03:03:00.375+0000: 7281.766: [GC 7281.766: [ParNew: 352898K->28948K(368640K), 0.0454920 secs] 5257660K->4939819K(12541952K), 0.0458560 secs] [Times: user=0.31 sys=0.00, real=0.04 secs] 
2011-03-01T03:03:01.109+0000: 7282.500: [GC 7282.500: [ParNew: 356628K->31290K(368640K), 0.0441300 secs] 5267499K->4953084K(12541952K), 0.0444990 secs] [Times: user=0.32 sys=0.01, real=0.04 secs] 
2011-03-01T03:03:03.065+0000: 7284.456: [GC 7284.456: [ParNew: 358970K->17208K(368640K), 0.0370450 secs] 5280764K->4948064K(12541952K), 0.0374190 secs] [Times: user=0.24 sys=0.00, real=0.04 secs] 
2011-03-01T03:03:04.960+0000: 7286.351: [GC 7286.352: [ParNew: 344888K->38141K(368640K), 0.0373550 secs] 5275744K->4968996K(12541952K), 0.0377120 secs] [Times: user=0.32 sys=0.00, real=0.04 secs] 
2011-03-01T03:03:07.123+0000: 7288.514: [GC 7288.514: [ParNew: 365821K->13215K(368640K), 0.0478810 secs] 5296676K->4963309K(12541952K), 0.0483660 secs] [Times: user=0.36 sys=0.00, real=0.04 secs] 
2011-03-01T03:03:09.818+0000: 7291.209: [GC 7291.209: [ParNew: 340895K->26217K(368640K), 0.0336650 secs] 5290989K->4976311K(12541952K), 0.0341590 secs] [Times: user=0.23 sys=0.00, real=0.03 secs] 
2011-03-01T03:03:11.405+0000: 7292.796: [GC 7292.796: [ParNew: 353897K->35101K(368640K), 0.0410670 secs] 5303991K->4990007K(12541952K), 0.0415490 secs] [Times: user=0.31 sys=0.00, real=0.04 secs] 
2011-03-01T03:03:13.201+0000: 7294.592: [GC 7294.592: [ParNew: 362781K->24556K(368640K), 0.0396220 secs] 5317687K->4988131K(12541952K), 0.0401120 secs] [Times: user=0.32 sys=0.00, real=0.04 secs] 
2011-03-01T03:03:15.440+0000: 7296.831: [GC 7296.831: [ParNew: 352236K->40960K(368640K), 0.0383610 secs] 5315811K->5004893K(12541952K), 0.0388290 secs] [Times: user=0.31 sys=0.01, real=0.04 secs] 
2011-03-01T03:03:17.817+0000: 7299.209: [GC 7299.209: [ParNew: 368640K->15419K(368640K), 0.0481010 secs] 5332573K->4999143K(12541952K), 0.0485760 secs] [Times: user=0.33 sys=0.00, real=0.05 secs] 
2011-03-01T03:03:19.280+0000: 7300.671: [GC 7300.671: [ParNew: 343099K->40960K(368640K), 0.0353310 secs] 5326823K->5024684K(12541952K), 0.0358010 secs] [Times: user=0.32 sys=0.00, real=0.04 secs] 
2011-03-01T03:03:20.692+0000: 7302.084: [GC 7302.084: [ParNew: 368640K->11499K(368640K), 0.0446520 secs] 5352364K->5012018K(12541952K), 0.0450760 secs] [Times: user=0.36 sys=0.00, real=0.05 secs] 
2011-03-01T03:03:22.060+0000: 7303.451: [GC 7303.451: [ParNew: 339197K->40960K(368640K), 0.0346620 secs] 5339717K->5041480K(12541952K), 0.0351200 secs] [Times: user=0.32 sys=0.00, real=0.04 secs] 
2011-03-01T03:03:22.098+0000: 7303.489: [GC 7303.490: [ParNew: 41785K->13660K(368640K), 0.0414090 secs] 5042305K->5035819K(12541952K), 0.0418220 secs] [Times: user=0.30 sys=0.01, real=0.04 secs] 
2011-03-01T03:03:23.513+0000: 7304.904: [GC 7304.904: [ParNew: 341340K->9552K(368640K), 0.0273060 secs] 5363499K->5031711K(12541952K), 0.0277700 secs] [Times: user=0.21 sys=0.00, real=0.02 secs] 
2011-03-01T03:03:25.003+0000: 7306.394: [GC 7306.395: [ParNew: 337232K->33684K(368640K), 0.0341490 secs] 5359391K->5055843K(12541952K), 0.0346230 secs] [Times: user=0.26 sys=0.01, real=0.03 secs] 
2011-03-01T03:03:27.693+0000: 7309.085: [GC 7309.085: [ParNew: 361364K->9221K(368640K), 0.0441610 secs] 5383523K->5046619K(12541952K), 0.0446400 secs] [Times: user=0.33 sys=0.00, real=0.04 secs] 
2011-03-01T03:03:30.059+0000: 7311.450: [GC 7311.451: [ParNew: 336901K->40960K(368640K), 0.0429430 secs] 5374299K->5095892K(12541952K), 0.0469720 secs] [Times: user=0.33 sys=0.00, real=0.05 secs] 
2011-03-01T03:03:31.482+0000: 7312.873: [GC 7312.874: [ParNew: 368640K->15687K(368640K), 0.0449640 secs] 5423572K->5089426K(12541952K), 0.0454870 secs] [Times: user=0.36 sys=0.00, real=0.05 secs] 
2011-03-01T03:03:32.885+0000: 7314.277: [GC 7314.277: [ParNew: 343367K->30363K(368640K), 0.0348890 secs] 5417106K->5104102K(12541952K), 0.0353430 secs] [Times: user=0.24 sys=0.00, real=0.03 secs] 
2011-03-01T03:03:34.887+0000: 7316.278: [GC 7316.279: [ParNew: 358043K->18868K(368640K), 0.0442720 secs] 5431782K->5107543K(12541952K), 0.0447510 secs] [Times: user=0.33 sys=0.00, real=0.04 secs] 
2011-03-01T03:03:35.426+0000: 7316.817: [GC 7316.817: [ParNew: 346548K->40960K(368640K), 0.0424990 secs] 5435223K->5132683K(12541952K), 0.0429860 secs] [Times: user=0.32 sys=0.00, real=0.04 secs] 
2011-03-01T03:03:35.953+0000: 7317.344: [GC 7317.344: [ParNew: 368640K->25267K(368640K), 0.0566390 secs] 5460363K->5135644K(12541952K), 0.0571890 secs] [Times: user=0.41 sys=0.01, real=0.05 secs] 
2011-03-01T03:03:36.307+0000: 7317.698: [GC 7317.698: [ParNew: 352947K->40960K(368640K), 0.0478140 secs] 5463324K->5158370K(12541952K), 0.0482590 secs] [Times: user=0.35 sys=0.00, real=0.05 secs] 
2011-03-01T03:03:36.621+0000: 7318.013: [GC 7318.013: [ParNew: 368640K->31087K(368640K), 0.0547170 secs] 5486050K->5173119K(12541952K), 0.0552280 secs] [Times: user=0.41 sys=0.01, real=0.06 secs] 
2011-03-01T03:03:36.997+0000: 7318.388: [GC 7318.388: [ParNew: 358767K->32183K(368640K), 0.0526320 secs] 5500799K->5184157K(12541952K), 0.0530840 secs] [Times: user=0.38 sys=0.01, real=0.05 secs] 
2011-03-01T03:03:37.405+0000: 7318.796: [GC 7318.796: [ParNew: 359757K->40960K(368640K), 0.0552290 secs] 5511730K->5204635K(12541952K), 0.0557230 secs] [Times: user=0.38 sys=0.01, real=0.05 secs] 
2011-03-01T03:03:37.694+0000: 7319.085: [GC 7319.086: [ParNew: 368640K->40960K(368640K), 0.0594030 secs] 5532315K->5217556K(12541952K), 0.0598790 secs] [Times: user=0.41 sys=0.00, real=0.06 secs] 
2011-03-01T03:03:38.085+0000: 7319.476: [GC 7319.476: [ParNew: 368640K->40960K(368640K), 0.0552060 secs] 5545236K->5229728K(12541952K), 0.0557000 secs] [Times: user=0.38 sys=0.00, real=0.05 secs] 
2011-03-01T03:03:38.521+0000: 7319.912: [GC 7319.912: [ParNew: 368640K->34101K(368640K), 0.0354580 secs] 5557408K->5235574K(12541952K), 0.0359320 secs] [Times: user=0.27 sys=0.01, real=0.04 secs] 
2011-03-01T03:03:39.251+0000: 7320.642: [GC 7320.642: [ParNew: 361781K->40960K(368640K), 0.0366910 secs] 5563254K->5244692K(12541952K), 0.0371610 secs] [Times: user=0.30 sys=0.01, real=0.04 secs] 
2011-03-01T03:03:40.401+0000: 7321.792: [GC 7321.792: [ParNew: 368640K->10390K(368640K), 0.0421200 secs] 5572372K->5232251K(12541952K), 0.0424740 secs] [Times: user=0.31 sys=0.00, real=0.05 secs] 
2011-03-01T03:03:41.705+0000: 7323.096: [GC 7323.097: [ParNew: 338070K->40960K(368640K), 0.0339460 secs] 5559931K->5262869K(12541952K), 0.0343000 secs] [Times: user=0.24 sys=0.00, real=0.03 secs] 
2011-03-01T03:03:43.410+0000: 7324.801: [GC 7324.801: [ParNew: 368640K->30087K(368640K), 0.0445520 secs] 5590549K->5266704K(12541952K), 0.0449710 secs] [Times: user=0.33 sys=0.00, real=0.05 secs] 
2011-03-01T03:03:44.531+0000: 7325.922: [GC 7325.922: [ParNew: 357767K->25666K(368640K), 0.0355540 secs] 5594384K->5268733K(12541952K), 0.0360300 secs] [Times: user=0.30 sys=0.02, real=0.04 secs] 
2011-03-01T03:03:45.931+0000: 7327.322: [GC 7327.322: [ParNew: 353346K->17718K(368640K), 0.0345560 secs] 5596413K->5269182K(12541952K), 0.0350300 secs] [Times: user=0.31 sys=0.00, real=0.04 secs] 
2011-03-01T03:03:47.274+0000: 7328.666: [GC 7328.666: [ParNew: 345398K->40960K(368640K), 0.0342430 secs] 5596862K->5292424K(12541952K), 0.0393140 secs] [Times: user=0.26 sys=0.01, real=0.04 secs] 
2011-03-01T03:03:48.516+0000: 7329.907: [GC 7329.907: [ParNew: 368640K->25348K(368640K), 0.0435070 secs] 5620104K->5291266K(12541952K), 0.0439830 secs] [Times: user=0.32 sys=0.00, real=0.04 secs] 
2011-03-01T03:03:50.833+0000: 7332.224: [GC 7332.224: [ParNew: 353028K->34099K(368640K), 0.0334790 secs] 5618946K->5300017K(12541952K), 0.0339530 secs] [Times: user=0.28 sys=0.00, real=0.03 secs] 
2011-03-01T03:03:53.124+0000: 7334.515: [GC 7334.515: [ParNew: 361779K->25587K(368640K), 0.0421690 secs] 5627697K->5297668K(12541952K), 0.0426390 secs] [Times: user=0.30 sys=0.00, real=0.04 secs] 
2011-03-01T03:03:54.599+0000: 7335.990: [GC 7335.991: [ParNew: 353267K->32360K(368640K), 0.0415730 secs] 5625348K->5312568K(12541952K), 0.0420750 secs] [Times: user=0.30 sys=0.00, real=0.04 secs] 
2011-03-01T03:03:55.354+0000: 7336.746: [GC 7336.746: [ParNew: 360040K->16573K(368640K), 0.0382210 secs] 5640248K->5310684K(12541952K), 0.0387110 secs] [Times: user=0.26 sys=0.00, real=0.04 secs] 
2011-03-01T03:03:56.101+0000: 7337.492: [GC 7337.493: [ParNew: 344253K->13760K(368640K), 0.0279300 secs] 5638364K->5307871K(12541952K), 0.0284050 secs] [Times: user=0.24 sys=0.00, real=0.03 secs] 
2011-03-01T03:03:56.681+0000: 7338.072: [GC 7338.072: [ParNew: 341440K->23707K(368640K), 0.0296540 secs] 5635551K->5317818K(12541952K), 0.0301400 secs] [Times: user=0.23 sys=0.00, real=0.03 secs] 
2011-03-01T03:03:57.281+0000: 7338.672: [GC 7338.672: [ParNew: 351387K->30004K(368640K), 0.0384760 secs] 5645498K->5326677K(12541952K), 0.0389650 secs] [Times: user=0.32 sys=0.00, real=0.04 secs] 
2011-03-01T03:03:57.970+0000: 7339.361: [GC 7339.361: [ParNew: 357684K->23629K(368640K), 0.0348980 secs] 5654357K->5329092K(12541952K), 0.0353910 secs] [Times: user=0.26 sys=0.00, real=0.04 secs] 
2011-03-01T03:03:58.739+0000: 7340.130: [GC 7340.130: [ParNew: 351309K->24987K(368640K), 0.0301330 secs] 5656772K->5330450K(12541952K), 0.0306160 secs] [Times: user=0.24 sys=0.00, real=0.03 secs] 
2011-03-01T03:03:59.456+0000: 7340.847: [GC 7340.848: [ParNew: 352667K->40350K(368640K), 0.0461470 secs] 5658130K->5352036K(12541952K), 0.0467890 secs] [Times: user=0.32 sys=0.00, real=0.05 secs] 
2011-03-01T03:04:00.261+0000: 7341.652: [GC 7341.652: [ParNew: 368030K->18609K(368640K), 0.0488580 secs] 5679716K->5361914K(12541952K), 0.0493810 secs] [Times: user=0.39 sys=0.01, real=0.05 secs] 
2011-03-01T03:04:01.658+0000: 7343.049: [GC 7343.049: [ParNew: 346289K->38663K(368640K), 0.0322280 secs] 5689594K->5381968K(12541952K), 0.0327360 secs] [Times: user=0.24 sys=0.00, real=0.03 secs] 
2011-03-01T03:04:03.770+0000: 7345.161: [GC 7345.162: [ParNew: 366343K->40960K(368640K), 0.0432810 secs] 5709648K->5389517K(12541952K), 0.0437560 secs] [Times: user=0.30 sys=0.01, real=0.05 secs] 
2011-03-01T03:04:05.373+0000: 7346.765: [GC 7346.765: [ParNew: 368586K->25350K(368640K), 0.0447640 secs] 5717143K->5388663K(12541952K), 0.0451920 secs] [Times: user=0.34 sys=0.01, real=0.04 secs] 
2011-03-01T03:04:07.417+0000: 7348.808: [GC 7348.808: [ParNew: 353030K->13064K(368640K), 0.0383570 secs] 5716343K->5385064K(12541952K), 0.0387270 secs] [Times: user=0.29 sys=0.00, real=0.04 secs] 
2011-03-01T03:04:09.281+0000: 7350.673: [GC 7350.673: [ParNew: 340744K->34752K(368640K), 0.0338730 secs] 5712744K->5406752K(12541952K), 0.0342290 secs] [Times: user=0.30 sys=0.00, real=0.04 secs] 
2011-03-01T03:04:11.499+0000: 7352.890: [GC 7352.890: [ParNew: 362432K->33689K(368640K), 0.0397790 secs] 5734432K->5411506K(12541952K), 0.0401370 secs] [Times: user=0.32 sys=0.00, real=0.04 secs] 
2011-03-01T03:04:13.611+0000: 7355.002: [GC 7355.003: [ParNew: 361369K->37671K(368640K), 0.0417560 secs] 5739186K->5421114K(12541952K), 0.0421140 secs] [Times: user=0.31 sys=0.00, real=0.05 secs] 
2011-03-01T03:04:15.989+0000: 7357.380: [GC 7357.380: [ParNew: 365351K->29316K(368640K), 0.0454580 secs] 5748794K->5420323K(12541952K), 0.0458130 secs] [Times: user=0.36 sys=0.00, real=0.05 secs] 
2011-03-01T03:04:17.998+0000: 7359.389: [GC 7359.389: [ParNew: 356996K->33113K(368640K), 0.0398210 secs] 5748003K->5433933K(12541952K), 0.0401760 secs] [Times: user=0.31 sys=0.00, real=0.04 secs] 
2011-03-01T03:04:19.489+0000: 7360.880: [GC 7360.880: [ParNew: 360793K->19212K(368640K), 0.0348850 secs] 5761613K->5430094K(12541952K), 0.0353570 secs] [Times: user=0.24 sys=0.00, real=0.04 secs] 
2011-03-01T03:04:20.800+0000: 7362.192: [GC 7362.192: [ParNew: 346892K->29549K(368640K), 0.0356080 secs] 5757774K->5440431K(12541952K), 0.0360780 secs] [Times: user=0.32 sys=0.00, real=0.04 secs] 
2011-03-01T03:04:22.176+0000: 7363.567: [GC 7363.568: [ParNew: 357229K->40960K(368640K), 0.0415210 secs] 5768111K->5458378K(12541952K), 0.0419950 secs] [Times: user=0.32 sys=0.00, real=0.04 secs] 
2011-03-01T03:04:23.633+0000: 7365.024: [GC 7365.025: [ParNew: 368640K->35278K(368640K), 0.0453950 secs] 5786058K->5467010K(12541952K), 0.0458680 secs] [Times: user=0.33 sys=0.00, real=0.04 secs] 
2011-03-01T03:04:25.171+0000: 7366.562: [GC 7366.563: [ParNew: 362313K->22711K(368640K), 0.0371130 secs] 5794046K->5462586K(12541952K), 0.0375950 secs] [Times: user=0.31 sys=0.00, real=0.04 secs] 
2011-03-01T03:04:27.418+0000: 7368.809: [GC 7368.810: [ParNew: 350391K->20564K(368640K), 0.0360030 secs] 5790266K->5466593K(12541952K), 0.0364100 secs] [Times: user=0.26 sys=0.00, real=0.04 secs] 
2011-03-01T03:04:29.841+0000: 7371.232: [GC 7371.232: [ParNew: 348244K->26849K(368640K), 0.0328650 secs] 5794273K->5472878K(12541952K), 0.0332150 secs] [Times: user=0.29 sys=0.00, real=0.04 secs] 
2011-03-01T03:04:31.468+0000: 7372.859: [GC 7372.859: [ParNew: 354529K->31173K(368640K), 0.0414010 secs] 5800558K->5485278K(12541952K), 0.0417540 secs] [Times: user=0.32 sys=0.00, real=0.04 secs] 
2011-03-01T03:04:32.795+0000: 7374.187: [GC 7374.187: [ParNew: 358853K->40960K(368640K), 0.0427980 secs] 5812958K->5501662K(12541952K), 0.0431620 secs] [Times: user=0.32 sys=0.00, real=0.04 secs] 
2011-03-01T03:04:34.064+0000: 7375.456: [GC 7375.456: [ParNew: 368640K->15270K(368640K), 0.0445260 secs] 5829342K->5492413K(12541952K), 0.0448780 secs] [Times: user=0.32 sys=0.00, real=0.04 secs] 
2011-03-01T03:04:35.552+0000: 7376.943: [GC 7376.943: [ParNew: 342950K->34546K(368640K), 0.0362370 secs] 5820093K->5511689K(12541952K), 0.0365850 secs] [Times: user=0.29 sys=0.00, real=0.04 secs] 
2011-03-01T03:04:36.808+0000: 7378.199: [GC 7378.199: [ParNew: 362306K->37723K(368640K), 0.0434490 secs] 5839449K->5522965K(12541952K), 0.0437920 secs] [Times: user=0.31 sys=0.01, real=0.04 secs] 
2011-03-01T03:04:36.856+0000: 7378.247: [GC 7378.247: [ParNew: 39609K->9648K(368640K), 0.0404910 secs] 5524851K->5511169K(12541952K), 0.0409220 secs] [Times: user=0.28 sys=0.00, real=0.04 secs] 
2011-03-01T03:04:37.484+0000: 7378.875: [GC 7378.876: [ParNew: 337328K->25784K(368640K), 0.0480950 secs] 5838849K->5592841K(12541952K), 0.0485790 secs] [Times: user=0.31 sys=0.00, real=0.05 secs] 
2011-03-01T03:04:37.861+0000: 7379.252: [GC 7379.252: [ParNew: 353464K->40960K(368640K), 0.0527800 secs] 5920521K->5632848K(12541952K), 0.0532580 secs] [Times: user=0.41 sys=0.00, real=0.06 secs] 
2011-03-01T03:04:38.209+0000: 7379.600: [GC 7379.600: [ParNew: 368640K->30339K(368640K), 0.0530390 secs] 5960528K->5633261K(12541952K), 0.0534960 secs] [Times: user=0.35 sys=0.00, real=0.06 secs] 
2011-03-01T03:04:38.495+0000: 7379.886: [GC 7379.886: [ParNew: 358019K->40960K(368640K), 0.0564880 secs] 5960941K->5651773K(12541952K), 0.0570170 secs] [Times: user=0.38 sys=0.01, real=0.05 secs] 
2011-03-01T03:04:38.775+0000: 7380.166: [GC 7380.166: [ParNew: 368640K->40960K(368640K), 0.0624560 secs] 5979453K->5669032K(12541952K), 0.0629180 secs] [Times: user=0.46 sys=0.00, real=0.06 secs] 
2011-03-01T03:04:39.153+0000: 7380.545: [GC 7380.545: [ParNew: 366780K->38883K(368640K), 0.0522880 secs] 5994853K->5677019K(12541952K), 0.0526440 secs] [Times: user=0.36 sys=0.01, real=0.05 secs] 
2011-03-01T03:04:39.374+0000: 7380.766: [GC 7380.766: [ParNew: 366563K->40960K(368640K), 0.1065210 secs] 6004699K->5795614K(12541952K), 0.1068780 secs] [Times: user=0.67 sys=0.00, real=0.10 secs] 
2011-03-01T03:04:39.696+0000: 7381.088: [GC 7381.088: [ParNew: 368640K->40960K(368640K), 0.1140380 secs] 6123338K->5839607K(12541952K), 0.1144060 secs] [Times: user=0.79 sys=0.00, real=0.11 secs] 
2011-03-01T03:04:39.813+0000: 7381.205: [GC 7381.205: [ParNew: 41169K->31623K(368640K), 0.0674860 secs] 5839816K->5871482K(12541952K), 0.0678220 secs] [Times: user=0.45 sys=0.00, real=0.06 secs] 
2011-03-01T03:04:40.032+0000: 7381.423: [GC 7381.423: [ParNew: 359303K->40960K(368640K), 0.1165830 secs] 6199162K->5921420K(12541952K), 0.1169490 secs] [Times: user=0.86 sys=0.00, real=0.12 secs] 
2011-03-01T03:04:40.317+0000: 7381.708: [GC 7381.708: [ParNew: 368640K->40960K(368640K), 0.1530130 secs] 6249100K->5976147K(12541952K), 0.1535290 secs] [Times: user=0.91 sys=0.02, real=0.15 secs] 
2011-03-01T03:04:40.695+0000: 7382.086: [GC 7382.087: [ParNew: 368640K->40960K(368640K), 0.0610400 secs] 6303827K->5989574K(12541952K), 0.0614000 secs] [Times: user=0.40 sys=0.01, real=0.06 secs] 
2011-03-01T03:04:41.056+0000: 7382.448: [GC 7382.448: [ParNew: 368640K->35818K(368640K), 0.0599130 secs] 6317254K->6001955K(12541952K), 0.0602810 secs] [Times: user=0.41 sys=0.00, real=0.06 secs] 
2011-03-01T03:04:41.392+0000: 7382.784: [GC 7382.784: [ParNew: 363498K->13854K(368640K), 0.0475820 secs] 6329635K->5989316K(12541952K), 0.0479360 secs] [Times: user=0.39 sys=0.00, real=0.04 secs] 
2011-03-01T03:04:41.929+0000: 7383.320: [GC 7383.320: [ParNew: 341534K->23457K(368640K), 0.0435400 secs] 6316996K->5998920K(12541952K), 0.0438890 secs] [Times: user=0.32 sys=0.00, real=0.05 secs] 
2011-03-01T03:04:42.431+0000: 7383.822: [GC 7383.822: [ParNew: 351137K->40960K(368640K), 0.0508050 secs] 6326600K->6016422K(12541952K), 0.0511560 secs] [Times: user=0.37 sys=0.00, real=0.05 secs] 
2011-03-01T03:04:42.766+0000: 7384.158: [GC 7384.158: [ParNew: 368640K->39427K(368640K), 0.0646420 secs] 6344102K->6027904K(12541952K), 0.0649960 secs] [Times: user=0.48 sys=0.00, real=0.06 secs] 
2011-03-01T03:04:43.294+0000: 7384.685: [GC 7384.686: [ParNew: 367107K->23847K(368640K), 0.0579180 secs] 6355584K->6030360K(12541952K), 0.0582730 secs] [Times: user=0.42 sys=0.01, real=0.06 secs] 
2011-03-01T03:04:44.080+0000: 7385.471: [GC 7385.471: [ParNew: 351527K->17742K(368640K), 0.0447240 secs] 6358040K->6024255K(12541952K), 0.0452000 secs] [Times: user=0.34 sys=0.02, real=0.05 secs] 
2011-03-01T03:04:44.969+0000: 7386.360: [GC 7386.361: [ParNew: 345422K->40960K(368640K), 0.0597920 secs] 6351935K->6047686K(12541952K), 0.0602840 secs] [Times: user=0.47 sys=0.02, real=0.06 secs] 
2011-03-01T03:04:45.665+0000: 7387.056: [GC 7387.056: [ParNew: 368640K->37375K(368640K), 0.0832860 secs] 6375366K->6133526K(12541952K), 0.0837680 secs] [Times: user=0.58 sys=0.00, real=0.09 secs] 
2011-03-01T03:04:46.328+0000: 7387.719: [GC 7387.719: [ParNew: 365055K->13932K(368640K), 0.0390960 secs] 6461206K->6132633K(12541952K), 0.0395490 secs] [Times: user=0.32 sys=0.00, real=0.04 secs] 
2011-03-01T03:04:47.031+0000: 7388.422: [GC 7388.423: [ParNew: 341612K->24209K(368640K), 0.0334230 secs] 6460313K->6142911K(12541952K), 0.0338760 secs] [Times: user=0.28 sys=0.00, real=0.04 secs] 
2011-03-01T03:04:47.760+0000: 7389.151: [GC 7389.152: [ParNew: 351889K->40429K(368640K), 0.0374790 secs] 6470591K->6159131K(12541952K), 0.0379460 secs] [Times: user=0.32 sys=0.00, real=0.04 secs] 
2011-03-01T03:04:48.328+0000: 7389.719: [GC 7389.720: [ParNew: 368109K->36943K(368640K), 0.0505540 secs] 6486811K->6166786K(12541952K), 0.0510520 secs] [Times: user=0.40 sys=0.00, real=0.05 secs] 
2011-03-01T03:04:49.215+0000: 7390.607: [GC 7390.607: [ParNew: 364623K->33527K(368640K), 0.0410910 secs] 6494466K->6172503K(12541952K), 0.0415730 secs] [Times: user=0.29 sys=0.00, real=0.04 secs] 
2011-03-01T03:04:50.118+0000: 7391.509: [GC 7391.509: [ParNew: 361207K->15534K(368640K), 0.0381420 secs] 6500183K->6162619K(12541952K), 0.0386130 secs] [Times: user=0.29 sys=0.00, real=0.04 secs] 
2011-03-01T03:04:51.109+0000: 7392.500: [GC 7392.501: [ParNew: 343214K->25157K(368640K), 0.0340450 secs] 6490299K->6172243K(12541952K), 0.0345160 secs] [Times: user=0.26 sys=0.02, real=0.04 secs] 
2011-03-01T03:04:51.997+0000: 7393.388: [GC 7393.389: [ParNew: 352837K->28875K(368640K), 0.0414950 secs] 6499923K->6180146K(12541952K), 0.0419840 secs] [Times: user=0.31 sys=0.00, real=0.04 secs] 
2011-03-01T03:04:52.967+0000: 7394.358: [GC 7394.358: [ParNew: 356555K->26279K(368640K), 0.0416440 secs] 6507826K->6181382K(12541952K), 0.0421090 secs] [Times: user=0.30 sys=0.00, real=0.04 secs] 
2011-03-01T03:04:53.958+0000: 7395.349: [GC 7395.350: [ParNew: 353959K->40960K(368640K), 0.0381260 secs] 6509062K->6198072K(12541952K), 0.0385330 secs] [Times: user=0.31 sys=0.00, real=0.04 secs] 
2011-03-01T03:04:54.638+0000: 7396.030: [GC 7396.030: [ParNew: 368640K->21439K(368640K), 0.0389230 secs] 6525752K->6194240K(12541952K), 0.0393000 secs] [Times: user=0.30 sys=0.00, real=0.04 secs] 
2011-03-01T03:04:55.111+0000: 7396.502: [GC 7396.503: [ParNew: 349119K->26269K(368640K), 0.0283030 secs] 6521920K->6199071K(12541952K), 0.0286750 secs] [Times: user=0.20 sys=0.00, real=0.03 secs] 
2011-03-01T03:04:55.570+0000: 7396.961: [GC 7396.962: [ParNew: 353949K->32820K(368640K), 0.0457610 secs] 6526751K->6211019K(12541952K), 0.0462090 secs] [Times: user=0.39 sys=0.00, real=0.05 secs] 
2011-03-01T03:04:56.029+0000: 7397.420: [GC 7397.421: [ParNew: 360500K->20123K(368640K), 0.0384010 secs] 6538699K->6205942K(12541952K), 0.0389530 secs] [Times: user=0.31 sys=0.00, real=0.04 secs] 
2011-03-01T03:04:56.474+0000: 7397.865: [GC 7397.865: [ParNew: 347803K->17272K(368640K), 0.0304920 secs] 6533622K->6208978K(12541952K), 0.0309960 secs] [Times: user=0.17 sys=0.00, real=0.04 secs] 
2011-03-01T03:04:56.998+0000: 7398.389: [GC 7398.390: [ParNew: 344952K->35126K(368640K), 0.0294820 secs] 6536658K->6226833K(12541952K), 0.0299980 secs] [Times: user=0.24 sys=0.00, real=0.03 secs] 
2011-03-01T03:04:57.456+0000: 7398.847: [GC 7398.847: [ParNew: 362806K->27110K(368640K), 0.0353940 secs] 6554513K->6228012K(12541952K), 0.0359110 secs] [Times: user=0.24 sys=0.00, real=0.03 secs] 
2011-03-01T03:04:57.937+0000: 7399.328: [GC 7399.328: [ParNew: 354790K->18037K(368640K), 0.0300940 secs] 6555692K->6224926K(12541952K), 0.0305840 secs] [Times: user=0.24 sys=0.00, real=0.03 secs] 
2011-03-01T03:04:58.441+0000: 7399.832: [GC 7399.832: [ParNew: 345717K->32328K(368640K), 0.0288300 secs] 6552606K->6239217K(12541952K), 0.0293220 secs] [Times: user=0.24 sys=0.00, real=0.03 secs] 
2011-03-01T03:04:58.979+0000: 7400.370: [GC 7400.371: [ParNew: 360008K->12687K(368640K), 0.0352230 secs] 6566897K->6229265K(12541952K), 0.0357170 secs] [Times: user=0.25 sys=0.00, real=0.04 secs] 
2011-03-01T03:04:59.648+0000: 7401.040: [GC 7401.040: [ParNew: 340367K->33861K(368640K), 0.0289310 secs] 6556945K->6250439K(12541952K), 0.0294330 secs] [Times: user=0.24 sys=0.00, real=0.03 secs] 
2011-03-01T03:05:00.237+0000: 7401.628: [GC 7401.629: [ParNew: 321065K->37200K(368640K), 0.0432610 secs] 6537643K->6270850K(12541952K), 0.0437070 secs] [Times: user=0.32 sys=0.00, real=0.04 secs] 
2011-03-01T03:05:00.620+0000: 7402.011: [GC 7402.011: [ParNew: 364880K->14857K(368640K), 0.0518010 secs] 6598530K->6334308K(12541952K), 0.0521630 secs] [Times: user=0.40 sys=0.00, real=0.06 secs] 
2011-03-01T03:05:01.216+0000: 7402.607: [GC 7402.608: [ParNew: 342537K->33824K(368640K), 0.0447400 secs] 6661988K->6353275K(12541952K), 0.0450870 secs] [Times: user=0.32 sys=0.00, real=0.04 secs] 
2011-03-01T03:05:01.915+0000: 7403.306: [GC 7403.307: [ParNew: 361504K->14792K(368640K), 0.0607350 secs] 6680955K->6355045K(12541952K), 0.0611010 secs] [Times: user=0.41 sys=0.00, real=0.06 secs] 
2011-03-01T03:05:02.733+0000: 7404.124: [GC 7404.125: [ParNew: 342472K->22918K(368640K), 0.0317890 secs] 6682725K->6363171K(12541952K), 0.0321480 secs] [Times: user=0.25 sys=0.00, real=0.03 secs] 
2011-03-01T03:05:03.486+0000: 7404.878: [GC 7404.878: [ParNew: 350598K->26121K(368640K), 0.0361540 secs] 6690851K->6366374K(12541952K), 0.0365300 secs] [Times: user=0.26 sys=0.00, real=0.04 secs] 
2011-03-01T03:05:04.345+0000: 7405.736: [GC 7405.736: [ParNew: 353801K->33354K(368640K), 0.0490020 secs] 6694054K->6380107K(12541952K), 0.0493650 secs] [Times: user=0.34 sys=0.00, real=0.05 secs] 
2011-03-01T03:05:05.070+0000: 7406.461: [GC 7406.462: [ParNew: 361034K->32245K(368640K), 0.0434570 secs] 6707787K->6386077K(12541952K), 0.0438190 secs] [Times: user=0.33 sys=0.00, real=0.05 secs] 
2011-03-01T03:05:07.170+0000: 7408.561: [GC 7408.561: [ParNew: 359925K->40960K(368640K), 0.0436520 secs] 6713757K->6395229K(12541952K), 0.0486550 secs] [Times: user=0.32 sys=0.00, real=0.05 secs] 
2011-03-01T03:05:09.189+0000: 7410.580: [GC 7410.580: [ParNew: 368640K->27471K(368640K), 0.0691470 secs] 6722909K->6411891K(12541952K), 0.0696420 secs] [Times: user=0.48 sys=0.01, real=0.07 secs] 
2011-03-01T03:05:11.015+0000: 7412.406: [GC 7412.406: [ParNew: 355151K->27790K(368640K), 0.0393090 secs] 6739571K->6423642K(12541952K), 0.0397950 secs] [Times: user=0.25 sys=0.00, real=0.04 secs] 
2011-03-01T03:05:13.220+0000: 7414.611: [GC 7414.611: [ParNew: 355470K->37370K(368640K), 0.0502390 secs] 6751322K->6445193K(12541952K), 0.0507130 secs] [Times: user=0.40 sys=0.00, real=0.05 secs] 
2011-03-01T03:05:15.627+0000: 7417.019: [GC 7417.019: [ParNew: 365050K->22495K(368640K), 0.0502080 secs] 6772873K->6447709K(12541952K), 0.0506930 secs] [Times: user=0.40 sys=0.00, real=0.05 secs] 
2011-03-01T03:05:18.038+0000: 7419.429: [GC 7419.429: [ParNew: 350175K->40646K(368640K), 0.0421600 secs] 6775389K->6465859K(12541952K), 0.0426580 secs] [Times: user=0.32 sys=0.00, real=0.04 secs] 
2011-03-01T03:05:19.547+0000: 7420.938: [GC 7420.938: [ParNew: 368326K->31420K(368640K), 0.0648570 secs] 6793539K->6480535K(12541952K), 0.0653620 secs] [Times: user=0.47 sys=0.00, real=0.06 secs] 
2011-03-01T03:05:21.032+0000: 7422.423: [GC 7422.424: [ParNew: 359100K->40960K(368640K), 0.0597920 secs] 6808215K->6510904K(12541952K), 0.0602880 secs] [Times: user=0.43 sys=0.01, real=0.07 secs] 
2011-03-01T03:05:22.350+0000: 7423.741: [GC 7423.741: [ParNew: 368640K->33022K(368640K), 0.0600090 secs] 6838584K->6530748K(12541952K), 0.0605140 secs] [Times: user=0.48 sys=0.00, real=0.06 secs] 
2011-03-01T03:05:23.847+0000: 7425.238: [GC 7425.239: [ParNew: 360702K->25684K(368640K), 0.0534500 secs] 6858428K->6541901K(12541952K), 0.0539110 secs] [Times: user=0.40 sys=0.00, real=0.05 secs] 
2011-03-01T03:05:25.361+0000: 7426.753: [GC 7426.753: [ParNew: 353364K->40960K(368640K), 0.0462520 secs] 6869581K->6559605K(12541952K), 0.0466110 secs] [Times: user=0.40 sys=0.00, real=0.05 secs] 
2011-03-01T03:05:26.741+0000: 7428.132: [GC 7428.132: [ParNew: 368640K->27990K(368640K), 0.0706800 secs] 6887285K->6578778K(12541952K), 0.0710350 secs] [Times: user=0.55 sys=0.00, real=0.07 secs] 
2011-03-01T03:05:29.185+0000: 7430.576: [GC 7430.577: [ParNew: 355670K->40960K(368640K), 0.0601620 secs] 6906458K->6605384K(12541952K), 0.0605180 secs] [Times: user=0.41 sys=0.00, real=0.06 secs] 
2011-03-01T03:05:30.982+0000: 7432.373: [GC 7432.373: [ParNew: 368640K->18888K(368640K), 0.0587740 secs] 6933064K->6603624K(12541952K), 0.0591350 secs] [Times: user=0.46 sys=0.00, real=0.06 secs] 
2011-03-01T03:05:32.428+0000: 7433.819: [GC 7433.820: [ParNew: 346568K->40960K(368640K), 0.0520970 secs] 6931304K->6630511K(12541952K), 0.0525760 secs] [Times: user=0.40 sys=0.00, real=0.05 secs] 
2011-03-01T03:05:33.965+0000: 7435.356: [GC 7435.357: [ParNew: 368640K->25757K(368640K), 0.0734440 secs] 6958191K->6644026K(12541952K), 0.0776280 secs] [Times: user=0.55 sys=0.00, real=0.08 secs] 
2011-03-01T03:05:35.283+0000: 7436.674: [GC 7436.675: [ParNew: 353437K->40960K(368640K), 0.0559770 secs] 6971706K->6665667K(12541952K), 0.0563510 secs] [Times: user=0.43 sys=0.00, real=0.05 secs] 
2011-03-01T03:05:35.768+0000: 7437.160: [GC 7437.160: [ParNew: 368640K->31351K(368640K), 0.0688500 secs] 6993347K->6682482K(12541952K), 0.0692070 secs] [Times: user=0.47 sys=0.01, real=0.07 secs] 
2011-03-01T03:05:36.117+0000: 7437.509: [GC 7437.509: [ParNew: 359031K->40960K(368640K), 0.0603360 secs] 7010162K->6707759K(12541952K), 0.0606980 secs] [Times: user=0.42 sys=0.00, real=0.06 secs] 
2011-03-01T03:05:36.431+0000: 7437.822: [GC 7437.822: [ParNew: 368640K->40960K(368640K), 0.0722530 secs] 7035439K->6731299K(12541952K), 0.0726630 secs] [Times: user=0.55 sys=0.00, real=0.08 secs] 
2011-03-01T03:05:36.982+0000: 7438.374: [GC 7438.374: [ParNew: 368640K->40960K(368640K), 0.0639610 secs] 7058979K->6750753K(12541952K), 0.0643150 secs] [Times: user=0.44 sys=0.01, real=0.06 secs] 
2011-03-01T03:05:37.571+0000: 7438.963: [GC 7438.963: [ParNew: 368640K->40960K(368640K), 0.0637610 secs] 7078433K->6768980K(12541952K), 0.0641170 secs] [Times: user=0.47 sys=0.02, real=0.07 secs] 
2011-03-01T03:05:38.112+0000: 7439.503: [GC 7439.503: [ParNew: 368640K->40960K(368640K), 0.0598010 secs] 7096660K->6784274K(12541952K), 0.0601710 secs] [Times: user=0.45 sys=0.00, real=0.07 secs] 
2011-03-01T03:05:38.460+0000: 7439.851: [GC 7439.851: [ParNew: 368640K->31502K(368640K), 0.0570720 secs] 7111954K->6790457K(12541952K), 0.0575010 secs] [Times: user=0.44 sys=0.00, real=0.06 secs] 
2011-03-01T03:05:38.891+0000: 7440.282: [GC 7440.283: [ParNew: 359182K->40960K(368640K), 0.0579420 secs] 7118137K->6813378K(12541952K), 0.0584050 secs] [Times: user=0.45 sys=0.03, real=0.06 secs] 
2011-03-01T03:05:39.306+0000: 7440.697: [GC 7440.697: [ParNew: 368640K->40960K(368640K), 0.0557830 secs] 7141058K->6826817K(12541952K), 0.0562040 secs] [Times: user=0.38 sys=0.02, real=0.05 secs] 
2011-03-01T03:05:39.970+0000: 7441.361: [GC 7441.361: [ParNew: 368640K->31344K(368640K), 0.0544110 secs] 7154497K->6830746K(12541952K), 0.0547680 secs] [Times: user=0.39 sys=0.00, real=0.06 secs] 
2011-03-01T03:05:41.360+0000: 7442.751: [GC 7442.751: [ParNew: 359024K->36823K(368640K), 0.0472950 secs] 7158426K->6846895K(12541952K), 0.0476530 secs] [Times: user=0.39 sys=0.01, real=0.05 secs] 
2011-03-01T03:05:42.724+0000: 7444.115: [GC 7444.116: [ParNew: 364503K->27759K(368640K), 0.0415570 secs] 7174575K->6849073K(12541952K), 0.0419100 secs] [Times: user=0.30 sys=0.00, real=0.04 secs] 
2011-03-01T03:05:44.003+0000: 7445.394: [GC 7445.394: [ParNew: 355439K->13850K(368640K), 0.0460220 secs] 7176753K->6846557K(12541952K), 0.0476700 secs] [Times: user=0.33 sys=0.00, real=0.04 secs] 
2011-03-01T03:05:45.534+0000: 7446.925: [GC 7446.926: [ParNew: 341530K->40577K(368640K), 0.0398840 secs] 7174237K->6873285K(12541952K), 0.0403650 secs] [Times: user=0.30 sys=0.00, real=0.04 secs] 
2011-03-01T03:05:46.724+0000: 7448.115: [GC 7448.115: [ParNew: 368257K->40960K(368640K), 0.0485060 secs] 7200965K->6889173K(12541952K), 0.0489950 secs] [Times: user=0.33 sys=0.00, real=0.04 secs] 
2011-03-01T03:05:48.064+0000: 7449.455: [GC 7449.455: [ParNew: 368640K->23816K(368640K), 0.0461310 secs] 7216853K->6894532K(12541952K), 0.0465840 secs] [Times: user=0.32 sys=0.00, real=0.04 secs] 
2011-03-01T03:05:49.771+0000: 7451.163: [GC 7451.163: [ParNew: 351496K->40960K(368640K), 0.0432500 secs] 7222212K->6918076K(12541952K), 0.0437060 secs] [Times: user=0.35 sys=0.00, real=0.05 secs] 
2011-03-01T03:05:52.361+0000: 7453.752: [GC 7453.752: [ParNew: 368640K->24018K(368640K), 0.0463990 secs] 7245756K->6933346K(12541952K), 0.0468550 secs] [Times: user=0.38 sys=0.00, real=0.05 secs] 
2011-03-01T03:05:54.318+0000: 7455.709: [GC 7455.709: [ParNew: 351698K->32748K(368640K), 0.0408380 secs] 7261026K->6951188K(12541952K), 0.0413850 secs] [Times: user=0.32 sys=0.00, real=0.04 secs] 
2011-03-01T03:05:55.076+0000: 7456.468: [GC 7456.468: [ParNew: 360428K->12957K(368640K), 0.0372740 secs] 7278868K->6941787K(12541952K), 0.0377520 secs] [Times: user=0.23 sys=0.00, real=0.04 secs] 
2011-03-01T03:05:55.784+0000: 7457.175: [GC 7457.175: [ParNew: 340597K->22077K(368640K), 0.0308160 secs] 7269427K->6950907K(12541952K), 0.0312870 secs] [Times: user=0.25 sys=0.00, real=0.03 secs] 
2011-03-01T03:05:56.778+0000: 7458.169: [GC 7458.170: [ParNew: 349757K->34800K(368640K), 0.0328890 secs] 7278587K->6963630K(12541952K), 0.0333840 secs] [Times: user=0.24 sys=0.00, real=0.03 secs] 
2011-03-01T03:05:57.249+0000: 7458.640: [GC 7458.640: [ParNew: 362480K->36929K(368640K), 0.0404720 secs] 7291310K->6971143K(12541952K), 0.0409550 secs] [Times: user=0.30 sys=0.01, real=0.04 secs] 
2011-03-01T03:05:57.982+0000: 7459.373: [GC 7459.374: [ParNew: 364569K->24246K(368640K), 0.0383180 secs] 7298784K->6968201K(12541952K), 0.0388120 secs] [Times: user=0.29 sys=0.00, real=0.04 secs] 
2011-03-01T03:05:58.669+0000: 7460.060: [GC 7460.061: [ParNew: 351926K->33309K(368640K), 0.0295790 secs] 7295881K->6977265K(12541952K), 0.0301030 secs] [Times: user=0.24 sys=0.00, real=0.03 secs] 
2011-03-01T03:05:59.217+0000: 7460.609: [GC 7460.609: [ParNew: 360980K->31514K(368640K), 0.0386180 secs] 7304935K->6981931K(12541952K), 0.0391290 secs] [Times: user=0.30 sys=0.01, real=0.04 secs] 
2011-03-01T03:05:59.981+0000: 7461.372: [GC 7461.373: [ParNew: 359194K->32372K(368640K), 0.0398930 secs] 7309611K->6988720K(12541952K), 0.0404200 secs] [Times: user=0.29 sys=0.01, real=0.04 secs] 
2011-03-01T03:06:00.578+0000: 7461.969: [GC 7461.970: [ParNew: 360052K->31704K(368640K), 0.0407520 secs] 7316400K->6997626K(12541952K), 0.0412390 secs] [Times: user=0.33 sys=0.00, real=0.04 secs] 
2011-03-01T03:06:01.183+0000: 7462.574: [GC 7462.574: [ParNew: 359384K->26855K(368640K), 0.0444240 secs] 7325306K->6998933K(12541952K), 0.0448820 secs] [Times: user=0.32 sys=0.01, real=0.04 secs] 
2011-03-01T03:06:03.202+0000: 7464.593: [GC 7464.593: [ParNew: 354535K->17992K(368640K), 0.0436140 secs] 7326613K->7004969K(12541952K), 0.0440940 secs] [Times: user=0.33 sys=0.00, real=0.05 secs] 
2011-03-01T03:06:05.257+0000: 7466.648: [GC 7466.649: [ParNew: 345672K->27456K(368640K), 0.0351480 secs] 7332649K->7014433K(12541952K), 0.0502730 secs] [Times: user=0.30 sys=0.00, real=0.05 secs] 
2011-03-01T03:06:07.616+0000: 7469.007: [GC 7469.007: [ParNew: 355136K->40960K(368640K), 0.0475160 secs] 7342113K->7035878K(12541952K), 0.0478770 secs] [Times: user=0.33 sys=0.00, real=0.05 secs] 
2011-03-01T03:06:09.566+0000: 7470.957: [GC 7470.958: [ParNew: 368640K->13063K(368640K), 0.0438460 secs] 7363558K->7024715K(12541952K), 0.0442100 secs] [Times: user=0.32 sys=0.00, real=0.04 secs] 
2011-03-01T03:06:11.342+0000: 7472.733: [GC 7472.733: [ParNew: 340743K->29643K(368640K), 0.0334230 secs] 7352395K->7041295K(12541952K), 0.0337850 secs] [Times: user=0.28 sys=0.00, real=0.04 secs] 
2011-03-01T03:06:13.701+0000: 7475.092: [GC 7475.092: [ParNew: 357323K->34615K(368640K), 0.0385260 secs] 7368975K->7052309K(12541952K), 0.0388830 secs] [Times: user=0.32 sys=0.00, real=0.04 secs] 
2011-03-01T03:06:16.172+0000: 7477.564: [GC 7477.564: [ParNew: 362295K->32385K(368640K), 0.0409120 secs] 7379989K->7055526K(12541952K), 0.0412700 secs] [Times: user=0.28 sys=0.00, real=0.04 secs] 
2011-03-01T03:06:18.513+0000: 7479.905: [GC 7479.905: [ParNew: 360065K->34106K(368640K), 0.0408830 secs] 7383206K->7063351K(12541952K), 0.0412360 secs] [Times: user=0.31 sys=0.00, real=0.04 secs] 
2011-03-01T03:06:19.795+0000: 7481.187: [GC 7481.187: [ParNew: 361786K->40960K(368640K), 0.0418740 secs] 7391031K->7078552K(12541952K), 0.0422320 secs] [Times: user=0.32 sys=0.00, real=0.04 secs] 
2011-03-01T03:06:21.236+0000: 7482.628: [GC 7482.628: [ParNew: 368640K->24645K(368640K), 0.0446900 secs] 7406232K->7077721K(12541952K), 0.0450680 secs] [Times: user=0.32 sys=0.00, real=0.04 secs] 
2011-03-01T03:06:22.474+0000: 7483.866: [GC 7483.866: [ParNew: 352325K->38067K(368640K), 0.0346610 secs] 7405401K->7091143K(12541952K), 0.0350190 secs] [Times: user=0.26 sys=0.00, real=0.03 secs] 
2011-03-01T03:06:23.917+0000: 7485.308: [GC 7485.308: [ParNew: 365747K->17595K(368640K), 0.0453440 secs] 7418823K->7087600K(12541952K), 0.0510020 secs] [Times: user=0.35 sys=0.01, real=0.05 secs] 
2011-03-01T03:06:25.400+0000: 7486.791: [GC 7486.792: [ParNew: 345275K->40960K(368640K), 0.0354860 secs] 7415280K->7111238K(12541952K), 0.0359660 secs] [Times: user=0.31 sys=0.00, real=0.04 secs] 
2011-03-01T03:06:27.594+0000: 7488.985: [GC 7488.985: [ParNew: 368640K->25906K(368640K), 0.0458680 secs] 7438918K->7111394K(12541952K), 0.0463580 secs] [Times: user=0.35 sys=0.01, real=0.04 secs] 
2011-03-01T03:06:30.047+0000: 7491.438: [GC 7491.438: [ParNew: 353586K->22193K(368640K), 0.0371250 secs] 7439074K->7114108K(12541952K), 0.0374870 secs] [Times: user=0.27 sys=0.00, real=0.04 secs] 
2011-03-01T03:06:31.565+0000: 7492.956: [GC 7492.956: [ParNew: 349873K->40960K(368640K), 0.0372800 secs] 7441788K->7135631K(12541952K), 0.0376320 secs] [Times: user=0.24 sys=0.00, real=0.04 secs] 
2011-03-01T03:06:32.929+0000: 7494.320: [GC 7494.320: [ParNew: 368640K->33222K(368640K), 0.0421280 secs] 7463311K->7135510K(12541952K), 0.0424810 secs] [Times: user=0.32 sys=0.00, real=0.04 secs] 
2011-03-01T03:06:34.223+0000: 7495.614: [GC 7495.615: [ParNew: 360902K->40960K(368640K), 0.0429590 secs] 7463190K->7150684K(12541952K), 0.0433130 secs] [Times: user=0.32 sys=0.00, real=0.04 secs] 
2011-03-01T03:06:35.111+0000: 7496.502: [GC 7496.503: [ParNew: 365562K->40960K(368640K), 0.0954040 secs] 7483478K->7196493K(12541952K), 0.0958220 secs] [Times: user=0.69 sys=0.01, real=0.10 secs] 
2011-03-01T03:06:35.698+0000: 7497.090: [GC 7497.090: [ParNew: 368640K->32324K(368640K), 0.0719030 secs] 7524173K->7217970K(12541952K), 0.0724800 secs] [Times: user=0.53 sys=0.01, real=0.07 secs] 
2011-03-01T03:06:36.088+0000: 7497.479: [GC 7497.479: [ParNew: 360004K->40960K(368640K), 0.0544710 secs] 7545650K->7240268K(12541952K), 0.0548860 secs] [Times: user=0.40 sys=0.00, real=0.06 secs] 
2011-03-01T03:06:36.394+0000: 7497.785: [GC 7497.786: [ParNew: 368640K->40050K(368640K), 0.0574760 secs] 7567948K->7253490K(12541952K), 0.0578260 secs] [Times: user=0.40 sys=0.00, real=0.06 secs] 
2011-03-01T03:06:36.875+0000: 7498.266: [GC 7498.267: [ParNew: 367730K->40960K(368640K), 0.0514510 secs] 7581170K->7264002K(12541952K), 0.0518050 secs] [Times: user=0.40 sys=0.00, real=0.05 secs] 
2011-03-01T03:06:37.250+0000: 7498.641: [GC 7498.641: [ParNew: 368640K->40960K(368640K), 0.0482060 secs] 7591682K->7275298K(12541952K), 0.0485860 secs] [Times: user=0.39 sys=0.00, real=0.05 secs] 
2011-03-01T03:06:37.577+0000: 7498.968: [GC 7498.968: [ParNew: 368640K->40960K(368640K), 0.0612020 secs] 7602978K->7294754K(12541952K), 0.0615570 secs] [Times: user=0.45 sys=0.00, real=0.06 secs] 
2011-03-01T03:06:38.021+0000: 7499.412: [GC 7499.412: [ParNew: 368640K->40960K(368640K), 0.0692350 secs] 7622434K->7310767K(12541952K), 0.0695900 secs] [Times: user=0.55 sys=0.00, real=0.07 secs] 
2011-03-01T03:06:38.362+0000: 7499.753: [GC 7499.753: [ParNew: 368640K->40960K(368640K), 0.0757290 secs] 7638458K->7325962K(12541952K), 0.0760880 secs] [Times: user=0.59 sys=0.01, real=0.08 secs] 
2011-03-01T03:06:38.440+0000: 7499.831: [GC 7499.831: [ParNew: 41005K->23900K(368640K), 0.0567730 secs] 7326008K->7340753K(12541952K), 0.0570650 secs] [Times: user=0.41 sys=0.00, real=0.06 secs] 
2011-03-01T03:06:39.252+0000: 7500.643: [GC 7500.643: [ParNew: 351580K->26174K(368640K), 0.0346060 secs] 7668433K->7343028K(12541952K), 0.0349620 secs] [Times: user=0.31 sys=0.00, real=0.04 secs] 
2011-03-01T03:06:40.034+0000: 7501.425: [GC 7501.425: [ParNew: 353854K->31992K(368640K), 0.0437710 secs] 7670708K->7358118K(12541952K), 0.0442470 secs] [Times: user=0.31 sys=0.00, real=0.04 secs] 
2011-03-01T03:06:41.372+0000: 7502.763: [GC 7502.763: [ParNew: 359672K->19039K(368640K), 0.0316980 secs] 7685798K->7353558K(12541952K), 0.0321900 secs] [Times: user=0.22 sys=0.00, real=0.04 secs] 
2011-03-01T03:06:42.674+0000: 7504.065: [GC 7504.065: [ParNew: 346719K->40486K(368640K), 0.0286900 secs] 7681238K->7375005K(12541952K), 0.0291670 secs] [Times: user=0.16 sys=0.01, real=0.03 secs] 
2011-03-01T03:06:44.064+0000: 7505.455: [GC 7505.455: [ParNew: 368166K->32576K(368640K), 0.0355900 secs] 7702685K->7377300K(12541952K), 0.0360660 secs] [Times: user=0.24 sys=0.00, real=0.03 secs] 
2011-03-01T03:06:45.359+0000: 7506.750: [GC 7506.750: [ParNew: 360256K->37096K(368640K), 0.0333530 secs] 7704980K->7388016K(12541952K), 0.0338270 secs] [Times: user=0.24 sys=0.01, real=0.04 secs] 
2011-03-01T03:06:46.800+0000: 7508.191: [GC 7508.191: [ParNew: 364776K->36944K(368640K), 0.0340620 secs] 7715696K->7395891K(12541952K), 0.0345480 secs] [Times: user=0.25 sys=0.01, real=0.04 secs] 
2011-03-01T03:06:48.061+0000: 7509.453: [GC 7509.453: [ParNew: 364624K->23775K(368640K), 0.0331850 secs] 7723571K->7388862K(12541952K), 0.0336640 secs] [Times: user=0.28 sys=0.01, real=0.04 secs] 
2011-03-01T03:06:50.082+0000: 7511.473: [GC 7511.474: [ParNew: 351455K->40960K(368640K), 0.0355780 secs] 7716542K->7412475K(12541952K), 0.0360590 secs] [Times: user=0.26 sys=0.02, real=0.03 secs] 
2011-03-01T03:06:52.449+0000: 7513.840: [GC 7513.840: [ParNew: 368640K->20039K(368640K), 0.0371320 secs] 7740155K->7403902K(12541952K), 0.0375370 secs] [Times: user=0.32 sys=0.00, real=0.04 secs] 
2011-03-01T03:06:54.421+0000: 7515.812: [GC 7515.812: [ParNew: 347719K->29977K(368640K), 0.0427770 secs] 7731582K->7413841K(12541952K), 0.0431410 secs] [Times: user=0.36 sys=0.00, real=0.05 secs] 
2011-03-01T03:06:55.107+0000: 7516.498: [GC 7516.498: [ParNew: 357634K->39207K(368640K), 0.0442880 secs] 7741497K->7428465K(12541952K), 0.0446540 secs] [Times: user=0.28 sys=0.01, real=0.04 secs] 
2011-03-01T03:06:55.721+0000: 7517.112: [GC 7517.112: [ParNew: 366858K->38113K(368640K), 0.0454550 secs] 7756116K->7437075K(12541952K), 0.0458180 secs] [Times: user=0.40 sys=0.00, real=0.05 secs] 
2011-03-01T03:06:56.307+0000: 7517.698: [GC 7517.698: [ParNew: 365793K->18379K(368640K), 0.0346710 secs] 7764755K->7424153K(12541952K), 0.0350410 secs] [Times: user=0.24 sys=0.00, real=0.03 secs] 
2011-03-01T03:06:57.039+0000: 7518.430: [GC 7518.431: [ParNew: 346059K->30290K(368640K), 0.0331960 secs] 7751833K->7436064K(12541952K), 0.0335750 secs] [Times: user=0.26 sys=0.00, real=0.04 secs] 
2011-03-01T03:06:57.758+0000: 7519.149: [GC 7519.149: [ParNew: 357970K->27095K(368640K), 0.0377450 secs] 7763744K->7437544K(12541952K), 0.0381090 secs] [Times: user=0.33 sys=0.00, real=0.04 secs] 
2011-03-01T03:06:58.371+0000: 7519.762: [GC 7519.762: [ParNew: 354775K->32908K(368640K), 0.0403800 secs] 7765224K->7445719K(12541952K), 0.0407410 secs] [Times: user=0.32 sys=0.00, real=0.04 secs] 
2011-03-01T03:06:59.047+0000: 7520.439: [GC 7520.439: [ParNew: 360588K->32922K(368640K), 0.0384220 secs] 7773399K->7449985K(12541952K), 0.0387810 secs] [Times: user=0.31 sys=0.01, real=0.04 secs] 
2011-03-01T03:06:59.974+0000: 7521.365: [GC 7521.365: [ParNew: 360585K->34598K(368640K), 0.0443800 secs] 7777647K->7460714K(12541952K), 0.0447500 secs] [Times: user=0.30 sys=0.00, real=0.04 secs] 
2011-03-01T03:07:00.572+0000: 7521.963: [GC 7521.963: [ParNew: 362233K->8919K(368640K), 0.0456040 secs] 7788349K->7446924K(12541952K), 0.0459710 secs] [Times: user=0.36 sys=0.01, real=0.05 secs] 
2011-03-01T03:07:01.648+0000: 7523.039: [GC 7523.039: [ParNew: 336599K->37432K(368640K), 0.0379980 secs] 7774604K->7475436K(12541952K), 0.0383690 secs] [Times: user=0.32 sys=0.00, real=0.04 secs] 
2011-03-01T03:07:04.214+0000: 7525.605: [GC 7525.606: [ParNew: 365112K->18142K(368640K), 0.0441010 secs] 7803116K->7469825K(12541952K), 0.0575600 secs] [Times: user=0.32 sys=0.00, real=0.05 secs] 
2011-03-01T03:07:05.847+0000: 7527.238: [GC 7527.238: [ParNew: 345822K->40960K(368640K), 0.0398350 secs] 7797505K->7509051K(12541952K), 0.0403130 secs] [Times: user=0.32 sys=0.00, real=0.04 secs] 
2011-03-01T03:07:07.667+0000: 7529.058: [GC 7529.058: [ParNew: 368640K->20228K(368640K), 0.0436080 secs] 7836731K->7506256K(12541952K), 0.0441000 secs] [Times: user=0.32 sys=0.00, real=0.04 secs] 
2011-03-01T03:07:09.501+0000: 7530.893: [GC 7530.893: [ParNew: 347908K->22047K(368640K), 0.0348940 secs] 7833936K->7508075K(12541952K), 0.0353810 secs] [Times: user=0.31 sys=0.00, real=0.04 secs] 
2011-03-01T03:07:11.462+0000: 7532.854: [GC 7532.854: [ParNew: 349727K->33529K(368640K), 0.0378940 secs] 7835755K->7519558K(12541952K), 0.0383150 secs] [Times: user=0.28 sys=0.00, real=0.03 secs] 
2011-03-01T03:07:13.630+0000: 7535.021: [GC 7535.021: [ParNew: 361209K->39618K(368640K), 0.0447030 secs] 7847238K->7531285K(12541952K), 0.0450550 secs] [Times: user=0.37 sys=0.00, real=0.05 secs] 
2011-03-01T03:07:16.205+0000: 7537.596: [GC 7537.597: [ParNew: 367298K->29466K(368640K), 0.0471460 secs] 7858965K->7531958K(12541952K), 0.0475370 secs] [Times: user=0.32 sys=0.00, real=0.05 secs] 
2011-03-01T03:07:18.513+0000: 7539.905: [GC 7539.905: [ParNew: 357146K->33135K(368640K), 0.0423770 secs] 7859638K->7541356K(12541952K), 0.0427240 secs] [Times: user=0.33 sys=0.00, real=0.04 secs] 
2011-03-01T03:07:19.832+0000: 7541.223: [GC 7541.224: [ParNew: 360815K->28455K(368640K), 0.0434060 secs] 7869036K->7544470K(12541952K), 0.0437610 secs] [Times: user=0.36 sys=0.00, real=0.04 secs] 
2011-03-01T03:07:21.234+0000: 7542.625: [GC 7542.626: [ParNew: 356135K->35255K(368640K), 0.0441860 secs] 7872150K->7559177K(12541952K), 0.0488520 secs] [Times: user=0.32 sys=0.01, real=0.05 secs] 
2011-03-01T03:07:22.541+0000: 7543.932: [GC 7543.933: [ParNew: 362935K->23640K(368640K), 0.0465280 secs] 7886857K->7561755K(12541952K), 0.0470440 secs] [Times: user=0.39 sys=0.00, real=0.05 secs] 
2011-03-01T03:07:23.926+0000: 7545.317: [GC 7545.317: [ParNew: 351320K->37126K(368640K), 0.0362700 secs] 7889435K->7575241K(12541952K), 0.0367610 secs] [Times: user=0.25 sys=0.00, real=0.04 secs] 
2011-03-01T03:07:26.093+0000: 7547.484: [GC 7547.484: [ParNew: 364806K->35059K(368640K), 0.0443970 secs] 7902921K->7579190K(12541952K), 0.0448780 secs] [Times: user=0.35 sys=0.01, real=0.04 secs] 
2011-03-01T03:07:27.863+0000: 7549.255: [GC 7549.255: [ParNew: 362739K->34601K(368640K), 0.0427650 secs] 7906870K->7586843K(12541952K), 0.0432350 secs] [Times: user=0.30 sys=0.02, real=0.04 secs] 
2011-03-01T03:07:30.040+0000: 7551.432: [GC 7551.432: [ParNew: 362281K->20915K(368640K), 0.0439390 secs] 7914523K->7587068K(12541952K), 0.0444200 secs] [Times: user=0.33 sys=0.00, real=0.05 secs] 
2011-03-01T03:07:31.559+0000: 7552.950: [GC 7552.951: [ParNew: 348595K->38306K(368640K), 0.0349440 secs] 7914748K->7604460K(12541952K), 0.0354270 secs] [Times: user=0.28 sys=0.01, real=0.04 secs] 
2011-03-01T03:07:32.900+0000: 7554.291: [GC 7554.291: [ParNew: 365986K->20661K(368640K), 0.0429690 secs] 7932140K->7600893K(12541952K), 0.0467230 secs] [Times: user=0.31 sys=0.00, real=0.05 secs] 
2011-03-01T03:07:34.164+0000: 7555.555: [GC 7555.555: [ParNew: 348341K->33822K(368640K), 0.0358060 secs] 7928573K->7614054K(12541952K), 0.0363040 secs] [Times: user=0.26 sys=0.00, real=0.03 secs] 
2011-03-01T03:07:35.215+0000: 7556.606: [GC 7556.606: [ParNew: 361502K->35699K(368640K), 0.0437360 secs] 7941734K->7623879K(12541952K), 0.0441210 secs] [Times: user=0.33 sys=0.00, real=0.04 secs] 
2011-03-01T03:07:35.690+0000: 7557.081: [GC 7557.081: [ParNew: 363379K->40636K(368640K), 0.0491860 secs] 7951559K->7637080K(12541952K), 0.0495400 secs] [Times: user=0.40 sys=0.00, real=0.05 secs] 
2011-03-01T03:07:36.107+0000: 7557.499: [GC 7557.499: [ParNew: 365815K->34909K(368640K), 0.0636360 secs] 7962259K->7651459K(12541952K), 0.0641940 secs] [Times: user=0.48 sys=0.00, real=0.06 secs] 
2011-03-01T03:07:36.319+0000: 7557.710: [GC 7557.710: [ParNew: 362589K->40960K(368640K), 0.0658980 secs] 7979139K->7734004K(12541952K), 0.0662470 secs] [Times: user=0.48 sys=0.02, real=0.07 secs] 
2011-03-01T03:07:36.645+0000: 7558.036: [GC 7558.036: [ParNew: 368640K->23839K(368640K), 0.0442430 secs] 8061684K->7737199K(12541952K), 0.0446000 secs] [Times: user=0.32 sys=0.00, real=0.04 secs] 
2011-03-01T03:07:36.931+0000: 7558.322: [GC 7558.323: [ParNew: 351519K->40960K(368640K), 0.0425380 secs] 8064879K->7755718K(12541952K), 0.0428930 secs] [Times: user=0.36 sys=0.00, real=0.05 secs] 
2011-03-01T03:07:37.249+0000: 7558.641: [GC 7558.641: [ParNew: 368640K->32156K(368640K), 0.0599010 secs] 8083398K->7770132K(12541952K), 0.0603720 secs] [Times: user=0.45 sys=0.00, real=0.06 secs] 
2011-03-01T03:07:37.497+0000: 7558.888: [GC 7558.888: [ParNew: 359965K->40960K(368640K), 0.0662970 secs] 8097941K->7797766K(12541952K), 0.0667710 secs] [Times: user=0.48 sys=0.01, real=0.07 secs] 
2011-03-01T03:07:37.566+0000: 7558.957: [GC 7558.957: [ParNew: 42511K->36017K(368640K), 0.0523360 secs] 7799318K->7833902K(12541952K), 0.0526490 secs] [Times: user=0.33 sys=0.00, real=0.05 secs] 
2011-03-01T03:07:37.932+0000: 7559.323: [GC 7559.323: [ParNew: 363697K->40960K(368640K), 0.0522680 secs] 8161582K->7910709K(12541952K), 0.0602560 secs] [Times: user=0.40 sys=0.00, real=0.06 secs] 
2011-03-01T03:07:38.276+0000: 7559.667: [GC 7559.668: [ParNew: 368640K->40960K(368640K), 0.0569000 secs] 8238389K->7933429K(12541952K), 0.0573880 secs] [Times: user=0.41 sys=0.00, real=0.06 secs] 
2011-03-01T03:07:38.925+0000: 7560.317: [GC 7560.317: [ParNew: 368640K->33685K(368640K), 0.0683270 secs] 8261109K->7962439K(12541952K), 0.0688160 secs] [Times: user=0.40 sys=0.01, real=0.07 secs] 
2011-03-01T03:07:39.257+0000: 7560.648: [GC 7560.648: [ParNew: 361365K->40960K(368640K), 0.0516260 secs] 8290119K->7973330K(12541952K), 0.0521270 secs] [Times: user=0.38 sys=0.01, real=0.05 secs] 
2011-03-01T03:07:39.596+0000: 7560.987: [GC 7560.987: [ParNew: 368639K->26687K(368640K), 0.0659730 secs] 8301010K->7977665K(12541952K), 0.0664860 secs] [Times: user=0.48 sys=0.01, real=0.06 secs] 
2011-03-01T03:07:39.997+0000: 7561.389: [GC 7561.389: [ParNew: 354367K->40960K(368640K), 0.0613050 secs] 8305345K->7992218K(12541952K), 0.0616620 secs] [Times: user=0.48 sys=0.00, real=0.06 secs] 
2011-03-01T03:07:40.397+0000: 7561.788: [GC 7561.788: [ParNew: 368640K->40960K(368640K), 0.1034360 secs] 8319898K->8032206K(12541952K), 0.1039220 secs] [Times: user=0.78 sys=0.00, real=0.10 secs] 
2011-03-01T03:07:40.838+0000: 7562.229: [GC 7562.230: [ParNew: 368640K->32728K(368640K), 0.0441950 secs] 8359886K->8040653K(12541952K), 0.0446790 secs] [Times: user=0.32 sys=0.00, real=0.05 secs] 
2011-03-01T03:07:41.280+0000: 7562.671: [GC 7562.671: [ParNew: 360408K->20136K(368640K), 0.0334050 secs] 8368333K->8028060K(12541952K), 0.0339160 secs] [Times: user=0.26 sys=0.00, real=0.04 secs] 
2011-03-01T03:07:41.753+0000: 7563.144: [GC 7563.144: [ParNew: 347816K->40415K(368640K), 0.0502720 secs] 8355740K->8048339K(12541952K), 0.0507670 secs] [Times: user=0.38 sys=0.01, real=0.05 secs] 
2011-03-01T03:07:42.619+0000: 7564.010: [GC 7564.010: [ParNew: 368095K->30887K(368640K), 0.0557370 secs] 8376019K->8052286K(12541952K), 0.0562170 secs] [Times: user=0.41 sys=0.00, real=0.06 secs] 
2011-03-01T03:07:43.462+0000: 7564.853: [GC 7564.854: [ParNew: 358567K->25846K(368640K), 0.0586000 secs] 8379966K->8054621K(12541952K), 0.0591620 secs] [Times: user=0.44 sys=0.00, real=0.06 secs] 
2011-03-01T03:07:44.713+0000: 7566.104: [GC 7566.105: [ParNew: 353526K->40960K(368640K), 0.0453330 secs] 8382301K->8077010K(12541952K), 0.0458150 secs] [Times: user=0.37 sys=0.00, real=0.04 secs] 
2011-03-01T03:07:46.163+0000: 7567.554: [GC 7567.554: [ParNew: 368640K->39507K(368640K), 0.0605140 secs] 8404690K->8086615K(12541952K), 0.0609960 secs] [Times: user=0.47 sys=0.00, real=0.06 secs] 
2011-03-01T03:07:47.389+0000: 7568.780: [GC 7568.780: [ParNew: 367187K->38873K(368640K), 0.0461380 secs] 8414295K->8098426K(12541952K), 0.0466210 secs] [Times: user=0.33 sys=0.00, real=0.05 secs] 
2011-03-01T03:07:48.931+0000: 7570.323: [GC 7570.323: [ParNew: 366553K->40960K(368640K), 0.0464140 secs] 8426106K->8114961K(12541952K), 0.0468940 secs] [Times: user=0.38 sys=0.00, real=0.05 secs] 
2011-03-01T03:07:51.226+0000: 7572.617: [GC 7572.617: [ParNew: 368640K->26969K(368640K), 0.0494150 secs] 8442641K->8127257K(12541952K), 0.0498990 secs] [Times: user=0.33 sys=0.00, real=0.05 secs] 
2011-03-01T03:07:53.346+0000: 7574.737: [GC 7574.738: [ParNew: 354649K->35202K(368640K), 0.0326340 secs] 8454937K->8135490K(12541952K), 0.0331130 secs] [Times: user=0.24 sys=0.00, real=0.03 secs] 
2011-03-01T03:07:54.767+0000: 7576.158: [GC 7576.158: [ParNew: 362882K->32478K(368640K), 0.0420850 secs] 8463170K->8143375K(12541952K), 0.0425860 secs] [Times: user=0.32 sys=0.00, real=0.04 secs] 
2011-03-01T03:07:55.472+0000: 7576.864: [GC 7576.864: [ParNew: 360158K->22620K(368640K), 0.0506340 secs] 8471055K->8155465K(12541952K), 0.0511440 secs] [Times: user=0.33 sys=0.03, real=0.05 secs] 
2011-03-01T03:07:56.126+0000: 7577.518: [GC 7577.518: [ParNew: 350300K->30306K(368640K), 0.0276130 secs] 8483145K->8163151K(12541952K), 0.0281080 secs] [Times: user=0.21 sys=0.00, real=0.03 secs] 
2011-03-01T03:07:56.795+0000: 7578.187: [GC 7578.187: [ParNew: 357986K->25709K(368640K), 0.0358310 secs] 8490831K->8166399K(12541952K), 0.0364480 secs] [Times: user=0.23 sys=0.01, real=0.03 secs] 
2011-03-01T03:07:57.623+0000: 7579.014: [GC 7579.014: [ParNew: 353389K->38314K(368640K), 0.0457770 secs] 8494079K->8184135K(12541952K), 0.0462670 secs] [Times: user=0.35 sys=0.00, real=0.04 secs] 
2011-03-01T03:07:58.052+0000: 7579.443: [GC 7579.443: [ParNew: 365994K->40960K(368640K), 0.0524960 secs] 8511815K->8260179K(12541952K), 0.0529830 secs] [Times: user=0.40 sys=0.00, real=0.06 secs] 
2011-03-01T03:07:58.576+0000: 7579.967: [GC 7579.968: [ParNew: 368640K->17111K(368640K), 0.0538660 secs] 8587859K->8262939K(12541952K), 0.0543710 secs] [Times: user=0.40 sys=0.00, real=0.05 secs] 
2011-03-01T03:07:59.029+0000: 7580.420: [GC 7580.420: [ParNew: 344791K->17081K(368640K), 0.0385120 secs] 8590619K->8262908K(12541952K), 0.0390110 secs] [Times: user=0.32 sys=0.00, real=0.04 secs] 
2011-03-01T03:07:59.479+0000: 7580.870: [GC 7580.870: [ParNew: 344761K->36853K(368640K), 0.0431070 secs] 8590588K->8282681K(12541952K), 0.0436080 secs] [Times: user=0.32 sys=0.00, real=0.04 secs] 
2011-03-01T03:08:00.014+0000: 7581.405: [GC 7581.406: [ParNew: 364533K->33832K(368640K), 0.0602810 secs] 8610361K->8292063K(12541952K), 0.0606530 secs] [Times: user=0.40 sys=0.01, real=0.06 secs] 
2011-03-01T03:08:00.413+0000: 7581.804: [GC 7581.805: [ParNew: 361506K->34567K(368640K), 0.0632530 secs] 8619737K->8308349K(12541952K), 0.0636410 secs] [Times: user=0.42 sys=0.01, real=0.06 secs] 
2011-03-01T03:08:00.898+0000: 7582.289: [GC 7582.289: [ParNew: 362247K->21112K(368640K), 0.0475440 secs] 8636029K->8305675K(12541952K), 0.0479150 secs] [Times: user=0.35 sys=0.00, real=0.05 secs] 
2011-03-01T03:08:00.948+0000: 7582.339: [GC [1 CMS-initial-mark: 8284562K(12173312K)] 8305696K(12541952K), 0.0201870 secs] [Times: user=0.02 sys=0.00, real=0.02 secs] 
2011-03-01T03:08:00.968+0000: 7582.359: [CMS-concurrent-mark-start]
2011-03-01T03:08:01.371+0000: 7582.762: [GC 7582.762: [ParNew: 348792K->36859K(368640K), 0.0422010 secs] 8633355K->8321422K(12541952K), 0.0425860 secs] [Times: user=0.34 sys=0.01, real=0.05 secs] 
2011-03-01T03:08:01.498+0000: 7582.889: [CMS-concurrent-mark: 0.482/0.530 secs] [Times: user=4.82 sys=0.56, real=0.53 secs] 
2011-03-01T03:08:01.498+0000: 7582.889: [CMS-concurrent-preclean-start]
2011-03-01T03:08:01.632+0000: 7583.023: [CMS-concurrent-preclean: 0.123/0.134 secs] [Times: user=0.29 sys=0.04, real=0.13 secs] 
2011-03-01T03:08:01.632+0000: 7583.023: [CMS-concurrent-abortable-preclean-start]
2011-03-01T03:08:02.094+0000: 7583.485: [GC 7583.485: [ParNew: 364468K->14040K(368640K), 0.0563090 secs] 8649031K->8316391K(12541952K), 0.0566810 secs] [Times: user=0.40 sys=0.00, real=0.05 secs] 
2011-03-01T03:08:02.535+0000: 7583.926: [CMS-concurrent-abortable-preclean: 0.818/0.903 secs] [Times: user=2.45 sys=0.55, real=0.91 secs] 
2011-03-01T03:08:02.537+0000: 7583.928: [GC[YG occupancy: 183206 K (368640 K)]7583.928: [Rescan (parallel) , 0.0245440 secs]7583.952: [weak refs processing, 0.0225630 secs] [1 CMS-remark: 8302350K(12173312K)] 8485557K(12541952K), 0.0474150 secs] [Times: user=0.19 sys=0.00, real=0.05 secs] 
2011-03-01T03:08:02.585+0000: 7583.976: [CMS-concurrent-sweep-start]
2011-03-01T03:08:02.884+0000: 7584.275: [GC 7584.275: [ParNew: 341720K->22485K(368640K), 0.0416950 secs] 8282615K->7963380K(12541952K), 0.0420430 secs] [Times: user=0.34 sys=0.00, real=0.04 secs] 
2011-03-01T03:08:04.218+0000: 7585.609: [GC 7585.609: [ParNew: 286502K->40960K(368640K), 0.0449080 secs] 7873696K->7636347K(12541952K), 0.0452730 secs] [Times: user=0.35 sys=0.00, real=0.05 secs] 
2011-03-01T03:08:05.004+0000: 7586.395: [GC 7586.395: [ParNew: 368640K->29209K(368640K), 0.0613210 secs] 7788358K->7527842K(12541952K), 0.0616800 secs] [Times: user=0.40 sys=0.00, real=0.06 secs] 
2011-03-01T03:08:05.854+0000: 7587.245: [GC 7587.246: [ParNew: 356889K->17633K(368640K), 0.0449910 secs] 7630613K->7304811K(12541952K), 0.0455130 secs] [Times: user=0.33 sys=0.00, real=0.04 secs] 
2011-03-01T03:08:06.703+0000: 7588.094: [GC 7588.094: [ParNew: 345313K->33627K(368640K), 0.0345750 secs] 7268291K->6956606K(12541952K), 0.0349360 secs] [Times: user=0.28 sys=0.01, real=0.03 secs] 
2011-03-01T03:08:07.593+0000: 7588.984: [GC 7588.984: [ParNew: 361307K->31509K(368640K), 0.0395670 secs] 7099391K->6784289K(12541952K), 0.0399240 secs] [Times: user=0.29 sys=0.00, real=0.04 secs] 
2011-03-01T03:08:08.528+0000: 7589.919: [GC 7589.919: [ParNew: 359189K->6164K(368640K), 0.0343740 secs] 6909530K->6565179K(12541952K), 0.0347370 secs] [Times: user=0.24 sys=0.00, real=0.04 secs] 
2011-03-01T03:08:09.386+0000: 7590.777: [GC 7590.778: [ParNew: 333844K->11754K(368640K), 0.0301970 secs] 6684110K->6362020K(12541952K), 0.0340350 secs] [Times: user=0.24 sys=0.00, real=0.03 secs] 
2011-03-01T03:08:09.962+0000: 7591.353: [GC 7591.354: [ParNew: 339434K->28984K(368640K), 0.0484640 secs] 6585510K->6340596K(12541952K), 0.0489820 secs] [Times: user=0.34 sys=0.00, real=0.04 secs] 
2011-03-01T03:08:10.896+0000: 7592.287: [GC 7592.288: [ParNew: 356664K->23385K(368640K), 0.0358170 secs] 6407555K->6079373K(12541952K), 0.0363780 secs] [Times: user=0.25 sys=0.00, real=0.04 secs] 
2011-03-01T03:08:11.720+0000: 7593.111: [GC 7593.112: [ParNew: 351065K->25664K(368640K), 0.0335290 secs] 6243149K->5917748K(12541952K), 0.0339910 secs] [Times: user=0.30 sys=0.00, real=0.04 secs] 
2011-03-01T03:08:12.650+0000: 7594.042: [GC 7594.042: [ParNew: 353344K->40960K(368640K), 0.0393390 secs] 6068100K->5762454K(12541952K), 0.0397910 secs] [Times: user=0.32 sys=0.00, real=0.04 secs] 
2011-03-01T03:08:13.535+0000: 7594.926: [GC 7594.927: [ParNew: 368640K->40674K(368640K), 0.0428910 secs] 5887325K->5572958K(12541952K), 0.0433570 secs] [Times: user=0.31 sys=0.00, real=0.04 secs] 
2011-03-01T03:08:14.589+0000: 7595.980: [GC 7595.981: [ParNew: 368354K->7582K(368640K), 0.0340470 secs] 5535450K->5187990K(12541952K), 0.0345230 secs] [Times: user=0.24 sys=0.00, real=0.04 secs] 
2011-03-01T03:08:15.389+0000: 7596.781: [GC 7596.781: [ParNew: 335262K->11891K(368640K), 0.0235310 secs] 5270734K->4947362K(12541952K), 0.0240110 secs] [Times: user=0.18 sys=0.00, real=0.03 secs] 
2011-03-01T03:08:16.338+0000: 7597.729: [GC 7597.729: [ParNew: 339571K->21762K(368640K), 0.0266780 secs] 5074998K->4757188K(12541952K), 0.0270320 secs] [Times: user=0.23 sys=0.00, real=0.03 secs] 
2011-03-01T03:08:17.339+0000: 7598.731: [GC 7598.731: [ParNew: 349442K->29509K(368640K), 0.0297670 secs] 4856388K->4536455K(12541952K), 0.0301940 secs] [Times: user=0.24 sys=0.00, real=0.03 secs] 
2011-03-01T03:08:18.166+0000: 7599.557: [GC 7599.557: [ParNew: 357189K->40960K(368640K), 0.0371080 secs] 4683316K->4370940K(12541952K), 0.0375910 secs] [Times: user=0.24 sys=0.00, real=0.04 secs] 
2011-03-01T03:08:19.048+0000: 7600.440: [GC 7600.440: [ParNew: 368640K->28063K(368640K), 0.0568040 secs] 4319948K->4001451K(12541952K), 0.0573060 secs] [Times: user=0.40 sys=0.01, real=0.06 secs] 
2011-03-01T03:08:19.925+0000: 7601.316: [GC 7601.317: [ParNew: 355743K->17928K(368640K), 0.0373240 secs] 4082901K->3755486K(12541952K), 0.0448680 secs] [Times: user=0.27 sys=0.00, real=0.04 secs] 
2011-03-01T03:08:20.703+0000: 7602.094: [GC 7602.095: [ParNew: 345608K->16518K(368640K), 0.0327920 secs] 3938144K->3609054K(12541952K), 0.0332650 secs] [Times: user=0.24 sys=0.00, real=0.03 secs] 
2011-03-01T03:08:21.510+0000: 7602.901: [GC 7602.902: [ParNew: 344198K->38025K(368640K), 0.0469160 secs] 3758650K->3452477K(12541952K), 0.0473870 secs] [Times: user=0.34 sys=0.00, real=0.05 secs] 
2011-03-01T03:08:22.237+0000: 7603.628: [GC 7603.628: [ParNew: 365705K->30876K(368640K), 0.0500000 secs] 3619971K->3297620K(12541952K), 0.0504840 secs] [Times: user=0.36 sys=0.00, real=0.05 secs] 
2011-03-01T03:08:23.698+0000: 7605.090: [GC 7605.090: [ParNew: 358556K->40960K(368640K), 0.0450350 secs] 3048608K->2739418K(12541952K), 0.0453920 secs] [Times: user=0.32 sys=0.00, real=0.05 secs] 
2011-03-01T03:08:24.845+0000: 7606.237: [GC 7606.237: [ParNew: 368640K->40960K(368640K), 0.0702980 secs] 2877719K->2582438K(12541952K), 0.0706540 secs] [Times: user=0.50 sys=0.00, real=0.07 secs] 
2011-03-01T03:08:26.908+0000: 7608.299: [GC 7608.299: [ParNew: 368640K->30857K(368640K), 0.0550920 secs] 2022762K->1716262K(12541952K), 0.0554520 secs] [Times: user=0.40 sys=0.00, real=0.06 secs] 
2011-03-01T03:08:27.194+0000: 7608.586: [CMS-concurrent-sweep: 23.356/24.610 secs] [Times: user=65.75 sys=11.80, real=24.61 secs] 
2011-03-01T03:08:27.195+0000: 7608.586: [CMS-concurrent-reset-start]
2011-03-01T03:08:27.224+0000: 7608.615: [CMS-concurrent-reset: 0.029/0.029 secs] [Times: user=0.07 sys=0.04, real=0.03 secs] 
2011-03-01T03:08:29.038+0000: 7610.429: [GC 7610.429: [ParNew: 358537K->40960K(368640K), 0.0398270 secs] 1811304K->1500207K(12541952K), 0.0401830 secs] [Times: user=0.32 sys=0.00, real=0.04 secs] 
2011-03-01T03:08:30.783+0000: 7612.174: [GC 7612.175: [ParNew: 368640K->25730K(368640K), 0.0472990 secs] 1827887K->1505229K(12541952K), 0.0476820 secs] [Times: user=0.36 sys=0.00, real=0.04 secs] 
2011-03-01T03:08:32.347+0000: 7613.739: [GC 7613.739: [ParNew: 353410K->34369K(368640K), 0.0409100 secs] 1832909K->1530005K(12541952K), 0.0412680 secs] [Times: user=0.32 sys=0.00, real=0.04 secs] 
2011-03-01T03:08:33.905+0000: 7615.297: [GC 7615.297: [ParNew: 362049K->40160K(368640K), 0.0516300 secs] 1857685K->1550966K(12541952K), 0.0519920 secs] [Times: user=0.34 sys=0.00, real=0.05 secs] 
2011-03-01T03:08:34.996+0000: 7616.388: [GC 7616.388: [ParNew: 367840K->40787K(368640K), 0.0524100 secs] 1878646K->1569027K(12541952K), 0.0527700 secs] [Times: user=0.39 sys=0.01, real=0.05 secs] 
2011-03-01T03:08:35.470+0000: 7616.861: [GC 7616.861: [ParNew: 368467K->34384K(368640K), 0.0565200 secs] 1896707K->1577740K(12541952K), 0.0570020 secs] [Times: user=0.34 sys=0.01, real=0.06 secs] 
2011-03-01T03:08:36.107+0000: 7617.498: [GC 7617.498: [ParNew: 362064K->40960K(368640K), 0.0874960 secs] 1905420K->1617634K(12541952K), 0.0879800 secs] [Times: user=0.58 sys=0.00, real=0.09 secs] 
2011-03-01T03:08:36.413+0000: 7617.804: [GC 7617.804: [ParNew: 368640K->40960K(368640K), 0.0582820 secs] 1945386K->1635804K(12541952K), 0.0586510 secs] [Times: user=0.41 sys=0.01, real=0.05 secs] 
2011-03-01T03:08:36.475+0000: 7617.866: [GC 7617.866: [ParNew: 42005K->34461K(368640K), 0.0627820 secs] 1636850K->1663304K(12541952K), 0.0631990 secs] [Times: user=0.32 sys=0.00, real=0.06 secs] 
2011-03-01T03:08:36.740+0000: 7618.132: [GC 7618.132: [ParNew: 362141K->38472K(368640K), 0.0346830 secs] 1990984K->1667315K(12541952K), 0.0351680 secs] [Times: user=0.32 sys=0.00, real=0.04 secs] 
2011-03-01T03:08:37.098+0000: 7618.489: [GC 7618.489: [ParNew: 366358K->40960K(368640K), 0.0759270 secs] 1995200K->1691539K(12541952K), 0.0763490 secs] [Times: user=0.48 sys=0.00, real=0.08 secs] 
2011-03-01T03:08:37.177+0000: 7618.569: [GC 7618.569: [ParNew: 41850K->32560K(368640K), 0.0781880 secs] 1692430K->1720206K(12541952K), 0.0786040 secs] [Times: user=0.40 sys=0.01, real=0.08 secs] 
2011-03-01T03:08:37.439+0000: 7618.830: [GC 7618.831: [ParNew: 360240K->40960K(368640K), 0.0883570 secs] 2047886K->1746480K(12541952K), 0.0889250 secs] [Times: user=0.59 sys=0.00, real=0.09 secs] 
2011-03-01T03:08:37.990+0000: 7619.382: [GC 7619.382: [ParNew: 368640K->40960K(368640K), 0.0723640 secs] 2074160K->1768340K(12541952K), 0.0729270 secs] [Times: user=0.49 sys=0.00, real=0.08 secs] 
2011-03-01T03:08:38.375+0000: 7619.766: [GC 7619.766: [ParNew: 368640K->40960K(368640K), 0.1076210 secs] 2096020K->1801415K(12541952K), 0.1081410 secs] [Times: user=0.59 sys=0.00, real=0.11 secs] 
2011-03-01T03:08:38.882+0000: 7620.273: [GC 7620.273: [ParNew: 367604K->38124K(368640K), 0.0612910 secs] 2128060K->1813207K(12541952K), 0.0617970 secs] [Times: user=0.40 sys=0.01, real=0.07 secs] 
2011-03-01T03:08:39.702+0000: 7621.093: [GC 7621.093: [ParNew: 365804K->40960K(368640K), 0.0330860 secs] 2140887K->1819137K(12541952K), 0.0335760 secs] [Times: user=0.26 sys=0.00, real=0.04 secs] 
2011-03-01T03:08:41.064+0000: 7622.456: [GC 7622.456: [ParNew: 368640K->34063K(368640K), 0.0704390 secs] 2146817K->1831982K(12541952K), 0.0717490 secs] [Times: user=0.35 sys=0.00, real=0.07 secs] 
2011-03-01T03:08:42.979+0000: 7624.370: [GC 7624.370: [ParNew: 361743K->15688K(368640K), 0.0498350 secs] 2159662K->1825183K(12541952K), 0.0503260 secs] [Times: user=0.33 sys=0.01, real=0.05 secs] 
2011-03-01T03:08:44.223+0000: 7625.615: [GC 7625.615: [ParNew: 343368K->40960K(368640K), 0.0445240 secs] 2152863K->1855820K(12541952K), 0.0450520 secs] [Times: user=0.28 sys=0.01, real=0.04 secs] 
2011-03-01T03:08:46.307+0000: 7627.698: [GC 7627.698: [ParNew: 368640K->30934K(368640K), 0.0584980 secs] 2183500K->1861738K(12541952K), 0.0600410 secs] [Times: user=0.34 sys=0.00, real=0.06 secs] 
2011-03-01T03:08:47.104+0000: 7628.495: [GC 7628.496: [ParNew: 358614K->20087K(368640K), 0.0514440 secs] 2189418K->1862125K(12541952K), 0.0519900 secs] [Times: user=0.29 sys=0.00, real=0.05 secs] 
2011-03-01T03:08:48.646+0000: 7630.037: [GC 7630.038: [ParNew: 347767K->40960K(368640K), 0.0364620 secs] 2189805K->1883188K(12541952K), 0.0369930 secs] [Times: user=0.24 sys=0.00, real=0.04 secs] 
2011-03-01T03:08:50.000+0000: 7631.391: [GC 7631.391: [ParNew: 368640K->30568K(368640K), 0.0731690 secs] 2210868K->1893367K(12541952K), 0.0736820 secs] [Times: user=0.43 sys=0.00, real=0.08 secs] 
2011-03-01T03:08:52.397+0000: 7633.788: [GC 7633.788: [ParNew: 358248K->19942K(368640K), 0.0528580 secs] 2221047K->1896430K(12541952K), 0.0533670 secs] [Times: user=0.31 sys=0.01, real=0.05 secs] 
2011-03-01T03:08:54.376+0000: 7635.768: [GC 7635.768: [ParNew: 347622K->33345K(368640K), 0.0341910 secs] 2224110K->1909834K(12541952K), 0.0347220 secs] [Times: user=0.24 sys=0.00, real=0.03 secs] 
2011-03-01T03:08:55.135+0000: 7636.527: [GC 7636.527: [ParNew: 361025K->35219K(368640K), 0.0532710 secs] 2237514K->1920593K(12541952K), 0.0537720 secs] [Times: user=0.33 sys=0.01, real=0.05 secs] 
2011-03-01T03:08:55.855+0000: 7637.246: [GC 7637.247: [ParNew: 362211K->36564K(368640K), 0.0482940 secs] 2247585K->1930118K(12541952K), 0.0486890 secs] [Times: user=0.29 sys=0.00, real=0.05 secs] 
2011-03-01T03:08:56.390+0000: 7637.781: [GC 7637.782: [ParNew: 364244K->37094K(368640K), 0.0450090 secs] 2257798K->1940778K(12541952K), 0.0453800 secs] [Times: user=0.33 sys=0.00, real=0.05 secs] 
2011-03-01T03:08:57.056+0000: 7638.447: [GC 7638.448: [ParNew: 364774K->39206K(368640K), 0.0445560 secs] 2268458K->1949058K(12541952K), 0.0449280 secs] [Times: user=0.30 sys=0.00, real=0.04 secs] 
2011-03-01T03:08:57.762+0000: 7639.153: [GC 7639.153: [ParNew: 366886K->35342K(368640K), 0.0489280 secs] 2276738K->1964644K(12541952K), 0.0493020 secs] [Times: user=0.37 sys=0.00, real=0.05 secs] 
2011-03-01T03:08:58.502+0000: 7639.893: [GC 7639.893: [ParNew: 363022K->26305K(368640K), 0.0362350 secs] 2292324K->1960975K(12541952K), 0.0366010 secs] [Times: user=0.25 sys=0.00, real=0.04 secs] 
2011-03-01T03:08:59.174+0000: 7640.566: [GC 7640.566: [ParNew: 353946K->20172K(368640K), 0.0383210 secs] 2288616K->1961184K(12541952K), 0.0386900 secs] [Times: user=0.25 sys=0.00, real=0.04 secs] 
2011-03-01T03:09:00.059+0000: 7641.451: [GC 7641.451: [ParNew: 347852K->40960K(368640K), 0.0303600 secs] 2288864K->1982502K(12541952K), 0.0307460 secs] [Times: user=0.23 sys=0.00, real=0.03 secs] 
2011-03-01T03:09:00.519+0000: 7641.910: [GC 7641.911: [ParNew: 368640K->32215K(368640K), 0.0445420 secs] 2310182K->1983216K(12541952K), 0.0449110 secs] [Times: user=0.31 sys=0.01, real=0.05 secs] 
2011-03-01T03:09:01.291+0000: 7642.682: [GC 7642.682: [ParNew: 359895K->34898K(368640K), 0.0404560 secs] 2310896K->1991576K(12541952K), 0.0408300 secs] [Times: user=0.31 sys=0.00, real=0.04 secs] 
2011-03-01T03:09:03.483+0000: 7644.874: [GC 7644.874: [ParNew: 362578K->20271K(368640K), 0.0495990 secs] 2319256K->1990952K(12541952K), 0.0499590 secs] [Times: user=0.29 sys=0.00, real=0.05 secs] 
2011-03-01T03:09:05.502+0000: 7646.893: [GC 7646.893: [ParNew: 347951K->40960K(368640K), 0.0310450 secs] 2318632K->2011690K(12541952K), 0.0315370 secs] [Times: user=0.25 sys=0.00, real=0.04 secs] 
2011-03-01T03:09:07.619+0000: 7649.010: [GC 7649.011: [ParNew: 368640K->24680K(368640K), 0.0520310 secs] 2339370K->2010845K(12541952K), 0.0525280 secs] [Times: user=0.33 sys=0.00, real=0.05 secs] 
2011-03-01T03:09:09.588+0000: 7650.980: [GC 7650.980: [ParNew: 352360K->7974K(368640K), 0.0355460 secs] 2338525K->2002512K(12541952K), 0.0360340 secs] [Times: user=0.25 sys=0.00, real=0.04 secs] 
2011-03-01T03:09:11.540+0000: 7652.931: [GC 7652.932: [ParNew: 335654K->32009K(368640K), 0.0339630 secs] 2330192K->2026548K(12541952K), 0.0344500 secs] [Times: user=0.27 sys=0.01, real=0.04 secs] 
2011-03-01T03:09:14.027+0000: 7655.419: [GC 7655.419: [ParNew: 359689K->21896K(368640K), 0.0517200 secs] 2354228K->2028382K(12541952K), 0.0557590 secs] [Times: user=0.34 sys=0.00, real=0.06 secs] 
2011-03-01T03:09:16.415+0000: 7657.806: [GC 7657.806: [ParNew: 349576K->40960K(368640K), 0.0303810 secs] 2356062K->2049744K(12541952K), 0.0307330 secs] [Times: user=0.23 sys=0.00, real=0.03 secs] 
2011-03-01T03:09:18.730+0000: 7660.122: [GC 7660.122: [ParNew: 368640K->14167K(368640K), 0.0485540 secs] 2377424K->2035362K(12541952K), 0.0489110 secs] [Times: user=0.33 sys=0.00, real=0.05 secs] 
2011-03-01T03:09:20.337+0000: 7661.728: [GC 7661.728: [ParNew: 341847K->40960K(368640K), 0.0392350 secs] 2363042K->2068578K(12541952K), 0.0395850 secs] [Times: user=0.25 sys=0.00, real=0.04 secs] 
2011-03-01T03:09:22.043+0000: 7663.434: [GC 7663.434: [ParNew: 368640K->15624K(368640K), 0.0419150 secs] 2396258K->2053169K(12541952K), 0.0422670 secs] [Times: user=0.32 sys=0.00, real=0.04 secs] 
2011-03-01T03:09:23.395+0000: 7664.786: [GC 7664.786: [ParNew: 343304K->40960K(368640K), 0.0364590 secs] 2380849K->2079319K(12541952K), 0.0368180 secs] [Times: user=0.25 sys=0.00, real=0.03 secs] 
2011-03-01T03:09:24.669+0000: 7666.061: [GC 7666.061: [ParNew: 368640K->24644K(368640K), 0.0517720 secs] 2406999K->2077906K(12541952K), 0.0521280 secs] [Times: user=0.33 sys=0.00, real=0.05 secs] 
2011-03-01T03:09:26.207+0000: 7667.598: [GC 7667.598: [ParNew: 352324K->40493K(368640K), 0.0384290 secs] 2405586K->2093755K(12541952K), 0.0388620 secs] [Times: user=0.29 sys=0.01, real=0.04 secs] 
2011-03-01T03:09:27.571+0000: 7668.962: [GC 7668.963: [ParNew: 368173K->27691K(368640K), 0.0447900 secs] 2421435K->2089474K(12541952K), 0.0451440 secs] [Times: user=0.31 sys=0.00, real=0.05 secs] 
2011-03-01T03:09:29.865+0000: 7671.257: [GC 7671.257: [ParNew: 355371K->30098K(368640K), 0.0441210 secs] 2417154K->2100289K(12541952K), 0.0444790 secs] [Times: user=0.31 sys=0.00, real=0.04 secs] 
2011-03-01T03:09:31.373+0000: 7672.765: [GC 7672.765: [ParNew: 357778K->38292K(368640K), 0.0447940 secs] 2427969K->2114797K(12541952K), 0.0451720 secs] [Times: user=0.30 sys=0.01, real=0.04 secs] 
2011-03-01T03:09:32.927+0000: 7674.318: [GC 7674.318: [ParNew: 365972K->18817K(368640K), 0.0559630 secs] 2442477K->2109854K(12541952K), 0.0563160 secs] [Times: user=0.40 sys=0.00, real=0.06 secs] 
2011-03-01T03:09:34.225+0000: 7675.617: [GC 7675.617: [ParNew: 346497K->37013K(368640K), 0.0338100 secs] 2437534K->2128050K(12541952K), 0.0341640 secs] [Times: user=0.24 sys=0.00, real=0.03 secs] 
2011-03-01T03:09:35.220+0000: 7676.611: [GC 7676.612: [ParNew: 364693K->40960K(368640K), 0.0701870 secs] 2455730K->2147687K(12541952K), 0.0706160 secs] [Times: user=0.38 sys=0.01, real=0.07 secs] 
2011-03-01T03:09:35.668+0000: 7677.059: [GC 7677.059: [ParNew: 368640K->40960K(368640K), 0.0528480 secs] 2475367K->2159171K(12541952K), 0.0532030 secs] [Times: user=0.40 sys=0.00, real=0.05 secs] 
2011-03-01T03:09:36.398+0000: 7677.789: [GC 7677.789: [ParNew: 368640K->24907K(368640K), 0.0643210 secs] 2486851K->2164460K(12541952K), 0.0646810 secs] [Times: user=0.40 sys=0.00, real=0.07 secs] 
2011-03-01T03:09:36.667+0000: 7678.058: [GC 7678.059: [ParNew: 352587K->40960K(368640K), 0.0722400 secs] 2492140K->2209334K(12541952K), 0.0725910 secs] [Times: user=0.48 sys=0.00, real=0.07 secs] 
2011-03-01T03:09:37.045+0000: 7678.436: [GC 7678.436: [ParNew: 368640K->40960K(368640K), 0.0631350 secs] 2537014K->2233954K(12541952K), 0.0635510 secs] [Times: user=0.39 sys=0.01, real=0.06 secs] 
2011-03-01T03:09:37.336+0000: 7678.728: [GC 7678.728: [ParNew: 368640K->40960K(368640K), 0.0595590 secs] 2561661K->2249885K(12541952K), 0.0599140 secs] [Times: user=0.40 sys=0.00, real=0.06 secs] 
2011-03-01T03:09:37.398+0000: 7678.790: [GC 7678.790: [ParNew: 41021K->18735K(368640K), 0.0570990 secs] 2249947K->2260753K(12541952K), 0.0573960 secs] [Times: user=0.35 sys=0.00, real=0.06 secs] 
2011-03-01T03:09:37.878+0000: 7679.269: [GC 7679.269: [ParNew: 346415K->40569K(368640K), 0.0321460 secs] 2588433K->2282587K(12541952K), 0.0325030 secs] [Times: user=0.24 sys=0.00, real=0.03 secs] 
2011-03-01T03:09:38.406+0000: 7679.797: [GC 7679.797: [ParNew: 368249K->40960K(368640K), 0.0501560 secs] 2610267K->2296528K(12541952K), 0.0505160 secs] [Times: user=0.37 sys=0.00, real=0.05 secs] 
2011-03-01T03:09:38.862+0000: 7680.253: [GC 7680.253: [ParNew: 368640K->40960K(368640K), 0.0430160 secs] 2624208K->2307053K(12541952K), 0.0433720 secs] [Times: user=0.33 sys=0.00, real=0.05 secs] 
2011-03-01T03:09:39.363+0000: 7680.755: [GC 7680.755: [ParNew: 368640K->29635K(368640K), 0.0356150 secs] 2634733K->2306525K(12541952K), 0.0359800 secs] [Times: user=0.25 sys=0.01, real=0.03 secs] 
2011-03-01T03:09:39.983+0000: 7681.375: [GC 7681.375: [ParNew: 357315K->40960K(368640K), 0.0330200 secs] 2634205K->2322923K(12541952K), 0.0333790 secs] [Times: user=0.25 sys=0.00, real=0.03 secs] 
2011-03-01T03:09:41.274+0000: 7682.666: [GC 7682.666: [ParNew: 368640K->17364K(368640K), 0.0374620 secs] 2650603K->2315122K(12541952K), 0.0378190 secs] [Times: user=0.24 sys=0.00, real=0.04 secs] 
2011-03-01T03:09:42.732+0000: 7684.124: [GC 7684.124: [ParNew: 345044K->40960K(368640K), 0.0301930 secs] 2642802K->2339184K(12541952K), 0.0305510 secs] [Times: user=0.20 sys=0.01, real=0.03 secs] 
2011-03-01T03:09:43.930+0000: 7685.322: [GC 7685.322: [ParNew: 368640K->20668K(368640K), 0.0358110 secs] 2666864K->2336132K(12541952K), 0.0361730 secs] [Times: user=0.27 sys=0.02, real=0.04 secs] 
2011-03-01T03:09:45.487+0000: 7686.878: [GC 7686.878: [ParNew: 348348K->40960K(368640K), 0.0297680 secs] 2663812K->2357711K(12541952K), 0.0302470 secs] [Times: user=0.24 sys=0.00, real=0.03 secs] 
2011-03-01T03:09:46.874+0000: 7688.266: [GC 7688.266: [ParNew: 368640K->31026K(368640K), 0.0388500 secs] 2685391K->2363603K(12541952K), 0.0393350 secs] [Times: user=0.23 sys=0.01, real=0.04 secs] 
2011-03-01T03:09:48.130+0000: 7689.521: [GC 7689.522: [ParNew: 358706K->28181K(368640K), 0.0302600 secs] 2691283K->2367200K(12541952K), 0.0306740 secs] [Times: user=0.24 sys=0.00, real=0.03 secs] 
2011-03-01T03:09:50.114+0000: 7691.505: [GC 7691.505: [ParNew: 355861K->14755K(368640K), 0.0290570 secs] 2694880K->2362061K(12541952K), 0.0294130 secs] [Times: user=0.16 sys=0.00, real=0.03 secs] 
2011-03-01T03:09:52.576+0000: 7693.967: [GC 7693.967: [ParNew: 342435K->40960K(368640K), 0.0275170 secs] 2689741K->2388278K(12541952K), 0.0279950 secs] [Times: user=0.19 sys=0.00, real=0.03 secs] 
2011-03-01T03:09:54.449+0000: 7695.840: [GC 7695.840: [ParNew: 368640K->19019K(368640K), 0.0299870 secs] 2715958K->2372524K(12541952K), 0.0304740 secs] [Times: user=0.24 sys=0.00, real=0.03 secs] 
2011-03-01T03:09:55.323+0000: 7696.714: [GC 7696.714: [ParNew: 346648K->40960K(368640K), 0.0387660 secs] 2700152K->2397649K(12541952K), 0.0392550 secs] [Times: user=0.26 sys=0.00, real=0.05 secs] 
2011-03-01T03:09:55.905+0000: 7697.296: [GC 7697.297: [ParNew: 368602K->40960K(368640K), 0.0390460 secs] 2725291K->2405306K(12541952K), 0.0395420 secs] [Times: user=0.28 sys=0.00, real=0.04 secs] 
2011-03-01T03:09:56.539+0000: 7697.930: [GC 7697.930: [ParNew: 368640K->14839K(368640K), 0.0338200 secs] 2732986K->2386928K(12541952K), 0.0343370 secs] [Times: user=0.24 sys=0.00, real=0.04 secs] 
2011-03-01T03:09:57.220+0000: 7698.611: [GC 7698.611: [ParNew: 342519K->27160K(368640K), 0.0247900 secs] 2714608K->2399249K(12541952K), 0.0253040 secs] [Times: user=0.24 sys=0.00, real=0.03 secs] 
2011-03-01T03:09:58.061+0000: 7699.452: [GC 7699.453: [ParNew: 354905K->38079K(368640K), 0.0323400 secs] 2726994K->2414771K(12541952K), 0.0328510 secs] [Times: user=0.24 sys=0.00, real=0.04 secs] 
2011-03-01T03:09:58.097+0000: 7699.488: [GC 7699.488: [ParNew: 38149K->7459K(368640K), 0.0285560 secs] 2414842K->2396233K(12541952K), 0.0288920 secs] [Times: user=0.19 sys=0.00, real=0.03 secs] 
2011-03-01T03:09:58.786+0000: 7700.177: [GC 7700.178: [ParNew: 335139K->17443K(368640K), 0.0214760 secs] 2723913K->2406217K(12541952K), 0.0219680 secs] [Times: user=0.16 sys=0.00, real=0.02 secs] 
2011-03-01T03:09:59.772+0000: 7701.163: [GC 7701.164: [ParNew: 345123K->36766K(368640K), 0.0247000 secs] 2733897K->2425541K(12541952K), 0.0251960 secs] [Times: user=0.20 sys=0.00, real=0.02 secs] 
2011-03-01T03:10:00.561+0000: 7701.952: [GC 7701.953: [ParNew: 364446K->40960K(368640K), 0.0383750 secs] 2753221K->2440059K(12541952K), 0.0389110 secs] [Times: user=0.32 sys=0.00, real=0.04 secs] 
2011-03-01T03:10:01.363+0000: 7702.754: [GC 7702.754: [ParNew: 368594K->9706K(368640K), 0.0333390 secs] 2767694K->2424489K(12541952K), 0.0338330 secs] [Times: user=0.27 sys=0.00, real=0.03 secs] 
2011-03-01T03:10:02.682+0000: 7704.073: [GC 7704.073: [ParNew: 337386K->33374K(368640K), 0.0240340 secs] 2752169K->2448157K(12541952K), 0.0245310 secs] [Times: user=0.24 sys=0.00, real=0.03 secs] 
2011-03-01T03:10:04.763+0000: 7706.155: [GC 7706.155: [ParNew: 361054K->34790K(368640K), 0.0370540 secs] 2775837K->2455629K(12541952K), 0.0375430 secs] [Times: user=0.23 sys=0.00, real=0.03 secs] 
2011-03-01T03:10:06.828+0000: 7708.219: [GC 7708.228: [ParNew: 362470K->26468K(368640K), 0.0335410 secs] 2783309K->2458248K(12541952K), 0.0340750 secs] [Times: user=0.24 sys=0.00, real=0.04 secs] 
2011-03-01T03:10:08.710+0000: 7710.101: [GC 7710.101: [ParNew: 354148K->23862K(368640K), 0.0292850 secs] 2785928K->2464134K(12541952K), 0.0298200 secs] [Times: user=0.24 sys=0.00, real=0.03 secs] 
2011-03-01T03:10:11.320+0000: 7712.711: [GC 7712.711: [ParNew: 351542K->24079K(368640K), 0.0268180 secs] 2791814K->2464351K(12541952K), 0.0273500 secs] [Times: user=0.24 sys=0.00, real=0.03 secs] 
2011-03-01T03:10:12.799+0000: 7714.190: [GC 7714.190: [ParNew: 351759K->39394K(368640K), 0.0412050 secs] 2792031K->2506228K(12541952K), 0.0417440 secs] [Times: user=0.32 sys=0.00, real=0.04 secs] 
2011-03-01T03:10:14.946+0000: 7716.337: [GC 7716.338: [ParNew: 367074K->26619K(368640K), 0.0346980 secs] 2833908K->2505163K(12541952K), 0.0352540 secs] [Times: user=0.24 sys=0.00, real=0.03 secs] 
2011-03-01T03:10:17.235+0000: 7718.626: [GC 7718.627: [ParNew: 354299K->15535K(368640K), 0.0346410 secs] 2832843K->2502162K(12541952K), 0.0351700 secs] [Times: user=0.22 sys=0.01, real=0.03 secs] 
2011-03-01T03:10:18.791+0000: 7720.182: [GC 7720.183: [ParNew: 343215K->40960K(368640K), 0.0258230 secs] 2829842K->2527595K(12541952K), 0.0263110 secs] [Times: user=0.24 sys=0.00, real=0.03 secs] 
2011-03-01T03:10:20.131+0000: 7721.522: [GC 7721.522: [ParNew: 368640K->32547K(368640K), 0.0382560 secs] 2855275K->2527624K(12541952K), 0.0387680 secs] [Times: user=0.32 sys=0.00, real=0.04 secs] 
2011-03-01T03:10:21.444+0000: 7722.836: [GC 7722.836: [ParNew: 360227K->26035K(368640K), 0.0391600 secs] 2855304K->2527557K(12541952K), 0.0396520 secs] [Times: user=0.25 sys=0.00, real=0.04 secs] 
2011-03-01T03:10:22.811+0000: 7724.203: [GC 7724.203: [ParNew: 353715K->31749K(368640K), 0.0384960 secs] 2855237K->2541825K(12541952K), 0.0389820 secs] [Times: user=0.32 sys=0.00, real=0.04 secs] 
2011-03-01T03:10:24.190+0000: 7725.581: [GC 7725.582: [ParNew: 359429K->30053K(368640K), 0.0453630 secs] 2869505K->2546635K(12541952K), 0.0458320 secs] [Times: user=0.36 sys=0.00, real=0.05 secs] 
2011-03-01T03:10:25.826+0000: 7727.217: [GC 7727.217: [ParNew: 357733K->39052K(368640K), 0.0400340 secs] 2874315K->2566223K(12541952K), 0.0405070 secs] [Times: user=0.31 sys=0.00, real=0.04 secs] 
2011-03-01T03:10:28.174+0000: 7729.565: [GC 7729.565: [ParNew: 366732K->20841K(368640K), 0.0408190 secs] 2893903K->2560909K(12541952K), 0.0412850 secs] [Times: user=0.27 sys=0.00, real=0.04 secs] 
2011-03-01T03:10:30.274+0000: 7731.665: [GC 7731.665: [ParNew: 348521K->40960K(368640K), 0.0320450 secs] 2888589K->2583513K(12541952K), 0.0325100 secs] [Times: user=0.25 sys=0.00, real=0.03 secs] 
2011-03-01T03:10:31.590+0000: 7732.981: [GC 7732.982: [ParNew: 368640K->17444K(368640K), 0.0410570 secs] 2911193K->2574599K(12541952K), 0.0415210 secs] [Times: user=0.32 sys=0.00, real=0.04 secs] 
2011-03-01T03:10:32.882+0000: 7734.273: [GC 7734.273: [ParNew: 345124K->40960K(368640K), 0.0370170 secs] 2902279K->2600688K(12541952K), 0.0374950 secs] [Times: user=0.31 sys=0.00, real=0.04 secs] 
2011-03-01T03:10:34.253+0000: 7735.644: [GC 7735.644: [ParNew: 368640K->26438K(368640K), 0.0446670 secs] 2928368K->2602409K(12541952K), 0.0450290 secs] [Times: user=0.32 sys=0.02, real=0.04 secs] 
2011-03-01T03:10:35.331+0000: 7736.722: [GC 7736.723: [ParNew: 354118K->37283K(368640K), 0.0357100 secs] 2930089K->2613254K(12541952K), 0.0360690 secs] [Times: user=0.32 sys=0.00, real=0.04 secs] 
2011-03-01T03:10:36.129+0000: 7737.520: [GC 7737.520: [ParNew: 364963K->40960K(368640K), 0.0756980 secs] 2940934K->2637980K(12541952K), 0.0760630 secs] [Times: user=0.50 sys=0.00, real=0.08 secs] 
2011-03-01T03:10:36.365+0000: 7737.756: [GC 7737.756: [ParNew: 368640K->40960K(368640K), 0.0624510 secs] 2965660K->2726553K(12541952K), 0.0628130 secs] [Times: user=0.44 sys=0.00, real=0.06 secs] 
2011-03-01T03:10:36.652+0000: 7738.044: [GC 7738.044: [ParNew: 368640K->40960K(368640K), 0.0502250 secs] 3054233K->2743505K(12541952K), 0.0505800 secs] [Times: user=0.37 sys=0.00, real=0.05 secs] 
2011-03-01T03:10:36.898+0000: 7738.289: [GC 7738.289: [ParNew: 368640K->40960K(368640K), 0.0499900 secs] 3071185K->2755398K(12541952K), 0.0503430 secs] [Times: user=0.38 sys=0.00, real=0.05 secs] 
2011-03-01T03:10:37.398+0000: 7738.789: [GC 7738.789: [ParNew: 368640K->37084K(368640K), 0.0509290 secs] 3083078K->2764455K(12541952K), 0.0512970 secs] [Times: user=0.40 sys=0.00, real=0.05 secs] 
2011-03-01T03:10:37.688+0000: 7739.079: [GC 7739.079: [ParNew: 364764K->40960K(368640K), 0.0524600 secs] 3092135K->2779224K(12541952K), 0.0528850 secs] [Times: user=0.37 sys=0.02, real=0.05 secs] 
2011-03-01T03:10:38.018+0000: 7739.410: [GC 7739.410: [ParNew: 331467K->40960K(368640K), 0.0479930 secs] 3069732K->2797399K(12541952K), 0.0483550 secs] [Times: user=0.37 sys=0.00, real=0.05 secs] 
2011-03-01T03:10:38.239+0000: 7739.630: [GC 7739.630: [ParNew: 368640K->40960K(368640K), 0.0616590 secs] 3125094K->2880950K(12541952K), 0.0622260 secs] [Times: user=0.43 sys=0.00, real=0.06 secs] 
2011-03-01T03:10:38.612+0000: 7740.003: [GC 7740.003: [ParNew: 368640K->40960K(368640K), 0.0574200 secs] 3208630K->2895808K(12541952K), 0.0578460 secs] [Times: user=0.47 sys=0.01, real=0.06 secs] 
2011-03-01T03:10:38.946+0000: 7740.337: [GC 7740.337: [ParNew: 368640K->40960K(368640K), 0.0526930 secs] 3223488K->2908570K(12541952K), 0.0531240 secs] [Times: user=0.40 sys=0.00, real=0.05 secs] 
2011-03-01T03:10:39.303+0000: 7740.695: [GC 7740.695: [ParNew: 368640K->36916K(368640K), 0.0438960 secs] 3236250K->2918422K(12541952K), 0.0443900 secs] [Times: user=0.31 sys=0.01, real=0.04 secs] 
2011-03-01T03:10:39.639+0000: 7741.030: [GC 7741.030: [ParNew: 364596K->40960K(368640K), 0.0400540 secs] 3246102K->2922491K(12541952K), 0.0405720 secs] [Times: user=0.32 sys=0.00, real=0.04 secs] 
2011-03-01T03:10:39.972+0000: 7741.363: [GC 7741.363: [ParNew: 368640K->27863K(368640K), 0.0499850 secs] 3250171K->2927423K(12541952K), 0.0504100 secs] [Times: user=0.35 sys=0.02, real=0.06 secs] 
2011-03-01T03:10:40.348+0000: 7741.739: [GC 7741.739: [ParNew: 355543K->39083K(368640K), 0.0359640 secs] 3255103K->2938643K(12541952K), 0.0363180 secs] [Times: user=0.31 sys=0.00, real=0.04 secs] 
2011-03-01T03:10:40.801+0000: 7742.192: [GC 7742.192: [ParNew: 366763K->21206K(368640K), 0.0543850 secs] 3266323K->2931675K(12541952K), 0.0547430 secs] [Times: user=0.42 sys=0.00, real=0.06 secs] 
2011-03-01T03:10:41.310+0000: 7742.701: [GC 7742.701: [ParNew: 348886K->18232K(368640K), 0.0547150 secs] 3259355K->2937996K(12541952K), 0.0550690 secs] [Times: user=0.40 sys=0.01, real=0.06 secs] 
2011-03-01T03:10:41.828+0000: 7743.219: [GC 7743.219: [ParNew: 345912K->29833K(368640K), 0.0492190 secs] 3265676K->2949598K(12541952K), 0.0495680 secs] [Times: user=0.39 sys=0.01, real=0.05 secs] 
2011-03-01T03:10:42.435+0000: 7743.826: [GC 7743.827: [ParNew: 357513K->34918K(368640K), 0.0610640 secs] 3277278K->2961011K(12541952K), 0.0614200 secs] [Times: user=0.46 sys=0.00, real=0.06 secs] 
2011-03-01T03:10:43.049+0000: 7744.440: [GC 7744.440: [ParNew: 362598K->40111K(368640K), 0.0682210 secs] 3288691K->3046742K(12541952K), 0.0685770 secs] [Times: user=0.55 sys=0.00, real=0.07 secs] 
2011-03-01T03:10:43.780+0000: 7745.172: [GC 7745.172: [ParNew: 367791K->35790K(368640K), 0.0586260 secs] 3374422K->3059858K(12541952K), 0.0589840 secs] [Times: user=0.47 sys=0.00, real=0.06 secs] 
2011-03-01T03:10:44.396+0000: 7745.787: [GC 7745.787: [ParNew: 363470K->40960K(368640K), 0.0729290 secs] 3387538K->3097245K(12541952K), 0.0732910 secs] [Times: user=0.56 sys=0.00, real=0.07 secs] 
2011-03-01T03:10:45.177+0000: 7746.569: [GC 7746.569: [ParNew: 368640K->26772K(368640K), 0.0457440 secs] 3424925K->3096084K(12541952K), 0.0532070 secs] [Times: user=0.31 sys=0.01, real=0.05 secs] 
2011-03-01T03:10:45.909+0000: 7747.300: [GC 7747.300: [ParNew: 354452K->31939K(368640K), 0.0363810 secs] 3423764K->3101252K(12541952K), 0.0367330 secs] [Times: user=0.32 sys=0.00, real=0.04 secs] 
2011-03-01T03:10:46.637+0000: 7748.028: [GC 7748.028: [ParNew: 359619K->29468K(368640K), 0.0423720 secs] 3428932K->3108199K(12541952K), 0.0427280 secs] [Times: user=0.31 sys=0.01, real=0.04 secs] 
2011-03-01T03:10:47.369+0000: 7748.760: [GC 7748.760: [ParNew: 357148K->34959K(368640K), 0.0467730 secs] 3435879K->3119788K(12541952K), 0.0471280 secs] [Times: user=0.38 sys=0.00, real=0.05 secs] 
2011-03-01T03:10:48.107+0000: 7749.498: [GC 7749.498: [ParNew: 362639K->38471K(368640K), 0.0435980 secs] 3447468K->3130920K(12541952K), 0.0439530 secs] [Times: user=0.32 sys=0.00, real=0.04 secs] 
2011-03-01T03:10:48.919+0000: 7750.310: [GC 7750.310: [ParNew: 366151K->21694K(368640K), 0.0412090 secs] 3458600K->3122056K(12541952K), 0.0415620 secs] [Times: user=0.32 sys=0.00, real=0.04 secs] 
2011-03-01T03:10:49.780+0000: 7751.171: [GC 7751.171: [ParNew: 349374K->30820K(368640K), 0.0360260 secs] 3449736K->3131182K(12541952K), 0.0363770 secs] [Times: user=0.31 sys=0.00, real=0.04 secs] 
2011-03-01T03:10:50.716+0000: 7752.107: [GC 7752.107: [ParNew: 358500K->36281K(368640K), 0.0426590 secs] 3458862K->3144725K(12541952K), 0.0430100 secs] [Times: user=0.32 sys=0.00, real=0.04 secs] 
2011-03-01T03:10:51.707+0000: 7753.098: [GC 7753.098: [ParNew: 363961K->28858K(368640K), 0.0402970 secs] 3472405K->3144249K(12541952K), 0.0406520 secs] [Times: user=0.32 sys=0.00, real=0.04 secs] 
2011-03-01T03:10:52.597+0000: 7753.988: [GC 7753.988: [ParNew: 356538K->35131K(368640K), 0.0402490 secs] 3471929K->3154706K(12541952K), 0.0406030 secs] [Times: user=0.31 sys=0.01, real=0.04 secs] 
2011-03-01T03:10:53.499+0000: 7754.890: [GC 7754.891: [ParNew: 362811K->33259K(368640K), 0.0413290 secs] 3482386K->3158624K(12541952K), 0.0416980 secs] [Times: user=0.32 sys=0.00, real=0.04 secs] 
2011-03-01T03:10:54.135+0000: 7755.526: [GC 7755.526: [ParNew: 360939K->30061K(368640K), 0.0537700 secs] 3486304K->3232349K(12541952K), 0.0541410 secs] [Times: user=0.40 sys=0.00, real=0.05 secs] 
2011-03-01T03:10:54.556+0000: 7755.948: [GC 7755.948: [ParNew: 357741K->40960K(368640K), 0.0414170 secs] 3560029K->3247252K(12541952K), 0.0417850 secs] [Times: user=0.32 sys=0.00, real=0.04 secs] 
2011-03-01T03:10:54.951+0000: 7756.342: [GC 7756.342: [ParNew: 368640K->24241K(368640K), 0.0527670 secs] 3574932K->3246973K(12541952K), 0.0531470 secs] [Times: user=0.39 sys=0.02, real=0.06 secs] 
2011-03-01T03:10:55.294+0000: 7756.685: [GC 7756.685: [ParNew: 351921K->23499K(368640K), 0.0491030 secs] 3574653K->3246231K(12541952K), 0.0494770 secs] [Times: user=0.36 sys=0.00, real=0.05 secs] 
2011-03-01T03:10:55.677+0000: 7757.068: [GC 7757.068: [ParNew: 351179K->28528K(368640K), 0.0481550 secs] 3573911K->3251260K(12541952K), 0.0485200 secs] [Times: user=0.40 sys=0.00, real=0.05 secs] 
2011-03-01T03:10:56.066+0000: 7757.458: [GC 7757.458: [ParNew: 356208K->34959K(368640K), 0.0516990 secs] 3578940K->3261745K(12541952K), 0.0520640 secs] [Times: user=0.40 sys=0.00, real=0.05 secs] 
2011-03-01T03:10:56.404+0000: 7757.795: [GC 7757.795: [ParNew: 362639K->32297K(368640K), 0.0585590 secs] 3589425K->3274216K(12541952K), 0.0589280 secs] [Times: user=0.41 sys=0.00, real=0.05 secs] 
2011-03-01T03:10:56.898+0000: 7758.289: [GC 7758.289: [ParNew: 359977K->28410K(368640K), 0.0449960 secs] 3601896K->3275943K(12541952K), 0.0453610 secs] [Times: user=0.32 sys=0.00, real=0.05 secs] 
2011-03-01T03:10:57.328+0000: 7758.720: [GC 7758.720: [ParNew: 356090K->16989K(368640K), 0.0462110 secs] 3603623K->3272291K(12541952K), 0.0465770 secs] [Times: user=0.36 sys=0.00, real=0.05 secs] 
2011-03-01T03:10:58.087+0000: 7759.478: [GC 7759.478: [ParNew: 344669K->24621K(368640K), 0.0437020 secs] 3599971K->3279923K(12541952K), 0.0440670 secs] [Times: user=0.32 sys=0.00, real=0.04 secs] 
2011-03-01T03:10:58.493+0000: 7759.884: [GC 7759.884: [ParNew: 352249K->40960K(368640K), 0.0608910 secs] 3607551K->3375801K(12541952K), 0.0612570 secs] [Times: user=0.47 sys=0.01, real=0.07 secs] 
2011-03-01T03:10:58.817+0000: 7760.208: [GC 7760.208: [ParNew: 368640K->31340K(368640K), 0.0594780 secs] 3703481K->3378528K(12541952K), 0.0598460 secs] [Times: user=0.45 sys=0.00, real=0.06 secs] 
2011-03-01T03:10:59.176+0000: 7760.567: [GC 7760.567: [ParNew: 359020K->40189K(368640K), 0.0485110 secs] 3706208K->3387377K(12541952K), 0.0488770 secs] [Times: user=0.39 sys=0.00, real=0.05 secs] 
2011-03-01T03:10:59.655+0000: 7761.046: [GC 7761.046: [ParNew: 367869K->33641K(368640K), 0.0624970 secs] 3715057K->3400898K(12541952K), 0.0628610 secs] [Times: user=0.44 sys=0.00, real=0.06 secs] 
2011-03-01T03:11:00.084+0000: 7761.475: [GC 7761.475: [ParNew: 361321K->25024K(368640K), 0.0448990 secs] 3728578K->3400322K(12541952K), 0.0452690 secs] [Times: user=0.32 sys=0.00, real=0.04 secs] 
2011-03-01T03:11:00.500+0000: 7761.891: [GC 7761.891: [ParNew: 352704K->40960K(368640K), 0.0420360 secs] 3728002K->3416268K(12541952K), 0.0424110 secs] [Times: user=0.32 sys=0.00, real=0.05 secs] 
2011-03-01T03:11:01.036+0000: 7762.427: [GC 7762.427: [ParNew: 368640K->32648K(368640K), 0.0530640 secs] 3743948K->3420094K(12541952K), 0.0534440 secs] [Times: user=0.39 sys=0.01, real=0.05 secs] 
2011-03-01T03:11:01.456+0000: 7762.847: [GC 7762.847: [ParNew: 360328K->20664K(368640K), 0.0431350 secs] 3747774K->3429919K(12541952K), 0.0435290 secs] [Times: user=0.31 sys=0.01, real=0.04 secs] 
2011-03-01T03:11:02.220+0000: 7763.612: [GC 7763.612: [ParNew: 348344K->13657K(368640K), 0.0242150 secs] 3757599K->3422912K(12541952K), 0.0245760 secs] [Times: user=0.25 sys=0.00, real=0.03 secs] 
2011-03-01T03:11:03.066+0000: 7764.457: [GC 7764.458: [ParNew: 341337K->20330K(368640K), 0.0273960 secs] 3750592K->3429585K(12541952K), 0.0277680 secs] [Times: user=0.23 sys=0.00, real=0.03 secs] 
2011-03-01T03:11:03.914+0000: 7765.305: [GC 7765.305: [ParNew: 348010K->32734K(368640K), 0.0308950 secs] 3757265K->3441989K(12541952K), 0.0312520 secs] [Times: user=0.25 sys=0.00, real=0.03 secs] 
2011-03-01T03:11:04.733+0000: 7766.124: [GC 7766.125: [ParNew: 360414K->33508K(368640K), 0.0380280 secs] 3769669K->3449228K(12541952K), 0.0383890 secs] [Times: user=0.25 sys=0.01, real=0.03 secs] 
2011-03-01T03:11:05.510+0000: 7766.902: [GC 7766.902: [ParNew: 361188K->27979K(368640K), 0.0438700 secs] 3776908K->3458204K(12541952K), 0.0442560 secs] [Times: user=0.31 sys=0.00, real=0.05 secs] 
2011-03-01T03:11:06.402+0000: 7767.793: [GC 7767.793: [ParNew: 355659K->35196K(368640K), 0.0321740 secs] 3785884K->3465422K(12541952K), 0.0325370 secs] [Times: user=0.27 sys=0.01, real=0.04 secs] 
2011-03-01T03:11:07.221+0000: 7768.612: [GC 7768.612: [ParNew: 362876K->18594K(368640K), 0.0375320 secs] 3793102K->3457671K(12541952K), 0.0378960 secs] [Times: user=0.32 sys=0.00, real=0.04 secs] 
2011-03-01T03:11:08.060+0000: 7769.451: [GC 7769.451: [ParNew: 346274K->35720K(368640K), 0.0354390 secs] 3785351K->3474796K(12541952K), 0.0358080 secs] [Times: user=0.31 sys=0.00, real=0.04 secs] 
2011-03-01T03:11:08.911+0000: 7770.302: [GC 7770.302: [ParNew: 363400K->27753K(368640K), 0.0495800 secs] 3802476K->3478741K(12541952K), 0.0499470 secs] [Times: user=0.40 sys=0.00, real=0.05 secs] 
2011-03-01T03:11:09.747+0000: 7771.138: [GC 7771.139: [ParNew: 355433K->19750K(368640K), 0.0352350 secs] 3806421K->3477088K(12541952K), 0.0356000 secs] [Times: user=0.24 sys=0.00, real=0.04 secs] 
2011-03-01T03:11:10.482+0000: 7771.873: [GC 7771.873: [ParNew: 347430K->40960K(368640K), 0.0345540 secs] 3804768K->3499184K(12541952K), 0.0350020 secs] [Times: user=0.27 sys=0.00, real=0.04 secs] 
2011-03-01T03:11:11.324+0000: 7772.715: [GC 7772.715: [ParNew: 368640K->12038K(368640K), 0.0446620 secs] 3826864K->3489353K(12541952K), 0.0451590 secs] [Times: user=0.32 sys=0.00, real=0.04 secs] 
2011-03-01T03:11:12.147+0000: 7773.538: [GC 7773.538: [ParNew: 339718K->10723K(368640K), 0.0301520 secs] 3817033K->3488038K(12541952K), 0.0306410 secs] [Times: user=0.24 sys=0.00, real=0.03 secs] 
2011-03-01T03:11:13.399+0000: 7774.790: [GC 7774.790: [ParNew: 338403K->18931K(368640K), 0.0320960 secs] 3815718K->3496246K(12541952K), 0.0325020 secs] [Times: user=0.24 sys=0.00, real=0.03 secs] 
2011-03-01T03:11:14.208+0000: 7775.599: [GC 7775.599: [ParNew: 346611K->27669K(368640K), 0.0377620 secs] 3823926K->3504984K(12541952K), 0.0381160 secs] [Times: user=0.30 sys=0.00, real=0.04 secs] 
2011-03-01T03:11:15.107+0000: 7776.499: [GC 7776.499: [ParNew: 355349K->27381K(368640K), 0.0443340 secs] 3832664K->3508694K(12541952K), 0.0446930 secs] [Times: user=0.29 sys=0.01, real=0.05 secs] 
2011-03-01T03:11:15.980+0000: 7777.371: [GC 7777.371: [ParNew: 355061K->32843K(368640K), 0.0454360 secs] 3836374K->3518627K(12541952K), 0.0458740 secs] [Times: user=0.37 sys=0.00, real=0.05 secs] 
2011-03-01T03:11:16.860+0000: 7778.251: [GC 7778.252: [ParNew: 360523K->34581K(368640K), 0.0477750 secs] 3846307K->3533955K(12541952K), 0.0482550 secs] [Times: user=0.36 sys=0.01, real=0.05 secs] 
2011-03-01T03:11:18.056+0000: 7779.447: [GC 7779.447: [ParNew: 362261K->18116K(368640K), 0.0378430 secs] 3861635K->3526566K(12541952K), 0.0383170 secs] [Times: user=0.25 sys=0.00, real=0.04 secs] 
2011-03-01T03:11:18.660+0000: 7780.051: [GC 7780.052: [ParNew: 345796K->34169K(368640K), 0.0362000 secs] 3854246K->3542618K(12541952K), 0.0366840 secs] [Times: user=0.32 sys=0.00, real=0.04 secs] 
2011-03-01T03:11:19.438+0000: 7780.829: [GC 7780.830: [ParNew: 361849K->32853K(368640K), 0.0448770 secs] 3870298K->3548377K(12541952K), 0.0453790 secs] [Times: user=0.32 sys=0.01, real=0.05 secs] 
2011-03-01T03:11:20.596+0000: 7781.987: [GC 7781.988: [ParNew: 360533K->23847K(368640K), 0.0502610 secs] 3876057K->3550819K(12541952K), 0.0507440 secs] [Times: user=0.32 sys=0.00, real=0.05 secs] 
2011-03-01T03:11:21.078+0000: 7782.469: [GC 7782.470: [ParNew: 351527K->40009K(368640K), 0.0480690 secs] 3878499K->3575655K(12541952K), 0.0485360 secs] [Times: user=0.36 sys=0.00, real=0.05 secs] 
2011-03-01T03:11:21.770+0000: 7783.161: [GC 7783.161: [ParNew: 367689K->27814K(368640K), 0.0437950 secs] 3903335K->3569062K(12541952K), 0.0442640 secs] [Times: user=0.31 sys=0.00, real=0.05 secs] 
2011-03-01T03:11:22.520+0000: 7783.911: [GC 7783.911: [ParNew: 355494K->25294K(368640K), 0.0508000 secs] 3896742K->3579214K(12541952K), 0.0512770 secs] [Times: user=0.40 sys=0.00, real=0.05 secs] 
2011-03-01T03:11:23.206+0000: 7784.597: [GC 7784.597: [ParNew: 352974K->20796K(368640K), 0.0471140 secs] 3906894K->3593226K(12541952K), 0.0550500 secs] [Times: user=0.34 sys=0.01, real=0.05 secs] 
2011-03-01T03:11:24.172+0000: 7785.563: [GC 7785.563: [ParNew: 348476K->34337K(368640K), 0.0393720 secs] 3920906K->3606768K(12541952K), 0.0397270 secs] [Times: user=0.31 sys=0.00, real=0.04 secs] 
2011-03-01T03:11:26.065+0000: 7787.456: [GC 7787.456: [ParNew: 362017K->40960K(368640K), 0.0568070 secs] 3934448K->3629158K(12541952K), 0.0571640 secs] [Times: user=0.40 sys=0.01, real=0.06 secs] 
2011-03-01T03:11:28.327+0000: 7789.718: [GC 7789.718: [ParNew: 368640K->27485K(368640K), 0.0567300 secs] 3956838K->3635970K(12541952K), 0.0612370 secs] [Times: user=0.41 sys=0.00, real=0.06 secs] 
2011-03-01T03:11:30.330+0000: 7791.721: [GC 7791.721: [ParNew: 351842K->40960K(368640K), 0.0749900 secs] 3960326K->3678620K(12541952K), 0.0753520 secs] [Times: user=0.58 sys=0.00, real=0.08 secs] 
2011-03-01T03:11:31.823+0000: 7793.214: [GC 7793.215: [ParNew: 368640K->35205K(368640K), 0.0564320 secs] 4006300K->3691163K(12541952K), 0.0567930 secs] [Times: user=0.44 sys=0.00, real=0.05 secs] 
2011-03-01T03:11:33.299+0000: 7794.690: [GC 7794.690: [ParNew: 362904K->32588K(368640K), 0.0544520 secs] 4018862K->3709993K(12541952K), 0.0549440 secs] [Times: user=0.40 sys=0.00, real=0.06 secs] 
2011-03-01T03:11:33.358+0000: 7794.749: [GC 7794.749: [ParNew: 32745K->14254K(368640K), 0.0401450 secs] 3710150K->3707428K(12541952K), 0.0405590 secs] [Times: user=0.27 sys=0.00, real=0.04 secs] 
2011-03-01T03:11:34.888+0000: 7796.279: [GC 7796.280: [ParNew: 341934K->28796K(368640K), 0.0362080 secs] 4035108K->3721970K(12541952K), 0.0365600 secs] [Times: user=0.27 sys=0.01, real=0.04 secs] 
2011-03-01T03:11:35.481+0000: 7796.872: [GC 7796.873: [ParNew: 356476K->33097K(368640K), 0.0534310 secs] 4049650K->3744702K(12541952K), 0.0537920 secs] [Times: user=0.41 sys=0.00, real=0.06 secs] 
2011-03-01T03:11:36.050+0000: 7797.441: [GC 7797.441: [ParNew: 360777K->40960K(368640K), 0.0633780 secs] 4072382K->3768219K(12541952K), 0.0637370 secs] [Times: user=0.49 sys=0.00, real=0.07 secs] 
2011-03-01T03:11:36.404+0000: 7797.795: [GC 7797.795: [ParNew: 368640K->33536K(368640K), 0.0542910 secs] 4095899K->3780049K(12541952K), 0.0546550 secs] [Times: user=0.38 sys=0.00, real=0.05 secs] 
2011-03-01T03:11:36.844+0000: 7798.235: [GC 7798.236: [ParNew: 361216K->40960K(368640K), 0.0577700 secs] 4107729K->3805051K(12541952K), 0.0581290 secs] [Times: user=0.43 sys=0.00, real=0.06 secs] 
2011-03-01T03:11:37.332+0000: 7798.724: [GC 7798.724: [ParNew: 368640K->36274K(368640K), 0.0552990 secs] 4132731K->3817596K(12541952K), 0.0556580 secs] [Times: user=0.41 sys=0.00, real=0.05 secs] 
2011-03-01T03:11:37.705+0000: 7799.097: [GC 7799.097: [ParNew: 363954K->40960K(368640K), 0.0631320 secs] 4145276K->3838686K(12541952K), 0.0634960 secs] [Times: user=0.44 sys=0.01, real=0.06 secs] 
2011-03-01T03:11:38.011+0000: 7799.403: [GC 7799.403: [ParNew: 368640K->40960K(368640K), 0.0620780 secs] 4166366K->3860650K(12541952K), 0.0624340 secs] [Times: user=0.48 sys=0.00, real=0.07 secs] 
2011-03-01T03:11:38.457+0000: 7799.848: [GC 7799.848: [ParNew: 368640K->40960K(368640K), 0.0661000 secs] 4188330K->3876864K(12541952K), 0.0702810 secs] [Times: user=0.40 sys=0.01, real=0.07 secs] 
2011-03-01T03:11:39.125+0000: 7800.516: [GC 7800.516: [ParNew: 368640K->40960K(368640K), 0.0552340 secs] 4204544K->3893116K(12541952K), 0.0557320 secs] [Times: user=0.41 sys=0.01, real=0.05 secs] 
2011-03-01T03:11:40.973+0000: 7802.364: [GC 7802.364: [ParNew: 368640K->37884K(368640K), 0.0466270 secs] 4220796K->3900027K(12541952K), 0.0471120 secs] [Times: user=0.35 sys=0.00, real=0.04 secs] 
2011-03-01T03:11:41.339+0000: 7802.731: [GC 7802.731: [ParNew: 365564K->40960K(368640K), 0.0469660 secs] 4227707K->3913927K(12541952K), 0.0474500 secs] [Times: user=0.33 sys=0.00, real=0.05 secs] 
2011-03-01T03:11:42.002+0000: 7803.393: [GC 7803.394: [ParNew: 368640K->25522K(368640K), 0.0469100 secs] 4241607K->3907227K(12541952K), 0.0473860 secs] [Times: user=0.33 sys=0.00, real=0.04 secs] 
2011-03-01T03:11:43.187+0000: 7804.578: [GC 7804.579: [ParNew: 353202K->19942K(368640K), 0.0397820 secs] 4234907K->3912311K(12541952K), 0.0402630 secs] [Times: user=0.32 sys=0.00, real=0.04 secs] 
2011-03-01T03:11:44.408+0000: 7805.799: [GC 7805.799: [ParNew: 347622K->34372K(368640K), 0.0293470 secs] 4239991K->3926741K(12541952K), 0.0298290 secs] [Times: user=0.24 sys=0.00, real=0.03 secs] 
2011-03-01T03:11:45.782+0000: 7807.173: [GC 7807.173: [ParNew: 362052K->40960K(368640K), 0.0367030 secs] 4254421K->3941733K(12541952K), 0.0371840 secs] [Times: user=0.27 sys=0.01, real=0.04 secs] 
2011-03-01T03:11:47.098+0000: 7808.489: [GC 7808.490: [ParNew: 368640K->40960K(368640K), 0.0376670 secs] 4269413K->3954173K(12541952K), 0.0381420 secs] [Times: user=0.32 sys=0.00, real=0.04 secs] 
2011-03-01T03:11:48.387+0000: 7809.778: [GC 7809.778: [ParNew: 368640K->13896K(368640K), 0.0456560 secs] 4281853K->3946425K(12541952K), 0.0461420 secs] [Times: user=0.31 sys=0.00, real=0.05 secs] 
2011-03-01T03:11:50.741+0000: 7812.133: [GC 7812.133: [ParNew: 341576K->28641K(368640K), 0.0291920 secs] 4274105K->3961170K(12541952K), 0.0296720 secs] [Times: user=0.22 sys=0.00, real=0.03 secs] 
2011-03-01T03:11:52.982+0000: 7814.374: [GC 7814.374: [ParNew: 356321K->33293K(368640K), 0.0441370 secs] 4288850K->3971864K(12541952K), 0.0446330 secs] [Times: user=0.33 sys=0.00, real=0.04 secs] 
2011-03-01T03:11:54.586+0000: 7815.978: [GC 7815.978: [ParNew: 360973K->40960K(368640K), 0.0421760 secs] 4299544K->3989812K(12541952K), 0.0426990 secs] [Times: user=0.32 sys=0.00, real=0.04 secs] 
2011-03-01T03:11:55.616+0000: 7817.007: [GC 7817.007: [ParNew: 368640K->26144K(368640K), 0.0459280 secs] 4317492K->3988405K(12541952K), 0.0464170 secs] [Times: user=0.31 sys=0.01, real=0.04 secs] 
2011-03-01T03:11:56.624+0000: 7818.016: [GC 7818.016: [ParNew: 353807K->31924K(368640K), 0.0298700 secs] 4316068K->3994186K(12541952K), 0.0303420 secs] [Times: user=0.22 sys=0.00, real=0.03 secs] 
2011-03-01T03:11:57.447+0000: 7818.839: [GC 7818.839: [ParNew: 359575K->26783K(368640K), 0.0370570 secs] 4321837K->3997251K(12541952K), 0.0374370 secs] [Times: user=0.27 sys=0.00, real=0.04 secs] 
2011-03-01T03:11:58.074+0000: 7819.465: [GC 7819.465: [ParNew: 354400K->24608K(368640K), 0.0357710 secs] 4324868K->3998085K(12541952K), 0.0362570 secs] [Times: user=0.25 sys=0.00, real=0.03 secs] 
2011-03-01T03:11:58.722+0000: 7820.113: [GC 7820.113: [ParNew: 352276K->20488K(368640K), 0.0337290 secs] 4325753K->3998601K(12541952K), 0.0342010 secs] [Times: user=0.28 sys=0.00, real=0.04 secs] 
2011-03-01T03:11:59.438+0000: 7820.829: [GC 7820.829: [ParNew: 348168K->40960K(368640K), 0.0677670 secs] 4326281K->4049747K(12541952K), 0.0682620 secs] [Times: user=0.51 sys=0.00, real=0.07 secs] 
2011-03-01T03:12:00.144+0000: 7821.535: [GC 7821.535: [ParNew: 368640K->26858K(368640K), 0.0324020 secs] 4377427K->4040532K(12541952K), 0.0329140 secs] [Times: user=0.26 sys=0.00, real=0.03 secs] 
2011-03-01T03:12:00.511+0000: 7821.902: [GC 7821.903: [ParNew: 354538K->29771K(368640K), 0.0348910 secs] 4368212K->4048260K(12541952K), 0.0353850 secs] [Times: user=0.31 sys=0.00, real=0.04 secs] 
2011-03-01T03:12:01.352+0000: 7822.743: [GC 7822.743: [ParNew: 357451K->23367K(368640K), 0.0361060 secs] 4375940K->4049406K(12541952K), 0.0365930 secs] [Times: user=0.32 sys=0.00, real=0.04 secs] 
2011-03-01T03:12:03.307+0000: 7824.698: [GC 7824.698: [ParNew: 351002K->28540K(368640K), 0.0353190 secs] 4377041K->4059942K(12541952K), 0.0357930 secs] [Times: user=0.24 sys=0.00, real=0.04 secs] 
2011-03-01T03:12:04.267+0000: 7825.658: [GC 7825.659: [ParNew: 356220K->15774K(368640K), 0.0342920 secs] 4387622K->4052107K(12541952K), 0.0347620 secs] [Times: user=0.24 sys=0.00, real=0.03 secs] 
2011-03-01T03:12:06.713+0000: 7828.104: [GC 7828.104: [ParNew: 343454K->40960K(368640K), 0.0375370 secs] 4379787K->4083352K(12541952K), 0.0379970 secs] [Times: user=0.28 sys=0.00, real=0.03 secs] 
2011-03-01T03:12:09.213+0000: 7830.605: [GC 7830.605: [ParNew: 368640K->21581K(368640K), 0.0397670 secs] 4411032K->4075930K(12541952K), 0.0402480 secs] [Times: user=0.26 sys=0.01, real=0.04 secs] 
2011-03-01T03:12:11.041+0000: 7832.432: [GC 7832.433: [ParNew: 349261K->26539K(368640K), 0.0315270 secs] 4403610K->4080887K(12541952K), 0.0320130 secs] [Times: user=0.24 sys=0.00, real=0.04 secs] 
2011-03-01T03:12:13.287+0000: 7834.678: [GC 7834.678: [ParNew: 354155K->21424K(368640K), 0.0442590 secs] 4408503K->4081942K(12541952K), 0.0447340 secs] [Times: user=0.32 sys=0.00, real=0.04 secs] 
2011-03-01T03:12:15.204+0000: 7836.596: [GC 7836.596: [ParNew: 349173K->40960K(368640K), 0.0387650 secs] 4409691K->4101831K(12541952K), 0.0392330 secs] [Times: user=0.24 sys=0.00, real=0.04 secs] 
2011-03-01T03:12:15.247+0000: 7836.638: [GC 7836.638: [ParNew: 41091K->15250K(368640K), 0.0349260 secs] 4101962K->4087909K(12541952K), 0.0353350 secs] [Times: user=0.24 sys=0.00, real=0.03 secs] 
2011-03-01T03:12:17.406+0000: 7838.797: [GC 7838.797: [ParNew: 342930K->31093K(368640K), 0.0324420 secs] 4415589K->4103751K(12541952K), 0.0329310 secs] [Times: user=0.24 sys=0.00, real=0.03 secs] 
2011-03-01T03:12:19.289+0000: 7840.680: [GC 7840.681: [ParNew: 358773K->33329K(368640K), 0.0379940 secs] 4431431K->4111660K(12541952K), 0.0384780 secs] [Times: user=0.32 sys=0.00, real=0.04 secs] 
2011-03-01T03:12:20.875+0000: 7842.266: [GC 7842.267: [ParNew: 361009K->20860K(368640K), 0.0419970 secs] 4439340K->4107413K(12541952K), 0.0424680 secs] [Times: user=0.31 sys=0.00, real=0.04 secs] 
2011-03-01T03:12:22.181+0000: 7843.572: [GC 7843.573: [ParNew: 348540K->40960K(368640K), 0.0351810 secs] 4435093K->4135239K(12541952K), 0.0356660 secs] [Times: user=0.32 sys=0.00, real=0.04 secs] 
2011-03-01T03:12:23.600+0000: 7844.991: [GC 7844.992: [ParNew: 368640K->31052K(368640K), 0.0377880 secs] 4462919K->4141072K(12541952K), 0.0382850 secs] [Times: user=0.31 sys=0.00, real=0.04 secs] 
2011-03-01T03:12:24.871+0000: 7846.262: [GC 7846.263: [ParNew: 358732K->26244K(368640K), 0.0354900 secs] 4468752K->4142843K(12541952K), 0.0359690 secs] [Times: user=0.32 sys=0.00, real=0.04 secs] 
2011-03-01T03:12:26.123+0000: 7847.514: [GC 7847.515: [ParNew: 353924K->30021K(368640K), 0.0363530 secs] 4470523K->4155218K(12541952K), 0.0368290 secs] [Times: user=0.27 sys=0.00, real=0.03 secs] 
2011-03-01T03:12:28.191+0000: 7849.583: [GC 7849.583: [ParNew: 357701K->24415K(368640K), 0.0362240 secs] 4482898K->4156102K(12541952K), 0.0367030 secs] [Times: user=0.32 sys=0.00, real=0.04 secs] 
2011-03-01T03:12:30.347+0000: 7851.738: [GC 7851.738: [ParNew: 352095K->37673K(368640K), 0.0313600 secs] 4483782K->4169360K(12541952K), 0.0318560 secs] [Times: user=0.24 sys=0.00, real=0.03 secs] 
2011-03-01T03:12:31.687+0000: 7853.078: [GC 7853.079: [ParNew: 365353K->32182K(368640K), 0.0494860 secs] 4497040K->4170034K(12541952K), 0.0499510 secs] [Times: user=0.38 sys=0.00, real=0.05 secs] 
2011-03-01T03:12:32.993+0000: 7854.384: [GC 7854.384: [ParNew: 359862K->36490K(368640K), 0.0435870 secs] 4497714K->4189149K(12541952K), 0.0440700 secs] [Times: user=0.31 sys=0.00, real=0.04 secs] 
2011-03-01T03:12:34.254+0000: 7855.645: [GC 7855.645: [ParNew: 364170K->25916K(368640K), 0.0356870 secs] 4516829K->4186988K(12541952K), 0.0361690 secs] [Times: user=0.28 sys=0.00, real=0.03 secs] 
2011-03-01T03:12:35.306+0000: 7856.697: [GC 7856.697: [ParNew: 353596K->18070K(368640K), 0.0382170 secs] 4514668K->4185733K(12541952K), 0.0387000 secs] [Times: user=0.25 sys=0.00, real=0.04 secs] 
2011-03-01T03:12:35.873+0000: 7857.265: [GC 7857.265: [ParNew: 345750K->40960K(368640K), 0.0590610 secs] 4513413K->4223393K(12541952K), 0.0595570 secs] [Times: user=0.45 sys=0.00, real=0.06 secs] 
2011-03-01T03:12:36.262+0000: 7857.653: [GC 7857.654: [ParNew: 368640K->40960K(368640K), 0.0575430 secs] 4551073K->4240901K(12541952K), 0.0580400 secs] [Times: user=0.40 sys=0.00, real=0.05 secs] 
2011-03-01T03:12:37.981+0000: 7859.372: [GC 7859.372: [ParNew: 368640K->40960K(368640K), 0.0639850 secs] 4568581K->4263181K(12541952K), 0.0644670 secs] [Times: user=0.47 sys=0.00, real=0.07 secs] 
2011-03-01T03:12:38.293+0000: 7859.684: [GC 7859.684: [ParNew: 368640K->40960K(368640K), 0.0596680 secs] 4590861K->4274581K(12541952K), 0.0601740 secs] [Times: user=0.37 sys=0.00, real=0.06 secs] 
2011-03-01T03:12:38.863+0000: 7860.254: [GC 7860.254: [ParNew: 368640K->40960K(368640K), 0.0497770 secs] 4602261K->4287892K(12541952K), 0.0501740 secs] [Times: user=0.37 sys=0.00, real=0.05 secs] 
2011-03-01T03:12:39.271+0000: 7860.662: [GC 7860.663: [ParNew: 368640K->40960K(368640K), 0.0607490 secs] 4615572K->4318409K(12541952K), 0.0611790 secs] [Times: user=0.45 sys=0.00, real=0.07 secs] 
2011-03-01T03:12:39.834+0000: 7861.225: [GC 7861.225: [ParNew: 368640K->40960K(368640K), 0.0645040 secs] 4646089K->4335496K(12541952K), 0.0649910 secs] [Times: user=0.42 sys=0.00, real=0.06 secs] 
2011-03-01T03:12:40.174+0000: 7861.565: [GC 7861.565: [ParNew: 368640K->40960K(368640K), 0.0466820 secs] 4663176K->4350740K(12541952K), 0.0470420 secs] [Times: user=0.32 sys=0.00, real=0.04 secs] 
2011-03-01T03:12:41.234+0000: 7862.625: [GC 7862.626: [ParNew: 368640K->31775K(368640K), 0.0382200 secs] 4678420K->4352383K(12541952K), 0.0385780 secs] [Times: user=0.26 sys=0.00, real=0.04 secs] 
2011-03-01T03:12:42.218+0000: 7863.609: [GC 7863.609: [ParNew: 359455K->40932K(368640K), 0.0389280 secs] 4680063K->4368564K(12541952K), 0.0392870 secs] [Times: user=0.31 sys=0.00, real=0.04 secs] 
2011-03-01T03:12:42.534+0000: 7863.925: [GC 7863.925: [ParNew: 368612K->31773K(368640K), 0.0359080 secs] 4696244K->4368267K(12541952K), 0.0362650 secs] [Times: user=0.26 sys=0.01, real=0.03 secs] 
2011-03-01T03:12:43.708+0000: 7865.099: [GC 7865.100: [ParNew: 359453K->26896K(368640K), 0.0327700 secs] 4695947K->4372007K(12541952K), 0.0331220 secs] [Times: user=0.24 sys=0.00, real=0.03 secs] 
2011-03-01T03:12:44.390+0000: 7865.781: [GC 7865.782: [ParNew: 354576K->25668K(368640K), 0.0373520 secs] 4699687K->4377329K(12541952K), 0.0377280 secs] [Times: user=0.32 sys=0.00, real=0.04 secs] 
2011-03-01T03:12:45.757+0000: 7867.148: [GC 7867.148: [ParNew: 353348K->20893K(368640K), 0.0351150 secs] 4705009K->4381190K(12541952K), 0.0354700 secs] [Times: user=0.24 sys=0.00, real=0.04 secs] 
2011-03-01T03:12:47.182+0000: 7868.573: [GC 7868.574: [ParNew: 348573K->40960K(368640K), 0.0339430 secs] 4708870K->4409947K(12541952K), 0.0344060 secs] [Times: user=0.29 sys=0.01, real=0.03 secs] 
2011-03-01T03:12:48.493+0000: 7869.884: [GC 7869.884: [ParNew: 368640K->40960K(368640K), 0.0377170 secs] 4737627K->4415806K(12541952K), 0.0381910 secs] [Times: user=0.27 sys=0.01, real=0.03 secs] 
2011-03-01T03:12:50.793+0000: 7872.184: [GC 7872.185: [ParNew: 368640K->30377K(368640K), 0.0371270 secs] 4743486K->4417719K(12541952K), 0.0375070 secs] [Times: user=0.27 sys=0.00, real=0.03 secs] 
2011-03-01T03:12:53.316+0000: 7874.708: [GC 7874.708: [ParNew: 358057K->15941K(368640K), 0.0455340 secs] 4745399K->4409200K(12541952K), 0.0459850 secs] [Times: user=0.29 sys=0.01, real=0.05 secs] 
2011-03-01T03:12:54.667+0000: 7876.058: [GC 7876.058: [ParNew: 343621K->34415K(368640K), 0.0322720 secs] 4736880K->4427673K(12541952K), 0.0327680 secs] [Times: user=0.24 sys=0.00, real=0.03 secs] 
2011-03-01T03:12:56.902+0000: 7878.294: [GC 7878.294: [ParNew: 362095K->31752K(368640K), 0.0389220 secs] 4755353K->4431364K(12541952K), 0.0394190 secs] [Times: user=0.30 sys=0.00, real=0.03 secs] 
2011-03-01T03:12:57.352+0000: 7878.743: [GC 7878.743: [ParNew: 359432K->30827K(368640K), 0.0353400 secs] 4759044K->4437653K(12541952K), 0.0358340 secs] [Times: user=0.30 sys=0.00, real=0.04 secs] 
2011-03-01T03:12:57.737+0000: 7879.128: [GC 7879.128: [ParNew: 358507K->27846K(368640K), 0.0361930 secs] 4765333K->4444982K(12541952K), 0.0366880 secs] [Times: user=0.25 sys=0.00, real=0.04 secs] 
2011-03-01T03:12:58.179+0000: 7879.570: [GC 7879.570: [ParNew: 355526K->29669K(368640K), 0.0305170 secs] 4772662K->4446805K(12541952K), 0.0310130 secs] [Times: user=0.24 sys=0.00, real=0.03 secs] 
2011-03-01T03:12:58.845+0000: 7880.237: [GC 7880.237: [ParNew: 357349K->22359K(368640K), 0.0319220 secs] 4774485K->4444409K(12541952K), 0.0324200 secs] [Times: user=0.24 sys=0.00, real=0.03 secs] 
2011-03-01T03:12:59.575+0000: 7880.966: [GC 7880.966: [ParNew: 350035K->38637K(368640K), 0.0307930 secs] 4772085K->4460688K(12541952K), 0.0312890 secs] [Times: user=0.24 sys=0.00, real=0.03 secs] 
2011-03-01T03:13:00.211+0000: 7881.602: [GC 7881.602: [ParNew: 366279K->40960K(368640K), 0.0380530 secs] 4788330K->4469768K(12541952K), 0.0385570 secs] [Times: user=0.30 sys=0.00, real=0.04 secs] 
2011-03-01T03:13:00.705+0000: 7882.096: [GC 7882.096: [ParNew: 367492K->14342K(368640K), 0.0346640 secs] 4796301K->4455294K(12541952K), 0.0351540 secs] [Times: user=0.25 sys=0.00, real=0.03 secs] 
2011-03-01T03:13:02.234+0000: 7883.625: [GC 7883.625: [ParNew: 342022K->35619K(368640K), 0.0356420 secs] 4782974K->4476571K(12541952K), 0.0361480 secs] [Times: user=0.20 sys=0.00, real=0.03 secs] 
2011-03-01T03:13:03.067+0000: 7884.458: [GC 7884.459: [ParNew: 363299K->17741K(368640K), 0.0337690 secs] 4804251K->4468131K(12541952K), 0.0342890 secs] [Times: user=0.24 sys=0.00, real=0.03 secs] 
2011-03-01T03:13:05.011+0000: 7886.402: [GC 7886.402: [ParNew: 345421K->36117K(368640K), 0.0324650 secs] 4795811K->4486507K(12541952K), 0.0329520 secs] [Times: user=0.25 sys=0.00, real=0.04 secs] 
2011-03-01T03:13:07.175+0000: 7888.566: [GC 7888.566: [ParNew: 363739K->40960K(368640K), 0.0397260 secs] 4814129K->4500389K(12541952K), 0.0516720 secs] [Times: user=0.29 sys=0.00, real=0.05 secs] 
2011-03-01T03:13:09.461+0000: 7890.852: [GC 7890.852: [ParNew: 368640K->7559K(368640K), 0.0390100 secs] 4828069K->4480642K(12541952K), 0.0394490 secs] [Times: user=0.31 sys=0.01, real=0.04 secs] 
2011-03-01T03:13:11.393+0000: 7892.784: [GC 7892.784: [ParNew: 335239K->25659K(368640K), 0.0316330 secs] 4808322K->4498742K(12541952K), 0.0319990 secs] [Times: user=0.24 sys=0.00, real=0.03 secs] 
2011-03-01T03:13:13.940+0000: 7895.331: [GC 7895.331: [ParNew: 353339K->35037K(368640K), 0.0315620 secs] 4826422K->4511979K(12541952K), 0.0319260 secs] [Times: user=0.24 sys=0.00, real=0.03 secs] 
2011-03-01T03:13:15.924+0000: 7897.315: [GC 7897.315: [ParNew: 362717K->26585K(368640K), 0.0377290 secs] 4839659K->4511162K(12541952K), 0.0380870 secs] [Times: user=0.24 sys=0.01, real=0.03 secs] 
2011-03-01T03:13:18.139+0000: 7899.530: [GC 7899.531: [ParNew: 354265K->40618K(368640K), 0.0372000 secs] 4838842K->4530291K(12541952K), 0.0375540 secs] [Times: user=0.32 sys=0.00, real=0.04 secs] 
2011-03-01T03:13:19.353+0000: 7900.744: [GC 7900.745: [ParNew: 368298K->30208K(368640K), 0.0595100 secs] 4857971K->4533667K(12541952K), 0.0635170 secs] [Times: user=0.47 sys=0.00, real=0.06 secs] 
2011-03-01T03:13:20.873+0000: 7902.264: [GC 7902.265: [ParNew: 357888K->27255K(368640K), 0.0701450 secs] 4861347K->4554853K(12541952K), 0.0705060 secs] [Times: user=0.48 sys=0.01, real=0.07 secs] 
2011-03-01T03:13:22.211+0000: 7903.602: [GC 7903.602: [ParNew: 354935K->15926K(368640K), 0.0345510 secs] 4882533K->4553880K(12541952K), 0.0349030 secs] [Times: user=0.29 sys=0.01, real=0.04 secs] 
2011-03-01T03:13:24.480+0000: 7905.871: [GC 7905.871: [ParNew: 343606K->40960K(368640K), 0.0336430 secs] 4881560K->4579416K(12541952K), 0.0378280 secs] [Times: user=0.26 sys=0.00, real=0.04 secs] 
2011-03-01T03:13:25.301+0000: 7906.692: [GC 7906.692: [ParNew: 368640K->31050K(368640K), 0.0447680 secs] 4907096K->4584234K(12541952K), 0.0453020 secs] [Times: user=0.35 sys=0.01, real=0.05 secs] 
2011-03-01T03:13:27.315+0000: 7908.706: [GC 7908.706: [ParNew: 358730K->22508K(368640K), 0.0354670 secs] 4911914K->4584013K(12541952K), 0.0359590 secs] [Times: user=0.24 sys=0.00, real=0.03 secs] 
2011-03-01T03:13:29.407+0000: 7910.798: [GC 7910.798: [ParNew: 350188K->5950K(368640K), 0.0335030 secs] 4911693K->4575427K(12541952K), 0.0339910 secs] [Times: user=0.24 sys=0.00, real=0.03 secs] 
2011-03-01T03:13:31.203+0000: 7912.594: [GC 7912.594: [ParNew: 333630K->36853K(368640K), 0.0335920 secs] 4903107K->4606329K(12541952K), 0.0340710 secs] [Times: user=0.27 sys=0.00, real=0.03 secs] 
2011-03-01T03:13:32.584+0000: 7913.975: [GC 7913.975: [ParNew: 364533K->10703K(368640K), 0.0399400 secs] 4934009K->4594304K(12541952K), 0.0402970 secs] [Times: user=0.26 sys=0.00, real=0.04 secs] 
2011-03-01T03:13:34.087+0000: 7915.478: [GC 7915.479: [ParNew: 338378K->27992K(368640K), 0.0331040 secs] 4921979K->4611592K(12541952K), 0.0336320 secs] [Times: user=0.23 sys=0.00, real=0.03 secs] 
2011-03-01T03:13:35.382+0000: 7916.774: [GC 7916.774: [ParNew: 355672K->13655K(368640K), 0.0423100 secs] 4939272K->4611568K(12541952K), 0.0428410 secs] [Times: user=0.27 sys=0.00, real=0.04 secs] 
2011-03-01T03:13:35.951+0000: 7917.343: [GC 7917.343: [ParNew: 341335K->40960K(368640K), 0.0662500 secs] 4939248K->4655566K(12541952K), 0.0666710 secs] [Times: user=0.47 sys=0.01, real=0.07 secs] 
2011-03-01T03:13:36.300+0000: 7917.691: [GC 7917.691: [ParNew: 368640K->38441K(368640K), 0.0576670 secs] 4983246K->4672965K(12541952K), 0.0580420 secs] [Times: user=0.46 sys=0.00, real=0.06 secs] 
2011-03-01T03:13:36.527+0000: 7917.918: [GC 7917.919: [ParNew: 366121K->40960K(368640K), 0.0610090 secs] 5000645K->4759099K(12541952K), 0.0613700 secs] [Times: user=0.46 sys=0.00, real=0.06 secs] 
2011-03-01T03:13:36.813+0000: 7918.204: [GC 7918.204: [ParNew: 368640K->40960K(368640K), 0.0467770 secs] 5086779K->4773289K(12541952K), 0.0471380 secs] [Times: user=0.32 sys=0.00, real=0.04 secs] 
2011-03-01T03:13:37.147+0000: 7918.538: [GC 7918.538: [ParNew: 368640K->35309K(368640K), 0.0510480 secs] 5100969K->4776136K(12541952K), 0.0514040 secs] [Times: user=0.40 sys=0.00, real=0.05 secs] 
2011-03-01T03:13:37.458+0000: 7918.850: [GC 7918.850: [ParNew: 362989K->40960K(368640K), 0.0633590 secs] 5103816K->4794111K(12541952K), 0.0637930 secs] [Times: user=0.42 sys=0.01, real=0.07 secs] 
2011-03-01T03:13:37.731+0000: 7919.122: [GC 7919.123: [ParNew: 368640K->40960K(368640K), 0.0594640 secs] 5121791K->4806889K(12541952K), 0.0598230 secs] [Times: user=0.47 sys=0.00, real=0.06 secs] 
2011-03-01T03:13:38.108+0000: 7919.499: [GC 7919.499: [ParNew: 368640K->40960K(368640K), 0.0650370 secs] 5134569K->4886026K(12541952K), 0.0653940 secs] [Times: user=0.46 sys=0.00, real=0.07 secs] 
2011-03-01T03:13:38.500+0000: 7919.892: [GC 7919.892: [ParNew: 368640K->40960K(368640K), 0.0551810 secs] 5213706K->4907475K(12541952K), 0.0555390 secs] [Times: user=0.43 sys=0.00, real=0.06 secs] 
2011-03-01T03:13:38.873+0000: 7920.264: [GC 7920.264: [ParNew: 368640K->40480K(368640K), 0.0518710 secs] 5235155K->4914520K(12541952K), 0.0522220 secs] [Times: user=0.35 sys=0.00, real=0.05 secs] 
2011-03-01T03:13:39.161+0000: 7920.552: [GC 7920.553: [ParNew: 368160K->38323K(368640K), 0.0642420 secs] 5242200K->4921706K(12541952K), 0.0647220 secs] [Times: user=0.50 sys=0.00, real=0.07 secs] 
2011-03-01T03:13:39.532+0000: 7920.923: [GC 7920.924: [ParNew: 366003K->40960K(368640K), 0.0857280 secs] 5249386K->4948203K(12541952K), 0.0862070 secs] [Times: user=0.61 sys=0.00, real=0.08 secs] 
2011-03-01T03:13:39.891+0000: 7921.282: [GC 7921.282: [ParNew: 368640K->31978K(368640K), 0.0496620 secs] 5275883K->4947202K(12541952K), 0.0501470 secs] [Times: user=0.39 sys=0.00, real=0.05 secs] 
2011-03-01T03:13:40.348+0000: 7921.739: [GC 7921.740: [ParNew: 359658K->18329K(368640K), 0.0498520 secs] 5274882K->4944585K(12541952K), 0.0503360 secs] [Times: user=0.38 sys=0.01, real=0.05 secs] 
2011-03-01T03:13:40.960+0000: 7922.351: [GC 7922.351: [ParNew: 346009K->21206K(368640K), 0.0413560 secs] 5272265K->4947462K(12541952K), 0.0418370 secs] [Times: user=0.33 sys=0.00, real=0.04 secs] 
2011-03-01T03:13:41.366+0000: 7922.757: [GC 7922.757: [ParNew: 348886K->35746K(368640K), 0.0489310 secs] 5275142K->4962002K(12541952K), 0.0494080 secs] [Times: user=0.38 sys=0.00, real=0.05 secs] 
2011-03-01T03:13:41.844+0000: 7923.235: [GC 7923.235: [ParNew: 363426K->40888K(368640K), 0.0604440 secs] 5289682K->4975165K(12541952K), 0.0609360 secs] [Times: user=0.42 sys=0.00, real=0.06 secs] 
2011-03-01T03:13:42.313+0000: 7923.704: [GC 7923.704: [ParNew: 368568K->34341K(368640K), 0.0650450 secs] 5302845K->4980360K(12541952K), 0.0655390 secs] [Times: user=0.50 sys=0.00, real=0.06 secs] 
2011-03-01T03:13:43.165+0000: 7924.556: [GC 7924.556: [ParNew: 362021K->30237K(368640K), 0.0564090 secs] 5308040K->4986191K(12541952K), 0.0569030 secs] [Times: user=0.40 sys=0.00, real=0.05 secs] 
2011-03-01T03:13:44.619+0000: 7926.010: [GC 7926.010: [ParNew: 357917K->35092K(368640K), 0.0554510 secs] 5313871K->5001494K(12541952K), 0.0559420 secs] [Times: user=0.41 sys=0.00, real=0.06 secs] 
2011-03-01T03:13:46.061+0000: 7927.452: [GC 7927.452: [ParNew: 362772K->31538K(368640K), 0.0591430 secs] 5329174K->5020152K(12541952K), 0.0596250 secs] [Times: user=0.44 sys=0.02, real=0.06 secs] 
2011-03-01T03:13:48.072+0000: 7929.463: [GC 7929.463: [ParNew: 359218K->23420K(368640K), 0.0580560 secs] 5347832K->5026291K(12541952K), 0.0585920 secs] [Times: user=0.40 sys=0.00, real=0.06 secs] 
2011-03-01T03:13:48.885+0000: 7930.276: [GC 7930.277: [ParNew: 351100K->40960K(368640K), 0.0621590 secs] 5353971K->5065471K(12541952K), 0.0626390 secs] [Times: user=0.48 sys=0.00, real=0.06 secs] 
2011-03-01T03:13:50.071+0000: 7931.462: [GC 7931.463: [ParNew: 368640K->35203K(368640K), 0.0754170 secs] 5393151K->5150082K(12541952K), 0.0758760 secs] [Times: user=0.57 sys=0.00, real=0.08 secs] 
2011-03-01T03:13:50.887+0000: 7932.278: [GC 7932.278: [ParNew: 362883K->9719K(368640K), 0.0451130 secs] 5477762K->5146927K(12541952K), 0.0455640 secs] [Times: user=0.32 sys=0.00, real=0.05 secs] 
2011-03-01T03:13:51.614+0000: 7933.005: [GC 7933.005: [ParNew: 337399K->14643K(368640K), 0.0409890 secs] 5474607K->5151850K(12541952K), 0.0460420 secs] [Times: user=0.33 sys=0.00, real=0.04 secs] 
2011-03-01T03:13:52.444+0000: 7933.835: [GC 7933.836: [ParNew: 342323K->21319K(368640K), 0.0461110 secs] 5479530K->5158527K(12541952K), 0.0465320 secs] [Times: user=0.34 sys=0.00, real=0.04 secs] 
2011-03-01T03:13:53.189+0000: 7934.580: [GC 7934.581: [ParNew: 348999K->27596K(368640K), 0.0524770 secs] 5486207K->5164804K(12541952K), 0.0529160 secs] [Times: user=0.40 sys=0.00, real=0.06 secs] 
2011-03-01T03:13:54.088+0000: 7935.479: [GC 7935.480: [ParNew: 355276K->28419K(368640K), 0.0649360 secs] 5492484K->5171402K(12541952K), 0.0653230 secs] [Times: user=0.49 sys=0.00, real=0.07 secs] 
2011-03-01T03:13:54.626+0000: 7936.017: [GC 7936.018: [ParNew: 356099K->27324K(368640K), 0.0702790 secs] 5499082K->5184978K(12541952K), 0.0707730 secs] [Times: user=0.49 sys=0.00, real=0.07 secs] 
2011-03-01T03:13:55.385+0000: 7936.776: [GC 7936.777: [ParNew: 355004K->28722K(368640K), 0.0540830 secs] 5512658K->5194311K(12541952K), 0.0544520 secs] [Times: user=0.39 sys=0.00, real=0.05 secs] 
2011-03-01T03:13:56.062+0000: 7937.454: [GC 7937.454: [ParNew: 356402K->24351K(368640K), 0.0466150 secs] 5521991K->5197567K(12541952K), 0.0469860 secs] [Times: user=0.39 sys=0.00, real=0.05 secs] 
2011-03-01T03:13:56.649+0000: 7938.040: [GC 7938.041: [ParNew: 352031K->29534K(368640K), 0.0365000 secs] 5525247K->5202750K(12541952K), 0.0374170 secs] [Times: user=0.32 sys=0.00, real=0.04 secs] 
2011-03-01T03:13:57.443+0000: 7938.834: [GC 7938.834: [ParNew: 357156K->36949K(368640K), 0.0494230 secs] 5530372K->5219602K(12541952K), 0.0497960 secs] [Times: user=0.37 sys=0.00, real=0.06 secs] 
2011-03-01T03:13:58.121+0000: 7939.512: [GC 7939.512: [ParNew: 364629K->27141K(368640K), 0.0586550 secs] 5547282K->5234077K(12541952K), 0.0591130 secs] [Times: user=0.44 sys=0.00, real=0.06 secs] 
2011-03-01T03:13:59.223+0000: 7940.615: [GC 7940.615: [ParNew: 354821K->30517K(368640K), 0.0326800 secs] 5561757K->5237453K(12541952K), 0.0332020 secs] [Times: user=0.28 sys=0.00, real=0.04 secs] 
2011-03-01T03:13:59.747+0000: 7941.138: [GC 7941.138: [ParNew: 358197K->26343K(368640K), 0.0463910 secs] 5565133K->5242236K(12541952K), 0.0467650 secs] [Times: user=0.32 sys=0.00, real=0.05 secs] 
2011-03-01T03:14:00.439+0000: 7941.831: [GC 7941.831: [ParNew: 354023K->40960K(368640K), 0.0463590 secs] 5569916K->5259499K(12541952K), 0.0467320 secs] [Times: user=0.38 sys=0.00, real=0.05 secs] 
2011-03-01T03:14:01.126+0000: 7942.517: [GC 7942.518: [ParNew: 368640K->40960K(368640K), 0.0592250 secs] 5587179K->5275316K(12541952K), 0.0596090 secs] [Times: user=0.42 sys=0.00, real=0.06 secs] 
2011-03-01T03:14:02.283+0000: 7943.674: [GC 7943.674: [ParNew: 368640K->26939K(368640K), 0.0577290 secs] 5602996K->5290335K(12541952K), 0.0581090 secs] [Times: user=0.44 sys=0.00, real=0.06 secs] 
2011-03-01T03:14:04.067+0000: 7945.458: [GC 7945.459: [ParNew: 354619K->16628K(368640K), 0.0429280 secs] 5618015K->5291002K(12541952K), 0.0432990 secs] [Times: user=0.32 sys=0.00, real=0.04 secs] 
2011-03-01T03:14:06.286+0000: 7947.677: [GC 7947.677: [ParNew: 344308K->39224K(368640K), 0.0417480 secs] 5618682K->5313598K(12541952K), 0.0421960 secs] [Times: user=0.32 sys=0.00, real=0.04 secs] 
2011-03-01T03:14:08.195+0000: 7949.586: [GC 7949.586: [ParNew: 366904K->25934K(368640K), 0.0606450 secs] 5641278K->5323854K(12541952K), 0.0610190 secs] [Times: user=0.41 sys=0.00, real=0.06 secs] 
2011-03-01T03:14:09.974+0000: 7951.365: [GC 7951.365: [ParNew: 353614K->16665K(368640K), 0.0416050 secs] 5651534K->5330628K(12541952K), 0.0419760 secs] [Times: user=0.27 sys=0.01, real=0.04 secs] 
2011-03-01T03:14:12.034+0000: 7953.425: [GC 7953.425: [ParNew: 344345K->40960K(368640K), 0.0363320 secs] 5658308K->5355900K(12541952K), 0.0367020 secs] [Times: user=0.26 sys=0.00, real=0.03 secs] 
2011-03-01T03:14:14.236+0000: 7955.628: [GC 7955.628: [ParNew: 368640K->20367K(368640K), 0.0507880 secs] 5683580K->5359109K(12541952K), 0.0511570 secs] [Times: user=0.33 sys=0.00, real=0.05 secs] 
2011-03-01T03:14:16.469+0000: 7957.860: [GC 7957.860: [ParNew: 348047K->40960K(368640K), 0.0385000 secs] 5686789K->5381525K(12541952K), 0.0388620 secs] [Times: user=0.32 sys=0.00, real=0.04 secs] 
2011-03-01T03:14:18.483+0000: 7959.875: [GC 7959.875: [ParNew: 368640K->40960K(368640K), 0.0496700 secs] 5709205K->5392706K(12541952K), 0.0500280 secs] [Times: user=0.34 sys=0.00, real=0.05 secs] 
2011-03-01T03:14:19.940+0000: 7961.331: [GC 7961.332: [ParNew: 368640K->27689K(368640K), 0.0599530 secs] 5720386K->5408171K(12541952K), 0.0603160 secs] [Times: user=0.46 sys=0.00, real=0.06 secs] 
2011-03-01T03:14:20.822+0000: 7962.213: [GC 7962.213: [ParNew: 355369K->40960K(368640K), 0.0573150 secs] 5735851K->5502266K(12541952K), 0.0576740 secs] [Times: user=0.46 sys=0.00, real=0.06 secs] 
2011-03-01T03:14:22.165+0000: 7963.557: [GC 7963.557: [ParNew: 368639K->25419K(368640K), 0.0565000 secs] 5829946K->5513047K(12541952K), 0.0568700 secs] [Times: user=0.40 sys=0.00, real=0.06 secs] 
2011-03-01T03:14:23.185+0000: 7964.576: [GC 7964.576: [ParNew: 353099K->39972K(368640K), 0.0367440 secs] 5840727K->5527600K(12541952K), 0.0371130 secs] [Times: user=0.26 sys=0.00, real=0.03 secs] 
2011-03-01T03:14:24.610+0000: 7966.001: [GC 7966.001: [ParNew: 367652K->29430K(368640K), 0.0587130 secs] 5855280K->5544835K(12541952K), 0.0590780 secs] [Times: user=0.42 sys=0.00, real=0.06 secs] 
2011-03-01T03:14:26.640+0000: 7968.031: [GC 7968.031: [ParNew: 357110K->34739K(368640K), 0.0458740 secs] 5872515K->5565486K(12541952K), 0.0462330 secs] [Times: user=0.33 sys=0.00, real=0.05 secs] 
2011-03-01T03:14:28.937+0000: 7970.328: [GC 7970.328: [ParNew: 362419K->24299K(368640K), 0.0524560 secs] 5893166K->5572231K(12541952K), 0.0528180 secs] [Times: user=0.39 sys=0.00, real=0.05 secs] 
2011-03-01T03:14:30.727+0000: 7972.119: [GC 7972.119: [ParNew: 351979K->40960K(368640K), 0.0382250 secs] 5899911K->5591742K(12541952K), 0.0385830 secs] [Times: user=0.31 sys=0.01, real=0.04 secs] 
2011-03-01T03:14:32.133+0000: 7973.524: [GC 7973.524: [ParNew: 368640K->40960K(368640K), 0.0548080 secs] 5919422K->5606392K(12541952K), 0.0551710 secs] [Times: user=0.43 sys=0.00, real=0.05 secs] 
2011-03-01T03:14:33.698+0000: 7975.090: [GC 7975.090: [ParNew: 367151K->33437K(368640K), 0.0735130 secs] 5965352K->5662533K(12541952K), 0.0738770 secs] [Times: user=0.56 sys=0.00, real=0.08 secs] 
2011-03-01T03:14:34.934+0000: 7976.325: [GC 7976.325: [ParNew: 361117K->40624K(368640K), 0.0538360 secs] 5990213K->5693065K(12541952K), 0.0542140 secs] [Times: user=0.42 sys=0.00, real=0.05 secs] 
2011-03-01T03:14:36.430+0000: 7977.821: [GC 7977.821: [ParNew: 368304K->28181K(368640K), 0.0453890 secs] 6020745K->5697666K(12541952K), 0.0458750 secs] [Times: user=0.32 sys=0.00, real=0.05 secs] 
2011-03-01T03:14:37.469+0000: 7978.860: [GC 7978.860: [ParNew: 355861K->23579K(368640K), 0.0438210 secs] 6025346K->5707569K(12541952K), 0.0443040 secs] [Times: user=0.33 sys=0.00, real=0.05 secs] 
2011-03-01T03:14:38.002+0000: 7979.394: [GC 7979.394: [ParNew: 351259K->40960K(368640K), 0.0598450 secs] 6035249K->5745770K(12541952K), 0.0603460 secs] [Times: user=0.47 sys=0.00, real=0.06 secs] 
2011-03-01T03:14:38.743+0000: 7980.134: [GC 7980.134: [ParNew: 368640K->40960K(368640K), 0.1051010 secs] 6073450K->5789117K(12541952K), 0.1055690 secs] [Times: user=0.74 sys=0.01, real=0.10 secs] 
2011-03-01T03:14:39.640+0000: 7981.032: [GC 7981.032: [ParNew: 368640K->40960K(368640K), 0.0802270 secs] 6116797K->5819993K(12541952K), 0.0807160 secs] [Times: user=0.59 sys=0.01, real=0.08 secs] 
2011-03-01T03:14:39.937+0000: 7981.328: [GC 7981.328: [ParNew: 368576K->40960K(368640K), 0.0774910 secs] 6147609K->5843860K(12541952K), 0.0778570 secs] [Times: user=0.55 sys=0.00, real=0.08 secs] 
2011-03-01T03:14:40.431+0000: 7981.823: [GC 7981.823: [ParNew: 368640K->40960K(368640K), 0.0649700 secs] 6171540K->5865878K(12541952K), 0.0653350 secs] [Times: user=0.46 sys=0.00, real=0.07 secs] 
2011-03-01T03:14:40.785+0000: 7982.176: [GC 7982.176: [ParNew: 368640K->40960K(368640K), 0.1180880 secs] 6193558K->5899116K(12541952K), 0.1184800 secs] [Times: user=0.79 sys=0.04, real=0.12 secs] 
2011-03-01T03:14:41.151+0000: 7982.542: [GC 7982.542: [ParNew: 368640K->40960K(368640K), 0.1395600 secs] 6226796K->5947503K(12541952K), 0.1400780 secs] [Times: user=0.99 sys=0.00, real=0.14 secs] 
2011-03-01T03:14:41.584+0000: 7982.975: [GC 7982.975: [ParNew: 368640K->40960K(368640K), 0.0655300 secs] 6275183K->5967212K(12541952K), 0.0658940 secs] [Times: user=0.48 sys=0.00, real=0.06 secs] 
2011-03-01T03:14:42.642+0000: 7984.033: [GC 7984.034: [ParNew: 368640K->40960K(368640K), 0.0810290 secs] 6294892K->5988055K(12541952K), 0.0813910 secs] [Times: user=0.51 sys=0.01, real=0.08 secs] 
2011-03-01T03:14:43.118+0000: 7984.509: [GC 7984.509: [ParNew: 368640K->35554K(368640K), 0.0464510 secs] 6315735K->5993853K(12541952K), 0.0468100 secs] [Times: user=0.32 sys=0.01, real=0.05 secs] 
2011-03-01T03:14:43.633+0000: 7985.024: [GC 7985.024: [ParNew: 363234K->35784K(368640K), 0.0384610 secs] 6321533K->6006140K(12541952K), 0.0388260 secs] [Times: user=0.27 sys=0.00, real=0.03 secs] 
2011-03-01T03:14:45.066+0000: 7986.457: [GC 7986.458: [ParNew: 363464K->13471K(368640K), 0.0362750 secs] 6333820K->5998025K(12541952K), 0.0366380 secs] [Times: user=0.24 sys=0.00, real=0.04 secs] 
2011-03-01T03:14:46.164+0000: 7987.556: [GC 7987.556: [ParNew: 341206K->40960K(368640K), 0.0460680 secs] 6325760K->6033630K(12541952K), 0.0465520 secs] [Times: user=0.31 sys=0.01, real=0.04 secs] 
2011-03-01T03:14:46.214+0000: 7987.606: [GC 7987.606: [ParNew: 42374K->19627K(368640K), 0.0441680 secs] 6035045K->6041064K(12541952K), 0.0445890 secs] [Times: user=0.24 sys=0.02, real=0.04 secs] 
2011-03-01T03:14:47.197+0000: 7988.588: [GC 7988.589: [ParNew: 347307K->27293K(368640K), 0.0268180 secs] 6368744K->6048730K(12541952K), 0.0273090 secs] [Times: user=0.22 sys=0.01, real=0.03 secs] 
2011-03-01T03:14:48.569+0000: 7989.960: [GC 7989.960: [ParNew: 354973K->21811K(368640K), 0.0458920 secs] 6376410K->6053876K(12541952K), 0.0463730 secs] [Times: user=0.34 sys=0.00, real=0.05 secs] 
2011-03-01T03:14:50.899+0000: 7992.290: [GC 7992.291: [ParNew: 349491K->40960K(368640K), 0.0406000 secs] 6381556K->6073226K(12541952K), 0.0410810 secs] [Times: user=0.32 sys=0.00, real=0.04 secs] 
2011-03-01T03:14:53.339+0000: 7994.731: [GC 7994.731: [ParNew: 368640K->38547K(368640K), 0.0515560 secs] 6400906K->6082326K(12541952K), 0.0520500 secs] [Times: user=0.40 sys=0.00, real=0.05 secs] 
2011-03-01T03:14:54.674+0000: 7996.065: [GC 7996.065: [ParNew: 366227K->35923K(368640K), 0.0351180 secs] 6410006K->6087986K(12541952K), 0.0356210 secs] [Times: user=0.25 sys=0.00, real=0.03 secs] 
2011-03-01T03:14:56.178+0000: 7997.569: [GC 7997.569: [ParNew: 363603K->39927K(368640K), 0.0406740 secs] 6415666K->6100774K(12541952K), 0.0411730 secs] [Times: user=0.32 sys=0.00, real=0.04 secs] 
2011-03-01T03:14:56.777+0000: 7998.168: [GC 7998.168: [ParNew: 367607K->40960K(368640K), 0.0392540 secs] 6428454K->6107513K(12541952K), 0.0397470 secs] [Times: user=0.31 sys=0.00, real=0.04 secs] 
2011-03-01T03:14:57.489+0000: 7998.880: [GC 7998.880: [ParNew: 368602K->26403K(368640K), 0.0386470 secs] 6435156K->6098031K(12541952K), 0.0391470 secs] [Times: user=0.31 sys=0.00, real=0.04 secs] 
2011-03-01T03:14:57.997+0000: 7999.388: [GC 7999.388: [ParNew: 354066K->28150K(368640K), 0.0375940 secs] 6425694K->6106221K(12541952K), 0.0380800 secs] [Times: user=0.25 sys=0.01, real=0.04 secs] 
2011-03-01T03:14:58.653+0000: 8000.044: [GC 8000.044: [ParNew: 355830K->29510K(368640K), 0.0386750 secs] 6433901K->6112539K(12541952K), 0.0391490 secs] [Times: user=0.27 sys=0.00, real=0.04 secs] 
2011-03-01T03:14:59.306+0000: 8000.697: [GC 8000.697: [ParNew: 357190K->24979K(368640K), 0.0369470 secs] 6440219K->6112501K(12541952K), 0.0374620 secs] [Times: user=0.24 sys=0.01, real=0.04 secs] 
2011-03-01T03:14:59.979+0000: 8001.371: [GC 8001.371: [ParNew: 352659K->14699K(368640K), 0.0349560 secs] 6440181K->6106974K(12541952K), 0.0354760 secs] [Times: user=0.29 sys=0.00, real=0.04 secs] 
2011-03-01T03:15:00.639+0000: 8002.031: [GC 8002.031: [ParNew: 342352K->38623K(368640K), 0.0364630 secs] 6434627K->6130898K(12541952K), 0.0369350 secs] [Times: user=0.32 sys=0.00, real=0.04 secs] 
2011-03-01T03:15:01.084+0000: 8002.475: [GC 8002.475: [ParNew: 366303K->19963K(368640K), 0.0475070 secs] 6458578K->6127507K(12541952K), 0.0480030 secs] [Times: user=0.34 sys=0.01, real=0.04 secs] 
2011-03-01T03:15:02.244+0000: 8003.635: [GC 8003.636: [ParNew: 347643K->19642K(368640K), 0.0316390 secs] 6455187K->6127186K(12541952K), 0.0321230 secs] [Times: user=0.26 sys=0.00, real=0.03 secs] 
2011-03-01T03:15:04.300+0000: 8005.691: [GC 8005.692: [ParNew: 347322K->40960K(368640K), 0.0462960 secs] 6454866K->6166735K(12541952K), 0.0467610 secs] [Times: user=0.40 sys=0.00, real=0.05 secs] 
2011-03-01T03:15:06.299+0000: 8007.690: [GC 8007.690: [ParNew: 368624K->40960K(368640K), 0.0497380 secs] 6494400K->6177066K(12541952K), 0.0502210 secs] [Times: user=0.40 sys=0.01, real=0.05 secs] 
2011-03-01T03:15:08.306+0000: 8009.697: [GC 8009.697: [ParNew: 368640K->40960K(368640K), 0.0473430 secs] 6504746K->6187802K(12541952K), 0.0477070 secs] [Times: user=0.33 sys=0.00, real=0.05 secs] 
2011-03-01T03:15:10.094+0000: 8011.486: [GC 8011.486: [ParNew: 368640K->12798K(368640K), 0.0438560 secs] 6515482K->6176521K(12541952K), 0.0442420 secs] [Times: user=0.32 sys=0.00, real=0.04 secs] 
2011-03-01T03:15:11.580+0000: 8012.971: [GC 8012.972: [ParNew: 340437K->31392K(368640K), 0.0338880 secs] 6504160K->6195115K(12541952K), 0.0342540 secs] [Times: user=0.27 sys=0.00, real=0.04 secs] 
2011-03-01T03:15:13.754+0000: 8015.146: [GC 8015.146: [ParNew: 359072K->23321K(368640K), 0.0415510 secs] 6522795K->6199175K(12541952K), 0.0419100 secs] [Times: user=0.28 sys=0.00, real=0.04 secs] 
2011-03-01T03:15:16.147+0000: 8017.538: [GC 8017.538: [ParNew: 351001K->25534K(368640K), 0.0367620 secs] 6526855K->6201388K(12541952K), 0.0371150 secs] [Times: user=0.26 sys=0.00, real=0.04 secs] 
2011-03-01T03:15:18.155+0000: 8019.546: [GC 8019.547: [ParNew: 353214K->39765K(368640K), 0.0422850 secs] 6529068K->6222104K(12541952K), 0.0426760 secs] [Times: user=0.32 sys=0.00, real=0.04 secs] 
2011-03-01T03:15:19.681+0000: 8021.072: [GC 8021.072: [ParNew: 367445K->23971K(368640K), 0.0469890 secs] 6549784K->6221634K(12541952K), 0.0473430 secs] [Times: user=0.40 sys=0.00, real=0.05 secs] 
2011-03-01T03:15:21.001+0000: 8022.392: [GC 8022.392: [ParNew: 351651K->40960K(368640K), 0.0370850 secs] 6549314K->6238623K(12541952K), 0.0374370 secs] [Times: user=0.31 sys=0.00, real=0.04 secs] 
2011-03-01T03:15:22.150+0000: 8023.541: [GC 8023.541: [ParNew: 368640K->20735K(368640K), 0.0483820 secs] 6566303K->6236493K(12541952K), 0.0487420 secs] [Times: user=0.40 sys=0.00, real=0.05 secs] 
2011-03-01T03:15:23.864+0000: 8025.255: [GC 8025.255: [ParNew: 348415K->40960K(368640K), 0.0367380 secs] 6564173K->6258765K(12541952K), 0.0371060 secs] [Times: user=0.25 sys=0.00, real=0.03 secs] 
2011-03-01T03:15:25.257+0000: 8026.648: [GC 8026.648: [ParNew: 368640K->40960K(368640K), 0.0457950 secs] 6586445K->6265761K(12541952K), 0.0461510 secs] [Times: user=0.32 sys=0.00, real=0.05 secs] 
2011-03-01T03:15:27.579+0000: 8028.970: [GC 8028.970: [ParNew: 368640K->40960K(368640K), 0.0457840 secs] 6593441K->6272838K(12541952K), 0.0462760 secs] [Times: user=0.34 sys=0.00, real=0.05 secs] 
2011-03-01T03:15:30.013+0000: 8031.404: [GC 8031.404: [ParNew: 368640K->24808K(368640K), 0.0450510 secs] 6600518K->6265481K(12541952K), 0.0455560 secs] [Times: user=0.34 sys=0.01, real=0.04 secs] 
2011-03-01T03:15:31.368+0000: 8032.759: [GC 8032.760: [ParNew: 352488K->40960K(368640K), 0.0453260 secs] 6593161K->6286093K(12541952K), 0.0458130 secs] [Times: user=0.33 sys=0.01, real=0.05 secs] 
2011-03-01T03:15:32.747+0000: 8034.138: [GC 8034.139: [ParNew: 368640K->23878K(368640K), 0.0499640 secs] 6613773K->6280361K(12541952K), 0.0504460 secs] [Times: user=0.40 sys=0.00, real=0.05 secs] 
2011-03-01T03:15:34.133+0000: 8035.524: [GC 8035.524: [ParNew: 351558K->30501K(368640K), 0.0426790 secs] 6608041K->6293044K(12541952K), 0.0431880 secs] [Times: user=0.29 sys=0.00, real=0.04 secs] 
2011-03-01T03:15:35.113+0000: 8036.505: [GC 8036.505: [ParNew: 358181K->40960K(368640K), 0.0415820 secs] 6620724K->6310559K(12541952K), 0.0419490 secs] [Times: user=0.31 sys=0.00, real=0.04 secs] 
2011-03-01T03:15:35.632+0000: 8037.023: [GC 8037.023: [ParNew: 368640K->29583K(368640K), 0.0603330 secs] 6638239K->6317825K(12541952K), 0.0607720 secs] [Times: user=0.42 sys=0.00, real=0.07 secs] 
2011-03-01T03:15:36.036+0000: 8037.428: [GC 8037.428: [ParNew: 357263K->40960K(368640K), 0.0680520 secs] 6645505K->6347007K(12541952K), 0.0684480 secs] [Times: user=0.47 sys=0.00, real=0.07 secs] 
2011-03-01T03:15:36.438+0000: 8037.829: [GC 8037.829: [ParNew: 368640K->40620K(368640K), 0.0662090 secs] 6674687K->6371837K(12541952K), 0.0665690 secs] [Times: user=0.49 sys=0.00, real=0.07 secs] 
2011-03-01T03:15:36.840+0000: 8038.231: [GC 8038.232: [ParNew: 368300K->40960K(368640K), 0.0517130 secs] 6699517K->6382312K(12541952K), 0.0521870 secs] [Times: user=0.38 sys=0.00, real=0.06 secs] 
2011-03-01T03:15:37.228+0000: 8038.619: [GC 8038.620: [ParNew: 368640K->40960K(368640K), 0.0554300 secs] 6709992K->6394188K(12541952K), 0.0557940 secs] [Times: user=0.38 sys=0.01, real=0.06 secs] 
2011-03-01T03:15:37.648+0000: 8039.039: [GC 8039.039: [ParNew: 368640K->39215K(368640K), 0.0560220 secs] 6721868K->6405574K(12541952K), 0.0564770 secs] [Times: user=0.41 sys=0.00, real=0.06 secs] 
2011-03-01T03:15:37.944+0000: 8039.336: [GC 8039.336: [ParNew: 366895K->39216K(368640K), 0.0622080 secs] 6733254K->6418161K(12541952K), 0.0625740 secs] [Times: user=0.39 sys=0.01, real=0.06 secs] 
2011-03-01T03:15:38.520+0000: 8039.912: [GC 8039.912: [ParNew: 366896K->40960K(368640K), 0.0462670 secs] 6745841K->6429949K(12541952K), 0.0467020 secs] [Times: user=0.38 sys=0.00, real=0.05 secs] 
2011-03-01T03:15:39.114+0000: 8040.505: [GC 8040.506: [ParNew: 367481K->27750K(368640K), 0.0433330 secs] 6756470K->6427542K(12541952K), 0.0438360 secs] [Times: user=0.34 sys=0.00, real=0.04 secs] 
2011-03-01T03:15:41.351+0000: 8042.743: [GC 8042.743: [ParNew: 355430K->40960K(368640K), 0.0458820 secs] 6755222K->6454917K(12541952K), 0.0463660 secs] [Times: user=0.36 sys=0.02, real=0.05 secs] 
2011-03-01T03:15:42.094+0000: 8043.485: [GC 8043.485: [ParNew: 368640K->31843K(368640K), 0.0456300 secs] 6782597K->6471581K(12541952K), 0.0461150 secs] [Times: user=0.34 sys=0.00, real=0.04 secs] 
2011-03-01T03:15:42.808+0000: 8044.199: [GC 8044.199: [ParNew: 359552K->40960K(368640K), 0.0539930 secs] 6799290K->6492206K(12541952K), 0.0544860 secs] [Times: user=0.40 sys=0.00, real=0.06 secs] 
2011-03-01T03:15:44.501+0000: 8045.893: [GC 8045.893: [ParNew: 368640K->37284K(368640K), 0.0413860 secs] 6819886K->6499233K(12541952K), 0.0418700 secs] [Times: user=0.31 sys=0.00, real=0.05 secs] 
2011-03-01T03:15:45.621+0000: 8047.013: [GC 8047.013: [ParNew: 364964K->20778K(368640K), 0.0397640 secs] 6826913K->6491510K(12541952K), 0.0402450 secs] [Times: user=0.30 sys=0.00, real=0.04 secs] 
2011-03-01T03:15:47.197+0000: 8048.588: [GC 8048.589: [ParNew: 348458K->29422K(368640K), 0.0345900 secs] 6819190K->6500154K(12541952K), 0.0350680 secs] [Times: user=0.24 sys=0.00, real=0.04 secs] 
2011-03-01T03:15:48.440+0000: 8049.831: [GC 8049.832: [ParNew: 357102K->40707K(368640K), 0.0432840 secs] 6827834K->6518100K(12541952K), 0.0437940 secs] [Times: user=0.32 sys=0.00, real=0.05 secs] 
2011-03-01T03:15:50.303+0000: 8051.694: [GC 8051.695: [ParNew: 368387K->33690K(368640K), 0.0461170 secs] 6845780K->6526383K(12541952K), 0.0466020 secs] [Times: user=0.35 sys=0.00, real=0.04 secs] 
2011-03-01T03:15:52.608+0000: 8053.999: [GC 8053.999: [ParNew: 361370K->17956K(368640K), 0.0375550 secs] 6854063K->6519267K(12541952K), 0.0380420 secs] [Times: user=0.31 sys=0.00, real=0.04 secs] 
2011-03-01T03:15:54.522+0000: 8055.913: [GC 8055.913: [ParNew: 345636K->39521K(368640K), 0.0329310 secs] 6846947K->6540831K(12541952K), 0.0334410 secs] [Times: user=0.28 sys=0.01, real=0.04 secs] 
2011-03-01T03:15:55.631+0000: 8057.023: [GC 8057.023: [ParNew: 367146K->16973K(368640K), 0.0425920 secs] 6868457K->6532429K(12541952K), 0.0430990 secs] [Times: user=0.31 sys=0.00, real=0.05 secs] 
2011-03-01T03:15:57.055+0000: 8058.446: [GC 8058.447: [ParNew: 344653K->39160K(368640K), 0.0331550 secs] 6860109K->6554616K(12541952K), 0.0336650 secs] [Times: user=0.24 sys=0.00, real=0.03 secs] 
2011-03-01T03:15:58.124+0000: 8059.515: [GC 8059.515: [ParNew: 366840K->35847K(368640K), 0.0402870 secs] 6882296K->6557128K(12541952K), 0.0407720 secs] [Times: user=0.27 sys=0.00, real=0.04 secs] 
2011-03-01T03:15:59.097+0000: 8060.488: [GC 8060.488: [ParNew: 363527K->32770K(368640K), 0.0424590 secs] 6884808K->6560397K(12541952K), 0.0429540 secs] [Times: user=0.32 sys=0.00, real=0.04 secs] 
2011-03-01T03:15:59.918+0000: 8061.309: [GC 8061.309: [ParNew: 360402K->35541K(368640K), 0.0406760 secs] 6888030K->6571482K(12541952K), 0.0411710 secs] [Times: user=0.32 sys=0.01, real=0.04 secs] 
2011-03-01T03:16:00.353+0000: 8061.744: [GC 8061.745: [ParNew: 363221K->29456K(368640K), 0.0398310 secs] 6899162K->6570830K(12541952K), 0.0403470 secs] [Times: user=0.26 sys=0.00, real=0.04 secs] 
2011-03-01T03:16:01.147+0000: 8062.538: [GC 8062.538: [ParNew: 357136K->17898K(368640K), 0.0432300 secs] 6898510K->6569044K(12541952K), 0.0437300 secs] [Times: user=0.31 sys=0.00, real=0.04 secs] 
2011-03-01T03:16:02.201+0000: 8063.592: [GC 8063.592: [ParNew: 345578K->37755K(368640K), 0.0332960 secs] 6896724K->6588900K(12541952K), 0.0337910 secs] [Times: user=0.30 sys=0.00, real=0.04 secs] 
2011-03-01T03:16:03.396+0000: 8064.787: [GC 8064.788: [ParNew: 365435K->40960K(368640K), 0.0393760 secs] 6916580K->6599997K(12541952K), 0.0398730 secs] [Times: user=0.30 sys=0.00, real=0.04 secs] 
2011-03-01T03:16:04.671+0000: 8066.062: [GC 8066.063: [ParNew: 368640K->8834K(368640K), 0.0352270 secs] 6927677K->6577536K(12541952K), 0.0357290 secs] [Times: user=0.30 sys=0.00, real=0.04 secs] 
2011-03-01T03:16:05.896+0000: 8067.287: [GC 8067.288: [ParNew: 336514K->19594K(368640K), 0.0339140 secs] 6905216K->6588296K(12541952K), 0.0344070 secs] [Times: user=0.24 sys=0.00, real=0.03 secs] 
2011-03-01T03:16:06.773+0000: 8068.164: [GC 8068.164: [ParNew: 347245K->27715K(368640K), 0.0336600 secs] 6915947K->6596417K(12541952K), 0.0341520 secs] [Times: user=0.27 sys=0.00, real=0.04 secs] 
2011-03-01T03:16:08.397+0000: 8069.789: [GC 8069.789: [ParNew: 355395K->34819K(368640K), 0.0407710 secs] 6924097K->6608348K(12541952K), 0.0412690 secs] [Times: user=0.32 sys=0.00, real=0.04 secs] 
2011-03-01T03:16:10.910+0000: 8072.301: [GC 8072.301: [ParNew: 362499K->40960K(368640K), 0.0397120 secs] 6936028K->6619656K(12541952K), 0.0402250 secs] [Times: user=0.32 sys=0.00, real=0.04 secs] 
2011-03-01T03:16:13.261+0000: 8074.652: [GC 8074.652: [ParNew: 368595K->32723K(368640K), 0.0374260 secs] 6947292K->6620707K(12541952K), 0.0378910 secs] [Times: user=0.31 sys=0.00, real=0.04 secs] 
2011-03-01T03:16:15.342+0000: 8076.733: [GC 8076.734: [ParNew: 360486K->28094K(368640K), 0.0340690 secs] 6948470K->6622389K(12541952K), 0.0345610 secs] [Times: user=0.27 sys=0.00, real=0.04 secs] 
2011-03-01T03:16:15.380+0000: 8076.771: [GC 8076.771: [ParNew: 28468K->23318K(368640K), 0.0343630 secs] 6622763K->6623831K(12541952K), 0.0347730 secs] [Times: user=0.27 sys=0.00, real=0.04 secs] 
2011-03-01T03:16:16.906+0000: 8078.298: [GC 8078.298: [ParNew: 350973K->25792K(368640K), 0.0323790 secs] 6951487K->6626305K(12541952K), 0.0328690 secs] [Times: user=0.24 sys=0.00, real=0.03 secs] 
2011-03-01T03:16:18.534+0000: 8079.925: [GC 8079.926: [ParNew: 353472K->32355K(368640K), 0.0388650 secs] 6953985K->6638829K(12541952K), 0.0394020 secs] [Times: user=0.27 sys=0.00, real=0.04 secs] 
2011-03-01T03:16:21.116+0000: 8082.508: [GC 8082.508: [ParNew: 360035K->40960K(368640K), 0.0405120 secs] 6966509K->6652802K(12541952K), 0.0409860 secs] [Times: user=0.32 sys=0.00, real=0.04 secs] 
2011-03-01T03:16:21.682+0000: 8083.073: [GC 8083.073: [ParNew: 368640K->40960K(368640K), 0.0437670 secs] 6980549K->6660875K(12541952K), 0.0442460 secs] [Times: user=0.35 sys=0.00, real=0.05 secs] 
2011-03-01T03:16:22.645+0000: 8084.036: [GC 8084.037: [ParNew: 368640K->34702K(368640K), 0.0394400 secs] 6988555K->6669582K(12541952K), 0.0398590 secs] [Times: user=0.24 sys=0.00, real=0.04 secs] 
2011-03-01T03:16:23.938+0000: 8085.329: [GC 8085.329: [ParNew: 362382K->11273K(368640K), 0.0376790 secs] 6997262K->6654722K(12541952K), 0.0380350 secs] [Times: user=0.28 sys=0.01, real=0.04 secs] 
2011-03-01T03:16:25.354+0000: 8086.745: [GC 8086.746: [ParNew: 338987K->40960K(368640K), 0.0652460 secs] 6982436K->6707750K(12541952K), 0.0655940 secs] [Times: user=0.49 sys=0.01, real=0.06 secs] 
2011-03-01T03:16:25.422+0000: 8086.814: [GC 8086.814: [ParNew: 41456K->20156K(368640K), 0.0319800 secs] 6708246K->6694135K(12541952K), 0.0322800 secs] [Times: user=0.26 sys=0.00, real=0.03 secs] 
2011-03-01T03:16:27.507+0000: 8088.898: [GC 8088.899: [ParNew: 347836K->38865K(368640K), 0.0336330 secs] 7021815K->6712845K(12541952K), 0.0341120 secs] [Times: user=0.24 sys=0.00, real=0.03 secs] 
2011-03-01T03:16:29.912+0000: 8091.303: [GC 8091.303: [ParNew: 366545K->32731K(368640K), 0.0400570 secs] 7040525K->6713342K(12541952K), 0.0405470 secs] [Times: user=0.28 sys=0.00, real=0.05 secs] 
2011-03-01T03:16:31.401+0000: 8092.792: [GC 8092.792: [ParNew: 360411K->36786K(368640K), 0.0436000 secs] 7041022K->6723575K(12541952K), 0.0440820 secs] [Times: user=0.35 sys=0.00, real=0.05 secs] 
2011-03-01T03:16:32.889+0000: 8094.281: [GC 8094.281: [ParNew: 364466K->35606K(368640K), 0.0448480 secs] 7051255K->6736981K(12541952K), 0.0453320 secs] [Times: user=0.33 sys=0.00, real=0.05 secs] 
2011-03-01T03:16:33.635+0000: 8095.027: [GC 8095.027: [ParNew: 363286K->18900K(368640K), 0.0500160 secs] 7064661K->6796659K(12541952K), 0.0505050 secs] [Times: user=0.36 sys=0.00, real=0.05 secs] 
2011-03-01T03:16:34.185+0000: 8095.576: [GC 8095.576: [ParNew: 346580K->38046K(368640K), 0.0396300 secs] 7124339K->6815805K(12541952K), 0.0401120 secs] [Times: user=0.30 sys=0.00, real=0.04 secs] 
2011-03-01T03:16:34.880+0000: 8096.271: [GC 8096.271: [ParNew: 365726K->32213K(368640K), 0.0492710 secs] 7143485K->6824194K(12541952K), 0.0497560 secs] [Times: user=0.40 sys=0.00, real=0.05 secs] 
2011-03-01T03:16:35.579+0000: 8096.970: [GC 8096.970: [ParNew: 359893K->33926K(368640K), 0.0556980 secs] 7151874K->6833665K(12541952K), 0.0562300 secs] [Times: user=0.40 sys=0.00, real=0.06 secs] 
2011-03-01T03:16:36.225+0000: 8097.616: [GC 8097.617: [ParNew: 361606K->40960K(368640K), 0.0605270 secs] 7161345K->6853579K(12541952K), 0.0610040 secs] [Times: user=0.40 sys=0.00, real=0.06 secs] 
2011-03-01T03:16:36.934+0000: 8098.325: [GC 8098.325: [ParNew: 368640K->36721K(368640K), 0.0462230 secs] 7181259K->6857153K(12541952K), 0.0467130 secs] [Times: user=0.33 sys=0.00, real=0.04 secs] 
2011-03-01T03:16:37.200+0000: 8098.591: [GC 8098.591: [ParNew: 364509K->40960K(368640K), 0.0519340 secs] 7184941K->6871575K(12541952K), 0.0524050 secs] [Times: user=0.40 sys=0.00, real=0.06 secs] 
2011-03-01T03:16:37.255+0000: 8098.646: [GC 8098.647: [ParNew: 41084K->29703K(368640K), 0.0595650 secs] 6871700K->6896871K(12541952K), 0.0599740 secs] [Times: user=0.38 sys=0.02, real=0.06 secs] 
2011-03-01T03:16:37.482+0000: 8098.873: [GC 8098.874: [ParNew: 357383K->40960K(368640K), 0.0573180 secs] 7224551K->6922643K(12541952K), 0.0577520 secs] [Times: user=0.45 sys=0.00, real=0.05 secs] 
2011-03-01T03:16:38.384+0000: 8099.775: [GC 8099.775: [ParNew: 368640K->35970K(368640K), 0.0682140 secs] 7250323K->7005668K(12541952K), 0.0760620 secs] [Times: user=0.54 sys=0.00, real=0.07 secs] 
2011-03-01T03:16:38.641+0000: 8100.032: [GC 8100.033: [ParNew: 363650K->40960K(368640K), 0.0574000 secs] 7333348K->7023881K(12541952K), 0.0578310 secs] [Times: user=0.49 sys=0.00, real=0.06 secs] 
2011-03-01T03:16:38.941+0000: 8100.332: [GC 8100.332: [ParNew: 368640K->40960K(368640K), 0.0644490 secs] 7351561K->7045007K(12541952K), 0.0648110 secs] [Times: user=0.48 sys=0.01, real=0.07 secs] 
2011-03-01T03:16:39.265+0000: 8100.656: [GC 8100.656: [ParNew: 368640K->40960K(368640K), 0.0564440 secs] 7372721K->7062157K(12541952K), 0.0569120 secs] [Times: user=0.38 sys=0.02, real=0.05 secs] 
2011-03-01T03:16:39.328+0000: 8100.719: [GC 8100.719: [ParNew: 56271K->34283K(368640K), 0.0553940 secs] 7077469K->7088500K(12541952K), 0.0558460 secs] [Times: user=0.38 sys=0.00, real=0.06 secs] 
2011-03-01T03:16:39.599+0000: 8100.990: [GC 8100.990: [ParNew: 361963K->40960K(368640K), 0.0577060 secs] 7416180K->7106482K(12541952K), 0.0582080 secs] [Times: user=0.41 sys=0.01, real=0.06 secs] 
2011-03-01T03:16:39.979+0000: 8101.370: [GC 8101.370: [ParNew: 368640K->40960K(368640K), 0.0618160 secs] 7434162K->7124826K(12541952K), 0.0622990 secs] [Times: user=0.45 sys=0.00, real=0.06 secs] 
2011-03-01T03:16:40.324+0000: 8101.715: [GC 8101.716: [ParNew: 368640K->40960K(368640K), 0.0512420 secs] 7452506K->7135024K(12541952K), 0.0517360 secs] [Times: user=0.35 sys=0.00, real=0.05 secs] 
2011-03-01T03:16:41.285+0000: 8102.677: [GC 8102.677: [ParNew: 368640K->38195K(368640K), 0.0720440 secs] 7462704K->7159336K(12541952K), 0.0724610 secs] [Times: user=0.44 sys=0.00, real=0.07 secs] 
2011-03-01T03:16:41.587+0000: 8102.978: [GC 8102.978: [ParNew: 365875K->36023K(368640K), 0.0530800 secs] 7487016K->7157163K(12541952K), 0.0535660 secs] [Times: user=0.39 sys=0.01, real=0.05 secs] 
2011-03-01T03:16:41.808+0000: 8103.200: [GC 8103.200: [ParNew: 298954K->40390K(368640K), 0.0568880 secs] 7420095K->7185791K(12541952K), 0.0573710 secs] [Times: user=0.40 sys=0.00, real=0.06 secs] 
2011-03-01T03:16:42.111+0000: 8103.502: [GC 8103.502: [ParNew: 368070K->35634K(368640K), 0.0555470 secs] 7513471K->7264094K(12541952K), 0.0560150 secs] [Times: user=0.44 sys=0.00, real=0.06 secs] 
2011-03-01T03:16:42.427+0000: 8103.818: [GC 8103.818: [ParNew: 363314K->24138K(368640K), 0.0488130 secs] 7591774K->7260956K(12541952K), 0.0492930 secs] [Times: user=0.36 sys=0.00, real=0.05 secs] 
2011-03-01T03:16:42.820+0000: 8104.211: [GC 8104.212: [ParNew: 351818K->34856K(368640K), 0.0508480 secs] 7588636K->7271674K(12541952K), 0.0513340 secs] [Times: user=0.40 sys=0.00, real=0.05 secs] 
2011-03-01T03:16:43.268+0000: 8104.659: [GC 8104.660: [ParNew: 362536K->31245K(368640K), 0.0724440 secs] 7599354K->7289274K(12541952K), 0.0729310 secs] [Times: user=0.55 sys=0.00, real=0.07 secs] 
2011-03-01T03:16:43.998+0000: 8105.389: [GC 8105.390: [ParNew: 358925K->13755K(368640K), 0.0553020 secs] 7616954K->7287724K(12541952K), 0.0557650 secs] [Times: user=0.41 sys=0.00, real=0.06 secs] 
2011-03-01T03:16:44.508+0000: 8105.899: [GC 8105.900: [ParNew: 341435K->20067K(368640K), 0.0491360 secs] 7615404K->7294036K(12541952K), 0.0496160 secs] [Times: user=0.37 sys=0.02, real=0.05 secs] 
2011-03-01T03:16:44.873+0000: 8106.264: [GC 8106.264: [ParNew: 347747K->40960K(368640K), 0.0552090 secs] 7621716K->7380580K(12541952K), 0.0556860 secs] [Times: user=0.43 sys=0.00, real=0.05 secs] 
2011-03-01T03:16:45.257+0000: 8106.648: [GC 8106.649: [ParNew: 368640K->30948K(368640K), 0.0680020 secs] 7708260K->7403486K(12541952K), 0.0684860 secs] [Times: user=0.49 sys=0.00, real=0.07 secs] 
2011-03-01T03:16:45.707+0000: 8107.098: [GC 8107.098: [ParNew: 358628K->19176K(368640K), 0.0477250 secs] 7731166K->7403075K(12541952K), 0.0481970 secs] [Times: user=0.33 sys=0.00, real=0.05 secs] 
2011-03-01T03:16:46.183+0000: 8107.575: [GC 8107.575: [ParNew: 346856K->26737K(368640K), 0.0408000 secs] 7730755K->7410637K(12541952K), 0.0412780 secs] [Times: user=0.32 sys=0.00, real=0.04 secs] 
2011-03-01T03:16:46.658+0000: 8108.050: [GC 8108.050: [ParNew: 354417K->17426K(368640K), 0.0455500 secs] 7738317K->7409223K(12541952K), 0.0460220 secs] [Times: user=0.33 sys=0.00, real=0.05 secs] 
2011-03-01T03:16:47.149+0000: 8108.541: [GC 8108.541: [ParNew: 345106K->31341K(368640K), 0.0409420 secs] 7736903K->7423137K(12541952K), 0.0414250 secs] [Times: user=0.32 sys=0.00, real=0.04 secs] 
2011-03-01T03:16:47.894+0000: 8109.285: [GC 8109.285: [ParNew: 359021K->21149K(368640K), 0.0483200 secs] 7750817K->7418116K(12541952K), 0.0488020 secs] [Times: user=0.33 sys=0.01, real=0.04 secs] 
2011-03-01T03:16:48.682+0000: 8110.073: [GC 8110.074: [ParNew: 348829K->40960K(368640K), 0.0537130 secs] 7745796K->7438203K(12541952K), 0.0545370 secs] [Times: user=0.44 sys=0.00, real=0.05 secs] 
2011-03-01T03:16:49.478+0000: 8110.869: [GC 8110.870: [ParNew: 368640K->30662K(368640K), 0.0692370 secs] 7765883K->7459478K(12541952K), 0.0738090 secs] [Times: user=0.49 sys=0.01, real=0.08 secs] 
2011-03-01T03:16:50.486+0000: 8111.877: [GC 8111.877: [ParNew: 358342K->30167K(368640K), 0.0338130 secs] 7787158K->7458983K(12541952K), 0.0342860 secs] [Times: user=0.24 sys=0.00, real=0.03 secs] 
2011-03-01T03:16:51.455+0000: 8112.846: [GC 8112.846: [ParNew: 357847K->15311K(368640K), 0.0415590 secs] 7786663K->7452250K(12541952K), 0.0420310 secs] [Times: user=0.30 sys=0.00, real=0.04 secs] 
2011-03-01T03:16:52.448+0000: 8113.839: [GC 8113.839: [ParNew: 342991K->30347K(368640K), 0.0366370 secs] 7779930K->7467287K(12541952K), 0.0371160 secs] [Times: user=0.30 sys=0.00, real=0.04 secs] 
2011-03-01T03:16:53.379+0000: 8114.770: [GC 8114.771: [ParNew: 358027K->35536K(368640K), 0.0462890 secs] 7794967K->7482262K(12541952K), 0.0467720 secs] [Times: user=0.34 sys=0.00, real=0.05 secs] 
2011-03-01T03:16:54.393+0000: 8115.784: [GC 8115.785: [ParNew: 363216K->26463K(368640K), 0.0446520 secs] 7809942K->7481150K(12541952K), 0.0451440 secs] [Times: user=0.33 sys=0.01, real=0.04 secs] 
2011-03-01T03:16:54.848+0000: 8116.239: [GC 8116.239: [ParNew: 354143K->18265K(368640K), 0.0419630 secs] 7808830K->7480470K(12541952K), 0.0426290 secs] [Times: user=0.32 sys=0.00, real=0.04 secs] 
2011-03-01T03:16:55.326+0000: 8116.717: [GC 8116.717: [ParNew: 345886K->23857K(368640K), 0.0367480 secs] 7808091K->7486062K(12541952K), 0.0372640 secs] [Times: user=0.24 sys=0.00, real=0.04 secs] 
2011-03-01T03:16:55.789+0000: 8117.181: [GC 8117.181: [ParNew: 351537K->31843K(368640K), 0.0427350 secs] 7813742K->7494048K(12541952K), 0.0432440 secs] [Times: user=0.32 sys=0.00, real=0.05 secs] 
2011-03-01T03:16:56.229+0000: 8117.620: [GC 8117.620: [ParNew: 359523K->27431K(368640K), 0.0540830 secs] 7821728K->7504151K(12541952K), 0.0546070 secs] [Times: user=0.40 sys=0.00, real=0.06 secs] 
2011-03-01T03:16:56.898+0000: 8118.289: [GC 8118.290: [ParNew: 355111K->28706K(368640K), 0.0422290 secs] 7831831K->7513464K(12541952K), 0.0428060 secs] [Times: user=0.32 sys=0.00, real=0.04 secs] 
2011-03-01T03:16:57.297+0000: 8118.688: [GC 8118.688: [ParNew: 356386K->40960K(368640K), 0.0792320 secs] 7841144K->7552743K(12541952K), 0.0797320 secs] [Times: user=0.62 sys=0.00, real=0.08 secs] 
2011-03-01T03:16:58.634+0000: 8120.025: [GC 8120.025: [ParNew: 368640K->18740K(368640K), 0.0439810 secs] 7880423K->7541224K(12541952K), 0.0444900 secs] [Times: user=0.33 sys=0.00, real=0.04 secs] 
2011-03-01T03:16:58.877+0000: 8120.269: [GC 8120.269: [ParNew: 346420K->31616K(368640K), 0.0361960 secs] 7868904K->7554100K(12541952K), 0.0367000 secs] [Times: user=0.28 sys=0.00, real=0.04 secs] 
2011-03-01T03:16:59.196+0000: 8120.587: [GC 8120.588: [ParNew: 359296K->37483K(368640K), 0.0488300 secs] 7881780K->7567214K(12541952K), 0.0493890 secs] [Times: user=0.32 sys=0.00, real=0.05 secs] 
2011-03-01T03:16:59.669+0000: 8121.061: [GC 8121.061: [ParNew: 365163K->28278K(368640K), 0.0453080 secs] 7894894K->7565546K(12541952K), 0.0458380 secs] [Times: user=0.33 sys=0.00, real=0.05 secs] 
2011-03-01T03:17:00.207+0000: 8121.598: [GC 8121.599: [ParNew: 355958K->23236K(368640K), 0.0448510 secs] 7893226K->7569023K(12541952K), 0.0516730 secs] [Times: user=0.33 sys=0.00, real=0.05 secs] 
2011-03-01T03:17:00.536+0000: 8121.927: [GC 8121.927: [ParNew: 350878K->40681K(368640K), 0.0456970 secs] 7896665K->7586467K(12541952K), 0.0460670 secs] [Times: user=0.30 sys=0.00, real=0.05 secs] 
2011-03-01T03:17:01.024+0000: 8122.415: [GC 8122.415: [ParNew: 368361K->29585K(368640K), 0.0563960 secs] 7914147K->7597620K(12541952K), 0.0567680 secs] [Times: user=0.41 sys=0.00, real=0.05 secs] 
2011-03-01T03:17:02.487+0000: 8123.878: [GC 8123.879: [ParNew: 357265K->40960K(368640K), 0.0444770 secs] 7925300K->7609987K(12541952K), 0.0448520 secs] [Times: user=0.32 sys=0.00, real=0.04 secs] 
2011-03-01T03:17:04.940+0000: 8126.331: [GC 8126.331: [ParNew: 368640K->21898K(368640K), 0.0579870 secs] 7937667K->7611966K(12541952K), 0.0583570 secs] [Times: user=0.43 sys=0.00, real=0.06 secs] 
2011-03-01T03:17:06.925+0000: 8128.316: [GC 8128.316: [ParNew: 349578K->40960K(368640K), 0.0479370 secs] 7939646K->7631965K(12541952K), 0.0483010 secs] [Times: user=0.33 sys=0.00, real=0.05 secs] 
2011-03-01T03:17:08.840+0000: 8130.231: [GC 8130.231: [ParNew: 368640K->38960K(368640K), 0.0561950 secs] 7959645K->7642578K(12541952K), 0.0565660 secs] [Times: user=0.44 sys=0.00, real=0.06 secs] 
2011-03-01T03:17:10.624+0000: 8132.015: [GC 8132.015: [ParNew: 366640K->36111K(368640K), 0.0537400 secs] 7970258K->7653185K(12541952K), 0.0541080 secs] [Times: user=0.40 sys=0.00, real=0.05 secs] 
2011-03-01T03:17:12.577+0000: 8133.968: [GC 8133.968: [ParNew: 363791K->31903K(368640K), 0.0585030 secs] 7980865K->7671464K(12541952K), 0.0588750 secs] [Times: user=0.41 sys=0.00, real=0.06 secs] 
2011-03-01T03:17:15.064+0000: 8136.455: [GC 8136.455: [ParNew: 359583K->19789K(368640K), 0.0485130 secs] 7999144K->7673194K(12541952K), 0.0488740 secs] [Times: user=0.32 sys=0.02, real=0.05 secs] 
2011-03-01T03:17:17.376+0000: 8138.767: [GC 8138.767: [ParNew: 347469K->40960K(368640K), 0.0443090 secs] 8000874K->7694366K(12541952K), 0.0448700 secs] [Times: user=0.32 sys=0.00, real=0.04 secs] 
2011-03-01T03:17:18.972+0000: 8140.363: [GC 8140.364: [ParNew: 368640K->35873K(368640K), 0.0584610 secs] 8022046K->7701474K(12541952K), 0.0588920 secs] [Times: user=0.44 sys=0.01, real=0.06 secs] 
2011-03-01T03:17:20.478+0000: 8141.869: [GC 8141.870: [ParNew: 363553K->29773K(368640K), 0.0673350 secs] 8029154K->7722492K(12541952K), 0.0676980 secs] [Times: user=0.49 sys=0.00, real=0.07 secs] 
2011-03-01T03:17:22.054+0000: 8143.445: [GC 8143.446: [ParNew: 357453K->27103K(368640K), 0.0544420 secs] 8050172K->7735010K(12541952K), 0.0548020 secs] [Times: user=0.39 sys=0.00, real=0.05 secs] 
2011-03-01T03:17:23.268+0000: 8144.659: [GC 8144.659: [ParNew: 354783K->21412K(368640K), 0.0537500 secs] 8062690K->7746149K(12541952K), 0.0541090 secs] [Times: user=0.40 sys=0.00, real=0.05 secs] 
2011-03-01T03:17:24.604+0000: 8145.995: [GC 8145.996: [ParNew: 349092K->40960K(368640K), 0.0460270 secs] 8073829K->7765729K(12541952K), 0.0463860 secs] [Times: user=0.33 sys=0.00, real=0.04 secs] 
2011-03-01T03:17:26.297+0000: 8147.688: [GC 8147.689: [ParNew: 368640K->31476K(368640K), 0.0682270 secs] 8093409K->7786417K(12541952K), 0.0685880 secs] [Times: user=0.49 sys=0.00, real=0.07 secs] 
2011-03-01T03:17:28.880+0000: 8150.271: [GC 8150.272: [ParNew: 359156K->40960K(368640K), 0.0444130 secs] 8114097K->7796455K(12541952K), 0.0448990 secs] [Times: user=0.37 sys=0.00, real=0.05 secs] 
2011-03-01T03:17:30.752+0000: 8152.143: [GC 8152.144: [ParNew: 368640K->26512K(368640K), 0.0704580 secs] 8124135K->7810264K(12541952K), 0.0709450 secs] [Times: user=0.55 sys=0.00, real=0.08 secs] 
2011-03-01T03:17:32.174+0000: 8153.565: [GC 8153.565: [ParNew: 354192K->22753K(368640K), 0.0509030 secs] 8137944K->7821772K(12541952K), 0.0513760 secs] [Times: user=0.34 sys=0.01, real=0.05 secs] 
2011-03-01T03:17:33.478+0000: 8154.870: [GC 8154.870: [ParNew: 350433K->40960K(368640K), 0.0483860 secs] 8149452K->7846254K(12541952K), 0.0488730 secs] [Times: user=0.39 sys=0.00, real=0.05 secs] 
2011-03-01T03:17:35.191+0000: 8156.582: [GC 8156.583: [ParNew: 368640K->16348K(368640K), 0.0611880 secs] 8173934K->7843988K(12541952K), 0.0616780 secs] [Times: user=0.46 sys=0.01, real=0.07 secs] 
2011-03-01T03:17:36.211+0000: 8157.603: [GC 8157.603: [ParNew: 344028K->40960K(368640K), 0.0868310 secs] 8171668K->7894682K(12541952K), 0.0873200 secs] [Times: user=0.57 sys=0.00, real=0.09 secs] 
2011-03-01T03:17:36.541+0000: 8157.932: [GC 8157.932: [ParNew: 368640K->40960K(368640K), 0.0842240 secs] 8222362K->7923421K(12541952K), 0.0847430 secs] [Times: user=0.59 sys=0.00, real=0.09 secs] 
2011-03-01T03:17:36.815+0000: 8158.206: [GC 8158.207: [ParNew: 368640K->40960K(368640K), 0.0798340 secs] 8251101K->7947892K(12541952K), 0.0803430 secs] [Times: user=0.51 sys=0.00, real=0.08 secs] 
2011-03-01T03:17:37.136+0000: 8158.527: [GC 8158.527: [ParNew: 368640K->40960K(368640K), 0.0842370 secs] 8275572K->7997929K(12541952K), 0.0847440 secs] [Times: user=0.57 sys=0.00, real=0.08 secs] 
2011-03-01T03:17:37.865+0000: 8159.256: [GC 8159.256: [ParNew: 368640K->40960K(368640K), 0.0546280 secs] 8325609K->8014178K(12541952K), 0.0551180 secs] [Times: user=0.40 sys=0.00, real=0.05 secs] 
2011-03-01T03:17:38.188+0000: 8159.579: [GC 8159.580: [ParNew: 368640K->40960K(368640K), 0.0499960 secs] 8341858K->8031026K(12541952K), 0.0504770 secs] [Times: user=0.39 sys=0.00, real=0.05 secs] 
2011-03-01T03:17:38.729+0000: 8160.120: [GC 8160.121: [ParNew: 368640K->40960K(368640K), 0.0611330 secs] 8358706K->8047059K(12541952K), 0.0616120 secs] [Times: user=0.48 sys=0.00, real=0.06 secs] 
2011-03-01T03:17:39.142+0000: 8160.533: [GC 8160.534: [ParNew: 368640K->40960K(368640K), 0.0539630 secs] 8374739K->8065815K(12541952K), 0.0589580 secs] [Times: user=0.39 sys=0.01, real=0.05 secs] 
2011-03-01T03:17:39.580+0000: 8160.972: [GC 8160.972: [ParNew: 368640K->38116K(368640K), 0.0415560 secs] 8393543K->8071944K(12541952K), 0.0419150 secs] [Times: user=0.32 sys=0.00, real=0.05 secs] 
2011-03-01T03:17:39.624+0000: 8161.016: [GC 8161.016: [ParNew: 38391K->24495K(368640K), 0.0367010 secs] 8072219K->8081842K(12541952K), 0.0369970 secs] [Times: user=0.25 sys=0.01, real=0.03 secs] 
2011-03-01T03:17:40.092+0000: 8161.484: [GC 8161.484: [ParNew: 352175K->24539K(368640K), 0.0258920 secs] 8409522K->8081886K(12541952K), 0.0262480 secs] [Times: user=0.22 sys=0.00, real=0.02 secs] 
2011-03-01T03:17:41.403+0000: 8162.794: [GC 8162.794: [ParNew: 352219K->34226K(368640K), 0.0345220 secs] 8409566K->8099972K(12541952K), 0.0348830 secs] [Times: user=0.28 sys=0.00, real=0.03 secs] 
2011-03-01T03:17:42.461+0000: 8163.852: [GC 8163.852: [ParNew: 361906K->23279K(368640K), 0.0321020 secs] 8427652K->8098729K(12541952K), 0.0324630 secs] [Times: user=0.24 sys=0.00, real=0.04 secs] 
2011-03-01T03:17:43.606+0000: 8164.997: [GC 8164.997: [ParNew: 350959K->31216K(368640K), 0.0285780 secs] 8426409K->8106667K(12541952K), 0.0289360 secs] [Times: user=0.22 sys=0.00, real=0.03 secs] 
2011-03-01T03:17:44.940+0000: 8166.331: [GC 8166.332: [ParNew: 358896K->31672K(368640K), 0.0323310 secs] 8434347K->8115560K(12541952K), 0.0327770 secs] [Times: user=0.24 sys=0.00, real=0.04 secs] 
2011-03-01T03:17:46.204+0000: 8167.596: [GC 8167.596: [ParNew: 359352K->27761K(368640K), 0.0322160 secs] 8443240K->8117542K(12541952K), 0.0325760 secs] [Times: user=0.26 sys=0.00, real=0.03 secs] 
2011-03-01T03:17:47.669+0000: 8169.060: [GC 8169.060: [ParNew: 355441K->40554K(368640K), 0.0360540 secs] 8445222K->8140353K(12541952K), 0.0364870 secs] [Times: user=0.27 sys=0.00, real=0.04 secs] 
2011-03-01T03:17:49.202+0000: 8170.593: [GC 8170.594: [ParNew: 368234K->40960K(368640K), 0.0433730 secs] 8468033K->8148694K(12541952K), 0.0438530 secs] [Times: user=0.34 sys=0.00, real=0.05 secs] 
2011-03-01T03:17:51.631+0000: 8173.022: [GC 8173.022: [ParNew: 368640K->25190K(368640K), 0.0413250 secs] 8476374K->8145006K(12541952K), 0.0418080 secs] [Times: user=0.31 sys=0.00, real=0.05 secs] 
2011-03-01T03:17:54.116+0000: 8175.507: [GC 8175.507: [ParNew: 352870K->18809K(368640K), 0.0293090 secs] 8472686K->8144615K(12541952K), 0.0297860 secs] [Times: user=0.19 sys=0.00, real=0.03 secs] 
2011-03-01T03:17:54.917+0000: 8176.309: [GC 8176.309: [ParNew: 346489K->23685K(368640K), 0.0277770 secs] 8472295K->8149491K(12541952K), 0.0282770 secs] [Times: user=0.24 sys=0.00, real=0.03 secs] 
2011-03-01T03:17:55.665+0000: 8177.056: [GC 8177.056: [ParNew: 351365K->17701K(368640K), 0.0308750 secs] 8477171K->8151453K(12541952K), 0.0313750 secs] [Times: user=0.21 sys=0.00, real=0.03 secs] 
2011-03-01T03:17:56.209+0000: 8177.600: [GC 8177.601: [ParNew: 345381K->29470K(368640K), 0.0375220 secs] 8479133K->8163223K(12541952K), 0.0380250 secs] [Times: user=0.31 sys=0.01, real=0.04 secs] 
2011-03-01T03:17:56.959+0000: 8178.350: [GC 8178.351: [ParNew: 357150K->28047K(368640K), 0.0344570 secs] 8490903K->8168812K(12541952K), 0.0349560 secs] [Times: user=0.24 sys=0.00, real=0.04 secs] 
2011-03-01T03:17:57.911+0000: 8179.302: [GC 8179.303: [ParNew: 355727K->5347K(368640K), 0.0282970 secs] 8496492K->8154090K(12541952K), 0.0288220 secs] [Times: user=0.23 sys=0.00, real=0.03 secs] 
2011-03-01T03:17:58.488+0000: 8179.879: [GC 8179.879: [ParNew: 333027K->19089K(368640K), 0.0238370 secs] 8481770K->8167833K(12541952K), 0.0243420 secs] [Times: user=0.16 sys=0.00, real=0.03 secs] 
2011-03-01T03:17:59.183+0000: 8180.574: [GC 8180.575: [ParNew: 346757K->36540K(368640K), 0.0263860 secs] 8495500K->8185283K(12541952K), 0.0269730 secs] [Times: user=0.16 sys=0.02, real=0.03 secs] 
2011-03-01T03:17:59.853+0000: 8181.245: [GC 8181.245: [ParNew: 364220K->19723K(368640K), 0.0349620 secs] 8512963K->8175098K(12541952K), 0.0354680 secs] [Times: user=0.27 sys=0.00, real=0.03 secs] 
2011-03-01T03:18:00.401+0000: 8181.793: [GC 8181.793: [ParNew: 347403K->23745K(368640K), 0.0275320 secs] 8502778K->8179120K(12541952K), 0.0280370 secs] [Times: user=0.24 sys=0.01, real=0.03 secs] 
2011-03-01T03:18:01.052+0000: 8182.444: [GC 8182.444: [ParNew: 351425K->24031K(368640K), 0.0358430 secs] 8506800K->8185727K(12541952K), 0.0363670 secs] [Times: user=0.29 sys=0.00, real=0.03 secs] 
2011-03-01T03:18:03.242+0000: 8184.634: [GC 8184.634: [ParNew: 351711K->36615K(368640K), 0.0295790 secs] 8513407K->8198312K(12541952K), 0.0300730 secs] [Times: user=0.21 sys=0.01, real=0.03 secs] 
2011-03-01T03:18:05.356+0000: 8186.747: [GC 8186.747: [ParNew: 364295K->24218K(368640K), 0.0440330 secs] 8525992K->8200808K(12541952K), 0.0445310 secs] [Times: user=0.31 sys=0.00, real=0.04 secs] 
2011-03-01T03:18:07.495+0000: 8188.886: [GC 8188.886: [ParNew: 351898K->40960K(368640K), 0.0356970 secs] 8528488K->8219788K(12541952K), 0.0361900 secs] [Times: user=0.24 sys=0.00, real=0.03 secs] 
2011-03-01T03:18:09.282+0000: 8190.673: [GC 8190.673: [ParNew: 368640K->29874K(368640K), 0.0448470 secs] 8547468K->8221555K(12541952K), 0.0453420 secs] [Times: user=0.36 sys=0.00, real=0.05 secs] 
2011-03-01T03:18:10.951+0000: 8192.342: [GC 8192.343: [ParNew: 357538K->40960K(368640K), 0.0568980 secs] 8549218K->8254257K(12541952K), 0.0573990 secs] [Times: user=0.47 sys=0.00, real=0.06 secs] 
2011-03-01T03:18:13.337+0000: 8194.728: [GC 8194.729: [ParNew: 368640K->8046K(368640K), 0.0403110 secs] 8581937K->8238398K(12541952K), 0.0406760 secs] [Times: user=0.32 sys=0.00, real=0.04 secs] 
2011-03-01T03:18:15.473+0000: 8196.865: [GC 8196.865: [ParNew: 335726K->22246K(368640K), 0.0320580 secs] 8566078K->8252597K(12541952K), 0.0324220 secs] [Times: user=0.26 sys=0.00, real=0.03 secs] 
2011-03-01T03:18:17.945+0000: 8199.336: [GC 8199.336: [ParNew: 349926K->40633K(368640K), 0.0406460 secs] 8580277K->8274384K(12541952K), 0.0410020 secs] [Times: user=0.30 sys=0.01, real=0.04 secs] 
2011-03-01T03:18:19.479+0000: 8200.870: [GC 8200.870: [ParNew: 368313K->13420K(368640K), 0.0402630 secs] 8602064K->8260962K(12541952K), 0.0406250 secs] [Times: user=0.32 sys=0.00, real=0.04 secs] 
2011-03-01T03:18:20.613+0000: 8202.004: [GC 8202.004: [ParNew: 341100K->40960K(368640K), 0.0355390 secs] 8588642K->8293316K(12541952K), 0.0358980 secs] [Times: user=0.27 sys=0.01, real=0.03 secs] 
2011-03-01T03:18:22.202+0000: 8203.594: [GC 8203.594: [ParNew: 368640K->26050K(368640K), 0.0417070 secs] 8620996K->8290565K(12541952K), 0.0420680 secs] [Times: user=0.31 sys=0.00, real=0.04 secs] 
2011-03-01T03:18:23.382+0000: 8204.773: [GC 8204.773: [ParNew: 353730K->39318K(368640K), 0.0340470 secs] 8618245K->8303833K(12541952K), 0.0344110 secs] [Times: user=0.32 sys=0.00, real=0.04 secs] 
2011-03-01T03:18:24.789+0000: 8206.180: [GC 8206.180: [ParNew: 366998K->38507K(368640K), 0.0428580 secs] 8631513K->8308930K(12541952K), 0.0432310 secs] [Times: user=0.32 sys=0.00, real=0.05 secs] 
2011-03-01T03:18:27.228+0000: 8208.619: [GC 8208.619: [ParNew: 366187K->37107K(368640K), 0.0427320 secs] 8636610K->8315554K(12541952K), 0.0432140 secs] [Times: user=0.32 sys=0.01, real=0.04 secs] 
2011-03-01T03:18:27.274+0000: 8208.665: [GC [1 CMS-initial-mark: 8278447K(12173312K)] 8315666K(12541952K), 0.0180720 secs] [Times: user=0.01 sys=0.00, real=0.01 secs] 
2011-03-01T03:18:27.293+0000: 8208.684: [CMS-concurrent-mark-start]
2011-03-01T03:18:27.754+0000: 8209.145: [CMS-concurrent-mark: 0.461/0.461 secs] [Times: user=4.12 sys=0.29, real=0.46 secs] 
2011-03-01T03:18:27.754+0000: 8209.145: [CMS-concurrent-preclean-start]
2011-03-01T03:18:27.801+0000: 8209.192: [CMS-concurrent-preclean: 0.046/0.047 secs] [Times: user=0.05 sys=0.00, real=0.04 secs] 
2011-03-01T03:18:27.801+0000: 8209.192: [CMS-concurrent-abortable-preclean-start]
2011-03-01T03:18:29.390+0000: 8210.781: [GC 8210.781: [ParNew: 364787K->22909K(368640K), 0.0446610 secs] 8643234K->8315396K(12541952K), 0.0451340 secs] [Times: user=0.33 sys=0.00, real=0.05 secs] 
2011-03-01T03:18:30.445+0000: 8211.836: [CMS-concurrent-abortable-preclean: 2.469/2.644 secs] [Times: user=5.05 sys=1.13, real=2.65 secs] 
2011-03-01T03:18:30.447+0000: 8211.839: [GC[YG occupancy: 194172 K (368640 K)]8211.839: [Rescan (parallel) , 0.0312010 secs]8211.870: [weak refs processing, 0.0406430 secs] [1 CMS-remark: 8292487K(12173312K)] 8486659K(12541952K), 0.0723040 secs] [Times: user=0.28 sys=0.01, real=0.07 secs] 
2011-03-01T03:18:30.520+0000: 8211.911: [CMS-concurrent-sweep-start]
2011-03-01T03:18:31.099+0000: 8212.490: [GC 8212.490: [ParNew: 350589K->36532K(368640K), 0.0339990 secs] 8206968K->7892911K(12541952K), 0.0344570 secs] [Times: user=0.26 sys=0.01, real=0.04 secs] 
2011-03-01T03:18:32.546+0000: 8213.937: [GC 8213.938: [ParNew: 364212K->22816K(368640K), 0.0459820 secs] 7996591K->7669158K(12541952K), 0.0464650 secs] [Times: user=0.33 sys=0.01, real=0.05 secs] 
2011-03-01T03:18:33.911+0000: 8215.302: [GC 8215.302: [ParNew: 350496K->34592K(368640K), 0.0371030 secs] 7779377K->7463472K(12541952K), 0.0376030 secs] [Times: user=0.32 sys=0.00, real=0.04 secs] 
2011-03-01T03:18:35.826+0000: 8217.217: [GC 8217.217: [ParNew: 362272K->25935K(368640K), 0.0484760 secs] 7252237K->6929801K(12541952K), 0.0488350 secs] [Times: user=0.31 sys=0.00, real=0.05 secs] 
2011-03-01T03:18:36.311+0000: 8217.702: [GC 8217.702: [ParNew: 353615K->40960K(368640K), 0.0471720 secs] 7188731K->6877469K(12541952K), 0.0475470 secs] [Times: user=0.36 sys=0.00, real=0.05 secs] 
2011-03-01T03:18:37.586+0000: 8218.978: [GC 8218.978: [ParNew: 368640K->35581K(368640K), 0.0484710 secs] 7013034K->6697448K(12541952K), 0.0488380 secs] [Times: user=0.32 sys=0.00, real=0.05 secs] 
2011-03-01T03:18:37.917+0000: 8219.309: [GC 8219.309: [ParNew: 363261K->40960K(368640K), 0.0483310 secs] 6989292K->6677248K(12541952K), 0.0487840 secs] [Times: user=0.31 sys=0.01, real=0.05 secs] 
2011-03-01T03:18:38.304+0000: 8219.695: [GC 8219.696: [ParNew: 368640K->40960K(368640K), 0.0508040 secs] 6960311K->6646892K(12541952K), 0.0514050 secs] [Times: user=0.34 sys=0.00, real=0.05 secs] 
2011-03-01T03:18:38.623+0000: 8220.015: [GC 8220.015: [ParNew: 368640K->40960K(368640K), 0.0525050 secs] 6937055K->6621251K(12541952K), 0.0529870 secs] [Times: user=0.38 sys=0.00, real=0.05 secs] 
2011-03-01T03:18:38.966+0000: 8220.358: [GC 8220.358: [ParNew: 368640K->34960K(368640K), 0.0434700 secs] 6901364K->6582810K(12541952K), 0.0439580 secs] [Times: user=0.32 sys=0.00, real=0.04 secs] 
2011-03-01T03:18:39.343+0000: 8220.734: [GC 8220.734: [ParNew: 362640K->40960K(368640K), 0.0465990 secs] 6857264K->6548274K(12541952K), 0.0470850 secs] [Times: user=0.35 sys=0.00, real=0.04 secs] 
2011-03-01T03:18:39.907+0000: 8221.298: [GC 8221.298: [ParNew: 368640K->21507K(368640K), 0.0374380 secs] 6787687K->6454249K(12541952K), 0.0379200 secs] [Times: user=0.25 sys=0.00, real=0.04 secs] 
2011-03-01T03:18:40.291+0000: 8221.682: [GC 8221.682: [ParNew: 349187K->39042K(368640K), 0.0297980 secs] 6724229K->6414084K(12541952K), 0.0302850 secs] [Times: user=0.24 sys=0.00, real=0.03 secs] 
2011-03-01T03:18:40.842+0000: 8222.233: [GC 8222.234: [ParNew: 366722K->40960K(368640K), 0.0475200 secs] 6650493K->6339342K(12541952K), 0.0480040 secs] [Times: user=0.38 sys=0.00, real=0.05 secs] 
2011-03-01T03:18:41.551+0000: 8222.942: [GC 8222.943: [ParNew: 360561K->40426K(368640K), 0.0777600 secs] 6407033K->6105364K(12541952K), 0.0782450 secs] [Times: user=0.63 sys=0.01, real=0.08 secs] 
2011-03-01T03:18:42.520+0000: 8223.911: [GC 8223.911: [ParNew: 368136K->15512K(368640K), 0.0387970 secs] 6228624K->5898133K(12541952K), 0.0393030 secs] [Times: user=0.32 sys=0.00, real=0.04 secs] 
2011-03-01T03:18:42.563+0000: 8223.954: [GC 8223.954: [ParNew: 16179K->14356K(368640K), 0.0215000 secs] 5898610K->5896787K(12541952K), 0.0219310 secs] [Times: user=0.15 sys=0.00, real=0.02 secs] 
2011-03-01T03:18:44.045+0000: 8225.436: [GC 8225.436: [ParNew: 342036K->40960K(368640K), 0.0262680 secs] 6008330K->5711371K(12541952K), 0.0268010 secs] [Times: user=0.17 sys=0.00, real=0.02 secs] 
2011-03-01T03:18:45.428+0000: 8226.820: [GC 8226.820: [ParNew: 368640K->27002K(368640K), 0.0323390 secs] 5825441K->5499019K(12541952K), 0.0329130 secs] [Times: user=0.24 sys=0.00, real=0.03 secs] 
2011-03-01T03:18:46.677+0000: 8228.069: [GC 8228.069: [ParNew: 354682K->27571K(368640K), 0.0339320 secs] 5618886K->5297354K(12541952K), 0.0344420 secs] [Times: user=0.24 sys=0.00, real=0.03 secs] 
2011-03-01T03:18:48.596+0000: 8229.987: [GC 8229.988: [ParNew: 355251K->37051K(368640K), 0.0337390 secs] 5142757K->4832441K(12541952K), 0.0342250 secs] [Times: user=0.24 sys=0.00, real=0.03 secs] 
2011-03-01T03:18:50.572+0000: 8231.963: [GC 8231.964: [ParNew: 364731K->19266K(368640K), 0.0342460 secs] 4861167K->4523489K(12541952K), 0.0347390 secs] [Times: user=0.31 sys=0.00, real=0.03 secs] 
2011-03-01T03:18:53.038+0000: 8234.429: [GC 8234.430: [ParNew: 346946K->40960K(368640K), 0.0319020 secs] 4318160K->4012288K(12541952K), 0.0323860 secs] [Times: user=0.24 sys=0.00, real=0.03 secs] 
2011-03-01T03:18:54.724+0000: 8236.115: [GC 8236.115: [ParNew: 368587K->15905K(368640K), 0.0374610 secs] 3995191K->3655922K(12541952K), 0.0379620 secs] [Times: user=0.26 sys=0.00, real=0.03 secs] 
2011-03-01T03:18:55.571+0000: 8236.963: [GC 8236.963: [ParNew: 343585K->25254K(368640K), 0.0302750 secs] 3867796K->3549465K(12541952K), 0.0307890 secs] [Times: user=0.22 sys=0.00, real=0.03 secs] 
2011-03-01T03:18:56.272+0000: 8237.663: [GC 8237.664: [ParNew: 352934K->26976K(368640K), 0.0342010 secs] 3788251K->3467323K(12541952K), 0.0347150 secs] [Times: user=0.31 sys=0.01, real=0.04 secs] 
2011-03-01T03:18:56.784+0000: 8238.175: [GC 8238.175: [ParNew: 354656K->27322K(368640K), 0.0319320 secs] 3728677K->3403912K(12541952K), 0.0324280 secs] [Times: user=0.22 sys=0.02, real=0.03 secs] 
2011-03-01T03:18:57.394+0000: 8238.785: [GC 8238.785: [ParNew: 355002K->23146K(368640K), 0.0315810 secs] 3637318K->3309804K(12541952K), 0.0320730 secs] [Times: user=0.21 sys=0.00, real=0.04 secs] 
2011-03-01T03:18:58.331+0000: 8239.722: [GC 8239.723: [ParNew: 350826K->31916K(368640K), 0.0371410 secs] 3521164K->3202254K(12541952K), 0.0445900 secs] [Times: user=0.25 sys=0.00, real=0.05 secs] 
2011-03-01T03:18:59.147+0000: 8240.538: [GC 8240.539: [ParNew: 359596K->23802K(368640K), 0.0392420 secs] 3238944K->2916569K(12541952K), 0.0397700 secs] [Times: user=0.29 sys=0.00, real=0.04 secs] 
2011-03-01T03:19:00.299+0000: 8241.690: [GC 8241.690: [ParNew: 351482K->32581K(368640K), 0.0319850 secs] 3011677K->2692775K(12541952K), 0.0323590 secs] [Times: user=0.24 sys=0.00, real=0.03 secs] 
2011-03-01T03:19:01.075+0000: 8242.467: [GC 8242.467: [ParNew: 360261K->34357K(368640K), 0.0426660 secs] 2924395K->2603766K(12541952K), 0.0430510 secs] [Times: user=0.29 sys=0.00, real=0.04 secs] 
2011-03-01T03:19:02.205+0000: 8243.596: [GC 8243.596: [ParNew: 362037K->36254K(368640K), 0.0365280 secs] 2782608K->2463434K(12541952K), 0.0369020 secs] [Times: user=0.24 sys=0.00, real=0.03 secs] 
2011-03-01T03:19:03.026+0000: 8244.417: [GC 8244.418: [ParNew: 363934K->26584K(368640K), 0.0351580 secs] 2697759K->2371277K(12541952K), 0.0355280 secs] [Times: user=0.24 sys=0.00, real=0.03 secs] 
2011-03-01T03:19:04.403+0000: 8245.794: [GC 8245.794: [ParNew: 354264K->35409K(368640K), 0.0366440 secs] 2433301K->2117215K(12541952K), 0.0370870 secs] [Times: user=0.29 sys=0.01, real=0.03 secs] 
2011-03-01T03:19:06.517+0000: 8247.908: [CMS-concurrent-sweep: 34.356/35.997 secs] [Times: user=95.09 sys=21.14, real=36.00 secs] 
2011-03-01T03:19:06.517+0000: 8247.909: [CMS-concurrent-reset-start]
2011-03-01T03:19:06.549+0000: 8247.940: [CMS-concurrent-reset: 0.031/0.031 secs] [Times: user=0.04 sys=0.03, real=0.03 secs] 
2011-03-01T03:19:06.613+0000: 8248.004: [GC 8248.004: [ParNew: 363042K->29462K(368640K), 0.0323130 secs] 1786199K->1456660K(12541952K), 0.0328290 secs] [Times: user=0.29 sys=0.00, real=0.03 secs] 
2011-03-01T03:19:08.411+0000: 8249.803: [GC 8249.803: [ParNew: 357142K->38044K(368640K), 0.0353290 secs] 1784340K->1472490K(12541952K), 0.0358270 secs] [Times: user=0.30 sys=0.02, real=0.04 secs] 
2011-03-01T03:19:10.776+0000: 8252.167: [GC 8252.168: [ParNew: 365724K->29908K(368640K), 0.0447220 secs] 1800170K->1477089K(12541952K), 0.0452410 secs] [Times: user=0.32 sys=0.00, real=0.04 secs] 
2011-03-01T03:19:12.837+0000: 8254.228: [GC 8254.228: [ParNew: 357588K->11812K(368640K), 0.0343980 secs] 1804769K->1467450K(12541952K), 0.0348930 secs] [Times: user=0.24 sys=0.00, real=0.03 secs] 
2011-03-01T03:19:14.613+0000: 8256.004: [GC 8256.004: [ParNew: 339492K->19141K(368640K), 0.0383520 secs] 1795130K->1474780K(12541952K), 0.0454530 secs] [Times: user=0.26 sys=0.00, real=0.04 secs] 
2011-03-01T03:19:16.891+0000: 8258.282: [GC 8258.282: [ParNew: 346821K->37043K(368640K), 0.0373040 secs] 1802460K->1492682K(12541952K), 0.0378090 secs] [Times: user=0.31 sys=0.00, real=0.04 secs] 
2011-03-01T03:19:18.905+0000: 8260.296: [GC 8260.296: [ParNew: 364723K->40960K(368640K), 0.0460900 secs] 1820362K->1507791K(12541952K), 0.0465250 secs] [Times: user=0.31 sys=0.00, real=0.04 secs] 
2011-03-01T03:19:20.222+0000: 8261.613: [GC 8261.613: [ParNew: 368640K->18219K(368640K), 0.0401490 secs] 1835471K->1501892K(12541952K), 0.0405120 secs] [Times: user=0.30 sys=0.01, real=0.05 secs] 
2011-03-01T03:19:21.581+0000: 8262.972: [GC 8262.972: [ParNew: 345899K->38486K(368640K), 0.0313260 secs] 1829572K->1522159K(12541952K), 0.0316860 secs] [Times: user=0.24 sys=0.00, real=0.04 secs] 
2011-03-01T03:19:22.998+0000: 8264.389: [GC 8264.390: [ParNew: 366166K->35989K(368640K), 0.0481480 secs] 1849839K->1534950K(12541952K), 0.0485090 secs] [Times: user=0.33 sys=0.00, real=0.05 secs] 
2011-03-01T03:19:24.309+0000: 8265.700: [GC 8265.701: [ParNew: 363669K->21034K(368640K), 0.0350890 secs] 1862630K->1526498K(12541952K), 0.0354730 secs] [Times: user=0.21 sys=0.00, real=0.04 secs] 
2011-03-01T03:19:25.575+0000: 8266.966: [GC 8266.967: [ParNew: 348714K->35909K(368640K), 0.0324160 secs] 1854178K->1541373K(12541952K), 0.0327950 secs] [Times: user=0.24 sys=0.01, real=0.03 secs] 
2011-03-01T03:19:27.485+0000: 8268.876: [GC 8268.876: [ParNew: 363589K->40960K(368640K), 0.0536370 secs] 1869053K->1572080K(12541952K), 0.0539940 secs] [Times: user=0.40 sys=0.00, real=0.05 secs] 
2011-03-01T03:19:29.855+0000: 8271.246: [GC 8271.246: [ParNew: 368640K->19095K(368640K), 0.0420030 secs] 1899760K->1568574K(12541952K), 0.0423740 secs] [Times: user=0.29 sys=0.00, real=0.04 secs] 
2011-03-01T03:19:31.360+0000: 8272.751: [GC 8272.751: [ParNew: 346775K->40960K(368640K), 0.0374950 secs] 1896254K->1593462K(12541952K), 0.0378520 secs] [Times: user=0.32 sys=0.00, real=0.04 secs] 
2011-03-01T03:19:32.811+0000: 8274.202: [GC 8274.202: [ParNew: 368640K->18847K(368640K), 0.0425300 secs] 1921142K->1586108K(12541952K), 0.0428890 secs] [Times: user=0.31 sys=0.00, real=0.05 secs] 
2011-03-01T03:19:34.102+0000: 8275.494: [GC 8275.494: [ParNew: 346527K->40960K(368640K), 0.0358960 secs] 1913788K->1611575K(12541952K), 0.0362580 secs] [Times: user=0.28 sys=0.00, real=0.03 secs] 
2011-03-01T03:19:35.177+0000: 8276.568: [GC 8276.569: [ParNew: 368640K->21706K(368640K), 0.0397960 secs] 1939255K->1606401K(12541952K), 0.0402590 secs] [Times: user=0.32 sys=0.00, real=0.04 secs] 
2011-03-01T03:19:35.479+0000: 8276.870: [GC 8276.870: [ParNew: 349386K->40960K(368640K), 0.0512050 secs] 1934081K->1696050K(12541952K), 0.0516610 secs] [Times: user=0.40 sys=0.00, real=0.05 secs] 
2011-03-01T03:19:35.854+0000: 8277.245: [GC 8277.246: [ParNew: 368640K->27037K(368640K), 0.0658670 secs] 2023730K->1709952K(12541952K), 0.0663580 secs] [Times: user=0.38 sys=0.01, real=0.07 secs] 
2011-03-01T03:19:36.203+0000: 8277.594: [GC 8277.594: [ParNew: 354717K->40960K(368640K), 0.0623460 secs] 2037632K->1734342K(12541952K), 0.0627100 secs] [Times: user=0.42 sys=0.00, real=0.06 secs] 
2011-03-01T03:19:36.458+0000: 8277.850: [GC 8277.850: [ParNew: 368640K->40960K(368640K), 0.0567070 secs] 2062022K->1747565K(12541952K), 0.0571030 secs] [Times: user=0.37 sys=0.01, real=0.06 secs] 
2011-03-01T03:19:36.769+0000: 8278.160: [GC 8278.160: [ParNew: 368640K->40960K(368640K), 0.0644710 secs] 2075245K->1760030K(12541952K), 0.0649210 secs] [Times: user=0.45 sys=0.00, real=0.07 secs] 
2011-03-01T03:19:37.112+0000: 8278.504: [GC 8278.504: [ParNew: 368640K->40960K(368640K), 0.0740380 secs] 2087710K->1850515K(12541952K), 0.0744000 secs] [Times: user=0.50 sys=0.01, real=0.07 secs] 
2011-03-01T03:19:37.423+0000: 8278.814: [GC 8278.814: [ParNew: 368640K->40960K(368640K), 0.0629820 secs] 2178195K->1869476K(12541952K), 0.0633490 secs] [Times: user=0.39 sys=0.02, real=0.06 secs] 
2011-03-01T03:19:37.675+0000: 8279.066: [GC 8279.066: [ParNew: 368640K->40960K(368640K), 0.0580780 secs] 2197204K->1883586K(12541952K), 0.0584340 secs] [Times: user=0.40 sys=0.00, real=0.06 secs] 
2011-03-01T03:19:37.736+0000: 8279.127: [GC 8279.127: [ParNew: 42094K->29983K(368640K), 0.0632480 secs] 1884720K->1899986K(12541952K), 0.0635520 secs] [Times: user=0.35 sys=0.00, real=0.06 secs] 
2011-03-01T03:19:38.006+0000: 8279.397: [GC 8279.397: [ParNew: 357663K->40960K(368640K), 0.0913260 secs] 2227666K->1929557K(12541952K), 0.0917530 secs] [Times: user=0.58 sys=0.00, real=0.09 secs] 
2011-03-01T03:19:38.307+0000: 8279.698: [GC 8279.698: [ParNew: 368640K->40960K(368640K), 0.1158630 secs] 2257237K->1961780K(12541952K), 0.1162280 secs] [Times: user=0.63 sys=0.00, real=0.12 secs] 
2011-03-01T03:19:38.694+0000: 8280.085: [GC 8280.085: [ParNew: 368640K->40960K(368640K), 0.0953340 secs] 2289460K->1976375K(12541952K), 0.0957070 secs] [Times: user=0.61 sys=0.00, real=0.09 secs] 
2011-03-01T03:19:39.075+0000: 8280.466: [GC 8280.466: [ParNew: 368640K->40960K(368640K), 0.0993250 secs] 2304055K->1996752K(12541952K), 0.0997820 secs] [Times: user=0.60 sys=0.00, real=0.10 secs] 
2011-03-01T03:19:39.499+0000: 8280.890: [GC 8280.890: [ParNew: 368640K->33813K(368640K), 0.0740680 secs] 2324432K->2000720K(12541952K), 0.0744780 secs] [Times: user=0.44 sys=0.00, real=0.08 secs] 
2011-03-01T03:19:39.985+0000: 8281.376: [GC 8281.377: [ParNew: 361493K->32672K(368640K), 0.0440980 secs] 2328400K->1999579K(12541952K), 0.0444530 secs] [Times: user=0.32 sys=0.00, real=0.04 secs] 
2011-03-01T03:19:40.358+0000: 8281.749: [GC 8281.749: [ParNew: 351754K->40601K(368640K), 0.0619090 secs] 2318661K->2023636K(12541952K), 0.0622660 secs] [Times: user=0.41 sys=0.00, real=0.06 secs] 
2011-03-01T03:19:40.675+0000: 8282.066: [GC 8282.066: [ParNew: 368281K->15937K(368640K), 0.0710460 secs] 2351316K->2086360K(12541952K), 0.0715490 secs] [Times: user=0.44 sys=0.00, real=0.07 secs] 
2011-03-01T03:19:41.078+0000: 8282.469: [GC 8282.469: [ParNew: 343617K->14965K(368640K), 0.0391540 secs] 2414040K->2085388K(12541952K), 0.0415540 secs] [Times: user=0.32 sys=0.00, real=0.04 secs] 
2011-03-01T03:19:41.555+0000: 8282.946: [GC 8282.947: [ParNew: 342645K->26869K(368640K), 0.0501370 secs] 2413068K->2097291K(12541952K), 0.0506440 secs] [Times: user=0.37 sys=0.00, real=0.05 secs] 
2011-03-01T03:19:42.007+0000: 8283.398: [GC 8283.399: [ParNew: 354549K->29607K(368640K), 0.0599500 secs] 2424971K->2105672K(12541952K), 0.0604560 secs] [Times: user=0.41 sys=0.00, real=0.06 secs] 
2011-03-01T03:19:42.505+0000: 8283.896: [GC 8283.897: [ParNew: 357287K->39993K(368640K), 0.0521680 secs] 2433352K->2116058K(12541952K), 0.0525250 secs] [Times: user=0.40 sys=0.00, real=0.05 secs] 
2011-03-01T03:19:43.156+0000: 8284.547: [GC 8284.548: [ParNew: 367673K->36179K(368640K), 0.0747140 secs] 2443738K->2130970K(12541952K), 0.0750760 secs] [Times: user=0.49 sys=0.01, real=0.07 secs] 
2011-03-01T03:19:43.824+0000: 8285.215: [GC 8285.216: [ParNew: 361696K->28802K(368640K), 0.0445930 secs] 2456488K->2132193K(12541952K), 0.0450790 secs] [Times: user=0.31 sys=0.01, real=0.04 secs] 
2011-03-01T03:19:44.458+0000: 8285.849: [GC 8285.849: [ParNew: 356482K->23143K(368640K), 0.0449590 secs] 2459873K->2137322K(12541952K), 0.0454450 secs] [Times: user=0.33 sys=0.00, real=0.05 secs] 
2011-03-01T03:19:45.082+0000: 8286.473: [GC 8286.473: [ParNew: 350823K->34590K(368640K), 0.0527080 secs] 2465002K->2148769K(12541952K), 0.0531900 secs] [Times: user=0.37 sys=0.01, real=0.06 secs] 
2011-03-01T03:19:46.280+0000: 8287.672: [GC 8287.672: [ParNew: 362270K->40960K(368640K), 0.0620500 secs] 2476449K->2163711K(12541952K), 0.0625390 secs] [Times: user=0.47 sys=0.01, real=0.07 secs] 
2011-03-01T03:19:46.908+0000: 8288.300: [GC 8288.300: [ParNew: 368640K->40960K(368640K), 0.0787670 secs] 2491391K->2261384K(12541952K), 0.0792530 secs] [Times: user=0.57 sys=0.00, real=0.08 secs] 
2011-03-01T03:19:47.604+0000: 8288.995: [GC 8288.995: [ParNew: 368640K->12215K(368640K), 0.0366390 secs] 2589064K->2254221K(12541952K), 0.0371380 secs] [Times: user=0.25 sys=0.00, real=0.03 secs] 
2011-03-01T03:19:48.351+0000: 8289.742: [GC 8289.742: [ParNew: 339895K->36493K(368640K), 0.0345630 secs] 2581901K->2278500K(12541952K), 0.0350470 secs] [Times: user=0.31 sys=0.00, real=0.04 secs] 
2011-03-01T03:19:49.075+0000: 8290.466: [GC 8290.466: [ParNew: 364173K->14169K(368640K), 0.0435990 secs] 2606180K->2276263K(12541952K), 0.0440940 secs] [Times: user=0.27 sys=0.01, real=0.04 secs] 
2011-03-01T03:19:49.954+0000: 8291.345: [GC 8291.345: [ParNew: 341849K->17272K(368640K), 0.0251260 secs] 2603943K->2279366K(12541952K), 0.0256150 secs] [Times: user=0.19 sys=0.00, real=0.02 secs] 
2011-03-01T03:19:50.874+0000: 8292.265: [GC 8292.265: [ParNew: 344952K->24227K(368640K), 0.0308270 secs] 2607046K->2286321K(12541952K), 0.0313170 secs] [Times: user=0.24 sys=0.00, real=0.03 secs] 
2011-03-01T03:19:51.788+0000: 8293.179: [GC 8293.179: [ParNew: 351907K->32999K(368640K), 0.0314880 secs] 2614001K->2295093K(12541952K), 0.0319700 secs] [Times: user=0.24 sys=0.00, real=0.03 secs] 
2011-03-01T03:19:52.757+0000: 8294.148: [GC 8294.149: [ParNew: 360679K->31217K(368640K), 0.0400320 secs] 2622773K->2300266K(12541952K), 0.0405380 secs] [Times: user=0.32 sys=0.00, real=0.04 secs] 
2011-03-01T03:19:53.755+0000: 8295.146: [GC 8295.146: [ParNew: 358897K->23454K(368640K), 0.0444820 secs] 2627946K->2316702K(12541952K), 0.0449660 secs] [Times: user=0.30 sys=0.00, real=0.04 secs] 
2011-03-01T03:19:54.502+0000: 8295.894: [GC 8295.894: [ParNew: 351134K->16072K(368640K), 0.0249420 secs] 2644382K->2309319K(12541952K), 0.0254460 secs] [Times: user=0.19 sys=0.00, real=0.02 secs] 
2011-03-01T03:19:55.041+0000: 8296.433: [GC 8296.433: [ParNew: 343752K->33248K(368640K), 0.0282290 secs] 2636999K->2326495K(12541952K), 0.0287280 secs] [Times: user=0.21 sys=0.00, real=0.03 secs] 
2011-03-01T03:19:55.466+0000: 8296.857: [GC 8296.857: [ParNew: 360928K->31912K(368640K), 0.0343870 secs] 2654175K->2331392K(12541952K), 0.0348280 secs] [Times: user=0.24 sys=0.00, real=0.03 secs] 
2011-03-01T03:19:55.824+0000: 8297.215: [GC 8297.216: [ParNew: 359592K->20079K(368640K), 0.0329770 secs] 2659072K->2323769K(12541952K), 0.0333490 secs] [Times: user=0.26 sys=0.00, real=0.03 secs] 
2011-03-01T03:19:56.248+0000: 8297.639: [GC 8297.640: [ParNew: 347759K->40203K(368640K), 0.0313840 secs] 2651449K->2343893K(12541952K), 0.0317570 secs] [Times: user=0.24 sys=0.00, real=0.03 secs] 
2011-03-01T03:19:56.622+0000: 8298.014: [GC 8298.014: [ParNew: 367883K->24554K(368640K), 0.0563140 secs] 2671573K->2351902K(12541952K), 0.0566910 secs] [Times: user=0.36 sys=0.00, real=0.06 secs] 
2011-03-01T03:19:57.130+0000: 8298.521: [GC 8298.521: [ParNew: 352234K->27055K(368640K), 0.0280180 secs] 2679582K->2354404K(12541952K), 0.0283940 secs] [Times: user=0.24 sys=0.00, real=0.03 secs] 
2011-03-01T03:19:57.601+0000: 8298.992: [GC 8298.992: [ParNew: 354735K->16274K(368640K), 0.0364630 secs] 2682084K->2352556K(12541952K), 0.0368330 secs] [Times: user=0.30 sys=0.00, real=0.04 secs] 
2011-03-01T03:19:58.232+0000: 8299.623: [GC 8299.623: [ParNew: 343954K->40960K(368640K), 0.0652730 secs] 2680236K->2398176K(12541952K), 0.0656410 secs] [Times: user=0.56 sys=0.00, real=0.07 secs] 
2011-03-01T03:19:58.908+0000: 8300.299: [GC 8300.299: [ParNew: 368622K->19888K(368640K), 0.0415490 secs] 2725839K->2392605K(12541952K), 0.0419260 secs] [Times: user=0.32 sys=0.00, real=0.04 secs] 
2011-03-01T03:19:59.453+0000: 8300.844: [GC 8300.845: [ParNew: 347568K->12473K(368640K), 0.0346620 secs] 2720285K->2393779K(12541952K), 0.0350310 secs] [Times: user=0.27 sys=0.00, real=0.03 secs] 
2011-03-01T03:20:00.053+0000: 8301.444: [GC 8301.444: [ParNew: 340153K->30723K(368640K), 0.0323150 secs] 2721459K->2412029K(12541952K), 0.0328130 secs] [Times: user=0.27 sys=0.00, real=0.03 secs] 
2011-03-01T03:20:00.508+0000: 8301.899: [GC 8301.899: [ParNew: 358403K->40960K(368640K), 0.0437630 secs] 2739709K->2430112K(12541952K), 0.0442550 secs] [Times: user=0.31 sys=0.00, real=0.05 secs] 
2011-03-01T03:20:01.082+0000: 8302.473: [GC 8302.474: [ParNew: 368640K->24883K(368640K), 0.0466110 secs] 2757792K->2434400K(12541952K), 0.0469770 secs] [Times: user=0.32 sys=0.03, real=0.04 secs] 
2011-03-01T03:20:01.828+0000: 8303.219: [GC 8303.219: [ParNew: 352563K->16880K(368640K), 0.0329260 secs] 2762080K->2438712K(12541952K), 0.0333010 secs] [Times: user=0.24 sys=0.00, real=0.03 secs] 
2011-03-01T03:20:02.433+0000: 8303.824: [GC 8303.824: [ParNew: 344533K->13653K(368640K), 0.0224120 secs] 2766365K->2435485K(12541952K), 0.0227800 secs] [Times: user=0.19 sys=0.01, real=0.02 secs] 
2011-03-01T03:20:03.035+0000: 8304.427: [GC 8304.427: [ParNew: 341333K->17051K(368640K), 0.0259840 secs] 2763165K->2438883K(12541952K), 0.0263500 secs] [Times: user=0.16 sys=0.00, real=0.02 secs] 
2011-03-01T03:20:03.721+0000: 8305.113: [GC 8305.113: [ParNew: 344731K->32999K(368640K), 0.0287660 secs] 2766563K->2454831K(12541952K), 0.0291350 secs] [Times: user=0.22 sys=0.01, real=0.03 secs] 
2011-03-01T03:20:04.595+0000: 8305.986: [GC 8305.986: [ParNew: 360679K->27165K(368640K), 0.0369580 secs] 2782511K->2457593K(12541952K), 0.0373270 secs] [Times: user=0.24 sys=0.01, real=0.04 secs] 
2011-03-01T03:20:05.519+0000: 8306.910: [GC 8306.910: [ParNew: 354845K->26866K(368640K), 0.0349730 secs] 2785273K->2466516K(12541952K), 0.0353460 secs] [Times: user=0.24 sys=0.00, real=0.04 secs] 
2011-03-01T03:20:07.691+0000: 8309.082: [GC 8309.082: [ParNew: 354546K->32840K(368640K), 0.0345510 secs] 2794196K->2476777K(12541952K), 0.0349180 secs] [Times: user=0.30 sys=0.00, real=0.04 secs] 
2011-03-01T03:20:09.677+0000: 8311.068: [GC 8311.069: [ParNew: 360520K->28447K(368640K), 0.0463600 secs] 2804457K->2490851K(12541952K), 0.0467290 secs] [Times: user=0.32 sys=0.00, real=0.05 secs] 
2011-03-01T03:20:12.960+0000: 8314.351: [GC 8314.351: [ParNew: 356127K->27464K(368640K), 0.0410370 secs] 2818531K->2503242K(12541952K), 0.0414200 secs] [Times: user=0.32 sys=0.00, real=0.04 secs] 
2011-03-01T03:20:14.116+0000: 8315.507: [GC 8315.507: [ParNew: 355144K->40290K(368640K), 0.0320060 secs] 2830922K->2516068K(12541952K), 0.0323700 secs] [Times: user=0.24 sys=0.00, real=0.03 secs] 
2011-03-01T03:20:16.459+0000: 8317.850: [GC 8317.850: [ParNew: 367970K->24750K(368640K), 0.0531370 secs] 2843748K->2524555K(12541952K), 0.0535050 secs] [Times: user=0.40 sys=0.00, real=0.06 secs] 
2011-03-01T03:20:18.516+0000: 8319.907: [GC 8319.907: [ParNew: 352430K->26143K(368640K), 0.0492030 secs] 2852235K->2541090K(12541952K), 0.0495670 secs] [Times: user=0.33 sys=0.00, real=0.05 secs] 
2011-03-01T03:20:20.157+0000: 8321.549: [GC 8321.549: [ParNew: 353823K->34120K(368640K), 0.0550570 secs] 2868770K->2565105K(12541952K), 0.0555480 secs] [Times: user=0.40 sys=0.00, real=0.06 secs] 
2011-03-01T03:20:21.803+0000: 8323.194: [GC 8323.194: [ParNew: 361800K->30762K(368640K), 0.0522320 secs] 2892785K->2576259K(12541952K), 0.0527240 secs] [Times: user=0.37 sys=0.00, real=0.05 secs] 
2011-03-01T03:20:23.149+0000: 8324.540: [GC 8324.540: [ParNew: 358442K->20313K(368640K), 0.0523620 secs] 2903939K->2582631K(12541952K), 0.0528460 secs] [Times: user=0.40 sys=0.00, real=0.05 secs] 
2011-03-01T03:20:24.521+0000: 8325.913: [GC 8325.913: [ParNew: 347993K->40960K(368640K), 0.0465710 secs] 2910311K->2606449K(12541952K), 0.0470750 secs] [Times: user=0.39 sys=0.00, real=0.05 secs] 
2011-03-01T03:20:26.812+0000: 8328.203: [GC 8328.203: [ParNew: 368640K->40960K(368640K), 0.0626360 secs] 2934129K->2620672K(12541952K), 0.0631290 secs] [Times: user=0.48 sys=0.00, real=0.07 secs] 
2011-03-01T03:20:29.120+0000: 8330.512: [GC 8330.512: [ParNew: 368640K->35959K(368640K), 0.0660050 secs] 2948352K->2646172K(12541952K), 0.0665100 secs] [Times: user=0.49 sys=0.00, real=0.07 secs] 
2011-03-01T03:20:30.892+0000: 8332.283: [GC 8332.284: [ParNew: 363667K->34696K(368640K), 0.0520330 secs] 2973881K->2660110K(12541952K), 0.0525280 secs] [Times: user=0.38 sys=0.00, real=0.06 secs] 
2011-03-01T03:20:32.356+0000: 8333.747: [GC 8333.747: [ParNew: 362484K->18923K(368640K), 0.0512800 secs] 2987898K->2659956K(12541952K), 0.0517640 secs] [Times: user=0.38 sys=0.00, real=0.05 secs] 
2011-03-01T03:20:32.411+0000: 8333.802: [GC 8333.802: [ParNew: 19268K->23517K(368640K), 0.0316230 secs] 2660301K->2664550K(12541952K), 0.0320290 secs] [Times: user=0.25 sys=0.00, real=0.04 secs] 
2011-03-01T03:20:33.689+0000: 8335.080: [GC 8335.080: [ParNew: 351197K->40960K(368640K), 0.0489300 secs] 2992230K->2685943K(12541952K), 0.0494170 secs] [Times: user=0.40 sys=0.00, real=0.05 secs] 
2011-03-01T03:20:35.038+0000: 8336.429: [GC 8336.429: [ParNew: 368640K->35098K(368640K), 0.0635970 secs] 3013623K->2708086K(12541952K), 0.0640880 secs] [Times: user=0.48 sys=0.00, real=0.07 secs] 
2011-03-01T03:20:35.537+0000: 8336.928: [GC 8336.928: [ParNew: 362778K->39705K(368640K), 0.0564530 secs] 3035766K->2725814K(12541952K), 0.0569400 secs] [Times: user=0.39 sys=0.01, real=0.06 secs] 
2011-03-01T03:20:36.043+0000: 8337.435: [GC 8337.435: [ParNew: 367385K->25613K(368640K), 0.0530220 secs] 3053494K->2731308K(12541952K), 0.0534960 secs] [Times: user=0.33 sys=0.01, real=0.05 secs] 
2011-03-01T03:20:36.387+0000: 8337.778: [GC 8337.779: [ParNew: 353293K->40960K(368640K), 0.0560960 secs] 3058988K->2753703K(12541952K), 0.0565760 secs] [Times: user=0.40 sys=0.00, real=0.06 secs] 
2011-03-01T03:20:36.697+0000: 8338.088: [GC 8338.088: [ParNew: 368640K->40960K(368640K), 0.0760980 secs] 3081383K->2785573K(12541952K), 0.0765890 secs] [Times: user=0.56 sys=0.00, real=0.08 secs] 
2011-03-01T03:20:37.079+0000: 8338.470: [GC 8338.470: [ParNew: 368640K->40960K(368640K), 0.0486200 secs] 3113295K->2799509K(12541952K), 0.0491000 secs] [Times: user=0.37 sys=0.00, real=0.05 secs] 
2011-03-01T03:20:37.131+0000: 8338.522: [GC 8338.523: [ParNew: 41220K->26621K(368640K), 0.0399840 secs] 2799770K->2810041K(12541952K), 0.0403930 secs] [Times: user=0.30 sys=0.00, real=0.04 secs] 
2011-03-01T03:20:37.393+0000: 8338.784: [GC 8338.784: [ParNew: 354301K->40960K(368640K), 0.0809340 secs] 3137721K->2837779K(12541952K), 0.0814210 secs] [Times: user=0.63 sys=0.01, real=0.08 secs] 
2011-03-01T03:20:37.699+0000: 8339.090: [GC 8339.091: [ParNew: 368640K->40960K(368640K), 0.0819290 secs] 3165459K->2870730K(12541952K), 0.0824240 secs] [Times: user=0.62 sys=0.00, real=0.08 secs] 
2011-03-01T03:20:38.078+0000: 8339.469: [GC 8339.469: [ParNew: 368640K->40960K(368640K), 0.0500280 secs] 3198410K->2885063K(12541952K), 0.0505150 secs] [Times: user=0.39 sys=0.00, real=0.05 secs] 
2011-03-01T03:20:38.546+0000: 8339.937: [GC 8339.938: [ParNew: 368640K->27726K(368640K), 0.0439750 secs] 3212743K->2885669K(12541952K), 0.0444670 secs] [Times: user=0.32 sys=0.00, real=0.04 secs] 
2011-03-01T03:20:39.792+0000: 8341.183: [GC 8341.184: [ParNew: 355406K->40960K(368640K), 0.0403100 secs] 3213349K->2902253K(12541952K), 0.0407920 secs] [Times: user=0.29 sys=0.00, real=0.04 secs] 
2011-03-01T03:20:41.029+0000: 8342.420: [GC 8342.421: [ParNew: 368640K->40375K(368640K), 0.0743350 secs] 3229933K->2925230K(12541952K), 0.0748440 secs] [Times: user=0.57 sys=0.00, real=0.08 secs] 
2011-03-01T03:20:42.464+0000: 8343.855: [GC 8343.856: [ParNew: 368055K->30136K(368640K), 0.0407530 secs] 3252910K->2924370K(12541952K), 0.0412340 secs] [Times: user=0.27 sys=0.00, real=0.04 secs] 
2011-03-01T03:20:43.957+0000: 8345.349: [GC 8345.349: [ParNew: 357816K->10592K(368640K), 0.0339890 secs] 3252050K->2915927K(12541952K), 0.0344740 secs] [Times: user=0.24 sys=0.00, real=0.03 secs] 
2011-03-01T03:20:45.294+0000: 8346.685: [GC 8346.685: [ParNew: 338272K->40960K(368640K), 0.0352360 secs] 3243607K->2948815K(12541952K), 0.0356950 secs] [Times: user=0.24 sys=0.01, real=0.03 secs] 
2011-03-01T03:20:46.818+0000: 8348.209: [GC 8348.209: [ParNew: 368640K->11838K(368640K), 0.0461580 secs] 3276495K->2935531K(12541952K), 0.0466170 secs] [Times: user=0.33 sys=0.00, real=0.05 secs] 
2011-03-01T03:20:48.070+0000: 8349.461: [GC 8349.461: [ParNew: 339518K->30187K(368640K), 0.0335070 secs] 3263211K->2953880K(12541952K), 0.0339670 secs] [Times: user=0.26 sys=0.00, real=0.04 secs] 
2011-03-01T03:20:49.389+0000: 8350.780: [GC 8350.780: [ParNew: 357867K->16090K(368640K), 0.0434240 secs] 3281560K->2955037K(12541952K), 0.0438860 secs] [Times: user=0.32 sys=0.00, real=0.05 secs] 
2011-03-01T03:20:50.237+0000: 8351.629: [GC 8351.629: [ParNew: 343770K->37474K(368640K), 0.0460590 secs] 3282717K->3050149K(12541952K), 0.0465140 secs] [Times: user=0.38 sys=0.00, real=0.05 secs] 
2011-03-01T03:20:51.074+0000: 8352.465: [GC 8352.465: [ParNew: 365154K->21023K(368640K), 0.0488800 secs] 3377829K->3115156K(12541952K), 0.0493630 secs] [Times: user=0.31 sys=0.01, real=0.05 secs] 
2011-03-01T03:20:52.252+0000: 8353.643: [GC 8353.644: [ParNew: 348703K->18631K(368640K), 0.0207280 secs] 3442836K->3112765K(12541952K), 0.0212130 secs] [Times: user=0.15 sys=0.01, real=0.02 secs] 
2011-03-01T03:20:53.794+0000: 8355.185: [GC 8355.186: [ParNew: 346311K->10090K(368640K), 0.0235450 secs] 3440445K->3104223K(12541952K), 0.0240280 secs] [Times: user=0.16 sys=0.00, real=0.02 secs] 
2011-03-01T03:20:54.864+0000: 8356.255: [GC 8356.255: [ParNew: 337765K->30967K(368640K), 0.0281460 secs] 3431898K->3125100K(12541952K), 0.0286510 secs] [Times: user=0.16 sys=0.00, real=0.02 secs] 
2011-03-01T03:20:55.577+0000: 8356.968: [GC 8356.968: [ParNew: 358647K->25595K(368640K), 0.0410240 secs] 3452780K->3127224K(12541952K), 0.0415270 secs] [Times: user=0.30 sys=0.01, real=0.04 secs] 
2011-03-01T03:20:56.222+0000: 8357.613: [GC 8357.613: [ParNew: 353275K->9857K(368640K), 0.0318220 secs] 3454904K->3120768K(12541952K), 0.0323140 secs] [Times: user=0.20 sys=0.00, real=0.04 secs] 
2011-03-01T03:20:56.905+0000: 8358.296: [GC 8358.296: [ParNew: 337537K->22717K(368640K), 0.0235240 secs] 3448448K->3133628K(12541952K), 0.0240380 secs] [Times: user=0.16 sys=0.00, real=0.02 secs] 
2011-03-01T03:20:57.509+0000: 8358.900: [GC 8358.901: [ParNew: 350388K->40960K(368640K), 0.0326190 secs] 3461299K->3155743K(12541952K), 0.0329930 secs] [Times: user=0.24 sys=0.00, real=0.04 secs] 
2011-03-01T03:20:58.215+0000: 8359.607: [GC 8359.607: [ParNew: 368638K->11029K(368640K), 0.0381650 secs] 3483422K->3141916K(12541952K), 0.0385430 secs] [Times: user=0.24 sys=0.00, real=0.04 secs] 
2011-03-01T03:20:58.903+0000: 8360.294: [GC 8360.295: [ParNew: 338709K->12392K(368640K), 0.0223470 secs] 3469596K->3143279K(12541952K), 0.0228410 secs] [Times: user=0.17 sys=0.00, real=0.02 secs] 
2011-03-01T03:20:59.654+0000: 8361.045: [GC 8361.045: [ParNew: 340020K->23174K(368640K), 0.0244600 secs] 3470907K->3154061K(12541952K), 0.0249630 secs] [Times: user=0.16 sys=0.00, real=0.02 secs] 
2011-03-01T03:21:00.357+0000: 8361.748: [GC 8361.749: [ParNew: 350854K->33839K(368640K), 0.0344080 secs] 3481741K->3164726K(12541952K), 0.0349100 secs] [Times: user=0.24 sys=0.00, real=0.04 secs] 
2011-03-01T03:21:00.880+0000: 8362.272: [GC 8362.272: [ParNew: 361519K->40960K(368640K), 0.0433520 secs] 3492406K->3183268K(12541952K), 0.0438500 secs] [Times: user=0.33 sys=0.00, real=0.05 secs] 
2011-03-01T03:21:02.549+0000: 8363.940: [GC 8363.941: [ParNew: 368640K->37261K(368640K), 0.0376510 secs] 3510948K->3187219K(12541952K), 0.0381530 secs] [Times: user=0.32 sys=0.00, real=0.04 secs] 
2011-03-01T03:21:04.957+0000: 8366.348: [GC 8366.348: [ParNew: 364941K->27879K(368640K), 0.0405580 secs] 3514899K->3185085K(12541952K), 0.0410540 secs] [Times: user=0.32 sys=0.01, real=0.04 secs] 
2011-03-01T03:21:06.965+0000: 8368.356: [GC 8368.356: [ParNew: 355498K->40960K(368640K), 0.0416780 secs] 3512705K->3210121K(12541952K), 0.0421750 secs] [Times: user=0.31 sys=0.00, real=0.04 secs] 
2011-03-01T03:21:08.774+0000: 8370.165: [GC 8370.166: [ParNew: 368640K->10800K(368640K), 0.0416360 secs] 3537801K->3196106K(12541952K), 0.0421400 secs] [Times: user=0.28 sys=0.00, real=0.04 secs] 
2011-03-01T03:21:10.492+0000: 8371.883: [GC 8371.883: [ParNew: 338480K->37313K(368640K), 0.0294430 secs] 3523786K->3222619K(12541952K), 0.0299410 secs] [Times: user=0.22 sys=0.00, real=0.03 secs] 
2011-03-01T03:21:12.339+0000: 8373.730: [GC 8373.731: [ParNew: 364993K->10044K(368640K), 0.0426340 secs] 3550299K->3210215K(12541952K), 0.0431320 secs] [Times: user=0.32 sys=0.00, real=0.05 secs] 
2011-03-01T03:21:14.256+0000: 8375.647: [GC 8375.647: [ParNew: 337724K->31068K(368640K), 0.0311800 secs] 3537895K->3231238K(12541952K), 0.0316610 secs] [Times: user=0.24 sys=0.00, real=0.03 secs] 
2011-03-01T03:21:16.515+0000: 8377.906: [GC 8377.907: [ParNew: 358748K->30524K(368640K), 0.0696050 secs] 3558918K->3258393K(12541952K), 0.0700930 secs] [Times: user=0.49 sys=0.00, real=0.07 secs] 
2011-03-01T03:21:18.379+0000: 8379.770: [GC 8379.770: [ParNew: 358204K->18699K(368640K), 0.0334500 secs] 3586073K->3259323K(12541952K), 0.0338100 secs] [Times: user=0.24 sys=0.00, real=0.04 secs] 
2011-03-01T03:21:19.786+0000: 8381.177: [GC 8381.178: [ParNew: 346379K->40960K(368640K), 0.0369640 secs] 3587003K->3285754K(12541952K), 0.0373310 secs] [Times: user=0.25 sys=0.00, real=0.04 secs] 
2011-03-01T03:21:21.225+0000: 8382.616: [GC 8382.616: [ParNew: 368640K->19330K(368640K), 0.0448860 secs] 3613434K->3283929K(12541952K), 0.0452520 secs] [Times: user=0.32 sys=0.00, real=0.04 secs] 
2011-03-01T03:21:22.718+0000: 8384.109: [GC 8384.109: [ParNew: 347010K->40960K(368640K), 0.0387160 secs] 3611609K->3305559K(12541952K), 0.0390770 secs] [Times: user=0.31 sys=0.01, real=0.04 secs] 
2011-03-01T03:21:23.851+0000: 8385.242: [GC 8385.242: [ParNew: 368640K->31400K(368640K), 0.0445410 secs] 3633239K->3312729K(12541952K), 0.0449400 secs] [Times: user=0.34 sys=0.01, real=0.05 secs] 
2011-03-01T03:21:25.211+0000: 8386.602: [GC 8386.602: [ParNew: 359080K->9617K(368640K), 0.0300090 secs] 3640409K->3302268K(12541952K), 0.0303670 secs] [Times: user=0.24 sys=0.00, real=0.03 secs] 
2011-03-01T03:21:27.447+0000: 8388.838: [GC 8388.838: [ParNew: 337297K->30737K(368640K), 0.0280830 secs] 3629948K->3323388K(12541952K), 0.0284720 secs] [Times: user=0.22 sys=0.00, real=0.03 secs] 
2011-03-01T03:21:29.557+0000: 8390.948: [GC 8390.949: [ParNew: 358417K->10100K(368640K), 0.0364260 secs] 3651068K->3319224K(12541952K), 0.0367880 secs] [Times: user=0.25 sys=0.00, real=0.04 secs] 
2011-03-01T03:21:31.036+0000: 8392.427: [GC 8392.428: [ParNew: 337780K->40960K(368640K), 0.0314000 secs] 3646904K->3351589K(12541952K), 0.0317570 secs] [Times: user=0.24 sys=0.00, real=0.03 secs] 
2011-03-01T03:21:32.329+0000: 8393.720: [GC 8393.721: [ParNew: 368640K->14435K(368640K), 0.0444160 secs] 3679269K->3340100K(12541952K), 0.0449230 secs] [Times: user=0.32 sys=0.00, real=0.05 secs] 
2011-03-01T03:21:33.855+0000: 8395.246: [GC 8395.247: [ParNew: 342115K->40960K(368640K), 0.0324730 secs] 3667780K->3366954K(12541952K), 0.0329590 secs] [Times: user=0.24 sys=0.00, real=0.03 secs] 
2011-03-01T03:21:35.151+0000: 8396.543: [GC 8396.543: [ParNew: 368117K->10535K(368640K), 0.0375910 secs] 3694111K->3352992K(12541952K), 0.0380800 secs] [Times: user=0.28 sys=0.01, real=0.04 secs] 
2011-03-01T03:21:35.748+0000: 8397.140: [GC 8397.140: [ParNew: 338215K->40960K(368640K), 0.0559340 secs] 3680672K->3399439K(12541952K), 0.0564200 secs] [Times: user=0.40 sys=0.00, real=0.06 secs] 
2011-03-01T03:21:36.145+0000: 8397.537: [GC 8397.537: [ParNew: 368640K->33722K(368640K), 0.0511240 secs] 3727119K->3410471K(12541952K), 0.0516170 secs] [Times: user=0.38 sys=0.00, real=0.05 secs] 
2011-03-01T03:21:38.362+0000: 8399.753: [GC 8399.753: [ParNew: 361402K->40960K(368640K), 0.0524020 secs] 3738151K->3429989K(12541952K), 0.0528890 secs] [Times: user=0.40 sys=0.00, real=0.06 secs] 
2011-03-01T03:21:38.639+0000: 8400.030: [GC 8400.031: [ParNew: 368640K->36992K(368640K), 0.0493010 secs] 3757669K->3439816K(12541952K), 0.0497870 secs] [Times: user=0.40 sys=0.00, real=0.05 secs] 
2011-03-01T03:21:38.898+0000: 8400.289: [GC 8400.290: [ParNew: 364672K->40960K(368640K), 0.0464820 secs] 3767496K->3454721K(12541952K), 0.0470030 secs] [Times: user=0.33 sys=0.00, real=0.05 secs] 
2011-03-01T03:21:39.237+0000: 8400.628: [GC 8400.629: [ParNew: 368640K->40960K(368640K), 0.0569830 secs] 3782401K->3470026K(12541952K), 0.0574830 secs] [Times: user=0.40 sys=0.01, real=0.06 secs] 
2011-03-01T03:21:39.791+0000: 8401.183: [GC 8401.183: [ParNew: 368640K->40960K(368640K), 0.0525450 secs] 3797706K->3486589K(12541952K), 0.0531000 secs] [Times: user=0.39 sys=0.00, real=0.06 secs] 
2011-03-01T03:21:40.068+0000: 8401.459: [GC 8401.459: [ParNew: 368640K->40960K(368640K), 0.0493360 secs] 3814269K->3494371K(12541952K), 0.0498860 secs] [Times: user=0.38 sys=0.00, real=0.05 secs] 
2011-03-01T03:21:40.516+0000: 8401.907: [GC 8401.907: [ParNew: 368640K->28031K(368640K), 0.0433270 secs] 3822082K->3494921K(12541952K), 0.0438100 secs] [Times: user=0.32 sys=0.00, real=0.04 secs] 
2011-03-01T03:21:40.834+0000: 8402.225: [GC 8402.225: [ParNew: 355499K->39509K(368640K), 0.0372770 secs] 3822389K->3506398K(12541952K), 0.0377610 secs] [Times: user=0.27 sys=0.00, real=0.03 secs] 
2011-03-01T03:21:41.181+0000: 8402.572: [GC 8402.573: [ParNew: 367189K->30346K(368640K), 0.0514820 secs] 3834078K->3515324K(12541952K), 0.0520100 secs] [Times: user=0.40 sys=0.01, real=0.06 secs] 
2011-03-01T03:21:41.843+0000: 8403.234: [GC 8403.235: [ParNew: 358026K->40960K(368640K), 0.0801810 secs] 3843004K->3538251K(12541952K), 0.0807250 secs] [Times: user=0.60 sys=0.00, real=0.08 secs] 
2011-03-01T03:21:42.597+0000: 8403.988: [GC 8403.988: [ParNew: 368640K->35903K(368640K), 0.0521770 secs] 3865931K->3542269K(12541952K), 0.0526580 secs] [Times: user=0.39 sys=0.00, real=0.05 secs] 
2011-03-01T03:21:43.704+0000: 8405.095: [GC 8405.095: [ParNew: 363583K->22102K(368640K), 0.0385970 secs] 3869949K->3535390K(12541952K), 0.0391070 secs] [Times: user=0.26 sys=0.00, real=0.04 secs] 
2011-03-01T03:21:45.051+0000: 8406.442: [GC 8406.442: [ParNew: 349782K->33335K(368640K), 0.0369240 secs] 3863070K->3546623K(12541952K), 0.0374910 secs] [Times: user=0.31 sys=0.00, real=0.04 secs] 
2011-03-01T03:21:46.205+0000: 8407.596: [GC 8407.597: [ParNew: 361015K->40960K(368640K), 0.0625890 secs] 3874303K->3599228K(12541952K), 0.0630780 secs] [Times: user=0.43 sys=0.00, real=0.06 secs] 
2011-03-01T03:21:47.442+0000: 8408.834: [GC 8408.834: [ParNew: 368640K->14469K(368640K), 0.0403490 secs] 3926908K->3579736K(12541952K), 0.0408420 secs] [Times: user=0.29 sys=0.01, real=0.04 secs] 
2011-03-01T03:21:48.433+0000: 8409.825: [GC 8409.825: [ParNew: 342149K->37479K(368640K), 0.0336660 secs] 3907416K->3602746K(12541952K), 0.0341420 secs] [Times: user=0.24 sys=0.01, real=0.03 secs] 
2011-03-01T03:21:50.413+0000: 8411.804: [GC 8411.805: [ParNew: 365159K->8944K(368640K), 0.0456680 secs] 3930426K->3588828K(12541952K), 0.0461540 secs] [Times: user=0.34 sys=0.01, real=0.04 secs] 
2011-03-01T03:21:52.890+0000: 8414.281: [GC 8414.281: [ParNew: 336624K->40960K(368640K), 0.0441780 secs] 3916508K->3623770K(12541952K), 0.0446560 secs] [Times: user=0.33 sys=0.00, real=0.05 secs] 
2011-03-01T03:21:54.649+0000: 8416.041: [GC 8416.041: [ParNew: 368608K->8541K(368640K), 0.0382690 secs] 3951418K->3604708K(12541952K), 0.0389850 secs] [Times: user=0.32 sys=0.00, real=0.04 secs] 
2011-03-01T03:21:55.687+0000: 8417.079: [GC 8417.079: [ParNew: 336221K->25892K(368640K), 0.0329120 secs] 3932388K->3622058K(12541952K), 0.0334100 secs] [Times: user=0.24 sys=0.00, real=0.03 secs] 
2011-03-01T03:21:57.050+0000: 8418.441: [GC 8418.442: [ParNew: 353572K->40960K(368640K), 0.0388050 secs] 3949738K->3641483K(12541952K), 0.0393000 secs] [Times: user=0.32 sys=0.00, real=0.04 secs] 
2011-03-01T03:21:58.250+0000: 8419.641: [GC 8419.641: [ParNew: 368640K->11660K(368640K), 0.0398310 secs] 3969163K->3627137K(12541952K), 0.0413820 secs] [Times: user=0.32 sys=0.00, real=0.04 secs] 
2011-03-01T03:21:58.930+0000: 8420.321: [GC 8420.322: [ParNew: 339340K->33677K(368640K), 0.0268870 secs] 3954817K->3649154K(12541952K), 0.0273880 secs] [Times: user=0.24 sys=0.00, real=0.03 secs] 
2011-03-01T03:21:59.594+0000: 8420.985: [GC 8420.986: [ParNew: 361357K->11169K(368640K), 0.0370940 secs] 3976834K->3639439K(12541952K), 0.0376090 secs] [Times: user=0.25 sys=0.00, real=0.03 secs] 
2011-03-01T03:22:00.143+0000: 8421.534: [GC 8421.534: [ParNew: 338808K->22646K(368640K), 0.0277940 secs] 3967078K->3650915K(12541952K), 0.0282890 secs] [Times: user=0.19 sys=0.00, real=0.02 secs] 
2011-03-01T03:22:01.319+0000: 8422.710: [GC 8422.710: [ParNew: 349662K->26249K(368640K), 0.0310040 secs] 3977932K->3656505K(12541952K), 0.0315050 secs] [Times: user=0.24 sys=0.00, real=0.03 secs] 
2011-03-01T03:22:02.282+0000: 8423.673: [GC 8423.674: [ParNew: 353929K->28165K(368640K), 0.0309780 secs] 3984185K->3665132K(12541952K), 0.0314970 secs] [Times: user=0.25 sys=0.01, real=0.03 secs] 
2011-03-01T03:22:02.684+0000: 8424.076: [GC 8424.076: [ParNew: 355830K->21710K(368640K), 0.0329270 secs] 3992797K->3667541K(12541952K), 0.0334280 secs] [Times: user=0.24 sys=0.00, real=0.03 secs] 
2011-03-01T03:22:03.513+0000: 8424.904: [GC 8424.904: [ParNew: 349376K->27445K(368640K), 0.0279420 secs] 3995208K->3673277K(12541952K), 0.0407420 secs] [Times: user=0.18 sys=0.00, real=0.05 secs] 
2011-03-01T03:22:04.770+0000: 8426.161: [GC 8426.161: [ParNew: 355125K->21410K(368640K), 0.0357650 secs] 4000957K->3672179K(12541952K), 0.0362640 secs] [Times: user=0.30 sys=0.00, real=0.04 secs] 
2011-03-01T03:22:07.292+0000: 8428.683: [GC 8428.684: [ParNew: 349090K->32294K(368640K), 0.0311300 secs] 3999859K->3683062K(12541952K), 0.0316170 secs] [Times: user=0.26 sys=0.00, real=0.04 secs] 
2011-03-01T03:22:09.529+0000: 8430.920: [GC 8430.921: [ParNew: 359974K->36558K(368640K), 0.0414580 secs] 4010742K->3695908K(12541952K), 0.0419030 secs] [Times: user=0.32 sys=0.00, real=0.04 secs] 
2011-03-01T03:22:11.574+0000: 8432.965: [GC 8432.965: [ParNew: 364238K->27109K(368640K), 0.0385900 secs] 4023588K->3692468K(12541952K), 0.0390890 secs] [Times: user=0.26 sys=0.00, real=0.04 secs] 
2011-03-01T03:22:13.507+0000: 8434.899: [GC 8434.899: [ParNew: 354736K->31176K(368640K), 0.0385900 secs] 4020095K->3704737K(12541952K), 0.0390900 secs] [Times: user=0.32 sys=0.00, real=0.04 secs] 
2011-03-01T03:22:15.054+0000: 8436.445: [GC 8436.445: [ParNew: 358856K->18019K(368640K), 0.0396450 secs] 4032417K->3701023K(12541952K), 0.0401430 secs] [Times: user=0.25 sys=0.00, real=0.04 secs] 
2011-03-01T03:22:17.401+0000: 8438.792: [GC 8438.792: [ParNew: 345699K->35841K(368640K), 0.0319950 secs] 4028703K->3718844K(12541952K), 0.0324830 secs] [Times: user=0.25 sys=0.00, real=0.04 secs] 
2011-03-01T03:22:19.108+0000: 8440.499: [GC 8440.500: [ParNew: 363521K->22929K(368640K), 0.0400800 secs] 4046524K->3713191K(12541952K), 0.0405690 secs] [Times: user=0.32 sys=0.00, real=0.04 secs] 
2011-03-01T03:22:20.261+0000: 8441.653: [GC 8441.653: [ParNew: 350609K->40960K(368640K), 0.0389780 secs] 4040871K->3733706K(12541952K), 0.0431110 secs] [Times: user=0.27 sys=0.00, real=0.05 secs] 
2011-03-01T03:22:21.651+0000: 8443.043: [GC 8443.043: [ParNew: 368640K->34484K(368640K), 0.0485590 secs] 4061386K->3743186K(12541952K), 0.0490770 secs] [Times: user=0.38 sys=0.01, real=0.05 secs] 
2011-03-01T03:22:23.111+0000: 8444.502: [GC 8444.502: [ParNew: 362164K->10949K(368640K), 0.0424480 secs] 4070866K->3735036K(12541952K), 0.0429630 secs] [Times: user=0.32 sys=0.00, real=0.05 secs] 
2011-03-01T03:22:24.580+0000: 8445.971: [GC 8445.971: [ParNew: 338629K->39591K(368640K), 0.0331510 secs] 4062716K->3763678K(12541952K), 0.0335110 secs] [Times: user=0.25 sys=0.00, real=0.04 secs] 
2011-03-01T03:22:26.198+0000: 8447.589: [GC 8447.590: [ParNew: 365586K->12008K(368640K), 0.0399710 secs] 4089673K->3750437K(12541952K), 0.0403340 secs] [Times: user=0.32 sys=0.00, real=0.04 secs] 
2011-03-01T03:22:28.567+0000: 8449.958: [GC 8449.959: [ParNew: 339688K->36929K(368640K), 0.0310880 secs] 4078117K->3775358K(12541952K), 0.0316180 secs] [Times: user=0.24 sys=0.00, real=0.03 secs] 
2011-03-01T03:22:30.517+0000: 8451.909: [GC 8451.909: [ParNew: 364609K->24224K(368640K), 0.0404250 secs] 4103038K->3774430K(12541952K), 0.0407870 secs] [Times: user=0.32 sys=0.00, real=0.04 secs] 
2011-03-01T03:22:31.234+0000: 8452.625: [GC 8452.625: [ParNew: 351904K->38265K(368640K), 0.0480150 secs] 4102110K->3862199K(12541952K), 0.0559090 secs] [Times: user=0.35 sys=0.00, real=0.05 secs] 
2011-03-01T03:22:31.912+0000: 8453.303: [GC 8453.303: [ParNew: 365934K->40960K(368640K), 0.0810380 secs] 4189868K->3909661K(12541952K), 0.0815270 secs] [Times: user=0.62 sys=0.00, real=0.09 secs] 
2011-03-01T03:22:32.621+0000: 8454.012: [GC 8454.013: [ParNew: 368640K->22118K(368640K), 0.0484140 secs] 4237341K->3897065K(12541952K), 0.0489210 secs] [Times: user=0.39 sys=0.00, real=0.05 secs] 
2011-03-01T03:22:33.290+0000: 8454.682: [GC 8454.682: [ParNew: 349798K->35386K(368640K), 0.0330170 secs] 4224745K->3910334K(12541952K), 0.0335080 secs] [Times: user=0.28 sys=0.01, real=0.04 secs] 
2011-03-01T03:22:33.935+0000: 8455.326: [GC 8455.326: [ParNew: 363066K->20451K(368640K), 0.0509440 secs] 4238014K->3902990K(12541952K), 0.0514270 secs] [Times: user=0.37 sys=0.01, real=0.05 secs] 
2011-03-01T03:22:34.641+0000: 8456.033: [GC 8456.033: [ParNew: 348131K->39659K(368640K), 0.0365790 secs] 4230670K->3922198K(12541952K), 0.0370660 secs] [Times: user=0.30 sys=0.00, real=0.04 secs] 
2011-03-01T03:22:35.443+0000: 8456.835: [GC 8456.835: [ParNew: 367339K->40960K(368640K), 0.0492770 secs] 4249878K->3937333K(12541952K), 0.0497670 secs] [Times: user=0.31 sys=0.01, real=0.05 secs] 
2011-03-01T03:22:36.017+0000: 8457.409: [GC 8457.409: [ParNew: 368640K->39956K(368640K), 0.0496310 secs] 4265013K->3943343K(12541952K), 0.0501160 secs] [Times: user=0.40 sys=0.00, real=0.05 secs] 
2011-03-01T03:22:36.199+0000: 8457.591: [GC 8457.591: [ParNew: 367636K->40960K(368640K), 0.0815850 secs] 4271023K->4116591K(12541952K), 0.0820840 secs] [Times: user=0.58 sys=0.00, real=0.09 secs] 
2011-03-01T03:22:36.463+0000: 8457.855: [GC 8457.855: [ParNew: 368640K->39301K(368640K), 0.0505430 secs] 4444271K->4138794K(12541952K), 0.0510280 secs] [Times: user=0.32 sys=0.01, real=0.05 secs] 
2011-03-01T03:22:36.706+0000: 8458.097: [GC 8458.097: [ParNew: 366981K->40960K(368640K), 0.0551410 secs] 4466474K->4153493K(12541952K), 0.0556250 secs] [Times: user=0.40 sys=0.00, real=0.05 secs] 
2011-03-01T03:22:36.968+0000: 8458.360: [GC 8458.360: [ParNew: 368640K->34070K(368640K), 0.0493840 secs] 4481173K->4161941K(12541952K), 0.0498560 secs] [Times: user=0.38 sys=0.00, real=0.05 secs] 
2011-03-01T03:22:37.262+0000: 8458.653: [GC 8458.653: [ParNew: 361750K->31091K(368640K), 0.0466700 secs] 4489621K->4170378K(12541952K), 0.0471790 secs] [Times: user=0.39 sys=0.00, real=0.05 secs] 
2011-03-01T03:22:37.626+0000: 8459.017: [GC 8459.017: [ParNew: 358771K->35470K(368640K), 0.0334820 secs] 4498058K->4174757K(12541952K), 0.0339600 secs] [Times: user=0.24 sys=0.00, real=0.03 secs] 
2011-03-01T03:22:37.815+0000: 8459.206: [GC 8459.206: [ParNew: 363150K->40960K(368640K), 0.0720510 secs] 4502437K->4270811K(12541952K), 0.0725210 secs] [Times: user=0.49 sys=0.00, real=0.07 secs] 
2011-03-01T03:22:38.044+0000: 8459.435: [GC 8459.435: [ParNew: 368640K->40960K(368640K), 0.0648560 secs] 4598491K->4293396K(12541952K), 0.0652200 secs] [Times: user=0.44 sys=0.00, real=0.06 secs] 
2011-03-01T03:22:38.279+0000: 8459.670: [GC 8459.671: [ParNew: 368640K->40960K(368640K), 0.0711500 secs] 4621076K->4314403K(12541952K), 0.0716810 secs] [Times: user=0.48 sys=0.00, real=0.07 secs] 
2011-03-01T03:22:38.574+0000: 8459.965: [GC 8459.965: [ParNew: 368640K->40960K(368640K), 0.0707320 secs] 4642083K->4339115K(12541952K), 0.0711010 secs] [Times: user=0.49 sys=0.01, real=0.07 secs] 
2011-03-01T03:22:38.932+0000: 8460.323: [GC 8460.323: [ParNew: 368640K->37449K(368640K), 0.0497320 secs] 4666795K->4347259K(12541952K), 0.0500990 secs] [Times: user=0.37 sys=0.00, real=0.05 secs] 
2011-03-01T03:22:39.275+0000: 8460.666: [GC 8460.667: [ParNew: 365192K->22789K(368640K), 0.0433710 secs] 4675002K->4332599K(12541952K), 0.0437200 secs] [Times: user=0.32 sys=0.00, real=0.04 secs] 
2011-03-01T03:22:39.532+0000: 8460.923: [GC 8460.923: [ParNew: 350469K->40960K(368640K), 0.0645870 secs] 4660279K->4364087K(12541952K), 0.0649470 secs] [Times: user=0.49 sys=0.01, real=0.07 secs] 
2011-03-01T03:22:39.876+0000: 8461.267: [GC 8461.267: [ParNew: 368640K->23850K(368640K), 0.0633450 secs] 4691767K->4375343K(12541952K), 0.0637120 secs] [Times: user=0.44 sys=0.00, real=0.06 secs] 
2011-03-01T03:22:40.273+0000: 8461.664: [GC 8461.664: [ParNew: 351530K->16569K(368640K), 0.0398880 secs] 4703023K->4368063K(12541952K), 0.0402440 secs] [Times: user=0.26 sys=0.00, real=0.04 secs] 
2011-03-01T03:22:40.607+0000: 8461.999: [GC 8461.999: [ParNew: 344249K->30567K(368640K), 0.0367010 secs] 4695743K->4382061K(12541952K), 0.0370780 secs] [Times: user=0.31 sys=0.00, real=0.04 secs] 
2011-03-01T03:22:40.960+0000: 8462.351: [GC 8462.351: [ParNew: 358247K->26549K(368640K), 0.0506070 secs] 4709741K->4385545K(12541952K), 0.0509700 secs] [Times: user=0.39 sys=0.00, real=0.05 secs] 
2011-03-01T03:22:41.335+0000: 8462.726: [GC 8462.726: [ParNew: 354229K->28555K(368640K), 0.0442820 secs] 4713225K->4393365K(12541952K), 0.0509580 secs] [Times: user=0.38 sys=0.00, real=0.05 secs] 
2011-03-01T03:22:41.720+0000: 8463.112: [GC 8463.112: [ParNew: 356235K->27585K(368640K), 0.0472680 secs] 4721045K->4405981K(12541952K), 0.0476290 secs] [Times: user=0.39 sys=0.00, real=0.05 secs] 
2011-03-01T03:22:42.130+0000: 8463.521: [GC 8463.521: [ParNew: 355265K->19456K(368640K), 0.0389730 secs] 4733661K->4404251K(12541952K), 0.0393330 secs] [Times: user=0.32 sys=0.00, real=0.04 secs] 
2011-03-01T03:22:42.675+0000: 8464.066: [GC 8464.066: [ParNew: 347136K->33804K(368640K), 0.0411070 secs] 4731931K->4418600K(12541952K), 0.0415390 secs] [Times: user=0.32 sys=0.01, real=0.04 secs] 
2011-03-01T03:22:43.069+0000: 8464.460: [GC 8464.460: [ParNew: 360410K->21873K(368640K), 0.0451280 secs] 4745206K->4417579K(12541952K), 0.0456130 secs] [Times: user=0.33 sys=0.00, real=0.05 secs] 
2011-03-01T03:22:43.379+0000: 8464.770: [GC 8464.771: [ParNew: 349553K->35081K(368640K), 0.0574730 secs] 4745259K->4496322K(12541952K), 0.0579580 secs] [Times: user=0.47 sys=0.00, real=0.06 secs] 
2011-03-01T03:22:44.043+0000: 8465.434: [GC 8465.434: [ParNew: 362761K->40960K(368640K), 0.0783580 secs] 4824002K->4520867K(12541952K), 0.0787330 secs] [Times: user=0.58 sys=0.00, real=0.07 secs] 
2011-03-01T03:22:44.679+0000: 8466.070: [GC 8466.070: [ParNew: 368640K->25539K(368640K), 0.0487010 secs] 4848547K->4524558K(12541952K), 0.0490630 secs] [Times: user=0.40 sys=0.01, real=0.05 secs] 
2011-03-01T03:22:45.419+0000: 8466.810: [GC 8466.810: [ParNew: 353219K->35282K(368640K), 0.0356260 secs] 4852238K->4534300K(12541952K), 0.0359860 secs] [Times: user=0.32 sys=0.00, real=0.04 secs] 
2011-03-01T03:22:46.141+0000: 8467.532: [GC 8467.532: [ParNew: 362962K->23456K(368640K), 0.0429980 secs] 4861980K->4533772K(12541952K), 0.0434780 secs] [Times: user=0.33 sys=0.00, real=0.05 secs] 
2011-03-01T03:22:46.830+0000: 8468.222: [GC 8468.222: [ParNew: 351136K->40563K(368640K), 0.0391950 secs] 4861452K->4550880K(12541952K), 0.0396760 secs] [Times: user=0.32 sys=0.00, real=0.04 secs] 
2011-03-01T03:22:47.486+0000: 8468.877: [GC 8468.878: [ParNew: 368243K->27930K(368640K), 0.0583150 secs] 4878560K->4561444K(12541952K), 0.0587550 secs] [Times: user=0.41 sys=0.00, real=0.06 secs] 
2011-03-01T03:22:48.263+0000: 8469.654: [GC 8469.654: [ParNew: 355610K->12451K(368640K), 0.0394250 secs] 4889124K->4556951K(12541952K), 0.0397850 secs] [Times: user=0.29 sys=0.00, real=0.05 secs] 
2011-03-01T03:22:48.996+0000: 8470.388: [GC 8470.388: [ParNew: 340131K->17243K(368640K), 0.0335810 secs] 4884631K->4561743K(12541952K), 0.0340620 secs] [Times: user=0.24 sys=0.00, real=0.03 secs] 
2011-03-01T03:22:49.894+0000: 8471.285: [GC 8471.286: [ParNew: 344923K->32878K(368640K), 0.0396320 secs] 4889423K->4577378K(12541952K), 0.0401160 secs] [Times: user=0.29 sys=0.00, real=0.04 secs] 
2011-03-01T03:22:50.667+0000: 8472.058: [GC 8472.058: [ParNew: 360558K->36020K(368640K), 0.0472350 secs] 4905058K->4586705K(12541952K), 0.0477110 secs] [Times: user=0.33 sys=0.00, real=0.05 secs] 
2011-03-01T03:22:51.611+0000: 8473.002: [GC 8473.003: [ParNew: 363700K->38772K(368640K), 0.0484500 secs] 4914385K->4602358K(12541952K), 0.0488680 secs] [Times: user=0.37 sys=0.01, real=0.05 secs] 
2011-03-01T03:22:52.568+0000: 8473.959: [GC 8473.959: [ParNew: 366452K->17486K(368640K), 0.0386300 secs] 4930038K->4588442K(12541952K), 0.0389850 secs] [Times: user=0.30 sys=0.01, real=0.04 secs] 
2011-03-01T03:22:53.464+0000: 8474.855: [GC 8474.855: [ParNew: 345166K->28876K(368640K), 0.0344730 secs] 4916122K->4599832K(12541952K), 0.0348360 secs] [Times: user=0.25 sys=0.00, real=0.03 secs] 
2011-03-01T03:22:54.353+0000: 8475.744: [GC 8475.744: [ParNew: 356502K->26743K(368640K), 0.0410440 secs] 4927458K->4603771K(12541952K), 0.0414140 secs] [Times: user=0.30 sys=0.00, real=0.04 secs] 
2011-03-01T03:22:54.902+0000: 8476.294: [GC 8476.294: [ParNew: 354423K->39865K(368640K), 0.0384510 secs] 4931451K->4616893K(12541952K), 0.0388190 secs] [Times: user=0.29 sys=0.00, real=0.04 secs] 
2011-03-01T03:22:55.365+0000: 8476.756: [GC 8476.756: [ParNew: 367543K->21692K(368640K), 0.0475030 secs] 4944571K->4613012K(12541952K), 0.0478760 secs] [Times: user=0.32 sys=0.00, real=0.05 secs] 
2011-03-01T03:22:55.832+0000: 8477.223: [GC 8477.223: [ParNew: 349372K->40960K(368640K), 0.0434340 secs] 4940692K->4639070K(12541952K), 0.0438020 secs] [Times: user=0.35 sys=0.01, real=0.05 secs] 
2011-03-01T03:22:56.381+0000: 8477.772: [GC 8477.772: [ParNew: 368640K->17947K(368640K), 0.0509950 secs] 4966750K->4636004K(12541952K), 0.0513710 secs] [Times: user=0.40 sys=0.00, real=0.06 secs] 
2011-03-01T03:22:56.973+0000: 8478.364: [GC 8478.364: [ParNew: 345627K->20646K(368640K), 0.0342360 secs] 4963684K->4638703K(12541952K), 0.0346040 secs] [Times: user=0.27 sys=0.01, real=0.03 secs] 
2011-03-01T03:22:57.661+0000: 8479.052: [GC 8479.052: [ParNew: 348326K->39978K(368640K), 0.0389280 secs] 4966383K->4658035K(12541952K), 0.0393400 secs] [Times: user=0.31 sys=0.00, real=0.04 secs] 
2011-03-01T03:22:58.288+0000: 8479.679: [GC 8479.679: [ParNew: 367658K->21777K(368640K), 0.0563930 secs] 4985715K->4659636K(12541952K), 0.0567650 secs] [Times: user=0.40 sys=0.00, real=0.06 secs] 
2011-03-01T03:22:59.080+0000: 8480.471: [GC 8480.471: [ParNew: 349457K->40960K(368640K), 0.0372530 secs] 4987316K->4678830K(12541952K), 0.0376120 secs] [Times: user=0.32 sys=0.00, real=0.04 secs] 
2011-03-01T03:22:59.664+0000: 8481.055: [GC 8481.056: [ParNew: 368637K->40960K(368640K), 0.0495570 secs] 5006508K->4688926K(12541952K), 0.0499350 secs] [Times: user=0.33 sys=0.00, real=0.05 secs] 
2011-03-01T03:23:00.104+0000: 8481.496: [GC 8481.496: [ParNew: 368582K->22229K(368640K), 0.0454560 secs] 5016548K->4680076K(12541952K), 0.0458350 secs] [Times: user=0.31 sys=0.00, real=0.04 secs] 
2011-03-01T03:23:00.459+0000: 8481.851: [GC 8481.851: [ParNew: 349909K->40960K(368640K), 0.0417550 secs] 5007756K->4700761K(12541952K), 0.0421190 secs] [Times: user=0.32 sys=0.00, real=0.04 secs] 
2011-03-01T03:23:00.938+0000: 8482.329: [GC 8482.329: [ParNew: 368640K->21045K(368640K), 0.0560940 secs] 5028441K->4707844K(12541952K), 0.0564730 secs] [Times: user=0.39 sys=0.00, real=0.06 secs] 
2011-03-01T03:23:01.400+0000: 8482.791: [GC 8482.792: [ParNew: 348725K->31987K(368640K), 0.0330200 secs] 5035524K->4718786K(12541952K), 0.0334160 secs] [Times: user=0.26 sys=0.00, real=0.04 secs] 
2011-03-01T03:23:01.905+0000: 8483.296: [GC 8483.296: [ParNew: 359609K->14715K(368640K), 0.0443680 secs] 5046408K->4715902K(12541952K), 0.0447420 secs] [Times: user=0.32 sys=0.00, real=0.04 secs] 
2011-03-01T03:23:02.532+0000: 8483.923: [GC 8483.923: [ParNew: 332983K->13554K(368640K), 0.0283690 secs] 5034170K->4714741K(12541952K), 0.0287860 secs] [Times: user=0.22 sys=0.00, real=0.03 secs] 
2011-03-01T03:23:03.189+0000: 8484.580: [GC 8484.581: [ParNew: 341234K->40960K(368640K), 0.0533500 secs] 5042421K->4746311K(12541952K), 0.0537620 secs] [Times: user=0.40 sys=0.01, real=0.06 secs] 
2011-03-01T03:23:04.016+0000: 8485.407: [GC 8485.407: [ParNew: 368640K->22907K(368640K), 0.0475050 secs] 5073991K->4757334K(12541952K), 0.0478700 secs] [Times: user=0.32 sys=0.00, real=0.05 secs] 
2011-03-01T03:23:05.079+0000: 8486.470: [GC 8486.470: [ParNew: 350587K->26608K(368640K), 0.0359090 secs] 5085014K->4761035K(12541952K), 0.0362660 secs] [Times: user=0.32 sys=0.00, real=0.04 secs] 
2011-03-01T03:23:05.933+0000: 8487.324: [GC 8487.325: [ParNew: 354288K->29440K(368640K), 0.0392680 secs] 5088715K->4770364K(12541952K), 0.0396360 secs] [Times: user=0.26 sys=0.01, real=0.04 secs] 
2011-03-01T03:23:06.782+0000: 8488.173: [GC 8488.174: [ParNew: 357120K->27586K(368640K), 0.0381890 secs] 5098044K->4772486K(12541952K), 0.0385510 secs] [Times: user=0.30 sys=0.01, real=0.03 secs] 
2011-03-01T03:23:07.809+0000: 8489.201: [GC 8489.201: [ParNew: 355266K->12447K(368640K), 0.0369530 secs] 5100166K->4764356K(12541952K), 0.0373160 secs] [Times: user=0.31 sys=0.00, real=0.04 secs] 
2011-03-01T03:23:08.688+0000: 8490.079: [GC 8490.080: [ParNew: 340127K->20992K(368640K), 0.0341820 secs] 5092036K->4772901K(12541952K), 0.0345450 secs] [Times: user=0.24 sys=0.00, real=0.04 secs] 
2011-03-01T03:23:09.524+0000: 8490.916: [GC 8490.916: [ParNew: 348672K->40960K(368640K), 0.0389510 secs] 5100581K->4792978K(12541952K), 0.0393230 secs] [Times: user=0.27 sys=0.00, real=0.04 secs] 
2011-03-01T03:23:11.364+0000: 8492.756: [GC 8492.756: [ParNew: 368640K->26432K(368640K), 0.0571260 secs] 5120658K->4800397K(12541952K), 0.0574950 secs] [Times: user=0.40 sys=0.00, real=0.05 secs] 
2011-03-01T03:23:12.970+0000: 8494.361: [GC 8494.361: [ParNew: 354083K->11313K(368640K), 0.0456510 secs] 5128047K->4798834K(12541952K), 0.0460190 secs] [Times: user=0.35 sys=0.00, real=0.05 secs] 
2011-03-01T03:23:15.155+0000: 8496.547: [GC 8496.547: [ParNew: 338993K->40612K(368640K), 0.0478370 secs] 5126514K->4828134K(12541952K), 0.0482030 secs] [Times: user=0.35 sys=0.00, real=0.05 secs] 
2011-03-01T03:23:17.577+0000: 8498.968: [GC 8498.968: [ParNew: 368292K->27265K(368640K), 0.0593350 secs] 5155814K->4835333K(12541952K), 0.0597250 secs] [Times: user=0.41 sys=0.00, real=0.06 secs] 
2011-03-01T03:23:19.279+0000: 8500.670: [GC 8500.671: [ParNew: 354945K->21577K(368640K), 0.0533870 secs] 5163013K->4845355K(12541952K), 0.0538560 secs] [Times: user=0.41 sys=0.00, real=0.06 secs] 
2011-03-01T03:23:20.480+0000: 8501.872: [GC 8501.872: [ParNew: 349257K->40960K(368640K), 0.0535280 secs] 5173035K->4873546K(12541952K), 0.0540160 secs] [Times: user=0.41 sys=0.00, real=0.06 secs] 
2011-03-01T03:23:21.951+0000: 8503.343: [GC 8503.343: [ParNew: 368640K->22134K(368640K), 0.0624440 secs] 5201226K->4878845K(12541952K), 0.0629400 secs] [Times: user=0.43 sys=0.01, real=0.07 secs] 
2011-03-01T03:23:23.212+0000: 8504.603: [GC 8504.603: [ParNew: 349814K->40960K(368640K), 0.0468240 secs] 5206525K->4897766K(12541952K), 0.0472530 secs] [Times: user=0.38 sys=0.00, real=0.05 secs] 
2011-03-01T03:23:24.664+0000: 8506.055: [GC 8506.055: [ParNew: 368640K->29995K(368640K), 0.0669280 secs] 5225446K->4917754K(12541952K), 0.0672960 secs] [Times: user=0.46 sys=0.00, real=0.06 secs] 
2011-03-01T03:23:26.378+0000: 8507.770: [GC 8507.770: [ParNew: 357675K->40960K(368640K), 0.0475610 secs] 5245434K->4930088K(12541952K), 0.0479200 secs] [Times: user=0.39 sys=0.01, real=0.05 secs] 
2011-03-01T03:23:28.696+0000: 8510.087: [GC 8510.087: [ParNew: 368640K->24274K(368640K), 0.0689700 secs] 5257768K->4943348K(12541952K), 0.0693290 secs] [Times: user=0.49 sys=0.00, real=0.07 secs] 
2011-03-01T03:23:30.663+0000: 8512.054: [GC 8512.054: [ParNew: 351954K->40960K(368640K), 0.0552950 secs] 5271028K->4968395K(12541952K), 0.0557820 secs] [Times: user=0.43 sys=0.01, real=0.05 secs] 
2011-03-01T03:23:31.866+0000: 8513.258: [GC 8513.258: [ParNew: 368640K->18540K(368640K), 0.0542890 secs] 5296075K->4972476K(12541952K), 0.0547760 secs] [Times: user=0.40 sys=0.00, real=0.05 secs] 
2011-03-01T03:23:33.242+0000: 8514.633: [GC 8514.634: [ParNew: 346220K->40960K(368640K), 0.0425780 secs] 5300156K->4996077K(12541952K), 0.0430640 secs] [Times: user=0.37 sys=0.00, real=0.05 secs] 
2011-03-01T03:23:34.717+0000: 8516.109: [GC 8516.109: [ParNew: 368640K->20642K(368640K), 0.0581680 secs] 5323757K->4998170K(12541952K), 0.0586510 secs] [Times: user=0.41 sys=0.00, real=0.06 secs] 
2011-03-01T03:23:35.940+0000: 8517.332: [GC 8517.332: [ParNew: 348322K->40960K(368640K), 0.0449020 secs] 5325850K->5022655K(12541952K), 0.0453900 secs] [Times: user=0.39 sys=0.00, real=0.05 secs] 
2011-03-01T03:23:37.379+0000: 8518.771: [GC 8518.771: [ParNew: 368640K->28149K(368640K), 0.0581230 secs] 5350335K->5033850K(12541952K), 0.0586140 secs] [Times: user=0.42 sys=0.00, real=0.06 secs] 
2011-03-01T03:23:38.495+0000: 8519.886: [GC 8519.886: [ParNew: 355829K->40960K(368640K), 0.0465110 secs] 5361530K->5053612K(12541952K), 0.0469990 secs] [Times: user=0.31 sys=0.00, real=0.04 secs] 
2011-03-01T03:23:38.890+0000: 8520.281: [GC 8520.281: [ParNew: 368640K->40960K(368640K), 0.0602030 secs] 5381292K->5072735K(12541952K), 0.0606710 secs] [Times: user=0.47 sys=0.00, real=0.06 secs] 
2011-03-01T03:23:39.196+0000: 8520.588: [GC 8520.588: [ParNew: 368640K->40960K(368640K), 0.0540400 secs] 5400415K->5086444K(12541952K), 0.0545270 secs] [Times: user=0.40 sys=0.00, real=0.05 secs] 
2011-03-01T03:23:39.543+0000: 8520.935: [GC 8520.935: [ParNew: 368640K->40960K(368640K), 0.0532850 secs] 5414124K->5100503K(12541952K), 0.0537650 secs] [Times: user=0.39 sys=0.01, real=0.05 secs] 
2011-03-01T03:23:39.922+0000: 8521.314: [GC 8521.314: [ParNew: 368640K->40960K(368640K), 0.0527910 secs] 5428183K->5112687K(12541952K), 0.0532830 secs] [Times: user=0.33 sys=0.00, real=0.05 secs] 
2011-03-01T03:23:40.334+0000: 8521.725: [GC 8521.725: [ParNew: 368640K->40960K(368640K), 0.0539670 secs] 5440367K->5129675K(12541952K), 0.0544540 secs] [Times: user=0.39 sys=0.00, real=0.05 secs] 
2011-03-01T03:23:41.002+0000: 8522.393: [GC 8522.393: [ParNew: 368640K->40960K(368640K), 0.0847950 secs] 5457355K->5157563K(12541952K), 0.0852850 secs] [Times: user=0.67 sys=0.00, real=0.09 secs] 
2011-03-01T03:23:41.296+0000: 8522.687: [GC 8522.687: [ParNew: 368640K->40960K(368640K), 0.0523380 secs] 5485243K->5178838K(12541952K), 0.0528270 secs] [Times: user=0.39 sys=0.01, real=0.05 secs] 
2011-03-01T03:23:42.117+0000: 8523.508: [GC 8523.508: [ParNew: 368640K->33787K(368640K), 0.0430820 secs] 5506518K->5181987K(12541952K), 0.0435440 secs] [Times: user=0.30 sys=0.00, real=0.04 secs] 
2011-03-01T03:23:42.522+0000: 8523.913: [GC 8523.913: [ParNew: 361467K->30164K(368640K), 0.0414130 secs] 5509667K->5191236K(12541952K), 0.0419240 secs] [Times: user=0.32 sys=0.00, real=0.05 secs] 
2011-03-01T03:23:43.316+0000: 8524.708: [GC 8524.708: [ParNew: 357844K->11527K(368640K), 0.0362840 secs] 5518916K->5181562K(12541952K), 0.0367700 secs] [Times: user=0.24 sys=0.00, real=0.04 secs] 
2011-03-01T03:23:44.518+0000: 8525.909: [GC 8525.909: [ParNew: 339207K->32114K(368640K), 0.0350320 secs] 5509242K->5202149K(12541952K), 0.0355150 secs] [Times: user=0.27 sys=0.00, real=0.04 secs] 
2011-03-01T03:23:46.203+0000: 8527.595: [GC 8527.595: [ParNew: 359794K->40960K(368640K), 0.0489490 secs] 5529829K->5217823K(12541952K), 0.0494250 secs] [Times: user=0.32 sys=0.00, real=0.05 secs] 
2011-03-01T03:23:47.435+0000: 8528.827: [GC 8528.827: [ParNew: 368640K->26695K(368640K), 0.0435090 secs] 5545503K->5218620K(12541952K), 0.0439970 secs] [Times: user=0.32 sys=0.00, real=0.04 secs] 
2011-03-01T03:23:48.885+0000: 8530.276: [GC 8530.277: [ParNew: 354375K->23364K(368640K), 0.0367750 secs] 5546300K->5223869K(12541952K), 0.0371380 secs] [Times: user=0.24 sys=0.00, real=0.04 secs] 
2011-03-01T03:23:51.011+0000: 8532.402: [GC 8532.402: [ParNew: 351044K->40960K(368640K), 0.0340990 secs] 5551549K->5245998K(12541952K), 0.0344560 secs] [Times: user=0.30 sys=0.00, real=0.04 secs] 
2011-03-01T03:23:53.398+0000: 8534.789: [GC 8534.789: [ParNew: 368640K->20185K(368640K), 0.0344600 secs] 5573678K->5233639K(12541952K), 0.0349520 secs] [Times: user=0.24 sys=0.00, real=0.04 secs] 
2011-03-01T03:23:54.841+0000: 8536.232: [GC 8536.232: [ParNew: 347831K->40960K(368640K), 0.0361010 secs] 5561285K->5258907K(12541952K), 0.0366000 secs] [Times: user=0.29 sys=0.00, real=0.04 secs] 
2011-03-01T03:23:55.524+0000: 8536.915: [GC 8536.916: [ParNew: 368640K->19469K(368640K), 0.0443000 secs] 5586587K->5249530K(12541952K), 0.0448300 secs] [Times: user=0.34 sys=0.00, real=0.04 secs] 
2011-03-01T03:23:56.102+0000: 8537.493: [GC 8537.493: [ParNew: 347129K->31423K(368640K), 0.0332330 secs] 5577190K->5261484K(12541952K), 0.0336050 secs] [Times: user=0.29 sys=0.00, real=0.04 secs] 
2011-03-01T03:23:56.747+0000: 8538.138: [GC 8538.138: [ParNew: 359103K->19440K(368640K), 0.0365300 secs] 5589164K->5259186K(12541952K), 0.0368980 secs] [Times: user=0.24 sys=0.00, real=0.04 secs] 
2011-03-01T03:23:57.378+0000: 8538.769: [GC 8538.769: [ParNew: 347120K->24946K(368640K), 0.0324470 secs] 5586866K->5264692K(12541952K), 0.0328190 secs] [Times: user=0.24 sys=0.00, real=0.03 secs] 
2011-03-01T03:23:58.072+0000: 8539.463: [GC 8539.463: [ParNew: 352626K->23735K(368640K), 0.0347880 secs] 5592372K->5267714K(12541952K), 0.0351610 secs] [Times: user=0.28 sys=0.01, real=0.04 secs] 
2011-03-01T03:23:59.174+0000: 8540.565: [GC 8540.566: [ParNew: 351373K->38888K(368640K), 0.0361310 secs] 5595351K->5282866K(12541952K), 0.0364990 secs] [Times: user=0.26 sys=0.00, real=0.03 secs] 
2011-03-01T03:24:00.853+0000: 8542.244: [GC 8542.244: [ParNew: 366568K->40250K(368640K), 0.0490530 secs] 5610546K->5297310K(12541952K), 0.0494340 secs] [Times: user=0.35 sys=0.00, real=0.05 secs] 
2011-03-01T03:24:01.833+0000: 8543.225: [GC 8543.225: [ParNew: 367930K->20457K(368640K), 0.0431790 secs] 5624989K->5289711K(12541952K), 0.0435450 secs] [Times: user=0.31 sys=0.01, real=0.04 secs] 
2011-03-01T03:24:02.729+0000: 8544.121: [GC 8544.121: [ParNew: 348124K->35870K(368640K), 0.0333900 secs] 5617379K->5305125K(12541952K), 0.0337650 secs] [Times: user=0.27 sys=0.00, real=0.04 secs] 
2011-03-01T03:24:03.689+0000: 8545.080: [GC 8545.080: [ParNew: 363500K->17285K(368640K), 0.0394480 secs] 5632754K->5300827K(12541952K), 0.0398250 secs] [Times: user=0.31 sys=0.00, real=0.04 secs] 
2011-03-01T03:24:05.164+0000: 8546.556: [GC 8546.556: [ParNew: 344965K->23093K(368640K), 0.0278130 secs] 5628507K->5306635K(12541952K), 0.0281950 secs] [Times: user=0.16 sys=0.00, real=0.03 secs] 
2011-03-01T03:24:07.010+0000: 8548.402: [GC 8548.402: [ParNew: 350773K->26608K(368640K), 0.0382710 secs] 5634315K->5310150K(12541952K), 0.0386370 secs] [Times: user=0.26 sys=0.01, real=0.04 secs] 
2011-03-01T03:24:09.532+0000: 8550.923: [GC 8550.923: [ParNew: 354288K->40960K(368640K), 0.0413740 secs] 5637830K->5330004K(12541952K), 0.0417370 secs] [Times: user=0.32 sys=0.00, real=0.05 secs] 
2011-03-01T03:24:11.676+0000: 8553.068: [GC 8553.068: [ParNew: 368640K->32638K(368640K), 0.0467880 secs] 5657684K->5332546K(12541952K), 0.0471420 secs] [Times: user=0.33 sys=0.00, real=0.05 secs] 
2011-03-01T03:24:13.833+0000: 8555.224: [GC 8555.224: [ParNew: 360318K->40704K(368640K), 0.0413080 secs] 5660226K->5350827K(12541952K), 0.0416840 secs] [Times: user=0.32 sys=0.00, real=0.04 secs] 
2011-03-01T03:24:15.883+0000: 8557.274: [GC 8557.274: [ParNew: 368384K->12585K(368640K), 0.0463140 secs] 5678507K->5335148K(12541952K), 0.0467010 secs] [Times: user=0.35 sys=0.01, real=0.04 secs] 
2011-03-01T03:24:18.386+0000: 8559.777: [GC 8559.777: [ParNew: 340265K->28081K(368640K), 0.0358940 secs] 5662828K->5350644K(12541952K), 0.0362520 secs] [Times: user=0.24 sys=0.00, real=0.03 secs] 
2011-03-01T03:24:20.142+0000: 8561.533: [GC 8561.533: [ParNew: 355761K->23833K(368640K), 0.0467230 secs] 5678324K->5358293K(12541952K), 0.0470860 secs] [Times: user=0.38 sys=0.00, real=0.05 secs] 
2011-03-01T03:24:21.590+0000: 8562.981: [GC 8562.981: [ParNew: 351513K->35491K(368640K), 0.0380220 secs] 5685973K->5369951K(12541952K), 0.0383750 secs] [Times: user=0.32 sys=0.00, real=0.04 secs] 
2011-03-01T03:24:22.790+0000: 8564.181: [GC 8564.181: [ParNew: 363171K->40960K(368640K), 0.0746740 secs] 5697631K->5400857K(12541952K), 0.0750320 secs] [Times: user=0.60 sys=0.00, real=0.08 secs] 
2011-03-01T03:24:24.283+0000: 8565.674: [GC 8565.674: [ParNew: 368640K->30674K(368640K), 0.0324410 secs] 5728537K->5398865K(12541952K), 0.0329270 secs] [Times: user=0.27 sys=0.00, real=0.03 secs] 
2011-03-01T03:24:25.595+0000: 8566.986: [GC 8566.986: [ParNew: 358418K->37001K(368640K), 0.0442290 secs] 5726608K->5415282K(12541952K), 0.0447360 secs] [Times: user=0.33 sys=0.00, real=0.04 secs] 
2011-03-01T03:24:25.642+0000: 8567.034: [GC 8567.034: [ParNew: 37043K->6070K(368640K), 0.0397690 secs] 5415323K->5399965K(12541952K), 0.0401850 secs] [Times: user=0.29 sys=0.00, real=0.04 secs] 
2011-03-01T03:24:27.868+0000: 8569.259: [GC 8569.260: [ParNew: 333750K->18059K(368640K), 0.0313010 secs] 5727645K->5411953K(12541952K), 0.0317980 secs] [Times: user=0.24 sys=0.00, real=0.03 secs] 
2011-03-01T03:24:30.279+0000: 8571.670: [GC 8571.670: [ParNew: 345739K->32170K(368640K), 0.0343140 secs] 5739633K->5426064K(12541952K), 0.0348240 secs] [Times: user=0.27 sys=0.00, real=0.04 secs] 
2011-03-01T03:24:31.450+0000: 8572.841: [GC 8572.841: [ParNew: 359850K->36444K(368640K), 0.0337370 secs] 5753744K->5436547K(12541952K), 0.0342370 secs] [Times: user=0.25 sys=0.00, real=0.04 secs] 
2011-03-01T03:24:32.935+0000: 8574.326: [GC 8574.326: [ParNew: 364102K->28086K(368640K), 0.0340390 secs] 5764205K->5436381K(12541952K), 0.0345380 secs] [Times: user=0.23 sys=0.01, real=0.03 secs] 
2011-03-01T03:24:34.254+0000: 8575.645: [GC 8575.645: [ParNew: 355766K->32919K(368640K), 0.0339370 secs] 5764061K->5447540K(12541952K), 0.0344210 secs] [Times: user=0.24 sys=0.01, real=0.03 secs] 
2011-03-01T03:24:35.266+0000: 8576.657: [GC 8576.657: [ParNew: 360599K->40960K(368640K), 0.0418000 secs] 5775220K->5465383K(12541952K), 0.0421660 secs] [Times: user=0.31 sys=0.01, real=0.04 secs] 
2011-03-01T03:24:35.815+0000: 8577.206: [GC 8577.206: [ParNew: 368640K->26710K(368640K), 0.0548680 secs] 5793063K->5469351K(12541952K), 0.0552320 secs] [Times: user=0.39 sys=0.01, real=0.05 secs] 
2011-03-01T03:24:36.176+0000: 8577.567: [GC 8577.567: [ParNew: 354390K->35237K(368640K), 0.0507390 secs] 5797031K->5488232K(12541952K), 0.0512360 secs] [Times: user=0.34 sys=0.00, real=0.05 secs] 
2011-03-01T03:24:36.496+0000: 8577.887: [GC 8577.887: [ParNew: 362917K->38782K(368640K), 0.0477460 secs] 5815912K->5503421K(12541952K), 0.0482240 secs] [Times: user=0.30 sys=0.00, real=0.05 secs] 
2011-03-01T03:24:36.823+0000: 8578.214: [GC 8578.214: [ParNew: 366462K->36445K(368640K), 0.0485400 secs] 5831101K->5510704K(12541952K), 0.0490300 secs] [Times: user=0.35 sys=0.00, real=0.05 secs] 
2011-03-01T03:24:37.246+0000: 8578.637: [GC 8578.638: [ParNew: 364125K->32625K(368640K), 0.0524970 secs] 5838384K->5517896K(12541952K), 0.0529930 secs] [Times: user=0.38 sys=0.00, real=0.05 secs] 
2011-03-01T03:24:37.559+0000: 8578.950: [GC 8578.950: [ParNew: 360305K->40960K(368640K), 0.1175900 secs] 5845576K->5563452K(12541952K), 0.1181340 secs] [Times: user=0.82 sys=0.02, real=0.12 secs] 
2011-03-01T03:24:37.916+0000: 8579.307: [GC 8579.307: [ParNew: 368640K->40960K(368640K), 0.1106490 secs] 5891132K->5598311K(12541952K), 0.1110260 secs] [Times: user=0.79 sys=0.00, real=0.11 secs] 
2011-03-01T03:24:38.266+0000: 8579.657: [GC 8579.657: [ParNew: 368640K->40960K(368640K), 0.0600830 secs] 5925991K->5616728K(12541952K), 0.0604530 secs] [Times: user=0.41 sys=0.00, real=0.06 secs] 
2011-03-01T03:24:38.901+0000: 8580.292: [GC 8580.292: [ParNew: 368640K->40960K(368640K), 0.0448730 secs] 5944408K->5623989K(12541952K), 0.0452360 secs] [Times: user=0.39 sys=0.00, real=0.05 secs] 
2011-03-01T03:24:39.825+0000: 8581.216: [GC 8581.216: [ParNew: 368640K->13887K(368640K), 0.0383050 secs] 5951669K->5609708K(12541952K), 0.0386640 secs] [Times: user=0.24 sys=0.01, real=0.04 secs] 
2011-03-01T03:24:41.553+0000: 8582.944: [GC 8582.945: [ParNew: 341567K->27914K(368640K), 0.0353210 secs] 5937388K->5623735K(12541952K), 0.0357050 secs] [Times: user=0.25 sys=0.00, real=0.03 secs] 
2011-03-01T03:24:43.713+0000: 8585.104: [GC 8585.104: [ParNew: 355594K->18715K(368640K), 0.0433020 secs] 5951415K->5628989K(12541952K), 0.0436650 secs] [Times: user=0.31 sys=0.00, real=0.04 secs] 
2011-03-01T03:24:44.540+0000: 8585.932: [GC 8585.932: [ParNew: 346395K->38802K(368640K), 0.0330310 secs] 5956669K->5649077K(12541952K), 0.0333870 secs] [Times: user=0.29 sys=0.00, real=0.04 secs] 
2011-03-01T03:24:45.811+0000: 8587.202: [GC 8587.202: [ParNew: 366576K->34229K(368640K), 0.0438070 secs] 5976851K->5650582K(12541952K), 0.0443020 secs] [Times: user=0.34 sys=0.00, real=0.05 secs] 
2011-03-01T03:24:45.860+0000: 8587.252: [GC 8587.252: [ParNew: 37975K->13619K(368640K), 0.0416110 secs] 5654328K->5650918K(12541952K), 0.0420820 secs] [Times: user=0.32 sys=0.00, real=0.05 secs] 
2011-03-01T03:24:47.203+0000: 8588.594: [GC 8588.595: [ParNew: 341299K->21406K(368640K), 0.0298390 secs] 5978598K->5658705K(12541952K), 0.0303250 secs] [Times: user=0.20 sys=0.00, real=0.03 secs] 
2011-03-01T03:24:48.822+0000: 8590.213: [GC 8590.213: [ParNew: 349086K->40960K(368640K), 0.0333710 secs] 5986385K->5678700K(12541952K), 0.0338550 secs] [Times: user=0.29 sys=0.00, real=0.04 secs] 
2011-03-01T03:24:49.986+0000: 8591.377: [GC 8591.377: [ParNew: 368640K->12269K(368640K), 0.0377310 secs] 6006380K->5667368K(12541952K), 0.0382330 secs] [Times: user=0.24 sys=0.00, real=0.04 secs] 
2011-03-01T03:24:51.798+0000: 8593.189: [GC 8593.190: [ParNew: 338724K->40960K(368640K), 0.0596770 secs] 5993823K->5696259K(12541952K), 0.0601620 secs] [Times: user=0.48 sys=0.00, real=0.06 secs] 
2011-03-01T03:24:53.948+0000: 8595.339: [GC 8595.340: [ParNew: 368640K->31140K(368640K), 0.0625400 secs] 6023939K->5714978K(12541952K), 0.0677320 secs] [Times: user=0.44 sys=0.00, real=0.07 secs] 
2011-03-01T03:24:54.930+0000: 8596.322: [GC 8596.322: [ParNew: 358820K->7520K(368640K), 0.0274660 secs] 6042658K->5703236K(12541952K), 0.0280250 secs] [Times: user=0.24 sys=0.00, real=0.03 secs] 
2011-03-01T03:24:55.622+0000: 8597.013: [GC 8597.014: [ParNew: 335200K->22715K(368640K), 0.0235460 secs] 6030916K->5718431K(12541952K), 0.0241020 secs] [Times: user=0.22 sys=0.00, real=0.03 secs] 
2011-03-01T03:24:56.179+0000: 8597.571: [GC 8597.571: [ParNew: 350365K->29291K(368640K), 0.0285430 secs] 6046081K->5727637K(12541952K), 0.0289550 secs] [Times: user=0.24 sys=0.00, real=0.03 secs] 
2011-03-01T03:24:57.148+0000: 8598.539: [GC 8598.540: [ParNew: 356971K->21827K(368640K), 0.0262560 secs] 6055317K->5724386K(12541952K), 0.0266340 secs] [Times: user=0.20 sys=0.00, real=0.03 secs] 
2011-03-01T03:24:57.919+0000: 8599.310: [GC 8599.310: [ParNew: 349507K->27368K(368640K), 0.0254500 secs] 6052066K->5729927K(12541952K), 0.0258220 secs] [Times: user=0.22 sys=0.00, real=0.03 secs] 
2011-03-01T03:24:58.346+0000: 8599.738: [GC 8599.738: [ParNew: 355048K->31649K(368640K), 0.0417300 secs] 6057607K->5740155K(12541952K), 0.0421070 secs] [Times: user=0.32 sys=0.00, real=0.04 secs] 
2011-03-01T03:24:59.325+0000: 8600.716: [GC 8600.717: [ParNew: 359308K->21224K(368640K), 0.0530050 secs] 6067814K->5739448K(12541952K), 0.0550590 secs] [Times: user=0.31 sys=0.01, real=0.05 secs] 
2011-03-01T03:25:00.116+0000: 8601.507: [GC 8601.507: [ParNew: 348904K->33046K(368640K), 0.0295280 secs] 6067128K->5751270K(12541952K), 0.0299020 secs] [Times: user=0.24 sys=0.00, real=0.03 secs] 
2011-03-01T03:25:00.546+0000: 8601.937: [GC 8601.937: [ParNew: 360726K->40960K(368640K), 0.0359290 secs] 6078950K->5766429K(12541952K), 0.0363010 secs] [Times: user=0.23 sys=0.00, real=0.03 secs] 
2011-03-01T03:25:01.373+0000: 8602.765: [GC 8602.765: [ParNew: 368640K->13529K(368640K), 0.0415650 secs] 6094109K->5752096K(12541952K), 0.0419420 secs] [Times: user=0.27 sys=0.00, real=0.04 secs] 
2011-03-01T03:25:03.410+0000: 8604.801: [GC 8604.802: [ParNew: 341209K->40960K(368640K), 0.0361860 secs] 6079776K->5779712K(12541952K), 0.0365610 secs] [Times: user=0.31 sys=0.00, real=0.04 secs] 
2011-03-01T03:25:05.556+0000: 8606.947: [GC 8606.947: [ParNew: 368640K->8822K(368640K), 0.0412560 secs] 6107392K->5763954K(12541952K), 0.0416270 secs] [Times: user=0.32 sys=0.00, real=0.04 secs] 
2011-03-01T03:25:07.495+0000: 8608.887: [GC 8608.887: [ParNew: 336502K->26317K(368640K), 0.0278940 secs] 6091634K->5781449K(12541952K), 0.0282630 secs] [Times: user=0.18 sys=0.00, real=0.03 secs] 
2011-03-01T03:25:09.717+0000: 8611.108: [GC 8611.108: [ParNew: 353997K->39763K(368640K), 0.0381010 secs] 6109129K->5799501K(12541952K), 0.0384800 secs] [Times: user=0.28 sys=0.00, real=0.04 secs] 
2011-03-01T03:25:11.396+0000: 8612.787: [GC 8612.787: [ParNew: 367443K->8775K(368640K), 0.0405480 secs] 6127181K->5782714K(12541952K), 0.0409230 secs] [Times: user=0.33 sys=0.00, real=0.04 secs] 
2011-03-01T03:25:13.439+0000: 8614.831: [GC 8614.831: [ParNew: 336455K->31850K(368640K), 0.0341630 secs] 6110394K->5805789K(12541952K), 0.0345230 secs] [Times: user=0.27 sys=0.00, real=0.04 secs] 
2011-03-01T03:25:15.864+0000: 8617.255: [GC 8617.255: [ParNew: 359530K->9251K(368640K), 0.0411900 secs] 6133469K->5797021K(12541952K), 0.0415520 secs] [Times: user=0.27 sys=0.00, real=0.04 secs] 
2011-03-01T03:25:18.418+0000: 8619.810: [GC 8619.810: [ParNew: 336931K->37793K(368640K), 0.0360170 secs] 6124701K->5825563K(12541952K), 0.0363720 secs] [Times: user=0.31 sys=0.00, real=0.04 secs] 
2011-03-01T03:25:19.951+0000: 8621.342: [GC 8621.342: [ParNew: 365473K->10340K(368640K), 0.0448090 secs] 6153243K->5812691K(12541952K), 0.0451680 secs] [Times: user=0.35 sys=0.00, real=0.05 secs] 
2011-03-01T03:25:21.580+0000: 8622.971: [GC 8622.971: [ParNew: 338020K->35832K(368640K), 0.0376150 secs] 6140371K->5838183K(12541952K), 0.0415900 secs] [Times: user=0.24 sys=0.00, real=0.04 secs] 
2011-03-01T03:25:22.949+0000: 8624.340: [GC 8624.340: [ParNew: 363512K->14008K(368640K), 0.0430870 secs] 6165863K->5831281K(12541952K), 0.0434640 secs] [Times: user=0.31 sys=0.00, real=0.05 secs] 
2011-03-01T03:25:24.350+0000: 8625.741: [GC 8625.741: [ParNew: 341688K->39620K(368640K), 0.0303050 secs] 6158961K->5856893K(12541952K), 0.0306860 secs] [Times: user=0.24 sys=0.00, real=0.03 secs] 
2011-03-01T03:25:25.968+0000: 8627.360: [GC 8627.360: [ParNew: 367300K->10911K(368640K), 0.0358030 secs] 6184573K->5842936K(12541952K), 0.0361600 secs] [Times: user=0.23 sys=0.00, real=0.04 secs] 
2011-03-01T03:25:28.170+0000: 8629.561: [GC 8629.561: [ParNew: 338591K->40960K(368640K), 0.0285010 secs] 6170616K->5873030K(12541952K), 0.0288620 secs] [Times: user=0.24 sys=0.00, real=0.03 secs] 
2011-03-01T03:25:30.437+0000: 8631.828: [GC 8631.828: [ParNew: 368640K->26958K(368640K), 0.0357170 secs] 6200710K->5873442K(12541952K), 0.0363700 secs] [Times: user=0.25 sys=0.00, real=0.04 secs] 
2011-03-01T03:25:31.131+0000: 8632.522: [GC 8632.523: [ParNew: 354638K->20897K(368640K), 0.0478850 secs] 6201122K->5939227K(12541952K), 0.0483700 secs] [Times: user=0.40 sys=0.00, real=0.05 secs] 
2011-03-01T03:25:31.750+0000: 8633.141: [GC 8633.142: [ParNew: 348577K->40960K(368640K), 0.0323640 secs] 6266907K->5961337K(12541952K), 0.0328440 secs] [Times: user=0.25 sys=0.00, real=0.04 secs] 
2011-03-01T03:25:32.380+0000: 8633.771: [GC 8633.771: [ParNew: 368640K->30893K(368640K), 0.0377850 secs] 6289017K->5966087K(12541952K), 0.0382700 secs] [Times: user=0.32 sys=0.00, real=0.04 secs] 
2011-03-01T03:25:33.064+0000: 8634.455: [GC 8634.455: [ParNew: 358573K->25915K(368640K), 0.0518900 secs] 6293767K->5968766K(12541952K), 0.0523740 secs] [Times: user=0.39 sys=0.01, real=0.05 secs] 
2011-03-01T03:25:33.721+0000: 8635.113: [GC 8635.113: [ParNew: 353595K->35888K(368640K), 0.0474720 secs] 6296446K->5978740K(12541952K), 0.0479550 secs] [Times: user=0.37 sys=0.01, real=0.05 secs] 
2011-03-01T03:25:34.354+0000: 8635.745: [GC 8635.746: [ParNew: 363568K->40960K(368640K), 0.0611320 secs] 6306420K->5991094K(12541952K), 0.0616160 secs] [Times: user=0.48 sys=0.00, real=0.06 secs] 
2011-03-01T03:25:35.139+0000: 8636.530: [GC 8636.531: [ParNew: 368640K->40323K(368640K), 0.0678970 secs] 6318774K->6002196K(12541952K), 0.0682570 secs] [Times: user=0.46 sys=0.01, real=0.07 secs] 
2011-03-01T03:25:35.663+0000: 8637.054: [GC 8637.054: [ParNew: 368003K->18926K(368640K), 0.0596870 secs] 6329876K->5998320K(12541952K), 0.0600470 secs] [Times: user=0.42 sys=0.01, real=0.06 secs] 
2011-03-01T03:25:36.579+0000: 8637.970: [GC 8637.970: [ParNew: 346606K->40960K(368640K), 0.0547290 secs] 6326000K->6117938K(12541952K), 0.0550960 secs] [Times: user=0.40 sys=0.00, real=0.06 secs] 
2011-03-01T03:25:36.806+0000: 8638.197: [GC 8638.197: [ParNew: 368640K->40960K(368640K), 0.0822840 secs] 6445618K->6151012K(12541952K), 0.0827800 secs] [Times: user=0.53 sys=0.02, real=0.08 secs] 
2011-03-01T03:25:37.055+0000: 8638.446: [GC 8638.446: [ParNew: 360580K->40960K(368640K), 0.0681290 secs] 6470633K->6178603K(12541952K), 0.0701310 secs] [Times: user=0.49 sys=0.00, real=0.07 secs] 
2011-03-01T03:25:37.361+0000: 8638.753: [GC 8638.753: [ParNew: 368640K->40960K(368640K), 0.0716740 secs] 6506283K->6270706K(12541952K), 0.0721710 secs] [Times: user=0.54 sys=0.01, real=0.08 secs] 
2011-03-01T03:25:37.618+0000: 8639.009: [GC 8639.009: [ParNew: 368640K->38500K(368640K), 0.0683200 secs] 6598386K->6276746K(12541952K), 0.0687480 secs] [Times: user=0.41 sys=0.00, real=0.07 secs] 
2011-03-01T03:25:37.856+0000: 8639.247: [GC 8639.248: [ParNew: 366131K->40960K(368640K), 0.0644830 secs] 6604377K->6292820K(12541952K), 0.0648420 secs] [Times: user=0.45 sys=0.01, real=0.06 secs] 
2011-03-01T03:25:38.094+0000: 8639.485: [GC 8639.485: [ParNew: 368640K->36789K(368640K), 0.0558820 secs] 6620500K->6307999K(12541952K), 0.0562470 secs] [Times: user=0.39 sys=0.01, real=0.05 secs] 
2011-03-01T03:25:38.352+0000: 8639.743: [GC 8639.743: [ParNew: 364469K->40960K(368640K), 0.0624820 secs] 6635679K->6329463K(12541952K), 0.0628480 secs] [Times: user=0.46 sys=0.02, real=0.07 secs] 
2011-03-01T03:25:38.621+0000: 8640.012: [GC 8640.013: [ParNew: 368640K->40960K(368640K), 0.0643880 secs] 6657143K->6352063K(12541952K), 0.0647750 secs] [Times: user=0.47 sys=0.01, real=0.07 secs] 
2011-03-01T03:25:38.931+0000: 8640.322: [GC 8640.322: [ParNew: 368640K->32642K(368640K), 0.0567630 secs] 6679743K->6358051K(12541952K), 0.0571310 secs] [Times: user=0.44 sys=0.00, real=0.06 secs] 
2011-03-01T03:25:39.337+0000: 8640.728: [GC 8640.728: [ParNew: 360322K->40960K(368640K), 0.0730930 secs] 6685731K->6382009K(12541952K), 0.0734590 secs] [Times: user=0.55 sys=0.01, real=0.07 secs] 
2011-03-01T03:25:39.681+0000: 8641.072: [GC 8641.072: [ParNew: 368640K->26178K(368640K), 0.0528560 secs] 6709689K->6380282K(12541952K), 0.0532190 secs] [Times: user=0.41 sys=0.00, real=0.06 secs] 
2011-03-01T03:25:40.070+0000: 8641.462: [GC 8641.462: [ParNew: 353858K->35765K(368640K), 0.0467560 secs] 6707962K->6389869K(12541952K), 0.0471200 secs] [Times: user=0.40 sys=0.00, real=0.05 secs] 
2011-03-01T03:25:40.547+0000: 8641.938: [GC 8641.938: [ParNew: 363445K->29733K(368640K), 0.0619070 secs] 6717549K->6394283K(12541952K), 0.0622670 secs] [Times: user=0.48 sys=0.00, real=0.06 secs] 
2011-03-01T03:25:40.994+0000: 8642.385: [GC 8642.386: [ParNew: 357413K->26604K(368640K), 0.0598730 secs] 6721963K->6401456K(12541952K), 0.0602350 secs] [Times: user=0.43 sys=0.00, real=0.06 secs] 
2011-03-01T03:25:41.497+0000: 8642.889: [GC 8642.889: [ParNew: 354284K->19902K(368640K), 0.0565500 secs] 6729136K->6403081K(12541952K), 0.0569810 secs] [Times: user=0.41 sys=0.00, real=0.06 secs] 
2011-03-01T03:25:41.950+0000: 8643.341: [GC 8643.341: [ParNew: 347582K->17427K(368640K), 0.0557500 secs] 6730761K->6409103K(12541952K), 0.0562330 secs] [Times: user=0.45 sys=0.00, real=0.06 secs] 
2011-03-01T03:25:42.445+0000: 8643.836: [GC 8643.837: [ParNew: 345107K->34230K(368640K), 0.0509750 secs] 6736783K->6425907K(12541952K), 0.0514550 secs] [Times: user=0.40 sys=0.00, real=0.05 secs] 
2011-03-01T03:25:43.248+0000: 8644.640: [GC 8644.640: [ParNew: 361910K->34038K(368640K), 0.0620610 secs] 6753587K->6431685K(12541952K), 0.0625390 secs] [Times: user=0.48 sys=0.00, real=0.06 secs] 
2011-03-01T03:25:44.529+0000: 8645.920: [GC 8645.920: [ParNew: 361718K->33090K(368640K), 0.0739580 secs] 6759365K->6453149K(12541952K), 0.0744500 secs] [Times: user=0.57 sys=0.00, real=0.08 secs] 
2011-03-01T03:25:45.973+0000: 8647.364: [GC 8647.364: [ParNew: 360770K->31543K(368640K), 0.0540190 secs] 6780829K->6469835K(12541952K), 0.0545100 secs] [Times: user=0.37 sys=0.01, real=0.05 secs] 
2011-03-01T03:25:47.272+0000: 8648.663: [GC 8648.664: [ParNew: 359223K->29473K(368640K), 0.0526340 secs] 6797515K->6482603K(12541952K), 0.0531260 secs] [Times: user=0.35 sys=0.00, real=0.05 secs] 
2011-03-01T03:25:48.756+0000: 8650.147: [GC 8650.147: [ParNew: 357153K->30850K(368640K), 0.0544570 secs] 6810283K->6501412K(12541952K), 0.0548230 secs] [Times: user=0.40 sys=0.00, real=0.05 secs] 
2011-03-01T03:25:50.143+0000: 8651.534: [GC 8651.534: [ParNew: 358530K->40960K(368640K), 0.0617880 secs] 6829092K->6529067K(12541952K), 0.0621660 secs] [Times: user=0.45 sys=0.01, real=0.06 secs] 
2011-03-01T03:25:52.481+0000: 8653.872: [GC 8653.872: [ParNew: 368640K->32707K(368640K), 0.0552680 secs] 6856747K->6538244K(12541952K), 0.0556320 secs] [Times: user=0.42 sys=0.00, real=0.06 secs] 
2011-03-01T03:25:54.346+0000: 8655.737: [GC 8655.737: [ParNew: 360387K->40026K(368640K), 0.0524760 secs] 6865924K->6560093K(12541952K), 0.0528570 secs] [Times: user=0.39 sys=0.00, real=0.05 secs] 
2011-03-01T03:25:55.907+0000: 8657.298: [GC 8657.298: [ParNew: 367706K->32504K(368640K), 0.0495390 secs] 6887773K->6567129K(12541952K), 0.0499150 secs] [Times: user=0.38 sys=0.00, real=0.05 secs] 
2011-03-01T03:25:56.772+0000: 8658.163: [GC 8658.164: [ParNew: 360181K->24043K(368640K), 0.0489480 secs] 6894805K->6572559K(12541952K), 0.0493260 secs] [Times: user=0.38 sys=0.00, real=0.04 secs] 
2011-03-01T03:25:57.971+0000: 8659.362: [GC 8659.362: [ParNew: 351723K->22803K(368640K), 0.0485260 secs] 6900239K->6584236K(12541952K), 0.0489080 secs] [Times: user=0.40 sys=0.00, real=0.05 secs] 
2011-03-01T03:25:58.420+0000: 8659.811: [GC 8659.812: [ParNew: 350483K->29286K(368640K), 0.0479980 secs] 6911916K->6602617K(12541952K), 0.0483750 secs] [Times: user=0.40 sys=0.00, real=0.05 secs] 
2011-03-01T03:25:58.935+0000: 8660.326: [GC 8660.327: [ParNew: 356966K->16610K(368640K), 0.0437180 secs] 6930297K->6602683K(12541952K), 0.0440980 secs] [Times: user=0.32 sys=0.00, real=0.04 secs] 
2011-03-01T03:25:59.608+0000: 8661.000: [GC 8661.000: [ParNew: 344290K->37016K(368640K), 0.0292400 secs] 6930363K->6623089K(12541952K), 0.0296110 secs] [Times: user=0.24 sys=0.00, real=0.03 secs] 
2011-03-01T03:26:00.289+0000: 8661.680: [GC 8661.681: [ParNew: 364696K->30564K(368640K), 0.0450380 secs] 6950769K->6634146K(12541952K), 0.0454180 secs] [Times: user=0.33 sys=0.00, real=0.05 secs] 
2011-03-01T03:26:01.028+0000: 8662.419: [GC 8662.419: [ParNew: 358244K->31119K(368640K), 0.0397870 secs] 6961826K->6645380K(12541952K), 0.0401640 secs] [Times: user=0.32 sys=0.00, real=0.04 secs] 
2011-03-01T03:26:02.720+0000: 8664.111: [GC 8664.111: [ParNew: 358799K->40960K(368640K), 0.0366430 secs] 6973060K->6656981K(12541952K), 0.0370210 secs] [Times: user=0.32 sys=0.01, real=0.04 secs] 
2011-03-01T03:26:03.165+0000: 8664.556: [GC 8664.556: [ParNew: 368640K->25566K(368640K), 0.0593800 secs] 6984661K->6662016K(12541952K), 0.0597580 secs] [Times: user=0.39 sys=0.01, real=0.06 secs] 
2011-03-01T03:26:04.195+0000: 8665.586: [GC 8665.587: [ParNew: 353214K->40960K(368640K), 0.0330180 secs] 6989663K->6677409K(12541952K), 0.0334150 secs] [Times: user=0.24 sys=0.01, real=0.03 secs] 
2011-03-01T03:26:05.491+0000: 8666.882: [GC 8666.882: [ParNew: 368640K->30194K(368640K), 0.0444110 secs] 7005089K->6679051K(12541952K), 0.0448000 secs] [Times: user=0.32 sys=0.00, real=0.05 secs] 
2011-03-01T03:26:07.594+0000: 8668.985: [GC 8668.985: [ParNew: 357874K->23100K(368640K), 0.0486320 secs] 7006731K->6690568K(12541952K), 0.0490770 secs] [Times: user=0.34 sys=0.00, real=0.05 secs] 
2011-03-01T03:26:09.857+0000: 8671.248: [GC 8671.248: [ParNew: 350780K->20294K(368640K), 0.0622630 secs] 7018248K->6701399K(12541952K), 0.0627670 secs] [Times: user=0.39 sys=0.01, real=0.06 secs] 
2011-03-01T03:26:11.696+0000: 8673.087: [GC 8673.088: [ParNew: 347974K->40960K(368640K), 0.0796870 secs] 7029079K->6745192K(12541952K), 0.0801860 secs] [Times: user=0.64 sys=0.00, real=0.08 secs] 
2011-03-01T03:26:13.826+0000: 8675.218: [GC 8675.218: [ParNew: 368640K->18635K(368640K), 0.0627140 secs] 7072872K->6748391K(12541952K), 0.0631520 secs] [Times: user=0.45 sys=0.00, real=0.06 secs] 
2011-03-01T03:26:15.598+0000: 8676.990: [GC 8676.990: [ParNew: 346315K->25213K(368640K), 0.0425950 secs] 7076071K->6754970K(12541952K), 0.0470170 secs] [Times: user=0.35 sys=0.00, real=0.05 secs] 
2011-03-01T03:26:17.890+0000: 8679.281: [GC 8679.281: [ParNew: 352893K->40960K(368640K), 0.0609340 secs] 7082650K->6781298K(12541952K), 0.0612950 secs] [Times: user=0.48 sys=0.00, real=0.06 secs] 
2011-03-01T03:26:19.313+0000: 8680.704: [GC 8680.704: [ParNew: 368640K->25927K(368640K), 0.0681170 secs] 7108978K->6794801K(12541952K), 0.0684780 secs] [Times: user=0.50 sys=0.02, real=0.06 secs] 
2011-03-01T03:26:20.605+0000: 8681.996: [GC 8681.996: [ParNew: 353607K->40960K(368640K), 0.0598830 secs] 7122481K->6811333K(12541952K), 0.0642570 secs] [Times: user=0.48 sys=0.00, real=0.06 secs] 
2011-03-01T03:26:21.997+0000: 8683.388: [GC 8683.388: [ParNew: 368640K->31431K(368640K), 0.0769300 secs] 7139013K->6833557K(12541952K), 0.0772990 secs] [Times: user=0.57 sys=0.00, real=0.08 secs] 
2011-03-01T03:26:23.236+0000: 8684.627: [GC 8684.627: [ParNew: 359111K->40960K(368640K), 0.0571020 secs] 7161236K->6855761K(12541952K), 0.0574630 secs] [Times: user=0.41 sys=0.00, real=0.06 secs] 
2011-03-01T03:26:24.682+0000: 8686.073: [GC 8686.073: [ParNew: 368640K->19965K(368640K), 0.0607350 secs] 7183441K->6854970K(12541952K), 0.0610940 secs] [Times: user=0.46 sys=0.00, real=0.07 secs] 
2011-03-01T03:26:26.681+0000: 8688.072: [GC 8688.072: [ParNew: 347645K->40960K(368640K), 0.0551070 secs] 7182650K->6884663K(12541952K), 0.0554680 secs] [Times: user=0.44 sys=0.00, real=0.06 secs] 
2011-03-01T03:26:29.038+0000: 8690.430: [GC 8690.430: [ParNew: 368640K->21839K(368640K), 0.0600210 secs] 7212343K->6887866K(12541952K), 0.0603830 secs] [Times: user=0.45 sys=0.00, real=0.06 secs] 
2011-03-01T03:26:30.763+0000: 8692.154: [GC 8692.154: [ParNew: 349519K->40960K(368640K), 0.0513320 secs] 7215546K->6912724K(12541952K), 0.0516940 secs] [Times: user=0.37 sys=0.01, real=0.05 secs] 
2011-03-01T03:26:32.112+0000: 8693.503: [GC 8693.503: [ParNew: 368640K->19153K(368640K), 0.0612940 secs] 7240404K->6915731K(12541952K), 0.0616620 secs] [Times: user=0.45 sys=0.00, real=0.07 secs] 
2011-03-01T03:26:33.621+0000: 8695.012: [GC 8695.013: [ParNew: 345629K->40960K(368640K), 0.0475800 secs] 7242207K->6941727K(12541952K), 0.0479830 secs] [Times: user=0.38 sys=0.01, real=0.05 secs] 
2011-03-01T03:26:35.017+0000: 8696.408: [GC 8696.409: [ParNew: 368640K->27955K(368640K), 0.0647900 secs] 7269407K->6952738K(12541952K), 0.0651660 secs] [Times: user=0.48 sys=0.00, real=0.07 secs] 
2011-03-01T03:26:35.466+0000: 8696.858: [GC 8696.858: [ParNew: 355635K->38560K(368640K), 0.0550340 secs] 7280418K->6975021K(12541952K), 0.0555250 secs] [Times: user=0.40 sys=0.00, real=0.05 secs] 
2011-03-01T03:26:35.919+0000: 8697.310: [GC 8697.310: [ParNew: 366240K->40960K(368640K), 0.0576100 secs] 7302701K->6993077K(12541952K), 0.0580980 secs] [Times: user=0.42 sys=0.00, real=0.06 secs] 
2011-03-01T03:26:36.226+0000: 8697.617: [GC 8697.618: [ParNew: 368640K->40960K(368640K), 0.0530980 secs] 7320757K->7006010K(12541952K), 0.0535870 secs] [Times: user=0.40 sys=0.00, real=0.05 secs] 
2011-03-01T03:26:36.528+0000: 8697.920: [GC 8697.920: [ParNew: 368640K->40198K(368640K), 0.0580040 secs] 7333690K->7021598K(12541952K), 0.0583680 secs] [Times: user=0.42 sys=0.00, real=0.06 secs] 
2011-03-01T03:26:36.920+0000: 8698.311: [GC 8698.312: [ParNew: 367878K->37232K(368640K), 0.0514440 secs] 7349278K->7030087K(12541952K), 0.0518430 secs] [Times: user=0.39 sys=0.00, real=0.06 secs] 
2011-03-01T03:26:37.286+0000: 8698.677: [GC 8698.677: [ParNew: 365070K->38539K(368640K), 0.0539520 secs] 7357925K->7042822K(12541952K), 0.0543870 secs] [Times: user=0.33 sys=0.01, real=0.05 secs] 
2011-03-01T03:26:37.350+0000: 8698.741: [GC 8698.741: [ParNew: 66952K->29088K(368640K), 0.0536210 secs] 7071235K->7058564K(12541952K), 0.0539540 secs] [Times: user=0.38 sys=0.00, real=0.06 secs] 
2011-03-01T03:26:37.645+0000: 8699.036: [GC 8699.036: [ParNew: 356768K->40960K(368640K), 0.0448270 secs] 7386244K->7076274K(12541952K), 0.0452200 secs] [Times: user=0.32 sys=0.00, real=0.04 secs] 
2011-03-01T03:26:37.997+0000: 8699.388: [GC 8699.388: [ParNew: 368640K->40960K(368640K), 0.0532020 secs] 7403954K->7092958K(12541952K), 0.0535680 secs] [Times: user=0.40 sys=0.00, real=0.05 secs] 
2011-03-01T03:26:38.429+0000: 8699.820: [GC 8699.820: [ParNew: 368640K->30201K(368640K), 0.0368450 secs] 7420670K->7094447K(12541952K), 0.0372030 secs] [Times: user=0.28 sys=0.00, real=0.04 secs] 
2011-03-01T03:26:38.470+0000: 8699.861: [GC 8699.861: [ParNew: 34834K->18836K(368640K), 0.0256640 secs] 7099079K->7083081K(12541952K), 0.0259780 secs] [Times: user=0.24 sys=0.00, real=0.03 secs] 
2011-03-01T03:26:39.193+0000: 8700.585: [GC 8700.585: [ParNew: 346516K->40960K(368640K), 0.0317650 secs] 7410761K->7105754K(12541952K), 0.0321320 secs] [Times: user=0.28 sys=0.00, real=0.03 secs] 
2011-03-01T03:26:40.302+0000: 8701.693: [GC 8701.694: [ParNew: 368640K->30635K(368640K), 0.0480140 secs] 7433434K->7116206K(12541952K), 0.0483810 secs] [Times: user=0.37 sys=0.01, real=0.04 secs] 
2011-03-01T03:26:41.728+0000: 8703.120: [GC 8703.120: [ParNew: 358315K->20735K(368640K), 0.0426030 secs] 7443886K->7113536K(12541952K), 0.0429640 secs] [Times: user=0.32 sys=0.00, real=0.04 secs] 
2011-03-01T03:26:43.056+0000: 8704.448: [GC 8704.448: [ParNew: 348415K->38428K(368640K), 0.0672830 secs] 7441216K->7147612K(12541952K), 0.0676440 secs] [Times: user=0.52 sys=0.00, real=0.07 secs] 
2011-03-01T03:26:44.269+0000: 8705.661: [GC 8705.661: [ParNew: 366108K->40960K(368640K), 0.0379180 secs] 7475292K->7163168K(12541952K), 0.0382770 secs] [Times: user=0.33 sys=0.00, real=0.04 secs] 
2011-03-01T03:26:45.808+0000: 8707.199: [GC 8707.199: [ParNew: 368640K->20386K(368640K), 0.0369970 secs] 7490848K->7157851K(12541952K), 0.0373790 secs] [Times: user=0.25 sys=0.00, real=0.04 secs] 
2011-03-01T03:26:47.133+0000: 8708.525: [GC 8708.525: [ParNew: 348066K->40960K(368640K), 0.0316140 secs] 7485531K->7179454K(12541952K), 0.0319730 secs] [Times: user=0.26 sys=0.00, real=0.03 secs] 
2011-03-01T03:26:48.528+0000: 8709.920: [GC 8709.920: [ParNew: 368640K->28834K(368640K), 0.0414670 secs] 7507134K->7183434K(12541952K), 0.0418870 secs] [Times: user=0.32 sys=0.00, real=0.04 secs] 
2011-03-01T03:26:51.071+0000: 8712.463: [GC 8712.463: [ParNew: 356514K->12213K(368640K), 0.0330340 secs] 7511114K->7175876K(12541952K), 0.0334070 secs] [Times: user=0.24 sys=0.01, real=0.04 secs] 
2011-03-01T03:26:53.051+0000: 8714.442: [GC 8714.442: [ParNew: 339893K->40960K(368640K), 0.0434960 secs] 7503556K->7272341K(12541952K), 0.0438620 secs] [Times: user=0.33 sys=0.00, real=0.05 secs] 
2011-03-01T03:26:54.398+0000: 8715.789: [GC 8715.789: [ParNew: 368622K->21302K(368640K), 0.0350710 secs] 7600004K->7265263K(12541952K), 0.0354500 secs] [Times: user=0.24 sys=0.00, real=0.04 secs] 
2011-03-01T03:26:55.084+0000: 8716.475: [GC 8716.475: [ParNew: 348982K->30188K(368640K), 0.0249660 secs] 7592943K->7274149K(12541952K), 0.0253380 secs] [Times: user=0.16 sys=0.00, real=0.02 secs] 
2011-03-01T03:26:55.709+0000: 8717.100: [GC 8717.100: [ParNew: 357868K->21741K(368640K), 0.0348010 secs] 7601829K->7271610K(12541952K), 0.0351840 secs] [Times: user=0.27 sys=0.00, real=0.04 secs] 
2011-03-01T03:26:56.250+0000: 8717.641: [GC 8717.641: [ParNew: 349421K->31344K(368640K), 0.0356480 secs] 7599290K->7281213K(12541952K), 0.0360210 secs] [Times: user=0.32 sys=0.00, real=0.04 secs] 
2011-03-01T03:26:56.956+0000: 8718.347: [GC 8718.347: [ParNew: 359235K->23886K(368640K), 0.0362880 secs] 7609103K->7278644K(12541952K), 0.0366570 secs] [Times: user=0.22 sys=0.00, real=0.04 secs] 
2011-03-01T03:26:56.995+0000: 8718.386: [GC 8718.386: [ParNew: 24399K->24770K(368640K), 0.0350690 secs] 7279157K->7279528K(12541952K), 0.0353690 secs] [Times: user=0.24 sys=0.00, real=0.03 secs] 
2011-03-01T03:26:57.543+0000: 8718.935: [GC 8718.935: [ParNew: 352392K->39277K(368640K), 0.0397880 secs] 7607150K->7296419K(12541952K), 0.0401770 secs] [Times: user=0.24 sys=0.00, real=0.04 secs] 
2011-03-01T03:26:58.309+0000: 8719.700: [GC 8719.700: [ParNew: 366957K->26791K(368640K), 0.0397050 secs] 7624099K->7292061K(12541952K), 0.0400800 secs] [Times: user=0.31 sys=0.01, real=0.04 secs] 
2011-03-01T03:26:58.997+0000: 8720.388: [GC 8720.388: [ParNew: 354471K->15064K(368640K), 0.0358810 secs] 7619741K->7285082K(12541952K), 0.0362590 secs] [Times: user=0.24 sys=0.00, real=0.03 secs] 
2011-03-01T03:26:59.773+0000: 8721.164: [GC 8721.165: [ParNew: 342744K->27046K(368640K), 0.0329540 secs] 7612762K->7297064K(12541952K), 0.0350980 secs] [Times: user=0.24 sys=0.00, real=0.03 secs] 
2011-03-01T03:27:00.401+0000: 8721.792: [GC 8721.792: [ParNew: 354726K->32805K(368640K), 0.0409840 secs] 7624744K->7309423K(12541952K), 0.0415110 secs] [Times: user=0.31 sys=0.00, real=0.05 secs] 
2011-03-01T03:27:01.341+0000: 8722.732: [GC 8722.732: [ParNew: 360485K->38088K(368640K), 0.0408730 secs] 7637103K->7319601K(12541952K), 0.0413850 secs] [Times: user=0.29 sys=0.00, real=0.05 secs] 
2011-03-01T03:27:03.505+0000: 8724.896: [GC 8724.897: [ParNew: 365768K->12332K(368640K), 0.0451210 secs] 7647281K->7309910K(12541952K), 0.0454830 secs] [Times: user=0.32 sys=0.01, real=0.04 secs] 
2011-03-01T03:27:06.142+0000: 8727.533: [GC 8727.533: [ParNew: 340012K->32315K(368640K), 0.0382820 secs] 7637590K->7329893K(12541952K), 0.0386480 secs] [Times: user=0.29 sys=0.00, real=0.04 secs] 
2011-03-01T03:27:07.963+0000: 8729.354: [GC 8729.354: [ParNew: 359995K->9949K(368640K), 0.0462220 secs] 7657573K->7323331K(12541952K), 0.0466150 secs] [Times: user=0.33 sys=0.01, real=0.04 secs] 
2011-03-01T03:27:09.919+0000: 8731.310: [GC 8731.310: [ParNew: 337586K->22674K(368640K), 0.0363250 secs] 7650968K->7336056K(12541952K), 0.0366930 secs] [Times: user=0.33 sys=0.00, real=0.04 secs] 
2011-03-01T03:27:11.892+0000: 8733.283: [GC 8733.283: [ParNew: 350354K->40960K(368640K), 0.0424220 secs] 7663736K->7354370K(12541952K), 0.0427910 secs] [Times: user=0.35 sys=0.00, real=0.05 secs] 
2011-03-01T03:27:14.390+0000: 8735.781: [GC 8735.781: [ParNew: 368640K->39771K(368640K), 0.0469410 secs] 7682050K->7365242K(12541952K), 0.0473050 secs] [Times: user=0.36 sys=0.00, real=0.05 secs] 
2011-03-01T03:27:16.767+0000: 8738.158: [GC 8738.158: [ParNew: 367451K->26723K(368640K), 0.0403940 secs] 7692922K->7359964K(12541952K), 0.0409110 secs] [Times: user=0.31 sys=0.01, real=0.04 secs] 
2011-03-01T03:27:18.899+0000: 8740.290: [GC 8740.290: [ParNew: 354403K->31480K(368640K), 0.0433310 secs] 7687644K->7369054K(12541952K), 0.0438300 secs] [Times: user=0.33 sys=0.00, real=0.05 secs] 
2011-03-01T03:27:20.512+0000: 8741.903: [GC 8741.904: [ParNew: 359160K->40960K(368640K), 0.0445330 secs] 7696734K->7388919K(12541952K), 0.0448920 secs] [Times: user=0.35 sys=0.03, real=0.04 secs] 
2011-03-01T03:27:22.171+0000: 8743.562: [GC 8743.562: [ParNew: 368640K->16326K(368640K), 0.0451930 secs] 7716599K->7379403K(12541952K), 0.0455510 secs] [Times: user=0.36 sys=0.00, real=0.05 secs] 
2011-03-01T03:27:23.686+0000: 8745.077: [GC 8745.078: [ParNew: 344006K->30038K(368640K), 0.0374330 secs] 7707083K->7393115K(12541952K), 0.0377880 secs] [Times: user=0.29 sys=0.00, real=0.04 secs] 
2011-03-01T03:27:25.075+0000: 8746.466: [GC 8746.467: [ParNew: 357718K->8774K(368640K), 0.0482110 secs] 7720795K->7386875K(12541952K), 0.0485690 secs] [Times: user=0.33 sys=0.00, real=0.05 secs] 
2011-03-01T03:27:27.231+0000: 8748.622: [GC 8748.622: [ParNew: 336454K->37318K(368640K), 0.0344890 secs] 7714555K->7415419K(12541952K), 0.0348540 secs] [Times: user=0.31 sys=0.00, real=0.04 secs] 
2011-03-01T03:27:29.594+0000: 8750.985: [GC 8750.985: [ParNew: 364998K->9804K(368640K), 0.0366650 secs] 7743099K->7404998K(12541952K), 0.0370350 secs] [Times: user=0.25 sys=0.00, real=0.03 secs] 
2011-03-01T03:27:31.178+0000: 8752.569: [GC 8752.569: [ParNew: 337484K->40960K(368640K), 0.0526960 secs] 7732678K->7459570K(12541952K), 0.0530760 secs] [Times: user=0.36 sys=0.01, real=0.05 secs] 
2011-03-01T03:27:32.220+0000: 8753.611: [GC 8753.611: [ParNew: 368640K->20557K(368640K), 0.0435750 secs] 7787250K->7450444K(12541952K), 0.0439420 secs] [Times: user=0.32 sys=0.00, real=0.05 secs] 
2011-03-01T03:27:33.688+0000: 8755.079: [GC 8755.080: [ParNew: 348237K->40960K(368640K), 0.0365090 secs] 7778124K->7471134K(12541952K), 0.0370300 secs] [Times: user=0.31 sys=0.00, real=0.04 secs] 
2011-03-01T03:27:35.031+0000: 8756.422: [GC 8756.423: [ParNew: 368640K->28065K(368640K), 0.0463250 secs] 7798814K->7472983K(12541952K), 0.0467100 secs] [Times: user=0.38 sys=0.00, real=0.05 secs] 
2011-03-01T03:27:35.485+0000: 8756.876: [GC 8756.876: [ParNew: 355745K->34361K(368640K), 0.0462390 secs] 7800663K->7486166K(12541952K), 0.0466170 secs] [Times: user=0.32 sys=0.00, real=0.04 secs] 
2011-03-01T03:27:36.010+0000: 8757.401: [GC 8757.401: [ParNew: 362041K->33737K(368640K), 0.0501080 secs] 7813846K->7498806K(12541952K), 0.0504720 secs] [Times: user=0.40 sys=0.00, real=0.05 secs] 
2011-03-01T03:27:36.320+0000: 8757.711: [GC 8757.711: [ParNew: 361417K->39381K(368640K), 0.0454300 secs] 7826486K->7513799K(12541952K), 0.0457930 secs] [Times: user=0.36 sys=0.00, real=0.05 secs] 
2011-03-01T03:27:36.656+0000: 8758.047: [GC 8758.047: [ParNew: 367061K->23222K(368640K), 0.0422810 secs] 7841479K->7510826K(12541952K), 0.0426360 secs] [Times: user=0.32 sys=0.00, real=0.04 secs] 
2011-03-01T03:27:37.274+0000: 8758.666: [GC 8758.666: [ParNew: 350902K->40960K(368640K), 0.0493820 secs] 7838506K->7533573K(12541952K), 0.0497420 secs] [Times: user=0.32 sys=0.00, real=0.05 secs] 
2011-03-01T03:27:38.576+0000: 8759.967: [GC 8759.967: [ParNew: 368640K->40960K(368640K), 0.0620990 secs] 7861253K->7557625K(12541952K), 0.0624590 secs] [Times: user=0.40 sys=0.00, real=0.06 secs] 
2011-03-01T03:27:38.869+0000: 8760.260: [GC 8760.260: [ParNew: 368640K->40960K(368640K), 0.0462360 secs] 7885305K->7567151K(12541952K), 0.0465940 secs] [Times: user=0.34 sys=0.00, real=0.05 secs] 
2011-03-01T03:27:39.209+0000: 8760.601: [GC 8760.601: [ParNew: 368640K->40960K(368640K), 0.0741880 secs] 7894831K->7582543K(12541952K), 0.0745470 secs] [Times: user=0.49 sys=0.00, real=0.08 secs] 
2011-03-01T03:27:39.644+0000: 8761.035: [GC 8761.035: [ParNew: 368640K->31340K(368640K), 0.0489220 secs] 7910223K->7585449K(12541952K), 0.0492820 secs] [Times: user=0.32 sys=0.00, real=0.05 secs] 
2011-03-01T03:27:40.065+0000: 8761.457: [GC 8761.457: [ParNew: 359020K->40104K(368640K), 0.0374310 secs] 7913129K->7594213K(12541952K), 0.0377930 secs] [Times: user=0.25 sys=0.01, real=0.04 secs] 
2011-03-01T03:27:40.981+0000: 8762.373: [GC 8762.373: [ParNew: 367784K->26613K(368640K), 0.0430610 secs] 7921893K->7595982K(12541952K), 0.0434410 secs] [Times: user=0.30 sys=0.01, real=0.05 secs] 
2011-03-01T03:27:42.447+0000: 8763.839: [GC 8763.839: [ParNew: 354293K->40960K(368640K), 0.0373210 secs] 7923662K->7611352K(12541952K), 0.0377380 secs] [Times: user=0.31 sys=0.01, real=0.04 secs] 
2011-03-01T03:27:43.669+0000: 8765.060: [GC 8765.060: [ParNew: 368640K->15916K(368640K), 0.0448740 secs] 7939032K->7603537K(12541952K), 0.0452310 secs] [Times: user=0.31 sys=0.01, real=0.05 secs] 
2011-03-01T03:27:45.061+0000: 8766.452: [GC 8766.453: [ParNew: 343596K->25109K(368640K), 0.0351200 secs] 7931217K->7612730K(12541952K), 0.0354940 secs] [Times: user=0.29 sys=0.00, real=0.04 secs] 
2011-03-01T03:27:46.300+0000: 8767.691: [GC 8767.691: [ParNew: 352882K->34823K(368640K), 0.0426780 secs] 7940503K->7626492K(12541952K), 0.0430400 secs] [Times: user=0.32 sys=0.00, real=0.05 secs] 
2011-03-01T03:27:46.346+0000: 8767.737: [GC 8767.737: [ParNew: 35496K->16105K(368640K), 0.0344690 secs] 7627165K->7615609K(12541952K), 0.0347750 secs] [Times: user=0.24 sys=0.00, real=0.03 secs] 
2011-03-01T03:27:47.622+0000: 8769.013: [GC 8769.013: [ParNew: 343785K->40569K(368640K), 0.0363720 secs] 7943289K->7640073K(12541952K), 0.0367310 secs] [Times: user=0.27 sys=0.00, real=0.04 secs] 
2011-03-01T03:27:49.003+0000: 8770.394: [GC 8770.394: [ParNew: 368249K->13834K(368640K), 0.0435530 secs] 7967753K->7629432K(12541952K), 0.0439180 secs] [Times: user=0.32 sys=0.00, real=0.04 secs] 
2011-03-01T03:27:50.203+0000: 8771.594: [GC 8771.594: [ParNew: 341514K->40960K(368640K), 0.0361000 secs] 7957112K->7656630K(12541952K), 0.0406010 secs] [Times: user=0.26 sys=0.00, real=0.04 secs] 
2011-03-01T03:27:52.698+0000: 8774.089: [GC 8774.090: [ParNew: 368640K->11343K(368640K), 0.0437940 secs] 7984310K->7643438K(12541952K), 0.0442820 secs] [Times: user=0.32 sys=0.00, real=0.05 secs] 
2011-03-01T03:27:54.540+0000: 8775.931: [GC 8775.932: [ParNew: 339023K->24918K(368640K), 0.0343480 secs] 7971118K->7657013K(12541952K), 0.0348510 secs] [Times: user=0.29 sys=0.01, real=0.04 secs] 
2011-03-01T03:27:55.277+0000: 8776.668: [GC 8776.668: [ParNew: 352598K->40960K(368640K), 0.0385610 secs] 7984693K->7677201K(12541952K), 0.0425570 secs] [Times: user=0.31 sys=0.01, real=0.04 secs] 
2011-03-01T03:27:56.315+0000: 8777.706: [GC 8777.707: [ParNew: 368640K->24221K(368640K), 0.0361010 secs] 8004881K->7667727K(12541952K), 0.0364720 secs] [Times: user=0.23 sys=0.01, real=0.03 secs] 
2011-03-01T03:27:57.642+0000: 8779.033: [GC 8779.034: [ParNew: 351901K->29258K(368640K), 0.0372660 secs] 7995407K->7677547K(12541952K), 0.0376370 secs] [Times: user=0.27 sys=0.02, real=0.04 secs] 
2011-03-01T03:27:58.733+0000: 8780.124: [GC 8780.124: [ParNew: 356938K->40960K(368640K), 0.0713990 secs] 8005227K->7708408K(12541952K), 0.0717700 secs] [Times: user=0.51 sys=0.01, real=0.07 secs] 
2011-03-01T03:27:59.790+0000: 8781.181: [GC 8781.182: [ParNew: 368640K->25024K(368640K), 0.0639620 secs] 8036088K->7712635K(12541952K), 0.0643400 secs] [Times: user=0.50 sys=0.00, real=0.07 secs] 
2011-03-01T03:28:00.335+0000: 8781.726: [GC 8781.727: [ParNew: 352704K->26066K(368640K), 0.0350010 secs] 8040315K->7721053K(12541952K), 0.0374420 secs] [Times: user=0.24 sys=0.01, real=0.04 secs] 
2011-03-01T03:28:00.863+0000: 8782.254: [GC 8782.254: [ParNew: 353746K->15960K(368640K), 0.0318530 secs] 8048733K->7715841K(12541952K), 0.0322530 secs] [Times: user=0.23 sys=0.01, real=0.04 secs] 
2011-03-01T03:28:01.481+0000: 8782.872: [GC 8782.872: [ParNew: 343640K->32564K(368640K), 0.0309360 secs] 8043521K->7732445K(12541952K), 0.0313260 secs] [Times: user=0.22 sys=0.02, real=0.04 secs] 
2011-03-01T03:28:02.273+0000: 8783.664: [GC 8783.665: [ParNew: 360239K->21974K(368640K), 0.0373270 secs] 8060120K->7726759K(12541952K), 0.0378290 secs] [Times: user=0.26 sys=0.00, real=0.03 secs] 
2011-03-01T03:28:03.150+0000: 8784.541: [GC 8784.542: [ParNew: 349654K->27059K(368640K), 0.0339720 secs] 8054439K->7731843K(12541952K), 0.0344780 secs] [Times: user=0.27 sys=0.01, real=0.04 secs] 
2011-03-01T03:28:04.178+0000: 8785.570: [GC 8785.570: [ParNew: 354688K->9906K(368640K), 0.0385700 secs] 8059472K->7721124K(12541952K), 0.0390900 secs] [Times: user=0.32 sys=0.00, real=0.04 secs] 
2011-03-01T03:28:05.630+0000: 8787.021: [GC 8787.022: [ParNew: 337479K->31841K(368640K), 0.0341540 secs] 8048696K->7743058K(12541952K), 0.0345270 secs] [Times: user=0.29 sys=0.01, real=0.04 secs] 
2011-03-01T03:28:08.170+0000: 8789.561: [GC 8789.561: [ParNew: 359521K->26454K(368640K), 0.0441380 secs] 8070738K->7750585K(12541952K), 0.0445290 secs] [Times: user=0.32 sys=0.00, real=0.05 secs] 
2011-03-01T03:28:10.277+0000: 8791.668: [GC 8791.668: [ParNew: 354134K->11425K(368640K), 0.0368990 secs] 8078265K->7743769K(12541952K), 0.0372700 secs] [Times: user=0.25 sys=0.00, real=0.04 secs] 
2011-03-01T03:28:12.329+0000: 8793.720: [GC 8793.720: [ParNew: 339105K->30663K(368640K), 0.0359010 secs] 8071449K->7763007K(12541952K), 0.0362740 secs] [Times: user=0.28 sys=0.00, real=0.04 secs] 
2011-03-01T03:28:14.127+0000: 8795.518: [GC 8795.518: [ParNew: 358343K->30033K(368640K), 0.0432010 secs] 8090687K->7768315K(12541952K), 0.0435690 secs] [Times: user=0.32 sys=0.00, real=0.04 secs] 
2011-03-01T03:28:16.101+0000: 8797.492: [GC 8797.492: [ParNew: 357713K->18907K(368640K), 0.0383430 secs] 8095995K->7764893K(12541952K), 0.0387120 secs] [Times: user=0.32 sys=0.00, real=0.04 secs] 
2011-03-01T03:28:18.387+0000: 8799.778: [GC 8799.778: [ParNew: 346587K->40960K(368640K), 0.0399530 secs] 8092573K->7789352K(12541952K), 0.0403170 secs] [Times: user=0.32 sys=0.00, real=0.04 secs] 
2011-03-01T03:28:19.704+0000: 8801.096: [GC 8801.096: [ParNew: 368640K->25503K(368640K), 0.0510650 secs] 8117032K->7790850K(12541952K), 0.0514300 secs] [Times: user=0.33 sys=0.01, real=0.05 secs] 
2011-03-01T03:28:21.050+0000: 8802.441: [GC 8802.441: [ParNew: 353183K->17592K(368640K), 0.0404310 secs] 8118530K->7789260K(12541952K), 0.0407950 secs] [Times: user=0.28 sys=0.01, real=0.04 secs] 
2011-03-01T03:28:22.420+0000: 8803.811: [GC 8803.812: [ParNew: 345272K->40668K(368640K), 0.0374960 secs] 8116940K->7812336K(12541952K), 0.0379280 secs] [Times: user=0.32 sys=0.00, real=0.04 secs] 
2011-03-01T03:28:23.915+0000: 8805.306: [GC 8805.307: [ParNew: 368348K->40960K(368640K), 0.0512180 secs] 8140016K->7822385K(12541952K), 0.0517040 secs] [Times: user=0.38 sys=0.00, real=0.05 secs] 
2011-03-01T03:28:24.911+0000: 8806.302: [GC 8806.303: [ParNew: 368640K->28564K(368640K), 0.0488700 secs] 8150065K->7891654K(12541952K), 0.0493560 secs] [Times: user=0.40 sys=0.00, real=0.05 secs] 
2011-03-01T03:28:25.648+0000: 8807.039: [GC 8807.040: [ParNew: 356244K->7917K(368640K), 0.0331910 secs] 8219334K->7887766K(12541952K), 0.0336790 secs] [Times: user=0.24 sys=0.00, real=0.03 secs] 
2011-03-01T03:28:26.509+0000: 8807.901: [GC 8807.901: [ParNew: 335597K->40081K(368640K), 0.0355070 secs] 8215446K->7919929K(12541952K), 0.0359920 secs] [Times: user=0.30 sys=0.00, real=0.04 secs] 
2011-03-01T03:28:27.283+0000: 8808.674: [GC 8808.674: [ParNew: 367761K->9314K(368640K), 0.0519240 secs] 8247609K->7902139K(12541952K), 0.0524070 secs] [Times: user=0.36 sys=0.00, real=0.05 secs] 
2011-03-01T03:28:28.107+0000: 8809.498: [GC 8809.498: [ParNew: 336994K->10697K(368640K), 0.0325670 secs] 8229819K->7903523K(12541952K), 0.0330530 secs] [Times: user=0.24 sys=0.00, real=0.03 secs] 
2011-03-01T03:28:29.109+0000: 8810.500: [GC 8810.500: [ParNew: 338377K->15766K(368640K), 0.0364380 secs] 8231203K->7908591K(12541952K), 0.0369240 secs] [Times: user=0.32 sys=0.00, real=0.04 secs] 
2011-03-01T03:28:30.937+0000: 8812.329: [GC 8812.329: [ParNew: 343446K->40960K(368640K), 0.0415820 secs] 8236271K->7934198K(12541952K), 0.0420700 secs] [Times: user=0.32 sys=0.00, real=0.04 secs] 
2011-03-01T03:28:32.222+0000: 8813.614: [GC 8813.614: [ParNew: 368640K->18401K(368640K), 0.0586390 secs] 8261878K->7937025K(12541952K), 0.0591340 secs] [Times: user=0.45 sys=0.01, real=0.05 secs] 
2011-03-01T03:28:33.363+0000: 8814.754: [GC 8814.755: [ParNew: 294343K->39911K(368640K), 0.0312660 secs] 8212968K->7962631K(12541952K), 0.0317570 secs] [Times: user=0.24 sys=0.00, real=0.04 secs] 
2011-03-01T03:28:35.223+0000: 8816.615: [GC 8816.615: [ParNew: 367591K->24489K(368640K), 0.0674210 secs] 8290311K->8107023K(12541952K), 0.0679150 secs] [Times: user=0.45 sys=0.00, real=0.06 secs] 
2011-03-01T03:28:35.466+0000: 8816.857: [GC 8816.857: [ParNew: 352169K->40960K(368640K), 0.0815640 secs] 8434703K->8141085K(12541952K), 0.0820600 secs] [Times: user=0.54 sys=0.00, real=0.08 secs] 
2011-03-01T03:28:35.748+0000: 8817.139: [GC 8817.139: [ParNew: 368640K->32358K(368640K), 0.0962740 secs] 8468765K->8161850K(12541952K), 0.0967710 secs] [Times: user=0.50 sys=0.00, real=0.10 secs] 
2011-03-01T03:28:36.070+0000: 8817.462: [GC 8817.462: [ParNew: 360038K->40960K(368640K), 0.0633510 secs] 8489530K->8188124K(12541952K), 0.0638360 secs] [Times: user=0.43 sys=0.00, real=0.07 secs] 
2011-03-01T03:28:36.329+0000: 8817.721: [GC 8817.721: [ParNew: 368640K->39620K(368640K), 0.0560520 secs] 8515804K->8201429K(12541952K), 0.0565420 secs] [Times: user=0.40 sys=0.00, real=0.06 secs] 
2011-03-01T03:28:36.584+0000: 8817.975: [GC 8817.975: [ParNew: 367300K->40960K(368640K), 0.0696140 secs] 8529109K->8221752K(12541952K), 0.0701040 secs] [Times: user=0.51 sys=0.00, real=0.07 secs] 
2011-03-01T03:28:36.838+0000: 8818.229: [GC 8818.229: [ParNew: 368640K->40960K(368640K), 0.0615050 secs] 8549432K->8242175K(12541952K), 0.0619950 secs] [Times: user=0.46 sys=0.00, real=0.06 secs] 
2011-03-01T03:28:37.123+0000: 8818.515: [GC 8818.515: [ParNew: 368640K->40960K(368640K), 0.0658350 secs] 8569855K->8255448K(12541952K), 0.0663240 secs] [Times: user=0.46 sys=0.01, real=0.06 secs] 
2011-03-01T03:28:37.366+0000: 8818.758: [GC 8818.758: [ParNew: 356041K->40960K(368640K), 0.0722590 secs] 8570529K->8278957K(12541952K), 0.0727500 secs] [Times: user=0.53 sys=0.00, real=0.07 secs] 
2011-03-01T03:28:37.673+0000: 8819.064: [GC 8819.064: [ParNew: 368640K->40960K(368640K), 0.0982700 secs] 8606637K->8330266K(12541952K), 0.0987630 secs] [Times: user=0.66 sys=0.00, real=0.09 secs] 
2011-03-01T03:28:37.775+0000: 8819.166: [GC [1 CMS-initial-mark: 8289306K(12173312K)] 8330290K(12541952K), 0.0541820 secs] [Times: user=0.05 sys=0.00, real=0.05 secs] 
2011-03-01T03:28:37.829+0000: 8819.220: [CMS-concurrent-mark-start]
2011-03-01T03:28:38.043+0000: 8819.434: [GC 8819.435: [ParNew: 368640K->40960K(368640K), 0.0756240 secs] 8657946K->8353098K(12541952K), 0.0759820 secs] [Times: user=0.57 sys=0.01, real=0.07 secs] 
2011-03-01T03:28:38.584+0000: 8819.975: [CMS-concurrent-mark: 0.672/0.755 secs] [Times: user=7.89 sys=0.77, real=0.76 secs] 
2011-03-01T03:28:38.586+0000: 8819.977: [GC 8819.977: [ParNew: 368640K->40960K(368640K), 0.0555050 secs] 8680778K->8372453K(12541952K), 0.0558640 secs] [Times: user=0.40 sys=0.00, real=0.05 secs] 
2011-03-01T03:28:38.642+0000: 8820.033: [CMS-concurrent-preclean-start]
2011-03-01T03:28:38.958+0000: 8820.349: [CMS-concurrent-preclean: 0.299/0.315 secs] [Times: user=1.52 sys=0.49, real=0.31 secs] 
2011-03-01T03:28:38.958+0000: 8820.349: [CMS-concurrent-abortable-preclean-start]
2011-03-01T03:28:38.986+0000: 8820.377: [GC 8820.378: [ParNew: 368640K->31472K(368640K), 0.0497940 secs] 8700133K->8376129K(12541952K), 0.0501580 secs] [Times: user=0.35 sys=0.00, real=0.05 secs] 
2011-03-01T03:28:39.292+0000: 8820.683: [GC 8820.683: [ParNew: 359152K->40960K(368640K), 0.0514050 secs] 8703809K->8385960K(12541952K), 0.0517630 secs] [Times: user=0.42 sys=0.00, real=0.06 secs] 
2011-03-01T03:28:39.344+0000: 8820.735: [CMS-concurrent-abortable-preclean: 0.257/0.386 secs] [Times: user=2.37 sys=0.61, real=0.39 secs] 
2011-03-01T03:28:39.346+0000: 8820.737: [GC[YG occupancy: 42145 K (368640 K)]8820.737: [Rescan (parallel) , 0.0212970 secs]8820.759: [weak refs processing, 0.0260000 secs] [1 CMS-remark: 8345000K(12173312K)] 8387146K(12541952K), 0.0475860 secs] [Times: user=0.17 sys=0.00, real=0.05 secs] 
2011-03-01T03:28:39.394+0000: 8820.785: [CMS-concurrent-sweep-start]
2011-03-01T03:28:39.729+0000: 8821.120: [GC 8821.120: [ParNew: 368640K->18157K(368640K), 0.0705380 secs] 8336375K->8008244K(12541952K), 0.0710240 secs] [Times: user=0.48 sys=0.00, real=0.07 secs] 
2011-03-01T03:28:40.161+0000: 8821.552: [GC 8821.552: [ParNew: 345837K->35889K(368640K), 0.0494500 secs] 8203719K->7893771K(12541952K), 0.0499350 secs] [Times: user=0.40 sys=0.00, real=0.05 secs] 
2011-03-01T03:28:40.591+0000: 8821.982: [GC 8821.982: [ParNew: 363569K->22697K(368640K), 0.0676340 secs] 8149079K->7826235K(12541952K), 0.0681210 secs] [Times: user=0.51 sys=0.02, real=0.07 secs] 
2011-03-01T03:28:41.069+0000: 8822.460: [GC 8822.460: [ParNew: 350377K->36783K(368640K), 0.0491620 secs] 8072618K->7759024K(12541952K), 0.0496440 secs] [Times: user=0.40 sys=0.00, real=0.05 secs] 
2011-03-01T03:28:41.557+0000: 8822.949: [GC 8822.949: [ParNew: 364509K->32484K(368640K), 0.0575730 secs] 8017441K->7693642K(12541952K), 0.0580610 secs] [Times: user=0.41 sys=0.00, real=0.06 secs] 
2011-03-01T03:28:41.619+0000: 8823.010: [GC 8823.010: [ParNew: 33150K->13845K(368640K), 0.0489790 secs] 7694254K->7684196K(12541952K), 0.0494230 secs] [Times: user=0.39 sys=0.00, real=0.05 secs] 
2011-03-01T03:28:42.137+0000: 8823.528: [GC 8823.529: [ParNew: 341525K->26612K(368640K), 0.0445480 secs] 7915070K->7600157K(12541952K), 0.0450420 secs] [Times: user=0.32 sys=0.00, real=0.05 secs] 
2011-03-01T03:28:42.916+0000: 8824.307: [GC 8824.307: [ParNew: 354292K->39176K(368640K), 0.0565870 secs] 7775208K->7464695K(12541952K), 0.0570810 secs] [Times: user=0.39 sys=0.01, real=0.06 secs] 
2011-03-01T03:28:44.354+0000: 8825.745: [GC 8825.745: [ParNew: 366856K->40960K(368640K), 0.0605760 secs] 7407789K->7091718K(12541952K), 0.0610660 secs] [Times: user=0.40 sys=0.01, real=0.06 secs] 
2011-03-01T03:28:45.844+0000: 8827.235: [GC 8827.235: [ParNew: 368640K->37785K(368640K), 0.0792880 secs] 7199465K->6896859K(12541952K), 0.0797920 secs] [Times: user=0.56 sys=0.00, real=0.08 secs] 
2011-03-01T03:28:47.167+0000: 8828.558: [GC 8828.559: [ParNew: 365465K->33802K(368640K), 0.0553250 secs] 7025323K->6708434K(12541952K), 0.0557920 secs] [Times: user=0.40 sys=0.00, real=0.06 secs] 
2011-03-01T03:28:48.527+0000: 8829.919: [GC 8829.919: [ParNew: 361482K->24293K(368640K), 0.0538510 secs] 6799873K->6480245K(12541952K), 0.0543490 secs] [Times: user=0.40 sys=0.00, real=0.05 secs] 
2011-03-01T03:28:50.738+0000: 8832.129: [GC 8832.129: [ParNew: 351973K->40960K(368640K), 0.0513750 secs] 6327140K->6018987K(12541952K), 0.0518620 secs] [Times: user=0.40 sys=0.00, real=0.05 secs] 
2011-03-01T03:28:53.122+0000: 8834.513: [GC 8834.514: [ParNew: 368640K->34149K(368640K), 0.0648430 secs] 5983296K->5678770K(12541952K), 0.0653490 secs] [Times: user=0.48 sys=0.00, real=0.06 secs] 
2011-03-01T03:28:54.570+0000: 8835.961: [GC 8835.961: [ParNew: 361829K->40959K(368640K), 0.0403960 secs] 5764166K->5443297K(12541952K), 0.0410250 secs] [Times: user=0.31 sys=0.00, real=0.04 secs] 
2011-03-01T03:28:55.197+0000: 8836.588: [GC 8836.588: [ParNew: 368639K->29429K(368640K), 0.0518010 secs] 5499880K->5173871K(12541952K), 0.0523090 secs] [Times: user=0.40 sys=0.00, real=0.05 secs] 
2011-03-01T03:28:55.793+0000: 8837.185: [GC 8837.185: [ParNew: 357109K->27542K(368640K), 0.0612150 secs] 5409862K->5100063K(12541952K), 0.0617190 secs] [Times: user=0.33 sys=0.00, real=0.06 secs] 
2011-03-01T03:28:56.390+0000: 8837.782: [GC 8837.782: [ParNew: 355190K->31029K(368640K), 0.0379790 secs] 5334359K->5010198K(12541952K), 0.0383650 secs] [Times: user=0.32 sys=0.00, real=0.04 secs] 
2011-03-01T03:28:57.110+0000: 8838.501: [GC 8838.501: [ParNew: 358664K->18110K(368640K), 0.0443260 secs] 5240771K->4908902K(12541952K), 0.0447340 secs] [Times: user=0.33 sys=0.00, real=0.05 secs] 
2011-03-01T03:28:57.936+0000: 8839.327: [GC 8839.327: [ParNew: 345790K->38746K(368640K), 0.0399690 secs] 5100859K->4793815K(12541952K), 0.0403430 secs] [Times: user=0.28 sys=0.00, real=0.04 secs] 
2011-03-01T03:28:58.499+0000: 8839.890: [GC 8839.890: [ParNew: 366426K->26293K(368640K), 0.0507320 secs] 5044868K->4726206K(12541952K), 0.0511550 secs] [Times: user=0.37 sys=0.00, real=0.05 secs] 
2011-03-01T03:28:59.287+0000: 8840.678: [GC 8840.678: [ParNew: 353973K->10633K(368640K), 0.0337950 secs] 4917226K->4585304K(12541952K), 0.0341700 secs] [Times: user=0.24 sys=0.00, real=0.03 secs] 
2011-03-01T03:29:00.202+0000: 8841.594: [GC 8841.594: [ParNew: 338313K->27681K(368640K), 0.0328370 secs] 4639925K->4329293K(12541952K), 0.0332160 secs] [Times: user=0.27 sys=0.00, real=0.03 secs] 
2011-03-01T03:29:00.977+0000: 8842.368: [GC 8842.368: [ParNew: 355361K->40960K(368640K), 0.0527220 secs] 4430078K->4124776K(12541952K), 0.0530930 secs] [Times: user=0.39 sys=0.00, real=0.05 secs] 
2011-03-01T03:29:02.472+0000: 8843.863: [GC 8843.863: [ParNew: 368640K->32637K(368640K), 0.0664390 secs] 4245882K->3940226K(12541952K), 0.0668180 secs] [Times: user=0.45 sys=0.00, real=0.07 secs] 
2011-03-01T03:29:03.504+0000: 8844.895: [GC 8844.895: [ParNew: 360317K->40960K(368640K), 0.0393960 secs] 4111230K->3793749K(12541952K), 0.0397770 secs] [Times: user=0.29 sys=0.00, real=0.05 secs] 
2011-03-01T03:29:05.720+0000: 8847.112: [GC 8847.112: [ParNew: 368640K->16885K(368640K), 0.0493340 secs] 3624284K->3293748K(12541952K), 0.0497140 secs] [Times: user=0.41 sys=0.00, real=0.05 secs] 
2011-03-01T03:29:07.526+0000: 8848.917: [GC 8848.918: [ParNew: 344565K->25934K(368640K), 0.0331730 secs] 3284298K->2965666K(12541952K), 0.0335460 secs] [Times: user=0.24 sys=0.00, real=0.03 secs] 
2011-03-01T03:29:09.414+0000: 8850.805: [GC 8850.805: [ParNew: 353614K->39670K(368640K), 0.0605800 secs] 3016790K->2713752K(12541952K), 0.0609710 secs] [Times: user=0.40 sys=0.00, real=0.06 secs] 
2011-03-01T03:29:11.579+0000: 8852.970: [GC 8852.970: [ParNew: 367350K->21216K(368640K), 0.0621600 secs] 2330229K->2009326K(12541952K), 0.0661970 secs] [Times: user=0.42 sys=0.02, real=0.07 secs] 
2011-03-01T03:29:12.003+0000: 8853.394: [CMS-concurrent-sweep: 30.821/32.608 secs] [Times: user=81.56 sys=18.31, real=32.61 secs] 
2011-03-01T03:29:12.003+0000: 8853.394: [CMS-concurrent-reset-start]
2011-03-01T03:29:12.031+0000: 8853.422: [CMS-concurrent-reset: 0.028/0.028 secs] [Times: user=0.04 sys=0.00, real=0.02 secs] 
2011-03-01T03:29:13.417+0000: 8854.808: [GC 8854.808: [ParNew: 348896K->28227K(368640K), 0.0448310 secs] 2163979K->1843310K(12541952K), 0.0451970 secs] [Times: user=0.28 sys=0.00, real=0.05 secs] 
2011-03-01T03:29:15.891+0000: 8857.282: [GC 8857.282: [ParNew: 355907K->40960K(368640K), 0.0600480 secs] 2170990K->1867249K(12541952K), 0.0604870 secs] [Times: user=0.46 sys=0.00, real=0.06 secs] 
2011-03-01T03:29:17.743+0000: 8859.134: [GC 8859.135: [ParNew: 368640K->40960K(368640K), 0.0903420 secs] 2194929K->1932652K(12541952K), 0.0908340 secs] [Times: user=0.57 sys=0.01, real=0.09 secs] 
2011-03-01T03:29:19.367+0000: 8860.758: [GC 8860.759: [ParNew: 368640K->39116K(368640K), 0.0469830 secs] 2260332K->1934578K(12541952K), 0.0474720 secs] [Times: user=0.35 sys=0.00, real=0.05 secs] 
2011-03-01T03:29:20.619+0000: 8862.010: [GC 8862.010: [ParNew: 366796K->22651K(368640K), 0.0564590 secs] 2262258K->1937286K(12541952K), 0.0569460 secs] [Times: user=0.41 sys=0.00, real=0.06 secs] 
2011-03-01T03:29:22.147+0000: 8863.538: [GC 8863.539: [ParNew: 350331K->40960K(368640K), 0.0641580 secs] 2264966K->1972710K(12541952K), 0.0646990 secs] [Times: user=0.44 sys=0.00, real=0.06 secs] 
2011-03-01T03:29:23.556+0000: 8864.947: [GC 8864.948: [ParNew: 368640K->20296K(368640K), 0.0587240 secs] 2300390K->1972396K(12541952K), 0.0591340 secs] [Times: user=0.34 sys=0.00, real=0.06 secs] 
2011-03-01T03:29:24.988+0000: 8866.380: [GC 8866.380: [ParNew: 347976K->40960K(368640K), 0.0515080 secs] 2300076K->2006393K(12541952K), 0.0518850 secs] [Times: user=0.39 sys=0.00, real=0.05 secs] 
2011-03-01T03:29:27.249+0000: 8868.640: [GC 8868.640: [ParNew: 368640K->16073K(368640K), 0.0587120 secs] 2334073K->2001834K(12541952K), 0.0590950 secs] [Times: user=0.39 sys=0.00, real=0.06 secs] 
2011-03-01T03:29:29.437+0000: 8870.828: [GC 8870.828: [ParNew: 343753K->39213K(368640K), 0.0379920 secs] 2329514K->2024974K(12541952K), 0.0383620 secs] [Times: user=0.32 sys=0.00, real=0.04 secs] 
2011-03-01T03:29:31.284+0000: 8872.676: [GC 8872.676: [ParNew: 366893K->22922K(368640K), 0.0603900 secs] 2352654K->2030889K(12541952K), 0.0608290 secs] [Times: user=0.35 sys=0.00, real=0.06 secs] 
2011-03-01T03:29:32.674+0000: 8874.065: [GC 8874.065: [ParNew: 350602K->40960K(368640K), 0.0528540 secs] 2358569K->2058281K(12541952K), 0.0533380 secs] [Times: user=0.35 sys=0.00, real=0.05 secs] 
2011-03-01T03:29:34.108+0000: 8875.500: [GC 8875.500: [ParNew: 368640K->18124K(368640K), 0.0496560 secs] 2385961K->2057679K(12541952K), 0.0571580 secs] [Times: user=0.33 sys=0.00, real=0.06 secs] 
2011-03-01T03:29:35.214+0000: 8876.605: [GC 8876.605: [ParNew: 345804K->40960K(368640K), 0.0367560 secs] 2385359K->2080514K(12541952K), 0.0372380 secs] [Times: user=0.25 sys=0.00, real=0.03 secs] 
2011-03-01T03:29:35.647+0000: 8877.039: [GC 8877.039: [ParNew: 368640K->32270K(368640K), 0.0617120 secs] 2408194K->2091759K(12541952K), 0.0622110 secs] [Times: user=0.41 sys=0.00, real=0.06 secs] 
2011-03-01T03:29:36.407+0000: 8877.798: [GC 8877.798: [ParNew: 359950K->40960K(368640K), 0.0680390 secs] 2419439K->2116302K(12541952K), 0.0685340 secs] [Times: user=0.45 sys=0.01, real=0.07 secs] 
2011-03-01T03:29:36.743+0000: 8878.134: [GC 8878.134: [ParNew: 368640K->40960K(368640K), 0.1088830 secs] 2443982K->2146929K(12541952K), 0.1093740 secs] [Times: user=0.58 sys=0.00, real=0.11 secs] 
2011-03-01T03:29:37.092+0000: 8878.484: [GC 8878.484: [ParNew: 368640K->40960K(368640K), 0.0762370 secs] 2474609K->2164967K(12541952K), 0.0767330 secs] [Times: user=0.50 sys=0.00, real=0.07 secs] 
2011-03-01T03:29:37.623+0000: 8879.014: [GC 8879.014: [ParNew: 368640K->40960K(368640K), 0.0644690 secs] 2492647K->2182392K(12541952K), 0.0649640 secs] [Times: user=0.47 sys=0.00, real=0.06 secs] 
2011-03-01T03:29:37.979+0000: 8879.370: [GC 8879.370: [ParNew: 368640K->40960K(368640K), 0.0614330 secs] 2510072K->2198286K(12541952K), 0.0619290 secs] [Times: user=0.40 sys=0.00, real=0.06 secs] 
2011-03-01T03:29:38.285+0000: 8879.676: [GC 8879.676: [ParNew: 368640K->40960K(368640K), 0.0570390 secs] 2525966K->2212904K(12541952K), 0.0574550 secs] [Times: user=0.34 sys=0.00, real=0.06 secs] 
2011-03-01T03:29:38.899+0000: 8880.290: [GC 8880.290: [ParNew: 368640K->37996K(368640K), 0.0492320 secs] 2540584K->2220984K(12541952K), 0.0495980 secs] [Times: user=0.32 sys=0.00, real=0.05 secs] 
2011-03-01T03:29:39.493+0000: 8880.884: [GC 8880.885: [ParNew: 365676K->32640K(368640K), 0.0427250 secs] 2548664K->2226151K(12541952K), 0.0500310 secs] [Times: user=0.32 sys=0.00, real=0.05 secs] 
2011-03-01T03:29:40.307+0000: 8881.698: [GC 8881.698: [ParNew: 360320K->23313K(368640K), 0.0380040 secs] 2553831K->2225905K(12541952K), 0.0384910 secs] [Times: user=0.25 sys=0.01, real=0.04 secs] 
2011-03-01T03:29:41.519+0000: 8882.910: [GC 8882.910: [ParNew: 350993K->40960K(368640K), 0.0347880 secs] 2553585K->2245101K(12541952K), 0.0352850 secs] [Times: user=0.25 sys=0.00, real=0.04 secs] 
2011-03-01T03:29:43.063+0000: 8884.454: [GC 8884.455: [ParNew: 368640K->27748K(368640K), 0.0475880 secs] 2572781K->2245595K(12541952K), 0.0481080 secs] [Times: user=0.25 sys=0.00, real=0.04 secs] 
2011-03-01T03:29:44.382+0000: 8885.774: [GC 8885.774: [ParNew: 355428K->13877K(368640K), 0.0402940 secs] 2573275K->2240409K(12541952K), 0.0407820 secs] [Times: user=0.28 sys=0.00, real=0.04 secs] 
2011-03-01T03:29:45.775+0000: 8887.166: [GC 8887.166: [ParNew: 341557K->36768K(368640K), 0.0311500 secs] 2568089K->2263300K(12541952K), 0.0316470 secs] [Times: user=0.24 sys=0.00, real=0.03 secs] 
2011-03-01T03:29:47.206+0000: 8888.598: [GC 8888.598: [ParNew: 364448K->40960K(368640K), 0.0550590 secs] 2590980K->2274597K(12541952K), 0.0555470 secs] [Times: user=0.40 sys=0.00, real=0.06 secs] 
2011-03-01T03:29:48.483+0000: 8889.874: [GC 8889.874: [ParNew: 368640K->40657K(368640K), 0.0773590 secs] 2602277K->2299090K(12541952K), 0.0778430 secs] [Times: user=0.54 sys=0.00, real=0.07 secs] 
2011-03-01T03:29:50.672+0000: 8892.063: [GC 8892.063: [ParNew: 368337K->25331K(368640K), 0.0562030 secs] 2626770K->2302633K(12541952K), 0.0565950 secs] [Times: user=0.32 sys=0.00, real=0.06 secs] 
2011-03-01T03:29:52.643+0000: 8894.034: [GC 8894.034: [ParNew: 353011K->20243K(368640K), 0.0414310 secs] 2630313K->2303966K(12541952K), 0.0417880 secs] [Times: user=0.29 sys=0.00, real=0.04 secs] 
2011-03-01T03:29:54.598+0000: 8895.990: [GC 8895.990: [ParNew: 347923K->40960K(368640K), 0.0405700 secs] 2631646K->2325141K(12541952K), 0.0410460 secs] [Times: user=0.31 sys=0.00, real=0.04 secs] 
2011-03-01T03:29:55.596+0000: 8896.987: [GC 8896.987: [ParNew: 368640K->24683K(368640K), 0.0530620 secs] 2652821K->2322329K(12541952K), 0.0535610 secs] [Times: user=0.32 sys=0.00, real=0.05 secs] 
2011-03-01T03:29:56.363+0000: 8897.754: [GC 8897.754: [ParNew: 352363K->5452K(368640K), 0.0374850 secs] 2650009K->2311378K(12541952K), 0.0379820 secs] [Times: user=0.20 sys=0.01, real=0.04 secs] 
2011-03-01T03:29:57.005+0000: 8898.397: [GC 8898.397: [ParNew: 333132K->20814K(368640K), 0.0261680 secs] 2639058K->2326739K(12541952K), 0.0266530 secs] [Times: user=0.16 sys=0.00, real=0.03 secs] 
2011-03-01T03:29:57.484+0000: 8898.876: [GC 8898.876: [ParNew: 348494K->28607K(368640K), 0.0265730 secs] 2654419K->2334532K(12541952K), 0.0270480 secs] [Times: user=0.18 sys=0.00, real=0.02 secs] 
2011-03-01T03:29:58.212+0000: 8899.603: [GC 8899.604: [ParNew: 356287K->24633K(368640K), 0.0420800 secs] 2662212K->2338046K(12541952K), 0.0425630 secs] [Times: user=0.31 sys=0.00, real=0.05 secs] 
2011-03-01T03:29:58.918+0000: 8900.309: [GC 8900.310: [ParNew: 352313K->29289K(368640K), 0.0323590 secs] 2665726K->2342702K(12541952K), 0.0328290 secs] [Times: user=0.23 sys=0.01, real=0.03 secs] 
2011-03-01T03:29:59.677+0000: 8901.068: [GC 8901.068: [ParNew: 356969K->26497K(368640K), 0.0483070 secs] 2670382K->2349741K(12541952K), 0.0487820 secs] [Times: user=0.31 sys=0.01, real=0.05 secs] 
2011-03-01T03:30:00.234+0000: 8901.625: [GC 8901.626: [ParNew: 354177K->32069K(368640K), 0.0348580 secs] 2677421K->2357611K(12541952K), 0.0353370 secs] [Times: user=0.22 sys=0.00, real=0.03 secs] 
2011-03-01T03:30:00.703+0000: 8902.094: [GC 8902.095: [ParNew: 359694K->29117K(368640K), 0.0335220 secs] 2685236K->2361131K(12541952K), 0.0340000 secs] [Times: user=0.20 sys=0.00, real=0.03 secs] 
2011-03-01T03:30:01.432+0000: 8902.823: [GC 8902.824: [ParNew: 356797K->24579K(368640K), 0.0346740 secs] 2688811K->2361873K(12541952K), 0.0352050 secs] [Times: user=0.24 sys=0.00, real=0.03 secs] 
2011-03-01T03:30:03.035+0000: 8904.427: [GC 8904.427: [ParNew: 352259K->23551K(368640K), 0.0394090 secs] 2689553K->2366142K(12541952K), 0.0399110 secs] [Times: user=0.25 sys=0.00, real=0.04 secs] 
2011-03-01T03:30:05.091+0000: 8906.482: [GC 8906.482: [ParNew: 351231K->40960K(368640K), 0.0427220 secs] 2693822K->2387712K(12541952K), 0.0432150 secs] [Times: user=0.32 sys=0.00, real=0.04 secs] 
2011-03-01T03:30:07.358+0000: 8908.749: [GC 8908.750: [ParNew: 368640K->40512K(368640K), 0.0463830 secs] 2715392K->2395874K(12541952K), 0.0468790 secs] [Times: user=0.33 sys=0.00, real=0.05 secs] 
2011-03-01T03:30:09.190+0000: 8910.581: [GC 8910.582: [ParNew: 368192K->30413K(368640K), 0.0435070 secs] 2723553K->2393246K(12541952K), 0.0440020 secs] [Times: user=0.33 sys=0.00, real=0.05 secs] 
2011-03-01T03:30:11.151+0000: 8912.542: [GC 8912.543: [ParNew: 358041K->29419K(368640K), 0.0434100 secs] 2720873K->2398763K(12541952K), 0.0439030 secs] [Times: user=0.31 sys=0.00, real=0.05 secs] 
2011-03-01T03:30:12.904+0000: 8914.295: [GC 8914.295: [ParNew: 357099K->24668K(368640K), 0.0471850 secs] 2726443K->2400557K(12541952K), 0.0476880 secs] [Times: user=0.29 sys=0.00, real=0.04 secs] 
2011-03-01T03:30:14.908+0000: 8916.299: [GC 8916.299: [ParNew: 352348K->38924K(368640K), 0.0435610 secs] 2728237K->2422676K(12541952K), 0.0439220 secs] [Times: user=0.32 sys=0.00, real=0.04 secs] 
2011-03-01T03:30:17.192+0000: 8918.583: [GC 8918.583: [ParNew: 366604K->39896K(368640K), 0.0482580 secs] 2750356K->2429419K(12541952K), 0.0486260 secs] [Times: user=0.32 sys=0.00, real=0.05 secs] 
2011-03-01T03:30:18.817+0000: 8920.208: [GC 8920.208: [ParNew: 367576K->29488K(368640K), 0.0540600 secs] 2757099K->2433953K(12541952K), 0.0544230 secs] [Times: user=0.33 sys=0.00, real=0.05 secs] 
2011-03-01T03:30:20.231+0000: 8921.623: [GC 8921.623: [ParNew: 357168K->28502K(368640K), 0.0431660 secs] 2761633K->2439783K(12541952K), 0.0436570 secs] [Times: user=0.32 sys=0.00, real=0.05 secs] 
2011-03-01T03:30:21.332+0000: 8922.723: [GC 8922.723: [ParNew: 356182K->29448K(368640K), 0.0426150 secs] 2767463K->2449609K(12541952K), 0.0431010 secs] [Times: user=0.32 sys=0.00, real=0.05 secs] 
2011-03-01T03:30:22.701+0000: 8924.093: [GC 8924.093: [ParNew: 357128K->18374K(368640K), 0.0432710 secs] 2777289K->2447607K(12541952K), 0.0437570 secs] [Times: user=0.33 sys=0.00, real=0.05 secs] 
2011-03-01T03:30:24.085+0000: 8925.476: [GC 8925.476: [ParNew: 346054K->38150K(368640K), 0.0332990 secs] 2775287K->2467382K(12541952K), 0.0337850 secs] [Times: user=0.24 sys=0.00, real=0.03 secs] 
2011-03-01T03:30:25.376+0000: 8926.767: [GC 8926.768: [ParNew: 365830K->40960K(368640K), 0.0489410 secs] 2795062K->2477293K(12541952K), 0.0494230 secs] [Times: user=0.33 sys=0.00, real=0.05 secs] 
2011-03-01T03:30:27.549+0000: 8928.940: [GC 8928.941: [ParNew: 368640K->40960K(368640K), 0.0479680 secs] 2804973K->2486043K(12541952K), 0.0484540 secs] [Times: user=0.34 sys=0.01, real=0.05 secs] 
2011-03-01T03:30:30.019+0000: 8931.411: [GC 8931.411: [ParNew: 368640K->22328K(368640K), 0.0565970 secs] 2813723K->2484713K(12541952K), 0.0570960 secs] [Times: user=0.34 sys=0.00, real=0.06 secs] 
2011-03-01T03:30:31.270+0000: 8932.661: [GC 8932.662: [ParNew: 350008K->34972K(368640K), 0.0321510 secs] 2812393K->2497357K(12541952K), 0.0326290 secs] [Times: user=0.24 sys=0.00, real=0.04 secs] 
2011-03-01T03:30:32.603+0000: 8933.995: [GC 8933.995: [ParNew: 362652K->33157K(368640K), 0.0479460 secs] 2825037K->2502117K(12541952K), 0.0484320 secs] [Times: user=0.31 sys=0.01, real=0.04 secs] 
2011-03-01T03:30:33.882+0000: 8935.274: [GC 8935.274: [ParNew: 360837K->40960K(368640K), 0.0567210 secs] 2829797K->2535032K(12541952K), 0.0572050 secs] [Times: user=0.38 sys=0.00, real=0.05 secs] 
2011-03-01T03:30:35.145+0000: 8936.537: [GC 8936.537: [ParNew: 368640K->25855K(368640K), 0.0563570 secs] 2862712K->2538724K(12541952K), 0.0568480 secs] [Times: user=0.32 sys=0.01, real=0.06 secs] 
2011-03-01T03:30:35.868+0000: 8937.260: [GC 8937.260: [ParNew: 353535K->34067K(368640K), 0.0501700 secs] 2866404K->2553855K(12541952K), 0.0506540 secs] [Times: user=0.32 sys=0.01, real=0.05 secs] 
2011-03-01T03:30:36.260+0000: 8937.651: [GC 8937.652: [ParNew: 361747K->32512K(368640K), 0.0806800 secs] 2881535K->2565341K(12541952K), 0.0811670 secs] [Times: user=0.45 sys=0.00, real=0.08 secs] 
2011-03-01T03:30:36.578+0000: 8937.969: [GC 8937.970: [ParNew: 360192K->36494K(368640K), 0.0553770 secs] 2893021K->2578547K(12541952K), 0.0558660 secs] [Times: user=0.33 sys=0.01, real=0.06 secs] 
2011-03-01T03:30:36.845+0000: 8938.236: [GC 8938.236: [ParNew: 364174K->40960K(368640K), 0.0590480 secs] 2906227K->2594693K(12541952K), 0.0594670 secs] [Times: user=0.34 sys=0.01, real=0.06 secs] 
2011-03-01T03:30:37.301+0000: 8938.693: [GC 8938.693: [ParNew: 368640K->32611K(368640K), 0.0550940 secs] 2922373K->2595078K(12541952K), 0.0554590 secs] [Times: user=0.34 sys=0.00, real=0.06 secs] 
2011-03-01T03:30:37.634+0000: 8939.025: [GC 8939.025: [ParNew: 360291K->40960K(368640K), 0.0563150 secs] 2922758K->2616187K(12541952K), 0.0566840 secs] [Times: user=0.33 sys=0.00, real=0.05 secs] 
2011-03-01T03:30:37.952+0000: 8939.344: [GC 8939.344: [ParNew: 368640K->40960K(368640K), 0.0598480 secs] 2943867K->2627711K(12541952K), 0.0602060 secs] [Times: user=0.37 sys=0.00, real=0.06 secs] 
2011-03-01T03:30:38.249+0000: 8939.640: [GC 8939.640: [ParNew: 368640K->40960K(368640K), 0.0540270 secs] 2955391K->2641174K(12541952K), 0.0543820 secs] [Times: user=0.34 sys=0.00, real=0.06 secs] 
2011-03-01T03:30:38.726+0000: 8940.117: [GC 8940.117: [ParNew: 368640K->40960K(368640K), 0.0811420 secs] 2968854K->2660017K(12541952K), 0.0815080 secs] [Times: user=0.56 sys=0.00, real=0.08 secs] 
2011-03-01T03:30:39.589+0000: 8940.980: [GC 8940.980: [ParNew: 368640K->37446K(368640K), 0.0380380 secs] 2987758K->2665546K(12541952K), 0.0385310 secs] [Times: user=0.25 sys=0.00, real=0.04 secs] 
2011-03-01T03:30:39.631+0000: 8941.022: [GC 8941.022: [ParNew: 38041K->12804K(368640K), 0.0326040 secs] 2666141K->2654703K(12541952K), 0.0330220 secs] [Times: user=0.25 sys=0.00, real=0.04 secs] 
2011-03-01T03:30:40.380+0000: 8941.771: [GC 8941.771: [ParNew: 340484K->19154K(368640K), 0.0238820 secs] 2982383K->2661053K(12541952K), 0.0243710 secs] [Times: user=0.21 sys=0.01, real=0.03 secs] 
2011-03-01T03:30:41.760+0000: 8943.151: [GC 8943.152: [ParNew: 346834K->40960K(368640K), 0.0355880 secs] 2988733K->2687429K(12541952K), 0.0360910 secs] [Times: user=0.28 sys=0.00, real=0.04 secs] 
2011-03-01T03:30:43.087+0000: 8944.479: [GC 8944.479: [ParNew: 368640K->19212K(368640K), 0.0409390 secs] 3015109K->2683557K(12541952K), 0.0414510 secs] [Times: user=0.29 sys=0.00, real=0.04 secs] 
2011-03-01T03:30:44.369+0000: 8945.760: [GC 8945.761: [ParNew: 346892K->29223K(368640K), 0.0264380 secs] 3011237K->2693568K(12541952K), 0.0269250 secs] [Times: user=0.24 sys=0.00, real=0.03 secs] 
2011-03-01T03:30:45.804+0000: 8947.195: [GC 8947.195: [ParNew: 356903K->36779K(368640K), 0.0339360 secs] 3021248K->2708090K(12541952K), 0.0344380 secs] [Times: user=0.24 sys=0.01, real=0.03 secs] 
2011-03-01T03:30:47.065+0000: 8948.456: [GC 8948.456: [ParNew: 364459K->40960K(368640K), 0.0327710 secs] 3035770K->2720751K(12541952K), 0.0332780 secs] [Times: user=0.24 sys=0.00, real=0.03 secs] 
2011-03-01T03:30:48.376+0000: 8949.767: [GC 8949.768: [ParNew: 368640K->40960K(368640K), 0.0374580 secs] 3048431K->2729466K(12541952K), 0.0378230 secs] [Times: user=0.24 sys=0.01, real=0.04 secs] 
2011-03-01T03:30:50.102+0000: 8951.494: [GC 8951.494: [ParNew: 368640K->34420K(368640K), 0.0481410 secs] 3057146K->2741175K(12541952K), 0.0485070 secs] [Times: user=0.36 sys=0.00, real=0.04 secs] 
2011-03-01T03:30:52.607+0000: 8953.998: [GC 8953.998: [ParNew: 362100K->27129K(368640K), 0.0364010 secs] 3068855K->2742380K(12541952K), 0.0367620 secs] [Times: user=0.24 sys=0.00, real=0.04 secs] 
2011-03-01T03:30:54.452+0000: 8955.843: [GC 8955.844: [ParNew: 354794K->15101K(368640K), 0.0340630 secs] 3070045K->2738844K(12541952K), 0.0344370 secs] [Times: user=0.26 sys=0.00, real=0.03 secs] 
2011-03-01T03:30:55.142+0000: 8956.533: [GC 8956.533: [ParNew: 342781K->22276K(368640K), 0.0235430 secs] 3066524K->2746019K(12541952K), 0.0239190 secs] [Times: user=0.20 sys=0.02, real=0.03 secs] 
2011-03-01T03:30:55.812+0000: 8957.203: [GC 8957.204: [ParNew: 349956K->40960K(368640K), 0.0345010 secs] 3073699K->2764741K(12541952K), 0.0349490 secs] [Times: user=0.28 sys=0.00, real=0.04 secs] 
2011-03-01T03:30:56.416+0000: 8957.807: [GC 8957.808: [ParNew: 368640K->29819K(368640K), 0.0401620 secs] 3092421K->2762344K(12541952K), 0.0405320 secs] [Times: user=0.28 sys=0.00, real=0.04 secs] 
2011-03-01T03:30:57.035+0000: 8958.426: [GC 8958.426: [ParNew: 357499K->19963K(368640K), 0.0331100 secs] 3090024K->2759356K(12541952K), 0.0334830 secs] [Times: user=0.23 sys=0.00, real=0.03 secs] 
2011-03-01T03:30:57.657+0000: 8959.048: [GC 8959.049: [ParNew: 347643K->24255K(368640K), 0.0300630 secs] 3087036K->2763648K(12541952K), 0.0304400 secs] [Times: user=0.23 sys=0.01, real=0.03 secs] 
2011-03-01T03:30:58.255+0000: 8959.646: [GC 8959.647: [ParNew: 351935K->40960K(368640K), 0.0344780 secs] 3091328K->2782634K(12541952K), 0.0348530 secs] [Times: user=0.24 sys=0.00, real=0.03 secs] 
2011-03-01T03:30:58.884+0000: 8960.275: [GC 8960.275: [ParNew: 368640K->12370K(368640K), 0.0347220 secs] 3110314K->2767676K(12541952K), 0.0350980 secs] [Times: user=0.25 sys=0.00, real=0.03 secs] 
2011-03-01T03:30:59.554+0000: 8960.945: [GC 8960.945: [ParNew: 340050K->22589K(368640K), 0.0260990 secs] 3095356K->2777895K(12541952K), 0.0264680 secs] [Times: user=0.19 sys=0.00, real=0.02 secs] 
2011-03-01T03:31:00.217+0000: 8961.609: [GC 8961.609: [ParNew: 350263K->34100K(368640K), 0.0324660 secs] 3105569K->2789406K(12541952K), 0.0328410 secs] [Times: user=0.24 sys=0.00, real=0.03 secs] 
2011-03-01T03:31:00.794+0000: 8962.185: [GC 8962.185: [ParNew: 361780K->40960K(368640K), 0.0439910 secs] 3117086K->2803214K(12541952K), 0.0443610 secs] [Times: user=0.33 sys=0.00, real=0.04 secs] 
2011-03-01T03:31:02.257+0000: 8963.649: [GC 8963.649: [ParNew: 368640K->34210K(368640K), 0.0436810 secs] 3130894K->2826892K(12541952K), 0.0440570 secs] [Times: user=0.32 sys=0.00, real=0.04 secs] 
2011-03-01T03:31:04.297+0000: 8965.689: [GC 8965.689: [ParNew: 361890K->17164K(368640K), 0.0355640 secs] 3154572K->2822506K(12541952K), 0.0359300 secs] [Times: user=0.24 sys=0.00, real=0.04 secs] 
2011-03-01T03:31:06.228+0000: 8967.619: [GC 8967.619: [ParNew: 344844K->29902K(368640K), 0.0350450 secs] 3150186K->2835245K(12541952K), 0.0354130 secs] [Times: user=0.26 sys=0.00, real=0.04 secs] 
2011-03-01T03:31:08.128+0000: 8969.519: [GC 8969.520: [ParNew: 357582K->40128K(368640K), 0.0416280 secs] 3162925K->2852004K(12541952K), 0.0420010 secs] [Times: user=0.32 sys=0.00, real=0.04 secs] 
2011-03-01T03:31:09.805+0000: 8971.196: [GC 8971.197: [ParNew: 367783K->11245K(368640K), 0.0439380 secs] 3179659K->2840729K(12541952K), 0.0443070 secs] [Times: user=0.30 sys=0.02, real=0.04 secs] 
2011-03-01T03:31:11.606+0000: 8972.997: [GC 8972.997: [ParNew: 338925K->23523K(368640K), 0.0322460 secs] 3168409K->2853007K(12541952K), 0.0326270 secs] [Times: user=0.24 sys=0.00, real=0.03 secs] 
2011-03-01T03:31:13.661+0000: 8975.052: [GC 8975.052: [ParNew: 351203K->32256K(368640K), 0.0385120 secs] 3180687K->2865490K(12541952K), 0.0388750 secs] [Times: user=0.30 sys=0.00, real=0.04 secs] 
2011-03-01T03:31:16.003+0000: 8977.394: [GC 8977.394: [ParNew: 359936K->22757K(368640K), 0.0414450 secs] 3193170K->2863528K(12541952K), 0.0418330 secs] [Times: user=0.29 sys=0.01, real=0.04 secs] 
2011-03-01T03:31:17.959+0000: 8979.350: [GC 8979.350: [ParNew: 350437K->40960K(368640K), 0.0432400 secs] 3191208K->2887837K(12541952K), 0.0436020 secs] [Times: user=0.32 sys=0.00, real=0.05 secs] 
2011-03-01T03:31:19.596+0000: 8980.987: [GC 8980.988: [ParNew: 368640K->12194K(368640K), 0.0508180 secs] 3215517K->2876984K(12541952K), 0.0511850 secs] [Times: user=0.38 sys=0.00, real=0.05 secs] 
2011-03-01T03:31:20.184+0000: 8981.575: [GC 8981.575: [ParNew: 339874K->40128K(368640K), 0.0520380 secs] 3204664K->2970454K(12541952K), 0.0524040 secs] [Times: user=0.41 sys=0.01, real=0.05 secs] 
2011-03-01T03:31:20.830+0000: 8982.221: [GC 8982.221: [ParNew: 367808K->23167K(368640K), 0.0486640 secs] 3298134K->2980889K(12541952K), 0.0490240 secs] [Times: user=0.39 sys=0.01, real=0.05 secs] 
2011-03-01T03:31:21.539+0000: 8982.930: [GC 8982.931: [ParNew: 350847K->26591K(368640K), 0.0485370 secs] 3308569K->2984313K(12541952K), 0.0504540 secs] [Times: user=0.34 sys=0.00, real=0.05 secs] 
2011-03-01T03:31:22.260+0000: 8983.651: [GC 8983.652: [ParNew: 353121K->22004K(368640K), 0.0420240 secs] 3310843K->2987304K(12541952K), 0.0425230 secs] [Times: user=0.32 sys=0.00, real=0.05 secs] 
2011-03-01T03:31:22.603+0000: 8983.994: [GC 8983.995: [ParNew: 349684K->40960K(368640K), 0.0603430 secs] 3314984K->3072565K(12541952K), 0.0608350 secs] [Times: user=0.49 sys=0.01, real=0.06 secs] 
2011-03-01T03:31:23.054+0000: 8984.445: [GC 8984.445: [ParNew: 368640K->21635K(368640K), 0.0661690 secs] 3400245K->3085497K(12541952K), 0.0666730 secs] [Times: user=0.43 sys=0.00, real=0.06 secs] 
2011-03-01T03:31:23.533+0000: 8984.924: [GC 8984.924: [ParNew: 349315K->9317K(368640K), 0.0397060 secs] 3413177K->3081348K(12541952K), 0.0403000 secs] [Times: user=0.25 sys=0.00, real=0.04 secs] 
2011-03-01T03:31:23.964+0000: 8985.355: [GC 8985.356: [ParNew: 336997K->14899K(368640K), 0.0326630 secs] 3409028K->3086930K(12541952K), 0.0331630 secs] [Times: user=0.24 sys=0.00, real=0.03 secs] 
2011-03-01T03:31:24.451+0000: 8985.842: [GC 8985.842: [ParNew: 342579K->22929K(368640K), 0.0376470 secs] 3414610K->3094960K(12541952K), 0.0381450 secs] [Times: user=0.30 sys=0.00, real=0.04 secs] 
2011-03-01T03:31:24.961+0000: 8986.353: [GC 8986.353: [ParNew: 312662K->40960K(368640K), 0.0464870 secs] 3384693K->3123863K(12541952K), 0.0470660 secs] [Times: user=0.36 sys=0.00, real=0.05 secs] 
2011-03-01T03:31:25.294+0000: 8986.685: [GC 8986.685: [ParNew: 321033K->33249K(368640K), 0.0696420 secs] 3403936K->3210587K(12541952K), 0.0701470 secs] [Times: user=0.50 sys=0.00, real=0.07 secs] 
2011-03-01T03:31:25.657+0000: 8987.048: [GC 8987.048: [ParNew: 360929K->25965K(368640K), 0.0449130 secs] 3538267K->3268839K(12541952K), 0.0453960 secs] [Times: user=0.27 sys=0.00, real=0.05 secs] 
2011-03-01T03:31:26.060+0000: 8987.451: [GC 8987.452: [ParNew: 353645K->9117K(368640K), 0.0486150 secs] 3596519K->3271254K(12541952K), 0.0491050 secs] [Times: user=0.39 sys=0.01, real=0.05 secs] 
2011-03-01T03:31:26.432+0000: 8987.823: [GC 8987.824: [ParNew: 336797K->15376K(368640K), 0.0403890 secs] 3598934K->3277513K(12541952K), 0.0408860 secs] [Times: user=0.28 sys=0.00, real=0.04 secs] 
2011-03-01T03:31:26.813+0000: 8988.205: [GC 8988.205: [ParNew: 343056K->19905K(368640K), 0.0437890 secs] 3605193K->3282042K(12541952K), 0.0442720 secs] [Times: user=0.32 sys=0.00, real=0.04 secs] 
2011-03-01T03:31:27.235+0000: 8988.626: [GC 8988.626: [ParNew: 347585K->26770K(368640K), 0.0416020 secs] 3609722K->3292179K(12541952K), 0.0420890 secs] [Times: user=0.31 sys=0.01, real=0.04 secs] 
2011-03-01T03:31:27.632+0000: 8989.023: [GC 8989.023: [ParNew: 354450K->18667K(368640K), 0.0417620 secs] 3619859K->3287294K(12541952K), 0.0422590 secs] [Times: user=0.31 sys=0.00, real=0.05 secs] 
2011-03-01T03:31:28.122+0000: 8989.513: [GC 8989.513: [ParNew: 346347K->22301K(368640K), 0.0524750 secs] 3614974K->3294614K(12541952K), 0.0529660 secs] [Times: user=0.41 sys=0.01, real=0.06 secs] 
2011-03-01T03:31:28.644+0000: 8990.035: [GC 8990.035: [ParNew: 349981K->28739K(368640K), 0.0420350 secs] 3622294K->3305042K(12541952K), 0.0425210 secs] [Times: user=0.32 sys=0.00, real=0.04 secs] 
2011-03-01T03:31:29.076+0000: 8990.467: [GC 8990.468: [ParNew: 356419K->36278K(368640K), 0.0606160 secs] 3632722K->3389655K(12541952K), 0.0611050 secs] [Times: user=0.46 sys=0.00, real=0.06 secs] 
2011-03-01T03:31:29.684+0000: 8991.075: [GC 8991.075: [ParNew: 363958K->40782K(368640K), 0.0469430 secs] 3717335K->3406774K(12541952K), 0.0474290 secs] [Times: user=0.32 sys=0.00, real=0.04 secs] 
2011-03-01T03:31:30.498+0000: 8991.889: [GC 8991.890: [ParNew: 368462K->35155K(368640K), 0.0340270 secs] 3734454K->3411251K(12541952K), 0.0345360 secs] [Times: user=0.25 sys=0.00, real=0.04 secs] 
2011-03-01T03:31:31.243+0000: 8992.634: [GC 8992.635: [ParNew: 362835K->34701K(368640K), 0.0340530 secs] 3738931K->3417581K(12541952K), 0.0345450 secs] [Times: user=0.24 sys=0.00, real=0.03 secs] 
2011-03-01T03:31:31.912+0000: 8993.303: [GC 8993.303: [ParNew: 361548K->31209K(368640K), 0.0347120 secs] 3744427K->3423264K(12541952K), 0.0424680 secs] [Times: user=0.25 sys=0.00, real=0.05 secs] 
2011-03-01T03:31:32.555+0000: 8993.946: [GC 8993.947: [ParNew: 358889K->40960K(368640K), 0.0310650 secs] 3750944K->3433015K(12541952K), 0.0314970 secs] [Times: user=0.24 sys=0.00, real=0.03 secs] 
2011-03-01T03:31:33.207+0000: 8994.599: [GC 8994.599: [ParNew: 368640K->28340K(368640K), 0.0468330 secs] 3760695K->3446397K(12541952K), 0.0473200 secs] [Times: user=0.33 sys=0.00, real=0.05 secs] 
2011-03-01T03:31:33.935+0000: 8995.326: [GC 8995.327: [ParNew: 356020K->38946K(368640K), 0.0281780 secs] 3774077K->3457002K(12541952K), 0.0286620 secs] [Times: user=0.21 sys=0.00, real=0.03 secs] 
2011-03-01T03:31:34.602+0000: 8995.993: [GC 8995.993: [ParNew: 366626K->30795K(368640K), 0.0420470 secs] 3784682K->3458436K(12541952K), 0.0425330 secs] [Times: user=0.31 sys=0.00, real=0.05 secs] 
2011-03-01T03:31:35.300+0000: 8996.691: [GC 8996.691: [ParNew: 358475K->25892K(368640K), 0.0411570 secs] 3786116K->3461098K(12541952K), 0.0416450 secs] [Times: user=0.31 sys=0.01, real=0.04 secs] 
2011-03-01T03:31:35.786+0000: 8997.177: [GC 8997.177: [ParNew: 353572K->34269K(368640K), 0.0442940 secs] 3788778K->3479288K(12541952K), 0.0447850 secs] [Times: user=0.31 sys=0.00, real=0.04 secs] 
2011-03-01T03:31:36.110+0000: 8997.501: [GC 8997.501: [ParNew: 361949K->40960K(368640K), 0.0455760 secs] 3806968K->3495974K(12541952K), 0.0460270 secs] [Times: user=0.34 sys=0.00, real=0.05 secs] 
2011-03-01T03:31:36.548+0000: 8997.939: [GC 8997.939: [ParNew: 368640K->40960K(368640K), 0.0643880 secs] 3823654K->3523308K(12541952K), 0.0647810 secs] [Times: user=0.42 sys=0.01, real=0.07 secs] 
2011-03-01T03:31:36.795+0000: 8998.187: [GC 8998.187: [ParNew: 368640K->40960K(368640K), 0.0568600 secs] 3850988K->3540380K(12541952K), 0.0572270 secs] [Times: user=0.38 sys=0.00, real=0.06 secs] 
2011-03-01T03:31:37.052+0000: 8998.443: [GC 8998.444: [ParNew: 368640K->40960K(368640K), 0.0688810 secs] 3868060K->3562606K(12541952K), 0.0764060 secs] [Times: user=0.49 sys=0.00, real=0.07 secs] 
2011-03-01T03:31:37.339+0000: 8998.730: [GC 8998.730: [ParNew: 368640K->40960K(368640K), 0.0553960 secs] 3890286K->3579909K(12541952K), 0.0558830 secs] [Times: user=0.41 sys=0.00, real=0.06 secs] 
2011-03-01T03:31:37.657+0000: 8999.048: [GC 8999.049: [ParNew: 368640K->40960K(368640K), 0.0519150 secs] 3907589K->3596920K(12541952K), 0.0523000 secs] [Times: user=0.36 sys=0.01, real=0.05 secs] 
2011-03-01T03:31:37.922+0000: 8999.314: [GC 8999.314: [ParNew: 368640K->40960K(368640K), 0.0511440 secs] 3924600K->3613214K(12541952K), 0.0515080 secs] [Times: user=0.37 sys=0.00, real=0.05 secs] 
2011-03-01T03:31:38.170+0000: 8999.561: [GC 8999.561: [ParNew: 368640K->40960K(368640K), 0.0512080 secs] 3940894K->3630180K(12541952K), 0.0515690 secs] [Times: user=0.40 sys=0.00, real=0.05 secs] 
2011-03-01T03:31:38.431+0000: 8999.822: [GC 8999.822: [ParNew: 368640K->40960K(368640K), 0.0540780 secs] 3957860K->3644792K(12541952K), 0.0545640 secs] [Times: user=0.40 sys=0.00, real=0.06 secs] 
2011-03-01T03:31:38.771+0000: 9000.162: [GC 9000.162: [ParNew: 368640K->40960K(368640K), 0.0733790 secs] 3972472K->3691101K(12541952K), 0.0738690 secs] [Times: user=0.56 sys=0.01, real=0.08 secs] 
2011-03-01T03:31:39.126+0000: 9000.517: [GC 9000.517: [ParNew: 368640K->36832K(368640K), 0.0428840 secs] 4018781K->3704648K(12541952K), 0.0433660 secs] [Times: user=0.31 sys=0.00, real=0.04 secs] 
2011-03-01T03:31:39.696+0000: 9001.087: [GC 9001.088: [ParNew: 364512K->31594K(368640K), 0.0482370 secs] 4032328K->3713499K(12541952K), 0.0487220 secs] [Times: user=0.30 sys=0.00, real=0.05 secs] 
2011-03-01T03:31:40.126+0000: 9001.517: [GC 9001.517: [ParNew: 359274K->20057K(368640K), 0.0396120 secs] 4041179K->3715294K(12541952K), 0.0401310 secs] [Times: user=0.24 sys=0.01, real=0.04 secs] 
2011-03-01T03:31:40.758+0000: 9002.149: [GC 9002.149: [ParNew: 347737K->39226K(368640K), 0.0309250 secs] 4042974K->3734463K(12541952K), 0.0314130 secs] [Times: user=0.24 sys=0.00, real=0.03 secs] 
2011-03-01T03:31:41.538+0000: 9002.930: [GC 9002.930: [ParNew: 366906K->28341K(368640K), 0.0441330 secs] 4062143K->3744312K(12541952K), 0.0446280 secs] [Times: user=0.32 sys=0.00, real=0.05 secs] 
2011-03-01T03:31:42.202+0000: 9003.593: [GC 9003.594: [ParNew: 356021K->10490K(368640K), 0.0353590 secs] 4071992K->3738439K(12541952K), 0.0400520 secs] [Times: user=0.24 sys=0.00, real=0.04 secs] 
2011-03-01T03:31:42.808+0000: 9004.199: [GC 9004.199: [ParNew: 338170K->17678K(368640K), 0.0306250 secs] 4066119K->3745627K(12541952K), 0.0311100 secs] [Times: user=0.24 sys=0.00, real=0.03 secs] 
2011-03-01T03:31:43.470+0000: 9004.861: [GC 9004.862: [ParNew: 345358K->40960K(368640K), 0.0417880 secs] 4073307K->3779641K(12541952K), 0.0422810 secs] [Times: user=0.32 sys=0.00, real=0.05 secs] 
2011-03-01T03:31:44.219+0000: 9005.610: [GC 9005.610: [ParNew: 368640K->30673K(368640K), 0.0414880 secs] 4107321K->3785396K(12541952K), 0.0419840 secs] [Times: user=0.32 sys=0.00, real=0.04 secs] 
2011-03-01T03:31:45.012+0000: 9006.404: [GC 9006.404: [ParNew: 358353K->29326K(368640K), 0.0288700 secs] 4113076K->3784049K(12541952K), 0.0293640 secs] [Times: user=0.21 sys=0.00, real=0.02 secs] 
2011-03-01T03:31:45.661+0000: 9007.053: [GC 9007.053: [ParNew: 357006K->23512K(368640K), 0.0357300 secs] 4111729K->3786922K(12541952K), 0.0362200 secs] [Times: user=0.30 sys=0.00, real=0.04 secs] 
2011-03-01T03:31:46.322+0000: 9007.713: [GC 9007.714: [ParNew: 351192K->40960K(368640K), 0.0379070 secs] 4114602K->3809295K(12541952K), 0.0383970 secs] [Times: user=0.28 sys=0.00, real=0.03 secs] 
2011-03-01T03:31:47.051+0000: 9008.442: [GC 9008.442: [ParNew: 368640K->15681K(368640K), 0.0447900 secs] 4136975K->3805994K(12541952K), 0.0452750 secs] [Times: user=0.30 sys=0.01, real=0.05 secs] 
2011-03-01T03:31:47.647+0000: 9009.039: [GC 9009.039: [ParNew: 343361K->19968K(368640K), 0.0286020 secs] 4133674K->3810282K(12541952K), 0.0289620 secs] [Times: user=0.24 sys=0.00, real=0.03 secs] 
2011-03-01T03:31:48.370+0000: 9009.761: [GC 9009.762: [ParNew: 347648K->28899K(368640K), 0.0349020 secs] 4137962K->3819213K(12541952K), 0.0352660 secs] [Times: user=0.31 sys=0.00, real=0.04 secs] 
2011-03-01T03:31:49.092+0000: 9010.484: [GC 9010.484: [ParNew: 356579K->33721K(368640K), 0.0412410 secs] 4146893K->3830974K(12541952K), 0.0416030 secs] [Times: user=0.30 sys=0.01, real=0.04 secs] 
2011-03-01T03:31:50.011+0000: 9011.402: [GC 9011.402: [ParNew: 361401K->25142K(368640K), 0.0458100 secs] 4158654K->3848635K(12541952K), 0.0461670 secs] [Times: user=0.33 sys=0.00, real=0.05 secs] 
2011-03-01T03:31:50.890+0000: 9012.281: [GC 9012.281: [ParNew: 352822K->15854K(368640K), 0.0242630 secs] 4176315K->3839347K(12541952K), 0.0246180 secs] [Times: user=0.19 sys=0.00, real=0.03 secs] 
2011-03-01T03:31:51.881+0000: 9013.272: [GC 9013.272: [ParNew: 343534K->21575K(368640K), 0.0283660 secs] 4167027K->3845068K(12541952K), 0.0287200 secs] [Times: user=0.22 sys=0.00, real=0.03 secs] 
2011-03-01T03:31:52.572+0000: 9013.963: [GC 9013.963: [ParNew: 349255K->26709K(368640K), 0.0317150 secs] 4172748K->3850202K(12541952K), 0.0320750 secs] [Times: user=0.26 sys=0.01, real=0.04 secs] 
2011-03-01T03:31:53.584+0000: 9014.976: [GC 9014.976: [ParNew: 354389K->24031K(368640K), 0.0391640 secs] 4177882K->3852293K(12541952K), 0.0395950 secs] [Times: user=0.25 sys=0.00, real=0.04 secs] 
2011-03-01T03:31:54.555+0000: 9015.946: [GC 9015.946: [ParNew: 351670K->35545K(368640K), 0.0477830 secs] 4179932K->3873006K(12541952K), 0.0482930 secs] [Times: user=0.33 sys=0.00, real=0.05 secs] 
2011-03-01T03:31:55.425+0000: 9016.816: [GC 9016.816: [ParNew: 363225K->28480K(368640K), 0.0421890 secs] 4200686K->3877926K(12541952K), 0.0427210 secs] [Times: user=0.28 sys=0.00, real=0.04 secs] 
2011-03-01T03:31:56.146+0000: 9017.537: [GC 9017.537: [ParNew: 356160K->18744K(368640K), 0.0375310 secs] 4205606K->3877191K(12541952K), 0.0380320 secs] [Times: user=0.24 sys=0.00, real=0.04 secs] 
2011-03-01T03:31:56.880+0000: 9018.271: [GC 9018.271: [ParNew: 346424K->40960K(368640K), 0.0337170 secs] 4204871K->3900239K(12541952K), 0.0342100 secs] [Times: user=0.27 sys=0.00, real=0.04 secs] 
2011-03-01T03:31:57.436+0000: 9018.827: [GC 9018.827: [ParNew: 368640K->31344K(368640K), 0.0454050 secs] 4227919K->3905520K(12541952K), 0.0459120 secs] [Times: user=0.32 sys=0.00, real=0.04 secs] 
2011-03-01T03:31:57.969+0000: 9019.360: [GC 9019.361: [ParNew: 359024K->19713K(368640K), 0.0579410 secs] 4233200K->3911685K(12541952K), 0.0584900 secs] [Times: user=0.40 sys=0.00, real=0.06 secs] 
2011-03-01T03:31:58.596+0000: 9019.987: [GC 9019.987: [ParNew: 347393K->20886K(368640K), 0.0351850 secs] 4239365K->3912858K(12541952K), 0.0356870 secs] [Times: user=0.24 sys=0.00, real=0.03 secs] 
2011-03-01T03:31:59.317+0000: 9020.708: [GC 9020.708: [ParNew: 348566K->40960K(368640K), 0.0418750 secs] 4240538K->3933185K(12541952K), 0.0423660 secs] [Times: user=0.31 sys=0.00, real=0.04 secs] 
2011-03-01T03:32:00.060+0000: 9021.451: [GC 9021.451: [ParNew: 368640K->33631K(368640K), 0.0590100 secs] 4260865K->3948180K(12541952K), 0.0594980 secs] [Times: user=0.41 sys=0.01, real=0.06 secs] 
2011-03-01T03:32:00.550+0000: 9021.942: [GC 9021.942: [ParNew: 361311K->19314K(368640K), 0.0430710 secs] 4275860K->3947843K(12541952K), 0.0435660 secs] [Times: user=0.33 sys=0.00, real=0.05 secs] 
2011-03-01T03:32:01.039+0000: 9022.431: [GC 9022.431: [ParNew: 346930K->40960K(368640K), 0.0495170 secs] 4275460K->3970227K(12541952K), 0.0500170 secs] [Times: user=0.39 sys=0.00, real=0.05 secs] 
2011-03-01T03:32:01.603+0000: 9022.994: [GC 9022.994: [ParNew: 368627K->24849K(368640K), 0.0531800 secs] 4297894K->3976215K(12541952K), 0.0536830 secs] [Times: user=0.36 sys=0.00, real=0.05 secs] 
2011-03-01T03:32:02.357+0000: 9023.748: [GC 9023.748: [ParNew: 352493K->21631K(368640K), 0.0307970 secs] 4303859K->3981072K(12541952K), 0.0312990 secs] [Times: user=0.24 sys=0.00, real=0.03 secs] 
2011-03-01T03:32:03.713+0000: 9025.104: [GC 9025.105: [ParNew: 349311K->40960K(368640K), 0.0293580 secs] 4308752K->4000401K(12541952K), 0.0298720 secs] [Times: user=0.21 sys=0.00, real=0.03 secs] 
2011-03-01T03:32:04.645+0000: 9026.037: [GC 9026.037: [ParNew: 368640K->40960K(368640K), 0.0427480 secs] 4328081K->4016799K(12541952K), 0.0432530 secs] [Times: user=0.29 sys=0.00, real=0.04 secs] 
2011-03-01T03:32:05.327+0000: 9026.718: [GC 9026.718: [ParNew: 368613K->29995K(368640K), 0.0267610 secs] 4344453K->4012630K(12541952K), 0.0272720 secs] [Times: user=0.17 sys=0.00, real=0.03 secs] 
2011-03-01T03:32:06.234+0000: 9027.625: [GC 9027.626: [ParNew: 357675K->26036K(368640K), 0.0257280 secs] 4340310K->4008671K(12541952K), 0.0262320 secs] [Times: user=0.18 sys=0.00, real=0.02 secs] 
2011-03-01T03:32:08.015+0000: 9029.406: [GC 9029.406: [ParNew: 353716K->32421K(368640K), 0.0356080 secs] 4336351K->4019193K(12541952K), 0.0361180 secs] [Times: user=0.24 sys=0.00, real=0.03 secs] 
2011-03-01T03:32:10.515+0000: 9031.907: [GC 9031.907: [ParNew: 360101K->31509K(368640K), 0.0468020 secs] 4346873K->4025109K(12541952K), 0.0473040 secs] [Times: user=0.32 sys=0.00, real=0.05 secs] 
2011-03-01T03:32:12.485+0000: 9033.877: [GC 9033.877: [ParNew: 359189K->33982K(368640K), 0.0538450 secs] 4352789K->4038475K(12541952K), 0.0543580 secs] [Times: user=0.40 sys=0.00, real=0.05 secs] 
2011-03-01T03:32:14.478+0000: 9035.869: [GC 9035.869: [ParNew: 361662K->38181K(368640K), 0.0536500 secs] 4366155K->4055298K(12541952K), 0.0541530 secs] [Times: user=0.40 sys=0.00, real=0.05 secs] 
2011-03-01T03:32:16.005+0000: 9037.396: [GC 9037.396: [ParNew: 365861K->28065K(368640K), 0.0532630 secs] 4382978K->4067961K(12541952K), 0.0537380 secs] [Times: user=0.35 sys=0.00, real=0.05 secs] 
2011-03-01T03:32:17.758+0000: 9039.149: [GC 9039.149: [ParNew: 355745K->17637K(368640K), 0.0425340 secs] 4395641K->4068885K(12541952K), 0.0430100 secs] [Times: user=0.31 sys=0.01, real=0.04 secs] 
2011-03-01T03:32:19.079+0000: 9040.470: [GC 9040.471: [ParNew: 345317K->40960K(368640K), 0.0444560 secs] 4396565K->4109241K(12541952K), 0.0490830 secs] [Times: user=0.32 sys=0.03, real=0.05 secs] 
2011-03-01T03:32:20.459+0000: 9041.850: [GC 9041.850: [ParNew: 368640K->25368K(368640K), 0.0515360 secs] 4436921K->4120201K(12541952K), 0.0519000 secs] [Times: user=0.39 sys=0.00, real=0.05 secs] 
2011-03-01T03:32:21.668+0000: 9043.059: [GC 9043.059: [ParNew: 353048K->22670K(368640K), 0.0384420 secs] 4447881K->4129431K(12541952K), 0.0388030 secs] [Times: user=0.28 sys=0.00, real=0.04 secs] 
2011-03-01T03:32:22.947+0000: 9044.338: [GC 9044.338: [ParNew: 350350K->19570K(368640K), 0.0379540 secs] 4457111K->4139047K(12541952K), 0.0383150 secs] [Times: user=0.26 sys=0.00, real=0.04 secs] 
2011-03-01T03:32:24.536+0000: 9045.927: [GC 9045.927: [ParNew: 347250K->35780K(368640K), 0.0286040 secs] 4466727K->4155257K(12541952K), 0.0327100 secs] [Times: user=0.24 sys=0.00, real=0.03 secs] 
2011-03-01T03:32:25.660+0000: 9047.051: [GC 9047.051: [ParNew: 363460K->35736K(368640K), 0.0440230 secs] 4482937K->4164469K(12541952K), 0.0445160 secs] [Times: user=0.32 sys=0.00, real=0.05 secs] 
2011-03-01T03:32:28.313+0000: 9049.704: [GC 9049.704: [ParNew: 363416K->38719K(368640K), 0.0414330 secs] 4492149K->4175618K(12541952K), 0.0419200 secs] [Times: user=0.31 sys=0.01, real=0.04 secs] 
2011-03-01T03:32:30.475+0000: 9051.867: [GC 9051.867: [ParNew: 366399K->32783K(368640K), 0.0376870 secs] 4503298K->4178062K(12541952K), 0.0381800 secs] [Times: user=0.25 sys=0.00, real=0.04 secs] 
2011-03-01T03:32:31.620+0000: 9053.011: [GC 9053.011: [ParNew: 360463K->22033K(368640K), 0.0388000 secs] 4505742K->4180099K(12541952K), 0.0392920 secs] [Times: user=0.32 sys=0.00, real=0.04 secs] 
2011-03-01T03:32:33.114+0000: 9054.505: [GC 9054.505: [ParNew: 349713K->40960K(368640K), 0.0306250 secs] 4507779K->4203836K(12541952K), 0.0309900 secs] [Times: user=0.22 sys=0.00, real=0.03 secs] 
2011-03-01T03:32:34.461+0000: 9055.852: [GC 9055.852: [ParNew: 368640K->18778K(368640K), 0.0398070 secs] 4531516K->4192018K(12541952K), 0.0401660 secs] [Times: user=0.31 sys=0.00, real=0.04 secs] 
2011-03-01T03:32:35.403+0000: 9056.794: [GC 9056.794: [ParNew: 346458K->40960K(368640K), 0.0334370 secs] 4519698K->4216525K(12541952K), 0.0339230 secs] [Times: user=0.26 sys=0.01, real=0.03 secs] 
2011-03-01T03:32:35.906+0000: 9057.297: [GC 9057.297: [ParNew: 368640K->29827K(368640K), 0.0486690 secs] 4544207K->4222433K(12541952K), 0.0491570 secs] [Times: user=0.32 sys=0.01, real=0.05 secs] 
2011-03-01T03:32:35.958+0000: 9057.350: [GC 9057.350: [ParNew: 30213K->14859K(368640K), 0.0379400 secs] 4222820K->4225466K(12541952K), 0.0383730 secs] [Times: user=0.24 sys=0.00, real=0.04 secs] 
2011-03-01T03:32:36.448+0000: 9057.839: [GC 9057.840: [ParNew: 342539K->40960K(368640K), 0.0456680 secs] 4553146K->4257010K(12541952K), 0.0461510 secs] [Times: user=0.33 sys=0.01, real=0.05 secs] 
2011-03-01T03:32:36.730+0000: 9058.121: [GC 9058.121: [ParNew: 368640K->40113K(368640K), 0.0532390 secs] 4584690K->4269903K(12541952K), 0.0537300 secs] [Times: user=0.40 sys=0.00, real=0.06 secs] 
2011-03-01T03:32:37.095+0000: 9058.486: [GC 9058.486: [ParNew: 367793K->40960K(368640K), 0.0518430 secs] 4597583K->4281403K(12541952K), 0.0523490 secs] [Times: user=0.34 sys=0.01, real=0.05 secs] 
2011-03-01T03:32:38.110+0000: 9059.501: [GC 9059.501: [ParNew: 368640K->40960K(368640K), 0.0566870 secs] 4609083K->4296886K(12541952K), 0.0571960 secs] [Times: user=0.37 sys=0.00, real=0.06 secs] 
2011-03-01T03:32:38.563+0000: 9059.954: [GC 9059.954: [ParNew: 368640K->40960K(368640K), 0.0486920 secs] 4624566K->4309297K(12541952K), 0.0492080 secs] [Times: user=0.35 sys=0.00, real=0.06 secs] 
2011-03-01T03:32:39.312+0000: 9060.703: [GC 9060.703: [ParNew: 368640K->40960K(368640K), 0.0589410 secs] 4636977K->4320528K(12541952K), 0.0594530 secs] [Times: user=0.40 sys=0.00, real=0.06 secs] 
2011-03-01T03:32:39.662+0000: 9061.053: [GC 9061.054: [ParNew: 368640K->40960K(368640K), 0.0436460 secs] 4648208K->4329442K(12541952K), 0.0441910 secs] [Times: user=0.33 sys=0.00, real=0.04 secs] 
2011-03-01T03:32:40.179+0000: 9061.570: [GC 9061.570: [ParNew: 368640K->32398K(368640K), 0.0418720 secs] 4657122K->4330354K(12541952K), 0.0423720 secs] [Times: user=0.29 sys=0.01, real=0.04 secs] 
2011-03-01T03:32:40.734+0000: 9062.126: [GC 9062.126: [ParNew: 360078K->24727K(368640K), 0.0347780 secs] 4658034K->4328439K(12541952K), 0.0352660 secs] [Times: user=0.25 sys=0.00, real=0.03 secs] 
2011-03-01T03:32:41.774+0000: 9063.165: [GC 9063.166: [ParNew: 352407K->40960K(368640K), 0.0320060 secs] 4656119K->4346894K(12541952K), 0.0324950 secs] [Times: user=0.25 sys=0.00, real=0.03 secs] 
2011-03-01T03:32:43.043+0000: 9064.435: [GC 9064.435: [ParNew: 368640K->36596K(368640K), 0.0393670 secs] 4674574K->4350194K(12541952K), 0.0398540 secs] [Times: user=0.26 sys=0.01, real=0.04 secs] 
2011-03-01T03:32:44.835+0000: 9066.226: [GC 9066.226: [ParNew: 364276K->39991K(368640K), 0.0394750 secs] 4677874K->4359488K(12541952K), 0.0399750 secs] [Times: user=0.26 sys=0.00, real=0.04 secs] 
2011-03-01T03:32:47.990+0000: 9069.382: [GC 9069.382: [ParNew: 367671K->40960K(368640K), 0.0646660 secs] 4687168K->4397183K(12541952K), 0.0651620 secs] [Times: user=0.49 sys=0.00, real=0.07 secs] 
2011-03-01T03:32:49.111+0000: 9070.502: [GC 9070.502: [ParNew: 368640K->40960K(368640K), 0.0403340 secs] 4724863K->4408169K(12541952K), 0.0408240 secs] [Times: user=0.32 sys=0.00, real=0.04 secs] 
2011-03-01T03:32:49.659+0000: 9071.050: [GC 9071.051: [ParNew: 368640K->26294K(368640K), 0.0335690 secs] 4735849K->4399337K(12541952K), 0.0340540 secs] [Times: user=0.23 sys=0.02, real=0.04 secs] 
2011-03-01T03:32:51.198+0000: 9072.589: [GC 9072.589: [ParNew: 353974K->20717K(368640K), 0.0351980 secs] 4727017K->4401595K(12541952K), 0.0357130 secs] [Times: user=0.25 sys=0.00, real=0.04 secs] 
2011-03-01T03:32:53.500+0000: 9074.891: [GC 9074.891: [ParNew: 348397K->40960K(368640K), 0.0322830 secs] 4729275K->4424370K(12541952K), 0.0327720 secs] [Times: user=0.24 sys=0.00, real=0.03 secs] 
2011-03-01T03:32:55.106+0000: 9076.497: [GC 9076.498: [ParNew: 368640K->15613K(368640K), 0.0339450 secs] 4752050K->4406697K(12541952K), 0.0344510 secs] [Times: user=0.24 sys=0.00, real=0.03 secs] 
2011-03-01T03:32:56.092+0000: 9077.483: [GC 9077.483: [ParNew: 343293K->37728K(368640K), 0.0315340 secs] 4734377K->4428811K(12541952K), 0.0320320 secs] [Times: user=0.26 sys=0.00, real=0.04 secs] 
2011-03-01T03:32:56.671+0000: 9078.062: [GC 9078.063: [ParNew: 365408K->29538K(368640K), 0.0398430 secs] 4756491K->4428270K(12541952K), 0.0403420 secs] [Times: user=0.32 sys=0.00, real=0.04 secs] 
2011-03-01T03:32:57.143+0000: 9078.534: [GC 9078.534: [ParNew: 357218K->17257K(368640K), 0.0297730 secs] 4755950K->4421076K(12541952K), 0.0302790 secs] [Times: user=0.21 sys=0.00, real=0.03 secs] 
2011-03-01T03:32:57.765+0000: 9079.156: [GC 9079.156: [ParNew: 344935K->34414K(368640K), 0.0322000 secs] 4748754K->4438233K(12541952K), 0.0326900 secs] [Times: user=0.23 sys=0.00, real=0.03 secs] 
2011-03-01T03:32:58.416+0000: 9079.807: [GC 9079.808: [ParNew: 362041K->26343K(368640K), 0.0317470 secs] 4765860K->4434507K(12541952K), 0.0322510 secs] [Times: user=0.24 sys=0.00, real=0.03 secs] 
2011-03-01T03:32:58.846+0000: 9080.237: [GC 9080.237: [ParNew: 354023K->40960K(368640K), 0.0551970 secs] 4762187K->4518639K(12541952K), 0.0556980 secs] [Times: user=0.33 sys=0.00, real=0.05 secs] 
2011-03-01T03:32:59.352+0000: 9080.743: [GC 9080.744: [ParNew: 368640K->14488K(368640K), 0.0315330 secs] 4846319K->4500933K(12541952K), 0.0320560 secs] [Times: user=0.23 sys=0.00, real=0.03 secs] 
2011-03-01T03:33:00.245+0000: 9081.637: [GC 9081.637: [ParNew: 342168K->26656K(368640K), 0.0277230 secs] 4828613K->4513101K(12541952K), 0.0282300 secs] [Times: user=0.19 sys=0.00, real=0.03 secs] 
2011-03-01T03:33:00.658+0000: 9082.049: [GC 9082.049: [ParNew: 354336K->31107K(368640K), 0.0325570 secs] 4840781K->4522688K(12541952K), 0.0330580 secs] [Times: user=0.24 sys=0.00, real=0.03 secs] 
2011-03-01T03:33:01.717+0000: 9083.108: [GC 9083.108: [ParNew: 358787K->29632K(368640K), 0.0318240 secs] 4850368K->4525614K(12541952K), 0.0323300 secs] [Times: user=0.24 sys=0.00, real=0.03 secs] 
2011-03-01T03:33:03.642+0000: 9085.034: [GC 9085.034: [ParNew: 357312K->39917K(368640K), 0.0362200 secs] 4853294K->4540691K(12541952K), 0.0367110 secs] [Times: user=0.28 sys=0.00, real=0.03 secs] 
2011-03-01T03:33:05.773+0000: 9087.164: [GC 9087.165: [ParNew: 367597K->8856K(368640K), 0.0382350 secs] 4868371K->4521972K(12541952K), 0.0387450 secs] [Times: user=0.26 sys=0.00, real=0.03 secs] 
2011-03-01T03:33:07.643+0000: 9089.034: [GC 9089.035: [ParNew: 336734K->28242K(368640K), 0.0308540 secs] 4849850K->4541359K(12541952K), 0.0313580 secs] [Times: user=0.22 sys=0.01, real=0.03 secs] 
2011-03-01T03:33:07.678+0000: 9089.069: [GC 9089.069: [ParNew: 28672K->17497K(368640K), 0.0296960 secs] 4541789K->4536327K(12541952K), 0.0301380 secs] [Times: user=0.24 sys=0.00, real=0.03 secs] 
2011-03-01T03:33:09.501+0000: 9090.892: [GC 9090.892: [ParNew: 345177K->24221K(368640K), 0.0284670 secs] 4864007K->4543051K(12541952K), 0.0289590 secs] [Times: user=0.24 sys=0.00, real=0.03 secs] 
2011-03-01T03:33:11.268+0000: 9092.659: [GC 9092.660: [ParNew: 351901K->40734K(368640K), 0.0306370 secs] 4870731K->4559565K(12541952K), 0.0311640 secs] [Times: user=0.24 sys=0.00, real=0.03 secs] 
2011-03-01T03:33:13.335+0000: 9094.727: [GC 9094.727: [ParNew: 368414K->31789K(368640K), 0.0433980 secs] 4887245K->4561310K(12541952K), 0.0438910 secs] [Times: user=0.32 sys=0.00, real=0.04 secs] 
2011-03-01T03:33:15.736+0000: 9097.127: [GC 9097.128: [ParNew: 359469K->36691K(368640K), 0.0358480 secs] 4888990K->4571147K(12541952K), 0.0362080 secs] [Times: user=0.24 sys=0.00, real=0.04 secs] 
2011-03-01T03:33:17.734+0000: 9099.125: [GC 9099.125: [ParNew: 364371K->35454K(368640K), 0.0350640 secs] 4898827K->4575164K(12541952K), 0.0354580 secs] [Times: user=0.25 sys=0.02, real=0.03 secs] 
2011-03-01T03:33:19.292+0000: 9100.683: [GC 9100.684: [ParNew: 363134K->40960K(368640K), 0.0399130 secs] 4902844K->4589996K(12541952K), 0.0404280 secs] [Times: user=0.30 sys=0.01, real=0.04 secs] 
2011-03-01T03:33:20.479+0000: 9101.871: [GC 9101.871: [ParNew: 368640K->34960K(368640K), 0.0359020 secs] 4917676K->4591275K(12541952K), 0.0432680 secs] [Times: user=0.24 sys=0.00, real=0.05 secs] 
2011-03-01T03:33:21.864+0000: 9103.255: [GC 9103.255: [ParNew: 362640K->27319K(368640K), 0.0342280 secs] 4918955K->4589735K(12541952K), 0.0345840 secs] [Times: user=0.24 sys=0.00, real=0.03 secs] 
2011-03-01T03:33:23.223+0000: 9104.614: [GC 9104.614: [ParNew: 354999K->29472K(368640K), 0.0361130 secs] 4917415K->4597281K(12541952K), 0.0364670 secs] [Times: user=0.28 sys=0.00, real=0.03 secs] 
2011-03-01T03:33:24.858+0000: 9106.249: [GC 9106.249: [ParNew: 357152K->25108K(368640K), 0.0331870 secs] 4924961K->4600119K(12541952K), 0.0336740 secs] [Times: user=0.24 sys=0.00, real=0.03 secs] 
2011-03-01T03:33:26.092+0000: 9107.483: [GC 9107.484: [ParNew: 352788K->30554K(368640K), 0.0348770 secs] 4927799K->4610856K(12541952K), 0.0353650 secs] [Times: user=0.30 sys=0.01, real=0.04 secs] 
2011-03-01T03:33:28.095+0000: 9109.486: [GC 9109.487: [ParNew: 358234K->40960K(368640K), 0.0654570 secs] 4938536K->4649090K(12541952K), 0.0659270 secs] [Times: user=0.48 sys=0.00, real=0.06 secs] 
2011-03-01T03:33:30.210+0000: 9111.601: [GC 9111.601: [ParNew: 368640K->18973K(368640K), 0.0348860 secs] 4976770K->4637133K(12541952K), 0.0353800 secs] [Times: user=0.25 sys=0.00, real=0.04 secs] 
2011-03-01T03:33:31.510+0000: 9112.902: [GC 9112.902: [ParNew: 346653K->31322K(368640K), 0.0303180 secs] 4964813K->4649482K(12541952K), 0.0320610 secs] [Times: user=0.19 sys=0.00, real=0.04 secs] 
2011-03-01T03:33:32.943+0000: 9114.334: [GC 9114.335: [ParNew: 359002K->10717K(368640K), 0.0359830 secs] 4977162K->4643294K(12541952K), 0.0364870 secs] [Times: user=0.25 sys=0.00, real=0.03 secs] 
2011-03-01T03:33:34.130+0000: 9115.522: [GC 9115.522: [ParNew: 338502K->28546K(368640K), 0.0294540 secs] 4971078K->4661122K(12541952K), 0.0299330 secs] [Times: user=0.24 sys=0.00, real=0.03 secs] 
2011-03-01T03:33:35.683+0000: 9117.075: [GC 9117.075: [ParNew: 356226K->31463K(368640K), 0.0352040 secs] 4988802K->4669368K(12541952K), 0.0357060 secs] [Times: user=0.26 sys=0.00, real=0.03 secs] 
2011-03-01T03:33:36.761+0000: 9118.153: [GC 9118.153: [ParNew: 359143K->32777K(368640K), 0.0364170 secs] 4997048K->4678035K(12541952K), 0.0369280 secs] [Times: user=0.31 sys=0.00, real=0.04 secs] 
2011-03-01T03:33:37.696+0000: 9119.087: [GC 9119.088: [ParNew: 360457K->40960K(368640K), 0.0443620 secs] 5005715K->4694952K(12541952K), 0.0449330 secs] [Times: user=0.32 sys=0.00, real=0.04 secs] 
2011-03-01T03:33:38.215+0000: 9119.606: [GC 9119.607: [ParNew: 368640K->36987K(368640K), 0.0515120 secs] 5022632K->4708068K(12541952K), 0.0520190 secs] [Times: user=0.35 sys=0.00, real=0.05 secs] 
2011-03-01T03:33:38.556+0000: 9119.947: [GC 9119.948: [ParNew: 364667K->36773K(368640K), 0.0443830 secs] 5035748K->4718134K(12541952K), 0.0447410 secs] [Times: user=0.31 sys=0.01, real=0.04 secs] 
2011-03-01T03:33:38.841+0000: 9120.233: [GC 9120.233: [ParNew: 364453K->40960K(368640K), 0.0462730 secs] 5045814K->4730330K(12541952K), 0.0466340 secs] [Times: user=0.36 sys=0.02, real=0.05 secs] 
2011-03-01T03:33:39.488+0000: 9120.879: [GC 9120.880: [ParNew: 368640K->34466K(368640K), 0.0521570 secs] 5058010K->4733552K(12541952K), 0.0525480 secs] [Times: user=0.28 sys=0.03, real=0.05 secs] 
2011-03-01T03:33:39.845+0000: 9121.236: [GC 9121.236: [ParNew: 362146K->40960K(368640K), 0.0613350 secs] 5061232K->4751785K(12541952K), 0.0617070 secs] [Times: user=0.42 sys=0.00, real=0.06 secs] 
2011-03-01T03:33:40.198+0000: 9121.589: [GC 9121.589: [ParNew: 368640K->34923K(368640K), 0.0556010 secs] 5079465K->4759344K(12541952K), 0.0560900 secs] [Times: user=0.39 sys=0.01, real=0.06 secs] 
2011-03-01T03:33:40.536+0000: 9121.927: [GC 9121.928: [ParNew: 362603K->40960K(368640K), 0.0568410 secs] 5087024K->4775128K(12541952K), 0.0573270 secs] [Times: user=0.38 sys=0.00, real=0.06 secs] 
2011-03-01T03:33:40.925+0000: 9122.317: [GC 9122.317: [ParNew: 368553K->34525K(368640K), 0.0420960 secs] 5102721K->4779866K(12541952K), 0.0424630 secs] [Times: user=0.32 sys=0.00, real=0.04 secs] 
2011-03-01T03:33:41.497+0000: 9122.889: [GC 9122.889: [ParNew: 362205K->40722K(368640K), 0.0327620 secs] 5107546K->4786063K(12541952K), 0.0331240 secs] [Times: user=0.23 sys=0.01, real=0.03 secs] 
2011-03-01T03:33:42.453+0000: 9123.844: [GC 9123.845: [ParNew: 368402K->15693K(368640K), 0.0420640 secs] 5113743K->4775048K(12541952K), 0.0424240 secs] [Times: user=0.30 sys=0.01, real=0.04 secs] 
2011-03-01T03:33:43.908+0000: 9125.299: [GC 9125.300: [ParNew: 343373K->25116K(368640K), 0.0357440 secs] 5102728K->4784470K(12541952K), 0.0361050 secs] [Times: user=0.28 sys=0.01, real=0.04 secs] 
2011-03-01T03:33:45.020+0000: 9126.411: [GC 9126.411: [ParNew: 352796K->26756K(368640K), 0.0368430 secs] 5112150K->4791314K(12541952K), 0.0373280 secs] [Times: user=0.32 sys=0.00, real=0.04 secs] 
2011-03-01T03:33:46.644+0000: 9128.035: [GC 9128.035: [ParNew: 354436K->36949K(368640K), 0.0381410 secs] 5118994K->4808830K(12541952K), 0.0386180 secs] [Times: user=0.27 sys=0.01, real=0.04 secs] 
2011-03-01T03:33:47.734+0000: 9129.125: [GC 9129.125: [ParNew: 364629K->14293K(368640K), 0.0395940 secs] 5136510K->4798793K(12541952K), 0.0433370 secs] [Times: user=0.31 sys=0.00, real=0.04 secs] 
2011-03-01T03:33:49.376+0000: 9130.767: [GC 9130.767: [ParNew: 341973K->37266K(368640K), 0.0321450 secs] 5126473K->4821766K(12541952K), 0.0326440 secs] [Times: user=0.24 sys=0.00, real=0.03 secs] 
2011-03-01T03:33:51.814+0000: 9133.206: [GC 9133.206: [ParNew: 364946K->10175K(368640K), 0.0370570 secs] 5149446K->4807212K(12541952K), 0.0374170 secs] [Times: user=0.24 sys=0.01, real=0.03 secs] 
2011-03-01T03:33:54.152+0000: 9135.543: [GC 9135.543: [ParNew: 337855K->40960K(368640K), 0.0323880 secs] 5134892K->4838392K(12541952K), 0.0327490 secs] [Times: user=0.26 sys=0.01, real=0.04 secs] 
2011-03-01T03:33:55.338+0000: 9136.729: [GC 9136.729: [ParNew: 368640K->38766K(368640K), 0.0628790 secs] 5166072K->4850855K(12541952K), 0.0634100 secs] [Times: user=0.48 sys=0.00, real=0.06 secs] 
2011-03-01T03:33:56.596+0000: 9137.987: [GC 9137.987: [ParNew: 366446K->7496K(368640K), 0.0513630 secs] 5178535K->4844464K(12541952K), 0.0518840 secs] [Times: user=0.40 sys=0.00, real=0.05 secs] 
2011-03-01T03:33:57.608+0000: 9138.999: [GC 9139.000: [ParNew: 335161K->35422K(368640K), 0.0300390 secs] 5172129K->4872389K(12541952K), 0.0305540 secs] [Times: user=0.24 sys=0.00, real=0.03 secs] 
2011-03-01T03:33:58.569+0000: 9139.960: [GC 9139.961: [ParNew: 363086K->11452K(368640K), 0.0385230 secs] 5200054K->4858752K(12541952K), 0.0390680 secs] [Times: user=0.32 sys=0.00, real=0.04 secs] 
2011-03-01T03:33:59.536+0000: 9140.927: [GC 9140.927: [ParNew: 339132K->31275K(368640K), 0.0324950 secs] 5186432K->4878575K(12541952K), 0.0330140 secs] [Times: user=0.24 sys=0.00, real=0.03 secs] 
2011-03-01T03:34:00.197+0000: 9141.589: [GC 9141.589: [ParNew: 358955K->40960K(368640K), 0.0408880 secs] 5206255K->4896979K(12541952K), 0.0413910 secs] [Times: user=0.32 sys=0.00, real=0.04 secs] 
2011-03-01T03:34:00.852+0000: 9142.243: [GC 9142.243: [ParNew: 368640K->29808K(368640K), 0.0443480 secs] 5224659K->4900416K(12541952K), 0.0447200 secs] [Times: user=0.36 sys=0.01, real=0.05 secs] 
2011-03-01T03:34:02.024+0000: 9143.415: [GC 9143.415: [ParNew: 357488K->15898K(368640K), 0.0347180 secs] 5228096K->4895012K(12541952K), 0.0351290 secs] [Times: user=0.26 sys=0.00, real=0.03 secs] 
2011-03-01T03:34:03.292+0000: 9144.684: [GC 9144.684: [ParNew: 343546K->22633K(368640K), 0.0293280 secs] 5222661K->4901748K(12541952K), 0.0298350 secs] [Times: user=0.20 sys=0.01, real=0.04 secs] 
2011-03-01T03:34:04.379+0000: 9145.770: [GC 9145.770: [ParNew: 350313K->36971K(368640K), 0.0401200 secs] 5229428K->4916085K(12541952K), 0.0406240 secs] [Times: user=0.32 sys=0.00, real=0.04 secs] 
2011-03-01T03:34:05.324+0000: 9146.715: [GC 9146.716: [ParNew: 364591K->29880K(368640K), 0.0374140 secs] 5243706K->4917957K(12541952K), 0.0379290 secs] [Times: user=0.26 sys=0.00, real=0.03 secs] 
2011-03-01T03:34:06.652+0000: 9148.043: [GC 9148.043: [ParNew: 357560K->30408K(368640K), 0.0342180 secs] 5245637K->4918484K(12541952K), 0.0347220 secs] [Times: user=0.30 sys=0.00, real=0.04 secs] 
2011-03-01T03:34:07.842+0000: 9149.233: [GC 9149.234: [ParNew: 358088K->20967K(368640K), 0.0381780 secs] 5246164K->4915471K(12541952K), 0.0386820 secs] [Times: user=0.28 sys=0.00, real=0.03 secs] 
2011-03-01T03:34:09.584+0000: 9150.976: [GC 9150.976: [ParNew: 348647K->40960K(368640K), 0.0379150 secs] 5243151K->4937067K(12541952K), 0.0384250 secs] [Times: user=0.25 sys=0.01, real=0.04 secs] 
2011-03-01T03:34:11.479+0000: 9152.870: [GC 9152.870: [ParNew: 368640K->26832K(368640K), 0.0491650 secs] 5264747K->4940561K(12541952K), 0.0496660 secs] [Times: user=0.38 sys=0.00, real=0.05 secs] 
2011-03-01T03:34:13.351+0000: 9154.742: [GC 9154.742: [ParNew: 354512K->26455K(368640K), 0.0331550 secs] 5268241K->4940185K(12541952K), 0.0336560 secs] [Times: user=0.30 sys=0.00, real=0.04 secs] 
2011-03-01T03:34:15.271+0000: 9156.663: [GC 9156.663: [ParNew: 354135K->29851K(368640K), 0.0402670 secs] 5267864K->4952180K(12541952K), 0.0407710 secs] [Times: user=0.32 sys=0.00, real=0.05 secs] 
2011-03-01T03:34:17.306+0000: 9158.697: [GC 9158.697: [ParNew: 357531K->9412K(368640K), 0.0464460 secs] 5279860K->4946655K(12541952K), 0.0469570 secs] [Times: user=0.33 sys=0.00, real=0.05 secs] 
2011-03-01T03:34:18.498+0000: 9159.889: [GC 9159.889: [ParNew: 296234K->30127K(368640K), 0.0359930 secs] 5233478K->4967371K(12541952K), 0.0405870 secs] [Times: user=0.29 sys=0.00, real=0.04 secs] 
2011-03-01T03:34:18.769+0000: 9160.161: [GC 9160.161: [ParNew: 357807K->27493K(368640K), 0.0609430 secs] 5295051K->5116912K(12541952K), 0.0613100 secs] [Times: user=0.48 sys=0.00, real=0.06 secs] 
2011-03-01T03:34:19.271+0000: 9160.663: [GC 9160.663: [ParNew: 355173K->18668K(368640K), 0.0386840 secs] 5444592K->5125672K(12541952K), 0.0390400 secs] [Times: user=0.29 sys=0.02, real=0.04 secs] 
2011-03-01T03:34:19.673+0000: 9161.065: [GC 9161.065: [ParNew: 346348K->26456K(368640K), 0.0345080 secs] 5453352K->5133460K(12541952K), 0.0350090 secs] [Times: user=0.26 sys=0.00, real=0.03 secs] 
2011-03-01T03:34:20.139+0000: 9161.531: [GC 9161.531: [ParNew: 354136K->23196K(368640K), 0.0543680 secs] 5461140K->5137528K(12541952K), 0.0548810 secs] [Times: user=0.41 sys=0.00, real=0.06 secs] 
2011-03-01T03:34:20.527+0000: 9161.918: [GC 9161.918: [ParNew: 350876K->30999K(368640K), 0.0458840 secs] 5465208K->5145332K(12541952K), 0.0463920 secs] [Times: user=0.33 sys=0.00, real=0.05 secs] 
2011-03-01T03:34:21.054+0000: 9162.445: [GC 9162.445: [ParNew: 358679K->28853K(368640K), 0.0553040 secs] 5473012K->5149825K(12541952K), 0.0557910 secs] [Times: user=0.41 sys=0.00, real=0.05 secs] 
2011-03-01T03:34:21.449+0000: 9162.840: [GC 9162.840: [ParNew: 356533K->40960K(368640K), 0.0478470 secs] 5477505K->5164012K(12541952K), 0.0483410 secs] [Times: user=0.40 sys=0.00, real=0.05 secs] 
2011-03-01T03:34:21.924+0000: 9163.315: [GC 9163.315: [ParNew: 368640K->18074K(368640K), 0.0547320 secs] 5491692K->5167405K(12541952K), 0.0552880 secs] [Times: user=0.34 sys=0.00, real=0.05 secs] 
2011-03-01T03:34:22.346+0000: 9163.737: [GC 9163.737: [ParNew: 345754K->13811K(368640K), 0.0334000 secs] 5495085K->5163143K(12541952K), 0.0337610 secs] [Times: user=0.24 sys=0.00, real=0.03 secs] 
2011-03-01T03:34:22.920+0000: 9164.311: [GC 9164.311: [ParNew: 341491K->22526K(368640K), 0.0361390 secs] 5490823K->5171858K(12541952K), 0.0364950 secs] [Times: user=0.32 sys=0.00, real=0.04 secs] 
2011-03-01T03:34:23.546+0000: 9164.937: [GC 9164.937: [ParNew: 350206K->38015K(368640K), 0.0420050 secs] 5499538K->5187347K(12541952K), 0.0423630 secs] [Times: user=0.32 sys=0.00, real=0.04 secs] 
2011-03-01T03:34:24.114+0000: 9165.505: [GC 9165.505: [ParNew: 365695K->40960K(368640K), 0.0738900 secs] 5515027K->5274412K(12541952K), 0.0742510 secs] [Times: user=0.57 sys=0.01, real=0.07 secs] 
2011-03-01T03:34:24.779+0000: 9166.170: [GC 9166.170: [ParNew: 368640K->32671K(368640K), 0.0679210 secs] 5602092K->5294779K(12541952K), 0.0682850 secs] [Times: user=0.48 sys=0.01, real=0.07 secs] 
2011-03-01T03:34:25.488+0000: 9166.879: [GC 9166.880: [ParNew: 360351K->24121K(368640K), 0.0362590 secs] 5622459K->5286228K(12541952K), 0.0366220 secs] [Times: user=0.32 sys=0.00, real=0.04 secs] 
2011-03-01T03:34:26.267+0000: 9167.658: [GC 9167.658: [ParNew: 351801K->24039K(368640K), 0.0475360 secs] 5613908K->5297405K(12541952K), 0.0478920 secs] [Times: user=0.32 sys=0.01, real=0.05 secs] 
2011-03-01T03:34:27.057+0000: 9168.448: [GC 9168.449: [ParNew: 351719K->40960K(368640K), 0.0431760 secs] 5625085K->5314670K(12541952K), 0.0435300 secs] [Times: user=0.32 sys=0.00, real=0.04 secs] 
2011-03-01T03:34:28.381+0000: 9169.773: [GC 9169.773: [ParNew: 366954K->34712K(368640K), 0.0675550 secs] 5640664K->5336012K(12541952K), 0.0679140 secs] [Times: user=0.46 sys=0.00, real=0.07 secs] 
2011-03-01T03:34:29.102+0000: 9170.493: [GC 9170.493: [ParNew: 362392K->13442K(368640K), 0.0547420 secs] 5663692K->5402398K(12541952K), 0.0550990 secs] [Times: user=0.44 sys=0.00, real=0.06 secs] 
2011-03-01T03:34:29.964+0000: 9171.355: [GC 9171.355: [ParNew: 341122K->12684K(368640K), 0.0294130 secs] 5730078K->5401640K(12541952K), 0.0297670 secs] [Times: user=0.22 sys=0.00, real=0.03 secs] 
2011-03-01T03:34:30.679+0000: 9172.070: [GC 9172.071: [ParNew: 340364K->34080K(368640K), 0.0391190 secs] 5729320K->5423036K(12541952K), 0.0394760 secs] [Times: user=0.31 sys=0.02, real=0.04 secs] 
2011-03-01T03:34:31.567+0000: 9172.958: [GC 9172.958: [ParNew: 361760K->32755K(368640K), 0.0474840 secs] 5750716K->5441257K(12541952K), 0.0478470 secs] [Times: user=0.32 sys=0.01, real=0.05 secs] 
2011-03-01T03:34:32.725+0000: 9174.116: [GC 9174.116: [ParNew: 360435K->11144K(368640K), 0.0384100 secs] 5768937K->5429183K(12541952K), 0.0387690 secs] [Times: user=0.24 sys=0.00, real=0.04 secs] 
2011-03-01T03:34:33.108+0000: 9174.499: [GC 9174.499: [ParNew: 338824K->24331K(368640K), 0.0357710 secs] 5756863K->5442371K(12541952K), 0.0361300 secs] [Times: user=0.31 sys=0.01, real=0.04 secs] 
2011-03-01T03:34:33.672+0000: 9175.063: [GC 9175.064: [ParNew: 352011K->34582K(368640K), 0.0437480 secs] 5770051K->5455957K(12541952K), 0.0441030 secs] [Times: user=0.36 sys=0.00, real=0.05 secs] 
2011-03-01T03:34:34.325+0000: 9175.716: [GC 9175.716: [ParNew: 362262K->27958K(368640K), 0.0604600 secs] 5783637K->5472853K(12541952K), 0.0608250 secs] [Times: user=0.41 sys=0.00, real=0.06 secs] 
2011-03-01T03:34:35.043+0000: 9176.434: [GC 9176.435: [ParNew: 355655K->40960K(368640K), 0.0509430 secs] 5800549K->5490024K(12541952K), 0.0513840 secs] [Times: user=0.36 sys=0.01, real=0.05 secs] 
2011-03-01T03:34:35.097+0000: 9176.489: [GC 9176.489: [ParNew: 41090K->20066K(368640K), 0.0443840 secs] 5490154K->5481555K(12541952K), 0.0447310 secs] [Times: user=0.31 sys=0.00, real=0.05 secs] 
2011-03-01T03:34:35.496+0000: 9176.887: [GC 9176.887: [ParNew: 347746K->40960K(368640K), 0.0433620 secs] 5809235K->5503373K(12541952K), 0.0437360 secs] [Times: user=0.32 sys=0.00, real=0.04 secs] 
2011-03-01T03:34:35.908+0000: 9177.299: [GC 9177.300: [ParNew: 368630K->32343K(368640K), 0.0729390 secs] 5831044K->5515947K(12541952K), 0.0733660 secs] [Times: user=0.50 sys=0.00, real=0.07 secs] 
2011-03-01T03:34:36.247+0000: 9177.638: [GC 9177.638: [ParNew: 360023K->38285K(368640K), 0.0590260 secs] 5843627K->5538154K(12541952K), 0.0594450 secs] [Times: user=0.40 sys=0.00, real=0.06 secs] 
2011-03-01T03:34:36.477+0000: 9177.868: [GC 9177.868: [ParNew: 365965K->40960K(368640K), 0.0989260 secs] 5865834K->5592039K(12541952K), 0.0993320 secs] [Times: user=0.66 sys=0.00, real=0.10 secs] 
2011-03-01T03:34:36.758+0000: 9178.149: [GC 9178.150: [ParNew: 368640K->40960K(368640K), 0.0624450 secs] 5919719K->5614454K(12541952K), 0.0628120 secs] [Times: user=0.43 sys=0.01, real=0.06 secs] 
2011-03-01T03:34:37.120+0000: 9178.512: [GC 9178.512: [ParNew: 368640K->33156K(368640K), 0.0576020 secs] 5942134K->5624147K(12541952K), 0.0580500 secs] [Times: user=0.44 sys=0.00, real=0.06 secs] 
2011-03-01T03:34:37.447+0000: 9178.838: [GC 9178.839: [ParNew: 360836K->31517K(368640K), 0.0596170 secs] 5951827K->5639102K(12541952K), 0.0600920 secs] [Times: user=0.40 sys=0.00, real=0.06 secs] 
2011-03-01T03:34:37.696+0000: 9179.087: [GC 9179.088: [ParNew: 359197K->40960K(368640K), 0.0660130 secs] 5966782K->5663895K(12541952K), 0.0664900 secs] [Times: user=0.46 sys=0.02, real=0.07 secs] 
2011-03-01T03:34:37.946+0000: 9179.337: [GC 9179.337: [ParNew: 368640K->40960K(368640K), 0.0708380 secs] 5991575K->5686393K(12541952K), 0.0713230 secs] [Times: user=0.48 sys=0.01, real=0.07 secs] 
2011-03-01T03:34:38.214+0000: 9179.605: [GC 9179.606: [ParNew: 368640K->40960K(368640K), 0.0770420 secs] 6014073K->5710961K(12541952K), 0.0775330 secs] [Times: user=0.52 sys=0.02, real=0.07 secs] 
2011-03-01T03:34:38.516+0000: 9179.908: [GC 9179.908: [ParNew: 368640K->40960K(368640K), 0.0613200 secs] 6038641K->5728337K(12541952K), 0.0618860 secs] [Times: user=0.44 sys=0.00, real=0.06 secs] 
2011-03-01T03:34:38.965+0000: 9180.356: [GC 9180.356: [ParNew: 368640K->29353K(368640K), 0.0503900 secs] 6056017K->5732716K(12541952K), 0.0508800 secs] [Times: user=0.33 sys=0.00, real=0.05 secs] 
2011-03-01T03:34:39.566+0000: 9180.957: [GC 9180.957: [ParNew: 357033K->40960K(368640K), 0.0445520 secs] 6060396K->5749271K(12541952K), 0.0450400 secs] [Times: user=0.32 sys=0.00, real=0.04 secs] 
2011-03-01T03:34:40.214+0000: 9181.605: [GC 9181.605: [ParNew: 368640K->19088K(368640K), 0.0510270 secs] 6076951K->5749577K(12541952K), 0.0515380 secs] [Times: user=0.34 sys=0.00, real=0.05 secs] 
2011-03-01T03:34:40.893+0000: 9182.284: [GC 9182.284: [ParNew: 346768K->21959K(368640K), 0.0370840 secs] 6077257K->5752449K(12541952K), 0.0375690 secs] [Times: user=0.28 sys=0.00, real=0.03 secs] 
2011-03-01T03:34:41.662+0000: 9183.054: [GC 9183.054: [ParNew: 349639K->40960K(368640K), 0.0555990 secs] 6080129K->5786054K(12541952K), 0.0560880 secs] [Times: user=0.42 sys=0.00, real=0.05 secs] 
2011-03-01T03:34:42.427+0000: 9183.818: [GC 9183.818: [ParNew: 368640K->16273K(368640K), 0.0445160 secs] 6113734K->5781749K(12541952K), 0.0450080 secs] [Times: user=0.32 sys=0.00, real=0.04 secs] 
2011-03-01T03:34:43.185+0000: 9184.576: [GC 9184.576: [ParNew: 343953K->26900K(368640K), 0.0312290 secs] 6109429K->5792377K(12541952K), 0.0317160 secs] [Times: user=0.25 sys=0.00, real=0.03 secs] 
2011-03-01T03:34:44.215+0000: 9185.607: [GC 9185.607: [ParNew: 354580K->40960K(368640K), 0.0455390 secs] 6120057K->5813370K(12541952K), 0.0460310 secs] [Times: user=0.32 sys=0.00, real=0.04 secs] 
2011-03-01T03:34:45.603+0000: 9186.994: [GC 9186.994: [ParNew: 368640K->37117K(368640K), 0.0706470 secs] 6141050K->5834747K(12541952K), 0.0711400 secs] [Times: user=0.51 sys=0.00, real=0.07 secs] 
2011-03-01T03:34:46.748+0000: 9188.140: [GC 9188.140: [ParNew: 364797K->39987K(368640K), 0.0464520 secs] 6162427K->5851331K(12541952K), 0.0468870 secs] [Times: user=0.32 sys=0.01, real=0.05 secs] 
2011-03-01T03:34:47.936+0000: 9189.328: [GC 9189.328: [ParNew: 367667K->22878K(368640K), 0.0537720 secs] 6179011K->5855235K(12541952K), 0.0541380 secs] [Times: user=0.40 sys=0.00, real=0.05 secs] 
2011-03-01T03:34:49.478+0000: 9190.869: [GC 9190.869: [ParNew: 349778K->40960K(368640K), 0.0387800 secs] 6182135K->5873876K(12541952K), 0.0391420 secs] [Times: user=0.32 sys=0.00, real=0.04 secs] 
2011-03-01T03:34:51.905+0000: 9193.296: [GC 9193.296: [ParNew: 368640K->30538K(368640K), 0.0589960 secs] 6201556K->5892947K(12541952K), 0.0593580 secs] [Times: user=0.40 sys=0.01, real=0.06 secs] 
2011-03-01T03:34:54.234+0000: 9195.625: [GC 9195.625: [ParNew: 358218K->40960K(368640K), 0.0378510 secs] 6220627K->5903922K(12541952K), 0.0382180 secs] [Times: user=0.27 sys=0.00, real=0.03 secs] 
2011-03-01T03:34:55.112+0000: 9196.503: [GC 9196.503: [ParNew: 368601K->32529K(368640K), 0.0510920 secs] 6231563K->5909270K(12541952K), 0.0514780 secs] [Times: user=0.37 sys=0.01, real=0.05 secs] 
2011-03-01T03:34:55.636+0000: 9197.027: [GC 9197.027: [ParNew: 360209K->22345K(368640K), 0.0476220 secs] 6236950K->5922867K(12541952K), 0.0481690 secs] [Times: user=0.33 sys=0.00, real=0.05 secs] 
2011-03-01T03:34:56.221+0000: 9197.613: [GC 9197.613: [ParNew: 350025K->27551K(368640K), 0.0325950 secs] 6250547K->5928074K(12541952K), 0.0331050 secs] [Times: user=0.29 sys=0.00, real=0.04 secs] 
2011-03-01T03:34:56.818+0000: 9198.210: [GC 9198.210: [ParNew: 355231K->23023K(368640K), 0.0392300 secs] 6255754K->5931320K(12541952K), 0.0397460 secs] [Times: user=0.32 sys=0.00, real=0.04 secs] 
2011-03-01T03:34:57.546+0000: 9198.937: [GC 9198.937: [ParNew: 350703K->25977K(368640K), 0.0369670 secs] 6259000K->5940390K(12541952K), 0.0374730 secs] [Times: user=0.25 sys=0.00, real=0.04 secs] 
2011-03-01T03:34:58.316+0000: 9199.707: [GC 9199.708: [ParNew: 353657K->26862K(368640K), 0.0386090 secs] 6268070K->5949551K(12541952K), 0.0391140 secs] [Times: user=0.26 sys=0.00, real=0.04 secs] 
2011-03-01T03:34:58.934+0000: 9200.325: [GC 9200.325: [ParNew: 354542K->25704K(368640K), 0.0400200 secs] 6277231K->5960036K(12541952K), 0.0405280 secs] [Times: user=0.25 sys=0.00, real=0.04 secs] 
2011-03-01T03:34:59.834+0000: 9201.225: [GC 9201.226: [ParNew: 353366K->35853K(368640K), 0.0337770 secs] 6287698K->5970186K(12541952K), 0.0342880 secs] [Times: user=0.25 sys=0.00, real=0.03 secs] 
2011-03-01T03:35:01.765+0000: 9203.156: [GC 9203.156: [ParNew: 363533K->40960K(368640K), 0.0597570 secs] 6297866K->5988623K(12541952K), 0.0602410 secs] [Times: user=0.41 sys=0.00, real=0.06 secs] 
2011-03-01T03:35:02.276+0000: 9203.667: [GC 9203.667: [ParNew: 368640K->31801K(368640K), 0.0596530 secs] 6316303K->6002596K(12541952K), 0.0601880 secs] [Times: user=0.41 sys=0.00, real=0.06 secs] 
2011-03-01T03:35:02.931+0000: 9204.323: [GC 9204.323: [ParNew: 359481K->34229K(368640K), 0.0490920 secs] 6330276K->6017272K(12541952K), 0.0496200 secs] [Times: user=0.38 sys=0.00, real=0.05 secs] 
2011-03-01T03:35:04.935+0000: 9206.326: [GC 9206.326: [ParNew: 361909K->25830K(368640K), 0.0534810 secs] 6344952K->6024991K(12541952K), 0.0538700 secs] [Times: user=0.38 sys=0.00, real=0.05 secs] 
2011-03-01T03:35:06.764+0000: 9208.155: [GC 9208.155: [ParNew: 353510K->40960K(368640K), 0.0499500 secs] 6352671K->6046464K(12541952K), 0.0504080 secs] [Times: user=0.35 sys=0.00, real=0.05 secs] 
2011-03-01T03:35:08.633+0000: 9210.024: [GC 9210.024: [ParNew: 368640K->32316K(368640K), 0.0572990 secs] 6374144K->6050684K(12541952K), 0.0576790 secs] [Times: user=0.44 sys=0.00, real=0.05 secs] 
2011-03-01T03:35:10.400+0000: 9211.791: [GC 9211.792: [ParNew: 359996K->29755K(368640K), 0.0808360 secs] 6378364K->6089458K(12541952K), 0.0812120 secs] [Times: user=0.64 sys=0.00, real=0.08 secs] 
2011-03-01T03:35:12.293+0000: 9213.684: [GC 9213.684: [ParNew: 355864K->15123K(368640K), 0.0488480 secs] 6415567K->6090438K(12541952K), 0.0492220 secs] [Times: user=0.37 sys=0.00, real=0.04 secs] 
2011-03-01T03:35:14.259+0000: 9215.650: [GC 9215.650: [ParNew: 342803K->40960K(368640K), 0.0432880 secs] 6418118K->6117730K(12541952K), 0.0436800 secs] [Times: user=0.32 sys=0.00, real=0.05 secs] 
2011-03-01T03:35:16.615+0000: 9218.006: [GC 9218.006: [ParNew: 368640K->22699K(368640K), 0.0636470 secs] 6445410K->6122087K(12541952K), 0.0640150 secs] [Times: user=0.45 sys=0.00, real=0.06 secs] 
2011-03-01T03:35:18.860+0000: 9220.251: [GC 9220.251: [ParNew: 350379K->40207K(368640K), 0.0521990 secs] 6449767K->6153264K(12541952K), 0.0525680 secs] [Times: user=0.40 sys=0.00, real=0.06 secs] 
2011-03-01T03:35:20.318+0000: 9221.709: [GC 9221.710: [ParNew: 367887K->31661K(368640K), 0.0484340 secs] 6480944K->6159249K(12541952K), 0.0489280 secs] [Times: user=0.37 sys=0.00, real=0.05 secs] 
2011-03-01T03:35:21.936+0000: 9223.328: [GC 9223.328: [ParNew: 359341K->22498K(368640K), 0.0441100 secs] 6486929K->6161380K(12541952K), 0.0445990 secs] [Times: user=0.32 sys=0.00, real=0.04 secs] 
2011-03-01T03:35:23.318+0000: 9224.709: [GC 9224.709: [ParNew: 350178K->35841K(368640K), 0.0401940 secs] 6489060K->6174723K(12541952K), 0.0406880 secs] [Times: user=0.32 sys=0.00, real=0.04 secs] 
2011-03-01T03:35:24.508+0000: 9225.899: [GC 9225.900: [ParNew: 363521K->40960K(368640K), 0.0537940 secs] 6502403K->6192419K(12541952K), 0.0542930 secs] [Times: user=0.41 sys=0.00, real=0.06 secs] 
2011-03-01T03:35:26.085+0000: 9227.476: [GC 9227.477: [ParNew: 368640K->21298K(368640K), 0.0516500 secs] 6520099K->6192030K(12541952K), 0.0521410 secs] [Times: user=0.34 sys=0.00, real=0.05 secs] 
2011-03-01T03:35:28.145+0000: 9229.536: [GC 9229.537: [ParNew: 348978K->26627K(368640K), 0.0355340 secs] 6519710K->6197359K(12541952K), 0.0360150 secs] [Times: user=0.24 sys=0.00, real=0.03 secs] 
2011-03-01T03:35:30.477+0000: 9231.868: [GC 9231.868: [ParNew: 354307K->36794K(368640K), 0.0437130 secs] 6525039K->6214234K(12541952K), 0.0442040 secs] [Times: user=0.32 sys=0.00, real=0.04 secs] 
2011-03-01T03:35:31.681+0000: 9233.073: [GC 9233.073: [ParNew: 364474K->11592K(368640K), 0.0421690 secs] 6541914K->6202956K(12541952K), 0.0426830 secs] [Times: user=0.31 sys=0.00, real=0.05 secs] 
2011-03-01T03:35:32.997+0000: 9234.388: [GC 9234.388: [ParNew: 339272K->40960K(368640K), 0.0358980 secs] 6530636K->6232324K(12541952K), 0.0363860 secs] [Times: user=0.27 sys=0.00, real=0.04 secs] 
2011-03-01T03:35:34.479+0000: 9235.871: [GC 9235.871: [ParNew: 368640K->24721K(368640K), 0.0437660 secs] 6560004K->6230299K(12541952K), 0.0442530 secs] [Times: user=0.33 sys=0.00, real=0.05 secs] 
2011-03-01T03:35:35.307+0000: 9236.698: [GC 9236.698: [ParNew: 352465K->40960K(368640K), 0.0395100 secs] 6558043K->6246537K(12541952K), 0.0399950 secs] [Times: user=0.31 sys=0.00, real=0.04 secs] 
2011-03-01T03:35:35.824+0000: 9237.215: [GC 9237.215: [ParNew: 368640K->36826K(368640K), 0.0535370 secs] 6574217K->6260728K(12541952K), 0.0540400 secs] [Times: user=0.36 sys=0.00, real=0.05 secs] 
2011-03-01T03:35:36.241+0000: 9237.633: [GC 9237.633: [ParNew: 364506K->35609K(368640K), 0.0488060 secs] 6588408K->6271850K(12541952K), 0.0492970 secs] [Times: user=0.37 sys=0.01, real=0.05 secs] 
2011-03-01T03:35:36.583+0000: 9237.974: [GC 9237.975: [ParNew: 363035K->40960K(368640K), 0.0561930 secs] 6599275K->6288687K(12541952K), 0.0566850 secs] [Times: user=0.40 sys=0.00, real=0.05 secs] 
2011-03-01T03:35:36.937+0000: 9238.329: [GC 9238.329: [ParNew: 368640K->40960K(368640K), 0.0777460 secs] 6616367K->6308226K(12541952K), 0.0783230 secs] [Times: user=0.55 sys=0.01, real=0.08 secs] 
2011-03-01T03:35:37.255+0000: 9238.646: [GC 9238.646: [ParNew: 368640K->40960K(368640K), 0.0464130 secs] 6635906K->6320120K(12541952K), 0.0468950 secs] [Times: user=0.30 sys=0.01, real=0.04 secs] 
2011-03-01T03:35:37.578+0000: 9238.969: [GC 9238.970: [ParNew: 368640K->36750K(368640K), 0.0465610 secs] 6647800K->6329542K(12541952K), 0.0469850 secs] [Times: user=0.32 sys=0.01, real=0.05 secs] 
2011-03-01T03:35:37.849+0000: 9239.240: [GC 9239.241: [ParNew: 364430K->40960K(368640K), 0.0541310 secs] 6657222K->6345714K(12541952K), 0.0544890 secs] [Times: user=0.40 sys=0.00, real=0.06 secs] 
2011-03-01T03:35:38.223+0000: 9239.614: [GC 9239.614: [ParNew: 368640K->36665K(368640K), 0.0502930 secs] 6673394K->6354942K(12541952K), 0.0547150 secs] [Times: user=0.35 sys=0.01, real=0.05 secs] 
2011-03-01T03:35:39.357+0000: 9240.748: [GC 9240.748: [ParNew: 364345K->40960K(368640K), 0.0438760 secs] 6682622K->6371556K(12541952K), 0.0443690 secs] [Times: user=0.32 sys=0.00, real=0.04 secs] 
2011-03-01T03:35:40.055+0000: 9241.446: [GC 9241.446: [ParNew: 368640K->28477K(368640K), 0.0387960 secs] 6699247K->6368431K(12541952K), 0.0392600 secs] [Times: user=0.24 sys=0.00, real=0.04 secs] 
2011-03-01T03:35:40.097+0000: 9241.489: [GC 9241.489: [ParNew: 28771K->5376K(368640K), 0.0344130 secs] 6368725K->6355697K(12541952K), 0.0348120 secs] [Times: user=0.24 sys=0.00, real=0.04 secs] 
2011-03-01T03:35:41.587+0000: 9242.978: [GC 9242.979: [ParNew: 332208K->20919K(368640K), 0.0318570 secs] 6682529K->6371240K(12541952K), 0.0323480 secs] [Times: user=0.24 sys=0.00, real=0.03 secs] 
2011-03-01T03:35:42.632+0000: 9244.023: [GC 9244.023: [ParNew: 348599K->40960K(368640K), 0.0717230 secs] 6698920K->6417670K(12541952K), 0.0720780 secs] [Times: user=0.54 sys=0.01, real=0.08 secs] 
2011-03-01T03:35:44.076+0000: 9245.467: [GC 9245.468: [ParNew: 368640K->21421K(368640K), 0.0449750 secs] 6745350K->6409277K(12541952K), 0.0453380 secs] [Times: user=0.31 sys=0.00, real=0.04 secs] 
2011-03-01T03:35:45.566+0000: 9246.957: [GC 9246.957: [ParNew: 349101K->38276K(368640K), 0.0361820 secs] 6736957K->6426132K(12541952K), 0.0365440 secs] [Times: user=0.24 sys=0.00, real=0.04 secs] 
2011-03-01T03:35:46.935+0000: 9248.326: [GC 9248.326: [ParNew: 365956K->14858K(368640K), 0.0439180 secs] 6753812K->6419164K(12541952K), 0.0442820 secs] [Times: user=0.32 sys=0.00, real=0.04 secs] 
2011-03-01T03:35:48.052+0000: 9249.443: [GC 9249.444: [ParNew: 342488K->31403K(368640K), 0.0359200 secs] 6746794K->6435709K(12541952K), 0.0362880 secs] [Times: user=0.30 sys=0.00, real=0.03 secs] 
2011-03-01T03:35:49.330+0000: 9250.721: [GC 9250.721: [ParNew: 359083K->11892K(368640K), 0.0432790 secs] 6763389K->6430201K(12541952K), 0.0437840 secs] [Times: user=0.32 sys=0.00, real=0.05 secs] 
2011-03-01T03:35:51.345+0000: 9252.736: [GC 9252.737: [ParNew: 339621K->28984K(368640K), 0.0368630 secs] 6757930K->6447293K(12541952K), 0.0373660 secs] [Times: user=0.24 sys=0.00, real=0.04 secs] 
2011-03-01T03:35:51.385+0000: 9252.777: [GC 9252.777: [ParNew: 28999K->22258K(368640K), 0.0377410 secs] 6447308K->6446797K(12541952K), 0.0381560 secs] [Times: user=0.24 sys=0.00, real=0.04 secs] 
2011-03-01T03:35:53.824+0000: 9255.215: [GC 9255.215: [ParNew: 349938K->40960K(368640K), 0.0371750 secs] 6774477K->6465905K(12541952K), 0.0376720 secs] [Times: user=0.24 sys=0.00, real=0.03 secs] 
2011-03-01T03:35:54.950+0000: 9256.341: [GC 9256.341: [ParNew: 368640K->23930K(368640K), 0.0432110 secs] 6793585K->6456891K(12541952K), 0.0437160 secs] [Times: user=0.30 sys=0.01, real=0.05 secs] 
2011-03-01T03:35:55.700+0000: 9257.091: [GC 9257.091: [ParNew: 351610K->40960K(368640K), 0.0357680 secs] 6784571K->6474105K(12541952K), 0.0362750 secs] [Times: user=0.32 sys=0.00, real=0.04 secs] 
2011-03-01T03:35:56.243+0000: 9257.634: [GC 9257.635: [ParNew: 368640K->10262K(368640K), 0.0403990 secs] 6801785K->6458090K(12541952K), 0.0409130 secs] [Times: user=0.29 sys=0.00, real=0.05 secs] 
2011-03-01T03:35:56.956+0000: 9258.347: [GC 9258.348: [ParNew: 337942K->21010K(368640K), 0.0289810 secs] 6785770K->6468838K(12541952K), 0.0294870 secs] [Times: user=0.23 sys=0.00, real=0.03 secs] 
2011-03-01T03:35:57.574+0000: 9258.965: [GC 9258.965: [ParNew: 348676K->34080K(368640K), 0.0333080 secs] 6796505K->6481908K(12541952K), 0.0338150 secs] [Times: user=0.24 sys=0.00, real=0.03 secs] 
2011-03-01T03:35:58.205+0000: 9259.596: [GC 9259.597: [ParNew: 361760K->19433K(368640K), 0.0415790 secs] 6809588K->6473479K(12541952K), 0.0420820 secs] [Times: user=0.31 sys=0.00, real=0.04 secs] 
2011-03-01T03:35:58.871+0000: 9260.262: [GC 9260.262: [ParNew: 347113K->28322K(368640K), 0.0256290 secs] 6801159K->6482368K(12541952K), 0.0261340 secs] [Times: user=0.24 sys=0.00, real=0.03 secs] 
2011-03-01T03:35:59.589+0000: 9260.980: [GC 9260.980: [ParNew: 355958K->39430K(368640K), 0.0296560 secs] 6810004K->6497927K(12541952K), 0.0301200 secs] [Times: user=0.24 sys=0.00, real=0.03 secs] 
2011-03-01T03:36:00.243+0000: 9261.634: [GC 9261.634: [ParNew: 367110K->40725K(368640K), 0.0335200 secs] 6825607K->6505450K(12541952K), 0.0338950 secs] [Times: user=0.27 sys=0.00, real=0.04 secs] 
2011-03-01T03:36:00.892+0000: 9262.283: [GC 9262.283: [ParNew: 368405K->29510K(368640K), 0.0309950 secs] 6833130K->6500927K(12541952K), 0.0313670 secs] [Times: user=0.22 sys=0.00, real=0.03 secs] 
2011-03-01T03:36:02.416+0000: 9263.807: [GC 9263.807: [ParNew: 357190K->40960K(368640K), 0.0328580 secs] 6828607K->6518220K(12541952K), 0.0332200 secs] [Times: user=0.24 sys=0.00, real=0.03 secs] 
2011-03-01T03:36:04.631+0000: 9266.022: [GC 9266.023: [ParNew: 368619K->17474K(368640K), 0.0356400 secs] 6845879K->6509917K(12541952K), 0.0360150 secs] [Times: user=0.28 sys=0.00, real=0.04 secs] 
2011-03-01T03:36:06.790+0000: 9268.182: [GC 9268.182: [ParNew: 345154K->28087K(368640K), 0.0320470 secs] 6837597K->6520530K(12541952K), 0.0324190 secs] [Times: user=0.24 sys=0.01, real=0.04 secs] 
2011-03-01T03:36:08.559+0000: 9269.950: [GC 9269.951: [ParNew: 355767K->23915K(368640K), 0.0399050 secs] 6848210K->6522510K(12541952K), 0.0404050 secs] [Times: user=0.32 sys=0.00, real=0.04 secs] 
2011-03-01T03:36:10.398+0000: 9271.789: [GC 9271.790: [ParNew: 351595K->32442K(368640K), 0.0386520 secs] 6850190K->6537198K(12541952K), 0.0391510 secs] [Times: user=0.31 sys=0.00, real=0.04 secs] 
2011-03-01T03:36:12.998+0000: 9274.390: [GC 9274.390: [ParNew: 360122K->24076K(368640K), 0.0417450 secs] 6864878K->6534487K(12541952K), 0.0422450 secs] [Times: user=0.31 sys=0.00, real=0.04 secs] 
2011-03-01T03:36:14.906+0000: 9276.297: [GC 9276.297: [ParNew: 351756K->33692K(368640K), 0.0420370 secs] 6862167K->6549407K(12541952K), 0.0425300 secs] [Times: user=0.32 sys=0.00, real=0.04 secs] 
2011-03-01T03:36:17.282+0000: 9278.674: [GC 9278.674: [ParNew: 361372K->26074K(368640K), 0.0425250 secs] 6877087K->6555452K(12541952K), 0.0428920 secs] [Times: user=0.31 sys=0.02, real=0.04 secs] 
2011-03-01T03:36:18.880+0000: 9280.271: [GC 9280.272: [ParNew: 353754K->40294K(368640K), 0.0343980 secs] 6883132K->6569672K(12541952K), 0.0347630 secs] [Times: user=0.30 sys=0.00, real=0.04 secs] 
2011-03-01T03:36:20.384+0000: 9281.775: [GC 9281.775: [ParNew: 367974K->37680K(368640K), 0.0434570 secs] 6897352K->6575273K(12541952K), 0.0439450 secs] [Times: user=0.33 sys=0.00, real=0.04 secs] 
2011-03-01T03:36:21.544+0000: 9282.935: [GC 9282.936: [ParNew: 365360K->40655K(368640K), 0.0395080 secs] 6902953K->6584274K(12541952K), 0.0399990 secs] [Times: user=0.27 sys=0.00, real=0.04 secs] 
2011-03-01T03:36:22.979+0000: 9284.370: [GC 9284.370: [ParNew: 368335K->19750K(368640K), 0.0449160 secs] 6911954K->6579677K(12541952K), 0.0454080 secs] [Times: user=0.33 sys=0.00, real=0.05 secs] 
2011-03-01T03:36:24.323+0000: 9285.714: [GC 9285.715: [ParNew: 347430K->32892K(368640K), 0.0328790 secs] 6907357K->6592820K(12541952K), 0.0333620 secs] [Times: user=0.29 sys=0.01, real=0.03 secs] 
2011-03-01T03:36:25.547+0000: 9286.938: [GC 9286.938: [ParNew: 360572K->40960K(368640K), 0.0402590 secs] 6920500K->6606849K(12541952K), 0.0407480 secs] [Times: user=0.32 sys=0.00, real=0.04 secs] 
2011-03-01T03:36:27.052+0000: 9288.443: [GC 9288.443: [ParNew: 368640K->38614K(368640K), 0.0682890 secs] 6934529K->6628996K(12541952K), 0.0687790 secs] [Times: user=0.55 sys=0.01, real=0.07 secs] 
2011-03-01T03:36:29.508+0000: 9290.899: [GC 9290.899: [ParNew: 366294K->16498K(368640K), 0.0407150 secs] 6956676K->6622590K(12541952K), 0.0412400 secs] [Times: user=0.32 sys=0.00, real=0.04 secs] 
2011-03-01T03:36:31.251+0000: 9292.642: [GC 9292.643: [ParNew: 344178K->33266K(368640K), 0.0360580 secs] 6950270K->6639358K(12541952K), 0.0365470 secs] [Times: user=0.32 sys=0.00, real=0.04 secs] 
2011-03-01T03:36:32.416+0000: 9293.808: [GC 9293.808: [ParNew: 360946K->29651K(368640K), 0.0418580 secs] 6967038K->6643534K(12541952K), 0.0423750 secs] [Times: user=0.32 sys=0.00, real=0.04 secs] 
2011-03-01T03:36:33.817+0000: 9295.208: [GC 9295.208: [ParNew: 357331K->40430K(368640K), 0.0428460 secs] 6971214K->6662324K(12541952K), 0.0433360 secs] [Times: user=0.32 sys=0.00, real=0.05 secs] 
2011-03-01T03:36:35.212+0000: 9296.603: [GC 9296.604: [ParNew: 368110K->31111K(368640K), 0.0414920 secs] 6990004K->6661021K(12541952K), 0.0420140 secs] [Times: user=0.30 sys=0.01, real=0.04 secs] 
2011-03-01T03:36:35.777+0000: 9297.169: [GC 9297.169: [ParNew: 358791K->34873K(368640K), 0.0524060 secs] 6988701K->6679270K(12541952K), 0.0529060 secs] [Times: user=0.40 sys=0.00, real=0.05 secs] 
2011-03-01T03:36:36.282+0000: 9297.674: [GC 9297.674: [ParNew: 362553K->32578K(368640K), 0.0490600 secs] 7006950K->6690749K(12541952K), 0.0495600 secs] [Times: user=0.38 sys=0.00, real=0.05 secs] 
2011-03-01T03:36:36.630+0000: 9298.022: [GC 9298.022: [ParNew: 360258K->30270K(368640K), 0.0404040 secs] 7018429K->6696983K(12541952K), 0.0408970 secs] [Times: user=0.29 sys=0.01, real=0.04 secs] 
2011-03-01T03:36:36.911+0000: 9298.302: [GC 9298.302: [ParNew: 357950K->31158K(368640K), 0.0409960 secs] 7024663K->6709333K(12541952K), 0.0415040 secs] [Times: user=0.30 sys=0.00, real=0.05 secs] 
2011-03-01T03:36:37.353+0000: 9298.744: [GC 9298.744: [ParNew: 358858K->31092K(368640K), 0.0397500 secs] 7037033K->6720072K(12541952K), 0.0402410 secs] [Times: user=0.26 sys=0.00, real=0.04 secs] 
2011-03-01T03:36:37.396+0000: 9298.787: [GC 9298.787: [ParNew: 31432K->23602K(368640K), 0.0415230 secs] 6720412K->6736611K(12541952K), 0.0419420 secs] [Times: user=0.25 sys=0.00, real=0.04 secs] 
2011-03-01T03:36:37.701+0000: 9299.093: [GC 9299.093: [ParNew: 351282K->40960K(368640K), 0.0407180 secs] 7064291K->6753968K(12541952K), 0.0412040 secs] [Times: user=0.27 sys=0.00, real=0.05 secs] 
2011-03-01T03:36:37.955+0000: 9299.346: [GC 9299.346: [ParNew: 368640K->40960K(368640K), 0.0632760 secs] 7081648K->6769539K(12541952K), 0.0637690 secs] [Times: user=0.45 sys=0.00, real=0.06 secs] 
2011-03-01T03:36:38.258+0000: 9299.649: [GC 9299.649: [ParNew: 368640K->40960K(368640K), 0.0496140 secs] 7097219K->6784629K(12541952K), 0.0501010 secs] [Times: user=0.38 sys=0.01, real=0.05 secs] 
2011-03-01T03:36:39.009+0000: 9300.400: [GC 9300.401: [ParNew: 368640K->40960K(368640K), 0.0546730 secs] 7112309K->6794176K(12541952K), 0.0551640 secs] [Times: user=0.40 sys=0.01, real=0.06 secs] 
2011-03-01T03:36:39.617+0000: 9301.008: [GC 9301.009: [ParNew: 368640K->29412K(368640K), 0.0387760 secs] 7121856K->6792441K(12541952K), 0.0392650 secs] [Times: user=0.30 sys=0.00, real=0.04 secs] 
2011-03-01T03:36:40.873+0000: 9302.265: [GC 9302.265: [ParNew: 357092K->17729K(368640K), 0.0366720 secs] 7120121K->6789007K(12541952K), 0.0371610 secs] [Times: user=0.26 sys=0.00, real=0.03 secs] 
2011-03-01T03:36:42.472+0000: 9303.863: [GC 9303.864: [ParNew: 345409K->40960K(368640K), 0.0345960 secs] 7116687K->6812237K(12541952K), 0.0350940 secs] [Times: user=0.29 sys=0.00, real=0.03 secs] 
2011-03-01T03:36:43.564+0000: 9304.956: [GC 9304.956: [ParNew: 368640K->34567K(368640K), 0.0417160 secs] 7139917K->6814068K(12541952K), 0.0422180 secs] [Times: user=0.31 sys=0.01, real=0.04 secs] 
2011-03-01T03:36:44.942+0000: 9306.334: [GC 9306.334: [ParNew: 362247K->40960K(368640K), 0.0425230 secs] 7141748K->6826723K(12541952K), 0.0429990 secs] [Times: user=0.34 sys=0.00, real=0.04 secs] 
2011-03-01T03:36:46.324+0000: 9307.715: [GC 9307.716: [ParNew: 368640K->40350K(368640K), 0.0413960 secs] 7154403K->6834237K(12541952K), 0.0418870 secs] [Times: user=0.32 sys=0.00, real=0.04 secs] 
2011-03-01T03:36:47.578+0000: 9308.969: [GC 9308.969: [ParNew: 368030K->37053K(368640K), 0.0434750 secs] 7161917K->6845141K(12541952K), 0.0439620 secs] [Times: user=0.32 sys=0.00, real=0.04 secs] 
2011-03-01T03:36:48.956+0000: 9310.347: [GC 9310.347: [ParNew: 364733K->13859K(368640K), 0.0359730 secs] 7172821K->6830215K(12541952K), 0.0364320 secs] [Times: user=0.24 sys=0.00, real=0.04 secs] 
2011-03-01T03:36:51.096+0000: 9312.487: [GC 9312.488: [ParNew: 341539K->34190K(368640K), 0.0330060 secs] 7157895K->6850546K(12541952K), 0.0333660 secs] [Times: user=0.24 sys=0.00, real=0.03 secs] 
2011-03-01T03:36:53.315+0000: 9314.706: [GC 9314.707: [ParNew: 361870K->15988K(368640K), 0.0420260 secs] 7178226K->6846368K(12541952K), 0.0423880 secs] [Times: user=0.32 sys=0.00, real=0.04 secs] 
2011-03-01T03:36:54.788+0000: 9316.180: [GC 9316.180: [ParNew: 343668K->26852K(368640K), 0.0321960 secs] 7174048K->6857231K(12541952K), 0.0325730 secs] [Times: user=0.24 sys=0.00, real=0.03 secs] 
2011-03-01T03:36:55.467+0000: 9316.858: [GC 9316.859: [ParNew: 354507K->30572K(368640K), 0.0354910 secs] 7184886K->6867050K(12541952K), 0.0358830 secs] [Times: user=0.24 sys=0.00, real=0.03 secs] 
2011-03-01T03:36:56.175+0000: 9317.566: [GC 9317.566: [ParNew: 358252K->14819K(368640K), 0.0331640 secs] 7194730K->6858054K(12541952K), 0.0335490 secs] [Times: user=0.26 sys=0.00, real=0.03 secs] 
2011-03-01T03:36:56.708+0000: 9318.099: [GC 9318.099: [ParNew: 342499K->26265K(368640K), 0.0320540 secs] 7185734K->6869500K(12541952K), 0.0324270 secs] [Times: user=0.24 sys=0.00, real=0.03 secs] 
2011-03-01T03:36:57.228+0000: 9318.619: [GC 9318.620: [ParNew: 354119K->35834K(368640K), 0.0399900 secs] 7197354K->6899613K(12541952K), 0.0403880 secs] [Times: user=0.32 sys=0.00, real=0.04 secs] 
2011-03-01T03:36:57.272+0000: 9318.663: [GC 9318.663: [ParNew: 36005K->23449K(368640K), 0.0271720 secs] 6899785K->6893239K(12541952K), 0.0275910 secs] [Times: user=0.24 sys=0.00, real=0.03 secs] 
2011-03-01T03:36:57.930+0000: 9319.321: [GC 9319.321: [ParNew: 351129K->29795K(368640K), 0.0262270 secs] 7220919K->6899585K(12541952K), 0.0267290 secs] [Times: user=0.24 sys=0.00, real=0.03 secs] 
2011-03-01T03:36:58.590+0000: 9319.981: [GC 9319.982: [ParNew: 357475K->16575K(368640K), 0.0339940 secs] 7227265K->6894980K(12541952K), 0.0344930 secs] [Times: user=0.30 sys=0.00, real=0.04 secs] 
2011-03-01T03:36:59.036+0000: 9320.427: [GC 9320.427: [ParNew: 344255K->35010K(368640K), 0.0444700 secs] 7222660K->6978951K(12541952K), 0.0449760 secs] [Times: user=0.31 sys=0.00, real=0.04 secs] 
2011-03-01T03:36:59.546+0000: 9320.937: [GC 9320.937: [ParNew: 362690K->33916K(368640K), 0.0422630 secs] 7306631K->6982739K(12541952K), 0.0427990 secs] [Times: user=0.31 sys=0.00, real=0.04 secs] 
2011-03-01T03:37:00.056+0000: 9321.447: [GC 9321.447: [ParNew: 361596K->27434K(368640K), 0.0400670 secs] 7310419K->6994728K(12541952K), 0.0405970 secs] [Times: user=0.31 sys=0.00, real=0.04 secs] 
2011-03-01T03:37:00.385+0000: 9321.776: [GC 9321.777: [ParNew: 355114K->26568K(368640K), 0.0431650 secs] 7322408K->6999838K(12541952K), 0.0436810 secs] [Times: user=0.32 sys=0.00, real=0.04 secs] 
2011-03-01T03:37:00.786+0000: 9322.177: [GC 9322.177: [ParNew: 352286K->40960K(368640K), 0.0394160 secs] 7325556K->7026104K(12541952K), 0.0399330 secs] [Times: user=0.31 sys=0.00, real=0.04 secs] 
2011-03-01T03:37:02.010+0000: 9323.401: [GC 9323.402: [ParNew: 368640K->33685K(368640K), 0.0666580 secs] 7353784K->7096633K(12541952K), 0.0671100 secs] [Times: user=0.54 sys=0.01, real=0.07 secs] 
2011-03-01T03:37:02.442+0000: 9323.833: [GC 9323.833: [ParNew: 361365K->20825K(368640K), 0.0450840 secs] 7424313K->7103839K(12541952K), 0.0454460 secs] [Times: user=0.34 sys=0.00, real=0.05 secs] 
2011-03-01T03:37:02.943+0000: 9324.334: [GC 9324.335: [ParNew: 348505K->15863K(368640K), 0.0371280 secs] 7431519K->7098876K(12541952K), 0.0374970 secs] [Times: user=0.25 sys=0.00, real=0.03 secs] 
2011-03-01T03:37:03.368+0000: 9324.759: [GC 9324.759: [ParNew: 343543K->26667K(368640K), 0.0382890 secs] 7426556K->7109680K(12541952K), 0.0386490 secs] [Times: user=0.32 sys=0.00, real=0.04 secs] 
2011-03-01T03:37:03.887+0000: 9325.278: [GC 9325.278: [ParNew: 353953K->25789K(368640K), 0.0469820 secs] 7436967K->7115970K(12541952K), 0.0473700 secs] [Times: user=0.32 sys=0.00, real=0.06 secs] 
2011-03-01T03:37:04.336+0000: 9325.727: [GC 9325.728: [ParNew: 353469K->31809K(368640K), 0.0450230 secs] 7443650K->7121991K(12541952K), 0.0453950 secs] [Times: user=0.32 sys=0.00, real=0.04 secs] 
2011-03-01T03:37:04.837+0000: 9326.228: [GC 9326.228: [ParNew: 359489K->37913K(368640K), 0.0436420 secs] 7449671K->7131652K(12541952K), 0.0440830 secs] [Times: user=0.32 sys=0.00, real=0.04 secs] 
2011-03-01T03:37:05.590+0000: 9326.981: [GC 9326.981: [ParNew: 365649K->32979K(368640K), 0.0501190 secs] 7459388K->7133520K(12541952K), 0.0506070 secs] [Times: user=0.40 sys=0.02, real=0.05 secs] 
2011-03-01T03:37:06.423+0000: 9327.814: [GC 9327.814: [ParNew: 360638K->28737K(368640K), 0.0465550 secs] 7461179K->7137136K(12541952K), 0.0470660 secs] [Times: user=0.33 sys=0.01, real=0.05 secs] 
2011-03-01T03:37:08.258+0000: 9329.650: [GC 9329.650: [ParNew: 356417K->39085K(368640K), 0.0459080 secs] 7464816K->7153339K(12541952K), 0.0464080 secs] [Times: user=0.35 sys=0.00, real=0.05 secs] 
2011-03-01T03:37:10.135+0000: 9331.526: [GC 9331.527: [ParNew: 364333K->38420K(368640K), 0.0472110 secs] 7478588K->7159396K(12541952K), 0.0476400 secs] [Times: user=0.32 sys=0.00, real=0.05 secs] 
2011-03-01T03:37:10.736+0000: 9332.127: [GC 9332.127: [ParNew: 366100K->35961K(368640K), 0.0821410 secs] 7487076K->7253738K(12541952K), 0.0825100 secs] [Times: user=0.55 sys=0.00, real=0.08 secs] 
2011-03-01T03:37:11.478+0000: 9332.869: [GC 9332.869: [ParNew: 363641K->24080K(368640K), 0.0389050 secs] 7581418K->7241858K(12541952K), 0.0392700 secs] [Times: user=0.32 sys=0.00, real=0.04 secs] 
2011-03-01T03:37:12.271+0000: 9333.662: [GC 9333.663: [ParNew: 351760K->33092K(368640K), 0.0436020 secs] 7569538K->7250870K(12541952K), 0.0439630 secs] [Times: user=0.38 sys=0.00, real=0.05 secs] 
2011-03-01T03:37:13.163+0000: 9334.554: [GC 9334.554: [ParNew: 360772K->24836K(368640K), 0.0505480 secs] 7578550K->7256018K(12541952K), 0.0509030 secs] [Times: user=0.35 sys=0.01, real=0.05 secs] 
2011-03-01T03:37:13.975+0000: 9335.366: [GC 9335.366: [ParNew: 352516K->38420K(368640K), 0.0437230 secs] 7583698K->7269603K(12541952K), 0.0536450 secs] [Times: user=0.33 sys=0.00, real=0.05 secs] 
2011-03-01T03:37:15.660+0000: 9337.051: [GC 9337.051: [ParNew: 366100K->40960K(368640K), 0.0715640 secs] 7597283K->7290675K(12541952K), 0.0720620 secs] [Times: user=0.56 sys=0.00, real=0.07 secs] 
2011-03-01T03:37:17.946+0000: 9339.337: [GC 9339.337: [ParNew: 368640K->28769K(368640K), 0.0622970 secs] 7618355K->7303397K(12541952K), 0.0627910 secs] [Times: user=0.45 sys=0.00, real=0.06 secs] 
2011-03-01T03:37:19.790+0000: 9341.181: [GC 9341.181: [ParNew: 356449K->40960K(368640K), 0.0447780 secs] 7631077K->7318583K(12541952K), 0.0452880 secs] [Times: user=0.37 sys=0.00, real=0.05 secs] 
2011-03-01T03:37:21.378+0000: 9342.769: [GC 9342.769: [ParNew: 368640K->32998K(368640K), 0.0646820 secs] 7646263K->7339572K(12541952K), 0.0651780 secs] [Times: user=0.49 sys=0.00, real=0.07 secs] 
2011-03-01T03:37:22.941+0000: 9344.332: [GC 9344.332: [ParNew: 360678K->29530K(368640K), 0.0545250 secs] 7667252K->7354374K(12541952K), 0.0550180 secs] [Times: user=0.40 sys=0.00, real=0.06 secs] 
2011-03-01T03:37:23.950+0000: 9345.341: [GC 9345.341: [ParNew: 357210K->24667K(368640K), 0.0536470 secs] 7682054K->7365109K(12541952K), 0.0551520 secs] [Times: user=0.41 sys=0.00, real=0.06 secs] 
2011-03-01T03:37:25.469+0000: 9346.861: [GC 9346.861: [ParNew: 352347K->21212K(368640K), 0.0513110 secs] 7692789K->7379144K(12541952K), 0.0518260 secs] [Times: user=0.39 sys=0.00, real=0.05 secs] 
2011-03-01T03:37:26.618+0000: 9348.009: [GC 9348.009: [ParNew: 348892K->31022K(368640K), 0.0449920 secs] 7706824K->7404396K(12541952K), 0.0454840 secs] [Times: user=0.33 sys=0.00, real=0.05 secs] 
2011-03-01T03:37:27.987+0000: 9349.378: [GC 9349.378: [ParNew: 358702K->21807K(368640K), 0.0538120 secs] 7732076K->7412606K(12541952K), 0.0543090 secs] [Times: user=0.40 sys=0.00, real=0.05 secs] 
2011-03-01T03:37:30.118+0000: 9351.510: [GC 9351.510: [ParNew: 349487K->40960K(368640K), 0.0527440 secs] 7740286K->7437826K(12541952K), 0.0532460 secs] [Times: user=0.40 sys=0.00, real=0.05 secs] 
2011-03-01T03:37:31.429+0000: 9352.820: [GC 9352.820: [ParNew: 368640K->30696K(368640K), 0.0629560 secs] 7765506K->7454828K(12541952K), 0.0633210 secs] [Times: user=0.48 sys=0.00, real=0.06 secs] 
2011-03-01T03:37:32.820+0000: 9354.211: [GC 9354.211: [ParNew: 358376K->32997K(368640K), 0.0545030 secs] 7782508K->7472776K(12541952K), 0.0549380 secs] [Times: user=0.41 sys=0.00, real=0.06 secs] 
2011-03-01T03:37:34.054+0000: 9355.445: [GC 9355.445: [ParNew: 360677K->30100K(368640K), 0.0573780 secs] 7800456K->7489318K(12541952K), 0.0577470 secs] [Times: user=0.38 sys=0.00, real=0.05 secs] 
2011-03-01T03:37:35.245+0000: 9356.636: [GC 9356.636: [ParNew: 357780K->40960K(368640K), 0.0539000 secs] 7816998K->7504366K(12541952K), 0.0542630 secs] [Times: user=0.40 sys=0.00, real=0.05 secs] 
2011-03-01T03:37:35.706+0000: 9357.097: [GC 9357.097: [ParNew: 368640K->32543K(368640K), 0.0649040 secs] 7832046K->7527699K(12541952K), 0.0652720 secs] [Times: user=0.46 sys=0.00, real=0.06 secs] 
2011-03-01T03:37:36.167+0000: 9357.559: [GC 9357.559: [ParNew: 360223K->40960K(368640K), 0.0821270 secs] 7855379K->7564631K(12541952K), 0.0825300 secs] [Times: user=0.53 sys=0.00, real=0.08 secs] 
2011-03-01T03:37:36.477+0000: 9357.868: [GC 9357.869: [ParNew: 368640K->34219K(368640K), 0.0521760 secs] 7892311K->7576354K(12541952K), 0.0525390 secs] [Times: user=0.40 sys=0.00, real=0.05 secs] 
2011-03-01T03:37:36.833+0000: 9358.224: [GC 9358.224: [ParNew: 361899K->40960K(368640K), 0.0864060 secs] 7904034K->7625184K(12541952K), 0.0867720 secs] [Times: user=0.61 sys=0.00, real=0.08 secs] 
2011-03-01T03:37:37.228+0000: 9358.619: [GC 9358.620: [ParNew: 368640K->37933K(368640K), 0.0657960 secs] 7952864K->7655817K(12541952K), 0.0661640 secs] [Times: user=0.47 sys=0.00, real=0.07 secs] 
2011-03-01T03:37:37.543+0000: 9358.934: [GC 9358.934: [ParNew: 365613K->40960K(368640K), 0.0661300 secs] 7983497K->7681451K(12541952K), 0.0664930 secs] [Times: user=0.46 sys=0.00, real=0.06 secs] 
2011-03-01T03:37:38.129+0000: 9359.520: [GC 9359.520: [ParNew: 368640K->40960K(368640K), 0.0566130 secs] 8009131K->7702312K(12541952K), 0.0569800 secs] [Times: user=0.41 sys=0.00, real=0.06 secs] 
2011-03-01T03:37:38.506+0000: 9359.897: [GC 9359.897: [ParNew: 368640K->29767K(368640K), 0.0526560 secs] 8029992K->7711836K(12541952K), 0.0531490 secs] [Times: user=0.38 sys=0.00, real=0.05 secs] 
2011-03-01T03:37:38.939+0000: 9360.330: [GC 9360.330: [ParNew: 357447K->37426K(368640K), 0.0511590 secs] 8039516K->7734425K(12541952K), 0.0516510 secs] [Times: user=0.40 sys=0.00, real=0.05 secs] 
2011-03-01T03:37:39.437+0000: 9360.828: [GC 9360.828: [ParNew: 365106K->31206K(368640K), 0.0522720 secs] 8062105K->7749996K(12541952K), 0.0527680 secs] [Times: user=0.39 sys=0.00, real=0.05 secs] 
2011-03-01T03:37:40.312+0000: 9361.703: [GC 9361.704: [ParNew: 358886K->34601K(368640K), 0.0571650 secs] 8077676K->7770486K(12541952K), 0.0576710 secs] [Times: user=0.45 sys=0.00, real=0.05 secs] 
2011-03-01T03:37:41.647+0000: 9363.038: [GC 9363.038: [ParNew: 362281K->27639K(368640K), 0.0568370 secs] 8098166K->7782205K(12541952K), 0.0573430 secs] [Times: user=0.40 sys=0.00, real=0.06 secs] 
2011-03-01T03:37:43.020+0000: 9364.411: [GC 9364.412: [ParNew: 355319K->26169K(368640K), 0.0509960 secs] 8109885K->7796887K(12541952K), 0.0515170 secs] [Times: user=0.40 sys=0.00, real=0.05 secs] 
2011-03-01T03:37:44.200+0000: 9365.591: [GC 9365.591: [ParNew: 353849K->24278K(368640K), 0.0475880 secs] 8124567K->7813179K(12541952K), 0.0480810 secs] [Times: user=0.38 sys=0.00, real=0.05 secs] 
2011-03-01T03:37:46.302+0000: 9367.693: [GC 9367.694: [ParNew: 351958K->40960K(368640K), 0.0524970 secs] 8140859K->7845049K(12541952K), 0.0529950 secs] [Times: user=0.38 sys=0.00, real=0.05 secs] 
2011-03-01T03:37:47.339+0000: 9368.730: [GC 9368.730: [ParNew: 368640K->37441K(368640K), 0.0507240 secs] 8172729K->7859802K(12541952K), 0.0510900 secs] [Times: user=0.40 sys=0.00, real=0.05 secs] 
2011-03-01T03:37:48.445+0000: 9369.836: [GC 9369.836: [ParNew: 365121K->32582K(368640K), 0.0505600 secs] 8187482K->7873581K(12541952K), 0.0509220 secs] [Times: user=0.33 sys=0.00, real=0.05 secs] 
2011-03-01T03:37:50.951+0000: 9372.342: [GC 9372.343: [ParNew: 360262K->24067K(368640K), 0.0496340 secs] 8201261K->7883011K(12541952K), 0.0499960 secs] [Times: user=0.39 sys=0.00, real=0.05 secs] 
2011-03-01T03:37:53.005+0000: 9374.397: [GC 9374.397: [ParNew: 351747K->40960K(368640K), 0.0483490 secs] 8210691K->7900661K(12541952K), 0.0487090 secs] [Times: user=0.38 sys=0.00, real=0.05 secs] 
2011-03-01T03:37:54.669+0000: 9376.061: [GC 9376.061: [ParNew: 368640K->28491K(368640K), 0.0724450 secs] 8228341K->7918470K(12541952K), 0.0728310 secs] [Times: user=0.50 sys=0.00, real=0.08 secs] 
2011-03-01T03:37:55.425+0000: 9376.816: [GC 9376.816: [ParNew: 356171K->36111K(368640K), 0.0394430 secs] 8246150K->7926091K(12541952K), 0.0398170 secs] [Times: user=0.31 sys=0.00, real=0.04 secs] 
2011-03-01T03:37:56.059+0000: 9377.450: [GC 9377.451: [ParNew: 363791K->22958K(368640K), 0.0557450 secs] 8253771K->7932911K(12541952K), 0.0561720 secs] [Times: user=0.42 sys=0.00, real=0.06 secs] 
2011-03-01T03:37:56.618+0000: 9378.009: [GC 9378.009: [ParNew: 350638K->14882K(368640K), 0.0430060 secs] 8260591K->7935384K(12541952K), 0.0433770 secs] [Times: user=0.30 sys=0.02, real=0.04 secs] 
2011-03-01T03:37:57.299+0000: 9378.690: [GC 9378.691: [ParNew: 342562K->17666K(368640K), 0.0380590 secs] 8263064K->7938168K(12541952K), 0.0384280 secs] [Times: user=0.32 sys=0.00, real=0.04 secs] 
2011-03-01T03:37:58.016+0000: 9379.407: [GC 9379.408: [ParNew: 345346K->29647K(368640K), 0.0440960 secs] 8265848K->7950149K(12541952K), 0.0446010 secs] [Times: user=0.31 sys=0.00, real=0.04 secs] 
2011-03-01T03:37:58.655+0000: 9380.046: [GC 9380.046: [ParNew: 357327K->36242K(368640K), 0.0522830 secs] 8277829K->7963140K(12541952K), 0.0527940 secs] [Times: user=0.39 sys=0.01, real=0.05 secs] 
2011-03-01T03:37:59.365+0000: 9380.757: [GC 9380.757: [ParNew: 363892K->29941K(368640K), 0.0561830 secs] 8290789K->7972554K(12541952K), 0.0566680 secs] [Times: user=0.38 sys=0.02, real=0.06 secs] 
2011-03-01T03:38:00.080+0000: 9381.471: [GC 9381.471: [ParNew: 357621K->25684K(368640K), 0.0469710 secs] 8300234K->7977705K(12541952K), 0.0474550 secs] [Times: user=0.39 sys=0.00, real=0.05 secs] 
2011-03-01T03:38:00.608+0000: 9381.999: [GC 9381.999: [ParNew: 353364K->40960K(368640K), 0.0432090 secs] 8305385K->7992980K(12541952K), 0.0436860 secs] [Times: user=0.32 sys=0.00, real=0.04 secs] 
2011-03-01T03:38:01.443+0000: 9382.835: [GC 9382.835: [ParNew: 368640K->29337K(368640K), 0.0595830 secs] 8320683K->8008814K(12541952K), 0.0600630 secs] [Times: user=0.40 sys=0.00, real=0.06 secs] 
2011-03-01T03:38:01.507+0000: 9382.898: [GC 9382.898: [ParNew: 29505K->12188K(368640K), 0.0319140 secs] 8008982K->7991665K(12541952K), 0.0323090 secs] [Times: user=0.24 sys=0.00, real=0.03 secs] 
2011-03-01T03:38:03.860+0000: 9385.251: [GC 9385.251: [ParNew: 339868K->35793K(368640K), 0.0335070 secs] 8319345K->8015270K(12541952K), 0.0339800 secs] [Times: user=0.27 sys=0.00, real=0.04 secs] 
2011-03-01T03:38:05.779+0000: 9387.170: [GC 9387.170: [ParNew: 363434K->12613K(368640K), 0.0471620 secs] 8342911K->8011389K(12541952K), 0.0476630 secs] [Times: user=0.33 sys=0.00, real=0.05 secs] 
2011-03-01T03:38:08.049+0000: 9389.440: [GC 9389.440: [ParNew: 340359K->30166K(368640K), 0.0302410 secs] 8339136K->8028943K(12541952K), 0.0306330 secs] [Times: user=0.24 sys=0.00, real=0.03 secs] 
2011-03-01T03:38:08.082+0000: 9389.473: [GC 9389.473: [ParNew: 30250K->21544K(368640K), 0.0413770 secs] 8029027K->8026725K(12541952K), 0.0416940 secs] [Times: user=0.29 sys=0.00, real=0.05 secs] 
2011-03-01T03:38:09.907+0000: 9391.298: [GC 9391.298: [ParNew: 349186K->31265K(368640K), 0.0411730 secs] 8354366K->8036445K(12541952K), 0.0415540 secs] [Times: user=0.32 sys=0.00, real=0.04 secs] 
2011-03-01T03:38:11.646+0000: 9393.037: [GC 9393.037: [ParNew: 358945K->29177K(368640K), 0.0476300 secs] 8364125K->8042806K(12541952K), 0.0480080 secs] [Times: user=0.34 sys=0.00, real=0.05 secs] 
2011-03-01T03:38:14.067+0000: 9395.458: [GC 9395.458: [ParNew: 356857K->36979K(368640K), 0.0464250 secs] 8370486K->8060162K(12541952K), 0.0467910 secs] [Times: user=0.33 sys=0.00, real=0.05 secs] 
2011-03-01T03:38:15.723+0000: 9397.115: [GC 9397.115: [ParNew: 364659K->35446K(368640K), 0.0669270 secs] 8387842K->8072195K(12541952K), 0.0672950 secs] [Times: user=0.51 sys=0.01, real=0.06 secs] 
2011-03-01T03:38:18.375+0000: 9399.766: [GC 9399.767: [ParNew: 363126K->12107K(368640K), 0.0682310 secs] 8399875K->8074879K(12541952K), 0.0685980 secs] [Times: user=0.49 sys=0.00, real=0.07 secs] 
2011-03-01T03:38:19.619+0000: 9401.010: [GC 9401.010: [ParNew: 339787K->30132K(368640K), 0.0341500 secs] 8402559K->8092904K(12541952K), 0.0345180 secs] [Times: user=0.26 sys=0.00, real=0.04 secs] 
2011-03-01T03:38:21.077+0000: 9402.468: [GC 9402.468: [ParNew: 357812K->37446K(368640K), 0.0463300 secs] 8420584K->8106213K(12541952K), 0.0466980 secs] [Times: user=0.31 sys=0.00, real=0.05 secs] 
2011-03-01T03:38:22.248+0000: 9403.639: [GC 9403.639: [ParNew: 365126K->35458K(368640K), 0.0421530 secs] 8433893K->8112346K(12541952K), 0.0425180 secs] [Times: user=0.31 sys=0.00, real=0.04 secs] 
2011-03-01T03:38:23.540+0000: 9404.931: [GC 9404.931: [ParNew: 363138K->27967K(368640K), 0.0347390 secs] 8440026K->8110981K(12541952K), 0.0351050 secs] [Times: user=0.28 sys=0.01, real=0.04 secs] 
2011-03-01T03:38:24.933+0000: 9406.324: [GC 9406.324: [ParNew: 355647K->26474K(368640K), 0.0367010 secs] 8438661K->8117569K(12541952K), 0.0370960 secs] [Times: user=0.28 sys=0.00, real=0.03 secs] 
2011-03-01T03:38:26.254+0000: 9407.645: [GC 9407.646: [ParNew: 354154K->40960K(368640K), 0.0384660 secs] 8445249K->8138398K(12541952K), 0.0388310 secs] [Times: user=0.25 sys=0.00, real=0.04 secs] 
2011-03-01T03:38:28.735+0000: 9410.126: [GC 9410.126: [ParNew: 368640K->33409K(368640K), 0.0374800 secs] 8466078K->8143540K(12541952K), 0.0378600 secs] [Times: user=0.24 sys=0.00, real=0.04 secs] 
2011-03-01T03:38:30.539+0000: 9411.931: [GC 9411.931: [ParNew: 361089K->19465K(368640K), 0.0361010 secs] 8471220K->8142738K(12541952K), 0.0365290 secs] [Times: user=0.27 sys=0.00, real=0.04 secs] 
2011-03-01T03:38:31.892+0000: 9413.283: [GC 9413.284: [ParNew: 347145K->29353K(368640K), 0.0311660 secs] 8470418K->8152627K(12541952K), 0.0315280 secs] [Times: user=0.25 sys=0.00, real=0.03 secs] 
2011-03-01T03:38:33.233+0000: 9414.624: [GC 9414.624: [ParNew: 357033K->40960K(368640K), 0.0343530 secs] 8480307K->8170047K(12541952K), 0.0347150 secs] [Times: user=0.27 sys=0.00, real=0.03 secs] 
2011-03-01T03:38:34.364+0000: 9415.755: [GC 9415.755: [ParNew: 368640K->29231K(368640K), 0.0397110 secs] 8497727K->8173299K(12541952K), 0.0400750 secs] [Times: user=0.26 sys=0.00, real=0.04 secs] 
2011-03-01T03:38:35.466+0000: 9416.858: [GC 9416.858: [ParNew: 356911K->15043K(368640K), 0.0316800 secs] 8500979K->8167348K(12541952K), 0.0320550 secs] [Times: user=0.24 sys=0.00, real=0.03 secs] 
2011-03-01T03:38:35.941+0000: 9417.332: [GC 9417.332: [ParNew: 342723K->40960K(368640K), 0.0444250 secs] 8495028K->8195416K(12541952K), 0.0448070 secs] [Times: user=0.36 sys=0.01, real=0.05 secs] 
2011-03-01T03:38:36.367+0000: 9417.759: [GC 9417.759: [ParNew: 368640K->40960K(368640K), 0.0641200 secs] 8523096K->8216468K(12541952K), 0.0644870 secs] [Times: user=0.48 sys=0.00, real=0.06 secs] 
2011-03-01T03:38:36.695+0000: 9418.086: [GC 9418.086: [ParNew: 368636K->40960K(368640K), 0.0541490 secs] 8544144K->8229541K(12541952K), 0.0545160 secs] [Times: user=0.39 sys=0.00, real=0.05 secs] 
2011-03-01T03:38:37.018+0000: 9418.409: [GC 9418.409: [ParNew: 368640K->34521K(368640K), 0.0408500 secs] 8557221K->8236637K(12541952K), 0.0412170 secs] [Times: user=0.32 sys=0.00, real=0.04 secs] 
2011-03-01T03:38:37.466+0000: 9418.857: [GC 9418.857: [ParNew: 362201K->25684K(368640K), 0.0414870 secs] 8564317K->8241480K(12541952K), 0.0418530 secs] [Times: user=0.31 sys=0.01, real=0.04 secs] 
2011-03-01T03:38:37.748+0000: 9419.139: [GC 9419.139: [ParNew: 353364K->40960K(368640K), 0.0433980 secs] 8569160K->8259952K(12541952K), 0.0437770 secs] [Times: user=0.32 sys=0.00, real=0.04 secs] 
2011-03-01T03:38:38.097+0000: 9419.488: [GC 9419.488: [ParNew: 368640K->40960K(368640K), 0.0610480 secs] 8587632K->8284780K(12541952K), 0.0614880 secs] [Times: user=0.40 sys=0.01, real=0.06 secs] 
2011-03-01T03:38:38.422+0000: 9419.813: [GC 9419.813: [ParNew: 368640K->40120K(368640K), 0.0424330 secs] 8612460K->8291484K(12541952K), 0.0429280 secs] [Times: user=0.32 sys=0.01, real=0.05 secs] 
2011-03-01T03:38:39.385+0000: 9420.777: [GC 9420.777: [ParNew: 367800K->29826K(368640K), 0.0407730 secs] 8619164K->8293540K(12541952K), 0.0451940 secs] [Times: user=0.29 sys=0.01, real=0.04 secs] 
2011-03-01T03:38:40.099+0000: 9421.491: [GC 9421.491: [ParNew: 357506K->25575K(368640K), 0.0317820 secs] 8621220K->8296051K(12541952K), 0.0322730 secs] [Times: user=0.24 sys=0.01, real=0.03 secs] 
2011-03-01T03:38:41.214+0000: 9422.605: [GC 9422.605: [ParNew: 353255K->30726K(368640K), 0.0328280 secs] 8623731K->8309456K(12541952K), 0.0333400 secs] [Times: user=0.23 sys=0.00, real=0.03 secs] 
2011-03-01T03:38:41.251+0000: 9422.642: [GC [1 CMS-initial-mark: 8278729K(12173312K)] 8310313K(12541952K), 0.0147740 secs] [Times: user=0.02 sys=0.00, real=0.02 secs] 
2011-03-01T03:38:41.266+0000: 9422.657: [CMS-concurrent-mark-start]
2011-03-01T03:38:41.752+0000: 9423.143: [CMS-concurrent-mark: 0.482/0.486 secs] [Times: user=3.86 sys=0.19, real=0.49 secs] 
2011-03-01T03:38:41.752+0000: 9423.143: [CMS-concurrent-preclean-start]
2011-03-01T03:38:41.792+0000: 9423.184: [CMS-concurrent-preclean: 0.039/0.040 secs] [Times: user=0.04 sys=0.00, real=0.04 secs] 
2011-03-01T03:38:41.793+0000: 9423.184: [CMS-concurrent-abortable-preclean-start]
2011-03-01T03:38:42.740+0000: 9424.131: [GC 9424.132: [ParNew: 358406K->12792K(368640K), 0.0374010 secs] 8637136K->8299630K(12541952K), 0.0378920 secs] [Times: user=0.32 sys=0.00, real=0.04 secs] 
2011-03-01T03:38:43.534+0000: 9424.925: [CMS-concurrent-abortable-preclean: 1.579/1.742 secs] [Times: user=4.10 sys=0.92, real=1.74 secs] 
2011-03-01T03:38:43.536+0000: 9424.928: [GC[YG occupancy: 177960 K (368640 K)]9424.928: [Rescan (parallel) , 0.0300160 secs]9424.958: [weak refs processing, 0.0265480 secs] [1 CMS-remark: 8286837K(12173312K)] 8464797K(12541952K), 0.0568740 secs] [Times: user=0.26 sys=0.00, real=0.06 secs] 
2011-03-01T03:38:43.594+0000: 9424.985: [CMS-concurrent-sweep-start]
2011-03-01T03:38:44.207+0000: 9425.598: [GC 9425.598: [ParNew: 340472K->40960K(368640K), 0.0355160 secs] 8140294K->7840781K(12541952K), 0.0358780 secs] [Times: user=0.25 sys=0.00, real=0.04 secs] 
2011-03-01T03:38:45.383+0000: 9426.774: [GC 9426.774: [ParNew: 368640K->33816K(368640K), 0.0825410 secs] 7956255K->7654116K(12541952K), 0.0829050 secs] [Times: user=0.57 sys=0.00, real=0.08 secs] 
2011-03-01T03:38:45.468+0000: 9426.860: [GC 9426.860: [ParNew: 34269K->5445K(368640K), 0.0319610 secs] 7654437K->7637131K(12541952K), 0.0322700 secs] [Times: user=0.24 sys=0.00, real=0.03 secs] 
2011-03-01T03:38:46.647+0000: 9428.038: [GC 9428.039: [ParNew: 333125K->23968K(368640K), 0.0313030 secs] 7728590K->7419432K(12541952K), 0.0317470 secs] [Times: user=0.24 sys=0.00, real=0.03 secs] 
2011-03-01T03:38:48.082+0000: 9429.473: [GC 9429.474: [ParNew: 351648K->12979K(368640K), 0.0383440 secs] 7227410K->6899305K(12541952K), 0.0388450 secs] [Times: user=0.30 sys=0.01, real=0.03 secs] 
2011-03-01T03:38:49.955+0000: 9431.346: [GC 9431.346: [ParNew: 340659K->37465K(368640K), 0.0350610 secs] 6892076K->6588881K(12541952K), 0.0355860 secs] [Times: user=0.24 sys=0.00, real=0.03 secs] 
2011-03-01T03:38:51.970+0000: 9433.361: [GC 9433.361: [ParNew: 365145K->22390K(368640K), 0.0431270 secs] 6503771K->6175284K(12541952K), 0.0436980 secs] [Times: user=0.33 sys=0.00, real=0.05 secs] 
2011-03-01T03:38:54.166+0000: 9435.557: [GC 9435.557: [ParNew: 350070K->29648K(368640K), 0.0327070 secs] 5981890K->5661467K(12541952K), 0.0332510 secs] [Times: user=0.24 sys=0.00, real=0.03 secs] 
2011-03-01T03:38:55.149+0000: 9436.540: [GC 9436.540: [ParNew: 357328K->36732K(368640K), 0.0390520 secs] 5811763K->5497153K(12541952K), 0.0395530 secs] [Times: user=0.32 sys=0.00, real=0.04 secs] 
2011-03-01T03:38:55.715+0000: 9437.106: [GC 9437.106: [ParNew: 364412K->8460K(368640K), 0.0343620 secs] 5740038K->5395963K(12541952K), 0.0348650 secs] [Times: user=0.24 sys=0.00, real=0.03 secs] 
2011-03-01T03:38:56.498+0000: 9437.889: [GC 9437.890: [ParNew: 336140K->8153K(368640K), 0.0288370 secs] 5584183K->5256196K(12541952K), 0.0339570 secs] [Times: user=0.21 sys=0.00, real=0.04 secs] 
2011-03-01T03:38:57.063+0000: 9438.454: [GC 9438.454: [ParNew: 335833K->24913K(368640K), 0.0295590 secs] 5432741K->5121820K(12541952K), 0.0301130 secs] [Times: user=0.20 sys=0.00, real=0.04 secs] 
2011-03-01T03:38:57.947+0000: 9439.338: [GC 9439.339: [ParNew: 352593K->36073K(368640K), 0.0344430 secs] 5101653K->4787588K(12541952K), 0.0349720 secs] [Times: user=0.25 sys=0.00, real=0.04 secs] 
2011-03-01T03:38:59.244+0000: 9440.635: [GC 9440.635: [ParNew: 363753K->17424K(368640K), 0.0404610 secs] 4898764K->4565981K(12541952K), 0.0408540 secs] [Times: user=0.24 sys=0.01, real=0.04 secs] 
2011-03-01T03:39:00.218+0000: 9441.610: [GC 9441.610: [ParNew: 345104K->24153K(368640K), 0.0313430 secs] 4725943K->4404991K(12541952K), 0.0318790 secs] [Times: user=0.24 sys=0.00, real=0.03 secs] 
2011-03-01T03:39:01.024+0000: 9442.415: [GC 9442.415: [ParNew: 351833K->28808K(368640K), 0.0372630 secs] 4594971K->4277820K(12541952K), 0.0377620 secs] [Times: user=0.24 sys=0.01, real=0.03 secs] 
2011-03-01T03:39:01.915+0000: 9443.306: [GC 9443.307: [ParNew: 356488K->32227K(368640K), 0.0379010 secs] 4447594K->4131509K(12541952K), 0.0383650 secs] [Times: user=0.24 sys=0.00, real=0.04 secs] 
2011-03-01T03:39:02.830+0000: 9444.221: [GC 9444.221: [ParNew: 359907K->25144K(368640K), 0.0346420 secs] 4259531K->3930743K(12541952K), 0.0351460 secs] [Times: user=0.27 sys=0.00, real=0.04 secs] 
2011-03-01T03:39:04.794+0000: 9446.186: [GC 9446.186: [ParNew: 352824K->12126K(368640K), 0.0349100 secs] 3803100K->3469106K(12541952K), 0.0354220 secs] [Times: user=0.24 sys=0.00, real=0.03 secs] 
2011-03-01T03:39:05.738+0000: 9447.129: [GC 9447.129: [ParNew: 339806K->40013K(368640K), 0.0493100 secs] 3622513K->3390304K(12541952K), 0.0498130 secs] [Times: user=0.40 sys=0.00, real=0.05 secs] 
2011-03-01T03:39:06.592+0000: 9447.984: [GC 9447.984: [ParNew: 367693K->29046K(368640K), 0.0456770 secs] 3590187K->3329158K(12541952K), 0.0462380 secs] [Times: user=0.34 sys=0.01, real=0.05 secs] 
2011-03-01T03:39:07.251+0000: 9448.642: [GC 9448.642: [ParNew: 356726K->5053K(368640K), 0.0249960 secs] 3386656K->3051260K(12541952K), 0.0411250 secs] [Times: user=0.16 sys=0.00, real=0.04 secs] 
2011-03-01T03:39:07.988+0000: 9449.379: [GC 9449.379: [ParNew: 332676K->5261K(368640K), 0.0217320 secs] 3182489K->2855073K(12541952K), 0.0222590 secs] [Times: user=0.15 sys=0.01, real=0.02 secs] 
2011-03-01T03:39:10.238+0000: 9451.629: [GC 9451.629: [ParNew: 332941K->18875K(368640K), 0.0243330 secs] 2800055K->2485990K(12541952K), 0.0248080 secs] [Times: user=0.16 sys=0.00, real=0.03 secs] 
2011-03-01T03:39:12.582+0000: 9453.973: [GC 9453.973: [ParNew: 346555K->32174K(368640K), 0.0248790 secs] 2044282K->1729901K(12541952K), 0.0299140 secs] [Times: user=0.16 sys=0.00, real=0.03 secs] 
2011-03-01T03:39:12.855+0000: 9454.246: [CMS-concurrent-sweep: 28.120/29.261 secs] [Times: user=70.27 sys=14.48, real=29.26 secs] 
2011-03-01T03:39:12.855+0000: 9454.246: [CMS-concurrent-reset-start]
2011-03-01T03:39:12.884+0000: 9454.275: [CMS-concurrent-reset: 0.029/0.029 secs] [Times: user=0.04 sys=0.00, real=0.03 secs] 
2011-03-01T03:39:14.490+0000: 9455.882: [GC 9455.882: [ParNew: 359854K->32953K(368640K), 0.0376730 secs] 1912774K->1595015K(12541952K), 0.0380460 secs] [Times: user=0.32 sys=0.00, real=0.04 secs] 
2011-03-01T03:39:16.694+0000: 9458.086: [GC 9458.086: [ParNew: 360633K->32502K(368640K), 0.0368070 secs] 1922695K->1602598K(12541952K), 0.0371840 secs] [Times: user=0.25 sys=0.00, real=0.03 secs] 
2011-03-01T03:39:18.345+0000: 9459.736: [GC 9459.737: [ParNew: 360182K->13114K(368640K), 0.0403650 secs] 1930278K->1596953K(12541952K), 0.0407360 secs] [Times: user=0.30 sys=0.00, real=0.04 secs] 
2011-03-01T03:39:20.051+0000: 9461.442: [GC 9461.443: [ParNew: 340794K->28796K(368640K), 0.0339710 secs] 1924633K->1612636K(12541952K), 0.0343340 secs] [Times: user=0.32 sys=0.00, real=0.04 secs] 
2011-03-01T03:39:21.596+0000: 9462.987: [GC 9462.987: [ParNew: 356476K->22714K(368640K), 0.0419820 secs] 1940316K->1618194K(12541952K), 0.0423420 secs] [Times: user=0.32 sys=0.00, real=0.04 secs] 
2011-03-01T03:39:22.856+0000: 9464.247: [GC 9464.247: [ParNew: 350394K->34721K(368640K), 0.0310750 secs] 1945874K->1630201K(12541952K), 0.0314360 secs] [Times: user=0.24 sys=0.00, real=0.03 secs] 
2011-03-01T03:39:24.165+0000: 9465.557: [GC 9465.557: [ParNew: 362401K->32110K(368640K), 0.0394260 secs] 1957881K->1633631K(12541952K), 0.0397910 secs] [Times: user=0.29 sys=0.01, real=0.04 secs] 
2011-03-01T03:39:25.650+0000: 9467.042: [GC 9467.042: [ParNew: 359790K->40477K(368640K), 0.0403400 secs] 1961311K->1650202K(12541952K), 0.0407000 secs] [Times: user=0.32 sys=0.00, real=0.04 secs] 
2011-03-01T03:39:27.888+0000: 9469.279: [GC 9469.279: [ParNew: 368157K->32993K(368640K), 0.0397410 secs] 1977882K->1650704K(12541952K), 0.0401070 secs] [Times: user=0.32 sys=0.00, real=0.04 secs] 
2011-03-01T03:39:30.248+0000: 9471.639: [GC 9471.640: [ParNew: 360673K->26431K(368640K), 0.0358990 secs] 1978384K->1652451K(12541952K), 0.0362750 secs] [Times: user=0.27 sys=0.00, real=0.04 secs] 
2011-03-01T03:39:31.482+0000: 9472.873: [GC 9472.873: [ParNew: 354111K->40960K(368640K), 0.0459270 secs] 1980131K->1689547K(12541952K), 0.0463190 secs] [Times: user=0.38 sys=0.00, real=0.05 secs] 
2011-03-01T03:39:32.849+0000: 9474.241: [GC 9474.241: [ParNew: 368640K->33294K(368640K), 0.0363750 secs] 2017227K->1689946K(12541952K), 0.0367500 secs] [Times: user=0.31 sys=0.01, real=0.04 secs] 
2011-03-01T03:39:34.216+0000: 9475.607: [GC 9475.607: [ParNew: 360974K->36972K(368640K), 0.0404860 secs] 2017626K->1703107K(12541952K), 0.0408470 secs] [Times: user=0.32 sys=0.00, real=0.04 secs] 
2011-03-01T03:39:35.167+0000: 9476.559: [GC 9476.559: [ParNew: 364652K->40960K(368640K), 0.0655200 secs] 2030787K->1722795K(12541952K), 0.0658820 secs] [Times: user=0.36 sys=0.01, real=0.07 secs] 
2011-03-01T03:39:35.661+0000: 9477.052: [GC 9477.052: [ParNew: 368640K->36509K(368640K), 0.0494010 secs] 2050475K->1736483K(12541952K), 0.0498900 secs] [Times: user=0.38 sys=0.00, real=0.05 secs] 
2011-03-01T03:39:36.133+0000: 9477.524: [GC 9477.525: [ParNew: 364189K->40960K(368640K), 0.0449050 secs] 2064163K->1753910K(12541952K), 0.0453970 secs] [Times: user=0.35 sys=0.00, real=0.04 secs] 
2011-03-01T03:39:36.441+0000: 9477.832: [GC 9477.832: [ParNew: 368640K->40960K(368640K), 0.0483660 secs] 2081590K->1764747K(12541952K), 0.0488520 secs] [Times: user=0.40 sys=0.00, real=0.05 secs] 
2011-03-01T03:39:36.755+0000: 9478.146: [GC 9478.146: [ParNew: 368640K->40960K(368640K), 0.0439350 secs] 2092427K->1774155K(12541952K), 0.0444140 secs] [Times: user=0.33 sys=0.00, real=0.04 secs] 
2011-03-01T03:39:37.128+0000: 9478.519: [GC 9478.519: [ParNew: 368640K->40960K(368640K), 0.0604510 secs] 2101835K->1786446K(12541952K), 0.0608530 secs] [Times: user=0.44 sys=0.00, real=0.06 secs] 
2011-03-01T03:39:37.416+0000: 9478.808: [GC 9478.808: [ParNew: 368640K->40960K(368640K), 0.0578100 secs] 2114129K->1800753K(12541952K), 0.0581930 secs] [Times: user=0.41 sys=0.00, real=0.06 secs] 
2011-03-01T03:39:37.755+0000: 9479.146: [GC 9479.146: [ParNew: 368640K->40960K(368640K), 0.0485790 secs] 2128433K->1814168K(12541952K), 0.0489470 secs] [Times: user=0.32 sys=0.00, real=0.05 secs] 
2011-03-01T03:39:38.212+0000: 9479.603: [GC 9479.604: [ParNew: 368640K->31338K(368640K), 0.0449920 secs] 2141848K->1816483K(12541952K), 0.0453550 secs] [Times: user=0.35 sys=0.01, real=0.04 secs] 
2011-03-01T03:39:38.708+0000: 9480.100: [GC 9480.100: [ParNew: 359018K->31706K(368640K), 0.0371750 secs] 2144163K->1824778K(12541952K), 0.0375400 secs] [Times: user=0.25 sys=0.00, real=0.04 secs] 
2011-03-01T03:39:39.729+0000: 9481.120: [GC 9481.120: [ParNew: 359386K->23978K(368640K), 0.0371700 secs] 2152458K->1825542K(12541952K), 0.0375340 secs] [Times: user=0.25 sys=0.00, real=0.04 secs] 
2011-03-01T03:39:41.100+0000: 9482.491: [GC 9482.491: [ParNew: 351658K->10993K(368640K), 0.0348340 secs] 2153222K->1820858K(12541952K), 0.0351940 secs] [Times: user=0.26 sys=0.00, real=0.04 secs] 
2011-03-01T03:39:42.538+0000: 9483.929: [GC 9483.929: [ParNew: 338673K->30019K(368640K), 0.0301600 secs] 2148538K->1839885K(12541952K), 0.0305260 secs] [Times: user=0.24 sys=0.01, real=0.03 secs] 
2011-03-01T03:39:44.227+0000: 9485.618: [GC 9485.619: [ParNew: 352543K->36346K(368640K), 0.0382800 secs] 2162408K->1854417K(12541952K), 0.0386470 secs] [Times: user=0.26 sys=0.00, real=0.04 secs] 
2011-03-01T03:39:44.608+0000: 9485.999: [GC 9486.000: [ParNew: 364026K->22841K(368640K), 0.0553830 secs] 2182097K->1923913K(12541952K), 0.0557480 secs] [Times: user=0.40 sys=0.00, real=0.06 secs] 
2011-03-01T03:39:45.193+0000: 9486.584: [GC 9486.584: [ParNew: 350521K->40960K(368640K), 0.0390870 secs] 2251593K->1942032K(12541952K), 0.0394440 secs] [Times: user=0.27 sys=0.00, real=0.04 secs] 
2011-03-01T03:39:45.843+0000: 9487.235: [GC 9487.235: [ParNew: 368640K->19999K(368640K), 0.0590390 secs] 2269712K->1944223K(12541952K), 0.0594020 secs] [Times: user=0.43 sys=0.00, real=0.06 secs] 
2011-03-01T03:39:46.509+0000: 9487.900: [GC 9487.900: [ParNew: 347679K->34823K(368640K), 0.0359750 secs] 2271903K->1959046K(12541952K), 0.0363470 secs] [Times: user=0.32 sys=0.00, real=0.04 secs] 
2011-03-01T03:39:47.106+0000: 9488.497: [GC 9488.497: [ParNew: 362503K->34655K(368640K), 0.0454220 secs] 2286726K->1964986K(12541952K), 0.0457820 secs] [Times: user=0.32 sys=0.00, real=0.04 secs] 
2011-03-01T03:39:47.715+0000: 9489.106: [GC 9489.106: [ParNew: 362335K->26841K(368640K), 0.0423710 secs] 2292666K->1963531K(12541952K), 0.0427280 secs] [Times: user=0.32 sys=0.00, real=0.04 secs] 
2011-03-01T03:39:48.501+0000: 9489.892: [GC 9489.893: [ParNew: 354521K->27092K(368640K), 0.0479620 secs] 2291211K->1968242K(12541952K), 0.0483210 secs] [Times: user=0.39 sys=0.00, real=0.05 secs] 
2011-03-01T03:39:49.113+0000: 9490.505: [GC 9490.505: [ParNew: 354772K->35571K(368640K), 0.0496820 secs] 2295922K->1983470K(12541952K), 0.0500450 secs] [Times: user=0.34 sys=0.00, real=0.05 secs] 
2011-03-01T03:39:50.101+0000: 9491.492: [GC 9491.492: [ParNew: 363251K->31529K(368640K), 0.0738310 secs] 2311150K->2058153K(12541952K), 0.0741950 secs] [Times: user=0.56 sys=0.00, real=0.08 secs] 
2011-03-01T03:39:50.892+0000: 9492.283: [GC 9492.284: [ParNew: 359209K->12237K(368640K), 0.0512020 secs] 2385833K->2058118K(12541952K), 0.0515590 secs] [Times: user=0.37 sys=0.00, real=0.05 secs] 
2011-03-01T03:39:51.643+0000: 9493.034: [GC 9493.034: [ParNew: 339917K->27144K(368640K), 0.0325500 secs] 2385798K->2073026K(12541952K), 0.0329260 secs] [Times: user=0.28 sys=0.00, real=0.03 secs] 
2011-03-01T03:39:52.443+0000: 9493.834: [GC 9493.834: [ParNew: 354824K->26519K(368640K), 0.0436170 secs] 2400706K->2078227K(12541952K), 0.0439740 secs] [Times: user=0.29 sys=0.01, real=0.04 secs] 
2011-03-01T03:39:53.208+0000: 9494.599: [GC 9494.599: [ParNew: 354199K->25866K(368640K), 0.0442010 secs] 2405907K->2084891K(12541952K), 0.0445570 secs] [Times: user=0.31 sys=0.01, real=0.05 secs] 
2011-03-01T03:39:54.217+0000: 9495.608: [GC 9495.609: [ParNew: 353546K->30202K(368640K), 0.0513340 secs] 2412571K->2093662K(12541952K), 0.0518240 secs] [Times: user=0.40 sys=0.00, real=0.05 secs] 
2011-03-01T03:39:55.120+0000: 9496.512: [GC 9496.512: [ParNew: 357882K->18752K(368640K), 0.0465970 secs] 2421342K->2089750K(12541952K), 0.0470340 secs] [Times: user=0.36 sys=0.00, real=0.05 secs] 
2011-03-01T03:39:55.734+0000: 9497.125: [GC 9497.125: [ParNew: 346431K->36475K(368640K), 0.0325670 secs] 2417430K->2107474K(12541952K), 0.0329430 secs] [Times: user=0.25 sys=0.00, real=0.03 secs] 
2011-03-01T03:39:56.345+0000: 9497.736: [GC 9497.736: [ParNew: 364155K->24187K(368640K), 0.0496230 secs] 2435154K->2106612K(12541952K), 0.0500130 secs] [Times: user=0.33 sys=0.01, real=0.05 secs] 
2011-03-01T03:39:57.186+0000: 9498.577: [GC 9498.577: [ParNew: 351867K->35844K(368640K), 0.0364780 secs] 2434292K->2125544K(12541952K), 0.0368610 secs] [Times: user=0.24 sys=0.00, real=0.04 secs] 
2011-03-01T03:39:57.815+0000: 9499.206: [GC 9499.207: [ParNew: 363524K->15358K(368640K), 0.0497590 secs] 2453224K->2119498K(12541952K), 0.0501360 secs] [Times: user=0.26 sys=0.00, real=0.05 secs] 
2011-03-01T03:39:58.131+0000: 9499.522: [GC 9499.522: [ParNew: 342980K->29986K(368640K), 0.0421160 secs] 2447119K->2199661K(12541952K), 0.0424900 secs] [Times: user=0.35 sys=0.00, real=0.05 secs] 
2011-03-01T03:39:58.571+0000: 9499.962: [GC 9499.962: [ParNew: 357666K->9862K(368640K), 0.0545860 secs] 2527341K->2203473K(12541952K), 0.0549820 secs] [Times: user=0.33 sys=0.00, real=0.06 secs] 
2011-03-01T03:39:58.982+0000: 9500.373: [GC 9500.374: [ParNew: 337499K->22053K(368640K), 0.0363240 secs] 2531110K->2215664K(12541952K), 0.0366950 secs] [Times: user=0.26 sys=0.00, real=0.03 secs] 
2011-03-01T03:39:59.425+0000: 9500.816: [GC 9500.816: [ParNew: 349721K->32362K(368640K), 0.0413430 secs] 2543332K->2225973K(12541952K), 0.0417370 secs] [Times: user=0.32 sys=0.01, real=0.04 secs] 
2011-03-01T03:39:59.866+0000: 9501.257: [GC 9501.258: [ParNew: 360040K->18938K(368640K), 0.0716920 secs] 2553651K->2225655K(12541952K), 0.0720720 secs] [Times: user=0.40 sys=0.01, real=0.07 secs] 
2011-03-01T03:40:00.310+0000: 9501.701: [GC 9501.701: [ParNew: 346618K->38358K(368640K), 0.0381660 secs] 2553335K->2245074K(12541952K), 0.0385430 secs] [Times: user=0.32 sys=0.00, real=0.04 secs] 
2011-03-01T03:40:00.633+0000: 9502.024: [GC 9502.024: [ParNew: 366215K->40960K(368640K), 0.0986610 secs] 2572931K->2267535K(12541952K), 0.0990310 secs] [Times: user=0.53 sys=0.01, real=0.10 secs] 
2011-03-01T03:40:00.734+0000: 9502.126: [GC 9502.126: [ParNew: 41033K->15212K(368640K), 0.0605170 secs] 2267609K->2277890K(12541952K), 0.0608240 secs] [Times: user=0.35 sys=0.00, real=0.06 secs] 
2011-03-01T03:40:01.322+0000: 9502.713: [GC 9502.714: [ParNew: 342892K->14590K(368640K), 0.0265180 secs] 2605570K->2277268K(12541952K), 0.0268810 secs] [Times: user=0.22 sys=0.00, real=0.02 secs] 
2011-03-01T03:40:02.081+0000: 9503.472: [GC 9503.473: [ParNew: 342270K->19182K(368640K), 0.0467020 secs] 2604948K->2281860K(12541952K), 0.0470610 secs] [Times: user=0.39 sys=0.00, real=0.05 secs] 
2011-03-01T03:40:03.214+0000: 9504.605: [GC 9504.605: [ParNew: 346862K->40960K(368640K), 0.0526180 secs] 2609540K->2303945K(12541952K), 0.0529790 secs] [Times: user=0.40 sys=0.03, real=0.05 secs] 
2011-03-01T03:40:05.707+0000: 9507.098: [GC 9507.098: [ParNew: 368634K->24996K(368640K), 0.0936370 secs] 2631620K->2315209K(12541952K), 0.0940150 secs] [Times: user=0.52 sys=0.00, real=0.09 secs] 
2011-03-01T03:40:07.624+0000: 9509.015: [GC 9509.016: [ParNew: 352676K->25777K(368640K), 0.0608060 secs] 2642889K->2329654K(12541952K), 0.0611810 secs] [Times: user=0.34 sys=0.01, real=0.06 secs] 
2011-03-01T03:40:09.421+0000: 9510.812: [GC 9510.813: [ParNew: 353457K->21352K(368640K), 0.0533030 secs] 2657334K->2340628K(12541952K), 0.0536780 secs] [Times: user=0.39 sys=0.00, real=0.06 secs] 
2011-03-01T03:40:11.122+0000: 9512.513: [GC 9512.514: [ParNew: 349032K->20090K(368640K), 0.0493080 secs] 2668308K->2352983K(12541952K), 0.0496820 secs] [Times: user=0.37 sys=0.00, real=0.05 secs] 
2011-03-01T03:40:13.540+0000: 9514.931: [GC 9514.931: [ParNew: 347770K->35520K(368640K), 0.0379110 secs] 2680663K->2368412K(12541952K), 0.0382710 secs] [Times: user=0.32 sys=0.00, real=0.04 secs] 
2011-03-01T03:40:15.498+0000: 9516.889: [GC 9516.889: [ParNew: 363200K->40960K(368640K), 0.0580330 secs] 2696092K->2382801K(12541952K), 0.0584530 secs] [Times: user=0.41 sys=0.00, real=0.06 secs] 
2011-03-01T03:40:18.081+0000: 9519.472: [GC 9519.472: [ParNew: 368640K->25710K(368640K), 0.0693510 secs] 2710481K->2395884K(12541952K), 0.0697190 secs] [Times: user=0.49 sys=0.00, real=0.07 secs] 
2011-03-01T03:40:19.432+0000: 9520.823: [GC 9520.823: [ParNew: 353457K->40960K(368640K), 0.0525070 secs] 2723631K->2417795K(12541952K), 0.0528860 secs] [Times: user=0.39 sys=0.00, real=0.06 secs] 
2011-03-01T03:40:19.488+0000: 9520.879: [GC 9520.879: [ParNew: 41984K->19696K(368640K), 0.0536540 secs] 2418820K->2425387K(12541952K), 0.0539700 secs] [Times: user=0.33 sys=0.00, real=0.05 secs] 
2011-03-01T03:40:20.723+0000: 9522.114: [GC 9522.114: [ParNew: 347376K->21106K(368640K), 0.0343770 secs] 2753067K->2426797K(12541952K), 0.0347400 secs] [Times: user=0.28 sys=0.00, real=0.03 secs] 
2011-03-01T03:40:21.981+0000: 9523.373: [GC 9523.373: [ParNew: 348786K->40960K(368640K), 0.0532920 secs] 2754477K->2461944K(12541952K), 0.0536620 secs] [Times: user=0.39 sys=0.00, real=0.06 secs] 
2011-03-01T03:40:23.305+0000: 9524.696: [GC 9524.697: [ParNew: 368640K->30319K(368640K), 0.0602260 secs] 2789624K->2471623K(12541952K), 0.0607210 secs] [Times: user=0.41 sys=0.00, real=0.06 secs] 
2011-03-01T03:40:24.651+0000: 9526.042: [GC 9526.042: [ParNew: 357999K->38263K(368640K), 0.0535210 secs] 2799303K->2493083K(12541952K), 0.0540150 secs] [Times: user=0.41 sys=0.00, real=0.06 secs] 
2011-03-01T03:40:26.265+0000: 9527.656: [GC 9527.657: [ParNew: 365826K->23947K(368640K), 0.0503210 secs] 2820646K->2497170K(12541952K), 0.0508110 secs] [Times: user=0.33 sys=0.00, real=0.05 secs] 
2011-03-01T03:40:28.375+0000: 9529.767: [GC 9529.767: [ParNew: 351627K->40960K(368640K), 0.0432900 secs] 2824850K->2514383K(12541952K), 0.0437810 secs] [Times: user=0.31 sys=0.00, real=0.04 secs] 
2011-03-01T03:40:30.480+0000: 9531.871: [GC 9531.871: [ParNew: 368640K->28879K(368640K), 0.0637060 secs] 2842063K->2532743K(12541952K), 0.0642020 secs] [Times: user=0.48 sys=0.00, real=0.07 secs] 
2011-03-01T03:40:31.817+0000: 9533.209: [GC 9533.209: [ParNew: 356559K->40960K(368640K), 0.0441560 secs] 2860423K->2547555K(12541952K), 0.0446540 secs] [Times: user=0.32 sys=0.00, real=0.05 secs] 
2011-03-01T03:40:33.112+0000: 9534.503: [GC 9534.503: [ParNew: 368640K->24399K(368640K), 0.0642700 secs] 2875235K->2557024K(12541952K), 0.0647600 secs] [Times: user=0.45 sys=0.01, real=0.07 secs] 
2011-03-01T03:40:34.400+0000: 9535.792: [GC 9535.792: [ParNew: 352079K->40960K(368640K), 0.0428810 secs] 2884704K->2573584K(12541952K), 0.0433030 secs] [Times: user=0.35 sys=0.01, real=0.05 secs] 
2011-03-01T03:40:35.284+0000: 9536.676: [GC 9536.676: [ParNew: 368640K->40960K(368640K), 0.0948110 secs] 2901264K->2606607K(12541952K), 0.0952060 secs] [Times: user=0.59 sys=0.00, real=0.09 secs] 
2011-03-01T03:40:35.927+0000: 9537.318: [GC 9537.318: [ParNew: 368640K->40960K(368640K), 0.0739050 secs] 2934287K->2626167K(12541952K), 0.0742700 secs] [Times: user=0.52 sys=0.00, real=0.07 secs] 
2011-03-01T03:40:36.325+0000: 9537.716: [GC 9537.717: [ParNew: 368640K->40960K(368640K), 0.0655430 secs] 2953847K->2645963K(12541952K), 0.0658950 secs] [Times: user=0.45 sys=0.00, real=0.06 secs] 
2011-03-01T03:40:36.655+0000: 9538.046: [GC 9538.047: [ParNew: 368640K->40960K(368640K), 0.0749140 secs] 2973643K->2676250K(12541952K), 0.0752820 secs] [Times: user=0.48 sys=0.02, real=0.07 secs] 
2011-03-01T03:40:37.154+0000: 9538.545: [GC 9538.545: [ParNew: 368640K->40960K(368640K), 0.0622340 secs] 3003930K->2699419K(12541952K), 0.0626000 secs] [Times: user=0.41 sys=0.00, real=0.06 secs] 
2011-03-01T03:40:37.523+0000: 9538.914: [GC 9538.915: [ParNew: 368640K->40960K(368640K), 0.0836930 secs] 3027121K->2731277K(12541952K), 0.0840640 secs] [Times: user=0.58 sys=0.01, real=0.08 secs] 
2011-03-01T03:40:37.841+0000: 9539.232: [GC 9539.232: [ParNew: 368640K->40960K(368640K), 0.0835080 secs] 3058957K->2759774K(12541952K), 0.0838850 secs] [Times: user=0.60 sys=0.00, real=0.09 secs] 
2011-03-01T03:40:38.115+0000: 9539.507: [GC 9539.507: [ParNew: 368640K->40960K(368640K), 0.1042680 secs] 3087454K->2823683K(12541952K), 0.1046370 secs] [Times: user=0.69 sys=0.03, real=0.10 secs] 
2011-03-01T03:40:38.545+0000: 9539.936: [GC 9539.936: [ParNew: 368640K->38550K(368640K), 0.0501820 secs] 3151363K->2838301K(12541952K), 0.0505670 secs] [Times: user=0.31 sys=0.01, real=0.05 secs] 
2011-03-01T03:40:39.196+0000: 9540.588: [GC 9540.588: [ParNew: 366230K->37439K(368640K), 0.0535360 secs] 3165981K->2856438K(12541952K), 0.0539020 secs] [Times: user=0.41 sys=0.00, real=0.05 secs] 
2011-03-01T03:40:40.172+0000: 9541.563: [GC 9541.564: [ParNew: 365119K->28676K(368640K), 0.0487870 secs] 3184118K->2866304K(12541952K), 0.0491540 secs] [Times: user=0.38 sys=0.00, real=0.04 secs] 
2011-03-01T03:40:41.463+0000: 9542.855: [GC 9542.855: [ParNew: 356356K->30970K(368640K), 0.0466250 secs] 3193984K->2884730K(12541952K), 0.0470770 secs] [Times: user=0.34 sys=0.00, real=0.04 secs] 
2011-03-01T03:40:42.885+0000: 9544.276: [GC 9544.277: [ParNew: 358650K->23409K(368640K), 0.0520120 secs] 3212410K->2896378K(12541952K), 0.0525040 secs] [Times: user=0.38 sys=0.01, real=0.05 secs] 
2011-03-01T03:40:44.238+0000: 9545.630: [GC 9545.630: [ParNew: 351089K->40960K(368640K), 0.0410890 secs] 3224058K->2915263K(12541952K), 0.0415780 secs] [Times: user=0.31 sys=0.00, real=0.04 secs] 
2011-03-01T03:40:45.623+0000: 9547.014: [GC 9547.015: [ParNew: 368640K->30589K(368640K), 0.0690240 secs] 3242943K->2935355K(12541952K), 0.0695620 secs] [Times: user=0.52 sys=0.00, real=0.07 secs] 
2011-03-01T03:40:46.937+0000: 9548.328: [GC 9548.329: [ParNew: 358269K->40960K(368640K), 0.0371010 secs] 3263035K->2945725K(12541952K), 0.0376190 secs] [Times: user=0.31 sys=0.00, real=0.04 secs] 
2011-03-01T03:40:48.399+0000: 9549.791: [GC 9549.791: [ParNew: 368640K->26094K(368640K), 0.0533860 secs] 3273405K->2956938K(12541952K), 0.0538760 secs] [Times: user=0.39 sys=0.00, real=0.06 secs] 
2011-03-01T03:40:50.631+0000: 9552.022: [GC 9552.022: [ParNew: 353774K->35465K(368640K), 0.0325630 secs] 3284618K->2966309K(12541952K), 0.0366840 secs] [Times: user=0.24 sys=0.00, real=0.04 secs] 
2011-03-01T03:40:52.975+0000: 9554.366: [GC 9554.366: [ParNew: 363145K->22820K(368640K), 0.0503660 secs] 3293989K->2976016K(12541952K), 0.0508720 secs] [Times: user=0.33 sys=0.01, real=0.05 secs] 
2011-03-01T03:40:54.638+0000: 9556.029: [GC 9556.030: [ParNew: 350453K->10422K(368640K), 0.0371810 secs] 3303649K->2972850K(12541952K), 0.0376940 secs] [Times: user=0.28 sys=0.00, real=0.04 secs] 
2011-03-01T03:40:55.331+0000: 9556.722: [GC 9556.722: [ParNew: 338098K->29431K(368640K), 0.0320970 secs] 3300526K->2991858K(12541952K), 0.0325970 secs] [Times: user=0.24 sys=0.01, real=0.04 secs] 
2011-03-01T03:40:55.986+0000: 9557.378: [GC 9557.378: [ParNew: 357111K->21768K(368640K), 0.0401900 secs] 3319538K->2996443K(12541952K), 0.0406990 secs] [Times: user=0.29 sys=0.00, real=0.04 secs] 
2011-03-01T03:40:56.596+0000: 9557.988: [GC 9557.988: [ParNew: 349448K->21117K(368640K), 0.0279850 secs] 3324123K->2995792K(12541952K), 0.0284920 secs] [Times: user=0.21 sys=0.00, real=0.03 secs] 
2011-03-01T03:40:57.361+0000: 9558.753: [GC 9558.753: [ParNew: 348797K->27070K(368640K), 0.0328900 secs] 3323472K->3001745K(12541952K), 0.0333940 secs] [Times: user=0.29 sys=0.00, real=0.04 secs] 
2011-03-01T03:40:58.047+0000: 9559.438: [GC 9559.438: [ParNew: 354750K->34665K(368640K), 0.0374530 secs] 3329425K->3014335K(12541952K), 0.0379680 secs] [Times: user=0.26 sys=0.00, real=0.04 secs] 
2011-03-01T03:40:58.722+0000: 9560.114: [GC 9560.114: [ParNew: 362345K->27832K(368640K), 0.0480800 secs] 3342015K->3023704K(12541952K), 0.0485970 secs] [Times: user=0.38 sys=0.00, real=0.04 secs] 
2011-03-01T03:41:00.078+0000: 9561.469: [GC 9561.469: [ParNew: 355512K->40960K(368640K), 0.0302240 secs] 3351384K->3036847K(12541952K), 0.0307370 secs] [Times: user=0.24 sys=0.00, real=0.03 secs] 
2011-03-01T03:41:00.849+0000: 9562.240: [GC 9562.240: [ParNew: 368630K->40960K(368640K), 0.0356870 secs] 3364517K->3043374K(12541952K), 0.0361940 secs] [Times: user=0.29 sys=0.00, real=0.04 secs] 
2011-03-01T03:41:01.201+0000: 9562.593: [GC 9562.593: [ParNew: 368640K->35685K(368640K), 0.0406660 secs] 3371054K->3048250K(12541952K), 0.0411750 secs] [Times: user=0.31 sys=0.00, real=0.05 secs] 
2011-03-01T03:41:01.953+0000: 9563.344: [GC 9563.345: [ParNew: 363320K->40756K(368640K), 0.0334020 secs] 3375885K->3059032K(12541952K), 0.0339080 secs] [Times: user=0.25 sys=0.01, real=0.03 secs] 
2011-03-01T03:41:04.370+0000: 9565.761: [GC 9565.761: [ParNew: 368436K->9224K(368640K), 0.0330290 secs] 3386712K->3034602K(12541952K), 0.0335350 secs] [Times: user=0.25 sys=0.00, real=0.04 secs] 
2011-03-01T03:41:06.054+0000: 9567.445: [GC 9567.446: [ParNew: 336904K->26560K(368640K), 0.0322810 secs] 3362282K->3051938K(12541952K), 0.0327880 secs] [Times: user=0.25 sys=0.00, real=0.05 secs] 
2011-03-01T03:41:08.188+0000: 9569.579: [GC 9569.580: [ParNew: 354240K->40631K(368640K), 0.0369160 secs] 3379618K->3073555K(12541952K), 0.0374240 secs] [Times: user=0.29 sys=0.00, real=0.04 secs] 
2011-03-01T03:41:10.243+0000: 9571.634: [GC 9571.635: [ParNew: 368311K->8997K(368640K), 0.0420210 secs] 3401235K->3054045K(12541952K), 0.0425090 secs] [Times: user=0.28 sys=0.00, real=0.04 secs] 
2011-03-01T03:41:12.200+0000: 9573.592: [GC 9573.592: [ParNew: 336677K->27454K(368640K), 0.0333420 secs] 3381725K->3072502K(12541952K), 0.0338540 secs] [Times: user=0.29 sys=0.00, real=0.04 secs] 
2011-03-01T03:41:14.350+0000: 9575.741: [GC 9575.741: [ParNew: 355134K->21248K(368640K), 0.0390480 secs] 3400182K->3077570K(12541952K), 0.0395470 secs] [Times: user=0.32 sys=0.00, real=0.04 secs] 
2011-03-01T03:41:16.805+0000: 9578.196: [GC 9578.196: [ParNew: 348928K->28183K(368640K), 0.0329470 secs] 3405250K->3084506K(12541952K), 0.0334480 secs] [Times: user=0.24 sys=0.00, real=0.03 secs] 
2011-03-01T03:41:18.821+0000: 9580.213: [GC 9580.213: [ParNew: 355863K->40960K(368640K), 0.0398970 secs] 3412186K->3106461K(12541952K), 0.0403870 secs] [Times: user=0.30 sys=0.00, real=0.04 secs] 
2011-03-01T03:41:20.302+0000: 9581.693: [GC 9581.693: [ParNew: 368640K->23015K(368640K), 0.0409540 secs] 3434141K->3101886K(12541952K), 0.0414630 secs] [Times: user=0.30 sys=0.00, real=0.05 secs] 
2011-03-01T03:41:21.774+0000: 9583.165: [GC 9583.165: [ParNew: 350695K->40960K(368640K), 0.0471990 secs] 3429566K->3125828K(12541952K), 0.0476620 secs] [Times: user=0.33 sys=0.00, real=0.04 secs] 
2011-03-01T03:41:22.985+0000: 9584.376: [GC 9584.377: [ParNew: 368640K->22960K(368640K), 0.0592270 secs] 3453508K->3137715K(12541952K), 0.0596920 secs] [Times: user=0.41 sys=0.00, real=0.06 secs] 
2011-03-01T03:41:24.577+0000: 9585.969: [GC 9585.969: [ParNew: 350640K->31286K(368640K), 0.0333820 secs] 3465395K->3146040K(12541952K), 0.0404700 secs] [Times: user=0.24 sys=0.00, real=0.04 secs] 
2011-03-01T03:41:25.898+0000: 9587.289: [GC 9587.289: [ParNew: 358966K->26965K(368640K), 0.0439550 secs] 3473720K->3156149K(12541952K), 0.0445320 secs] [Times: user=0.32 sys=0.01, real=0.05 secs] 
2011-03-01T03:41:28.196+0000: 9589.587: [GC 9589.587: [ParNew: 354645K->34689K(368640K), 0.0355710 secs] 3483829K->3170141K(12541952K), 0.0361150 secs] [Times: user=0.24 sys=0.01, real=0.04 secs] 
2011-03-01T03:41:30.424+0000: 9591.815: [GC 9591.816: [ParNew: 362369K->10720K(368640K), 0.0338850 secs] 3497821K->3154231K(12541952K), 0.0343810 secs] [Times: user=0.23 sys=0.00, real=0.03 secs] 
2011-03-01T03:41:31.612+0000: 9593.003: [GC 9593.004: [ParNew: 338400K->34771K(368640K), 0.0340340 secs] 3481911K->3178282K(12541952K), 0.0345220 secs] [Times: user=0.28 sys=0.01, real=0.03 secs] 
2011-03-01T03:41:33.135+0000: 9594.527: [GC 9594.527: [ParNew: 362451K->40960K(368640K), 0.0410500 secs] 3505962K->3191521K(12541952K), 0.0415390 secs] [Times: user=0.31 sys=0.00, real=0.04 secs] 
2011-03-01T03:41:34.333+0000: 9595.724: [GC 9595.725: [ParNew: 368640K->40253K(368640K), 0.0397690 secs] 3519201K->3198727K(12541952K), 0.0402630 secs] [Times: user=0.26 sys=0.01, real=0.04 secs] 
2011-03-01T03:41:35.688+0000: 9597.080: [GC 9597.080: [ParNew: 367933K->40960K(368640K), 0.0423660 secs] 3526407K->3208122K(12541952K), 0.0428540 secs] [Times: user=0.32 sys=0.00, real=0.04 secs] 
2011-03-01T03:41:36.104+0000: 9597.495: [GC 9597.495: [ParNew: 368640K->40960K(368640K), 0.0585780 secs] 3535802K->3230957K(12541952K), 0.0590650 secs] [Times: user=0.41 sys=0.00, real=0.06 secs] 
2011-03-01T03:41:36.551+0000: 9597.943: [GC 9597.943: [ParNew: 368640K->22402K(368640K), 0.0460080 secs] 3558637K->3226017K(12541952K), 0.0463740 secs] [Times: user=0.39 sys=0.01, real=0.05 secs] 
2011-03-01T03:41:37.108+0000: 9598.499: [GC 9598.500: [ParNew: 350082K->40960K(368640K), 0.0822830 secs] 3553697K->3271310K(12541952K), 0.0826510 secs] [Times: user=0.62 sys=0.00, real=0.08 secs] 
2011-03-01T03:41:37.385+0000: 9598.777: [GC 9598.777: [ParNew: 368640K->40960K(368640K), 0.0778920 secs] 3598990K->3302279K(12541952K), 0.0782640 secs] [Times: user=0.54 sys=0.00, real=0.08 secs] 
2011-03-01T03:41:37.793+0000: 9599.184: [GC 9599.184: [ParNew: 368640K->27443K(368640K), 0.0447420 secs] 3629959K->3305841K(12541952K), 0.0451100 secs] [Times: user=0.31 sys=0.02, real=0.04 secs] 
2011-03-01T03:41:38.132+0000: 9599.523: [GC 9599.524: [ParNew: 355122K->40960K(368640K), 0.0464180 secs] 3633519K->3321077K(12541952K), 0.0467800 secs] [Times: user=0.39 sys=0.00, real=0.04 secs] 
2011-03-01T03:41:38.543+0000: 9599.934: [GC 9599.934: [ParNew: 368640K->40960K(368640K), 0.0608600 secs] 3648757K->3347147K(12541952K), 0.0612280 secs] [Times: user=0.44 sys=0.00, real=0.06 secs] 
2011-03-01T03:41:39.316+0000: 9600.707: [GC 9600.707: [ParNew: 368640K->33266K(368640K), 0.0421240 secs] 3674827K->3349071K(12541952K), 0.0424910 secs] [Times: user=0.31 sys=0.00, real=0.04 secs] 
2011-03-01T03:41:39.726+0000: 9601.117: [GC 9601.118: [ParNew: 360946K->18576K(368640K), 0.0345610 secs] 3676751K->3347500K(12541952K), 0.0349360 secs] [Times: user=0.23 sys=0.00, real=0.03 secs] 
2011-03-01T03:41:40.198+0000: 9601.589: [GC 9601.590: [ParNew: 346256K->40960K(368640K), 0.0282580 secs] 3675180K->3370048K(12541952K), 0.0286410 secs] [Times: user=0.24 sys=0.00, real=0.03 secs] 
2011-03-01T03:41:41.221+0000: 9602.612: [GC 9602.612: [ParNew: 368640K->26358K(368640K), 0.0330050 secs] 3697728K->3369621K(12541952K), 0.0333750 secs] [Times: user=0.23 sys=0.01, real=0.04 secs] 
2011-03-01T03:41:42.458+0000: 9603.849: [GC 9603.850: [ParNew: 354038K->39069K(368640K), 0.0279400 secs] 3697301K->3382331K(12541952K), 0.0283040 secs] [Times: user=0.24 sys=0.00, real=0.03 secs] 
2011-03-01T03:41:43.871+0000: 9605.262: [GC 9605.262: [ParNew: 366749K->24055K(368640K), 0.0327840 secs] 3710011K->3380457K(12541952K), 0.0331470 secs] [Times: user=0.25 sys=0.00, real=0.04 secs] 
2011-03-01T03:41:45.264+0000: 9606.655: [GC 9606.655: [ParNew: 351772K->30569K(368640K), 0.0272910 secs] 3708174K->3392504K(12541952K), 0.0277840 secs] [Times: user=0.17 sys=0.00, real=0.02 secs] 
2011-03-01T03:41:45.298+0000: 9606.689: [GC 9606.689: [ParNew: 37895K->5816K(368640K), 0.0251070 secs] 3399831K->3377495K(12541952K), 0.0255630 secs] [Times: user=0.17 sys=0.00, real=0.03 secs] 
2011-03-01T03:41:46.407+0000: 9607.798: [GC 9607.799: [ParNew: 333496K->4937K(368640K), 0.0198730 secs] 3705175K->3376616K(12541952K), 0.0202340 secs] [Times: user=0.15 sys=0.01, real=0.02 secs] 
2011-03-01T03:41:47.868+0000: 9609.259: [GC 9609.259: [ParNew: 332617K->40960K(368640K), 0.0306880 secs] 3704296K->3416983K(12541952K), 0.0310490 secs] [Times: user=0.24 sys=0.00, real=0.03 secs] 
2011-03-01T03:41:49.010+0000: 9610.401: [GC 9610.401: [ParNew: 368640K->13137K(368640K), 0.0309410 secs] 3744663K->3400962K(12541952K), 0.0313070 secs] [Times: user=0.24 sys=0.00, real=0.03 secs] 
2011-03-01T03:41:50.250+0000: 9611.641: [GC 9611.641: [ParNew: 340817K->40004K(368640K), 0.0547730 secs] 3728642K->3444214K(12541952K), 0.0551350 secs] [Times: user=0.45 sys=0.00, real=0.06 secs] 
2011-03-01T03:41:52.520+0000: 9613.911: [GC 9613.912: [ParNew: 367684K->11210K(368640K), 0.0308950 secs] 3771894K->3432344K(12541952K), 0.0312630 secs] [Times: user=0.24 sys=0.00, real=0.03 secs] 
2011-03-01T03:41:54.389+0000: 9615.780: [GC 9615.780: [ParNew: 338890K->20067K(368640K), 0.0233370 secs] 3760024K->3441201K(12541952K), 0.0237130 secs] [Times: user=0.16 sys=0.00, real=0.03 secs] 
2011-03-01T03:41:55.185+0000: 9616.576: [GC 9616.576: [ParNew: 347747K->38918K(368640K), 0.0250940 secs] 3768881K->3460052K(12541952K), 0.0254710 secs] [Times: user=0.18 sys=0.00, real=0.02 secs] 
2011-03-01T03:41:55.795+0000: 9617.186: [GC 9617.186: [ParNew: 366541K->10413K(368640K), 0.0346990 secs] 3787675K->3446235K(12541952K), 0.0350740 secs] [Times: user=0.24 sys=0.01, real=0.03 secs] 
2011-03-01T03:41:56.511+0000: 9617.902: [GC 9617.902: [ParNew: 338093K->14163K(368640K), 0.0228330 secs] 3773915K->3449984K(12541952K), 0.0232150 secs] [Times: user=0.19 sys=0.00, real=0.03 secs] 
2011-03-01T03:41:57.181+0000: 9618.572: [GC 9618.572: [ParNew: 341843K->20334K(368640K), 0.0307530 secs] 3777664K->3456155K(12541952K), 0.0311220 secs] [Times: user=0.24 sys=0.00, real=0.03 secs] 
2011-03-01T03:41:57.854+0000: 9619.246: [GC 9619.246: [ParNew: 348014K->40960K(368640K), 0.0270310 secs] 3783835K->3477393K(12541952K), 0.0274060 secs] [Times: user=0.16 sys=0.00, real=0.02 secs] 
2011-03-01T03:41:58.834+0000: 9620.225: [GC 9620.225: [ParNew: 368640K->17095K(368640K), 0.0359180 secs] 3805073K->3469470K(12541952K), 0.0362960 secs] [Times: user=0.25 sys=0.00, real=0.04 secs] 
2011-03-01T03:41:59.530+0000: 9620.921: [GC 9620.921: [ParNew: 344775K->24510K(368640K), 0.0246640 secs] 3797150K->3476886K(12541952K), 0.0250410 secs] [Times: user=0.21 sys=0.00, real=0.03 secs] 
2011-03-01T03:42:00.133+0000: 9621.525: [GC 9621.525: [ParNew: 352179K->39033K(368640K), 0.0324380 secs] 3804554K->3497046K(12541952K), 0.0328170 secs] [Times: user=0.26 sys=0.01, real=0.03 secs] 
2011-03-01T03:42:00.670+0000: 9622.061: [GC 9622.061: [ParNew: 366713K->24902K(368640K), 0.0284240 secs] 3824726K->3487956K(12541952K), 0.0333260 secs] [Times: user=0.18 sys=0.00, real=0.04 secs] 
2011-03-01T03:42:01.254+0000: 9622.645: [GC 9622.645: [ParNew: 352818K->33834K(368640K), 0.0298770 secs] 3815872K->3501837K(12541952K), 0.0302480 secs] [Times: user=0.18 sys=0.00, real=0.03 secs] 
2011-03-01T03:42:01.287+0000: 9622.678: [GC 9622.678: [ParNew: 34098K->8101K(368640K), 0.0277220 secs] 3502101K->3490324K(12541952K), 0.0280310 secs] [Times: user=0.17 sys=0.00, real=0.03 secs] 
2011-03-01T03:42:03.030+0000: 9624.421: [GC 9624.421: [ParNew: 335781K->19206K(368640K), 0.0217190 secs] 3818004K->3501429K(12541952K), 0.0220960 secs] [Times: user=0.16 sys=0.00, real=0.03 secs] 
2011-03-01T03:42:05.200+0000: 9626.592: [GC 9626.592: [ParNew: 346886K->40960K(368640K), 0.0318910 secs] 3829109K->3528139K(12541952K), 0.0322620 secs] [Times: user=0.24 sys=0.00, real=0.04 secs] 
2011-03-01T03:42:06.982+0000: 9628.374: [GC 9628.374: [ParNew: 368640K->18884K(368640K), 0.0395500 secs] 3855819K->3518109K(12541952K), 0.0399240 secs] [Times: user=0.28 sys=0.00, real=0.05 secs] 
2011-03-01T03:42:08.718+0000: 9630.109: [GC 9630.109: [ParNew: 346564K->34040K(368640K), 0.0313980 secs] 3845789K->3533265K(12541952K), 0.0317670 secs] [Times: user=0.24 sys=0.00, real=0.03 secs] 
2011-03-01T03:42:10.488+0000: 9631.880: [GC 9631.880: [ParNew: 361720K->40960K(368640K), 0.0437870 secs] 3860945K->3546428K(12541952K), 0.0441650 secs] [Times: user=0.32 sys=0.00, real=0.05 secs] 
2011-03-01T03:42:12.157+0000: 9633.548: [GC 9633.549: [ParNew: 368640K->29881K(368640K), 0.0406980 secs] 3874108K->3541621K(12541952K), 0.0449490 secs] [Times: user=0.31 sys=0.00, real=0.05 secs] 
2011-03-01T03:42:14.351+0000: 9635.742: [GC 9635.743: [ParNew: 357561K->23650K(368640K), 0.0380650 secs] 3869301K->3543532K(12541952K), 0.0385570 secs] [Times: user=0.31 sys=0.01, real=0.04 secs] 
2011-03-01T03:42:16.412+0000: 9637.803: [GC 9637.803: [ParNew: 351330K->40960K(368640K), 0.0419720 secs] 3871212K->3566833K(12541952K), 0.0424770 secs] [Times: user=0.32 sys=0.01, real=0.05 secs] 
2011-03-01T03:42:19.308+0000: 9640.700: [GC 9640.700: [ParNew: 368640K->27713K(368640K), 0.0485330 secs] 3894513K->3569423K(12541952K), 0.0490350 secs] [Times: user=0.39 sys=0.00, real=0.05 secs] 
2011-03-01T03:42:20.825+0000: 9642.216: [GC 9642.216: [ParNew: 355393K->33570K(368640K), 0.0395800 secs] 3897103K->3582038K(12541952K), 0.0401990 secs] [Times: user=0.26 sys=0.00, real=0.04 secs] 
2011-03-01T03:42:21.411+0000: 9642.803: [GC 9642.803: [ParNew: 361250K->23435K(368640K), 0.0398210 secs] 3909718K->3581019K(12541952K), 0.0403170 secs] [Times: user=0.29 sys=0.00, real=0.04 secs] 
2011-03-01T03:42:22.458+0000: 9643.849: [GC 9643.849: [ParNew: 351115K->28833K(368640K), 0.0349010 secs] 3908699K->3586416K(12541952K), 0.0372350 secs] [Times: user=0.32 sys=0.00, real=0.04 secs] 
2011-03-01T03:42:23.827+0000: 9645.218: [GC 9645.219: [ParNew: 356513K->40960K(368640K), 0.0461520 secs] 3914096K->3610797K(12541952K), 0.0466390 secs] [Times: user=0.32 sys=0.00, real=0.05 secs] 
2011-03-01T03:42:25.162+0000: 9646.553: [GC 9646.553: [ParNew: 368640K->27194K(368640K), 0.0451610 secs] 3938477K->3612697K(12541952K), 0.0456650 secs] [Times: user=0.39 sys=0.01, real=0.05 secs] 
2011-03-01T03:42:26.804+0000: 9648.195: [GC 9648.195: [ParNew: 354874K->20529K(368640K), 0.0387570 secs] 3940377K->3613189K(12541952K), 0.0392200 secs] [Times: user=0.25 sys=0.00, real=0.04 secs] 
2011-03-01T03:42:29.179+0000: 9650.570: [GC 9650.570: [ParNew: 348209K->27445K(368640K), 0.0329040 secs] 3940869K->3620104K(12541952K), 0.0334020 secs] [Times: user=0.25 sys=0.00, real=0.03 secs] 
2011-03-01T03:42:30.887+0000: 9652.278: [GC 9652.279: [ParNew: 355125K->36058K(368640K), 0.0427260 secs] 3947784K->3637398K(12541952K), 0.0431910 secs] [Times: user=0.32 sys=0.01, real=0.04 secs] 
2011-03-01T03:42:32.104+0000: 9653.495: [GC 9653.495: [ParNew: 363738K->25403K(368640K), 0.0421460 secs] 3965078K->3641965K(12541952K), 0.0426200 secs] [Times: user=0.28 sys=0.00, real=0.04 secs] 
2011-03-01T03:42:33.562+0000: 9654.953: [GC 9654.954: [ParNew: 353083K->18560K(368640K), 0.0378450 secs] 3969645K->3642080K(12541952K), 0.0383070 secs] [Times: user=0.27 sys=0.00, real=0.03 secs] 
2011-03-01T03:42:34.924+0000: 9656.315: [GC 9656.315: [ParNew: 346240K->40960K(368640K), 0.0598780 secs] 3969760K->3694279K(12541952K), 0.0603640 secs] [Times: user=0.41 sys=0.00, real=0.06 secs] 
2011-03-01T03:42:36.090+0000: 9657.481: [GC 9657.482: [ParNew: 368640K->39717K(368640K), 0.0434850 secs] 4021959K->3705923K(12541952K), 0.0439610 secs] [Times: user=0.32 sys=0.00, real=0.05 secs] 
2011-03-01T03:42:37.482+0000: 9658.873: [GC 9658.873: [ParNew: 367397K->23287K(368640K), 0.0453530 secs] 4033603K->3700786K(12541952K), 0.0458270 secs] [Times: user=0.35 sys=0.01, real=0.05 secs] 
2011-03-01T03:42:37.939+0000: 9659.330: [GC 9659.331: [ParNew: 350967K->29878K(368640K), 0.0412140 secs] 4028466K->3714460K(12541952K), 0.0416780 secs] [Times: user=0.31 sys=0.00, real=0.04 secs] 
2011-03-01T03:42:38.436+0000: 9659.827: [GC 9659.828: [ParNew: 357558K->28866K(368640K), 0.0651110 secs] 4042140K->3727320K(12541952K), 0.0655790 secs] [Times: user=0.45 sys=0.00, real=0.06 secs] 
2011-03-01T03:42:38.781+0000: 9660.172: [GC 9660.173: [ParNew: 356546K->40960K(368640K), 0.0741870 secs] 4055000K->3753235K(12541952K), 0.0746630 secs] [Times: user=0.55 sys=0.00, real=0.08 secs] 
2011-03-01T03:42:39.077+0000: 9660.469: [GC 9660.469: [ParNew: 368640K->40960K(368640K), 0.0587110 secs] 4080962K->3763851K(12541952K), 0.0591850 secs] [Times: user=0.37 sys=0.00, real=0.06 secs] 
2011-03-01T03:42:39.140+0000: 9660.531: [GC 9660.531: [ParNew: 41078K->19484K(368640K), 0.0505540 secs] 3763969K->3772555K(12541952K), 0.0509730 secs] [Times: user=0.32 sys=0.00, real=0.05 secs] 
2011-03-01T03:42:39.392+0000: 9660.783: [GC 9660.783: [ParNew: 347164K->24338K(368640K), 0.0450550 secs] 4100235K->3842945K(12541952K), 0.0455340 secs] [Times: user=0.32 sys=0.00, real=0.05 secs] 
2011-03-01T03:42:39.711+0000: 9661.102: [GC 9661.102: [ParNew: 352018K->40960K(368640K), 0.0449390 secs] 4170625K->3869842K(12541952K), 0.0453120 secs] [Times: user=0.34 sys=0.00, real=0.05 secs] 
2011-03-01T03:42:39.934+0000: 9661.325: [GC 9661.326: [ParNew: 368640K->40960K(368640K), 0.0893810 secs] 4197522K->3901067K(12541952K), 0.0898240 secs] [Times: user=0.64 sys=0.00, real=0.09 secs] 
2011-03-01T03:42:40.342+0000: 9661.733: [GC 9661.733: [ParNew: 368640K->40960K(368640K), 0.0659830 secs] 4228747K->3922354K(12541952K), 0.0664770 secs] [Times: user=0.48 sys=0.01, real=0.07 secs] 
2011-03-01T03:42:40.648+0000: 9662.039: [GC 9662.039: [ParNew: 368640K->40960K(368640K), 0.0593970 secs] 4250034K->3940893K(12541952K), 0.0599180 secs] [Times: user=0.41 sys=0.00, real=0.06 secs] 
2011-03-01T03:42:40.970+0000: 9662.361: [GC 9662.362: [ParNew: 368640K->38983K(368640K), 0.0524640 secs] 4268573K->3950720K(12541952K), 0.0529870 secs] [Times: user=0.40 sys=0.00, real=0.06 secs] 
2011-03-01T03:42:41.331+0000: 9662.722: [GC 9662.722: [ParNew: 366663K->27543K(368640K), 0.0462470 secs] 4278400K->3948912K(12541952K), 0.0467400 secs] [Times: user=0.36 sys=0.01, real=0.05 secs] 
2011-03-01T03:42:41.827+0000: 9663.218: [GC 9663.218: [ParNew: 323424K->40305K(368640K), 0.0369000 secs] 4244793K->3974910K(12541952K), 0.0373990 secs] [Times: user=0.23 sys=0.01, real=0.04 secs] 
2011-03-01T03:42:42.078+0000: 9663.470: [GC 9663.470: [ParNew: 367985K->30121K(368640K), 0.0489880 secs] 4302590K->4046859K(12541952K), 0.0493930 secs] [Times: user=0.33 sys=0.01, real=0.05 secs] 
2011-03-01T03:42:42.501+0000: 9663.893: [GC 9663.893: [ParNew: 357801K->17851K(368640K), 0.0396940 secs] 4374539K->4043563K(12541952K), 0.0400510 secs] [Times: user=0.30 sys=0.00, real=0.04 secs] 
2011-03-01T03:42:42.997+0000: 9664.388: [GC 9664.389: [ParNew: 345531K->24638K(368640K), 0.0347510 secs] 4371243K->4050351K(12541952K), 0.0425160 secs] [Times: user=0.23 sys=0.00, real=0.04 secs] 
2011-03-01T03:42:43.399+0000: 9664.790: [GC 9664.790: [ParNew: 352318K->18429K(368640K), 0.0419520 secs] 4378031K->4052073K(12541952K), 0.0423130 secs] [Times: user=0.32 sys=0.00, real=0.04 secs] 
2011-03-01T03:42:43.902+0000: 9665.293: [GC 9665.294: [ParNew: 346109K->26729K(368640K), 0.0357350 secs] 4379753K->4060373K(12541952K), 0.0360950 secs] [Times: user=0.28 sys=0.01, real=0.04 secs] 
2011-03-01T03:42:44.427+0000: 9665.818: [GC 9665.818: [ParNew: 354409K->31621K(368640K), 0.0406860 secs] 4388053K->4065266K(12541952K), 0.0410480 secs] [Times: user=0.31 sys=0.01, real=0.04 secs] 
2011-03-01T03:42:44.786+0000: 9666.177: [GC 9666.177: [ParNew: 359301K->40960K(368640K), 0.0466380 secs] 4392946K->4078977K(12541952K), 0.0470220 secs] [Times: user=0.32 sys=0.00, real=0.05 secs] 
2011-03-01T03:42:45.471+0000: 9666.862: [GC 9666.863: [ParNew: 368640K->27998K(368640K), 0.0576520 secs] 4406657K->4091590K(12541952K), 0.0580300 secs] [Times: user=0.41 sys=0.01, real=0.06 secs] 
2011-03-01T03:42:45.998+0000: 9667.390: [GC 9667.390: [ParNew: 320810K->40960K(368640K), 0.0375860 secs] 4384402K->4112744K(12541952K), 0.0379710 secs] [Times: user=0.32 sys=0.00, real=0.04 secs] 
2011-03-01T03:42:46.348+0000: 9667.739: [GC 9667.739: [ParNew: 368640K->19035K(368640K), 0.0606910 secs] 4440424K->4177080K(12541952K), 0.0610530 secs] [Times: user=0.42 sys=0.00, real=0.06 secs] 
2011-03-01T03:42:46.725+0000: 9668.117: [GC 9668.117: [ParNew: 346715K->38225K(368640K), 0.0476770 secs] 4504760K->4261806K(12541952K), 0.0480360 secs] [Times: user=0.36 sys=0.00, real=0.05 secs] 
2011-03-01T03:42:47.238+0000: 9668.630: [GC 9668.630: [ParNew: 365905K->16347K(368640K), 0.0424120 secs] 4589486K->4265209K(12541952K), 0.0427770 secs] [Times: user=0.32 sys=0.00, real=0.04 secs] 
2011-03-01T03:42:47.614+0000: 9669.005: [GC 9669.005: [ParNew: 301860K->40365K(368640K), 0.0341410 secs] 4550722K->4293323K(12541952K), 0.0345070 secs] [Times: user=0.24 sys=0.00, real=0.03 secs] 
2011-03-01T03:42:47.980+0000: 9669.371: [GC 9669.371: [ParNew: 368045K->27596K(368640K), 0.0579020 secs] 4621003K->4354144K(12541952K), 0.0582960 secs] [Times: user=0.47 sys=0.00, real=0.06 secs] 
2011-03-01T03:42:48.451+0000: 9669.843: [GC 9669.843: [ParNew: 355276K->20023K(368640K), 0.0440440 secs] 4681824K->4362992K(12541952K), 0.0444240 secs] [Times: user=0.37 sys=0.02, real=0.05 secs] 
2011-03-01T03:42:48.989+0000: 9670.380: [GC 9670.380: [ParNew: 347703K->26890K(368640K), 0.0397160 secs] 4690672K->4369858K(12541952K), 0.0400730 secs] [Times: user=0.32 sys=0.00, real=0.04 secs] 
2011-03-01T03:42:49.469+0000: 9670.861: [GC 9670.861: [ParNew: 354570K->38732K(368640K), 0.0374010 secs] 4697538K->4381700K(12541952K), 0.0377840 secs] [Times: user=0.32 sys=0.00, real=0.04 secs] 
2011-03-01T03:42:50.048+0000: 9671.440: [GC 9671.440: [ParNew: 366412K->25038K(368640K), 0.0469410 secs] 4709380K->4378800K(12541952K), 0.0473080 secs] [Times: user=0.34 sys=0.00, real=0.05 secs] 
2011-03-01T03:42:50.560+0000: 9671.951: [GC 9671.951: [ParNew: 352718K->25318K(368640K), 0.0386300 secs] 4706480K->4383011K(12541952K), 0.0389880 secs] [Times: user=0.32 sys=0.00, real=0.04 secs] 
2011-03-01T03:42:51.206+0000: 9672.597: [GC 9672.597: [ParNew: 352998K->22611K(368640K), 0.0415840 secs] 4710691K->4387201K(12541952K), 0.0419720 secs] [Times: user=0.32 sys=0.00, real=0.04 secs] 
2011-03-01T03:42:51.989+0000: 9673.380: [GC 9673.381: [ParNew: 326680K->30886K(368640K), 0.0396570 secs] 4691270K->4406898K(12541952K), 0.0400280 secs] [Times: user=0.32 sys=0.00, real=0.04 secs] 
2011-03-01T03:42:52.678+0000: 9674.069: [GC 9674.069: [ParNew: 358566K->32002K(368640K), 0.0541680 secs] 4734578K->4478492K(12541952K), 0.0545330 secs] [Times: user=0.40 sys=0.00, real=0.06 secs] 
2011-03-01T03:42:53.469+0000: 9674.861: [GC 9674.861: [ParNew: 359682K->11768K(368640K), 0.0380400 secs] 4806172K->4477508K(12541952K), 0.0384040 secs] [Times: user=0.32 sys=0.00, real=0.04 secs] 
2011-03-01T03:42:54.316+0000: 9675.707: [GC 9675.707: [ParNew: 339448K->17657K(368640K), 0.0323250 secs] 4805188K->4483397K(12541952K), 0.0326950 secs] [Times: user=0.22 sys=0.00, real=0.03 secs] 
2011-03-01T03:42:54.932+0000: 9676.323: [GC 9676.323: [ParNew: 345304K->31629K(368640K), 0.0357160 secs] 4811044K->4497369K(12541952K), 0.0360830 secs] [Times: user=0.29 sys=0.00, real=0.04 secs] 
2011-03-01T03:42:55.528+0000: 9676.919: [GC 9676.919: [ParNew: 359309K->24902K(368640K), 0.0388910 secs] 4825049K->4499754K(12541952K), 0.0392620 secs] [Times: user=0.33 sys=0.00, real=0.04 secs] 
2011-03-01T03:42:56.214+0000: 9677.605: [GC 9677.605: [ParNew: 352582K->21054K(368640K), 0.0421060 secs] 4827434K->4517207K(12541952K), 0.0425010 secs] [Times: user=0.26 sys=0.00, real=0.04 secs] 
2011-03-01T03:42:56.838+0000: 9678.229: [GC 9678.229: [ParNew: 348734K->29321K(368640K), 0.0283330 secs] 4844887K->4525474K(12541952K), 0.0287110 secs] [Times: user=0.24 sys=0.00, real=0.03 secs] 
2011-03-01T03:42:57.429+0000: 9678.820: [GC 9678.820: [ParNew: 357001K->19263K(368640K), 0.0353670 secs] 4853154K->4523452K(12541952K), 0.0357450 secs] [Times: user=0.25 sys=0.01, real=0.04 secs] 
2011-03-01T03:42:57.921+0000: 9679.312: [GC 9679.312: [ParNew: 346943K->40960K(368640K), 0.0292410 secs] 4851132K->4546148K(12541952K), 0.0296110 secs] [Times: user=0.24 sys=0.00, real=0.03 secs] 
2011-03-01T03:42:58.389+0000: 9679.780: [GC 9679.780: [ParNew: 368640K->17204K(368640K), 0.0424380 secs] 4873828K->4542150K(12541952K), 0.0428130 secs] [Times: user=0.32 sys=0.00, real=0.04 secs] 
2011-03-01T03:42:58.800+0000: 9680.191: [GC 9680.191: [ParNew: 344884K->24909K(368640K), 0.0281890 secs] 4869830K->4549854K(12541952K), 0.0364860 secs] [Times: user=0.24 sys=0.00, real=0.04 secs] 
2011-03-01T03:42:59.229+0000: 9680.620: [GC 9680.621: [ParNew: 352589K->16400K(368640K), 0.0342330 secs] 4877534K->4548450K(12541952K), 0.0346050 secs] [Times: user=0.24 sys=0.01, real=0.04 secs] 
2011-03-01T03:42:59.692+0000: 9681.083: [GC 9681.083: [ParNew: 344080K->25149K(368640K), 0.0294330 secs] 4876130K->4557199K(12541952K), 0.0299390 secs] [Times: user=0.21 sys=0.00, real=0.03 secs] 
2011-03-01T03:43:00.166+0000: 9681.557: [GC 9681.558: [ParNew: 352829K->40960K(368640K), 0.0405010 secs] 4884879K->4578456K(12541952K), 0.0410040 secs] [Times: user=0.31 sys=0.01, real=0.04 secs] 
2011-03-01T03:43:00.435+0000: 9681.826: [GC 9681.826: [ParNew: 368640K->34808K(368640K), 0.0477740 secs] 4906136K->4589958K(12541952K), 0.0482790 secs] [Times: user=0.33 sys=0.00, real=0.05 secs] 
2011-03-01T03:43:00.764+0000: 9682.155: [GC 9682.156: [ParNew: 362442K->22605K(368640K), 0.0386550 secs] 4917592K->4589979K(12541952K), 0.0391640 secs] [Times: user=0.24 sys=0.00, real=0.04 secs] 
2011-03-01T03:43:01.124+0000: 9682.515: [GC 9682.515: [ParNew: 350285K->26437K(368640K), 0.0312240 secs] 4917659K->4593811K(12541952K), 0.0317340 secs] [Times: user=0.22 sys=0.01, real=0.03 secs] 
2011-03-01T03:43:01.576+0000: 9682.967: [GC 9682.967: [ParNew: 354096K->40960K(368640K), 0.0386770 secs] 4921471K->4608573K(12541952K), 0.0391820 secs] [Times: user=0.31 sys=0.00, real=0.04 secs] 
2011-03-01T03:43:02.174+0000: 9683.566: [GC 9683.566: [ParNew: 368640K->21678K(368640K), 0.0525310 secs] 4936253K->4614150K(12541952K), 0.0530410 secs] [Times: user=0.33 sys=0.00, real=0.06 secs] 
2011-03-01T03:43:02.666+0000: 9684.057: [GC 9684.057: [ParNew: 349316K->9726K(368640K), 0.0241820 secs] 4941788K->4602198K(12541952K), 0.0246820 secs] [Times: user=0.16 sys=0.00, real=0.02 secs] 
2011-03-01T03:43:03.291+0000: 9684.682: [GC 9684.683: [ParNew: 337406K->14310K(368640K), 0.0260930 secs] 4929878K->4606782K(12541952K), 0.0265950 secs] [Times: user=0.21 sys=0.00, real=0.03 secs] 
2011-03-01T03:43:04.115+0000: 9685.506: [GC 9685.507: [ParNew: 341990K->23182K(368640K), 0.0289130 secs] 4934462K->4615654K(12541952K), 0.0413050 secs] [Times: user=0.24 sys=0.00, real=0.04 secs] 
2011-03-01T03:43:04.968+0000: 9686.360: [GC 9686.360: [ParNew: 350862K->25323K(368640K), 0.0374790 secs] 4943334K->4620780K(12541952K), 0.0379790 secs] [Times: user=0.32 sys=0.00, real=0.04 secs] 
2011-03-01T03:43:05.829+0000: 9687.220: [GC 9687.221: [ParNew: 353003K->40960K(368640K), 0.0451240 secs] 4948460K->4641102K(12541952K), 0.0455530 secs] [Times: user=0.36 sys=0.00, real=0.05 secs] 
2011-03-01T03:43:06.636+0000: 9688.027: [GC 9688.027: [ParNew: 368640K->20012K(368640K), 0.0658000 secs] 4968782K->4658662K(12541952K), 0.0661720 secs] [Times: user=0.37 sys=0.00, real=0.06 secs] 
2011-03-01T03:43:07.585+0000: 9688.976: [GC 9688.976: [ParNew: 347692K->36831K(368640K), 0.0328240 secs] 4986342K->4675480K(12541952K), 0.0332600 secs] [Times: user=0.24 sys=0.00, real=0.03 secs] 
2011-03-01T03:43:08.513+0000: 9689.904: [GC 9689.904: [ParNew: 364511K->17465K(368640K), 0.0365590 secs] 5003160K->4662618K(12541952K), 0.0370560 secs] [Times: user=0.28 sys=0.01, real=0.04 secs] 
2011-03-01T03:43:09.338+0000: 9690.729: [GC 9690.729: [ParNew: 345145K->32503K(368640K), 0.0352790 secs] 4990298K->4677657K(12541952K), 0.0418070 secs] [Times: user=0.26 sys=0.00, real=0.04 secs] 
2011-03-01T03:43:10.248+0000: 9691.640: [GC 9691.640: [ParNew: 360148K->21887K(368640K), 0.0419840 secs] 5005301K->4674063K(12541952K), 0.0424790 secs] [Times: user=0.32 sys=0.00, real=0.04 secs] 
2011-03-01T03:43:11.129+0000: 9692.520: [GC 9692.520: [ParNew: 349567K->38192K(368640K), 0.0381120 secs] 5001743K->4690368K(12541952K), 0.0386080 secs] [Times: user=0.31 sys=0.01, real=0.04 secs] 
2011-03-01T03:43:11.937+0000: 9693.328: [GC 9693.328: [ParNew: 365872K->23611K(368640K), 0.0513770 secs] 5018048K->4689297K(12541952K), 0.0518760 secs] [Times: user=0.38 sys=0.00, real=0.05 secs] 
2011-03-01T03:43:12.702+0000: 9694.093: [GC 9694.093: [ParNew: 351239K->26582K(368640K), 0.0381350 secs] 5016925K->4698938K(12541952K), 0.0386320 secs] [Times: user=0.28 sys=0.01, real=0.04 secs] 
2011-03-01T03:43:13.485+0000: 9694.876: [GC 9694.877: [ParNew: 354262K->20782K(368640K), 0.0363900 secs] 5026618K->4699528K(12541952K), 0.0368860 secs] [Times: user=0.24 sys=0.00, real=0.03 secs] 
2011-03-01T03:43:14.386+0000: 9695.777: [GC 9695.777: [ParNew: 348462K->29644K(368640K), 0.0328890 secs] 5027208K->4708390K(12541952K), 0.0369980 secs] [Times: user=0.24 sys=0.00, real=0.04 secs] 
2011-03-01T03:43:15.273+0000: 9696.665: [GC 9696.665: [ParNew: 357324K->32552K(368640K), 0.0419670 secs] 5036070K->4717115K(12541952K), 0.0424730 secs] [Times: user=0.31 sys=0.00, real=0.04 secs] 
2011-03-01T03:43:16.269+0000: 9697.660: [GC 9697.660: [ParNew: 360232K->34365K(368640K), 0.0434240 secs] 5044795K->4727106K(12541952K), 0.0439690 secs] [Times: user=0.33 sys=0.00, real=0.05 secs] 
2011-03-01T03:43:17.269+0000: 9698.660: [GC 9698.660: [ParNew: 362045K->26205K(368640K), 0.0393570 secs] 5054786K->4726080K(12541952K), 0.0398980 secs] [Times: user=0.32 sys=0.00, real=0.04 secs] 
2011-03-01T03:43:18.197+0000: 9699.589: [GC 9699.589: [ParNew: 353885K->32332K(368640K), 0.0390980 secs] 5053760K->4738277K(12541952K), 0.0396470 secs] [Times: user=0.32 sys=0.00, real=0.04 secs] 
2011-03-01T03:43:18.906+0000: 9700.297: [GC 9700.297: [ParNew: 360012K->15888K(368640K), 0.0430720 secs] 5065957K->4735673K(12541952K), 0.0435840 secs] [Times: user=0.32 sys=0.00, real=0.04 secs] 
2011-03-01T03:43:19.613+0000: 9701.004: [GC 9701.004: [ParNew: 343568K->17117K(368640K), 0.0357310 secs] 5063353K->4736902K(12541952K), 0.0373320 secs] [Times: user=0.25 sys=0.00, real=0.03 secs] 
2011-03-01T03:43:20.328+0000: 9701.719: [GC 9701.719: [ParNew: 344797K->40960K(368640K), 0.0397360 secs] 5064582K->4760745K(12541952K), 0.0402460 secs] [Times: user=0.32 sys=0.00, real=0.04 secs] 
2011-03-01T03:43:21.026+0000: 9702.418: [GC 9702.418: [ParNew: 368640K->29338K(368640K), 0.0496760 secs] 5088425K->4763333K(12541952K), 0.0501760 secs] [Times: user=0.34 sys=0.00, real=0.05 secs] 
2011-03-01T03:43:21.763+0000: 9703.154: [GC 9703.155: [ParNew: 357018K->20357K(368640K), 0.0417300 secs] 5091013K->4774669K(12541952K), 0.0422310 secs] [Times: user=0.27 sys=0.00, real=0.04 secs] 
2011-03-01T03:43:22.469+0000: 9703.860: [GC 9703.860: [ParNew: 347328K->30027K(368640K), 0.0301630 secs] 5101640K->4784339K(12541952K), 0.0306650 secs] [Times: user=0.24 sys=0.00, real=0.03 secs] 
2011-03-01T03:43:23.187+0000: 9704.578: [GC 9704.578: [ParNew: 357707K->32071K(368640K), 0.0564180 secs] 5112019K->4794045K(12541952K), 0.0569210 secs] [Times: user=0.33 sys=0.00, real=0.06 secs] 
2011-03-01T03:43:23.976+0000: 9705.368: [GC 9705.368: [ParNew: 359751K->37818K(368640K), 0.0458150 secs] 5121725K->4808305K(12541952K), 0.0463160 secs] [Times: user=0.32 sys=0.00, real=0.05 secs] 
2011-03-01T03:43:24.717+0000: 9706.109: [GC 9706.109: [ParNew: 365498K->15095K(368640K), 0.0485420 secs] 5135985K->4803204K(12541952K), 0.0490760 secs] [Times: user=0.32 sys=0.01, real=0.05 secs] 
2011-03-01T03:43:25.401+0000: 9706.792: [GC 9706.792: [ParNew: 342775K->30993K(368640K), 0.0368500 secs] 5130884K->4819102K(12541952K), 0.0373830 secs] [Times: user=0.32 sys=0.00, real=0.04 secs] 
2011-03-01T03:43:26.257+0000: 9707.648: [GC 9707.649: [ParNew: 358673K->14079K(368640K), 0.0492200 secs] 5146782K->4818835K(12541952K), 0.0497220 secs] [Times: user=0.33 sys=0.00, real=0.05 secs] 
2011-03-01T03:43:27.329+0000: 9708.720: [GC 9708.720: [ParNew: 341759K->33773K(368640K), 0.0327360 secs] 5146515K->4838529K(12541952K), 0.0330970 secs] [Times: user=0.24 sys=0.00, real=0.03 secs] 
2011-03-01T03:43:28.416+0000: 9709.807: [GC 9709.807: [ParNew: 361453K->10857K(368640K), 0.0445770 secs] 5166209K->4830459K(12541952K), 0.0449400 secs] [Times: user=0.32 sys=0.00, real=0.04 secs] 
2011-03-01T03:43:29.410+0000: 9710.802: [GC 9710.802: [ParNew: 338537K->28178K(368640K), 0.0318760 secs] 5158139K->4847780K(12541952K), 0.0322340 secs] [Times: user=0.25 sys=0.00, real=0.04 secs] 
2011-03-01T03:43:30.345+0000: 9711.736: [GC 9711.736: [ParNew: 355857K->27023K(368640K), 0.0403210 secs] 5175459K->4852589K(12541952K), 0.0406860 secs] [Times: user=0.32 sys=0.00, real=0.04 secs] 
2011-03-01T03:43:31.096+0000: 9712.487: [GC 9712.487: [ParNew: 354703K->18628K(368640K), 0.0399340 secs] 5180269K->4850387K(12541952K), 0.0402990 secs] [Times: user=0.29 sys=0.01, real=0.04 secs] 
2011-03-01T03:43:31.768+0000: 9713.159: [GC 9713.160: [ParNew: 346308K->38457K(368640K), 0.0332930 secs] 5178067K->4870215K(12541952K), 0.0336530 secs] [Times: user=0.24 sys=0.00, real=0.03 secs] 
2011-03-01T03:43:32.502+0000: 9713.893: [GC 9713.893: [ParNew: 366137K->21641K(368640K), 0.0496290 secs] 5197895K->4877212K(12541952K), 0.0499940 secs] [Times: user=0.37 sys=0.00, real=0.05 secs] 
2011-03-01T03:43:33.243+0000: 9714.634: [GC 9714.634: [ParNew: 349321K->24565K(368640K), 0.0332960 secs] 5204892K->4888921K(12541952K), 0.0336690 secs] [Times: user=0.25 sys=0.01, real=0.03 secs] 
2011-03-01T03:43:34.019+0000: 9715.410: [GC 9715.411: [ParNew: 352245K->12515K(368640K), 0.0348030 secs] 5216601K->4885428K(12541952K), 0.0351760 secs] [Times: user=0.24 sys=0.00, real=0.04 secs] 
2011-03-01T03:43:34.967+0000: 9716.358: [GC 9716.359: [ParNew: 340195K->40960K(368640K), 0.0407690 secs] 5213108K->4913873K(12541952K), 0.0454020 secs] [Times: user=0.27 sys=0.00, real=0.05 secs] 
2011-03-01T03:43:35.440+0000: 9716.831: [GC 9716.831: [ParNew: 368640K->40839K(368640K), 0.0723420 secs] 5241553K->5002544K(12541952K), 0.0727230 secs] [Times: user=0.55 sys=0.01, real=0.08 secs] 
2011-03-01T03:43:35.864+0000: 9717.255: [GC 9717.255: [ParNew: 368519K->33307K(368640K), 0.0582300 secs] 5330224K->5020059K(12541952K), 0.0585930 secs] [Times: user=0.38 sys=0.00, real=0.06 secs] 
2011-03-01T03:43:36.198+0000: 9717.589: [GC 9717.589: [ParNew: 361090K->40960K(368640K), 0.0584290 secs] 5347843K->5043571K(12541952K), 0.0587900 secs] [Times: user=0.38 sys=0.02, real=0.06 secs] 
2011-03-01T03:43:36.260+0000: 9717.651: [GC 9717.651: [ParNew: 42643K->31804K(368640K), 0.0536160 secs] 5045255K->5071802K(12541952K), 0.0539280 secs] [Times: user=0.39 sys=0.01, real=0.06 secs] 
2011-03-01T03:43:36.512+0000: 9717.903: [GC 9717.903: [ParNew: 359544K->40960K(368640K), 0.0828600 secs] 5399542K->5100053K(12541952K), 0.0832210 secs] [Times: user=0.53 sys=0.01, real=0.09 secs] 
2011-03-01T03:43:36.598+0000: 9717.989: [GC 9717.989: [ParNew: 41100K->23257K(368640K), 0.0555080 secs] 5100194K->5117364K(12541952K), 0.0558100 secs] [Times: user=0.38 sys=0.01, real=0.06 secs] 
2011-03-01T03:43:36.847+0000: 9718.238: [GC 9718.238: [ParNew: 326121K->40960K(368640K), 0.0794230 secs] 5420228K->5165620K(12541952K), 0.0797970 secs] [Times: user=0.56 sys=0.00, real=0.08 secs] 
2011-03-01T03:43:37.157+0000: 9718.548: [GC 9718.548: [ParNew: 368640K->30314K(368640K), 0.0587220 secs] 5493334K->5249167K(12541952K), 0.0590860 secs] [Times: user=0.43 sys=0.01, real=0.06 secs] 
2011-03-01T03:43:37.419+0000: 9718.810: [GC 9718.810: [ParNew: 357771K->40960K(368640K), 0.0750310 secs] 5576625K->5275214K(12541952K), 0.0753930 secs] [Times: user=0.46 sys=0.00, real=0.08 secs] 
2011-03-01T03:43:37.847+0000: 9719.238: [GC 9719.238: [ParNew: 368640K->40035K(368640K), 0.0585390 secs] 5602894K->5293520K(12541952K), 0.0589080 secs] [Times: user=0.41 sys=0.01, real=0.06 secs] 
2011-03-01T03:43:38.103+0000: 9719.494: [GC 9719.494: [ParNew: 367715K->40960K(368640K), 0.0527610 secs] 5621200K->5305051K(12541952K), 0.0532470 secs] [Times: user=0.36 sys=0.01, real=0.05 secs] 
2011-03-01T03:43:38.394+0000: 9719.785: [GC 9719.786: [ParNew: 368640K->40960K(368640K), 0.0572500 secs] 5632731K->5319403K(12541952K), 0.0577410 secs] [Times: user=0.40 sys=0.00, real=0.05 secs] 
2011-03-01T03:43:38.777+0000: 9720.168: [GC 9720.168: [ParNew: 368640K->29117K(368640K), 0.0481870 secs] 5647083K->5319365K(12541952K), 0.0486610 secs] [Times: user=0.33 sys=0.00, real=0.05 secs] 
2011-03-01T03:43:39.390+0000: 9720.781: [GC 9720.781: [ParNew: 356797K->40960K(368640K), 0.0494420 secs] 5647045K->5331487K(12541952K), 0.0500030 secs] [Times: user=0.30 sys=0.00, real=0.05 secs] 
2011-03-01T03:43:39.859+0000: 9721.250: [GC 9721.251: [ParNew: 368640K->28620K(368640K), 0.0583130 secs] 5659167K->5342719K(12541952K), 0.0588750 secs] [Times: user=0.41 sys=0.01, real=0.06 secs] 
2011-03-01T03:43:40.435+0000: 9721.826: [GC 9721.826: [ParNew: 356300K->40960K(368640K), 0.0676060 secs] 5670399K->5370899K(12541952K), 0.0679650 secs] [Times: user=0.48 sys=0.01, real=0.07 secs] 
2011-03-01T03:43:41.034+0000: 9722.425: [GC 9722.425: [ParNew: 368640K->33594K(368640K), 0.0732160 secs] 5698579K->5393136K(12541952K), 0.0735790 secs] [Times: user=0.52 sys=0.01, real=0.07 secs] 
2011-03-01T03:43:41.770+0000: 9723.162: [GC 9723.162: [ParNew: 361274K->10404K(368640K), 0.0436720 secs] 5720816K->5380912K(12541952K), 0.0440590 secs] [Times: user=0.28 sys=0.00, real=0.05 secs] 
2011-03-01T03:43:42.507+0000: 9723.899: [GC 9723.899: [ParNew: 338084K->16235K(368640K), 0.0307040 secs] 5708592K->5386743K(12541952K), 0.0310650 secs] [Times: user=0.24 sys=0.00, real=0.03 secs] 
2011-03-01T03:43:43.203+0000: 9724.594: [GC 9724.594: [ParNew: 343915K->30590K(368640K), 0.0349930 secs] 5714423K->5401099K(12541952K), 0.0353600 secs] [Times: user=0.27 sys=0.00, real=0.03 secs] 
2011-03-01T03:43:43.889+0000: 9725.280: [GC 9725.280: [ParNew: 358270K->40960K(368640K), 0.0429840 secs] 5728779K->5416266K(12541952K), 0.0433460 secs] [Times: user=0.32 sys=0.00, real=0.05 secs] 
2011-03-01T03:43:44.592+0000: 9725.983: [GC 9725.983: [ParNew: 368640K->23998K(368640K), 0.0428370 secs] 5743946K->5409016K(12541952K), 0.0432030 secs] [Times: user=0.34 sys=0.00, real=0.05 secs] 
2011-03-01T03:43:45.443+0000: 9726.834: [GC 9726.834: [ParNew: 351678K->29557K(368640K), 0.0326140 secs] 5736696K->5414574K(12541952K), 0.0329710 secs] [Times: user=0.26 sys=0.00, real=0.03 secs] 
2011-03-01T03:43:46.008+0000: 9727.399: [GC 9727.400: [ParNew: 357237K->33193K(368640K), 0.0405720 secs] 5742254K->5425748K(12541952K), 0.0409350 secs] [Times: user=0.32 sys=0.00, real=0.04 secs] 
2011-03-01T03:43:46.690+0000: 9728.081: [GC 9728.082: [ParNew: 360873K->21671K(368640K), 0.0435270 secs] 5753428K->5429304K(12541952K), 0.0438850 secs] [Times: user=0.33 sys=0.00, real=0.05 secs] 
2011-03-01T03:43:47.456+0000: 9728.847: [GC 9728.847: [ParNew: 349351K->23813K(368640K), 0.0281000 secs] 5756984K->5431445K(12541952K), 0.0284580 secs] [Times: user=0.21 sys=0.00, real=0.03 secs] 
2011-03-01T03:43:48.124+0000: 9729.515: [GC 9729.515: [ParNew: 351493K->26756K(368640K), 0.0325180 secs] 5759125K->5434388K(12541952K), 0.0328740 secs] [Times: user=0.23 sys=0.01, real=0.03 secs] 
2011-03-01T03:43:48.745+0000: 9730.136: [GC 9730.136: [ParNew: 354436K->24777K(368640K), 0.0361910 secs] 5762068K->5437810K(12541952K), 0.0365540 secs] [Times: user=0.24 sys=0.00, real=0.03 secs] 
2011-03-01T03:43:49.585+0000: 9730.977: [GC 9730.977: [ParNew: 352457K->36024K(368640K), 0.0284520 secs] 5765490K->5451449K(12541952K), 0.0288090 secs] [Times: user=0.18 sys=0.00, real=0.03 secs] 
2011-03-01T03:43:50.393+0000: 9731.784: [GC 9731.784: [ParNew: 363704K->17468K(368640K), 0.0292800 secs] 5779129K->5441832K(12541952K), 0.0296660 secs] [Times: user=0.20 sys=0.00, real=0.03 secs] 
2011-03-01T03:43:51.290+0000: 9732.682: [GC 9732.682: [ParNew: 345148K->20733K(368640K), 0.0233020 secs] 5769512K->5445097K(12541952K), 0.0236600 secs] [Times: user=0.21 sys=0.00, real=0.03 secs] 
2011-03-01T03:43:52.183+0000: 9733.574: [GC 9733.574: [ParNew: 348413K->23577K(368640K), 0.0242250 secs] 5772777K->5447941K(12541952K), 0.0245800 secs] [Times: user=0.17 sys=0.02, real=0.02 secs] 
2011-03-01T03:43:53.051+0000: 9734.442: [GC 9734.442: [ParNew: 351257K->26944K(368640K), 0.0298050 secs] 5775621K->5454961K(12541952K), 0.0301620 secs] [Times: user=0.22 sys=0.00, real=0.03 secs] 
2011-03-01T03:43:53.940+0000: 9735.331: [GC 9735.331: [ParNew: 354624K->24432K(368640K), 0.0288000 secs] 5782641K->5457101K(12541952K), 0.0291560 secs] [Times: user=0.24 sys=0.00, real=0.03 secs] 
2011-03-01T03:43:54.595+0000: 9735.986: [GC 9735.986: [ParNew: 352091K->12736K(368640K), 0.0300210 secs] 5784760K->5451181K(12541952K), 0.0304030 secs] [Times: user=0.23 sys=0.00, real=0.03 secs] 
2011-03-01T03:43:55.153+0000: 9736.544: [GC 9736.545: [ParNew: 340416K->18598K(368640K), 0.0268730 secs] 5778861K->5457044K(12541952K), 0.0272680 secs] [Times: user=0.19 sys=0.00, real=0.02 secs] 
2011-03-01T03:43:55.609+0000: 9737.000: [GC 9737.000: [ParNew: 346278K->21890K(368640K), 0.0367360 secs] 5784724K->5460336K(12541952K), 0.0371010 secs] [Times: user=0.30 sys=0.00, real=0.04 secs] 
2011-03-01T03:43:56.094+0000: 9737.485: [GC 9737.485: [ParNew: 349570K->21481K(368640K), 0.0330980 secs] 5788016K->5461327K(12541952K), 0.0334920 secs] [Times: user=0.26 sys=0.00, real=0.03 secs] 
2011-03-01T03:43:56.477+0000: 9737.868: [GC 9737.868: [ParNew: 349161K->29784K(368640K), 0.0331690 secs] 5789007K->5472929K(12541952K), 0.0335360 secs] [Times: user=0.24 sys=0.00, real=0.03 secs] 
2011-03-01T03:43:56.933+0000: 9738.324: [GC 9738.325: [ParNew: 357462K->12275K(368640K), 0.0358290 secs] 5800607K->5466142K(12541952K), 0.0362030 secs] [Times: user=0.26 sys=0.00, real=0.03 secs] 
2011-03-01T03:43:57.369+0000: 9738.761: [GC 9738.761: [ParNew: 339955K->15172K(368640K), 0.0254550 secs] 5793822K->5469039K(12541952K), 0.0258270 secs] [Times: user=0.22 sys=0.00, real=0.03 secs] 
2011-03-01T03:43:57.857+0000: 9739.248: [GC 9739.248: [ParNew: 342852K->20120K(368640K), 0.0354360 secs] 5796719K->5473987K(12541952K), 0.0358080 secs] [Times: user=0.24 sys=0.00, real=0.04 secs] 
2011-03-01T03:43:58.319+0000: 9739.710: [GC 9739.710: [ParNew: 347787K->24765K(368640K), 0.0286230 secs] 5801654K->5478631K(12541952K), 0.0290160 secs] [Times: user=0.24 sys=0.00, real=0.03 secs] 
2011-03-01T03:43:58.756+0000: 9740.148: [GC 9740.148: [ParNew: 352445K->24971K(368640K), 0.0314120 secs] 5806311K->5480410K(12541952K), 0.0317920 secs] [Times: user=0.24 sys=0.00, real=0.03 secs] 
2011-03-01T03:43:59.211+0000: 9740.602: [GC 9740.602: [ParNew: 352651K->33188K(368640K), 0.0374090 secs] 5808090K->5492344K(12541952K), 0.0377820 secs] [Times: user=0.32 sys=0.00, real=0.04 secs] 
2011-03-01T03:43:59.752+0000: 9741.143: [GC 9741.144: [ParNew: 360868K->26181K(368640K), 0.0377020 secs] 5820024K->5491800K(12541952K), 0.0380700 secs] [Times: user=0.28 sys=0.01, real=0.03 secs] 
2011-03-01T03:44:00.231+0000: 9741.622: [GC 9741.623: [ParNew: 353861K->23972K(368640K), 0.0278890 secs] 5819480K->5496230K(12541952K), 0.0282580 secs] [Times: user=0.24 sys=0.00, real=0.03 secs] 
2011-03-01T03:44:00.650+0000: 9742.041: [GC 9742.041: [ParNew: 351652K->31916K(368640K), 0.0314340 secs] 5823910K->5510838K(12541952K), 0.0317940 secs] [Times: user=0.24 sys=0.00, real=0.03 secs] 
2011-03-01T03:44:01.268+0000: 9742.659: [GC 9742.660: [ParNew: 359596K->20081K(368640K), 0.0263180 secs] 5838518K->5505829K(12541952K), 0.0266860 secs] [Times: user=0.20 sys=0.00, real=0.03 secs] 
2011-03-01T03:44:02.181+0000: 9743.572: [GC 9743.573: [ParNew: 347761K->20935K(368640K), 0.0247230 secs] 5833509K->5506683K(12541952K), 0.0250840 secs] [Times: user=0.23 sys=0.00, real=0.03 secs] 
2011-03-01T03:44:03.117+0000: 9744.508: [GC 9744.508: [ParNew: 348615K->22403K(368640K), 0.0242150 secs] 5834363K->5508151K(12541952K), 0.0246010 secs] [Times: user=0.16 sys=0.00, real=0.02 secs] 
2011-03-01T03:44:03.819+0000: 9745.210: [GC 9745.210: [ParNew: 350083K->40960K(368640K), 0.0270480 secs] 5835831K->5526709K(12541952K), 0.0275390 secs] [Times: user=0.24 sys=0.00, real=0.03 secs] 
2011-03-01T03:44:04.579+0000: 9745.970: [GC 9745.971: [ParNew: 368621K->7141K(368640K), 0.0325590 secs] 5854371K->5506235K(12541952K), 0.0330650 secs] [Times: user=0.24 sys=0.00, real=0.03 secs] 
2011-03-01T03:44:05.394+0000: 9746.785: [GC 9746.785: [ParNew: 334821K->17401K(368640K), 0.0230120 secs] 5833915K->5516496K(12541952K), 0.0235060 secs] [Times: user=0.16 sys=0.00, real=0.02 secs] 
2011-03-01T03:44:06.392+0000: 9747.783: [GC 9747.784: [ParNew: 345081K->19622K(368640K), 0.0234090 secs] 5844176K->5518717K(12541952K), 0.0239020 secs] [Times: user=0.19 sys=0.00, real=0.03 secs] 
2011-03-01T03:44:07.224+0000: 9748.616: [GC 9748.616: [ParNew: 347302K->23188K(368640K), 0.0270920 secs] 5846397K->5522283K(12541952K), 0.0275860 secs] [Times: user=0.17 sys=0.00, real=0.03 secs] 
2011-03-01T03:44:08.187+0000: 9749.578: [GC 9749.578: [ParNew: 350868K->23430K(368640K), 0.0303310 secs] 5849963K->5524359K(12541952K), 0.0308260 secs] [Times: user=0.24 sys=0.00, real=0.03 secs] 
2011-03-01T03:44:09.325+0000: 9750.716: [GC 9750.717: [ParNew: 351110K->15129K(368640K), 0.0309280 secs] 5852039K->5519971K(12541952K), 0.0313590 secs] [Times: user=0.24 sys=0.00, real=0.03 secs] 
2011-03-01T03:44:09.974+0000: 9751.365: [GC 9751.365: [ParNew: 342809K->30278K(368640K), 0.0293140 secs] 5847651K->5536594K(12541952K), 0.0296930 secs] [Times: user=0.19 sys=0.00, real=0.03 secs] 
2011-03-01T03:44:10.729+0000: 9752.121: [GC 9752.121: [ParNew: 357958K->24039K(368640K), 0.0396700 secs] 5864274K->5541058K(12541952K), 0.0400400 secs] [Times: user=0.32 sys=0.00, real=0.04 secs] 
2011-03-01T03:44:11.614+0000: 9753.005: [GC 9753.006: [ParNew: 351719K->18961K(368640K), 0.0297600 secs] 5868738K->5535980K(12541952K), 0.0301240 secs] [Times: user=0.22 sys=0.00, real=0.03 secs] 
2011-03-01T03:44:12.605+0000: 9753.996: [GC 9753.996: [ParNew: 346641K->20654K(368640K), 0.0272570 secs] 5863660K->5537673K(12541952K), 0.0276160 secs] [Times: user=0.17 sys=0.00, real=0.03 secs] 
2011-03-01T03:44:13.573+0000: 9754.964: [GC 9754.964: [ParNew: 348334K->23270K(368640K), 0.0248850 secs] 5865353K->5540289K(12541952K), 0.0253230 secs] [Times: user=0.19 sys=0.00, real=0.02 secs] 
2011-03-01T03:44:14.448+0000: 9755.839: [GC 9755.839: [ParNew: 350950K->40960K(368640K), 0.0295410 secs] 5867969K->5563079K(12541952K), 0.0299790 secs] [Times: user=0.24 sys=0.00, real=0.03 secs] 
2011-03-01T03:44:15.397+0000: 9756.788: [GC 9756.789: [ParNew: 368640K->17893K(368640K), 0.0320010 secs] 5890759K->5552827K(12541952K), 0.0323980 secs] [Times: user=0.24 sys=0.00, real=0.03 secs] 
2011-03-01T03:44:16.387+0000: 9757.779: [GC 9757.779: [ParNew: 345573K->19613K(368640K), 0.0237520 secs] 5880507K->5554547K(12541952K), 0.0275690 secs] [Times: user=0.21 sys=0.00, real=0.03 secs] 
2011-03-01T03:44:17.357+0000: 9758.749: [GC 9758.749: [ParNew: 347293K->18847K(368640K), 0.0227590 secs] 5882227K->5553781K(12541952K), 0.0232590 secs] [Times: user=0.16 sys=0.00, real=0.02 secs] 
2011-03-01T03:44:18.279+0000: 9759.670: [GC 9759.670: [ParNew: 346527K->22017K(368640K), 0.0237020 secs] 5881461K->5556951K(12541952K), 0.0242350 secs] [Times: user=0.16 sys=0.00, real=0.03 secs] 
2011-03-01T03:44:19.079+0000: 9760.470: [GC 9760.470: [ParNew: 349772K->19924K(368640K), 0.0262650 secs] 5884705K->5559057K(12541952K), 0.0267500 secs] [Times: user=0.21 sys=0.00, real=0.03 secs] 
2011-03-01T03:44:19.872+0000: 9761.264: [GC 9761.264: [ParNew: 347604K->21512K(368640K), 0.0258600 secs] 5886737K->5561967K(12541952K), 0.0263800 secs] [Times: user=0.19 sys=0.00, real=0.02 secs] 
2011-03-01T03:44:21.040+0000: 9762.432: [GC 9762.432: [ParNew: 349192K->23949K(368640K), 0.0267870 secs] 5889647K->5565522K(12541952K), 0.0272740 secs] [Times: user=0.24 sys=0.01, real=0.03 secs] 
2011-03-01T03:44:22.404+0000: 9763.795: [GC 9763.795: [ParNew: 351629K->40960K(368640K), 0.0287410 secs] 5893202K->5584022K(12541952K), 0.0292320 secs] [Times: user=0.19 sys=0.00, real=0.03 secs] 
2011-03-01T03:44:23.100+0000: 9764.491: [GC 9764.491: [ParNew: 368640K->10559K(368640K), 0.0316700 secs] 5911702K->5572458K(12541952K), 0.0321580 secs] [Times: user=0.23 sys=0.01, real=0.03 secs] 
2011-03-01T03:44:23.862+0000: 9765.253: [GC 9765.253: [ParNew: 338239K->20800K(368640K), 0.0229310 secs] 5900138K->5582698K(12541952K), 0.0234170 secs] [Times: user=0.21 sys=0.00, real=0.03 secs] 
2011-03-01T03:44:24.623+0000: 9766.015: [GC 9766.015: [ParNew: 348480K->19018K(368640K), 0.0235890 secs] 5910378K->5580917K(12541952K), 0.0240780 secs] [Times: user=0.18 sys=0.01, real=0.02 secs] 
2011-03-01T03:44:25.259+0000: 9766.650: [GC 9766.651: [ParNew: 346698K->40960K(368640K), 0.0557120 secs] 5908597K->5607512K(12541952K), 0.0560740 secs] [Times: user=0.46 sys=0.00, real=0.06 secs] 
2011-03-01T03:44:26.413+0000: 9767.805: [GC 9767.805: [ParNew: 368640K->18885K(368640K), 0.0562970 secs] 5935192K->5614262K(12541952K), 0.0566560 secs] [Times: user=0.44 sys=0.00, real=0.05 secs] 
2011-03-01T03:44:27.198+0000: 9768.589: [GC 9768.590: [ParNew: 346565K->17965K(368640K), 0.0229520 secs] 5941942K->5613341K(12541952K), 0.0233130 secs] [Times: user=0.16 sys=0.00, real=0.02 secs] 
2011-03-01T03:44:28.105+0000: 9769.496: [GC 9769.497: [ParNew: 345645K->25386K(368640K), 0.0252580 secs] 5941021K->5620763K(12541952K), 0.0256160 secs] [Times: user=0.16 sys=0.00, real=0.02 secs] 
2011-03-01T03:44:29.069+0000: 9770.460: [GC 9770.460: [ParNew: 353066K->16967K(368640K), 0.0257990 secs] 5948443K->5616679K(12541952K), 0.0261590 secs] [Times: user=0.21 sys=0.00, real=0.03 secs] 
2011-03-01T03:44:29.989+0000: 9771.380: [GC 9771.381: [ParNew: 344771K->35473K(368640K), 0.0260010 secs] 5944483K->5635186K(12541952K), 0.0263620 secs] [Times: user=0.23 sys=0.00, real=0.03 secs] 
2011-03-01T03:44:30.020+0000: 9771.411: [GC 9771.411: [ParNew: 39415K->8773K(368640K), 0.0265550 secs] 5639127K->5617557K(12541952K), 0.0269490 secs] [Times: user=0.23 sys=0.01, real=0.03 secs] 
2011-03-01T03:44:30.757+0000: 9772.148: [GC 9772.148: [ParNew: 336453K->26234K(368640K), 0.0280750 secs] 5945237K->5635018K(12541952K), 0.0285730 secs] [Times: user=0.23 sys=0.00, real=0.03 secs] 
2011-03-01T03:44:31.554+0000: 9772.945: [GC 9772.946: [ParNew: 353914K->20632K(368640K), 0.0309060 secs] 5962698K->5632879K(12541952K), 0.0314160 secs] [Times: user=0.23 sys=0.01, real=0.03 secs] 
2011-03-01T03:44:32.235+0000: 9773.626: [GC 9773.626: [ParNew: 348312K->33897K(368640K), 0.0311930 secs] 5960559K->5646144K(12541952K), 0.0316950 secs] [Times: user=0.24 sys=0.00, real=0.03 secs] 
2011-03-01T03:44:33.033+0000: 9774.424: [GC 9774.424: [ParNew: 361577K->40960K(368640K), 0.0360420 secs] 5973824K->5658518K(12541952K), 0.0364020 secs] [Times: user=0.29 sys=0.00, real=0.03 secs] 
2011-03-01T03:44:33.780+0000: 9775.171: [GC 9775.171: [ParNew: 368640K->8007K(368640K), 0.0339730 secs] 5986198K->5632979K(12541952K), 0.0344070 secs] [Times: user=0.27 sys=0.00, real=0.04 secs] 
2011-03-01T03:44:34.418+0000: 9775.810: [GC 9775.810: [ParNew: 335687K->20761K(368640K), 0.0309540 secs] 5960659K->5645733K(12541952K), 0.0313120 secs] [Times: user=0.24 sys=0.00, real=0.03 secs] 
2011-03-01T03:44:35.195+0000: 9776.587: [GC 9776.587: [ParNew: 348441K->38536K(368640K), 0.0358770 secs] 5973413K->5663509K(12541952K), 0.0362370 secs] [Times: user=0.23 sys=0.01, real=0.03 secs] 
2011-03-01T03:44:35.539+0000: 9776.931: [GC 9776.931: [ParNew: 366216K->20734K(368640K), 0.0480740 secs] 5991189K->5660192K(12541952K), 0.0484580 secs] [Times: user=0.37 sys=0.01, real=0.05 secs] 
2011-03-01T03:44:35.948+0000: 9777.339: [GC 9777.340: [ParNew: 348414K->35012K(368640K), 0.0481260 secs] 5987872K->5674470K(12541952K), 0.0484930 secs] [Times: user=0.37 sys=0.02, real=0.05 secs] 
2011-03-01T03:44:36.328+0000: 9777.719: [GC 9777.719: [ParNew: 362692K->40960K(368640K), 0.0522140 secs] 6002150K->5689369K(12541952K), 0.0525810 secs] [Times: user=0.38 sys=0.00, real=0.05 secs] 
2011-03-01T03:44:36.600+0000: 9777.991: [GC 9777.992: [ParNew: 368640K->40960K(368640K), 0.0574970 secs] 6017049K->5707627K(12541952K), 0.0578650 secs] [Times: user=0.41 sys=0.01, real=0.06 secs] 
2011-03-01T03:44:36.884+0000: 9778.276: [GC 9778.276: [ParNew: 368640K->40960K(368640K), 0.0479460 secs] 6035307K->5716553K(12541952K), 0.0483070 secs] [Times: user=0.32 sys=0.01, real=0.05 secs] 
2011-03-01T03:44:37.188+0000: 9778.580: [GC 9778.580: [ParNew: 368640K->40960K(368640K), 0.0448430 secs] 6044233K->5726359K(12541952K), 0.0452040 secs] [Times: user=0.34 sys=0.00, real=0.05 secs] 
2011-03-01T03:44:37.426+0000: 9778.817: [GC 9778.817: [ParNew: 368640K->39774K(368640K), 0.0417150 secs] 6054039K->5732671K(12541952K), 0.0422060 secs] [Times: user=0.31 sys=0.00, real=0.04 secs] 
2011-03-01T03:44:37.713+0000: 9779.104: [GC 9779.104: [ParNew: 367454K->40960K(368640K), 0.0538240 secs] 6060351K->5746026K(12541952K), 0.0543140 secs] [Times: user=0.38 sys=0.01, real=0.05 secs] 
2011-03-01T03:44:38.044+0000: 9779.435: [GC 9779.435: [ParNew: 368640K->40960K(368640K), 0.0447640 secs] 6073706K->5757019K(12541952K), 0.0452610 secs] [Times: user=0.33 sys=0.00, real=0.04 secs] 
2011-03-01T03:44:38.432+0000: 9779.823: [GC 9779.823: [ParNew: 368640K->39178K(368640K), 0.0441640 secs] 6084699K->5761257K(12541952K), 0.0446470 secs] [Times: user=0.37 sys=0.00, real=0.05 secs] 
2011-03-01T03:44:38.779+0000: 9780.170: [GC 9780.171: [ParNew: 366858K->13690K(368640K), 0.0363320 secs] 6088937K->5746363K(12541952K), 0.0437170 secs] [Times: user=0.25 sys=0.00, real=0.05 secs] 
2011-03-01T03:44:39.212+0000: 9780.603: [GC 9780.604: [ParNew: 341370K->29133K(368640K), 0.0303380 secs] 6074043K->5761806K(12541952K), 0.0308360 secs] [Times: user=0.21 sys=0.00, real=0.03 secs] 
2011-03-01T03:44:39.945+0000: 9781.336: [GC 9781.336: [ParNew: 356813K->22275K(368640K), 0.0285690 secs] 6089486K->5764695K(12541952K), 0.0290690 secs] [Times: user=0.17 sys=0.00, real=0.03 secs] 
2011-03-01T03:44:40.574+0000: 9781.965: [GC 9781.966: [ParNew: 349955K->22455K(368640K), 0.0234530 secs] 6092375K->5764875K(12541952K), 0.0239420 secs] [Times: user=0.17 sys=0.00, real=0.02 secs] 
2011-03-01T03:44:41.422+0000: 9782.813: [GC 9782.813: [ParNew: 350135K->27763K(368640K), 0.0311260 secs] 6092555K->5770183K(12541952K), 0.0316140 secs] [Times: user=0.24 sys=0.00, real=0.04 secs] 
2011-03-01T03:44:42.531+0000: 9783.922: [GC 9783.922: [ParNew: 355443K->26735K(368640K), 0.0358850 secs] 6097863K->5773060K(12541952K), 0.0363090 secs] [Times: user=0.31 sys=0.00, real=0.04 secs] 
2011-03-01T03:44:43.448+0000: 9784.840: [GC 9784.840: [ParNew: 354415K->15759K(368640K), 0.0357660 secs] 6100740K->5768174K(12541952K), 0.0361770 secs] [Times: user=0.26 sys=0.00, real=0.04 secs] 
2011-03-01T03:44:44.265+0000: 9785.656: [GC 9785.656: [ParNew: 343439K->35618K(368640K), 0.0317580 secs] 6095854K->5788033K(12541952K), 0.0321930 secs] [Times: user=0.24 sys=0.00, real=0.03 secs] 
2011-03-01T03:44:45.017+0000: 9786.408: [GC 9786.409: [ParNew: 363298K->38814K(368640K), 0.0360960 secs] 6115713K->5797761K(12541952K), 0.0365820 secs] [Times: user=0.26 sys=0.00, real=0.04 secs] 
2011-03-01T03:44:45.782+0000: 9787.173: [GC 9787.173: [ParNew: 366593K->11237K(368640K), 0.0356910 secs] 6125540K->5782528K(12541952K), 0.0361680 secs] [Times: user=0.31 sys=0.00, real=0.04 secs] 
2011-03-01T03:44:45.821+0000: 9787.212: [GC 9787.212: [ParNew: 11313K->6167K(368640K), 0.0242620 secs] 5782605K->5777459K(12541952K), 0.0246490 secs] [Times: user=0.23 sys=0.00, real=0.03 secs] 
2011-03-01T03:44:46.553+0000: 9787.944: [GC 9787.944: [ParNew: 333847K->6337K(368640K), 0.0268900 secs] 6105139K->5777629K(12541952K), 0.0273700 secs] [Times: user=0.21 sys=0.00, real=0.02 secs] 
2011-03-01T03:44:47.341+0000: 9788.732: [GC 9788.732: [ParNew: 334017K->29029K(368640K), 0.0305860 secs] 6105309K->5800321K(12541952K), 0.0310730 secs] [Times: user=0.24 sys=0.00, real=0.03 secs] 
2011-03-01T03:44:48.074+0000: 9789.465: [GC 9789.466: [ParNew: 356709K->18739K(368640K), 0.0347320 secs] 6128001K->5799520K(12541952K), 0.0351880 secs] [Times: user=0.26 sys=0.00, real=0.03 secs] 
2011-03-01T03:44:48.823+0000: 9790.214: [GC 9790.214: [ParNew: 346419K->14548K(368640K), 0.0273220 secs] 6127200K->5795329K(12541952K), 0.0277890 secs] [Times: user=0.20 sys=0.03, real=0.02 secs] 
2011-03-01T03:44:49.817+0000: 9791.209: [GC 9791.209: [ParNew: 342228K->16324K(368640K), 0.0282370 secs] 6123009K->5797105K(12541952K), 0.0286960 secs] [Times: user=0.24 sys=0.00, real=0.03 secs] 
2011-03-01T03:44:50.692+0000: 9792.084: [GC 9792.084: [ParNew: 344004K->28189K(368640K), 0.0310150 secs] 6124785K->5808970K(12541952K), 0.0314690 secs] [Times: user=0.23 sys=0.00, real=0.03 secs] 
2011-03-01T03:44:51.687+0000: 9793.078: [GC 9793.078: [ParNew: 355869K->37308K(368640K), 0.0342470 secs] 6136650K->5821931K(12541952K), 0.0347060 secs] [Times: user=0.24 sys=0.00, real=0.03 secs] 
2011-03-01T03:44:52.687+0000: 9794.078: [GC 9794.079: [ParNew: 364988K->27840K(368640K), 0.0356950 secs] 6149611K->5819278K(12541952K), 0.0361970 secs] [Times: user=0.24 sys=0.00, real=0.04 secs] 
2011-03-01T03:44:53.560+0000: 9794.951: [GC 9794.952: [ParNew: 352263K->40960K(368640K), 0.0615790 secs] 6143700K->5839861K(12541952K), 0.0620360 secs] [Times: user=0.48 sys=0.01, real=0.07 secs] 
2011-03-01T03:44:54.519+0000: 9795.910: [GC 9795.910: [ParNew: 368640K->14887K(368640K), 0.0545670 secs] 6167541K->5832799K(12541952K), 0.0550660 secs] [Times: user=0.41 sys=0.00, real=0.06 secs] 
2011-03-01T03:44:55.153+0000: 9796.544: [GC 9796.544: [ParNew: 342567K->22560K(368640K), 0.0271690 secs] 6160479K->5840472K(12541952K), 0.0306490 secs] [Times: user=0.17 sys=0.01, real=0.03 secs] 
2011-03-01T03:44:55.632+0000: 9797.023: [GC 9797.023: [ParNew: 350221K->32860K(368640K), 0.0291610 secs] 6168132K->5850772K(12541952K), 0.0296330 secs] [Times: user=0.23 sys=0.01, real=0.03 secs] 
2011-03-01T03:44:56.111+0000: 9797.502: [GC 9797.503: [ParNew: 360540K->33400K(368640K), 0.0297850 secs] 6178452K->5857367K(12541952K), 0.0302870 secs] [Times: user=0.22 sys=0.00, real=0.03 secs] 
2011-03-01T03:44:56.572+0000: 9797.963: [GC 9797.964: [ParNew: 361026K->17726K(368640K), 0.0336440 secs] 6184993K->5846748K(12541952K), 0.0341470 secs] [Times: user=0.24 sys=0.01, real=0.03 secs] 
2011-03-01T03:44:57.073+0000: 9798.465: [GC 9798.465: [ParNew: 345406K->24764K(368640K), 0.0281610 secs] 6174428K->5853786K(12541952K), 0.0286830 secs] [Times: user=0.17 sys=0.00, real=0.03 secs] 
2011-03-01T03:44:57.585+0000: 9798.976: [GC 9798.977: [ParNew: 352444K->11332K(368640K), 0.0285940 secs] 6181466K->5845567K(12541952K), 0.0291130 secs] [Times: user=0.19 sys=0.00, real=0.03 secs] 
2011-03-01T03:44:58.097+0000: 9799.488: [GC 9799.489: [ParNew: 339012K->14686K(368640K), 0.0269310 secs] 6173247K->5848921K(12541952K), 0.0274370 secs] [Times: user=0.21 sys=0.00, real=0.03 secs] 
2011-03-01T03:44:58.755+0000: 9800.147: [GC 9800.147: [ParNew: 342366K->25570K(368640K), 0.0334080 secs] 6176601K->5861108K(12541952K), 0.0339140 secs] [Times: user=0.24 sys=0.00, real=0.03 secs] 
2011-03-01T03:44:59.282+0000: 9800.674: [GC 9800.674: [ParNew: 353250K->36490K(368640K), 0.0349460 secs] 6188788K->5874558K(12541952K), 0.0354600 secs] [Times: user=0.27 sys=0.00, real=0.03 secs] 
2011-03-01T03:44:59.936+0000: 9801.327: [GC 9801.328: [ParNew: 364170K->9808K(368640K), 0.0335300 secs] 6202238K->5858500K(12541952K), 0.0340430 secs] [Times: user=0.24 sys=0.00, real=0.03 secs] 
2011-03-01T03:45:00.411+0000: 9801.802: [GC 9801.802: [ParNew: 337488K->16095K(368640K), 0.0290410 secs] 6186180K->5864787K(12541952K), 0.0295330 secs] [Times: user=0.23 sys=0.00, real=0.03 secs] 
2011-03-01T03:45:00.918+0000: 9802.309: [GC 9802.310: [ParNew: 343775K->26709K(368640K), 0.0320950 secs] 6192467K->5875401K(12541952K), 0.0325940 secs] [Times: user=0.24 sys=0.00, real=0.03 secs] 
2011-03-01T03:45:01.611+0000: 9803.002: [GC 9803.002: [ParNew: 354384K->24727K(368640K), 0.0349270 secs] 6203076K->5879456K(12541952K), 0.0355090 secs] [Times: user=0.29 sys=0.00, real=0.04 secs] 
2011-03-01T03:45:02.448+0000: 9803.839: [GC 9803.839: [ParNew: 352407K->34070K(368640K), 0.0285680 secs] 6207136K->5888799K(12541952K), 0.0291090 secs] [Times: user=0.24 sys=0.00, real=0.03 secs] 
2011-03-01T03:45:03.795+0000: 9805.186: [GC 9805.186: [ParNew: 361750K->28387K(368640K), 0.0358580 secs] 6216479K->5889546K(12541952K), 0.0363610 secs] [Times: user=0.23 sys=0.04, real=0.03 secs] 
2011-03-01T03:45:06.079+0000: 9807.470: [GC 9807.470: [ParNew: 356067K->29589K(368640K), 0.0339850 secs] 6217226K->5893463K(12541952K), 0.0345070 secs] [Times: user=0.24 sys=0.00, real=0.04 secs] 
2011-03-01T03:45:08.161+0000: 9809.552: [GC 9809.552: [ParNew: 357269K->23728K(368640K), 0.0348050 secs] 6221143K->5891755K(12541952K), 0.0353230 secs] [Times: user=0.32 sys=0.00, real=0.04 secs] 
2011-03-01T03:45:10.534+0000: 9811.926: [GC 9811.926: [ParNew: 351408K->25926K(368640K), 0.0360120 secs] 6219435K->5901522K(12541952K), 0.0363930 secs] [Times: user=0.25 sys=0.00, real=0.03 secs] 
2011-03-01T03:45:12.419+0000: 9813.810: [GC 9813.810: [ParNew: 353553K->40960K(368640K), 0.0356060 secs] 6229149K->5919874K(12541952K), 0.0360480 secs] [Times: user=0.27 sys=0.00, real=0.04 secs] 
2011-03-01T03:45:14.262+0000: 9815.654: [GC 9815.654: [ParNew: 368618K->17334K(368640K), 0.0360100 secs] 6247532K->5910515K(12541952K), 0.0365160 secs] [Times: user=0.29 sys=0.01, real=0.03 secs] 
2011-03-01T03:45:16.659+0000: 9818.050: [GC 9818.051: [ParNew: 345014K->26015K(368640K), 0.0301140 secs] 6238195K->5919197K(12541952K), 0.0306000 secs] [Times: user=0.24 sys=0.00, real=0.03 secs] 
2011-03-01T03:45:18.607+0000: 9819.998: [GC 9819.998: [ParNew: 353695K->35019K(368640K), 0.0361780 secs] 6246877K->5932870K(12541952K), 0.0366620 secs] [Times: user=0.25 sys=0.00, real=0.04 secs] 
2011-03-01T03:45:20.351+0000: 9821.743: [GC 9821.743: [ParNew: 362699K->11488K(368640K), 0.0356940 secs] 6260550K->5916453K(12541952K), 0.0361840 secs] [Times: user=0.30 sys=0.00, real=0.04 secs] 
2011-03-01T03:45:22.038+0000: 9823.429: [GC 9823.429: [ParNew: 339168K->35213K(368640K), 0.0341240 secs] 6244133K->5940179K(12541952K), 0.0346170 secs] [Times: user=0.24 sys=0.00, real=0.04 secs] 
2011-03-01T03:45:23.298+0000: 9824.689: [GC 9824.689: [ParNew: 299948K->35944K(368640K), 0.0405780 secs] 6204914K->5949058K(12541952K), 0.0410680 secs] [Times: user=0.32 sys=0.00, real=0.04 secs] 
2011-03-01T03:45:24.125+0000: 9825.516: [GC 9825.517: [ParNew: 363624K->29501K(368640K), 0.0355750 secs] 6276738K->5949771K(12541952K), 0.0360650 secs] [Times: user=0.24 sys=0.00, real=0.03 secs] 
2011-03-01T03:45:25.629+0000: 9827.020: [GC 9827.020: [ParNew: 357181K->26340K(368640K), 0.0369470 secs] 6277451K->5953297K(12541952K), 0.0374390 secs] [Times: user=0.30 sys=0.00, real=0.04 secs] 
2011-03-01T03:45:26.972+0000: 9828.364: [GC 9828.364: [ParNew: 354020K->29139K(368640K), 0.0356520 secs] 6280977K->5962357K(12541952K), 0.0361400 secs] [Times: user=0.27 sys=0.00, real=0.03 secs] 
2011-03-01T03:45:28.617+0000: 9830.008: [GC 9830.009: [ParNew: 356819K->15702K(368640K), 0.0381450 secs] 6290037K->5959593K(12541952K), 0.0386470 secs] [Times: user=0.27 sys=0.00, real=0.04 secs] 
2011-03-01T03:45:30.710+0000: 9832.101: [GC 9832.101: [ParNew: 343382K->22988K(368640K), 0.0316190 secs] 6287273K->5966880K(12541952K), 0.0319800 secs] [Times: user=0.24 sys=0.00, real=0.03 secs] 
2011-03-01T03:45:32.162+0000: 9833.553: [GC 9833.553: [ParNew: 350668K->28598K(368640K), 0.0378400 secs] 6294560K->5977880K(12541952K), 0.0382070 secs] [Times: user=0.29 sys=0.01, real=0.04 secs] 
2011-03-01T03:45:33.540+0000: 9834.931: [GC 9834.931: [ParNew: 356278K->33494K(368640K), 0.0374310 secs] 6305560K->5987999K(12541952K), 0.0377950 secs] [Times: user=0.32 sys=0.00, real=0.04 secs] 
2011-03-01T03:45:34.947+0000: 9836.339: [GC 9836.339: [ParNew: 361174K->32117K(368640K), 0.0360760 secs] 6315679K->5994009K(12541952K), 0.0364380 secs] [Times: user=0.25 sys=0.01, real=0.04 secs] 
2011-03-01T03:45:35.633+0000: 9837.024: [GC 9837.024: [ParNew: 359797K->40960K(368640K), 0.0740520 secs] 6321689K->6026474K(12541952K), 0.0744150 secs] [Times: user=0.57 sys=0.02, real=0.07 secs] 
2011-03-01T03:45:36.115+0000: 9837.506: [GC 9837.507: [ParNew: 368640K->39566K(368640K), 0.0503220 secs] 6354154K->6045352K(12541952K), 0.0507350 secs] [Times: user=0.35 sys=0.00, real=0.05 secs] 
2011-03-01T03:45:36.471+0000: 9837.862: [GC 9837.862: [ParNew: 367246K->39998K(368640K), 0.0461490 secs] 6373032K->6056433K(12541952K), 0.0465180 secs] [Times: user=0.37 sys=0.01, real=0.05 secs] 
2011-03-01T03:45:36.777+0000: 9838.169: [GC 9838.169: [ParNew: 367678K->40960K(368640K), 0.0528400 secs] 6384113K->6130856K(12541952K), 0.0532240 secs] [Times: user=0.37 sys=0.00, real=0.05 secs] 
2011-03-01T03:45:37.100+0000: 9838.491: [GC 9838.491: [ParNew: 368640K->36633K(368640K), 0.0410640 secs] 6458536K->6146155K(12541952K), 0.0414420 secs] [Times: user=0.32 sys=0.00, real=0.04 secs] 
2011-03-01T03:45:37.431+0000: 9838.823: [GC 9838.823: [ParNew: 364313K->40960K(368640K), 0.0681080 secs] 6473835K->6169431K(12541952K), 0.0686010 secs] [Times: user=0.51 sys=0.01, real=0.07 secs] 
2011-03-01T03:45:37.705+0000: 9839.097: [GC 9839.097: [ParNew: 368640K->40960K(368640K), 0.0694190 secs] 6497111K->6183456K(12541952K), 0.0698030 secs] [Times: user=0.44 sys=0.00, real=0.07 secs] 
2011-03-01T03:45:38.023+0000: 9839.414: [GC 9839.415: [ParNew: 368640K->40960K(368640K), 0.0554330 secs] 6511136K->6194320K(12541952K), 0.0558190 secs] [Times: user=0.42 sys=0.01, real=0.05 secs] 
2011-03-01T03:45:38.320+0000: 9839.711: [GC 9839.711: [ParNew: 368640K->38579K(368640K), 0.0475010 secs] 6522000K->6201989K(12541952K), 0.0479890 secs] [Times: user=0.40 sys=0.00, real=0.05 secs] 
2011-03-01T03:45:39.291+0000: 9840.682: [GC 9840.682: [ParNew: 366259K->28021K(368640K), 0.0505650 secs] 6529669K->6212185K(12541952K), 0.0510620 secs] [Times: user=0.34 sys=0.01, real=0.06 secs] 
2011-03-01T03:45:39.644+0000: 9841.035: [GC 9841.035: [ParNew: 355701K->40960K(368640K), 0.0410380 secs] 6539865K->6226194K(12541952K), 0.0415290 secs] [Times: user=0.30 sys=0.01, real=0.04 secs] 
2011-03-01T03:45:40.011+0000: 9841.402: [GC 9841.402: [ParNew: 368640K->39213K(368640K), 0.0511940 secs] 6553874K->6236331K(12541952K), 0.0516340 secs] [Times: user=0.38 sys=0.00, real=0.06 secs] 
2011-03-01T03:45:40.479+0000: 9841.870: [GC 9841.870: [ParNew: 366893K->28195K(368640K), 0.0439350 secs] 6564011K->6234835K(12541952K), 0.0442980 secs] [Times: user=0.32 sys=0.00, real=0.05 secs] 
2011-03-01T03:45:40.976+0000: 9842.367: [GC 9842.368: [ParNew: 355875K->27924K(368640K), 0.0379880 secs] 6562515K->6234565K(12541952K), 0.0383630 secs] [Times: user=0.29 sys=0.00, real=0.04 secs] 
2011-03-01T03:45:41.494+0000: 9842.885: [GC 9842.885: [ParNew: 355604K->27717K(368640K), 0.0463800 secs] 6562245K->6239162K(12541952K), 0.0467460 secs] [Times: user=0.33 sys=0.01, real=0.04 secs] 
2011-03-01T03:45:42.269+0000: 9843.660: [GC 9843.660: [ParNew: 355397K->30841K(368640K), 0.0463970 secs] 6566842K->6248944K(12541952K), 0.0467550 secs] [Times: user=0.35 sys=0.00, real=0.05 secs] 
2011-03-01T03:45:43.082+0000: 9844.474: [GC 9844.474: [ParNew: 358521K->28840K(368640K), 0.0552680 secs] 6576624K->6320575K(12541952K), 0.0556310 secs] [Times: user=0.43 sys=0.00, real=0.05 secs] 
2011-03-01T03:45:43.857+0000: 9845.248: [GC 9845.248: [ParNew: 356520K->17051K(368640K), 0.0506710 secs] 6648255K->6331300K(12541952K), 0.0510280 secs] [Times: user=0.36 sys=0.02, real=0.05 secs] 
2011-03-01T03:45:44.526+0000: 9845.918: [GC 9845.918: [ParNew: 344731K->24927K(368640K), 0.0433250 secs] 6658980K->6339175K(12541952K), 0.0436870 secs] [Times: user=0.32 sys=0.00, real=0.04 secs] 
2011-03-01T03:45:45.228+0000: 9846.619: [GC 9846.619: [ParNew: 352607K->25176K(368640K), 0.0571890 secs] 6666855K->6347002K(12541952K), 0.0575520 secs] [Times: user=0.43 sys=0.00, real=0.06 secs] 
2011-03-01T03:45:45.911+0000: 9847.302: [GC 9847.302: [ParNew: 352856K->23394K(368640K), 0.0532050 secs] 6674682K->6353365K(12541952K), 0.0535670 secs] [Times: user=0.40 sys=0.01, real=0.06 secs] 
2011-03-01T03:45:46.703+0000: 9848.094: [GC 9848.094: [ParNew: 351074K->40960K(368640K), 0.0511400 secs] 6681045K->6371385K(12541952K), 0.0515010 secs] [Times: user=0.39 sys=0.01, real=0.05 secs] 
2011-03-01T03:45:47.952+0000: 9849.343: [GC 9849.343: [ParNew: 368640K->28691K(368640K), 0.0596620 secs] 6699065K->6372639K(12541952K), 0.0600340 secs] [Times: user=0.44 sys=0.00, real=0.07 secs] 
2011-03-01T03:45:49.899+0000: 9851.290: [GC 9851.290: [ParNew: 356371K->34682K(368640K), 0.0509060 secs] 6700319K->6389364K(12541952K), 0.0512710 secs] [Times: user=0.37 sys=0.02, real=0.05 secs] 
2011-03-01T03:45:50.656+0000: 9852.047: [GC 9852.047: [ParNew: 362362K->38905K(368640K), 0.0664860 secs] 6717044K->6469775K(12541952K), 0.0668470 secs] [Times: user=0.45 sys=0.00, real=0.07 secs] 
2011-03-01T03:45:51.436+0000: 9852.827: [GC 9852.827: [ParNew: 366585K->34761K(368640K), 0.0492970 secs] 6797455K->6476559K(12541952K), 0.0496580 secs] [Times: user=0.35 sys=0.01, real=0.05 secs] 
2011-03-01T03:45:52.257+0000: 9853.648: [GC 9853.648: [ParNew: 362441K->28598K(368640K), 0.0385060 secs] 6804239K->6487693K(12541952K), 0.0388690 secs] [Times: user=0.30 sys=0.01, real=0.04 secs] 
2011-03-01T03:45:53.064+0000: 9854.456: [GC 9854.456: [ParNew: 356278K->32282K(368640K), 0.0547540 secs] 6815373K->6497176K(12541952K), 0.0551850 secs] [Times: user=0.40 sys=0.00, real=0.05 secs] 
2011-03-01T03:45:54.339+0000: 9855.730: [GC 9855.730: [ParNew: 359962K->20506K(368640K), 0.0527250 secs] 6824856K->6493190K(12541952K), 0.0532350 secs] [Times: user=0.39 sys=0.02, real=0.05 secs] 
2011-03-01T03:45:55.156+0000: 9856.547: [GC 9856.548: [ParNew: 348186K->24421K(368640K), 0.0466170 secs] 6820870K->6497105K(12541952K), 0.0471250 secs] [Times: user=0.34 sys=0.00, real=0.05 secs] 
2011-03-01T03:45:55.736+0000: 9857.127: [GC 9857.128: [ParNew: 352101K->37973K(368640K), 0.0473960 secs] 6824785K->6510657K(12541952K), 0.0478980 secs] [Times: user=0.37 sys=0.00, real=0.05 secs] 
2011-03-01T03:45:56.412+0000: 9857.803: [GC 9857.803: [ParNew: 365653K->31942K(368640K), 0.0682310 secs] 6838337K->6521715K(12541952K), 0.0687430 secs] [Times: user=0.48 sys=0.00, real=0.07 secs] 
2011-03-01T03:45:57.145+0000: 9858.537: [GC 9858.537: [ParNew: 359622K->27070K(368640K), 0.0459760 secs] 6849395K->6527835K(12541952K), 0.0464650 secs] [Times: user=0.32 sys=0.00, real=0.04 secs] 
2011-03-01T03:45:57.858+0000: 9859.249: [GC 9859.249: [ParNew: 354750K->24809K(368640K), 0.0440910 secs] 6855515K->6533559K(12541952K), 0.0445960 secs] [Times: user=0.32 sys=0.00, real=0.05 secs] 
2011-03-01T03:45:58.506+0000: 9859.897: [GC 9859.897: [ParNew: 352489K->25438K(368640K), 0.0374410 secs] 6861239K->6534187K(12541952K), 0.0379600 secs] [Times: user=0.26 sys=0.01, real=0.04 secs] 
2011-03-01T03:45:59.266+0000: 9860.657: [GC 9860.658: [ParNew: 353118K->40960K(368640K), 0.0432320 secs] 6861867K->6549714K(12541952K), 0.0437230 secs] [Times: user=0.32 sys=0.00, real=0.04 secs] 
2011-03-01T03:46:00.117+0000: 9861.508: [GC 9861.508: [ParNew: 368640K->27995K(368640K), 0.0624000 secs] 6877394K->6568848K(12541952K), 0.0628970 secs] [Times: user=0.41 sys=0.00, real=0.06 secs] 
2011-03-01T03:46:00.666+0000: 9862.057: [GC 9862.058: [ParNew: 355675K->25415K(368640K), 0.0387320 secs] 6896528K->6566268K(12541952K), 0.0391080 secs] [Times: user=0.30 sys=0.00, real=0.04 secs] 
2011-03-01T03:46:01.532+0000: 9862.923: [GC 9862.923: [ParNew: 353095K->40960K(368640K), 0.0554230 secs] 6893948K->6589019K(12541952K), 0.0557910 secs] [Times: user=0.47 sys=0.00, real=0.06 secs] 
2011-03-01T03:46:03.495+0000: 9864.886: [GC 9864.886: [ParNew: 368640K->30412K(368640K), 0.0764310 secs] 6916699K->6619981K(12541952K), 0.0767960 secs] [Times: user=0.56 sys=0.00, real=0.07 secs] 
2011-03-01T03:46:05.636+0000: 9867.027: [GC 9867.028: [ParNew: 358092K->40960K(368640K), 0.0414550 secs] 6947661K->6630855K(12541952K), 0.0418260 secs] [Times: user=0.31 sys=0.00, real=0.04 secs] 
2011-03-01T03:46:07.724+0000: 9869.115: [GC 9869.115: [ParNew: 368604K->26140K(368640K), 0.0569550 secs] 6958499K->6641739K(12541952K), 0.0573270 secs] [Times: user=0.40 sys=0.00, real=0.05 secs] 
2011-03-01T03:46:09.954+0000: 9871.346: [GC 9871.346: [ParNew: 353820K->16675K(368640K), 0.0462830 secs] 6969419K->6647886K(12541952K), 0.0466680 secs] [Times: user=0.34 sys=0.00, real=0.04 secs] 
2011-03-01T03:46:11.670+0000: 9873.061: [GC 9873.061: [ParNew: 344355K->24954K(368640K), 0.0373980 secs] 6975566K->6656165K(12541952K), 0.0377680 secs] [Times: user=0.32 sys=0.00, real=0.04 secs] 
2011-03-01T03:46:14.416+0000: 9875.807: [GC 9875.808: [ParNew: 352707K->40960K(368640K), 0.0464250 secs] 6983918K->6672416K(12541952K), 0.0468080 secs] [Times: user=0.32 sys=0.00, real=0.05 secs] 
2011-03-01T03:46:14.466+0000: 9875.857: [GC 9875.857: [ParNew: 41556K->29751K(368640K), 0.0604080 secs] 6673013K->6695338K(12541952K), 0.0607150 secs] [Times: user=0.41 sys=0.00, real=0.06 secs] 
2011-03-01T03:46:16.725+0000: 9878.116: [GC 9878.117: [ParNew: 357431K->13991K(368640K), 0.0325800 secs] 7023018K->6679578K(12541952K), 0.0330230 secs] [Times: user=0.24 sys=0.00, real=0.03 secs] 
2011-03-01T03:46:19.165+0000: 9880.557: [GC 9880.557: [ParNew: 341671K->39676K(368640K), 0.0438450 secs] 7007258K->6705263K(12541952K), 0.0443370 secs] [Times: user=0.32 sys=0.00, real=0.04 secs] 
2011-03-01T03:46:20.405+0000: 9881.796: [GC 9881.796: [ParNew: 367356K->27602K(368640K), 0.0625220 secs] 7032943K->6715212K(12541952K), 0.0630180 secs] [Times: user=0.41 sys=0.00, real=0.06 secs] 
2011-03-01T03:46:21.871+0000: 9883.262: [GC 9883.262: [ParNew: 355282K->31715K(368640K), 0.0555990 secs] 7042892K->6735926K(12541952K), 0.0600420 secs] [Times: user=0.41 sys=0.00, real=0.06 secs] 
2011-03-01T03:46:23.201+0000: 9884.593: [GC 9884.593: [ParNew: 359395K->28765K(368640K), 0.0528900 secs] 7063606K->6749137K(12541952K), 0.0534040 secs] [Times: user=0.40 sys=0.01, real=0.06 secs] 
2011-03-01T03:46:24.586+0000: 9885.977: [GC 9885.977: [ParNew: 356445K->26362K(368640K), 0.0530080 secs] 7076817K->6762394K(12541952K), 0.0535030 secs] [Times: user=0.40 sys=0.00, real=0.05 secs] 
2011-03-01T03:46:26.275+0000: 9887.666: [GC 9887.666: [ParNew: 354042K->39531K(368640K), 0.0439470 secs] 7090074K->6775563K(12541952K), 0.0444360 secs] [Times: user=0.32 sys=0.00, real=0.04 secs] 
2011-03-01T03:46:28.572+0000: 9889.963: [GC 9889.963: [ParNew: 367211K->30270K(368640K), 0.0656180 secs] 7103243K->6794834K(12541952K), 0.0661100 secs] [Times: user=0.49 sys=0.00, real=0.07 secs] 
2011-03-01T03:46:30.506+0000: 9891.897: [GC 9891.897: [ParNew: 357950K->40960K(368640K), 0.0420510 secs] 7122514K->6805640K(12541952K), 0.0425410 secs] [Times: user=0.32 sys=0.00, real=0.04 secs] 
2011-03-01T03:46:31.992+0000: 9893.383: [GC 9893.383: [ParNew: 368640K->32898K(368640K), 0.0636310 secs] 7133320K->6819356K(12541952K), 0.0652580 secs] [Times: user=0.48 sys=0.00, real=0.07 secs] 
2011-03-01T03:46:33.202+0000: 9894.594: [GC 9894.594: [ParNew: 360573K->19172K(368640K), 0.0506700 secs] 7147031K->6820894K(12541952K), 0.0511780 secs] [Times: user=0.41 sys=0.00, real=0.05 secs] 
2011-03-01T03:46:34.625+0000: 9896.017: [GC 9896.017: [ParNew: 346852K->40960K(368640K), 0.0612420 secs] 7148574K->6849644K(12541952K), 0.0617320 secs] [Times: user=0.44 sys=0.00, real=0.06 secs] 
2011-03-01T03:46:35.542+0000: 9896.933: [GC 9896.933: [ParNew: 368640K->38088K(368640K), 0.0785260 secs] 7177324K->6869219K(12541952K), 0.0790270 secs] [Times: user=0.56 sys=0.00, real=0.08 secs] 
2011-03-01T03:46:36.041+0000: 9897.432: [GC 9897.432: [ParNew: 365768K->32034K(368640K), 0.0553180 secs] 7196899K->6877530K(12541952K), 0.0557490 secs] [Times: user=0.41 sys=0.01, real=0.06 secs] 
2011-03-01T03:46:36.442+0000: 9897.833: [GC 9897.834: [ParNew: 359714K->40960K(368640K), 0.0655580 secs] 7205210K->6905319K(12541952K), 0.0659320 secs] [Times: user=0.44 sys=0.00, real=0.06 secs] 
2011-03-01T03:46:36.790+0000: 9898.181: [GC 9898.182: [ParNew: 368640K->34344K(368640K), 0.0563200 secs] 7232999K->6915896K(12541952K), 0.0568130 secs] [Times: user=0.39 sys=0.00, real=0.06 secs] 
2011-03-01T03:46:37.226+0000: 9898.617: [GC 9898.617: [ParNew: 362024K->38889K(368640K), 0.0552330 secs] 7243576K->6934074K(12541952K), 0.0617560 secs] [Times: user=0.39 sys=0.01, real=0.06 secs] 
2011-03-01T03:46:37.546+0000: 9898.937: [GC 9898.937: [ParNew: 366569K->36215K(368640K), 0.0591960 secs] 7261754K->6946840K(12541952K), 0.0595710 secs] [Times: user=0.40 sys=0.00, real=0.06 secs] 
2011-03-01T03:46:37.805+0000: 9899.196: [GC 9899.197: [ParNew: 363895K->40960K(368640K), 0.0791520 secs] 7274520K->6995945K(12541952K), 0.0795130 secs] [Times: user=0.56 sys=0.00, real=0.08 secs] 
2011-03-01T03:46:38.121+0000: 9899.512: [GC 9899.512: [ParNew: 368640K->40960K(368640K), 0.0556250 secs] 7323625K->7016335K(12541952K), 0.0559930 secs] [Times: user=0.41 sys=0.01, real=0.06 secs] 
2011-03-01T03:46:38.911+0000: 9900.302: [GC 9900.302: [ParNew: 368640K->38189K(368640K), 0.0441430 secs] 7344015K->7027981K(12541952K), 0.0445140 secs] [Times: user=0.32 sys=0.00, real=0.05 secs] 
2011-03-01T03:46:39.557+0000: 9900.949: [GC 9900.949: [ParNew: 365869K->35364K(368640K), 0.0418530 secs] 7355661K->7037115K(12541952K), 0.0422240 secs] [Times: user=0.31 sys=0.01, real=0.04 secs] 
2011-03-01T03:46:40.673+0000: 9902.064: [GC 9902.065: [ParNew: 363044K->16252K(368640K), 0.0385240 secs] 7364795K->7032016K(12541952K), 0.0388980 secs] [Times: user=0.27 sys=0.01, real=0.04 secs] 
2011-03-01T03:46:41.757+0000: 9903.148: [GC 9903.148: [ParNew: 343932K->40960K(368640K), 0.0386440 secs] 7359696K->7061961K(12541952K), 0.0390080 secs] [Times: user=0.28 sys=0.00, real=0.04 secs] 
2011-03-01T03:46:43.053+0000: 9904.444: [GC 9904.445: [ParNew: 368640K->15270K(368640K), 0.0550270 secs] 7389641K->7060194K(12541952K), 0.0553990 secs] [Times: user=0.39 sys=0.00, real=0.05 secs] 
2011-03-01T03:46:44.432+0000: 9905.824: [GC 9905.824: [ParNew: 342950K->40960K(368640K), 0.0391400 secs] 7387874K->7085884K(12541952K), 0.0395050 secs] [Times: user=0.28 sys=0.00, real=0.03 secs] 
2011-03-01T03:46:45.912+0000: 9907.303: [GC 9907.303: [ParNew: 368640K->15695K(368640K), 0.0537340 secs] 7413564K->7082015K(12541952K), 0.0541100 secs] [Times: user=0.37 sys=0.01, real=0.06 secs] 
2011-03-01T03:46:47.172+0000: 9908.563: [GC 9908.563: [ParNew: 343375K->29449K(368640K), 0.0366500 secs] 7409695K->7095770K(12541952K), 0.0370110 secs] [Times: user=0.30 sys=0.00, real=0.04 secs] 
2011-03-01T03:46:48.683+0000: 9910.074: [GC 9910.074: [ParNew: 357129K->40960K(368640K), 0.0449790 secs] 7423450K->7113451K(12541952K), 0.0453420 secs] [Times: user=0.36 sys=0.01, real=0.05 secs] 
2011-03-01T03:46:50.540+0000: 9911.931: [GC 9911.931: [ParNew: 368640K->36899K(368640K), 0.0477190 secs] 7441131K->7119358K(12541952K), 0.0480880 secs] [Times: user=0.40 sys=0.00, real=0.05 secs] 
2011-03-01T03:46:52.543+0000: 9913.934: [GC 9913.934: [ParNew: 364579K->30447K(368640K), 0.0436950 secs] 7447038K->7121543K(12541952K), 0.0441890 secs] [Times: user=0.32 sys=0.01, real=0.04 secs] 
2011-03-01T03:46:54.578+0000: 9915.969: [GC 9915.970: [ParNew: 358127K->29986K(368640K), 0.0394880 secs] 7449223K->7128868K(12541952K), 0.0435440 secs] [Times: user=0.29 sys=0.01, real=0.04 secs] 
2011-03-01T03:46:55.428+0000: 9916.820: [GC 9916.820: [ParNew: 357666K->14984K(368640K), 0.0385230 secs] 7456548K->7121543K(12541952K), 0.0389040 secs] [Times: user=0.29 sys=0.00, real=0.04 secs] 
2011-03-01T03:46:56.268+0000: 9917.659: [GC 9917.659: [ParNew: 342664K->32394K(368640K), 0.0261150 secs] 7449223K->7138953K(12541952K), 0.0264960 secs] [Times: user=0.21 sys=0.00, real=0.03 secs] 
2011-03-01T03:46:57.271+0000: 9918.663: [GC 9918.663: [ParNew: 360074K->33813K(368640K), 0.0409110 secs] 7466633K->7147442K(12541952K), 0.0412840 secs] [Times: user=0.29 sys=0.00, real=0.05 secs] 
2011-03-01T03:46:58.712+0000: 9920.103: [GC 9920.104: [ParNew: 361493K->15945K(368640K), 0.0376570 secs] 7475122K->7136176K(12541952K), 0.0380220 secs] [Times: user=0.29 sys=0.01, real=0.03 secs] 
2011-03-01T03:46:59.900+0000: 9921.291: [GC 9921.291: [ParNew: 343625K->33100K(368640K), 0.0365720 secs] 7463856K->7153331K(12541952K), 0.0371100 secs] [Times: user=0.32 sys=0.00, real=0.04 secs] 
2011-03-01T03:47:00.398+0000: 9921.789: [GC 9921.790: [ParNew: 360780K->40960K(368640K), 0.0436850 secs] 7481011K->7169568K(12541952K), 0.0442350 secs] [Times: user=0.33 sys=0.00, real=0.05 secs] 
2011-03-01T03:47:00.883+0000: 9922.274: [GC 9922.274: [ParNew: 368640K->20523K(368640K), 0.0387520 secs] 7497248K->7164850K(12541952K), 0.0391700 secs] [Times: user=0.27 sys=0.01, real=0.03 secs] 
2011-03-01T03:47:01.569+0000: 9922.960: [GC 9922.961: [ParNew: 348203K->31888K(368640K), 0.0289300 secs] 7492530K->7176214K(12541952K), 0.0293080 secs] [Times: user=0.23 sys=0.00, real=0.03 secs] 
2011-03-01T03:47:02.297+0000: 9923.688: [GC 9923.688: [ParNew: 359515K->10951K(368640K), 0.0380220 secs] 7503841K->7162652K(12541952K), 0.0383970 secs] [Times: user=0.28 sys=0.00, real=0.04 secs] 
2011-03-01T03:47:03.256+0000: 9924.647: [GC 9924.647: [ParNew: 338631K->19552K(368640K), 0.0359820 secs] 7490332K->7171253K(12541952K), 0.0363560 secs] [Times: user=0.24 sys=0.00, real=0.03 secs] 
2011-03-01T03:47:04.842+0000: 9926.233: [GC 9926.233: [ParNew: 347232K->31351K(368640K), 0.0357590 secs] 7498933K->7183052K(12541952K), 0.0361410 secs] [Times: user=0.27 sys=0.00, real=0.04 secs] 
2011-03-01T03:47:06.905+0000: 9928.296: [GC 9928.297: [ParNew: 359031K->24381K(368640K), 0.0432540 secs] 7510732K->7184853K(12541952K), 0.0436250 secs] [Times: user=0.32 sys=0.00, real=0.04 secs] 
2011-03-01T03:47:09.522+0000: 9930.913: [GC 9930.914: [ParNew: 352061K->40960K(368640K), 0.0419310 secs] 7512533K->7205210K(12541952K), 0.0423110 secs] [Times: user=0.33 sys=0.00, real=0.04 secs] 
2011-03-01T03:47:11.386+0000: 9932.777: [GC 9932.778: [ParNew: 368640K->31367K(368640K), 0.0472490 secs] 7532890K->7203035K(12541952K), 0.0476770 secs] [Times: user=0.33 sys=0.00, real=0.05 secs] 
2011-03-01T03:47:13.230+0000: 9934.621: [GC 9934.621: [ParNew: 359047K->40960K(368640K), 0.0735900 secs] 7530715K->7233554K(12541952K), 0.0740670 secs] [Times: user=0.57 sys=0.00, real=0.08 secs] 
2011-03-01T03:47:15.030+0000: 9936.421: [GC 9936.422: [ParNew: 368640K->32415K(368640K), 0.0462840 secs] 7561234K->7240718K(12541952K), 0.0467790 secs] [Times: user=0.36 sys=0.00, real=0.05 secs] 
2011-03-01T03:47:16.996+0000: 9938.387: [GC 9938.387: [ParNew: 360095K->37743K(368640K), 0.0414820 secs] 7568398K->7253422K(12541952K), 0.0418640 secs] [Times: user=0.32 sys=0.00, real=0.04 secs] 
2011-03-01T03:47:19.153+0000: 9940.544: [GC 9940.544: [ParNew: 365423K->17413K(368640K), 0.0435300 secs] 7581102K->7249682K(12541952K), 0.0438960 secs] [Times: user=0.33 sys=0.00, real=0.04 secs] 
2011-03-01T03:47:20.592+0000: 9941.983: [GC 9942.004: [ParNew: 345093K->28996K(368640K), 0.0284540 secs] 7577362K->7261264K(12541952K), 0.0288560 secs] [Times: user=0.19 sys=0.00, real=0.05 secs] 
2011-03-01T03:47:22.303+0000: 9943.694: [GC 9943.694: [ParNew: 356676K->40960K(368640K), 0.0387010 secs] 7588944K->7283059K(12541952K), 0.0390630 secs] [Times: user=0.27 sys=0.01, real=0.03 secs] 
2011-03-01T03:47:23.701+0000: 9945.092: [GC 9945.093: [ParNew: 368640K->31318K(368640K), 0.0477810 secs] 7610739K->7290229K(12541952K), 0.0481490 secs] [Times: user=0.40 sys=0.00, real=0.05 secs] 
2011-03-01T03:47:25.048+0000: 9946.439: [GC 9946.439: [ParNew: 358998K->16527K(368640K), 0.0403130 secs] 7617909K->7284682K(12541952K), 0.0406770 secs] [Times: user=0.31 sys=0.01, real=0.04 secs] 
2011-03-01T03:47:26.443+0000: 9947.835: [GC 9947.835: [ParNew: 344207K->32021K(368640K), 0.0374000 secs] 7612362K->7300176K(12541952K), 0.0378490 secs] [Times: user=0.26 sys=0.00, real=0.03 secs] 
2011-03-01T03:47:28.093+0000: 9949.484: [GC 9949.485: [ParNew: 359701K->39062K(368640K), 0.0423820 secs] 7627856K->7314107K(12541952K), 0.0428700 secs] [Times: user=0.34 sys=0.00, real=0.04 secs] 
2011-03-01T03:47:30.371+0000: 9951.762: [GC 9951.763: [ParNew: 366742K->40960K(368640K), 0.0443970 secs] 7641787K->7325253K(12541952K), 0.0448780 secs] [Times: user=0.35 sys=0.00, real=0.05 secs] 
2011-03-01T03:47:31.612+0000: 9953.003: [GC 9953.003: [ParNew: 368640K->29336K(368640K), 0.0464900 secs] 7652933K->7329188K(12541952K), 0.0470210 secs] [Times: user=0.39 sys=0.00, real=0.05 secs] 
2011-03-01T03:47:33.092+0000: 9954.483: [GC 9954.483: [ParNew: 357016K->22910K(368640K), 0.0381910 secs] 7656868K->7331735K(12541952K), 0.0386990 secs] [Times: user=0.30 sys=0.00, real=0.04 secs] 
2011-03-01T03:47:34.344+0000: 9955.735: [GC 9955.736: [ParNew: 350590K->40960K(368640K), 0.0364460 secs] 7659415K->7350621K(12541952K), 0.0369850 secs] [Times: user=0.25 sys=0.01, real=0.03 secs] 
2011-03-01T03:47:35.503+0000: 9956.894: [GC 9956.895: [ParNew: 368640K->26804K(368640K), 0.0503130 secs] 7678301K->7352616K(12541952K), 0.0507420 secs] [Times: user=0.35 sys=0.00, real=0.05 secs] 
2011-03-01T03:47:36.020+0000: 9957.411: [GC 9957.411: [ParNew: 354484K->40940K(368640K), 0.0654370 secs] 7680296K->7377862K(12541952K), 0.0658070 secs] [Times: user=0.53 sys=0.00, real=0.07 secs] 
2011-03-01T03:47:36.423+0000: 9957.814: [GC 9957.815: [ParNew: 368620K->39562K(368640K), 0.0590810 secs] 7705542K->7388240K(12541952K), 0.0594660 secs] [Times: user=0.42 sys=0.00, real=0.06 secs] 
2011-03-01T03:47:36.760+0000: 9958.151: [GC 9958.152: [ParNew: 367213K->40506K(368640K), 0.0516110 secs] 7715891K->7402202K(12541952K), 0.0519770 secs] [Times: user=0.40 sys=0.00, real=0.06 secs] 
2011-03-01T03:47:37.147+0000: 9958.539: [GC 9958.539: [ParNew: 368186K->40960K(368640K), 0.0512320 secs] 7729882K->7415370K(12541952K), 0.0515940 secs] [Times: user=0.40 sys=0.00, real=0.05 secs] 
2011-03-01T03:47:37.680+0000: 9959.071: [GC 9959.071: [ParNew: 368640K->40960K(368640K), 0.0613710 secs] 7743050K->7431869K(12541952K), 0.0618090 secs] [Times: user=0.48 sys=0.00, real=0.06 secs] 
2011-03-01T03:47:38.035+0000: 9959.426: [GC 9959.426: [ParNew: 368640K->40960K(368640K), 0.0611050 secs] 7759549K->7451276K(12541952K), 0.0614680 secs] [Times: user=0.41 sys=0.00, real=0.06 secs] 
2011-03-01T03:47:38.420+0000: 9959.812: [GC 9959.812: [ParNew: 368640K->40960K(368640K), 0.0513680 secs] 7778956K->7461912K(12541952K), 0.0517420 secs] [Times: user=0.40 sys=0.00, real=0.06 secs] 
2011-03-01T03:47:38.914+0000: 9960.305: [GC 9960.305: [ParNew: 368640K->19850K(368640K), 0.0664220 secs] 7789592K->7455492K(12541952K), 0.0667850 secs] [Times: user=0.44 sys=0.00, real=0.06 secs] 
2011-03-01T03:47:39.551+0000: 9960.942: [GC 9960.942: [ParNew: 347530K->40960K(368640K), 0.0370910 secs] 7783172K->7477508K(12541952K), 0.0374550 secs] [Times: user=0.32 sys=0.00, real=0.04 secs] 
2011-03-01T03:47:40.860+0000: 9962.252: [GC 9962.252: [ParNew: 368623K->34278K(368640K), 0.0483400 secs] 7805172K->7479284K(12541952K), 0.0487060 secs] [Times: user=0.40 sys=0.00, real=0.05 secs] 
2011-03-01T03:47:42.234+0000: 9963.625: [GC 9963.625: [ParNew: 361958K->24037K(368640K), 0.0453000 secs] 7806964K->7478513K(12541952K), 0.0456650 secs] [Times: user=0.34 sys=0.00, real=0.04 secs] 
2011-03-01T03:47:43.655+0000: 9965.047: [GC 9965.047: [ParNew: 351717K->40960K(368640K), 0.0438810 secs] 7806193K->7498674K(12541952K), 0.0442570 secs] [Times: user=0.32 sys=0.00, real=0.04 secs] 
2011-03-01T03:47:44.871+0000: 9966.262: [GC 9966.263: [ParNew: 368640K->36821K(368640K), 0.0511610 secs] 7826354K->7524956K(12541952K), 0.0515410 secs] [Times: user=0.39 sys=0.01, real=0.06 secs] 
2011-03-01T03:47:46.313+0000: 9967.705: [GC 9967.705: [ParNew: 364501K->14802K(368640K), 0.0334160 secs] 7852636K->7521382K(12541952K), 0.0337840 secs] [Times: user=0.26 sys=0.00, real=0.03 secs] 
2011-03-01T03:47:47.600+0000: 9968.991: [GC 9968.992: [ParNew: 342482K->32338K(368640K), 0.0370580 secs] 7849062K->7538917K(12541952K), 0.0374180 secs] [Times: user=0.32 sys=0.00, real=0.04 secs] 
2011-03-01T03:47:49.290+0000: 9970.682: [GC 9970.682: [ParNew: 358286K->24607K(368640K), 0.0433200 secs] 7864865K->7546135K(12541952K), 0.0436810 secs] [Times: user=0.32 sys=0.00, real=0.05 secs] 
2011-03-01T03:47:51.931+0000: 9973.322: [GC 9973.323: [ParNew: 352287K->25941K(368640K), 0.0363700 secs] 7873815K->7554006K(12541952K), 0.0367320 secs] [Times: user=0.31 sys=0.00, real=0.04 secs] 
2011-03-01T03:47:54.319+0000: 9975.710: [GC 9975.710: [ParNew: 353621K->20917K(368640K), 0.0397240 secs] 7881686K->7559251K(12541952K), 0.0401030 secs] [Times: user=0.32 sys=0.00, real=0.04 secs] 
2011-03-01T03:47:55.532+0000: 9976.923: [GC 9976.923: [ParNew: 348571K->37613K(368640K), 0.0290570 secs] 7886906K->7575948K(12541952K), 0.0294300 secs] [Times: user=0.20 sys=0.01, real=0.03 secs] 
2011-03-01T03:47:56.504+0000: 9977.895: [GC 9977.895: [ParNew: 365293K->16016K(368640K), 0.0461380 secs] 7903628K->7567468K(12541952K), 0.0465220 secs] [Times: user=0.33 sys=0.00, real=0.04 secs] 
2011-03-01T03:47:57.221+0000: 9978.612: [GC 9978.612: [ParNew: 343696K->25775K(368640K), 0.0348200 secs] 7895148K->7577227K(12541952K), 0.0351950 secs] [Times: user=0.29 sys=0.00, real=0.04 secs] 
2011-03-01T03:47:57.745+0000: 9979.136: [GC 9979.136: [ParNew: 353455K->28519K(368640K), 0.0371990 secs] 7904907K->7583465K(12541952K), 0.0375720 secs] [Times: user=0.23 sys=0.01, real=0.03 secs] 
2011-03-01T03:47:58.632+0000: 9980.024: [GC 9980.024: [ParNew: 356199K->19472K(368640K), 0.0355450 secs] 7911145K->7578904K(12541952K), 0.0359200 secs] [Times: user=0.27 sys=0.00, real=0.04 secs] 
2011-03-01T03:47:59.634+0000: 9981.025: [GC 9981.025: [ParNew: 347130K->28836K(368640K), 0.0540800 secs] 7906562K->7588268K(12541952K), 0.0544630 secs] [Times: user=0.36 sys=0.00, real=0.05 secs] 
2011-03-01T03:48:00.098+0000: 9981.490: [GC 9981.490: [ParNew: 356516K->37352K(368640K), 0.0476200 secs] 7915948K->7602999K(12541952K), 0.0479960 secs] [Times: user=0.38 sys=0.01, real=0.05 secs] 
2011-03-01T03:48:00.499+0000: 9981.890: [GC 9981.890: [ParNew: 365032K->31877K(368640K), 0.0471480 secs] 7930679K->7606192K(12541952K), 0.0475260 secs] [Times: user=0.35 sys=0.01, real=0.05 secs] 
2011-03-01T03:48:01.006+0000: 9982.397: [GC 9982.397: [ParNew: 359557K->21080K(368640K), 0.0383840 secs] 7933872K->7602094K(12541952K), 0.0387610 secs] [Times: user=0.27 sys=0.01, real=0.04 secs] 
2011-03-01T03:48:01.804+0000: 9983.195: [GC 9983.195: [ParNew: 348717K->33295K(368640K), 0.0398530 secs] 7929730K->7614309K(12541952K), 0.0402160 secs] [Times: user=0.28 sys=0.01, real=0.04 secs] 
2011-03-01T03:48:03.844+0000: 9985.235: [GC 9985.236: [ParNew: 360975K->27378K(368640K), 0.0446050 secs] 7941989K->7616895K(12541952K), 0.0449800 secs] [Times: user=0.32 sys=0.00, real=0.04 secs] 
2011-03-01T03:48:06.133+0000: 9987.524: [GC 9987.525: [ParNew: 355058K->27824K(368640K), 0.0393100 secs] 7944575K->7623854K(12541952K), 0.0396830 secs] [Times: user=0.27 sys=0.01, real=0.05 secs] 
2011-03-01T03:48:08.107+0000: 9989.498: [GC 9989.498: [ParNew: 355504K->28750K(368640K), 0.0445940 secs] 7951534K->7628278K(12541952K), 0.0449790 secs] [Times: user=0.31 sys=0.01, real=0.04 secs] 
2011-03-01T03:48:10.419+0000: 9991.810: [GC 9991.810: [ParNew: 356430K->35842K(368640K), 0.0440160 secs] 7955958K->7643736K(12541952K), 0.0443930 secs] [Times: user=0.33 sys=0.00, real=0.05 secs] 
2011-03-01T03:48:11.857+0000: 9993.249: [GC 9993.249: [ParNew: 363500K->18027K(368640K), 0.0455250 secs] 7971395K->7640071K(12541952K), 0.0458980 secs] [Times: user=0.31 sys=0.02, real=0.05 secs] 
2011-03-01T03:48:14.066+0000: 9995.457: [GC 9995.457: [ParNew: 345707K->30480K(368640K), 0.0366910 secs] 7967751K->7652524K(12541952K), 0.0371350 secs] [Times: user=0.24 sys=0.00, real=0.04 secs] 
2011-03-01T03:48:16.233+0000: 9997.624: [GC 9997.624: [ParNew: 358160K->25366K(368640K), 0.0446330 secs] 7980204K->7654868K(12541952K), 0.0451990 secs] [Times: user=0.35 sys=0.01, real=0.04 secs] 
2011-03-01T03:48:18.481+0000: 9999.872: [GC 9999.873: [ParNew: 353046K->40960K(368640K), 0.0473610 secs] 7982548K->7674307K(12541952K), 0.0479220 secs] [Times: user=0.37 sys=0.01, real=0.05 secs] 
2011-03-01T03:48:19.827+0000: 10001.218: [GC 10001.218: [ParNew: 368640K->24664K(368640K), 0.0440380 secs] 8001987K->7666189K(12541952K), 0.0445060 secs] [Times: user=0.32 sys=0.00, real=0.04 secs] 
2011-03-01T03:48:21.167+0000: 10002.558: [GC 10002.558: [ParNew: 352344K->35240K(368640K), 0.0447990 secs] 7993869K->7682655K(12541952K), 0.0453040 secs] [Times: user=0.33 sys=0.00, real=0.05 secs] 
2011-03-01T03:48:22.579+0000: 10003.971: [GC 10003.971: [ParNew: 362920K->35320K(368640K), 0.0446240 secs] 8010335K->7691068K(12541952K), 0.0451030 secs] [Times: user=0.34 sys=0.01, real=0.05 secs] 
2011-03-01T03:48:23.904+0000: 10005.295: [GC 10005.295: [ParNew: 363000K->13569K(368640K), 0.0461990 secs] 8018748K->7683744K(12541952K), 0.0466810 secs] [Times: user=0.32 sys=0.01, real=0.04 secs] 
2011-03-01T03:48:25.103+0000: 10006.494: [GC 10006.494: [ParNew: 340599K->40960K(368640K), 0.0406160 secs] 8010774K->7713580K(12541952K), 0.0411260 secs] [Times: user=0.29 sys=0.00, real=0.04 secs] 
2011-03-01T03:48:27.179+0000: 10008.570: [GC 10008.570: [ParNew: 368640K->16770K(368640K), 0.0539340 secs] 8041260K->7703602K(12541952K), 0.0544370 secs] [Times: user=0.41 sys=0.00, real=0.06 secs] 
2011-03-01T03:48:29.238+0000: 10010.629: [GC 10010.630: [ParNew: 344450K->30236K(368640K), 0.0370620 secs] 8031282K->7717068K(12541952K), 0.0375740 secs] [Times: user=0.32 sys=0.00, real=0.04 secs] 
2011-03-01T03:48:30.780+0000: 10012.171: [GC 10012.172: [ParNew: 357916K->38184K(368640K), 0.0521550 secs] 8044748K->7749585K(12541952K), 0.0526330 secs] [Times: user=0.40 sys=0.00, real=0.06 secs] 
2011-03-01T03:48:32.160+0000: 10013.551: [GC 10013.552: [ParNew: 365864K->29730K(368640K), 0.0428520 secs] 8077265K->7746974K(12541952K), 0.0433470 secs] [Times: user=0.32 sys=0.00, real=0.05 secs] 
2011-03-01T03:48:33.364+0000: 10014.755: [GC 10014.755: [ParNew: 357410K->30732K(368640K), 0.0476660 secs] 8074654K->7759627K(12541952K), 0.0481690 secs] [Times: user=0.33 sys=0.00, real=0.05 secs] 
2011-03-01T03:48:34.917+0000: 10016.309: [GC 10016.309: [ParNew: 358412K->38827K(368640K), 0.0466730 secs] 8087307K->7773906K(12541952K), 0.0471850 secs] [Times: user=0.35 sys=0.01, real=0.05 secs] 
2011-03-01T03:48:35.611+0000: 10017.002: [GC 10017.002: [ParNew: 366507K->40960K(368640K), 0.0537850 secs] 8101586K->7787930K(12541952K), 0.0543020 secs] [Times: user=0.40 sys=0.00, real=0.06 secs] 
2011-03-01T03:48:36.089+0000: 10017.481: [GC 10017.481: [ParNew: 368640K->39559K(368640K), 0.0603430 secs] 8115610K->7807471K(12541952K), 0.0607080 secs] [Times: user=0.46 sys=0.01, real=0.06 secs] 
2011-03-01T03:48:36.421+0000: 10017.812: [GC 10017.812: [ParNew: 367239K->35182K(368640K), 0.0619370 secs] 8135151K->7812268K(12541952K), 0.0623190 secs] [Times: user=0.40 sys=0.01, real=0.07 secs] 
2011-03-01T03:48:36.760+0000: 10018.151: [GC 10018.151: [ParNew: 362862K->40960K(368640K), 0.0486920 secs] 8139948K->7829026K(12541952K), 0.0490570 secs] [Times: user=0.36 sys=0.02, real=0.05 secs] 
2011-03-01T03:48:37.165+0000: 10018.556: [GC 10018.556: [ParNew: 368640K->31083K(368640K), 0.0358690 secs] 8156706K->7829572K(12541952K), 0.0362470 secs] [Times: user=0.24 sys=0.02, real=0.03 secs] 
2011-03-01T03:48:37.518+0000: 10018.909: [GC 10018.984: [ParNew: 358763K->40960K(368640K), 0.1385610 secs] 8157252K->7888766K(12541952K), 0.1390500 secs] [Times: user=0.89 sys=0.02, real=0.22 secs] 
2011-03-01T03:48:37.915+0000: 10019.306: [GC 10019.307: [ParNew: 368640K->40960K(368640K), 0.1140990 secs] 8216446K->7925046K(12541952K), 0.1144790 secs] [Times: user=0.80 sys=0.00, real=0.11 secs] 
2011-03-01T03:48:38.294+0000: 10019.686: [GC 10019.686: [ParNew: 366891K->40960K(368640K), 0.0641570 secs] 8250977K->7939750K(12541952K), 0.0645310 secs] [Times: user=0.43 sys=0.00, real=0.06 secs] 
2011-03-01T03:48:38.640+0000: 10020.031: [GC 10020.032: [ParNew: 368640K->40960K(368640K), 0.0660980 secs] 8267430K->8027687K(12541952K), 0.0664680 secs] [Times: user=0.51 sys=0.00, real=0.07 secs] 
2011-03-01T03:48:39.077+0000: 10020.468: [GC 10020.468: [ParNew: 368640K->32668K(368640K), 0.0409390 secs] 8355367K->8030178K(12541952K), 0.0413070 secs] [Times: user=0.32 sys=0.00, real=0.04 secs] 
2011-03-01T03:48:39.515+0000: 10020.906: [GC 10020.906: [ParNew: 360348K->33492K(368640K), 0.0420760 secs] 8357858K->8039772K(12541952K), 0.0424360 secs] [Times: user=0.31 sys=0.01, real=0.04 secs] 
2011-03-01T03:48:40.081+0000: 10021.472: [GC 10021.472: [ParNew: 361172K->15904K(368640K), 0.0359690 secs] 8367452K->8031997K(12541952K), 0.0363330 secs] [Times: user=0.30 sys=0.00, real=0.04 secs] 
2011-03-01T03:48:40.664+0000: 10022.055: [GC 10022.055: [ParNew: 343584K->25707K(368640K), 0.0303540 secs] 8359677K->8041799K(12541952K), 0.0307170 secs] [Times: user=0.23 sys=0.01, real=0.03 secs] 
2011-03-01T03:48:41.282+0000: 10022.673: [GC 10022.673: [ParNew: 353387K->35048K(368640K), 0.0412650 secs] 8369479K->8056129K(12541952K), 0.0416580 secs] [Times: user=0.32 sys=0.00, real=0.05 secs] 
2011-03-01T03:48:41.942+0000: 10023.333: [GC 10023.333: [ParNew: 362728K->40960K(368640K), 0.0430430 secs] 8383809K->8068878K(12541952K), 0.0434000 secs] [Times: user=0.34 sys=0.00, real=0.05 secs] 
2011-03-01T03:48:42.667+0000: 10024.058: [GC 10024.058: [ParNew: 368640K->17571K(368640K), 0.0515840 secs] 8396558K->8057611K(12541952K), 0.0519480 secs] [Times: user=0.40 sys=0.00, real=0.05 secs] 
2011-03-01T03:48:43.467+0000: 10024.858: [GC 10024.859: [ParNew: 345251K->26277K(368640K), 0.0398220 secs] 8385291K->8066317K(12541952K), 0.0402030 secs] [Times: user=0.32 sys=0.00, real=0.04 secs] 
2011-03-01T03:48:44.705+0000: 10026.097: [GC 10026.097: [ParNew: 353957K->40960K(368640K), 0.0431550 secs] 8393997K->8087754K(12541952K), 0.0435210 secs] [Times: user=0.32 sys=0.00, real=0.04 secs] 
2011-03-01T03:48:46.016+0000: 10027.407: [GC 10027.408: [ParNew: 368640K->23697K(368640K), 0.0425800 secs] 8415434K->8089855K(12541952K), 0.0429430 secs] [Times: user=0.32 sys=0.00, real=0.04 secs] 
2011-03-01T03:48:47.279+0000: 10028.671: [GC 10028.671: [ParNew: 351377K->40960K(368640K), 0.0415140 secs] 8417535K->8115558K(12541952K), 0.0418810 secs] [Times: user=0.32 sys=0.00, real=0.04 secs] 
2011-03-01T03:48:49.199+0000: 10030.590: [GC 10030.591: [ParNew: 368640K->23166K(368640K), 0.0409420 secs] 8443238K->8114994K(12541952K), 0.0413050 secs] [Times: user=0.31 sys=0.01, real=0.04 secs] 
2011-03-01T03:48:51.088+0000: 10032.480: [GC 10032.480: [ParNew: 350846K->40960K(368640K), 0.0373080 secs] 8442674K->8133149K(12541952K), 0.0376730 secs] [Times: user=0.32 sys=0.00, real=0.04 secs] 
2011-03-01T03:48:53.188+0000: 10034.579: [GC 10034.579: [ParNew: 321620K->35004K(368640K), 0.0504110 secs] 8413810K->8146414K(12541952K), 0.0508480 secs] [Times: user=0.38 sys=0.00, real=0.05 secs] 
2011-03-01T03:48:53.821+0000: 10035.213: [GC 10035.213: [ParNew: 362704K->8712K(368640K), 0.0524820 secs] 8474114K->8204445K(12541952K), 0.0529670 secs] [Times: user=0.39 sys=0.00, real=0.06 secs] 
2011-03-01T03:48:53.878+0000: 10035.269: [GC 10035.269: [ParNew: 8814K->6531K(368640K), 0.0296790 secs] 8204546K->8202264K(12541952K), 0.0300900 secs] [Times: user=0.24 sys=0.00, real=0.03 secs] 
2011-03-01T03:48:54.555+0000: 10035.946: [GC 10035.946: [ParNew: 334156K->12295K(368640K), 0.0447200 secs] 8529889K->8208028K(12541952K), 0.0452260 secs] [Times: user=0.32 sys=0.00, real=0.04 secs] 
2011-03-01T03:48:55.131+0000: 10036.522: [GC 10036.523: [ParNew: 339975K->27686K(368640K), 0.0444590 secs] 8535708K->8223418K(12541952K), 0.0449920 secs] [Times: user=0.38 sys=0.02, real=0.05 secs] 
2011-03-01T03:48:55.566+0000: 10036.957: [GC 10036.957: [ParNew: 355366K->27912K(368640K), 0.0513760 secs] 8551098K->8228515K(12541952K), 0.0518830 secs] [Times: user=0.39 sys=0.00, real=0.05 secs] 
2011-03-01T03:48:56.004+0000: 10037.396: [GC 10037.396: [ParNew: 355592K->34324K(368640K), 0.0522300 secs] 8556195K->8238164K(12541952K), 0.0527300 secs] [Times: user=0.40 sys=0.00, real=0.05 secs] 
2011-03-01T03:48:56.426+0000: 10037.817: [GC 10037.818: [ParNew: 362004K->27719K(368640K), 0.0603380 secs] 8565844K->8237122K(12541952K), 0.0608350 secs] [Times: user=0.39 sys=0.00, real=0.06 secs] 
2011-03-01T03:48:56.935+0000: 10038.326: [GC 10038.326: [ParNew: 355337K->28350K(368640K), 0.0409160 secs] 8564740K->8242764K(12541952K), 0.0414180 secs] [Times: user=0.30 sys=0.01, real=0.04 secs] 
2011-03-01T03:48:57.388+0000: 10038.779: [GC 10038.779: [ParNew: 356030K->21376K(368640K), 0.0401990 secs] 8570444K->8241921K(12541952K), 0.0407080 secs] [Times: user=0.32 sys=0.00, real=0.04 secs] 
2011-03-01T03:48:58.116+0000: 10039.507: [GC 10039.507: [ParNew: 349056K->40960K(368640K), 0.0466660 secs] 8569601K->8261505K(12541952K), 0.0471670 secs] [Times: user=0.33 sys=0.00, real=0.05 secs] 
2011-03-01T03:48:58.966+0000: 10040.357: [GC 10040.357: [ParNew: 368627K->24531K(368640K), 0.0549450 secs] 8589172K->8268193K(12541952K), 0.0554810 secs] [Times: user=0.33 sys=0.00, real=0.05 secs] 
2011-03-01T03:49:00.140+0000: 10041.531: [GC 10041.531: [ParNew: 351370K->40960K(368640K), 0.0476720 secs] 8595032K->8293470K(12541952K), 0.0481790 secs] [Times: user=0.37 sys=0.00, real=0.05 secs] 
2011-03-01T03:49:00.464+0000: 10041.856: [GC 10041.856: [ParNew: 368640K->40960K(368640K), 0.0582500 secs] 8621150K->8393607K(12541952K), 0.0587410 secs] [Times: user=0.41 sys=0.01, real=0.06 secs] 
2011-03-01T03:49:00.526+0000: 10041.918: [GC [1 CMS-initial-mark: 8352647K(12173312K)] 8393686K(12541952K), 0.0293870 secs] [Times: user=0.03 sys=0.00, real=0.03 secs] 
2011-03-01T03:49:00.556+0000: 10041.947: [CMS-concurrent-mark-start]
2011-03-01T03:49:00.877+0000: 10042.268: [CMS-concurrent-mark: 0.320/0.320 secs] [Times: user=3.08 sys=0.45, real=0.32 secs] 
2011-03-01T03:49:00.877+0000: 10042.268: [CMS-concurrent-preclean-start]
2011-03-01T03:49:00.939+0000: 10042.330: [CMS-concurrent-preclean: 0.059/0.062 secs] [Times: user=0.16 sys=0.01, real=0.06 secs] 
2011-03-01T03:49:00.939+0000: 10042.330: [CMS-concurrent-abortable-preclean-start]
2011-03-01T03:49:00.958+0000: 10042.350: [GC 10042.350: [ParNew: 368640K->18194K(368640K), 0.0453060 secs] 8721287K->8394484K(12541952K), 0.0458150 secs] [Times: user=0.32 sys=0.00, real=0.05 secs] 
2011-03-01T03:49:01.257+0000: 10042.648: [CMS-concurrent-abortable-preclean: 0.256/0.318 secs] [Times: user=1.50 sys=0.38, real=0.32 secs] 
2011-03-01T03:49:01.260+0000: 10042.651: [GC[YG occupancy: 267208 K (368640 K)]10042.651: [Rescan (parallel) , 0.0389380 secs]10042.690: [weak refs processing, 0.0374640 secs] [1 CMS-remark: 8376290K(12173312K)] 8643498K(12541952K), 0.0767950 secs] [Times: user=0.35 sys=0.01, real=0.08 secs] 
2011-03-01T03:49:01.337+0000: 10042.728: [CMS-concurrent-sweep-start]
2011-03-01T03:49:01.392+0000: 10042.784: [GC 10042.784: [ParNew: 345874K->35285K(368640K), 0.0345780 secs] 8702167K->8391578K(12541952K), 0.0350930 secs] [Times: user=0.27 sys=0.00, real=0.04 secs] 
2011-03-01T03:49:02.110+0000: 10043.501: [GC 10043.501: [ParNew: 362965K->24876K(368640K), 0.0474410 secs] 8241223K->7911712K(12541952K), 0.0479390 secs] [Times: user=0.35 sys=0.01, real=0.05 secs] 
2011-03-01T03:49:02.920+0000: 10044.311: [GC 10044.311: [ParNew: 352556K->36957K(368640K), 0.0449250 secs] 8084147K->7777692K(12541952K), 0.0454140 secs] [Times: user=0.33 sys=0.00, real=0.05 secs] 
2011-03-01T03:49:03.774+0000: 10045.165: [GC 10045.165: [ParNew: 364637K->27476K(368640K), 0.0420180 secs] 7929721K->7600166K(12541952K), 0.0425170 secs] [Times: user=0.31 sys=0.00, real=0.04 secs] 
2011-03-01T03:49:04.566+0000: 10045.957: [GC 10045.957: [ParNew: 355156K->24657K(368640K), 0.0412420 secs] 7741134K->7418971K(12541952K), 0.0417760 secs] [Times: user=0.32 sys=0.00, real=0.04 secs] 
2011-03-01T03:49:06.286+0000: 10047.677: [GC 10047.677: [ParNew: 352291K->24753K(368640K), 0.0419480 secs] 7225172K->6905218K(12541952K), 0.0424650 secs] [Times: user=0.32 sys=0.00, real=0.04 secs] 
2011-03-01T03:49:08.187+0000: 10049.579: [GC 10049.579: [ParNew: 352433K->40960K(368640K), 0.0452440 secs] 6879978K->6568787K(12541952K), 0.0457570 secs] [Times: user=0.34 sys=0.00, real=0.05 secs] 
2011-03-01T03:49:10.562+0000: 10051.953: [GC 10051.954: [ParNew: 368640K->31594K(368640K), 0.0596390 secs] 6217540K->5909633K(12541952K), 0.0601680 secs] [Times: user=0.36 sys=0.00, real=0.06 secs] 
2011-03-01T03:49:12.395+0000: 10053.786: [GC 10053.787: [ParNew: 359274K->40960K(368640K), 0.0405520 secs] 5881227K->5562913K(12541952K), 0.0410920 secs] [Times: user=0.31 sys=0.01, real=0.04 secs] 
2011-03-01T03:49:14.469+0000: 10055.860: [GC 10055.860: [ParNew: 368640K->40960K(368640K), 0.0565150 secs] 5418120K->5103216K(12541952K), 0.0570340 secs] [Times: user=0.43 sys=0.00, real=0.06 secs] 
2011-03-01T03:49:16.509+0000: 10057.900: [GC 10057.900: [ParNew: 368640K->25639K(368640K), 0.0543270 secs] 4863416K->4546752K(12541952K), 0.0548360 secs] [Times: user=0.39 sys=0.00, real=0.06 secs] 
2011-03-01T03:49:18.678+0000: 10060.069: [GC 10060.069: [ParNew: 353319K->40960K(368640K), 0.0407190 secs] 4443051K->4137914K(12541952K), 0.0412230 secs] [Times: user=0.32 sys=0.00, real=0.04 secs] 
2011-03-01T03:49:20.501+0000: 10061.892: [GC 10061.893: [ParNew: 368640K->24804K(368640K), 0.0480980 secs] 3871306K->3549818K(12541952K), 0.0485970 secs] [Times: user=0.38 sys=0.00, real=0.05 secs] 
2011-03-01T03:49:22.322+0000: 10063.713: [GC 10063.714: [ParNew: 352484K->40960K(368640K), 0.0482210 secs] 3531608K->3223699K(12541952K), 0.0487120 secs] [Times: user=0.36 sys=0.01, real=0.04 secs] 
2011-03-01T03:49:23.656+0000: 10065.048: [GC 10065.048: [ParNew: 368640K->40960K(368640K), 0.0655360 secs] 3227753K->2916488K(12541952K), 0.0660010 secs] [Times: user=0.48 sys=0.00, real=0.07 secs] 
2011-03-01T03:49:25.132+0000: 10066.524: [GC 10066.524: [ParNew: 368640K->40928K(368640K), 0.0722260 secs] 2810839K->2515730K(12541952K), 0.0726920 secs] [Times: user=0.53 sys=0.00, real=0.07 secs] 
2011-03-01T03:49:26.504+0000: 10067.895: [GC 10067.895: [ParNew: 368608K->26405K(368640K), 0.0559170 secs] 2627772K->2302591K(12541952K), 0.0563840 secs] [Times: user=0.41 sys=0.01, real=0.05 secs] 
2011-03-01T03:49:28.135+0000: 10069.527: [GC 10069.527: [ParNew: 354085K->40960K(368640K), 0.0523780 secs] 2231800K->1924197K(12541952K), 0.0528420 secs] [Times: user=0.40 sys=0.00, real=0.05 secs] 
2011-03-01T03:49:29.746+0000: 10071.137: [CMS-concurrent-sweep: 27.337/28.409 secs] [Times: user=60.46 sys=13.57, real=28.41 secs] 
2011-03-01T03:49:29.746+0000: 10071.137: [CMS-concurrent-reset-start]
2011-03-01T03:49:29.776+0000: 10071.167: [CMS-concurrent-reset: 0.029/0.029 secs] [Times: user=0.05 sys=0.00, real=0.03 secs] 
2011-03-01T03:49:30.304+0000: 10071.695: [GC 10071.695: [ParNew: 368640K->23363K(368640K), 0.0584150 secs] 1466370K->1148863K(12541952K), 0.0588920 secs] [Times: user=0.42 sys=0.00, real=0.06 secs] 
2011-03-01T03:49:31.577+0000: 10072.968: [GC 10072.968: [ParNew: 351043K->40960K(368640K), 0.0435810 secs] 1476543K->1168449K(12541952K), 0.0440490 secs] [Times: user=0.32 sys=0.00, real=0.04 secs] 
2011-03-01T03:49:32.973+0000: 10074.364: [GC 10074.364: [ParNew: 368640K->28595K(368640K), 0.0625200 secs] 1496129K->1181701K(12541952K), 0.0630170 secs] [Times: user=0.43 sys=0.00, real=0.06 secs] 
2011-03-01T03:49:34.398+0000: 10075.789: [GC 10075.790: [ParNew: 356275K->26272K(368640K), 0.0523200 secs] 1509381K->1195311K(12541952K), 0.0528160 secs] [Times: user=0.41 sys=0.00, real=0.05 secs] 
2011-03-01T03:49:35.402+0000: 10076.793: [GC 10076.794: [ParNew: 353952K->40960K(368640K), 0.0579340 secs] 1522991K->1227268K(12541952K), 0.0584290 secs] [Times: user=0.41 sys=0.00, real=0.06 secs] 
2011-03-01T03:49:35.897+0000: 10077.288: [GC 10077.288: [ParNew: 368640K->40960K(368640K), 0.0572560 secs] 1554948K->1244944K(12541952K), 0.0577540 secs] [Times: user=0.38 sys=0.01, real=0.06 secs] 
2011-03-01T03:49:36.377+0000: 10077.768: [GC 10077.768: [ParNew: 368640K->40960K(368640K), 0.0613370 secs] 1572624K->1262834K(12541952K), 0.0618300 secs] [Times: user=0.41 sys=0.00, real=0.06 secs] 
2011-03-01T03:49:36.727+0000: 10078.118: [GC 10078.118: [ParNew: 368640K->40960K(368640K), 0.0652760 secs] 1590514K->1282671K(12541952K), 0.0657680 secs] [Times: user=0.39 sys=0.00, real=0.07 secs] 
2011-03-01T03:49:37.093+0000: 10078.484: [GC 10078.485: [ParNew: 368640K->40960K(368640K), 0.0653840 secs] 1610351K->1300033K(12541952K), 0.0662160 secs] [Times: user=0.42 sys=0.00, real=0.06 secs] 
2011-03-01T03:49:37.531+0000: 10078.922: [GC 10078.922: [ParNew: 368640K->40960K(368640K), 0.0669940 secs] 1627713K->1318911K(12541952K), 0.0673650 secs] [Times: user=0.46 sys=0.00, real=0.07 secs] 
2011-03-01T03:49:37.840+0000: 10079.231: [GC 10079.231: [ParNew: 368640K->40960K(368640K), 0.0975260 secs] 1646591K->1358527K(12541952K), 0.0978940 secs] [Times: user=0.70 sys=0.00, real=0.10 secs] 
2011-03-01T03:49:38.191+0000: 10079.582: [GC 10079.582: [ParNew: 368640K->40960K(368640K), 0.0650280 secs] 1686207K->1377216K(12541952K), 0.0653900 secs] [Times: user=0.48 sys=0.00, real=0.07 secs] 
2011-03-01T03:49:38.512+0000: 10079.903: [GC 10079.903: [ParNew: 368640K->40960K(368640K), 0.0515470 secs] 1704896K->1394324K(12541952K), 0.0520950 secs] [Times: user=0.39 sys=0.00, real=0.06 secs] 
2011-03-01T03:49:39.302+0000: 10080.693: [GC 10080.693: [ParNew: 368640K->40960K(368640K), 0.0764310 secs] 1722004K->1410932K(12541952K), 0.0769400 secs] [Times: user=0.52 sys=0.01, real=0.08 secs] 
2011-03-01T03:49:40.274+0000: 10081.665: [GC 10081.665: [ParNew: 368640K->36809K(368640K), 0.0474140 secs] 1738655K->1420824K(12541952K), 0.0477790 secs] [Times: user=0.30 sys=0.00, real=0.04 secs] 
2011-03-01T03:49:40.324+0000: 10081.715: [GC 10081.716: [ParNew: 37366K->14915K(368640K), 0.0348060 secs] 1421380K->1416984K(12541952K), 0.0351100 secs] [Times: user=0.19 sys=0.00, real=0.03 secs] 
2011-03-01T03:49:41.866+0000: 10083.258: [GC 10083.258: [ParNew: 342595K->12609K(368640K), 0.0251320 secs] 1744664K->1414678K(12541952K), 0.0254970 secs] [Times: user=0.16 sys=0.00, real=0.02 secs] 
2011-03-01T03:49:43.323+0000: 10084.715: [GC 10084.715: [ParNew: 340289K->40960K(368640K), 0.0359790 secs] 1742358K->1443028K(12541952K), 0.0363410 secs] [Times: user=0.24 sys=0.01, real=0.03 secs] 
2011-03-01T03:49:44.532+0000: 10085.923: [GC 10085.923: [ParNew: 368640K->17880K(368640K), 0.0783880 secs] 1770708K->1446592K(12541952K), 0.0787500 secs] [Times: user=0.41 sys=0.00, real=0.08 secs] 
2011-03-01T03:49:46.014+0000: 10087.405: [GC 10087.405: [ParNew: 345560K->40689K(368640K), 0.0402550 secs] 1774272K->1469401K(12541952K), 0.0406150 secs] [Times: user=0.29 sys=0.01, real=0.04 secs] 
2011-03-01T03:49:47.639+0000: 10089.030: [GC 10089.030: [ParNew: 368369K->18904K(368640K), 0.0901290 secs] 1797081K->1474098K(12541952K), 0.0904980 secs] [Times: user=0.50 sys=0.00, real=0.09 secs] 
2011-03-01T03:49:49.215+0000: 10090.606: [GC 10090.606: [ParNew: 346584K->40960K(368640K), 0.0493000 secs] 1801778K->1499736K(12541952K), 0.0496620 secs] [Times: user=0.34 sys=0.00, real=0.05 secs] 
2011-03-01T03:49:51.555+0000: 10092.946: [GC 10092.946: [ParNew: 368640K->17452K(368640K), 0.0797440 secs] 1827416K->1500420K(12541952K), 0.0801080 secs] [Times: user=0.44 sys=0.00, real=0.08 secs] 
2011-03-01T03:49:54.118+0000: 10095.509: [GC 10095.509: [ParNew: 345132K->40960K(368640K), 0.0666540 secs] 1828100K->1539032K(12541952K), 0.0671440 secs] [Times: user=0.40 sys=0.00, real=0.07 secs] 
2011-03-01T03:49:55.057+0000: 10096.449: [GC 10096.449: [ParNew: 368640K->10124K(368640K), 0.0515980 secs] 1866712K->1520415K(12541952K), 0.0521040 secs] [Times: user=0.31 sys=0.00, real=0.05 secs] 
2011-03-01T03:49:55.670+0000: 10097.061: [GC 10097.061: [ParNew: 337795K->11280K(368640K), 0.0269640 secs] 1848086K->1521571K(12541952K), 0.0274690 secs] [Times: user=0.24 sys=0.00, real=0.03 secs] 
2011-03-01T03:49:56.289+0000: 10097.680: [GC 10097.680: [ParNew: 338942K->22196K(368640K), 0.0311950 secs] 1849232K->1532487K(12541952K), 0.0317270 secs] [Times: user=0.23 sys=0.00, real=0.03 secs] 
2011-03-01T03:49:56.947+0000: 10098.339: [GC 10098.339: [ParNew: 349876K->40960K(368640K), 0.0394780 secs] 1860167K->1551250K(12541952K), 0.0399860 secs] [Times: user=0.27 sys=0.00, real=0.04 secs] 
2011-03-01T03:49:57.615+0000: 10099.006: [GC 10099.007: [ParNew: 368627K->23838K(368640K), 0.0650450 secs] 1878918K->1555238K(12541952K), 0.0654880 secs] [Times: user=0.34 sys=0.00, real=0.06 secs] 
2011-03-01T03:49:58.261+0000: 10099.652: [GC 10099.653: [ParNew: 351518K->25147K(368640K), 0.0238370 secs] 1882918K->1556547K(12541952K), 0.0242180 secs] [Times: user=0.24 sys=0.00, real=0.03 secs] 
2011-03-01T03:49:58.938+0000: 10100.330: [GC 10100.330: [ParNew: 352810K->14851K(368640K), 0.0365170 secs] 1884210K->1552262K(12541952K), 0.0368940 secs] [Times: user=0.25 sys=0.00, real=0.04 secs] 
2011-03-01T03:49:59.713+0000: 10101.104: [GC 10101.104: [ParNew: 342531K->23034K(368640K), 0.0359740 secs] 1879942K->1560445K(12541952K), 0.0363470 secs] [Times: user=0.27 sys=0.03, real=0.03 secs] 
2011-03-01T03:50:00.352+0000: 10101.743: [GC 10101.744: [ParNew: 350714K->40960K(368640K), 0.0435150 secs] 1888125K->1581893K(12541952K), 0.0438950 secs] [Times: user=0.32 sys=0.01, real=0.04 secs] 
2011-03-01T03:50:01.189+0000: 10102.580: [GC 10102.580: [ParNew: 368640K->26337K(368640K), 0.0522320 secs] 1909573K->1579738K(12541952K), 0.0526340 secs] [Times: user=0.33 sys=0.00, real=0.05 secs] 
2011-03-01T03:50:03.550+0000: 10104.941: [GC 10104.941: [ParNew: 354017K->29889K(368640K), 0.0455750 secs] 1907418K->1598266K(12541952K), 0.0459420 secs] [Times: user=0.26 sys=0.00, real=0.05 secs] 
2011-03-01T03:50:05.813+0000: 10107.204: [GC 10107.204: [ParNew: 357569K->31864K(368640K), 0.0373940 secs] 1925946K->1600241K(12541952K), 0.0378960 secs] [Times: user=0.28 sys=0.00, real=0.04 secs] 
2011-03-01T03:50:07.773+0000: 10109.164: [GC 10109.164: [ParNew: 359544K->40960K(368640K), 0.0483290 secs] 1927921K->1615803K(12541952K), 0.0488290 secs] [Times: user=0.31 sys=0.01, real=0.04 secs] 
2011-03-01T03:50:09.798+0000: 10111.190: [GC 10111.190: [ParNew: 368596K->21111K(368640K), 0.0419780 secs] 1943440K->1604493K(12541952K), 0.0424960 secs] [Times: user=0.28 sys=0.00, real=0.04 secs] 
2011-03-01T03:50:12.152+0000: 10113.544: [GC 10113.544: [ParNew: 348791K->40960K(368640K), 0.0413500 secs] 1932173K->1629625K(12541952K), 0.0418720 secs] [Times: user=0.30 sys=0.01, real=0.04 secs] 
2011-03-01T03:50:14.684+0000: 10116.075: [GC 10116.075: [ParNew: 368640K->14099K(368640K), 0.0582690 secs] 1957305K->1618702K(12541952K), 0.0587610 secs] [Times: user=0.36 sys=0.01, real=0.06 secs] 
2011-03-01T03:50:16.945+0000: 10118.336: [GC 10118.336: [ParNew: 341779K->24448K(368640K), 0.0314310 secs] 1946382K->1629051K(12541952K), 0.0319310 secs] [Times: user=0.25 sys=0.00, real=0.03 secs] 
2011-03-01T03:50:18.908+0000: 10120.299: [GC 10120.299: [ParNew: 352128K->36981K(368640K), 0.0447480 secs] 1956731K->1647672K(12541952K), 0.0452400 secs] [Times: user=0.32 sys=0.00, real=0.05 secs] 
2011-03-01T03:50:20.265+0000: 10121.657: [GC 10121.657: [ParNew: 364661K->40960K(368640K), 0.0740850 secs] 1975352K->1665675K(12541952K), 0.0745740 secs] [Times: user=0.48 sys=0.00, real=0.07 secs] 
2011-03-01T03:50:21.441+0000: 10122.832: [GC 10122.832: [ParNew: 368640K->37699K(368640K), 0.0626040 secs] 1993355K->1681791K(12541952K), 0.0630950 secs] [Times: user=0.37 sys=0.04, real=0.07 secs] 
2011-03-01T03:50:22.958+0000: 10124.349: [GC 10124.349: [ParNew: 365379K->27273K(368640K), 0.0553130 secs] 2009471K->1694017K(12541952K), 0.0558000 secs] [Times: user=0.40 sys=0.00, real=0.06 secs] 
2011-03-01T03:50:24.068+0000: 10125.459: [GC 10125.460: [ParNew: 354953K->27545K(368640K), 0.0459890 secs] 2021697K->1702875K(12541952K), 0.0464870 secs] [Times: user=0.33 sys=0.00, real=0.05 secs] 
2011-03-01T03:50:25.534+0000: 10126.925: [GC 10126.925: [ParNew: 355225K->38351K(368640K), 0.0456970 secs] 2030555K->1720262K(12541952K), 0.0461850 secs] [Times: user=0.27 sys=0.00, real=0.04 secs] 
2011-03-01T03:50:27.652+0000: 10129.043: [GC 10129.043: [ParNew: 366031K->13140K(368640K), 0.0406620 secs] 2047942K->1703633K(12541952K), 0.0411520 secs] [Times: user=0.30 sys=0.00, real=0.05 secs] 
2011-03-01T03:50:30.053+0000: 10131.444: [GC 10131.444: [ParNew: 340820K->35974K(368640K), 0.0304740 secs] 2031313K->1726468K(12541952K), 0.0309670 secs] [Times: user=0.22 sys=0.00, real=0.03 secs] 
2011-03-01T03:50:31.544+0000: 10132.935: [GC 10132.935: [ParNew: 363654K->40960K(368640K), 0.0469490 secs] 2054148K->1741830K(12541952K), 0.0474410 secs] [Times: user=0.27 sys=0.00, real=0.04 secs] 
2011-03-01T03:50:32.959+0000: 10134.350: [GC 10134.350: [ParNew: 368640K->23536K(368640K), 0.0558320 secs] 2069510K->1738378K(12541952K), 0.0562980 secs] [Times: user=0.33 sys=0.01, real=0.06 secs] 
2011-03-01T03:50:34.339+0000: 10135.730: [GC 10135.731: [ParNew: 351216K->40960K(368640K), 0.0324860 secs] 2066058K->1755802K(12541952K), 0.0329470 secs] [Times: user=0.24 sys=0.00, real=0.04 secs] 
2011-03-01T03:50:35.211+0000: 10136.602: [GC 10136.603: [ParNew: 368640K->34409K(368640K), 0.0492720 secs] 2083491K->1757697K(12541952K), 0.0497540 secs] [Times: user=0.35 sys=0.00, real=0.05 secs] 
2011-03-01T03:50:35.755+0000: 10137.146: [GC 10137.146: [ParNew: 362199K->32725K(368640K), 0.0656260 secs] 2085487K->1774347K(12541952K), 0.0659890 secs] [Times: user=0.34 sys=0.00, real=0.06 secs] 
2011-03-01T03:50:35.823+0000: 10137.214: [GC 10137.214: [ParNew: 32739K->2574K(368640K), 0.0598570 secs] 1774361K->1765537K(12541952K), 0.0601590 secs] [Times: user=0.30 sys=0.00, real=0.06 secs] 
2011-03-01T03:50:36.184+0000: 10137.575: [GC 10137.575: [ParNew: 330254K->40960K(368640K), 0.0798010 secs] 2093217K->1823266K(12541952K), 0.0801800 secs] [Times: user=0.48 sys=0.00, real=0.08 secs] 
2011-03-01T03:50:36.523+0000: 10137.914: [GC 10137.914: [ParNew: 368640K->39527K(368640K), 0.0677180 secs] 2150946K->1839449K(12541952K), 0.0680800 secs] [Times: user=0.47 sys=0.00, real=0.06 secs] 
2011-03-01T03:50:36.835+0000: 10138.226: [GC 10138.226: [ParNew: 367207K->40960K(368640K), 0.0552270 secs] 2167129K->1849734K(12541952K), 0.0555930 secs] [Times: user=0.32 sys=0.00, real=0.05 secs] 
2011-03-01T03:50:37.211+0000: 10138.602: [GC 10138.602: [ParNew: 368640K->40031K(368640K), 0.0593430 secs] 2177414K->1862183K(12541952K), 0.0597130 secs] [Times: user=0.39 sys=0.00, real=0.06 secs] 
2011-03-01T03:50:37.497+0000: 10138.888: [GC 10138.889: [ParNew: 367711K->40960K(368640K), 0.0689780 secs] 2189863K->1876565K(12541952K), 0.0693800 secs] [Times: user=0.49 sys=0.00, real=0.07 secs] 
2011-03-01T03:50:37.972+0000: 10139.363: [GC 10139.363: [ParNew: 368640K->40960K(368640K), 0.0728500 secs] 2204245K->1896413K(12541952K), 0.0732150 secs] [Times: user=0.49 sys=0.02, real=0.08 secs] 
2011-03-01T03:50:38.315+0000: 10139.706: [GC 10139.706: [ParNew: 368640K->40960K(368640K), 0.0518220 secs] 2224093K->1909240K(12541952K), 0.0522000 secs] [Times: user=0.32 sys=0.01, real=0.05 secs] 
2011-03-01T03:50:39.220+0000: 10140.611: [GC 10140.611: [ParNew: 368640K->34543K(368640K), 0.0407710 secs] 2236957K->1912720K(12541952K), 0.0411330 secs] [Times: user=0.31 sys=0.01, real=0.04 secs] 
2011-03-01T03:50:39.266+0000: 10140.657: [GC 10140.657: [ParNew: 39415K->31367K(368640K), 0.0276110 secs] 1917593K->1909545K(12541952K), 0.0279390 secs] [Times: user=0.20 sys=0.00, real=0.03 secs] 
2011-03-01T03:50:40.212+0000: 10141.603: [GC 10141.604: [ParNew: 359047K->22336K(368640K), 0.0379060 secs] 2237225K->1909345K(12541952K), 0.0383150 secs] [Times: user=0.26 sys=0.01, real=0.03 secs] 
2011-03-01T03:50:41.516+0000: 10142.907: [GC 10142.908: [ParNew: 350016K->30018K(368640K), 0.0359940 secs] 2237025K->1917028K(12541952K), 0.0363530 secs] [Times: user=0.24 sys=0.00, real=0.04 secs] 
2011-03-01T03:50:42.860+0000: 10144.251: [GC 10144.252: [ParNew: 357698K->40960K(368640K), 0.0437300 secs] 2244708K->1935807K(12541952K), 0.0440960 secs] [Times: user=0.32 sys=0.01, real=0.05 secs] 
2011-03-01T03:50:44.226+0000: 10145.617: [GC 10145.618: [ParNew: 368640K->40960K(368640K), 0.0489320 secs] 2263487K->1946076K(12541952K), 0.0492980 secs] [Times: user=0.33 sys=0.02, real=0.05 secs] 
2011-03-01T03:50:45.704+0000: 10147.096: [GC 10147.096: [ParNew: 368640K->21802K(368640K), 0.0493120 secs] 2273756K->1939662K(12541952K), 0.0496780 secs] [Times: user=0.33 sys=0.00, real=0.05 secs] 
2011-03-01T03:50:46.807+0000: 10148.198: [GC 10148.198: [ParNew: 349482K->37768K(368640K), 0.0391260 secs] 2267342K->1955628K(12541952K), 0.0394820 secs] [Times: user=0.32 sys=0.00, real=0.04 secs] 
2011-03-01T03:50:48.161+0000: 10149.553: [GC 10149.553: [ParNew: 365448K->40949K(368640K), 0.0477160 secs] 2283308K->1965101K(12541952K), 0.0480780 secs] [Times: user=0.37 sys=0.01, real=0.05 secs] 
2011-03-01T03:50:49.880+0000: 10151.271: [GC 10151.271: [ParNew: 368629K->40960K(368640K), 0.0690730 secs] 2292781K->2002419K(12541952K), 0.0694380 secs] [Times: user=0.55 sys=0.00, real=0.07 secs] 
2011-03-01T03:50:52.250+0000: 10153.642: [GC 10153.642: [ParNew: 368640K->23781K(368640K), 0.0484480 secs] 2330099K->1993495K(12541952K), 0.0488170 secs] [Times: user=0.40 sys=0.00, real=0.05 secs] 
2011-03-01T03:50:54.350+0000: 10155.741: [GC 10155.742: [ParNew: 351461K->40901K(368640K), 0.0338810 secs] 2321175K->2010615K(12541952K), 0.0342550 secs] [Times: user=0.28 sys=0.01, real=0.04 secs] 
2011-03-01T03:50:55.175+0000: 10156.566: [GC 10156.566: [ParNew: 368535K->14744K(368640K), 0.0447770 secs] 2338248K->1999546K(12541952K), 0.0451870 secs] [Times: user=0.33 sys=0.00, real=0.04 secs] 
2011-03-01T03:50:55.908+0000: 10157.299: [GC 10157.299: [ParNew: 342424K->30438K(368640K), 0.0290800 secs] 2327226K->2015240K(12541952K), 0.0294570 secs] [Times: user=0.24 sys=0.00, real=0.03 secs] 
2011-03-01T03:50:56.505+0000: 10157.896: [GC 10157.896: [ParNew: 358433K->16226K(368640K), 0.0352970 secs] 2343235K->2005104K(12541952K), 0.0356630 secs] [Times: user=0.24 sys=0.00, real=0.03 secs] 
2011-03-01T03:50:56.550+0000: 10157.941: [GC 10157.941: [ParNew: 34050K->23362K(368640K), 0.0259730 secs] 2022928K->2012240K(12541952K), 0.0263100 secs] [Times: user=0.23 sys=0.01, real=0.03 secs] 
2011-03-01T03:50:57.240+0000: 10158.631: [GC 10158.632: [ParNew: 351042K->11733K(368640K), 0.0304410 secs] 2339920K->2005044K(12541952K), 0.0324470 secs] [Times: user=0.22 sys=0.00, real=0.04 secs] 
2011-03-01T03:50:58.043+0000: 10159.434: [GC 10159.434: [ParNew: 339413K->32945K(368640K), 0.0320510 secs] 2332724K->2026256K(12541952K), 0.0324250 secs] [Times: user=0.28 sys=0.00, real=0.03 secs] 
2011-03-01T03:50:58.749+0000: 10160.140: [GC 10160.140: [ParNew: 360625K->17803K(368640K), 0.0404950 secs] 2353936K->2022747K(12541952K), 0.0408790 secs] [Times: user=0.30 sys=0.00, real=0.04 secs] 
2011-03-01T03:50:59.366+0000: 10160.757: [GC 10160.758: [ParNew: 345483K->20037K(368640K), 0.0311550 secs] 2350427K->2024982K(12541952K), 0.0315290 secs] [Times: user=0.24 sys=0.00, real=0.03 secs] 
2011-03-01T03:51:00.192+0000: 10161.584: [GC 10161.584: [ParNew: 347717K->36040K(368640K), 0.0313510 secs] 2352662K->2040985K(12541952K), 0.0317310 secs] [Times: user=0.26 sys=0.00, real=0.04 secs] 
2011-03-01T03:51:00.688+0000: 10162.079: [GC 10162.080: [ParNew: 363720K->39871K(368640K), 0.0429240 secs] 2368665K->2054288K(12541952K), 0.0432990 secs] [Times: user=0.32 sys=0.00, real=0.04 secs] 
2011-03-01T03:51:02.125+0000: 10163.516: [GC 10163.517: [ParNew: 367551K->39543K(368640K), 0.0373290 secs] 2381968K->2061283K(12541952K), 0.0377090 secs] [Times: user=0.24 sys=0.00, real=0.04 secs] 
2011-03-01T03:51:04.382+0000: 10165.773: [GC 10165.774: [ParNew: 367223K->11225K(368640K), 0.0384130 secs] 2388963K->2047059K(12541952K), 0.0387870 secs] [Times: user=0.28 sys=0.01, real=0.03 secs] 
2011-03-01T03:51:06.488+0000: 10167.879: [GC 10167.879: [ParNew: 338848K->23987K(368640K), 0.0336290 secs] 2374682K->2059822K(12541952K), 0.0339960 secs] [Times: user=0.24 sys=0.00, real=0.03 secs] 
2011-03-01T03:51:08.695+0000: 10170.086: [GC 10170.086: [ParNew: 351667K->39967K(368640K), 0.0417300 secs] 2387502K->2080147K(12541952K), 0.0421100 secs] [Times: user=0.32 sys=0.00, real=0.04 secs] 
2011-03-01T03:51:10.359+0000: 10171.751: [GC 10171.751: [ParNew: 367647K->11911K(368640K), 0.0421240 secs] 2407827K->2066644K(12541952K), 0.0424920 secs] [Times: user=0.32 sys=0.00, real=0.04 secs] 
2011-03-01T03:51:12.432+0000: 10173.823: [GC 10173.823: [ParNew: 339591K->31939K(368640K), 0.0314490 secs] 2394324K->2086672K(12541952K), 0.0318290 secs] [Times: user=0.26 sys=0.00, real=0.04 secs] 
2011-03-01T03:51:14.774+0000: 10176.165: [GC 10176.166: [ParNew: 359619K->19860K(368640K), 0.0425600 secs] 2414352K->2088078K(12541952K), 0.0429230 secs] [Times: user=0.31 sys=0.00, real=0.04 secs] 
2011-03-01T03:51:16.938+0000: 10178.329: [GC 10178.329: [ParNew: 347540K->34725K(368640K), 0.0335530 secs] 2415758K->2102943K(12541952K), 0.0339160 secs] [Times: user=0.24 sys=0.00, real=0.03 secs] 
2011-03-01T03:51:19.030+0000: 10180.421: [GC 10180.421: [ParNew: 362405K->40960K(368640K), 0.0396800 secs] 2430623K->2115136K(12541952K), 0.0400420 secs] [Times: user=0.32 sys=0.00, real=0.04 secs] 
2011-03-01T03:51:20.457+0000: 10181.848: [GC 10181.848: [ParNew: 368640K->19609K(368640K), 0.0423450 secs] 2442816K->2108315K(12541952K), 0.0427080 secs] [Times: user=0.32 sys=0.00, real=0.04 secs] 
2011-03-01T03:51:21.483+0000: 10182.875: [GC 10182.875: [ParNew: 347289K->28742K(368640K), 0.0320090 secs] 2435995K->2117447K(12541952K), 0.0323700 secs] [Times: user=0.25 sys=0.03, real=0.03 secs] 
2011-03-01T03:51:22.947+0000: 10184.338: [GC 10184.338: [ParNew: 356422K->39063K(368640K), 0.0433750 secs] 2445127K->2134396K(12541952K), 0.0437450 secs] [Times: user=0.32 sys=0.00, real=0.04 secs] 
2011-03-01T03:51:24.422+0000: 10185.813: [GC 10185.813: [ParNew: 366743K->36733K(368640K), 0.0423310 secs] 2462076K->2140608K(12541952K), 0.0426990 secs] [Times: user=0.32 sys=0.00, real=0.05 secs] 
2011-03-01T03:51:25.719+0000: 10187.111: [GC 10187.111: [ParNew: 359354K->40960K(368640K), 0.0438600 secs] 2463229K->2155602K(12541952K), 0.0442210 secs] [Times: user=0.33 sys=0.00, real=0.05 secs] 
2011-03-01T03:51:26.579+0000: 10187.970: [GC 10187.971: [ParNew: 368640K->9160K(368640K), 0.0385880 secs] 2483282K->2140701K(12541952K), 0.0389630 secs] [Times: user=0.31 sys=0.01, real=0.04 secs] 
2011-03-01T03:51:29.078+0000: 10190.469: [GC 10190.469: [ParNew: 336840K->22273K(368640K), 0.0277630 secs] 2468381K->2153814K(12541952K), 0.0281280 secs] [Times: user=0.24 sys=0.00, real=0.03 secs] 
2011-03-01T03:51:30.851+0000: 10192.242: [GC 10192.243: [ParNew: 349918K->40960K(368640K), 0.0344910 secs] 2481458K->2173396K(12541952K), 0.0348560 secs] [Times: user=0.29 sys=0.00, real=0.04 secs] 
2011-03-01T03:51:32.269+0000: 10193.661: [GC 10193.661: [ParNew: 368640K->26893K(368640K), 0.0475410 secs] 2501076K->2177968K(12541952K), 0.0479040 secs] [Times: user=0.35 sys=0.00, real=0.05 secs] 
2011-03-01T03:51:33.559+0000: 10194.950: [GC 10194.950: [ParNew: 354573K->40960K(368640K), 0.0314730 secs] 2505648K->2192035K(12541952K), 0.0319120 secs] [Times: user=0.24 sys=0.00, real=0.03 secs] 
2011-03-01T03:51:34.908+0000: 10196.299: [GC 10196.299: [ParNew: 368640K->28381K(368640K), 0.0441770 secs] 2519715K->2194786K(12541952K), 0.0446680 secs] [Times: user=0.32 sys=0.00, real=0.05 secs] 
2011-03-01T03:51:35.711+0000: 10197.102: [GC 10197.103: [ParNew: 356061K->40960K(368640K), 0.0817000 secs] 2522466K->2262947K(12541952K), 0.0821250 secs] [Times: user=0.60 sys=0.00, real=0.09 secs] 
2011-03-01T03:51:36.116+0000: 10197.507: [GC 10197.507: [ParNew: 368640K->25992K(368640K), 0.0396730 secs] 2590627K->2251647K(12541952K), 0.0400370 secs] [Times: user=0.28 sys=0.01, real=0.04 secs] 
2011-03-01T03:51:36.503+0000: 10197.894: [GC 10197.894: [ParNew: 353672K->37209K(368640K), 0.0661680 secs] 2579327K->2273489K(12541952K), 0.0666470 secs] [Times: user=0.38 sys=0.00, real=0.06 secs] 
2011-03-01T03:51:36.876+0000: 10198.267: [GC 10198.267: [ParNew: 363644K->20596K(368640K), 0.0522380 secs] 2599924K->2269047K(12541952K), 0.0527490 secs] [Times: user=0.35 sys=0.00, real=0.05 secs] 
2011-03-01T03:51:37.243+0000: 10198.634: [GC 10198.634: [ParNew: 348276K->40960K(368640K), 0.0543540 secs] 2596727K->2298294K(12541952K), 0.0548500 secs] [Times: user=0.41 sys=0.02, real=0.05 secs] 
2011-03-01T03:51:37.538+0000: 10198.929: [GC 10198.930: [ParNew: 338891K->40960K(368640K), 0.0869940 secs] 2596225K->2336596K(12541952K), 0.0875640 secs] [Times: user=0.57 sys=0.01, real=0.09 secs] 
2011-03-01T03:51:37.750+0000: 10199.141: [GC 10199.141: [ParNew: 368640K->40960K(368640K), 0.0784280 secs] 2664290K->2428821K(12541952K), 0.0787920 secs] [Times: user=0.59 sys=0.00, real=0.08 secs] 
2011-03-01T03:51:38.322+0000: 10199.713: [GC 10199.713: [ParNew: 368640K->38133K(368640K), 0.0491810 secs] 2756501K->2435890K(12541952K), 0.0495650 secs] [Times: user=0.33 sys=0.00, real=0.05 secs] 
2011-03-01T03:51:38.631+0000: 10200.022: [GC 10200.023: [ParNew: 365813K->35547K(368640K), 0.0437960 secs] 2763570K->2442586K(12541952K), 0.0441800 secs] [Times: user=0.33 sys=0.00, real=0.05 secs] 
2011-03-01T03:51:38.933+0000: 10200.325: [GC 10200.325: [ParNew: 363227K->28712K(368640K), 0.0429440 secs] 2770266K->2448464K(12541952K), 0.0433440 secs] [Times: user=0.29 sys=0.00, real=0.04 secs] 
2011-03-01T03:51:39.345+0000: 10200.736: [GC 10200.736: [ParNew: 356440K->27738K(368640K), 0.0462000 secs] 2776192K->2457791K(12541952K), 0.0465840 secs] [Times: user=0.31 sys=0.01, real=0.04 secs] 
2011-03-01T03:51:39.394+0000: 10200.785: [GC 10200.786: [ParNew: 28478K->9744K(368640K), 0.0321880 secs] 2458531K->2451014K(12541952K), 0.0325010 secs] [Times: user=0.23 sys=0.01, real=0.03 secs] 
2011-03-01T03:51:39.760+0000: 10201.151: [GC 10201.151: [ParNew: 337424K->10880K(368640K), 0.0277960 secs] 2778694K->2452150K(12541952K), 0.0281620 secs] [Times: user=0.24 sys=0.00, real=0.03 secs] 
2011-03-01T03:51:40.293+0000: 10201.684: [GC 10201.684: [ParNew: 338560K->26939K(368640K), 0.0421050 secs] 2779830K->2468209K(12541952K), 0.0424680 secs] [Times: user=0.33 sys=0.00, real=0.04 secs] 
2011-03-01T03:51:40.891+0000: 10202.282: [GC 10202.282: [ParNew: 354619K->40960K(368640K), 0.0503990 secs] 2795889K->2492584K(12541952K), 0.0507750 secs] [Times: user=0.39 sys=0.01, real=0.05 secs] 
2011-03-01T03:51:41.482+0000: 10202.874: [GC 10202.874: [ParNew: 368640K->27751K(368640K), 0.0475180 secs] 2820264K->2486331K(12541952K), 0.0480020 secs] [Times: user=0.36 sys=0.00, real=0.04 secs] 
2011-03-01T03:51:42.255+0000: 10203.646: [GC 10203.646: [ParNew: 355431K->16684K(368640K), 0.0417240 secs] 2814011K->2481946K(12541952K), 0.0422040 secs] [Times: user=0.32 sys=0.00, real=0.04 secs] 
2011-03-01T03:51:42.775+0000: 10204.167: [GC 10204.167: [ParNew: 344364K->30411K(368640K), 0.0413290 secs] 2809626K->2495672K(12541952K), 0.0417430 secs] [Times: user=0.32 sys=0.00, real=0.04 secs] 
2011-03-01T03:51:43.959+0000: 10205.350: [GC 10205.350: [ParNew: 358091K->40960K(368640K), 0.0520370 secs] 2823352K->2518066K(12541952K), 0.0524010 secs] [Times: user=0.40 sys=0.00, real=0.05 secs] 
2011-03-01T03:51:45.313+0000: 10206.704: [GC 10206.704: [ParNew: 368640K->22287K(368640K), 0.0528470 secs] 2845746K->2512591K(12541952K), 0.0532130 secs] [Times: user=0.36 sys=0.01, real=0.05 secs] 
2011-03-01T03:51:46.668+0000: 10208.059: [GC 10208.059: [ParNew: 349967K->40960K(368640K), 0.0434620 secs] 2840271K->2537332K(12541952K), 0.0438360 secs] [Times: user=0.30 sys=0.01, real=0.04 secs] 
2011-03-01T03:51:47.899+0000: 10209.290: [GC 10209.290: [ParNew: 368640K->14947K(368640K), 0.0476780 secs] 2865012K->2529312K(12541952K), 0.0480400 secs] [Times: user=0.36 sys=0.01, real=0.05 secs] 
2011-03-01T03:51:49.211+0000: 10210.602: [GC 10210.602: [ParNew: 342627K->39947K(368640K), 0.0365580 secs] 2856992K->2554313K(12541952K), 0.0369220 secs] [Times: user=0.31 sys=0.01, real=0.04 secs] 
2011-03-01T03:51:51.473+0000: 10212.864: [GC 10212.864: [ParNew: 367627K->23532K(368640K), 0.0502120 secs] 2881993K->2556602K(12541952K), 0.0505840 secs] [Times: user=0.34 sys=0.00, real=0.06 secs] 
2011-03-01T03:51:52.796+0000: 10214.187: [GC 10214.187: [ParNew: 351212K->40782K(368640K), 0.0519880 secs] 2884282K->2639388K(12541952K), 0.0523460 secs] [Times: user=0.38 sys=0.02, real=0.05 secs] 
2011-03-01T03:51:53.495+0000: 10214.886: [GC 10214.886: [ParNew: 368462K->28859K(368640K), 0.0488520 secs] 2967068K->2635364K(12541952K), 0.0492110 secs] [Times: user=0.32 sys=0.00, real=0.05 secs] 
2011-03-01T03:51:54.443+0000: 10215.835: [GC 10215.835: [ParNew: 356492K->16887K(368640K), 0.0477230 secs] 2962997K->2639963K(12541952K), 0.0480940 secs] [Times: user=0.32 sys=0.00, real=0.04 secs] 
2011-03-01T03:51:54.992+0000: 10216.384: [GC 10216.384: [ParNew: 344549K->31671K(368640K), 0.0462210 secs] 2967624K->2654747K(12541952K), 0.0465940 secs] [Times: user=0.35 sys=0.01, real=0.04 secs] 
2011-03-01T03:51:55.463+0000: 10216.854: [GC 10216.855: [ParNew: 359351K->40960K(368640K), 0.0555230 secs] 2982427K->2670349K(12541952K), 0.0559000 secs] [Times: user=0.42 sys=0.00, real=0.05 secs] 
2011-03-01T03:51:55.892+0000: 10217.283: [GC 10217.283: [ParNew: 368640K->28732K(368640K), 0.0437600 secs] 2998029K->2667585K(12541952K), 0.0441510 secs] [Times: user=0.34 sys=0.00, real=0.05 secs] 
2011-03-01T03:51:56.319+0000: 10217.710: [GC 10217.711: [ParNew: 356412K->12917K(368640K), 0.0385170 secs] 2995265K->2658171K(12541952K), 0.0388950 secs] [Times: user=0.32 sys=0.00, real=0.04 secs] 
2011-03-01T03:51:56.748+0000: 10218.139: [GC 10218.139: [ParNew: 340597K->27184K(368640K), 0.0329090 secs] 2985851K->2672438K(12541952K), 0.0334150 secs] [Times: user=0.24 sys=0.00, real=0.03 secs] 
2011-03-01T03:51:57.416+0000: 10218.807: [GC 10218.808: [ParNew: 354864K->40960K(368640K), 0.0431420 secs] 3000118K->2691460K(12541952K), 0.0436870 secs] [Times: user=0.31 sys=0.00, real=0.04 secs] 
2011-03-01T03:51:58.065+0000: 10219.456: [GC 10219.456: [ParNew: 368640K->40960K(368640K), 0.0418710 secs] 3019140K->2701936K(12541952K), 0.0423780 secs] [Times: user=0.31 sys=0.00, real=0.04 secs] 
2011-03-01T03:51:58.750+0000: 10220.142: [GC 10220.142: [ParNew: 368617K->14185K(368640K), 0.0374240 secs] 3029594K->2690599K(12541952K), 0.0379320 secs] [Times: user=0.32 sys=0.00, real=0.04 secs] 
2011-03-01T03:51:59.667+0000: 10221.058: [GC 10221.058: [ParNew: 341865K->25961K(368640K), 0.0262260 secs] 3018279K->2702375K(12541952K), 0.0267470 secs] [Times: user=0.18 sys=0.00, real=0.03 secs] 
2011-03-01T03:52:00.103+0000: 10221.494: [GC 10221.494: [ParNew: 353641K->39894K(368640K), 0.0542040 secs] 3030055K->2795868K(12541952K), 0.0547230 secs] [Times: user=0.39 sys=0.00, real=0.05 secs] 
2011-03-01T03:52:00.426+0000: 10221.817: [GC 10221.817: [ParNew: 367574K->40127K(368640K), 0.0523660 secs] 3123548K->2809458K(12541952K), 0.0528850 secs] [Times: user=0.40 sys=0.00, real=0.05 secs] 
2011-03-01T03:52:00.794+0000: 10222.186: [GC 10222.186: [ParNew: 367807K->25392K(368640K), 0.0475520 secs] 3137138K->2804768K(12541952K), 0.0480620 secs] [Times: user=0.33 sys=0.00, real=0.06 secs] 
2011-03-01T03:52:01.372+0000: 10222.763: [GC 10222.764: [ParNew: 353072K->39488K(368640K), 0.0418490 secs] 3132448K->2818865K(12541952K), 0.0423590 secs] [Times: user=0.34 sys=0.01, real=0.05 secs] 
2011-03-01T03:52:02.171+0000: 10223.562: [GC 10223.562: [ParNew: 367168K->35951K(368640K), 0.0571030 secs] 3146545K->2831032K(12541952K), 0.0575970 secs] [Times: user=0.42 sys=0.00, real=0.06 secs] 
2011-03-01T03:52:03.130+0000: 10224.521: [GC 10224.521: [ParNew: 363631K->29038K(368640K), 0.0446380 secs] 3158712K->2835442K(12541952K), 0.0451240 secs] [Times: user=0.32 sys=0.00, real=0.05 secs] 
2011-03-01T03:52:03.859+0000: 10225.250: [GC 10225.251: [ParNew: 356718K->17511K(368640K), 0.0440550 secs] 3163122K->2831783K(12541952K), 0.0445540 secs] [Times: user=0.33 sys=0.00, real=0.05 secs] 
2011-03-01T03:52:05.810+0000: 10227.201: [GC 10227.201: [ParNew: 340904K->40960K(368640K), 0.0798640 secs] 3155176K->2855752K(12541952K), 0.0803710 secs] [Times: user=0.64 sys=0.00, real=0.08 secs] 
2011-03-01T03:52:07.747+0000: 10229.138: [GC 10229.138: [ParNew: 368640K->35030K(368640K), 0.0721980 secs] 3183432K->2888458K(12541952K), 0.0727090 secs] [Times: user=0.49 sys=0.00, real=0.07 secs] 
2011-03-01T03:52:09.986+0000: 10231.377: [GC 10231.377: [ParNew: 362682K->21306K(368640K), 0.0429760 secs] 3216110K->2895209K(12541952K), 0.0434790 secs] [Times: user=0.32 sys=0.00, real=0.04 secs] 
2011-03-01T03:52:11.894+0000: 10233.285: [GC 10233.285: [ParNew: 348986K->40960K(368640K), 0.0386150 secs] 3222889K->2914863K(12541952K), 0.0391150 secs] [Times: user=0.27 sys=0.00, real=0.04 secs] 
2011-03-01T03:52:14.182+0000: 10235.574: [GC 10235.574: [ParNew: 368640K->40853K(368640K), 0.0461500 secs] 3242543K->2928217K(12541952K), 0.0466630 secs] [Times: user=0.36 sys=0.00, real=0.04 secs] 
2011-03-01T03:52:16.536+0000: 10237.928: [GC 10237.928: [ParNew: 368533K->25914K(368640K), 0.0510550 secs] 3255897K->2939883K(12541952K), 0.0514260 secs] [Times: user=0.33 sys=0.00, real=0.05 secs] 
2011-03-01T03:52:18.493+0000: 10239.884: [GC 10239.885: [ParNew: 353594K->40960K(368640K), 0.0437180 secs] 3267563K->2965565K(12541952K), 0.0440840 secs] [Times: user=0.32 sys=0.01, real=0.04 secs] 
2011-03-01T03:52:19.975+0000: 10241.366: [GC 10241.366: [ParNew: 368640K->22529K(368640K), 0.0493430 secs] 3293245K->2969484K(12541952K), 0.0497110 secs] [Times: user=0.33 sys=0.00, real=0.05 secs] 
2011-03-01T03:52:21.362+0000: 10242.753: [GC 10242.754: [ParNew: 350209K->40960K(368640K), 0.0417830 secs] 3297164K->2990805K(12541952K), 0.0458940 secs] [Times: user=0.32 sys=0.01, real=0.04 secs] 
2011-03-01T03:52:22.751+0000: 10244.142: [GC 10244.143: [ParNew: 368640K->26412K(368640K), 0.0666100 secs] 3318485K->3007233K(12541952K), 0.0671230 secs] [Times: user=0.47 sys=0.01, real=0.07 secs] 
2011-03-01T03:52:24.211+0000: 10245.602: [GC 10245.603: [ParNew: 354092K->40960K(368640K), 0.0479780 secs] 3334913K->3026410K(12541952K), 0.0485070 secs] [Times: user=0.39 sys=0.00, real=0.05 secs] 
2011-03-01T03:52:25.464+0000: 10246.855: [GC 10246.855: [ParNew: 368640K->22072K(368640K), 0.0612040 secs] 3354090K->3035749K(12541952K), 0.0617300 secs] [Times: user=0.44 sys=0.00, real=0.06 secs] 
2011-03-01T03:52:27.390+0000: 10248.781: [GC 10248.782: [ParNew: 349752K->40960K(368640K), 0.0447870 secs] 3363429K->3058075K(12541952K), 0.0452890 secs] [Times: user=0.37 sys=0.01, real=0.05 secs] 
2011-03-01T03:52:29.791+0000: 10251.182: [GC 10251.182: [ParNew: 368640K->24863K(368640K), 0.0628950 secs] 3385755K->3068972K(12541952K), 0.0634110 secs] [Times: user=0.48 sys=0.00, real=0.07 secs] 
2011-03-01T03:52:31.380+0000: 10252.771: [GC 10252.771: [ParNew: 352543K->37692K(368640K), 0.0423770 secs] 3396652K->3081800K(12541952K), 0.0439250 secs] [Times: user=0.32 sys=0.00, real=0.05 secs] 
2011-03-01T03:52:32.778+0000: 10254.169: [GC 10254.169: [ParNew: 365289K->40960K(368640K), 0.0626290 secs] 3409397K->3100612K(12541952K), 0.0631420 secs] [Times: user=0.47 sys=0.00, real=0.06 secs] 
2011-03-01T03:52:34.210+0000: 10255.601: [GC 10255.602: [ParNew: 368640K->34516K(368640K), 0.0672840 secs] 3428292K->3125597K(12541952K), 0.0676490 secs] [Times: user=0.49 sys=0.00, real=0.07 secs] 
2011-03-01T03:52:35.729+0000: 10257.120: [GC 10257.120: [ParNew: 362196K->40960K(368640K), 0.0478990 secs] 3453277K->3135455K(12541952K), 0.0482580 secs] [Times: user=0.40 sys=0.00, real=0.05 secs] 
2011-03-01T03:52:36.953+0000: 10258.344: [GC 10258.344: [ParNew: 368640K->27472K(368640K), 0.0608790 secs] 3463135K->3151701K(12541952K), 0.0613730 secs] [Times: user=0.46 sys=0.00, real=0.06 secs] 
2011-03-01T03:52:37.771+0000: 10259.162: [GC 10259.162: [ParNew: 355152K->40960K(368640K), 0.0489190 secs] 3479381K->3167721K(12541952K), 0.0494120 secs] [Times: user=0.40 sys=0.00, real=0.05 secs] 
2011-03-01T03:52:38.342+0000: 10259.733: [GC 10259.733: [ParNew: 368640K->40960K(368640K), 0.0826950 secs] 3495401K->3205423K(12541952K), 0.0831820 secs] [Times: user=0.64 sys=0.00, real=0.09 secs] 
2011-03-01T03:52:38.681+0000: 10260.073: [GC 10260.073: [ParNew: 368640K->40960K(368640K), 0.0687410 secs] 3533103K->3229994K(12541952K), 0.0692300 secs] [Times: user=0.51 sys=0.01, real=0.07 secs] 
2011-03-01T03:52:38.983+0000: 10260.374: [GC 10260.374: [ParNew: 368640K->40960K(368640K), 0.0671460 secs] 3557674K->3252596K(12541952K), 0.0676450 secs] [Times: user=0.51 sys=0.00, real=0.07 secs] 
2011-03-01T03:52:39.381+0000: 10260.772: [GC 10260.772: [ParNew: 368640K->40960K(368640K), 0.0856230 secs] 3580276K->3276800K(12541952K), 0.0862100 secs] [Times: user=0.55 sys=0.01, real=0.09 secs] 
2011-03-01T03:52:39.732+0000: 10261.123: [GC 10261.123: [ParNew: 368640K->40806K(368640K), 0.0614880 secs] 3604538K->3299105K(12541952K), 0.0618490 secs] [Times: user=0.42 sys=0.01, real=0.07 secs] 
2011-03-01T03:52:39.796+0000: 10261.187: [GC 10261.188: [ParNew: 41230K->17284K(368640K), 0.0468110 secs] 3299528K->3300078K(12541952K), 0.0471130 secs] [Times: user=0.33 sys=0.00, real=0.05 secs] 
2011-03-01T03:52:40.055+0000: 10261.446: [GC 10261.447: [ParNew: 345155K->40960K(368640K), 0.0438050 secs] 3627950K->3329876K(12541952K), 0.0441630 secs] [Times: user=0.32 sys=0.00, real=0.04 secs] 
2011-03-01T03:52:40.102+0000: 10261.493: [GC 10261.493: [ParNew: 41127K->8990K(368640K), 0.0430780 secs] 3330043K->3326723K(12541952K), 0.0433760 secs] [Times: user=0.32 sys=0.00, real=0.05 secs] 
2011-03-01T03:52:40.625+0000: 10262.016: [GC 10262.016: [ParNew: 336670K->40960K(368640K), 0.0686750 secs] 3654403K->3374501K(12541952K), 0.0692570 secs] [Times: user=0.49 sys=0.00, real=0.07 secs] 
2011-03-01T03:52:41.026+0000: 10262.417: [GC 10262.417: [ParNew: 353129K->40960K(368640K), 0.0598940 secs] 3686671K->3405946K(12541952K), 0.0604130 secs] [Times: user=0.40 sys=0.00, real=0.06 secs] 
2011-03-01T03:52:41.705+0000: 10263.096: [GC 10263.097: [ParNew: 368640K->36532K(368640K), 0.0611920 secs] 3733626K->3435256K(12541952K), 0.0617190 secs] [Times: user=0.42 sys=0.00, real=0.06 secs] 
2011-03-01T03:52:42.853+0000: 10264.244: [GC 10264.244: [ParNew: 364208K->38242K(368640K), 0.0418820 secs] 3762931K->3455808K(12541952K), 0.0423740 secs] [Times: user=0.32 sys=0.00, real=0.04 secs] 
2011-03-01T03:52:44.281+0000: 10265.672: [GC 10265.673: [ParNew: 365922K->13151K(368640K), 0.0415870 secs] 3783488K->3447399K(12541952K), 0.0420770 secs] [Times: user=0.33 sys=0.00, real=0.05 secs] 
2011-03-01T03:52:45.990+0000: 10267.382: [GC 10267.382: [ParNew: 340831K->40960K(368640K), 0.0400850 secs] 3775079K->3479648K(12541952K), 0.0405780 secs] [Times: user=0.32 sys=0.00, real=0.04 secs] 
2011-03-01T03:52:47.244+0000: 10268.635: [GC 10268.635: [ParNew: 368640K->20476K(368640K), 0.0529130 secs] 3807328K->3485250K(12541952K), 0.0534050 secs] [Times: user=0.38 sys=0.00, real=0.05 secs] 
2011-03-01T03:52:48.888+0000: 10270.279: [GC 10270.280: [ParNew: 348156K->40960K(368640K), 0.0441020 secs] 3812930K->3516165K(12541952K), 0.0446030 secs] [Times: user=0.32 sys=0.00, real=0.05 secs] 
2011-03-01T03:52:51.248+0000: 10272.639: [GC 10272.639: [ParNew: 368640K->16138K(368640K), 0.0561720 secs] 3843845K->3513593K(12541952K), 0.0566360 secs] [Times: user=0.40 sys=0.00, real=0.06 secs] 
2011-03-01T03:52:53.430+0000: 10274.822: [GC 10274.822: [ParNew: 343818K->36890K(368640K), 0.0400290 secs] 3841273K->3534346K(12541952K), 0.0405100 secs] [Times: user=0.32 sys=0.01, real=0.04 secs] 
2011-03-01T03:52:54.874+0000: 10276.266: [GC 10276.266: [ParNew: 364570K->17548K(368640K), 0.0541490 secs] 3862026K->3539321K(12541952K), 0.0546490 secs] [Times: user=0.37 sys=0.01, real=0.05 secs] 
2011-03-01T03:52:55.577+0000: 10276.968: [GC 10276.968: [ParNew: 345198K->18527K(368640K), 0.0299210 secs] 3866971K->3540300K(12541952K), 0.0303980 secs] [Times: user=0.24 sys=0.00, real=0.03 secs] 
2011-03-01T03:52:56.293+0000: 10277.684: [GC 10277.684: [ParNew: 346207K->29037K(368640K), 0.0320120 secs] 3867980K->3550810K(12541952K), 0.0325360 secs] [Times: user=0.25 sys=0.00, real=0.03 secs] 
2011-03-01T03:52:56.907+0000: 10278.298: [GC 10278.299: [ParNew: 356675K->27447K(368640K), 0.0428370 secs] 3878448K->3556844K(12541952K), 0.0433280 secs] [Times: user=0.32 sys=0.00, real=0.04 secs] 
2011-03-01T03:52:57.750+0000: 10279.141: [GC 10279.141: [ParNew: 355127K->38563K(368640K), 0.0380130 secs] 3884524K->3573583K(12541952K), 0.0385220 secs] [Times: user=0.32 sys=0.00, real=0.04 secs] 
2011-03-01T03:52:58.380+0000: 10279.771: [GC 10279.771: [ParNew: 366243K->11355K(368640K), 0.0358920 secs] 3901263K->3554441K(12541952K), 0.0363330 secs] [Times: user=0.29 sys=0.00, real=0.04 secs] 
2011-03-01T03:52:59.071+0000: 10280.463: [GC 10280.463: [ParNew: 339035K->39208K(368640K), 0.0352470 secs] 3882121K->3582293K(12541952K), 0.0356440 secs] [Times: user=0.32 sys=0.00, real=0.04 secs] 
2011-03-01T03:53:00.157+0000: 10281.549: [GC 10281.549: [ParNew: 366888K->31057K(368640K), 0.0506710 secs] 3909973K->3590527K(12541952K), 0.0510530 secs] [Times: user=0.36 sys=0.02, real=0.05 secs] 
2011-03-01T03:53:00.780+0000: 10282.171: [GC 10282.171: [ParNew: 358737K->40960K(368640K), 0.0429270 secs] 3918207K->3608742K(12541952K), 0.0433010 secs] [Times: user=0.30 sys=0.01, real=0.05 secs] 
2011-03-01T03:53:02.483+0000: 10283.874: [GC 10283.874: [ParNew: 368640K->14054K(368640K), 0.0404660 secs] 3936422K->3597497K(12541952K), 0.0408450 secs] [Times: user=0.29 sys=0.00, real=0.04 secs] 
2011-03-01T03:53:03.710+0000: 10285.101: [GC 10285.101: [ParNew: 341734K->22888K(368640K), 0.0306820 secs] 3925177K->3606331K(12541952K), 0.0310620 secs] [Times: user=0.24 sys=0.00, real=0.03 secs] 
2011-03-01T03:53:05.419+0000: 10286.811: [GC 10286.811: [ParNew: 350568K->20643K(368640K), 0.0344250 secs] 3934011K->3610273K(12541952K), 0.0349340 secs] [Times: user=0.26 sys=0.01, real=0.04 secs] 
2011-03-01T03:53:07.268+0000: 10288.659: [GC 10288.659: [ParNew: 348368K->33174K(368640K), 0.0365090 secs] 3937998K->3622804K(12541952K), 0.0370090 secs] [Times: user=0.28 sys=0.00, real=0.04 secs] 
2011-03-01T03:53:09.131+0000: 10290.523: [GC 10290.523: [ParNew: 360965K->40960K(368640K), 0.0448720 secs] 3950594K->3638929K(12541952K), 0.0453820 secs] [Times: user=0.36 sys=0.01, real=0.05 secs] 
2011-03-01T03:53:09.180+0000: 10290.571: [GC 10290.572: [ParNew: 41365K->10128K(368640K), 0.0391550 secs] 3639335K->3628598K(12541952K), 0.0395970 secs] [Times: user=0.32 sys=0.00, real=0.04 secs] 
2011-03-01T03:53:11.599+0000: 10292.990: [GC 10292.991: [ParNew: 337808K->16599K(368640K), 0.0265460 secs] 3956278K->3635069K(12541952K), 0.0270380 secs] [Times: user=0.24 sys=0.00, real=0.03 secs] 
2011-03-01T03:53:13.514+0000: 10294.906: [GC 10294.906: [ParNew: 344279K->24427K(368640K), 0.0304150 secs] 3962749K->3642896K(12541952K), 0.0309330 secs] [Times: user=0.23 sys=0.00, real=0.03 secs] 
2011-03-01T03:53:15.229+0000: 10296.620: [GC 10296.620: [ParNew: 352107K->26441K(368640K), 0.0376020 secs] 3970576K->3651159K(12541952K), 0.0381050 secs] [Times: user=0.29 sys=0.00, real=0.04 secs] 
2011-03-01T03:53:17.644+0000: 10299.035: [GC 10299.035: [ParNew: 354121K->29179K(368640K), 0.0380960 secs] 3978839K->3657661K(12541952K), 0.0385860 secs] [Times: user=0.25 sys=0.01, real=0.04 secs] 
2011-03-01T03:53:19.363+0000: 10300.754: [GC 10300.754: [ParNew: 356859K->21373K(368640K), 0.0378890 secs] 3985341K->3657306K(12541952K), 0.0382700 secs] [Times: user=0.27 sys=0.01, real=0.03 secs] 
2011-03-01T03:53:20.616+0000: 10302.007: [GC 10302.007: [ParNew: 349035K->40960K(368640K), 0.0387140 secs] 3984967K->3679116K(12541952K), 0.0390780 secs] [Times: user=0.29 sys=0.00, real=0.04 secs] 
2011-03-01T03:53:21.891+0000: 10303.282: [GC 10303.283: [ParNew: 368640K->36908K(368640K), 0.0485070 secs] 4006796K->3688542K(12541952K), 0.0490630 secs] [Times: user=0.38 sys=0.01, real=0.05 secs] 
2011-03-01T03:53:23.078+0000: 10304.469: [GC 10304.469: [ParNew: 364588K->14765K(368640K), 0.0409140 secs] 4016222K->3682891K(12541952K), 0.0414280 secs] [Times: user=0.32 sys=0.00, real=0.04 secs] 
2011-03-01T03:53:24.565+0000: 10305.956: [GC 10305.956: [ParNew: 342445K->36614K(368640K), 0.0313080 secs] 4010571K->3704740K(12541952K), 0.0318480 secs] [Times: user=0.24 sys=0.00, real=0.03 secs] 
2011-03-01T03:53:25.773+0000: 10307.165: [GC 10307.165: [ParNew: 364294K->36844K(368640K), 0.0437330 secs] 4032420K->3720100K(12541952K), 0.0442270 secs] [Times: user=0.31 sys=0.00, real=0.04 secs] 
2011-03-01T03:53:27.915+0000: 10309.306: [GC 10309.307: [ParNew: 364524K->24944K(368640K), 0.0515230 secs] 4047780K->3734716K(12541952K), 0.0520170 secs] [Times: user=0.40 sys=0.00, real=0.05 secs] 
2011-03-01T03:53:30.351+0000: 10311.743: [GC 10311.743: [ParNew: 352624K->31608K(368640K), 0.0330190 secs] 4062396K->3741380K(12541952K), 0.0335070 secs] [Times: user=0.26 sys=0.00, real=0.04 secs] 
2011-03-01T03:53:31.534+0000: 10312.925: [GC 10312.925: [ParNew: 359288K->30377K(368640K), 0.0401850 secs] 4069060K->3748635K(12541952K), 0.0468670 secs] [Times: user=0.32 sys=0.00, real=0.04 secs] 
2011-03-01T03:53:33.005+0000: 10314.396: [GC 10314.396: [ParNew: 358057K->40960K(368640K), 0.0415080 secs] 4076315K->3766053K(12541952K), 0.0420090 secs] [Times: user=0.29 sys=0.00, real=0.04 secs] 
2011-03-01T03:53:34.393+0000: 10315.784: [GC 10315.784: [ParNew: 368639K->22898K(368640K), 0.0415250 secs] 4093733K->3763869K(12541952K), 0.0420380 secs] [Times: user=0.29 sys=0.00, real=0.04 secs] 
2011-03-01T03:53:35.402+0000: 10316.793: [GC 10316.793: [ParNew: 350578K->36794K(368640K), 0.0359640 secs] 4091549K->3777765K(12541952K), 0.0364710 secs] [Times: user=0.30 sys=0.00, real=0.04 secs] 
2011-03-01T03:53:36.036+0000: 10317.427: [GC 10317.428: [ParNew: 364474K->24536K(368640K), 0.0507380 secs] 4105445K->3783346K(12541952K), 0.0512390 secs] [Times: user=0.34 sys=0.00, real=0.05 secs] 
2011-03-01T03:53:36.421+0000: 10317.812: [GC 10317.812: [ParNew: 352216K->26518K(368640K), 0.0472200 secs] 4111026K->3798159K(12541952K), 0.0476730 secs] [Times: user=0.38 sys=0.01, real=0.05 secs] 
2011-03-01T03:53:36.786+0000: 10318.177: [GC 10318.177: [ParNew: 354198K->30768K(368640K), 0.0440410 secs] 4125839K->3813360K(12541952K), 0.0444090 secs] [Times: user=0.32 sys=0.00, real=0.04 secs] 
2011-03-01T03:53:37.110+0000: 10318.502: [GC 10318.502: [ParNew: 358448K->28906K(368640K), 0.0393240 secs] 4141040K->3823369K(12541952K), 0.0396920 secs] [Times: user=0.32 sys=0.00, real=0.04 secs] 
2011-03-01T03:53:37.510+0000: 10318.901: [GC 10318.902: [ParNew: 356586K->36130K(368640K), 0.0418500 secs] 4151049K->3839936K(12541952K), 0.0422160 secs] [Times: user=0.32 sys=0.00, real=0.05 secs] 
2011-03-01T03:53:37.863+0000: 10319.254: [GC 10319.254: [ParNew: 363810K->40960K(368640K), 0.0684120 secs] 4167616K->3858972K(12541952K), 0.0688670 secs] [Times: user=0.51 sys=0.00, real=0.07 secs] 
2011-03-01T03:53:38.301+0000: 10319.692: [GC 10319.693: [ParNew: 368640K->40960K(368640K), 0.0511970 secs] 4186652K->3870335K(12541952K), 0.0515900 secs] [Times: user=0.39 sys=0.00, real=0.06 secs] 
2011-03-01T03:53:38.738+0000: 10320.129: [GC 10320.130: [ParNew: 368640K->30549K(368640K), 0.0429140 secs] 4198015K->3873471K(12541952K), 0.0433060 secs] [Times: user=0.32 sys=0.00, real=0.04 secs] 
2011-03-01T03:53:39.529+0000: 10320.920: [GC 10320.920: [ParNew: 358229K->40960K(368640K), 0.0352050 secs] 4201151K->3890134K(12541952K), 0.0355910 secs] [Times: user=0.24 sys=0.00, real=0.04 secs] 
2011-03-01T03:53:40.629+0000: 10322.020: [GC 10322.021: [ParNew: 368640K->24144K(368640K), 0.0572600 secs] 4217814K->3889245K(12541952K), 0.0576450 secs] [Times: user=0.33 sys=0.00, real=0.06 secs] 
2011-03-01T03:53:41.968+0000: 10323.359: [GC 10323.359: [ParNew: 351832K->40960K(368640K), 0.0354130 secs] 4216932K->3906251K(12541952K), 0.0357930 secs] [Times: user=0.25 sys=0.00, real=0.04 secs] 
2011-03-01T03:53:42.006+0000: 10323.397: [GC 10323.398: [ParNew: 41024K->2680K(368640K), 0.0410640 secs] 3906316K->3886825K(12541952K), 0.0413850 secs] [Times: user=0.25 sys=0.00, real=0.04 secs] 
2011-03-01T03:53:43.381+0000: 10324.772: [GC 10324.772: [ParNew: 330360K->22081K(368640K), 0.0228610 secs] 4214505K->3906226K(12541952K), 0.0233540 secs] [Times: user=0.17 sys=0.00, real=0.03 secs] 
2011-03-01T03:53:44.867+0000: 10326.258: [GC 10326.258: [ParNew: 349761K->18733K(368640K), 0.0287080 secs] 4233906K->3911280K(12541952K), 0.0292000 secs] [Times: user=0.22 sys=0.00, real=0.03 secs] 
2011-03-01T03:53:46.243+0000: 10327.634: [GC 10327.635: [ParNew: 346413K->40960K(368640K), 0.0334670 secs] 4238960K->3940407K(12541952K), 0.0339610 secs] [Times: user=0.24 sys=0.00, real=0.03 secs] 
2011-03-01T03:53:47.705+0000: 10329.097: [GC 10329.097: [ParNew: 368640K->11094K(368640K), 0.0288370 secs] 4268087K->3922590K(12541952K), 0.0293300 secs] [Times: user=0.17 sys=0.00, real=0.03 secs] 
2011-03-01T03:53:49.384+0000: 10330.776: [GC 10330.776: [ParNew: 338774K->40280K(368640K), 0.0268430 secs] 4250270K->3951776K(12541952K), 0.0273310 secs] [Times: user=0.16 sys=0.01, real=0.02 secs] 
2011-03-01T03:53:51.874+0000: 10333.265: [GC 10333.265: [ParNew: 367960K->21641K(368640K), 0.0330730 secs] 4279456K->3947963K(12541952K), 0.0335710 secs] [Times: user=0.25 sys=0.00, real=0.03 secs] 
2011-03-01T03:53:54.124+0000: 10335.515: [GC 10335.516: [ParNew: 349321K->29244K(368640K), 0.0252290 secs] 4275643K->3955567K(12541952K), 0.0257190 secs] [Times: user=0.17 sys=0.01, real=0.02 secs] 
2011-03-01T03:53:55.088+0000: 10336.479: [GC 10336.479: [ParNew: 356906K->36188K(368640K), 0.0294980 secs] 4283228K->3968826K(12541952K), 0.0300020 secs] [Times: user=0.24 sys=0.00, real=0.03 secs] 
2011-03-01T03:53:55.753+0000: 10337.144: [GC 10337.145: [ParNew: 363841K->12616K(368640K), 0.0273740 secs] 4296478K->3953451K(12541952K), 0.0278800 secs] [Times: user=0.20 sys=0.00, real=0.02 secs] 
2011-03-01T03:53:56.426+0000: 10337.817: [GC 10337.818: [ParNew: 340296K->27007K(368640K), 0.0234810 secs] 4281131K->3967842K(12541952K), 0.0239920 secs] [Times: user=0.16 sys=0.00, real=0.02 secs] 
2011-03-01T03:53:57.218+0000: 10338.609: [GC 10338.609: [ParNew: 354687K->39918K(368640K), 0.0560630 secs] 4295522K->4000864K(12541952K), 0.0565650 secs] [Times: user=0.41 sys=0.00, real=0.06 secs] 
2011-03-01T03:53:58.118+0000: 10339.509: [GC 10339.509: [ParNew: 367598K->14127K(368640K), 0.0348820 secs] 4328544K->3990840K(12541952K), 0.0353840 secs] [Times: user=0.25 sys=0.00, real=0.04 secs] 
2011-03-01T03:53:58.635+0000: 10340.026: [GC 10340.026: [ParNew: 341807K->23495K(368640K), 0.0240560 secs] 4318520K->4000208K(12541952K), 0.0245300 secs] [Times: user=0.15 sys=0.00, real=0.02 secs] 
2011-03-01T03:53:59.310+0000: 10340.701: [GC 10340.702: [ParNew: 351175K->9404K(368640K), 0.0329060 secs] 4327888K->3991268K(12541952K), 0.0333940 secs] [Times: user=0.24 sys=0.00, real=0.04 secs] 
2011-03-01T03:53:59.932+0000: 10341.324: [GC 10341.324: [ParNew: 337084K->21162K(368640K), 0.0274270 secs] 4318948K->4003026K(12541952K), 0.0279420 secs] [Times: user=0.22 sys=0.00, real=0.03 secs] 
2011-03-01T03:54:00.471+0000: 10341.863: [GC 10341.863: [ParNew: 348842K->40960K(368640K), 0.0353220 secs] 4330706K->4024388K(12541952K), 0.0358150 secs] [Times: user=0.32 sys=0.00, real=0.04 secs] 
2011-03-01T03:54:01.251+0000: 10342.642: [GC 10342.642: [ParNew: 368640K->32809K(368640K), 0.0397560 secs] 4352068K->4026218K(12541952K), 0.0402600 secs] [Times: user=0.32 sys=0.00, real=0.04 secs] 
2011-03-01T03:54:03.175+0000: 10344.567: [GC 10344.567: [ParNew: 360489K->21544K(368640K), 0.0381030 secs] 4353898K->4028448K(12541952K), 0.0385780 secs] [Times: user=0.24 sys=0.00, real=0.04 secs] 
2011-03-01T03:54:05.552+0000: 10346.943: [GC 10346.943: [ParNew: 349224K->27089K(368640K), 0.0327920 secs] 4356128K->4033994K(12541952K), 0.0332630 secs] [Times: user=0.27 sys=0.00, real=0.04 secs] 
2011-03-01T03:54:07.614+0000: 10349.005: [GC 10349.005: [ParNew: 354769K->30467K(368640K), 0.0388780 secs] 4361674K->4045491K(12541952K), 0.0393800 secs] [Times: user=0.27 sys=0.01, real=0.04 secs] 
2011-03-01T03:54:09.328+0000: 10350.719: [GC 10350.719: [ParNew: 358147K->26991K(368640K), 0.0353780 secs] 4373171K->4048387K(12541952K), 0.0358790 secs] [Times: user=0.24 sys=0.00, real=0.04 secs] 
2011-03-01T03:54:11.044+0000: 10352.435: [GC 10352.436: [ParNew: 354671K->16915K(368640K), 0.0346230 secs] 4376067K->4046158K(12541952K), 0.0351250 secs] [Times: user=0.26 sys=0.00, real=0.03 secs] 
2011-03-01T03:54:13.328+0000: 10354.720: [GC 10354.720: [ParNew: 344595K->40805K(368640K), 0.0343500 secs] 4373838K->4070048K(12541952K), 0.0348550 secs] [Times: user=0.24 sys=0.00, real=0.04 secs] 
2011-03-01T03:54:15.665+0000: 10357.056: [GC 10357.057: [ParNew: 368485K->23738K(368640K), 0.0417430 secs] 4397728K->4061752K(12541952K), 0.0422380 secs] [Times: user=0.29 sys=0.00, real=0.04 secs] 
2011-03-01T03:54:17.982+0000: 10359.373: [GC 10359.374: [ParNew: 351418K->40960K(368640K), 0.0382500 secs] 4389432K->4083810K(12541952K), 0.0387520 secs] [Times: user=0.31 sys=0.00, real=0.03 secs] 
2011-03-01T03:54:19.351+0000: 10360.742: [GC 10360.742: [ParNew: 368640K->17085K(368640K), 0.0452310 secs] 4411490K->4079781K(12541952K), 0.0457240 secs] [Times: user=0.34 sys=0.00, real=0.05 secs] 
2011-03-01T03:54:20.732+0000: 10362.123: [GC 10362.123: [ParNew: 344765K->38935K(368640K), 0.0327540 secs] 4407461K->4101631K(12541952K), 0.0331160 secs] [Times: user=0.26 sys=0.00, real=0.04 secs] 
2011-03-01T03:54:22.136+0000: 10363.527: [GC 10363.527: [ParNew: 366615K->10841K(368640K), 0.0409390 secs] 4429311K->4088066K(12541952K), 0.0413060 secs] [Times: user=0.29 sys=0.00, real=0.04 secs] 
2011-03-01T03:54:23.227+0000: 10364.618: [GC 10364.618: [ParNew: 338521K->35729K(368640K), 0.0312430 secs] 4415746K->4112954K(12541952K), 0.0316750 secs] [Times: user=0.24 sys=0.00, real=0.03 secs] 
2011-03-01T03:54:24.790+0000: 10366.181: [GC 10366.181: [ParNew: 363409K->9905K(368640K), 0.0418360 secs] 4440634K->4101225K(12541952K), 0.0423290 secs] [Times: user=0.31 sys=0.00, real=0.05 secs] 
2011-03-01T03:54:26.316+0000: 10367.707: [GC 10367.708: [ParNew: 337585K->37638K(368640K), 0.0328370 secs] 4428905K->4128958K(12541952K), 0.0333500 secs] [Times: user=0.24 sys=0.00, real=0.03 secs] 
2011-03-01T03:54:28.762+0000: 10370.153: [GC 10370.154: [ParNew: 365318K->10444K(368640K), 0.0401160 secs] 4456638K->4115917K(12541952K), 0.0406240 secs] [Times: user=0.32 sys=0.01, real=0.05 secs] 
2011-03-01T03:54:30.639+0000: 10372.030: [GC 10372.031: [ParNew: 338124K->27881K(368640K), 0.0310370 secs] 4443597K->4133354K(12541952K), 0.0315240 secs] [Times: user=0.24 sys=0.00, real=0.03 secs] 
2011-03-01T03:54:31.963+0000: 10373.354: [GC 10373.355: [ParNew: 355561K->9905K(368640K), 0.0413890 secs] 4461034K->4129533K(12541952K), 0.0418840 secs] [Times: user=0.27 sys=0.01, real=0.04 secs] 
2011-03-01T03:54:33.226+0000: 10374.618: [GC 10374.618: [ParNew: 337721K->40960K(368640K), 0.0345690 secs] 4457349K->4164088K(12541952K), 0.0350530 secs] [Times: user=0.24 sys=0.00, real=0.03 secs] 
2011-03-01T03:54:33.265+0000: 10374.656: [GC 10374.656: [ParNew: 41373K->7621K(368640K), 0.0355020 secs] 4164502K->4144652K(12541952K), 0.0359220 secs] [Times: user=0.25 sys=0.00, real=0.03 secs] 
2011-03-01T03:54:34.787+0000: 10376.178: [GC 10376.179: [ParNew: 335301K->9348K(368640K), 0.0285750 secs] 4472332K->4146378K(12541952K), 0.0290640 secs] [Times: user=0.24 sys=0.00, real=0.03 secs] 
2011-03-01T03:54:35.717+0000: 10377.108: [GC 10377.108: [ParNew: 337028K->40960K(368640K), 0.0459750 secs] 4474058K->4185270K(12541952K), 0.0464700 secs] [Times: user=0.32 sys=0.02, real=0.05 secs] 
2011-03-01T03:54:36.225+0000: 10377.616: [GC 10377.617: [ParNew: 368640K->19325K(368640K), 0.0496530 secs] 4512950K->4181513K(12541952K), 0.0501450 secs] [Times: user=0.30 sys=0.01, real=0.05 secs] 
2011-03-01T03:54:36.595+0000: 10377.987: [GC 10377.987: [ParNew: 347005K->40960K(368640K), 0.0579010 secs] 4509193K->4215559K(12541952K), 0.0582710 secs] [Times: user=0.40 sys=0.00, real=0.06 secs] 
2011-03-01T03:54:36.962+0000: 10378.353: [GC 10378.353: [ParNew: 368640K->40960K(368640K), 0.0812310 secs] 4543239K->4240716K(12541952K), 0.0816000 secs] [Times: user=0.61 sys=0.01, real=0.09 secs] 
2011-03-01T03:54:37.347+0000: 10378.738: [GC 10378.738: [ParNew: 368640K->40960K(368640K), 0.0953640 secs] 4568396K->4291973K(12541952K), 0.0958350 secs] [Times: user=0.64 sys=0.00, real=0.10 secs] 
2011-03-01T03:54:37.584+0000: 10378.975: [GC 10378.976: [ParNew: 368640K->40960K(368640K), 0.0707740 secs] 4619653K->4391371K(12541952K), 0.0712910 secs] [Times: user=0.51 sys=0.00, real=0.07 secs] 
2011-03-01T03:54:37.883+0000: 10379.274: [GC 10379.275: [ParNew: 368640K->40960K(368640K), 0.0529480 secs] 4719051K->4403225K(12541952K), 0.0534640 secs] [Times: user=0.36 sys=0.00, real=0.05 secs] 
2011-03-01T03:54:38.260+0000: 10379.651: [GC 10379.651: [ParNew: 368640K->40960K(368640K), 0.0514390 secs] 4730905K->4422196K(12541952K), 0.0519160 secs] [Times: user=0.39 sys=0.00, real=0.05 secs] 
2011-03-01T03:54:38.606+0000: 10379.998: [GC 10379.998: [ParNew: 368640K->40960K(368640K), 0.0517390 secs] 4749918K->4430936K(12541952K), 0.0522170 secs] [Times: user=0.40 sys=0.00, real=0.05 secs] 
2011-03-01T03:54:38.662+0000: 10380.053: [GC 10380.053: [ParNew: 41148K->26568K(368640K), 0.0506780 secs] 4431124K->4447023K(12541952K), 0.0510980 secs] [Times: user=0.36 sys=0.00, real=0.06 secs] 
2011-03-01T03:54:38.976+0000: 10380.367: [GC 10380.368: [ParNew: 354248K->29672K(368640K), 0.0351130 secs] 4774703K->4450127K(12541952K), 0.0356080 secs] [Times: user=0.24 sys=0.00, real=0.03 secs] 
2011-03-01T03:54:39.290+0000: 10380.681: [GC 10380.681: [ParNew: 357352K->32354K(368640K), 0.0457550 secs] 4777807K->4466003K(12541952K), 0.0462570 secs] [Times: user=0.33 sys=0.00, real=0.05 secs] 
2011-03-01T03:54:39.860+0000: 10381.251: [GC 10381.251: [ParNew: 360034K->36623K(368640K), 0.0488450 secs] 4793683K->4479266K(12541952K), 0.0493390 secs] [Times: user=0.40 sys=0.00, real=0.05 secs] 
2011-03-01T03:54:40.393+0000: 10381.784: [GC 10381.784: [ParNew: 364303K->14942K(368640K), 0.0425460 secs] 4806946K->4466898K(12541952K), 0.0430250 secs] [Times: user=0.32 sys=0.00, real=0.04 secs] 
2011-03-01T03:54:40.884+0000: 10382.275: [GC 10382.276: [ParNew: 342622K->29117K(368640K), 0.0390190 secs] 4794578K->4481072K(12541952K), 0.0395080 secs] [Times: user=0.27 sys=0.00, real=0.04 secs] 
2011-03-01T03:54:41.556+0000: 10382.947: [GC 10382.947: [ParNew: 356797K->21321K(368640K), 0.0546270 secs] 4808752K->4485693K(12541952K), 0.0551470 secs] [Times: user=0.40 sys=0.01, real=0.05 secs] 
2011-03-01T03:54:42.092+0000: 10383.483: [GC 10383.484: [ParNew: 349001K->29279K(368640K), 0.0377660 secs] 4813373K->4493652K(12541952K), 0.0381910 secs] [Times: user=0.28 sys=0.01, real=0.04 secs] 
2011-03-01T03:54:42.995+0000: 10384.386: [GC 10384.387: [ParNew: 356959K->15995K(368640K), 0.0478200 secs] 4821332K->4488696K(12541952K), 0.0481860 secs] [Times: user=0.31 sys=0.01, real=0.05 secs] 
2011-03-01T03:54:43.923+0000: 10385.314: [GC 10385.314: [ParNew: 343675K->37736K(368640K), 0.0511210 secs] 4816376K->4584166K(12541952K), 0.0515610 secs] [Times: user=0.40 sys=0.00, real=0.05 secs] 
2011-03-01T03:54:44.612+0000: 10386.003: [GC 10386.004: [ParNew: 365416K->28104K(368640K), 0.0531800 secs] 4911846K->4597208K(12541952K), 0.0536920 secs] [Times: user=0.35 sys=0.00, real=0.06 secs] 
2011-03-01T03:54:45.362+0000: 10386.753: [GC 10386.754: [ParNew: 355784K->24315K(368640K), 0.0300840 secs] 4924888K->4593418K(12541952K), 0.0304460 secs] [Times: user=0.20 sys=0.00, real=0.03 secs] 
2011-03-01T03:54:46.021+0000: 10387.413: [GC 10387.413: [ParNew: 351995K->22235K(368640K), 0.0360890 secs] 4921098K->4599189K(12541952K), 0.0364500 secs] [Times: user=0.32 sys=0.00, real=0.04 secs] 
2011-03-01T03:54:46.859+0000: 10388.250: [GC 10388.251: [ParNew: 349915K->25886K(368640K), 0.0338170 secs] 4926869K->4602839K(12541952K), 0.0341820 secs] [Times: user=0.26 sys=0.00, real=0.04 secs] 
2011-03-01T03:54:47.428+0000: 10388.819: [GC 10388.819: [ParNew: 353566K->40960K(368640K), 0.0330990 secs] 4930519K->4621426K(12541952K), 0.0334650 secs] [Times: user=0.24 sys=0.00, real=0.03 secs] 
2011-03-01T03:54:48.215+0000: 10389.606: [GC 10389.607: [ParNew: 368640K->27882K(368640K), 0.0332170 secs] 4949106K->4614320K(12541952K), 0.0335770 secs] [Times: user=0.24 sys=0.00, real=0.03 secs] 
2011-03-01T03:54:49.030+0000: 10390.421: [GC 10390.421: [ParNew: 355562K->28636K(368640K), 0.0335510 secs] 4942000K->4626418K(12541952K), 0.0339120 secs] [Times: user=0.24 sys=0.00, real=0.04 secs] 
2011-03-01T03:54:49.960+0000: 10391.351: [GC 10391.352: [ParNew: 356316K->28151K(368640K), 0.0283700 secs] 4954098K->4629752K(12541952K), 0.0287270 secs] [Times: user=0.24 sys=0.00, real=0.03 secs] 
2011-03-01T03:54:50.972+0000: 10392.363: [GC 10392.364: [ParNew: 355831K->17034K(368640K), 0.0289810 secs] 4957432K->4623693K(12541952K), 0.0293380 secs] [Times: user=0.19 sys=0.00, real=0.02 secs] 
2011-03-01T03:54:51.919+0000: 10393.310: [GC 10393.310: [ParNew: 344714K->23375K(368640K), 0.0247520 secs] 4951373K->4630034K(12541952K), 0.0290010 secs] [Times: user=0.19 sys=0.01, real=0.03 secs] 
2011-03-01T03:54:52.822+0000: 10394.213: [GC 10394.214: [ParNew: 351055K->26966K(368640K), 0.0264750 secs] 4957714K->4633625K(12541952K), 0.0270130 secs] [Times: user=0.18 sys=0.00, real=0.03 secs] 
2011-03-01T03:54:53.674+0000: 10395.066: [GC 10395.066: [ParNew: 353204K->40247K(368640K), 0.0326020 secs] 4959863K->4661867K(12541952K), 0.0331180 secs] [Times: user=0.25 sys=0.00, real=0.03 secs] 
2011-03-01T03:54:54.086+0000: 10395.477: [GC 10395.477: [ParNew: 367927K->18153K(368640K), 0.0519440 secs] 4989547K->4714801K(12541952K), 0.0524340 secs] [Times: user=0.38 sys=0.00, real=0.05 secs] 
2011-03-01T03:54:54.580+0000: 10395.971: [GC 10395.971: [ParNew: 345833K->26956K(368640K), 0.0357100 secs] 5042481K->4723604K(12541952K), 0.0362060 secs] [Times: user=0.31 sys=0.01, real=0.04 secs] 
2011-03-01T03:54:54.939+0000: 10396.330: [GC 10396.331: [ParNew: 354636K->12201K(368640K), 0.0392170 secs] 5051284K->4716352K(12541952K), 0.0397090 secs] [Times: user=0.32 sys=0.00, real=0.04 secs] 
2011-03-01T03:54:55.349+0000: 10396.740: [GC 10396.741: [ParNew: 339826K->27256K(368640K), 0.0372620 secs] 5043978K->4731407K(12541952K), 0.0377680 secs] [Times: user=0.32 sys=0.00, real=0.04 secs] 
2011-03-01T03:54:55.654+0000: 10397.045: [GC 10397.045: [ParNew: 354936K->31844K(368640K), 0.0498340 secs] 5059087K->4739557K(12541952K), 0.0503470 secs] [Times: user=0.35 sys=0.00, real=0.05 secs] 
2011-03-01T03:54:56.002+0000: 10397.393: [GC 10397.393: [ParNew: 359524K->26263K(368640K), 0.0489270 secs] 5067237K->4742943K(12541952K), 0.0494330 secs] [Times: user=0.38 sys=0.00, real=0.05 secs] 
2011-03-01T03:54:56.341+0000: 10397.732: [GC 10397.733: [ParNew: 353943K->10250K(368640K), 0.0396720 secs] 5070623K->4733470K(12541952K), 0.0401780 secs] [Times: user=0.31 sys=0.00, real=0.04 secs] 
2011-03-01T03:54:56.682+0000: 10398.073: [GC 10398.073: [ParNew: 337930K->12712K(368640K), 0.0343550 secs] 5061150K->4735932K(12541952K), 0.0348540 secs] [Times: user=0.30 sys=0.01, real=0.04 secs] 
2011-03-01T03:54:57.104+0000: 10398.495: [GC 10398.495: [ParNew: 340392K->19857K(368640K), 0.0409480 secs] 5063612K->4743077K(12541952K), 0.0439420 secs] [Times: user=0.32 sys=0.02, real=0.04 secs] 
2011-03-01T03:54:57.473+0000: 10398.864: [GC 10398.864: [ParNew: 347537K->29537K(368640K), 0.0562680 secs] 5070757K->4755330K(12541952K), 0.0567740 secs] [Times: user=0.43 sys=0.01, real=0.05 secs] 
2011-03-01T03:54:57.848+0000: 10399.239: [GC 10399.239: [ParNew: 357184K->19978K(368640K), 0.0473750 secs] 5082977K->4753036K(12541952K), 0.0478760 secs] [Times: user=0.35 sys=0.00, real=0.05 secs] 
2011-03-01T03:54:58.206+0000: 10399.597: [GC 10399.597: [ParNew: 347658K->40960K(368640K), 0.0431710 secs] 5080716K->4774018K(12541952K), 0.0436770 secs] [Times: user=0.31 sys=0.00, real=0.04 secs] 
2011-03-01T03:54:58.590+0000: 10399.981: [GC 10399.981: [ParNew: 368623K->15312K(368640K), 0.0572620 secs] 5101681K->4768613K(12541952K), 0.0577930 secs] [Times: user=0.39 sys=0.00, real=0.06 secs] 
2011-03-01T03:54:59.065+0000: 10400.456: [GC 10400.456: [ParNew: 342992K->12708K(368640K), 0.0315850 secs] 5096293K->4766010K(12541952K), 0.0320850 secs] [Times: user=0.25 sys=0.03, real=0.03 secs] 
2011-03-01T03:54:59.553+0000: 10400.944: [GC 10400.945: [ParNew: 335338K->20782K(368640K), 0.0330780 secs] 5088640K->4774084K(12541952K), 0.0335850 secs] [Times: user=0.26 sys=0.00, real=0.03 secs] 
2011-03-01T03:54:59.920+0000: 10401.311: [GC 10401.311: [ParNew: 348419K->34340K(368640K), 0.0509340 secs] 5101721K->4861370K(12541952K), 0.0514370 secs] [Times: user=0.39 sys=0.00, real=0.05 secs] 
2011-03-01T03:55:00.251+0000: 10401.642: [GC 10401.642: [ParNew: 362020K->40960K(368640K), 0.0657770 secs] 5189050K->4950652K(12541952K), 0.0662830 secs] [Times: user=0.52 sys=0.00, real=0.07 secs] 
2011-03-01T03:55:00.601+0000: 10401.992: [GC 10401.992: [ParNew: 368640K->18828K(368640K), 0.0441290 secs] 5278332K->4955643K(12541952K), 0.0446260 secs] [Times: user=0.32 sys=0.00, real=0.05 secs] 
2011-03-01T03:55:00.969+0000: 10402.361: [GC 10402.361: [ParNew: 346508K->20142K(368640K), 0.0408520 secs] 5283323K->4956957K(12541952K), 0.0413410 secs] [Times: user=0.32 sys=0.00, real=0.04 secs] 
2011-03-01T03:55:01.435+0000: 10402.826: [GC 10402.827: [ParNew: 347822K->40378K(368640K), 0.0590160 secs] 5284637K->4977193K(12541952K), 0.0594530 secs] [Times: user=0.44 sys=0.01, real=0.06 secs] 
2011-03-01T03:55:01.954+0000: 10403.345: [GC 10403.345: [ParNew: 368057K->28947K(368640K), 0.0561960 secs] 5304872K->4981752K(12541952K), 0.0565580 secs] [Times: user=0.41 sys=0.00, real=0.05 secs] 
2011-03-01T03:55:02.535+0000: 10403.926: [GC 10403.930: [ParNew: 356627K->28128K(368640K), 0.0465940 secs] 5309432K->4988643K(12541952K), 0.0469730 secs] [Times: user=0.37 sys=0.00, real=0.05 secs] 
2011-03-01T03:55:03.089+0000: 10404.480: [GC 10404.480: [ParNew: 355808K->14518K(368640K), 0.0450050 secs] 5316323K->4983866K(12541952K), 0.0453650 secs] [Times: user=0.34 sys=0.00, real=0.05 secs] 
2011-03-01T03:55:03.615+0000: 10405.006: [GC 10405.007: [ParNew: 342198K->19904K(368640K), 0.0402560 secs] 5311546K->4989253K(12541952K), 0.0406990 secs] [Times: user=0.32 sys=0.00, real=0.04 secs] 
2011-03-01T03:55:04.218+0000: 10405.610: [GC 10405.610: [ParNew: 347584K->23289K(368640K), 0.0431130 secs] 5316933K->4992637K(12541952K), 0.0436260 secs] [Times: user=0.32 sys=0.00, real=0.05 secs] 
2011-03-01T03:55:04.981+0000: 10406.372: [GC 10406.373: [ParNew: 350969K->26131K(368640K), 0.0509800 secs] 5320317K->4999121K(12541952K), 0.0515080 secs] [Times: user=0.41 sys=0.00, real=0.05 secs] 
2011-03-01T03:55:05.738+0000: 10407.129: [GC 10407.129: [ParNew: 353811K->40960K(368640K), 0.0638450 secs] 5326801K->5083957K(12541952K), 0.0642150 secs] [Times: user=0.47 sys=0.00, real=0.06 secs] 
2011-03-01T03:55:06.748+0000: 10408.139: [GC 10408.139: [ParNew: 368640K->37875K(368640K), 0.0562320 secs] 5411637K->5093273K(12541952K), 0.0566050 secs] [Times: user=0.40 sys=0.01, real=0.06 secs] 
2011-03-01T03:55:07.760+0000: 10409.151: [GC 10409.216: [ParNew: 365555K->40960K(368640K), 0.0531180 secs] 5420953K->5117344K(12541952K), 0.0536110 secs] [Times: user=0.41 sys=0.00, real=0.12 secs] 
2011-03-01T03:55:08.794+0000: 10410.185: [GC 10410.185: [ParNew: 368640K->17119K(368640K), 0.0446420 secs] 5445024K->5110935K(12541952K), 0.0451160 secs] [Times: user=0.30 sys=0.00, real=0.04 secs] 
2011-03-01T03:55:09.564+0000: 10410.955: [GC 10410.956: [ParNew: 344799K->14835K(368640K), 0.0322280 secs] 5438615K->5108651K(12541952K), 0.0327000 secs] [Times: user=0.26 sys=0.00, real=0.04 secs] 
2011-03-01T03:55:10.329+0000: 10411.720: [GC 10411.721: [ParNew: 342515K->21540K(368640K), 0.0332200 secs] 5436331K->5115356K(12541952K), 0.0336930 secs] [Times: user=0.24 sys=0.00, real=0.04 secs] 
2011-03-01T03:55:11.508+0000: 10412.899: [GC 10412.899: [ParNew: 349220K->25368K(368640K), 0.0341420 secs] 5443036K->5119184K(12541952K), 0.0346020 secs] [Times: user=0.24 sys=0.00, real=0.03 secs] 
2011-03-01T03:55:12.236+0000: 10413.627: [GC 10413.627: [ParNew: 351127K->40534K(368640K), 0.0454850 secs] 5444944K->5139633K(12541952K), 0.0459600 secs] [Times: user=0.32 sys=0.00, real=0.04 secs] 
2011-03-01T03:55:13.143+0000: 10414.535: [GC 10414.535: [ParNew: 368214K->37318K(368640K), 0.0507500 secs] 5467313K->5147580K(12541952K), 0.0512880 secs] [Times: user=0.36 sys=0.00, real=0.05 secs] 
2011-03-01T03:55:14.070+0000: 10415.461: [GC 10415.461: [ParNew: 364998K->21171K(368640K), 0.0420890 secs] 5475260K->5151645K(12541952K), 0.0425790 secs] [Times: user=0.32 sys=0.00, real=0.05 secs] 
2011-03-01T03:55:14.984+0000: 10416.375: [GC 10416.375: [ParNew: 348851K->12631K(368640K), 0.0316440 secs] 5479325K->5143105K(12541952K), 0.0321200 secs] [Times: user=0.25 sys=0.00, real=0.03 secs] 
2011-03-01T03:55:15.744+0000: 10417.136: [GC 10417.136: [ParNew: 340311K->40660K(368640K), 0.0636680 secs] 5470785K->5187518K(12541952K), 0.0641560 secs] [Times: user=0.48 sys=0.01, real=0.06 secs] 
2011-03-01T03:55:16.617+0000: 10418.008: [GC 10418.008: [ParNew: 368340K->13886K(368640K), 0.0452150 secs] 5515198K->5178522K(12541952K), 0.0457060 secs] [Times: user=0.32 sys=0.00, real=0.05 secs] 
2011-03-01T03:55:17.534+0000: 10418.925: [GC 10418.925: [ParNew: 341566K->20311K(368640K), 0.0299900 secs] 5506202K->5184947K(12541952K), 0.0304970 secs] [Times: user=0.22 sys=0.00, real=0.03 secs] 
2011-03-01T03:55:18.413+0000: 10419.804: [GC 10419.804: [ParNew: 347991K->37788K(368640K), 0.0337070 secs] 5512627K->5202424K(12541952K), 0.0341940 secs] [Times: user=0.28 sys=0.01, real=0.03 secs] 
2011-03-01T03:55:19.315+0000: 10420.707: [GC 10420.707: [ParNew: 365468K->28991K(368640K), 0.0425950 secs] 5530104K->5204821K(12541952K), 0.0430850 secs] [Times: user=0.32 sys=0.00, real=0.04 secs] 
2011-03-01T03:55:20.058+0000: 10421.449: [GC 10421.449: [ParNew: 356671K->20215K(368640K), 0.0387890 secs] 5532501K->5204766K(12541952K), 0.0392770 secs] [Times: user=0.31 sys=0.00, real=0.04 secs] 
2011-03-01T03:55:20.821+0000: 10422.212: [GC 10422.212: [ParNew: 347895K->24944K(368640K), 0.0379280 secs] 5532446K->5209495K(12541952K), 0.0384130 secs] [Times: user=0.31 sys=0.00, real=0.04 secs] 
2011-03-01T03:55:21.553+0000: 10422.944: [GC 10422.945: [ParNew: 352624K->37439K(368640K), 0.0407480 secs] 5537175K->5221990K(12541952K), 0.0412460 secs] [Times: user=0.32 sys=0.00, real=0.04 secs] 
2011-03-01T03:55:22.386+0000: 10423.777: [GC 10423.778: [ParNew: 365119K->39444K(368640K), 0.0595750 secs] 5549670K->5243007K(12541952K), 0.0601470 secs] [Times: user=0.41 sys=0.00, real=0.06 secs] 
2011-03-01T03:55:23.076+0000: 10424.467: [GC 10424.468: [ParNew: 367124K->28752K(368640K), 0.0453780 secs] 5570687K->5240356K(12541952K), 0.0458650 secs] [Times: user=0.32 sys=0.00, real=0.05 secs] 
2011-03-01T03:55:23.805+0000: 10425.196: [GC 10425.196: [ParNew: 356432K->40960K(368640K), 0.0426100 secs] 5568036K->5256642K(12541952K), 0.0430960 secs] [Times: user=0.31 sys=0.00, real=0.04 secs] 
2011-03-01T03:55:24.577+0000: 10425.968: [GC 10425.969: [ParNew: 368640K->33218K(368640K), 0.0461910 secs] 5584322K->5257854K(12541952K), 0.0466660 secs] [Times: user=0.32 sys=0.00, real=0.05 secs] 
2011-03-01T03:55:25.270+0000: 10426.661: [GC 10426.662: [ParNew: 360898K->39184K(368640K), 0.0526440 secs] 5585534K->5276717K(12541952K), 0.0531370 secs] [Times: user=0.40 sys=0.00, real=0.06 secs] 
2011-03-01T03:55:26.040+0000: 10427.431: [GC 10427.431: [ParNew: 366864K->32990K(368640K), 0.0446880 secs] 5604397K->5278809K(12541952K), 0.0451750 secs] [Times: user=0.32 sys=0.00, real=0.05 secs] 
2011-03-01T03:55:26.779+0000: 10428.170: [GC 10428.171: [ParNew: 360670K->30197K(368640K), 0.0460940 secs] 5606489K->5286924K(12541952K), 0.0465810 secs] [Times: user=0.35 sys=0.01, real=0.05 secs] 
2011-03-01T03:55:27.624+0000: 10429.015: [GC 10429.016: [ParNew: 357877K->27951K(368640K), 0.0463560 secs] 5614604K->5291840K(12541952K), 0.0468440 secs] [Times: user=0.32 sys=0.00, real=0.04 secs] 
2011-03-01T03:55:28.871+0000: 10430.262: [GC 10430.262: [ParNew: 355631K->34593K(368640K), 0.0471200 secs] 5619520K->5307357K(12541952K), 0.0476100 secs] [Times: user=0.40 sys=0.00, real=0.05 secs] 
2011-03-01T03:55:29.765+0000: 10431.156: [GC 10431.157: [ParNew: 362273K->24776K(368640K), 0.0453910 secs] 5635037K->5310453K(12541952K), 0.0458780 secs] [Times: user=0.33 sys=0.00, real=0.04 secs] 
2011-03-01T03:55:30.574+0000: 10431.965: [GC 10431.965: [ParNew: 352456K->40960K(368640K), 0.0402560 secs] 5638133K->5328516K(12541952K), 0.0407410 secs] [Times: user=0.29 sys=0.00, real=0.04 secs] 
2011-03-01T03:55:31.741+0000: 10433.133: [GC 10433.133: [ParNew: 368640K->40960K(368640K), 0.0600620 secs] 5656196K->5342343K(12541952K), 0.0605380 secs] [Times: user=0.44 sys=0.07, real=0.06 secs] 
2011-03-01T03:55:33.175+0000: 10434.566: [GC 10434.574: [ParNew: 368640K->29569K(368640K), 0.0570450 secs] 5670023K->5354718K(12541952K), 0.0575490 secs] [Times: user=0.43 sys=0.00, real=0.06 secs] 
2011-03-01T03:55:34.538+0000: 10435.929: [GC 10435.930: [ParNew: 357249K->28370K(368640K), 0.0468360 secs] 5682398K->5368690K(12541952K), 0.0473320 secs] [Times: user=0.33 sys=0.00, real=0.05 secs] 
2011-03-01T03:55:35.499+0000: 10436.891: [GC 10436.891: [ParNew: 356050K->32964K(368640K), 0.0587170 secs] 5696370K->5390327K(12541952K), 0.0592080 secs] [Times: user=0.40 sys=0.00, real=0.06 secs] 
2011-03-01T03:55:35.996+0000: 10437.387: [GC 10437.388: [ParNew: 360644K->40290K(368640K), 0.0631490 secs] 5718007K->5412717K(12541952K), 0.0636600 secs] [Times: user=0.47 sys=0.00, real=0.06 secs] 
2011-03-01T03:55:36.439+0000: 10437.830: [GC 10437.830: [ParNew: 367970K->40960K(368640K), 0.0581710 secs] 5740397K->5433228K(12541952K), 0.0586690 secs] [Times: user=0.42 sys=0.00, real=0.06 secs] 
2011-03-01T03:55:36.769+0000: 10438.161: [GC 10438.161: [ParNew: 368640K->40960K(368640K), 0.0599410 secs] 5760908K->5452658K(12541952K), 0.0604450 secs] [Times: user=0.43 sys=0.00, real=0.06 secs] 
2011-03-01T03:55:37.086+0000: 10438.478: [GC 10438.478: [ParNew: 368640K->40960K(368640K), 0.0562420 secs] 5780338K->5473156K(12541952K), 0.0567340 secs] [Times: user=0.39 sys=0.01, real=0.06 secs] 
2011-03-01T03:55:37.616+0000: 10439.007: [GC 10439.008: [ParNew: 368640K->40960K(368640K), 0.0566370 secs] 5800836K->5487928K(12541952K), 0.0571300 secs] [Times: user=0.39 sys=0.00, real=0.06 secs] 
2011-03-01T03:55:37.870+0000: 10439.261: [GC 10439.261: [ParNew: 368640K->40960K(368640K), 0.0575380 secs] 5815608K->5505645K(12541952K), 0.0580140 secs] [Times: user=0.41 sys=0.02, real=0.06 secs] 
2011-03-01T03:55:38.170+0000: 10439.562: [GC 10439.562: [ParNew: 368640K->40960K(368640K), 0.0697640 secs] 5833325K->5528020K(12541952K), 0.1143200 secs] [Times: user=0.49 sys=0.01, real=0.12 secs] 
2011-03-01T03:55:38.772+0000: 10440.163: [GC 10440.164: [ParNew: 368640K->40960K(368640K), 0.0862980 secs] 5855700K->5555963K(12541952K), 0.0868170 secs] [Times: user=0.61 sys=0.03, real=0.09 secs] 
2011-03-01T03:55:39.358+0000: 10440.749: [GC 10440.749: [ParNew: 368640K->39863K(368640K), 0.0462470 secs] 5883643K->5566986K(12541952K), 0.0466130 secs] [Times: user=0.33 sys=0.00, real=0.05 secs] 
2011-03-01T03:55:40.643+0000: 10442.035: [GC 10442.035: [ParNew: 367543K->29313K(368640K), 0.0505670 secs] 5894666K->5574754K(12541952K), 0.0509350 secs] [Times: user=0.35 sys=0.00, real=0.05 secs] 
2011-03-01T03:55:41.693+0000: 10443.084: [GC 10443.085: [ParNew: 356993K->40960K(368640K), 0.0547080 secs] 5902434K->5602283K(12541952K), 0.0550760 secs] [Times: user=0.40 sys=0.00, real=0.05 secs] 
2011-03-01T03:55:43.177+0000: 10444.568: [GC 10444.568: [ParNew: 368640K->13849K(368640K), 0.0468610 secs] 5929963K->5595216K(12541952K), 0.0710500 secs] [Times: user=0.36 sys=0.00, real=0.07 secs] 
2011-03-01T03:55:44.458+0000: 10445.850: [GC 10445.850: [ParNew: 341529K->40960K(368640K), 0.0467180 secs] 5922896K->5633623K(12541952K), 0.0470810 secs] [Times: user=0.33 sys=0.00, real=0.05 secs] 
2011-03-01T03:55:45.940+0000: 10447.331: [GC 10447.331: [ParNew: 368640K->37207K(368640K), 0.0755140 secs] 5961303K->5648160K(12541952K), 0.0758830 secs] [Times: user=0.57 sys=0.01, real=0.08 secs] 
2011-03-01T03:55:47.206+0000: 10448.597: [GC 10448.597: [ParNew: 364887K->40960K(368640K), 0.0628940 secs] 5975840K->5682030K(12541952K), 0.0632630 secs] [Times: user=0.48 sys=0.00, real=0.06 secs] 
2011-03-01T03:55:48.724+0000: 10450.115: [GC 10450.115: [ParNew: 368640K->23168K(368640K), 0.0424840 secs] 6009710K->5681315K(12541952K), 0.0428480 secs] [Times: user=0.27 sys=0.00, real=0.04 secs] 
2011-03-01T03:55:51.056+0000: 10452.448: [GC 10452.448: [ParNew: 350848K->40960K(368640K), 0.0457590 secs] 6008995K->5708972K(12541952K), 0.0461270 secs] [Times: user=0.31 sys=0.01, real=0.05 secs] 
2011-03-01T03:55:53.277+0000: 10454.668: [GC 10454.668: [ParNew: 368640K->28400K(368640K), 0.0469320 secs] 6036652K->5714624K(12541952K), 0.0473090 secs] [Times: user=0.33 sys=0.00, real=0.05 secs] 
2011-03-01T03:55:54.803+0000: 10456.194: [GC 10456.194: [ParNew: 356049K->20143K(368640K), 0.0377080 secs] 6042273K->5720409K(12541952K), 0.0385860 secs] [Times: user=0.28 sys=0.00, real=0.03 secs] 
2011-03-01T03:55:55.597+0000: 10456.989: [GC 10456.989: [ParNew: 347812K->25036K(368640K), 0.0324430 secs] 6048078K->5725302K(12541952K), 0.0329490 secs] [Times: user=0.24 sys=0.00, real=0.03 secs] 
2011-03-01T03:55:56.286+0000: 10457.677: [GC 10457.678: [ParNew: 352716K->22867K(368640K), 0.0401580 secs] 6052982K->5730004K(12541952K), 0.0406640 secs] [Times: user=0.31 sys=0.00, real=0.04 secs] 
2011-03-01T03:55:56.893+0000: 10458.284: [GC 10458.285: [ParNew: 350547K->32329K(368640K), 0.0367970 secs] 6057684K->5739467K(12541952K), 0.0372840 secs] [Times: user=0.27 sys=0.00, real=0.04 secs] 
2011-03-01T03:55:58.181+0000: 10459.572: [GC 10459.573: [ParNew: 359951K->40151K(368640K), 0.0449340 secs] 6067089K->5753530K(12541952K), 0.0454340 secs] [Times: user=0.35 sys=0.00, real=0.05 secs] 
2011-03-01T03:55:58.995+0000: 10460.386: [GC 10460.387: [ParNew: 367831K->36475K(368640K), 0.0462210 secs] 6081210K->5759489K(12541952K), 0.0467330 secs] [Times: user=0.30 sys=0.00, real=0.04 secs] 
2011-03-01T03:55:59.646+0000: 10461.038: [GC 10461.038: [ParNew: 364155K->25947K(368640K), 0.0425590 secs] 6087169K->5758746K(12541952K), 0.0430670 secs] [Times: user=0.32 sys=0.00, real=0.04 secs] 
2011-03-01T03:56:00.247+0000: 10461.638: [GC 10461.638: [ParNew: 353779K->35547K(368640K), 0.0458270 secs] 6086578K->5773073K(12541952K), 0.0463300 secs] [Times: user=0.31 sys=0.00, real=0.04 secs] 
2011-03-01T03:56:00.297+0000: 10461.688: [GC 10461.688: [ParNew: 35579K->26531K(368640K), 0.0420240 secs] 5773104K->5770442K(12541952K), 0.0424400 secs] [Times: user=0.32 sys=0.00, real=0.04 secs] 
2011-03-01T03:56:00.710+0000: 10462.101: [GC 10462.102: [ParNew: 354211K->32690K(368640K), 0.0359200 secs] 6098122K->5776601K(12541952K), 0.0364530 secs] [Times: user=0.32 sys=0.00, real=0.04 secs] 
2011-03-01T03:56:01.301+0000: 10462.692: [GC 10462.692: [ParNew: 360355K->28638K(368640K), 0.0457960 secs] 6104267K->5779114K(12541952K), 0.0463030 secs] [Times: user=0.35 sys=0.00, real=0.05 secs] 
2011-03-01T03:56:03.263+0000: 10464.654: [GC 10464.654: [ParNew: 356318K->33954K(368640K), 0.0401430 secs] 6106794K->5790613K(12541952K), 0.0405200 secs] [Times: user=0.28 sys=0.00, real=0.04 secs] 
2011-03-01T03:56:05.521+0000: 10466.912: [GC 10466.913: [ParNew: 361634K->29314K(368640K), 0.0401950 secs] 6118293K->5793451K(12541952K), 0.0405660 secs] [Times: user=0.31 sys=0.00, real=0.04 secs] 
2011-03-01T03:56:07.686+0000: 10469.077: [GC 10469.077: [ParNew: 356994K->35759K(368640K), 0.0409010 secs] 6121131K->5806207K(12541952K), 0.0412690 secs] [Times: user=0.31 sys=0.00, real=0.04 secs] 
2011-03-01T03:56:09.908+0000: 10471.299: [GC 10471.299: [ParNew: 363439K->18974K(368640K), 0.0438590 secs] 6133887K->5804768K(12541952K), 0.0442340 secs] [Times: user=0.32 sys=0.00, real=0.04 secs] 
2011-03-01T03:56:11.633+0000: 10473.024: [GC 10473.024: [ParNew: 346654K->28100K(368640K), 0.0336980 secs] 6132448K->5813894K(12541952K), 0.0340710 secs] [Times: user=0.28 sys=0.01, real=0.03 secs] 
2011-03-01T03:56:13.913+0000: 10475.304: [GC 10475.304: [ParNew: 355780K->36283K(368640K), 0.0410870 secs] 6141574K->5828624K(12541952K), 0.0414550 secs] [Times: user=0.30 sys=0.00, real=0.04 secs] 
2011-03-01T03:56:15.857+0000: 10477.249: [GC 10477.249: [ParNew: 363963K->37052K(368640K), 0.0414630 secs] 6156304K->5837255K(12541952K), 0.0418360 secs] [Times: user=0.32 sys=0.00, real=0.04 secs] 
2011-03-01T03:56:18.351+0000: 10479.743: [GC 10479.743: [ParNew: 364732K->26934K(368640K), 0.0561860 secs] 6164935K->5842196K(12541952K), 0.0565550 secs] [Times: user=0.46 sys=0.02, real=0.06 secs] 
2011-03-01T03:56:19.495+0000: 10480.886: [GC 10480.886: [ParNew: 354614K->26308K(368640K), 0.0371260 secs] 6169876K->5848272K(12541952K), 0.0376050 secs] [Times: user=0.24 sys=0.00, real=0.03 secs] 
2011-03-01T03:56:21.059+0000: 10482.450: [GC 10482.450: [ParNew: 353988K->21485K(368640K), 0.0374190 secs] 6175952K->5852658K(12541952K), 0.0379120 secs] [Times: user=0.29 sys=0.00, real=0.04 secs] 
2011-03-01T03:56:22.876+0000: 10484.267: [GC 10484.267: [ParNew: 349165K->38440K(368640K), 0.0366580 secs] 6180338K->5869613K(12541952K), 0.0371490 secs] [Times: user=0.25 sys=0.00, real=0.04 secs] 
2011-03-01T03:56:23.759+0000: 10485.150: [GC 10485.150: [ParNew: 366120K->22050K(368640K), 0.0492360 secs] 6197293K->5869427K(12541952K), 0.0497260 secs] [Times: user=0.40 sys=0.00, real=0.05 secs] 
2011-03-01T03:56:25.077+0000: 10486.469: [GC 10486.469: [ParNew: 349730K->30902K(368640K), 0.0361470 secs] 6197107K->5878279K(12541952K), 0.0365700 secs] [Times: user=0.28 sys=0.00, real=0.04 secs] 
2011-03-01T03:56:26.681+0000: 10488.073: [GC 10488.073: [ParNew: 358582K->23357K(368640K), 0.0445530 secs] 6205959K->5877717K(12541952K), 0.0449300 secs] [Times: user=0.37 sys=0.00, real=0.05 secs] 
2011-03-01T03:56:29.232+0000: 10490.624: [GC 10490.624: [ParNew: 351037K->40960K(368640K), 0.0461800 secs] 6205397K->5904817K(12541952K), 0.0465480 secs] [Times: user=0.37 sys=0.00, real=0.04 secs] 
2011-03-01T03:56:30.988+0000: 10492.379: [GC 10492.379: [ParNew: 368640K->17768K(368640K), 0.0471290 secs] 6232497K->5898608K(12541952K), 0.0474990 secs] [Times: user=0.34 sys=0.00, real=0.05 secs] 
2011-03-01T03:56:32.290+0000: 10493.681: [GC 10493.682: [ParNew: 345469K->40960K(368640K), 0.0607750 secs] 6226309K->5938184K(12541952K), 0.0611380 secs] [Times: user=0.46 sys=0.00, real=0.06 secs] 
2011-03-01T03:56:33.577+0000: 10494.968: [GC 10494.968: [ParNew: 368640K->40225K(368640K), 0.0440880 secs] 6265864K->5948425K(12541952K), 0.0444520 secs] [Times: user=0.32 sys=0.00, real=0.04 secs] 
2011-03-01T03:56:34.966+0000: 10496.358: [GC 10496.358: [ParNew: 367905K->34261K(368640K), 0.0415500 secs] 6276105K->5950707K(12541952K), 0.0419130 secs] [Times: user=0.32 sys=0.00, real=0.04 secs] 
2011-03-01T03:56:35.844+0000: 10497.236: [GC 10497.236: [ParNew: 361941K->28011K(368640K), 0.0483240 secs] 6278387K->5960417K(12541952K), 0.0486920 secs] [Times: user=0.33 sys=0.00, real=0.05 secs] 
2011-03-01T03:56:36.239+0000: 10497.630: [GC 10497.631: [ParNew: 355691K->40960K(368640K), 0.0509800 secs] 6288097K->5983990K(12541952K), 0.0514710 secs] [Times: user=0.39 sys=0.01, real=0.05 secs] 
2011-03-01T03:56:36.570+0000: 10497.961: [GC 10497.961: [ParNew: 368640K->40960K(368640K), 0.0737460 secs] 6311670K->6001096K(12541952K), 0.0742460 secs] [Times: user=0.50 sys=0.00, real=0.08 secs] 
2011-03-01T03:56:36.861+0000: 10498.252: [GC 10498.253: [ParNew: 368640K->40960K(368640K), 0.0500750 secs] 6328776K->6010539K(12541952K), 0.0505650 secs] [Times: user=0.35 sys=0.01, real=0.05 secs] 
2011-03-01T03:56:37.220+0000: 10498.611: [GC 10498.612: [ParNew: 368640K->28148K(368640K), 0.0465250 secs] 6338219K->6012100K(12541952K), 0.0470190 secs] [Times: user=0.38 sys=0.00, real=0.05 secs] 
2011-03-01T03:56:37.526+0000: 10498.918: [GC 10498.918: [ParNew: 355828K->40960K(368640K), 0.0634250 secs] 6339780K->6042469K(12541952K), 0.0639240 secs] [Times: user=0.45 sys=0.01, real=0.06 secs] 
2011-03-01T03:56:37.827+0000: 10499.218: [GC 10499.218: [ParNew: 368640K->29679K(368640K), 0.0474350 secs] 6370164K->6047064K(12541952K), 0.0479200 secs] [Times: user=0.34 sys=0.00, real=0.05 secs] 
2011-03-01T03:56:37.878+0000: 10499.269: [GC 10499.269: [ParNew: 29998K->22348K(368640K), 0.0430040 secs] 6047383K->6063043K(12541952K), 0.0434260 secs] [Times: user=0.27 sys=0.00, real=0.04 secs] 
2011-03-01T03:56:38.114+0000: 10499.505: [GC 10499.505: [ParNew: 350028K->25831K(368640K), 0.0362950 secs] 6390723K->6066525K(12541952K), 0.0368070 secs] [Times: user=0.27 sys=0.00, real=0.03 secs] 
2011-03-01T03:56:38.928+0000: 10500.319: [GC 10500.320: [ParNew: 353511K->28652K(368640K), 0.0436500 secs] 6394205K->6078940K(12541952K), 0.0441460 secs] [Times: user=0.32 sys=0.01, real=0.05 secs] 
2011-03-01T03:56:39.736+0000: 10501.128: [GC 10501.128: [ParNew: 356332K->37218K(368640K), 0.0406260 secs] 6406620K->6097584K(12541952K), 0.0411090 secs] [Times: user=0.32 sys=0.00, real=0.04 secs] 
2011-03-01T03:56:41.156+0000: 10502.547: [GC 10502.547: [ParNew: 364898K->30492K(368640K), 0.0395180 secs] 6425264K->6100012K(12541952K), 0.0400070 secs] [Times: user=0.29 sys=0.00, real=0.04 secs] 
2011-03-01T03:56:42.587+0000: 10503.978: [GC 10503.978: [ParNew: 358172K->27841K(368640K), 0.0386570 secs] 6427692K->6106288K(12541952K), 0.0391430 secs] [Times: user=0.30 sys=0.00, real=0.04 secs] 
2011-03-01T03:56:43.930+0000: 10505.321: [GC 10505.321: [ParNew: 355521K->21350K(368640K), 0.0373070 secs] 6433968K->6109042K(12541952K), 0.0377920 secs] [Times: user=0.31 sys=0.01, real=0.04 secs] 
2011-03-01T03:56:45.328+0000: 10506.719: [GC 10506.719: [ParNew: 349030K->32659K(368640K), 0.0330830 secs] 6436722K->6120351K(12541952K), 0.0334440 secs] [Times: user=0.24 sys=0.00, real=0.03 secs] 
2011-03-01T03:56:47.010+0000: 10508.401: [GC 10508.402: [ParNew: 360339K->30350K(368640K), 0.0418810 secs] 6448031K->6124746K(12541952K), 0.0422290 secs] [Times: user=0.32 sys=0.00, real=0.05 secs] 
2011-03-01T03:56:48.184+0000: 10509.575: [GC 10509.576: [ParNew: 358076K->40960K(368640K), 0.0375490 secs] 6452472K->6144071K(12541952K), 0.0420370 secs] [Times: user=0.29 sys=0.00, real=0.04 secs] 
2011-03-01T03:56:48.230+0000: 10509.621: [GC 10509.621: [ParNew: 41314K->24036K(368640K), 0.0303460 secs] 6144426K->6133941K(12541952K), 0.0308010 secs] [Times: user=0.24 sys=0.00, real=0.03 secs] 
2011-03-01T03:56:50.450+0000: 10511.841: [GC 10511.842: [ParNew: 351716K->39150K(368640K), 0.0297400 secs] 6461621K->6149055K(12541952K), 0.0302240 secs] [Times: user=0.24 sys=0.00, real=0.03 secs] 
2011-03-01T03:56:52.846+0000: 10514.237: [GC 10514.237: [ParNew: 366830K->15979K(368640K), 0.0357400 secs] 6476735K->6143377K(12541952K), 0.0362320 secs] [Times: user=0.24 sys=0.00, real=0.03 secs] 
2011-03-01T03:56:54.611+0000: 10516.002: [GC 10516.002: [ParNew: 343659K->40960K(368640K), 0.0333050 secs] 6471057K->6169300K(12541952K), 0.0337110 secs] [Times: user=0.28 sys=0.00, real=0.04 secs] 
2011-03-01T03:56:55.384+0000: 10516.776: [GC 10516.776: [ParNew: 368640K->10222K(368640K), 0.0340560 secs] 6496980K->6152997K(12541952K), 0.0344360 secs] [Times: user=0.24 sys=0.00, real=0.03 secs] 
2011-03-01T03:56:56.017+0000: 10517.408: [GC 10517.409: [ParNew: 337894K->20264K(368640K), 0.0275450 secs] 6480670K->6163040K(12541952K), 0.0279230 secs] [Times: user=0.21 sys=0.00, real=0.03 secs] 
2011-03-01T03:56:56.628+0000: 10518.019: [GC 10518.019: [ParNew: 347944K->33933K(368640K), 0.0303410 secs] 6490720K->6176709K(12541952K), 0.0307840 secs] [Times: user=0.23 sys=0.00, real=0.03 secs] 
2011-03-01T03:56:57.393+0000: 10518.784: [GC 10518.784: [ParNew: 361613K->29063K(368640K), 0.0372010 secs] 6504389K->6178477K(12541952K), 0.0377080 secs] [Times: user=0.26 sys=0.00, real=0.04 secs] 
2011-03-01T03:56:58.047+0000: 10519.438: [GC 10519.438: [ParNew: 356743K->21832K(368640K), 0.0333410 secs] 6506157K->6176031K(12541952K), 0.0338390 secs] [Times: user=0.24 sys=0.00, real=0.03 secs] 
2011-03-01T03:56:58.693+0000: 10520.084: [GC 10520.085: [ParNew: 349512K->39058K(368640K), 0.0324260 secs] 6503711K->6193258K(12541952K), 0.0329310 secs] [Times: user=0.28 sys=0.00, real=0.03 secs] 
2011-03-01T03:56:59.379+0000: 10520.770: [GC 10520.771: [ParNew: 366722K->18901K(368640K), 0.0375780 secs] 6520921K->6186444K(12541952K), 0.0396370 secs] [Times: user=0.30 sys=0.00, real=0.04 secs] 
2011-03-01T03:57:00.104+0000: 10521.495: [GC 10521.495: [ParNew: 346581K->25651K(368640K), 0.0305690 secs] 6514124K->6193195K(12541952K), 0.0309600 secs] [Times: user=0.23 sys=0.00, real=0.03 secs] 
2011-03-01T03:57:00.805+0000: 10522.197: [GC 10522.197: [ParNew: 353331K->34623K(368640K), 0.0327340 secs] 6520875K->6207145K(12541952K), 0.0331140 secs] [Times: user=0.24 sys=0.00, real=0.03 secs] 
2011-03-01T03:57:01.661+0000: 10523.052: [GC 10523.052: [ParNew: 362303K->40038K(368640K), 0.0427750 secs] 6534825K->6228190K(12541952K), 0.0431410 secs] [Times: user=0.33 sys=0.00, real=0.05 secs] 
2011-03-01T03:57:04.227+0000: 10525.618: [GC 10525.618: [ParNew: 366720K->23474K(368640K), 0.0388160 secs] 6554872K->6234241K(12541952K), 0.0393050 secs] [Times: user=0.30 sys=0.00, real=0.04 secs] 
2011-03-01T03:57:06.437+0000: 10527.828: [GC 10527.828: [ParNew: 351154K->19861K(368640K), 0.0387280 secs] 6561921K->6239112K(12541952K), 0.0391660 secs] [Times: user=0.31 sys=0.00, real=0.04 secs] 
2011-03-01T03:57:08.578+0000: 10529.969: [GC 10529.969: [ParNew: 347541K->37790K(368640K), 0.0381000 secs] 6566792K->6257041K(12541952K), 0.0384640 secs] [Times: user=0.32 sys=0.00, real=0.04 secs] 
2011-03-01T03:57:10.279+0000: 10531.670: [GC 10531.671: [ParNew: 365470K->20710K(368640K), 0.0450590 secs] 6584721K->6256601K(12541952K), 0.0454320 secs] [Times: user=0.33 sys=0.00, real=0.05 secs] 
2011-03-01T03:57:12.442+0000: 10533.833: [GC 10533.833: [ParNew: 348390K->19519K(368640K), 0.0372460 secs] 6584281K->6255410K(12541952K), 0.0376110 secs] [Times: user=0.31 sys=0.00, real=0.04 secs] 
2011-03-01T03:57:14.849+0000: 10536.240: [GC 10536.240: [ParNew: 347199K->39057K(368640K), 0.0401890 secs] 6583090K->6274948K(12541952K), 0.0406880 secs] [Times: user=0.32 sys=0.00, real=0.04 secs] 
2011-03-01T03:57:17.205+0000: 10538.596: [GC 10538.597: [ParNew: 366737K->32387K(368640K), 0.0508290 secs] 6602628K->6277954K(12541952K), 0.0513710 secs] [Times: user=0.35 sys=0.00, real=0.05 secs] 
2011-03-01T03:57:19.362+0000: 10540.753: [GC 10540.753: [ParNew: 360067K->30850K(368640K), 0.0467940 secs] 6605634K->6286519K(12541952K), 0.0472810 secs] [Times: user=0.40 sys=0.00, real=0.05 secs] 
2011-03-01T03:57:20.679+0000: 10542.070: [GC 10542.070: [ParNew: 358530K->16946K(368640K), 0.0543990 secs] 6614199K->6287116K(12541952K), 0.0548870 secs] [Times: user=0.41 sys=0.00, real=0.06 secs] 
2011-03-01T03:57:22.332+0000: 10543.723: [GC 10543.723: [ParNew: 344626K->36538K(368640K), 0.0390210 secs] 6614796K->6306708K(12541952K), 0.0394990 secs] [Times: user=0.30 sys=0.00, real=0.04 secs] 
2011-03-01T03:57:23.752+0000: 10545.144: [GC 10545.144: [ParNew: 364218K->12007K(368640K), 0.0451430 secs] 6634388K->6299345K(12541952K), 0.0456420 secs] [Times: user=0.38 sys=0.00, real=0.04 secs] 
2011-03-01T03:57:25.350+0000: 10546.741: [GC 10546.741: [ParNew: 339687K->27797K(368640K), 0.0370710 secs] 6627025K->6315134K(12541952K), 0.0375450 secs] [Times: user=0.32 sys=0.00, real=0.04 secs] 
2011-03-01T03:57:26.670+0000: 10548.061: [GC 10548.061: [ParNew: 355477K->19602K(368640K), 0.0493870 secs] 6642814K->6321921K(12541952K), 0.0498480 secs] [Times: user=0.40 sys=0.00, real=0.05 secs] 
2011-03-01T03:57:28.322+0000: 10549.714: [GC 10549.714: [ParNew: 347282K->36173K(368640K), 0.0354200 secs] 6649601K->6338491K(12541952K), 0.0358830 secs] [Times: user=0.28 sys=0.01, real=0.03 secs] 
2011-03-01T03:57:30.326+0000: 10551.717: [GC 10551.718: [ParNew: 363853K->14804K(368640K), 0.0477300 secs] 6666171K->6332020K(12541952K), 0.0482120 secs] [Times: user=0.33 sys=0.00, real=0.05 secs] 
2011-03-01T03:57:31.763+0000: 10553.155: [GC 10553.155: [ParNew: 342484K->40931K(368640K), 0.0495520 secs] 6659700K->6358148K(12541952K), 0.0499610 secs] [Times: user=0.36 sys=0.00, real=0.05 secs] 
2011-03-01T03:57:33.027+0000: 10554.418: [GC 10554.418: [ParNew: 368611K->24389K(368640K), 0.0478970 secs] 6685828K->6356412K(12541952K), 0.0483570 secs] [Times: user=0.33 sys=0.00, real=0.05 secs] 
2011-03-01T03:57:33.311+0000: 10554.702: [GC 10554.703: [ParNew: 352069K->40960K(368640K), 0.0543620 secs] 6684092K->6506468K(12541952K), 0.0548420 secs] [Times: user=0.44 sys=0.00, real=0.06 secs] 
2011-03-01T03:57:33.737+0000: 10555.128: [GC 10555.128: [ParNew: 368640K->31175K(368640K), 0.0579780 secs] 6834148K->6583851K(12541952K), 0.0584520 secs] [Times: user=0.39 sys=0.00, real=0.06 secs] 
2011-03-01T03:57:34.230+0000: 10555.621: [GC 10555.621: [ParNew: 358855K->7976K(368640K), 0.0422670 secs] 6911531K->6579168K(12541952K), 0.0427400 secs] [Times: user=0.33 sys=0.00, real=0.05 secs] 
2011-03-01T03:57:34.713+0000: 10556.104: [GC 10556.105: [ParNew: 335656K->9992K(368640K), 0.0362660 secs] 6906848K->6581184K(12541952K), 0.0367510 secs] [Times: user=0.26 sys=0.01, real=0.03 secs] 
2011-03-01T03:57:35.203+0000: 10556.595: [GC 10556.595: [ParNew: 337672K->15185K(368640K), 0.0433120 secs] 6908864K->6586378K(12541952K), 0.0437960 secs] [Times: user=0.34 sys=0.00, real=0.04 secs] 
2011-03-01T03:57:35.542+0000: 10556.933: [GC 10556.934: [ParNew: 342865K->40960K(368640K), 0.0501020 secs] 6914058K->6612929K(12541952K), 0.0505840 secs] [Times: user=0.40 sys=0.00, real=0.05 secs] 
2011-03-01T03:57:35.866+0000: 10557.257: [GC 10557.257: [ParNew: 368640K->35677K(368640K), 0.0698280 secs] 6940609K->6629584K(12541952K), 0.0703020 secs] [Times: user=0.49 sys=0.00, real=0.07 secs] 
2011-03-01T03:57:36.255+0000: 10557.646: [GC 10557.646: [ParNew: 363357K->27665K(368640K), 0.0507000 secs] 6957264K->6631148K(12541952K), 0.0512760 secs] [Times: user=0.30 sys=0.00, real=0.05 secs] 
2011-03-01T03:57:36.560+0000: 10557.951: [GC 10557.951: [ParNew: 355345K->39457K(368640K), 0.0445270 secs] 6958828K->6642940K(12541952K), 0.0450830 secs] [Times: user=0.38 sys=0.00, real=0.05 secs] 
2011-03-01T03:57:36.800+0000: 10558.191: [GC 10558.191: [ParNew: 367137K->40960K(368640K), 0.0638930 secs] 6970620K->6666078K(12541952K), 0.0644190 secs] [Times: user=0.49 sys=0.00, real=0.07 secs] 
2011-03-01T03:57:37.084+0000: 10558.475: [GC 10558.475: [ParNew: 368640K->40960K(368640K), 0.0454000 secs] 6993758K->6675412K(12541952K), 0.0458940 secs] [Times: user=0.33 sys=0.00, real=0.04 secs] 
2011-03-01T03:57:37.406+0000: 10558.797: [GC 10558.798: [ParNew: 368640K->29825K(368640K), 0.0461100 secs] 7003092K->6678873K(12541952K), 0.0466060 secs] [Times: user=0.32 sys=0.00, real=0.05 secs] 
2011-03-01T03:57:37.649+0000: 10559.040: [GC 10559.040: [ParNew: 357505K->40960K(368640K), 0.0580150 secs] 7006553K->6701947K(12541952K), 0.0585200 secs] [Times: user=0.41 sys=0.01, real=0.06 secs] 
2011-03-01T03:57:37.896+0000: 10559.287: [GC 10559.288: [ParNew: 368640K->40960K(368640K), 0.0727850 secs] 7029627K->6721462K(12541952K), 0.0732960 secs] [Times: user=0.46 sys=0.00, real=0.07 secs] 
2011-03-01T03:57:38.180+0000: 10559.571: [GC 10559.572: [ParNew: 368640K->40960K(368640K), 0.0687760 secs] 7049193K->6753651K(12541952K), 0.0692220 secs] [Times: user=0.51 sys=0.01, real=0.07 secs] 
2011-03-01T03:57:38.257+0000: 10559.648: [GC 10559.648: [ParNew: 63051K->32739K(368640K), 0.0661140 secs] 6775743K->6782580K(12541952K), 0.0664410 secs] [Times: user=0.44 sys=0.00, real=0.07 secs] 
2011-03-01T03:57:38.549+0000: 10559.941: [GC 10559.941: [ParNew: 360419K->32606K(368640K), 0.0428610 secs] 7110260K->6782447K(12541952K), 0.0432310 secs] [Times: user=0.32 sys=0.00, real=0.05 secs] 
2011-03-01T03:57:39.017+0000: 10560.408: [GC 10560.408: [ParNew: 360286K->40960K(368640K), 0.0464600 secs] 7110127K->6793311K(12541952K), 0.0468180 secs] [Times: user=0.34 sys=0.01, real=0.05 secs] 
2011-03-01T03:57:39.628+0000: 10561.019: [GC 10561.019: [ParNew: 368640K->19034K(368640K), 0.0643850 secs] 7120991K->6791200K(12541952K), 0.0647510 secs] [Times: user=0.47 sys=0.01, real=0.07 secs] 
2011-03-01T03:57:41.047+0000: 10562.438: [GC 10562.438: [ParNew: 346714K->40960K(368640K), 0.0429540 secs] 7118880K->6814237K(12541952K), 0.0433210 secs] [Times: user=0.32 sys=0.00, real=0.04 secs] 
2011-03-01T03:57:42.498+0000: 10563.889: [GC 10563.889: [ParNew: 368640K->40960K(368640K), 0.0638180 secs] 7141917K->6834491K(12541952K), 0.0641930 secs] [Times: user=0.48 sys=0.00, real=0.07 secs] 
2011-03-01T03:57:43.674+0000: 10565.065: [GC 10565.065: [ParNew: 368640K->25098K(368640K), 0.0448390 secs] 7162171K->6828574K(12541952K), 0.0451990 secs] [Times: user=0.33 sys=0.00, real=0.04 secs] 
2011-03-01T03:57:45.557+0000: 10566.948: [GC 10566.949: [ParNew: 352778K->25688K(368640K), 0.0438490 secs] 7156254K->6840046K(12541952K), 0.0442070 secs] [Times: user=0.32 sys=0.00, real=0.04 secs] 
2011-03-01T03:57:46.095+0000: 10567.487: [GC 10567.487: [ParNew: 353368K->40343K(368640K), 0.0589280 secs] 7167726K->6929801K(12541952K), 0.0592890 secs] [Times: user=0.42 sys=0.00, real=0.06 secs] 
2011-03-01T03:57:46.747+0000: 10568.138: [GC 10568.138: [ParNew: 368023K->15932K(368640K), 0.0516250 secs] 7257481K->6927387K(12541952K), 0.0519830 secs] [Times: user=0.39 sys=0.00, real=0.05 secs] 
2011-03-01T03:57:47.416+0000: 10568.807: [GC 10568.808: [ParNew: 343612K->31099K(368640K), 0.0477280 secs] 7255067K->6942554K(12541952K), 0.0480820 secs] [Times: user=0.37 sys=0.00, real=0.05 secs] 
2011-03-01T03:57:48.026+0000: 10569.418: [GC 10569.418: [ParNew: 358779K->23191K(368640K), 0.0627550 secs] 7270234K->6943800K(12541952K), 0.0631200 secs] [Times: user=0.47 sys=0.00, real=0.06 secs] 
2011-03-01T03:57:48.728+0000: 10570.119: [GC 10570.120: [ParNew: 350871K->40960K(368640K), 0.0526730 secs] 7271480K->6961568K(12541952K), 0.0530280 secs] [Times: user=0.41 sys=0.00, real=0.05 secs] 
2011-03-01T03:57:49.560+0000: 10570.951: [GC 10570.952: [ParNew: 368640K->23635K(368640K), 0.0582380 secs] 7289248K->6967889K(12541952K), 0.0586000 secs] [Times: user=0.42 sys=0.00, real=0.06 secs] 
2011-03-01T03:57:50.802+0000: 10572.193: [GC 10572.194: [ParNew: 351315K->29310K(368640K), 0.0342310 secs] 7295569K->6973564K(12541952K), 0.0345940 secs] [Times: user=0.29 sys=0.00, real=0.04 secs] 
2011-03-01T03:57:51.715+0000: 10573.107: [GC 10573.107: [ParNew: 356990K->33886K(368640K), 0.0569510 secs] 7301244K->7051114K(12541952K), 0.0573140 secs] [Times: user=0.40 sys=0.00, real=0.06 secs] 
2011-03-01T03:57:52.609+0000: 10574.000: [GC 10574.000: [ParNew: 361566K->14516K(368640K), 0.0502430 secs] 7378794K->7057267K(12541952K), 0.0506050 secs] [Times: user=0.35 sys=0.00, real=0.05 secs] 
2011-03-01T03:57:53.426+0000: 10574.817: [GC 10574.818: [ParNew: 342196K->19583K(368640K), 0.0329630 secs] 7384947K->7062335K(12541952K), 0.0352760 secs] [Times: user=0.24 sys=0.00, real=0.03 secs] 
2011-03-01T03:57:54.273+0000: 10575.664: [GC 10575.664: [ParNew: 347263K->29596K(368640K), 0.0345350 secs] 7390015K->7072347K(12541952K), 0.0348970 secs] [Times: user=0.25 sys=0.00, real=0.03 secs] 
2011-03-01T03:57:54.619+0000: 10576.010: [GC 10576.011: [ParNew: 357276K->40279K(368640K), 0.0556060 secs] 7400027K->7158475K(12541952K), 0.0560050 secs] [Times: user=0.41 sys=0.01, real=0.06 secs] 
2011-03-01T03:57:54.991+0000: 10576.382: [GC 10576.382: [ParNew: 367915K->21195K(368640K), 0.0407900 secs] 7486112K->7146909K(12541952K), 0.0411650 secs] [Times: user=0.32 sys=0.00, real=0.04 secs] 
2011-03-01T03:57:55.371+0000: 10576.763: [GC 10576.763: [ParNew: 348875K->31733K(368640K), 0.0391700 secs] 7474589K->7157448K(12541952K), 0.0395380 secs] [Times: user=0.30 sys=0.00, real=0.04 secs] 
2011-03-01T03:57:55.673+0000: 10577.064: [GC 10577.064: [ParNew: 359413K->20866K(368640K), 0.0468360 secs] 7485128K->7161735K(12541952K), 0.0472120 secs] [Times: user=0.36 sys=0.00, real=0.04 secs] 
2011-03-01T03:57:56.065+0000: 10577.456: [GC 10577.456: [ParNew: 348546K->20473K(368640K), 0.0425350 secs] 7489415K->7161342K(12541952K), 0.0428990 secs] [Times: user=0.31 sys=0.01, real=0.04 secs] 
2011-03-01T03:57:56.422+0000: 10577.813: [GC 10577.813: [ParNew: 348147K->27845K(368640K), 0.0489380 secs] 7489016K->7172507K(12541952K), 0.0493100 secs] [Times: user=0.38 sys=0.00, real=0.05 secs] 
2011-03-01T03:57:56.753+0000: 10578.144: [GC 10578.144: [ParNew: 355525K->22133K(368640K), 0.0569880 secs] 7500187K->7175827K(12541952K), 0.0573710 secs] [Times: user=0.43 sys=0.00, real=0.05 secs] 
2011-03-01T03:57:57.144+0000: 10578.536: [GC 10578.536: [ParNew: 349813K->35445K(368640K), 0.0465080 secs] 7503507K->7189139K(12541952K), 0.0468720 secs] [Times: user=0.31 sys=0.00, real=0.04 secs] 
2011-03-01T03:57:57.482+0000: 10578.874: [GC 10578.874: [ParNew: 363125K->34948K(368640K), 0.0607270 secs] 7516819K->7200753K(12541952K), 0.0611060 secs] [Times: user=0.47 sys=0.00, real=0.06 secs] 
2011-03-01T03:57:57.894+0000: 10579.285: [GC 10579.285: [ParNew: 362628K->15327K(368640K), 0.0484890 secs] 7528433K->7196706K(12541952K), 0.0488640 secs] [Times: user=0.32 sys=0.00, real=0.05 secs] 
2011-03-01T03:57:58.242+0000: 10579.633: [GC 10579.634: [ParNew: 343007K->13626K(368640K), 0.0402880 secs] 7524386K->7195004K(12541952K), 0.0407270 secs] [Times: user=0.29 sys=0.01, real=0.04 secs] 
2011-03-01T03:57:58.563+0000: 10579.955: [GC 10579.955: [ParNew: 341306K->17531K(368640K), 0.0415020 secs] 7522684K->7198910K(12541952K), 0.0492810 secs] [Times: user=0.31 sys=0.00, real=0.05 secs] 
2011-03-01T03:57:58.938+0000: 10580.329: [GC 10580.329: [ParNew: 345211K->22439K(368640K), 0.0476520 secs] 7526590K->7203817K(12541952K), 0.0481630 secs] [Times: user=0.40 sys=0.00, real=0.05 secs] 
2011-03-01T03:57:59.257+0000: 10580.649: [GC 10580.649: [ParNew: 350119K->31093K(368640K), 0.0543230 secs] 7531497K->7216063K(12541952K), 0.0548330 secs] [Times: user=0.40 sys=0.00, real=0.06 secs] 
2011-03-01T03:57:59.701+0000: 10581.092: [GC 10581.092: [ParNew: 358484K->28719K(368640K), 0.0524430 secs] 7543455K->7218879K(12541952K), 0.0529870 secs] [Times: user=0.41 sys=0.00, real=0.06 secs] 
2011-03-01T03:58:00.169+0000: 10581.560: [GC 10581.561: [ParNew: 356399K->40960K(368640K), 0.0576190 secs] 7546559K->7235772K(12541952K), 0.0581680 secs] [Times: user=0.48 sys=0.00, real=0.06 secs] 
2011-03-01T03:58:00.555+0000: 10581.946: [GC 10581.946: [ParNew: 368640K->30769K(368640K), 0.0686720 secs] 7563452K->7253626K(12541952K), 0.0692190 secs] [Times: user=0.47 sys=0.02, real=0.07 secs] 
2011-03-01T03:58:01.119+0000: 10582.510: [GC 10582.510: [ParNew: 358449K->35868K(368640K), 0.0397060 secs] 7581306K->7258726K(12541952K), 0.0401960 secs] [Times: user=0.31 sys=0.01, real=0.04 secs] 
2011-03-01T03:58:02.044+0000: 10583.435: [GC 10583.435: [ParNew: 363548K->19007K(368640K), 0.0517630 secs] 7586406K->7261331K(12541952K), 0.0522670 secs] [Times: user=0.35 sys=0.00, real=0.05 secs] 
2011-03-01T03:58:03.026+0000: 10584.417: [GC 10584.418: [ParNew: 346687K->29025K(368640K), 0.0348680 secs] 7589011K->7271348K(12541952K), 0.0353600 secs] [Times: user=0.24 sys=0.00, real=0.03 secs] 
2011-03-01T03:58:03.949+0000: 10585.340: [GC 10585.340: [ParNew: 356705K->19532K(368640K), 0.0400760 secs] 7599028K->7268547K(12541952K), 0.0454740 secs] [Times: user=0.27 sys=0.00, real=0.05 secs] 
2011-03-01T03:58:04.892+0000: 10586.283: [GC 10586.283: [ParNew: 347212K->36587K(368640K), 0.0402760 secs] 7596227K->7285602K(12541952K), 0.0408050 secs] [Times: user=0.30 sys=0.00, real=0.05 secs] 
2011-03-01T03:58:05.824+0000: 10587.215: [GC 10587.216: [ParNew: 364267K->30768K(368640K), 0.0454040 secs] 7613282K->7286731K(12541952K), 0.0459350 secs] [Times: user=0.31 sys=0.00, real=0.04 secs] 
2011-03-01T03:58:06.941+0000: 10588.332: [GC 10588.332: [ParNew: 358448K->29995K(368640K), 0.0415770 secs] 7614411K->7290762K(12541952K), 0.0420740 secs] [Times: user=0.31 sys=0.00, real=0.05 secs] 
2011-03-01T03:58:07.748+0000: 10589.139: [GC 10589.139: [ParNew: 357675K->39384K(368640K), 0.0449050 secs] 7618442K->7305492K(12541952K), 0.0454070 secs] [Times: user=0.34 sys=0.00, real=0.05 secs] 
2011-03-01T03:58:08.613+0000: 10590.004: [GC 10590.005: [ParNew: 367064K->38934K(368640K), 0.0445830 secs] 7633172K->7312222K(12541952K), 0.0450830 secs] [Times: user=0.35 sys=0.00, real=0.04 secs] 
2011-03-01T03:58:09.484+0000: 10590.875: [GC 10590.875: [ParNew: 366614K->18430K(368640K), 0.0375840 secs] 7639902K->7302495K(12541952K), 0.0444040 secs] [Times: user=0.32 sys=0.00, real=0.04 secs] 
2011-03-01T03:58:10.285+0000: 10591.676: [GC 10591.676: [ParNew: 346110K->35558K(368640K), 0.0293570 secs] 7630175K->7319622K(12541952K), 0.0298620 secs] [Times: user=0.19 sys=0.01, real=0.03 secs] 
2011-03-01T03:58:11.211+0000: 10592.603: [GC 10592.603: [ParNew: 363238K->30915K(368640K), 0.0352760 secs] 7647302K->7322095K(12541952K), 0.0357830 secs] [Times: user=0.31 sys=0.01, real=0.04 secs] 
2011-03-01T03:58:13.480+0000: 10594.871: [GC 10594.871: [ParNew: 358595K->40960K(368640K), 0.0497680 secs] 7649775K->7337723K(12541952K), 0.0502390 secs] [Times: user=0.41 sys=0.01, real=0.05 secs] 
2011-03-01T03:58:15.592+0000: 10596.984: [GC 10596.984: [ParNew: 368640K->35813K(368640K), 0.0555130 secs] 7665403K->7343462K(12541952K), 0.0558790 secs] [Times: user=0.45 sys=0.00, real=0.05 secs] 
2011-03-01T03:58:17.831+0000: 10599.222: [GC 10599.222: [ParNew: 363493K->39056K(368640K), 0.0579520 secs] 7671142K->7359509K(12541952K), 0.0583170 secs] [Times: user=0.47 sys=0.00, real=0.06 secs] 
2011-03-01T03:58:19.455+0000: 10600.847: [GC 10600.847: [ParNew: 366736K->35017K(368640K), 0.0685990 secs] 7687189K->7383208K(12541952K), 0.0689650 secs] [Times: user=0.49 sys=0.00, real=0.07 secs] 
2011-03-01T03:58:20.688+0000: 10602.079: [GC 10602.079: [ParNew: 362697K->34447K(368640K), 0.0775050 secs] 7710888K->7416227K(12541952K), 0.0816130 secs] [Times: user=0.57 sys=0.00, real=0.08 secs] 
2011-03-01T03:58:22.091+0000: 10603.482: [GC 10603.482: [ParNew: 362127K->36080K(368640K), 0.0569570 secs] 7743907K->7435842K(12541952K), 0.0574540 secs] [Times: user=0.44 sys=0.01, real=0.06 secs] 
2011-03-01T03:58:23.378+0000: 10604.769: [GC 10604.769: [ParNew: 363760K->25930K(368640K), 0.0561160 secs] 7763522K->7442893K(12541952K), 0.0566330 secs] [Times: user=0.41 sys=0.00, real=0.06 secs] 
2011-03-01T03:58:24.790+0000: 10606.181: [GC 10606.181: [ParNew: 353610K->38757K(368640K), 0.0546900 secs] 7770573K->7470583K(12541952K), 0.0552120 secs] [Times: user=0.41 sys=0.00, real=0.06 secs] 
2011-03-01T03:58:26.479+0000: 10607.870: [GC 10607.870: [ParNew: 366437K->31913K(368640K), 0.0559220 secs] 7798263K->7480594K(12541952K), 0.0564070 secs] [Times: user=0.41 sys=0.00, real=0.06 secs] 
2011-03-01T03:58:28.969+0000: 10610.361: [GC 10610.361: [ParNew: 359593K->35706K(368640K), 0.0539200 secs] 7808274K->7499186K(12541952K), 0.0544110 secs] [Times: user=0.40 sys=0.00, real=0.06 secs] 
2011-03-01T03:58:30.795+0000: 10612.186: [GC 10612.186: [ParNew: 363386K->36986K(368640K), 0.0555760 secs] 7826866K->7516156K(12541952K), 0.0560700 secs] [Times: user=0.39 sys=0.00, real=0.05 secs] 
2011-03-01T03:58:32.247+0000: 10613.638: [GC 10613.639: [ParNew: 364666K->21271K(368640K), 0.0540560 secs] 7843836K->7516084K(12541952K), 0.0545470 secs] [Times: user=0.40 sys=0.00, real=0.05 secs] 
2011-03-01T03:58:33.633+0000: 10615.024: [GC 10615.025: [ParNew: 348951K->40960K(368640K), 0.0548820 secs] 7843764K->7546824K(12541952K), 0.0553940 secs] [Times: user=0.41 sys=0.00, real=0.05 secs] 
2011-03-01T03:58:34.991+0000: 10616.383: [GC 10616.383: [ParNew: 368640K->22117K(368640K), 0.0592600 secs] 7874504K->7548338K(12541952K), 0.0597240 secs] [Times: user=0.41 sys=0.00, real=0.06 secs] 
2011-03-01T03:58:35.618+0000: 10617.009: [GC 10617.009: [ParNew: 349797K->40960K(368640K), 0.0425300 secs] 7876018K->7569905K(12541952K), 0.0430090 secs] [Times: user=0.31 sys=0.00, real=0.04 secs] 
2011-03-01T03:58:36.085+0000: 10617.476: [GC 10617.477: [ParNew: 368640K->28422K(368640K), 0.0716780 secs] 7897585K->7586706K(12541952K), 0.0721550 secs] [Times: user=0.48 sys=0.00, real=0.07 secs] 
2011-03-01T03:58:36.476+0000: 10617.867: [GC 10617.868: [ParNew: 356102K->40960K(368640K), 0.0583330 secs] 7914386K->7608577K(12541952K), 0.0588100 secs] [Times: user=0.40 sys=0.00, real=0.06 secs] 
2011-03-01T03:58:36.804+0000: 10618.195: [GC 10618.195: [ParNew: 368640K->40960K(368640K), 0.0703650 secs] 7936257K->7639021K(12541952K), 0.0707290 secs] [Times: user=0.48 sys=0.00, real=0.07 secs] 
2011-03-01T03:58:37.251+0000: 10618.642: [GC 10618.642: [ParNew: 368640K->40960K(368640K), 0.0601150 secs] 7966701K->7655420K(12541952K), 0.0625870 secs] [Times: user=0.45 sys=0.00, real=0.07 secs] 
2011-03-01T03:58:37.550+0000: 10618.941: [GC 10618.941: [ParNew: 368640K->40960K(368640K), 0.0656310 secs] 7983100K->7674893K(12541952K), 0.0661210 secs] [Times: user=0.49 sys=0.00, real=0.07 secs] 
2011-03-01T03:58:37.965+0000: 10619.356: [GC 10619.356: [ParNew: 368640K->40960K(368640K), 0.0538260 secs] 8002573K->7692959K(12541952K), 0.0543020 secs] [Times: user=0.38 sys=0.00, real=0.05 secs] 
2011-03-01T03:58:38.399+0000: 10619.790: [GC 10619.790: [ParNew: 368640K->33928K(368640K), 0.0515340 secs] 8020639K->7700249K(12541952K), 0.0520360 secs] [Times: user=0.40 sys=0.00, real=0.05 secs] 
2011-03-01T03:58:39.041+0000: 10620.432: [GC 10620.432: [ParNew: 361608K->27354K(368640K), 0.0520550 secs] 8027929K->7709456K(12541952K), 0.0525380 secs] [Times: user=0.38 sys=0.00, real=0.06 secs] 
2011-03-01T03:58:39.845+0000: 10621.236: [GC 10621.236: [ParNew: 355034K->38538K(368640K), 0.0487260 secs] 8037136K->7733679K(12541952K), 0.0491990 secs] [Times: user=0.33 sys=0.00, real=0.05 secs] 
2011-03-01T03:58:41.276+0000: 10622.667: [GC 10622.668: [ParNew: 366218K->32433K(368640K), 0.0486570 secs] 8061359K->7742642K(12541952K), 0.0491210 secs] [Times: user=0.33 sys=0.00, real=0.05 secs] 
2011-03-01T03:58:42.747+0000: 10624.138: [GC 10624.139: [ParNew: 360113K->40035K(368640K), 0.0502340 secs] 8070322K->7762945K(12541952K), 0.0507230 secs] [Times: user=0.37 sys=0.01, real=0.05 secs] 
2011-03-01T03:58:44.004+0000: 10625.395: [GC 10625.395: [ParNew: 367715K->30555K(368640K), 0.0596620 secs] 8090625K->7770402K(12541952K), 0.0601670 secs] [Times: user=0.41 sys=0.01, real=0.06 secs] 
2011-03-01T03:58:45.539+0000: 10626.930: [GC 10626.931: [ParNew: 358235K->21436K(368640K), 0.0444920 secs] 8098082K->7773513K(12541952K), 0.0449770 secs] [Times: user=0.33 sys=0.00, real=0.05 secs] 
2011-03-01T03:58:47.023+0000: 10628.415: [GC 10628.415: [ParNew: 349116K->21875K(368640K), 0.0466930 secs] 8101193K->7785870K(12541952K), 0.0471830 secs] [Times: user=0.33 sys=0.00, real=0.04 secs] 
2011-03-01T03:58:48.635+0000: 10630.026: [GC 10630.027: [ParNew: 349555K->33279K(368640K), 0.0481910 secs] 8113550K->7809876K(12541952K), 0.0486850 secs] [Times: user=0.33 sys=0.00, real=0.05 secs] 
2011-03-01T03:58:50.729+0000: 10632.120: [GC 10632.120: [ParNew: 360959K->40092K(368640K), 0.0734010 secs] 8137556K->7832923K(12541952K), 0.0738380 secs] [Times: user=0.53 sys=0.00, real=0.08 secs] 
2011-03-01T03:58:53.168+0000: 10634.559: [GC 10634.560: [ParNew: 367772K->22327K(368640K), 0.0519560 secs] 8160603K->7842613K(12541952K), 0.0523200 secs] [Times: user=0.40 sys=0.00, real=0.05 secs] 
2011-03-01T03:58:55.165+0000: 10636.556: [GC 10636.556: [ParNew: 349963K->34196K(368640K), 0.0361070 secs] 8170248K->7854482K(12541952K), 0.0364880 secs] [Times: user=0.24 sys=0.00, real=0.03 secs] 
2011-03-01T03:58:56.396+0000: 10637.787: [GC 10637.787: [ParNew: 361876K->39136K(368640K), 0.0465860 secs] 8182162K->7868534K(12541952K), 0.0469570 secs] [Times: user=0.32 sys=0.00, real=0.05 secs] 
2011-03-01T03:58:57.320+0000: 10638.711: [GC 10638.711: [ParNew: 366816K->30844K(368640K), 0.0416870 secs] 8196214K->7866259K(12541952K), 0.0420600 secs] [Times: user=0.31 sys=0.00, real=0.04 secs] 
2011-03-01T03:58:58.106+0000: 10639.498: [GC 10639.498: [ParNew: 358524K->22963K(368640K), 0.0378930 secs] 8193939K->7866683K(12541952K), 0.0382680 secs] [Times: user=0.26 sys=0.00, real=0.04 secs] 
2011-03-01T03:58:58.772+0000: 10640.163: [GC 10640.163: [ParNew: 350643K->36550K(368640K), 0.0358960 secs] 8194363K->7880270K(12541952K), 0.0362700 secs] [Times: user=0.28 sys=0.01, real=0.04 secs] 
2011-03-01T03:58:59.508+0000: 10640.899: [GC 10640.899: [ParNew: 364218K->31882K(368640K), 0.0386880 secs] 8207938K->7880899K(12541952K), 0.0390650 secs] [Times: user=0.32 sys=0.00, real=0.04 secs] 
2011-03-01T03:59:00.178+0000: 10641.569: [GC 10641.569: [ParNew: 359562K->40960K(368640K), 0.0423680 secs] 8208579K->7895641K(12541952K), 0.0427400 secs] [Times: user=0.32 sys=0.00, real=0.04 secs] 
2011-03-01T03:59:00.790+0000: 10642.182: [GC 10642.182: [ParNew: 368636K->24521K(368640K), 0.0448300 secs] 8223317K->7894932K(12541952K), 0.0452090 secs] [Times: user=0.33 sys=0.00, real=0.05 secs] 
2011-03-01T03:59:01.338+0000: 10642.729: [GC 10642.730: [ParNew: 352201K->17659K(368640K), 0.0328370 secs] 8222612K->7893168K(12541952K), 0.0332100 secs] [Times: user=0.24 sys=0.00, real=0.03 secs] 
2011-03-01T03:59:02.320+0000: 10643.712: [GC 10643.712: [ParNew: 345303K->22263K(368640K), 0.0318970 secs] 8220813K->7897772K(12541952K), 0.0322680 secs] [Times: user=0.24 sys=0.00, real=0.04 secs] 
2011-03-01T03:59:03.593+0000: 10644.984: [GC 10644.985: [ParNew: 349907K->28886K(368640K), 0.0330220 secs] 8225416K->7904395K(12541952K), 0.0333950 secs] [Times: user=0.28 sys=0.02, real=0.03 secs] 
2011-03-01T03:59:05.767+0000: 10647.159: [GC 10647.159: [ParNew: 356566K->39194K(368640K), 0.0407480 secs] 8232075K->7919267K(12541952K), 0.0411230 secs] [Times: user=0.31 sys=0.01, real=0.04 secs] 
2011-03-01T03:59:08.241+0000: 10649.632: [GC 10649.632: [ParNew: 366874K->40960K(368640K), 0.0465360 secs] 8246947K->7930665K(12541952K), 0.0469060 secs] [Times: user=0.39 sys=0.00, real=0.05 secs] 
2011-03-01T03:59:10.191+0000: 10651.582: [GC 10651.583: [ParNew: 368640K->24769K(368640K), 0.0454180 secs] 8258345K->7930336K(12541952K), 0.0457880 secs] [Times: user=0.35 sys=0.00, real=0.05 secs] 
2011-03-01T03:59:12.176+0000: 10653.567: [GC 10653.567: [ParNew: 352449K->25575K(368640K), 0.0341450 secs] 8258016K->7931142K(12541952K), 0.0345110 secs] [Times: user=0.23 sys=0.01, real=0.03 secs] 
2011-03-01T03:59:13.969+0000: 10655.360: [GC 10655.360: [ParNew: 353255K->23931K(368640K), 0.0421700 secs] 8258822K->7936029K(12541952K), 0.0425410 secs] [Times: user=0.32 sys=0.00, real=0.04 secs] 
2011-03-01T03:59:16.309+0000: 10657.700: [GC 10657.700: [ParNew: 351611K->35683K(368640K), 0.0432930 secs] 8263709K->7954257K(12541952K), 0.0436570 secs] [Times: user=0.32 sys=0.00, real=0.05 secs] 
2011-03-01T03:59:18.582+0000: 10659.973: [GC 10659.973: [ParNew: 363363K->32554K(368640K), 0.0426250 secs] 8281937K->7956879K(12541952K), 0.0431120 secs] [Times: user=0.31 sys=0.00, real=0.05 secs] 
2011-03-01T03:59:20.525+0000: 10661.916: [GC 10661.916: [ParNew: 360234K->29822K(368640K), 0.0448900 secs] 8284559K->7962630K(12541952K), 0.0453750 secs] [Times: user=0.31 sys=0.00, real=0.04 secs] 
2011-03-01T03:59:21.299+0000: 10662.690: [GC 10662.690: [ParNew: 357502K->40960K(368640K), 0.0455080 secs] 8290310K->7980788K(12541952K), 0.0460110 secs] [Times: user=0.32 sys=0.00, real=0.05 secs] 
2011-03-01T03:59:22.638+0000: 10664.029: [GC 10664.029: [ParNew: 368640K->40960K(368640K), 0.0435450 secs] 8308468K->7990042K(12541952K), 0.0440560 secs] [Times: user=0.31 sys=0.01, real=0.04 secs] 
2011-03-01T03:59:23.960+0000: 10665.351: [GC 10665.351: [ParNew: 368640K->27890K(368640K), 0.0455400 secs] 8317722K->7992709K(12541952K), 0.0460290 secs] [Times: user=0.32 sys=0.00, real=0.05 secs] 
2011-03-01T03:59:25.918+0000: 10667.310: [GC 10667.310: [ParNew: 355570K->40960K(368640K), 0.0416550 secs] 8320389K->8014087K(12541952K), 0.0421440 secs] [Times: user=0.32 sys=0.00, real=0.04 secs] 
2011-03-01T03:59:27.733+0000: 10669.124: [GC 10669.125: [ParNew: 368640K->34486K(368640K), 0.0398100 secs] 8341767K->8012480K(12541952K), 0.0402950 secs] [Times: user=0.27 sys=0.00, real=0.04 secs] 
2011-03-01T03:59:30.274+0000: 10671.665: [GC 10671.665: [ParNew: 362166K->37810K(368640K), 0.0403570 secs] 8340160K->8022827K(12541952K), 0.0408500 secs] [Times: user=0.31 sys=0.00, real=0.04 secs] 
2011-03-01T03:59:31.711+0000: 10673.103: [GC 10673.103: [ParNew: 365490K->27232K(368640K), 0.0461780 secs] 8350507K->8021156K(12541952K), 0.0466650 secs] [Times: user=0.40 sys=0.00, real=0.05 secs] 
2011-03-01T03:59:33.106+0000: 10674.497: [GC 10674.497: [ParNew: 354912K->32939K(368640K), 0.0458590 secs] 8348836K->8033479K(12541952K), 0.0463430 secs] [Times: user=0.32 sys=0.00, real=0.04 secs] 
2011-03-01T03:59:34.393+0000: 10675.784: [GC 10675.784: [ParNew: 360619K->35013K(368640K), 0.0442340 secs] 8361159K->8044478K(12541952K), 0.0447060 secs] [Times: user=0.38 sys=0.01, real=0.04 secs] 
2011-03-01T03:59:35.402+0000: 10676.793: [GC 10676.794: [ParNew: 362693K->35243K(368640K), 0.0513330 secs] 8372158K->8060544K(12541952K), 0.0518380 secs] [Times: user=0.42 sys=0.00, real=0.05 secs] 
2011-03-01T03:59:35.809+0000: 10677.200: [GC 10677.200: [ParNew: 362762K->40960K(368640K), 0.0525620 secs] 8388062K->8094684K(12541952K), 0.0530540 secs] [Times: user=0.39 sys=0.00, real=0.05 secs] 
2011-03-01T03:59:36.309+0000: 10677.700: [GC 10677.700: [ParNew: 368640K->37847K(368640K), 0.0510900 secs] 8422364K->8106101K(12541952K), 0.0515810 secs] [Times: user=0.40 sys=0.00, real=0.05 secs] 
2011-03-01T03:59:36.594+0000: 10677.985: [GC 10677.985: [ParNew: 365527K->38259K(368640K), 0.0514790 secs] 8433781K->8119138K(12541952K), 0.0518400 secs] [Times: user=0.37 sys=0.00, real=0.05 secs] 
2011-03-01T03:59:36.951+0000: 10678.342: [GC 10678.342: [ParNew: 365939K->28133K(368640K), 0.0508190 secs] 8446818K->8120882K(12541952K), 0.0511770 secs] [Times: user=0.40 sys=0.00, real=0.06 secs] 
2011-03-01T03:59:37.661+0000: 10679.052: [GC 10679.053: [ParNew: 355813K->40960K(368640K), 0.0644080 secs] 8448562K->8148668K(12541952K), 0.0648990 secs] [Times: user=0.45 sys=0.00, real=0.07 secs] 
2011-03-01T03:59:38.933+0000: 10680.325: [GC 10680.325: [ParNew: 367247K->40960K(368640K), 0.0695950 secs] 8474955K->8169671K(12541952K), 0.0700820 secs] [Times: user=0.50 sys=0.00, real=0.07 secs] 
2011-03-01T03:59:39.238+0000: 10680.629: [GC 10680.629: [ParNew: 368640K->40960K(368640K), 0.0600790 secs] 8497351K->8187508K(12541952K), 0.0605640 secs] [Times: user=0.42 sys=0.01, real=0.06 secs] 
2011-03-01T03:59:39.694+0000: 10681.085: [GC 10681.086: [ParNew: 368640K->40960K(368640K), 0.0490130 secs] 8515188K->8204284K(12541952K), 0.0495080 secs] [Times: user=0.33 sys=0.00, real=0.05 secs] 
2011-03-01T03:59:40.519+0000: 10681.910: [GC 10681.911: [ParNew: 368640K->33683K(368640K), 0.0394700 secs] 8531964K->8208059K(12541952K), 0.0399640 secs] [Times: user=0.31 sys=0.01, real=0.04 secs] 
2011-03-01T03:59:40.889+0000: 10682.280: [GC 10682.281: [ParNew: 361363K->22488K(368640K), 0.0327930 secs] 8535739K->8205943K(12541952K), 0.0332810 secs] [Times: user=0.25 sys=0.00, real=0.04 secs] 
2011-03-01T03:59:41.673+0000: 10683.064: [GC 10683.065: [ParNew: 350296K->25953K(368640K), 0.0324650 secs] 8533752K->8216500K(12541952K), 0.0329400 secs] [Times: user=0.24 sys=0.00, real=0.03 secs] 
2011-03-01T03:59:41.712+0000: 10683.103: [GC 10683.104: [ParNew: 31834K->10472K(368640K), 0.0336750 secs] 8222380K->8216399K(12541952K), 0.0341540 secs] [Times: user=0.22 sys=0.00, real=0.03 secs] 
2011-03-01T03:59:43.147+0000: 10684.538: [GC 10684.538: [ParNew: 338152K->23561K(368640K), 0.0289260 secs] 8544079K->8229488K(12541952K), 0.0293910 secs] [Times: user=0.25 sys=0.00, real=0.03 secs] 
2011-03-01T03:59:46.305+0000: 10687.697: [GC 10687.697: [ParNew: 351241K->23563K(368640K), 0.0378740 secs] 8557168K->8239424K(12541952K), 0.0384160 secs] [Times: user=0.25 sys=0.00, real=0.04 secs] 
2011-03-01T03:59:46.774+0000: 10688.165: [GC 10688.166: [ParNew: 351243K->38970K(368640K), 0.0361830 secs] 8567104K->8261687K(12541952K), 0.0366430 secs] [Times: user=0.25 sys=0.00, real=0.03 secs] 
2011-03-01T03:59:47.605+0000: 10688.996: [GC 10689.027: [ParNew: 366650K->31219K(368640K), 0.0370020 secs] 8589367K->8262997K(12541952K), 0.0374680 secs] [Times: user=0.25 sys=0.00, real=0.07 secs] 
2011-03-01T03:59:49.293+0000: 10690.685: [GC 10690.685: [ParNew: 358899K->26624K(368640K), 0.0349660 secs] 8590677K->8267363K(12541952K), 0.0354460 secs] [Times: user=0.27 sys=0.00, real=0.03 secs] 
2011-03-01T03:59:51.368+0000: 10692.759: [GC 10692.759: [ParNew: 354304K->21967K(368640K), 0.0396250 secs] 8595043K->8271463K(12541952K), 0.0401010 secs] [Times: user=0.32 sys=0.00, real=0.04 secs] 
2011-03-01T03:59:53.578+0000: 10694.969: [GC 10694.969: [ParNew: 349647K->28374K(368640K), 0.0286640 secs] 8599143K->8277870K(12541952K), 0.0290900 secs] [Times: user=0.24 sys=0.00, real=0.03 secs] 
2011-03-01T03:59:55.017+0000: 10696.408: [GC 10696.409: [ParNew: 356050K->28585K(368640K), 0.0342610 secs] 8605545K->8287044K(12541952K), 0.0346370 secs] [Times: user=0.24 sys=0.00, real=0.03 secs] 
2011-03-01T03:59:55.659+0000: 10697.050: [GC 10697.050: [ParNew: 356265K->29175K(368640K), 0.0394190 secs] 8614724K->8294158K(12541952K), 0.0397900 secs] [Times: user=0.32 sys=0.00, real=0.04 secs] 
2011-03-01T03:59:56.893+0000: 10698.284: [GC 10698.284: [ParNew: 356855K->25378K(368640K), 0.0358280 secs] 8621838K->8295121K(12541952K), 0.0362010 secs] [Times: user=0.26 sys=0.01, real=0.03 secs] 
2011-03-01T03:59:57.510+0000: 10698.901: [GC 10698.901: [ParNew: 353058K->40960K(368640K), 0.0384600 secs] 8622801K->8311601K(12541952K), 0.0557310 secs] [Times: user=0.30 sys=0.00, real=0.06 secs] 
2011-03-01T03:59:58.245+0000: 10699.637: [GC 10699.637: [ParNew: 368640K->21778K(368640K), 0.0453780 secs] 8639281K->8306408K(12541952K), 0.0457530 secs] [Times: user=0.31 sys=0.00, real=0.04 secs] 
2011-03-01T03:59:58.293+0000: 10699.685: [GC [1 CMS-initial-mark: 8284630K(12173312K)] 8306419K(12541952K), 0.0133110 secs] [Times: user=0.01 sys=0.00, real=0.01 secs] 
2011-03-01T03:59:58.307+0000: 10699.698: [CMS-concurrent-mark-start]
2011-03-01T03:59:58.849+0000: 10700.241: [CMS-concurrent-mark: 0.542/0.542 secs] [Times: user=4.91 sys=0.28, real=0.54 secs] 
2011-03-01T03:59:58.850+0000: 10700.241: [CMS-concurrent-preclean-start]
2011-03-01T03:59:58.900+0000: 10700.291: [CMS-concurrent-preclean: 0.049/0.050 secs] [Times: user=0.05 sys=0.02, real=0.05 secs] 
2011-03-01T03:59:58.900+0000: 10700.291: [CMS-concurrent-abortable-preclean-start]
2011-03-01T03:59:59.652+0000: 10701.043: [GC 10701.043: [ParNew: 349458K->24839K(368640K), 0.0376930 secs] 8634088K->8309469K(12541952K), 0.0380620 secs] [Times: user=0.28 sys=0.00, real=0.04 secs] 
2011-03-01T04:00:00.068+0000: 10701.459: [CMS-concurrent-abortable-preclean: 1.116/1.167 secs] [Times: user=3.09 sys=0.64, real=1.17 secs] 
2011-03-01T04:00:00.070+0000: 10701.461: [GC[YG occupancy: 210194 K (368640 K)]10701.461: [Rescan (parallel) , 0.0304840 secs]10701.492: [weak refs processing, 0.0328870 secs] [1 CMS-remark: 8284630K(12173312K)] 8494824K(12541952K), 0.0636530 secs] [Times: user=0.28 sys=0.00, real=0.07 secs] 
2011-03-01T04:00:00.134+0000: 10701.525: [CMS-concurrent-sweep-start]
2011-03-01T04:00:00.318+0000: 10701.709: [GC 10701.709: [ParNew: 352519K->40078K(368640K), 0.0456580 secs] 8325273K->8018312K(12541952K), 0.0460300 secs] [Times: user=0.33 sys=0.00, real=0.05 secs] 
2011-03-01T04:00:00.791+0000: 10702.182: [GC 10702.183: [ParNew: 367758K->23104K(368640K), 0.0492640 secs] 8074707K->7744403K(12541952K), 0.0496420 secs] [Times: user=0.39 sys=0.00, real=0.05 secs] 
2011-03-01T04:00:01.464+0000: 10702.855: [GC 10702.855: [ParNew: 350784K->27018K(368640K), 0.0444740 secs] 7943147K->7619381K(12541952K), 0.1669140 secs] [Times: user=0.33 sys=0.00, real=0.17 secs] 
2011-03-01T04:00:02.581+0000: 10703.972: [GC 10703.972: [ParNew: 354698K->28477K(368640K), 0.0404800 secs] 7769814K->7449408K(12541952K), 0.0408550 secs] [Times: user=0.32 sys=0.00, real=0.04 secs] 
2011-03-01T04:00:03.899+0000: 10705.290: [GC 10705.290: [ParNew: 356157K->24656K(368640K), 0.0381940 secs] 7468303K->7141570K(12541952K), 0.0385780 secs] [Times: user=0.32 sys=0.00, real=0.04 secs] 
2011-03-01T04:00:05.800+0000: 10707.192: [GC 10707.192: [ParNew: 352336K->25608K(368640K), 0.0371390 secs] 7005816K->6683392K(12541952K), 0.0375590 secs] [Times: user=0.31 sys=0.01, real=0.04 secs] 
2011-03-01T04:00:08.482+0000: 10709.873: [GC 10709.874: [ParNew: 353288K->29673K(368640K), 0.0401070 secs] 6354134K->6034845K(12541952K), 0.0406420 secs] [Times: user=0.29 sys=0.00, real=0.04 secs] 
2011-03-01T04:00:10.761+0000: 10712.152: [GC 10712.152: [ParNew: 357353K->32037K(368640K), 0.0406660 secs] 5908589K->5589509K(12541952K), 0.0411970 secs] [Times: user=0.30 sys=0.00, real=0.05 secs] 
2011-03-01T04:00:12.698+0000: 10714.089: [GC 10714.090: [ParNew: 359717K->39014K(368640K), 0.0449460 secs] 5264253K->4966163K(12541952K), 0.0453750 secs] [Times: user=0.32 sys=0.00, real=0.05 secs] 
2011-03-01T04:00:14.426+0000: 10715.818: [GC 10715.818: [ParNew: 366694K->25778K(368640K), 0.0409070 secs] 4908702K->4576193K(12541952K), 0.0412740 secs] [Times: user=0.32 sys=0.00, real=0.04 secs] 
2011-03-01T04:00:16.218+0000: 10717.610: [GC 10717.610: [ParNew: 353458K->26295K(368640K), 0.0387230 secs] 4515830K->4200177K(12541952K), 0.0391610 secs] [Times: user=0.30 sys=0.00, real=0.04 secs] 
2011-03-01T04:00:18.485+0000: 10719.876: [GC 10719.876: [ParNew: 353975K->40200K(368640K), 0.0311820 secs] 3820992K->3510500K(12541952K), 0.0316020 secs] [Times: user=0.23 sys=0.00, real=0.03 secs] 
2011-03-01T04:00:19.719+0000: 10721.111: [GC 10721.111: [ParNew: 367880K->35815K(368640K), 0.0321680 secs] 3594657K->3270875K(12541952K), 0.0325270 secs] [Times: user=0.24 sys=0.00, real=0.03 secs] 
2011-03-01T04:00:21.221+0000: 10722.612: [GC 10722.612: [ParNew: 363495K->40960K(368640K), 0.0338320 secs] 3174175K->2858190K(12541952K), 0.0342640 secs] [Times: user=0.26 sys=0.01, real=0.04 secs] 
2011-03-01T04:00:22.517+0000: 10723.909: [GC 10723.909: [ParNew: 368640K->16565K(368640K), 0.0334350 secs] 2893844K->2557369K(12541952K), 0.0339210 secs] [Times: user=0.24 sys=0.00, real=0.03 secs] 
2011-03-01T04:00:23.775+0000: 10725.166: [GC 10725.166: [ParNew: 344245K->39576K(368640K), 0.0328740 secs] 2614469K->2309800K(12541952K), 0.0333600 secs] [Times: user=0.24 sys=0.00, real=0.03 secs] 
2011-03-01T04:00:25.230+0000: 10726.621: [GC 10726.622: [ParNew: 355769K->40960K(368640K), 0.0391860 secs] 2115043K->1810655K(12541952K), 0.0396730 secs] [Times: user=0.32 sys=0.00, real=0.04 secs] 
2011-03-01T04:00:25.799+0000: 10727.190: [GC 10727.191: [ParNew: 368640K->20328K(368640K), 0.0510440 secs] 1962088K->1703471K(12541952K), 0.0515310 secs] [Times: user=0.40 sys=0.00, real=0.05 secs] 
2011-03-01T04:00:25.973+0000: 10727.364: [CMS-concurrent-sweep: 24.942/25.839 secs] [Times: user=55.37 sys=12.45, real=25.84 secs] 
2011-03-01T04:00:25.973+0000: 10727.364: [CMS-concurrent-reset-start]
2011-03-01T04:00:26.001+0000: 10727.393: [CMS-concurrent-reset: 0.028/0.028 secs] [Times: user=0.07 sys=0.07, real=0.02 secs] 
2011-03-01T04:00:26.532+0000: 10727.923: [GC 10727.923: [ParNew: 348008K->23100K(368640K), 0.0359650 secs] 1902556K->1577649K(12541952K), 0.0364470 secs] [Times: user=0.30 sys=0.00, real=0.04 secs] 
2011-03-01T04:00:27.277+0000: 10728.668: [GC 10728.669: [ParNew: 350780K->14881K(368640K), 0.0444960 secs] 1905329K->1577998K(12541952K), 0.0449820 secs] [Times: user=0.32 sys=0.00, real=0.05 secs] 
2011-03-01T04:00:28.078+0000: 10729.470: [GC 10729.470: [ParNew: 342561K->17356K(368640K), 0.0373740 secs] 1905678K->1580473K(12541952K), 0.0378580 secs] [Times: user=0.32 sys=0.00, real=0.04 secs] 
2011-03-01T04:00:28.846+0000: 10730.238: [GC 10730.238: [ParNew: 345036K->23487K(368640K), 0.0452140 secs] 1908153K->1586604K(12541952K), 0.0456970 secs] [Times: user=0.31 sys=0.00, real=0.06 secs] 
2011-03-01T04:00:29.587+0000: 10730.978: [GC 10730.979: [ParNew: 351167K->20921K(368640K), 0.0483850 secs] 1914284K->1588067K(12541952K), 0.0488050 secs] [Times: user=0.38 sys=0.00, real=0.05 secs] 
2011-03-01T04:00:31.099+0000: 10732.490: [GC 10732.490: [ParNew: 348601K->40960K(368640K), 0.0593540 secs] 1915747K->1617333K(12541952K), 0.0597150 secs] [Times: user=0.47 sys=0.00, real=0.06 secs] 
2011-03-01T04:00:32.382+0000: 10733.773: [GC 10733.774: [ParNew: 368640K->17171K(368640K), 0.0648680 secs] 1945013K->1612843K(12541952K), 0.0652350 secs] [Times: user=0.45 sys=0.00, real=0.06 secs] 
2011-03-01T04:00:33.831+0000: 10735.222: [GC 10735.222: [ParNew: 344851K->40960K(368640K), 0.0381680 secs] 1940523K->1640792K(12541952K), 0.0385380 secs] [Times: user=0.32 sys=0.00, real=0.04 secs] 
2011-03-01T04:00:35.377+0000: 10736.769: [GC 10736.769: [ParNew: 368640K->15553K(368640K), 0.0503550 secs] 1968472K->1635355K(12541952K), 0.0507240 secs] [Times: user=0.36 sys=0.00, real=0.05 secs] 
2011-03-01T04:00:35.953+0000: 10737.345: [GC 10737.345: [ParNew: 343233K->40960K(368640K), 0.0515650 secs] 1963035K->1678447K(12541952K), 0.0519870 secs] [Times: user=0.37 sys=0.00, real=0.05 secs] 
2011-03-01T04:00:36.374+0000: 10737.765: [GC 10737.766: [ParNew: 368640K->26748K(368640K), 0.0459680 secs] 2006127K->1680448K(12541952K), 0.0463270 secs] [Times: user=0.33 sys=0.00, real=0.04 secs] 
2011-03-01T04:00:36.738+0000: 10738.129: [GC 10738.129: [ParNew: 354568K->40209K(368640K), 0.0488690 secs] 2008269K->1703356K(12541952K), 0.0492150 secs] [Times: user=0.38 sys=0.00, real=0.05 secs] 
2011-03-01T04:00:36.794+0000: 10738.186: [GC 10738.186: [ParNew: 56501K->21262K(368640K), 0.0419900 secs] 1719647K->1704578K(12541952K), 0.0423220 secs] [Times: user=0.26 sys=0.01, real=0.04 secs] 
2011-03-01T04:00:37.182+0000: 10738.574: [GC 10738.574: [ParNew: 348942K->40960K(368640K), 0.0528580 secs] 2032258K->1729801K(12541952K), 0.0532120 secs] [Times: user=0.41 sys=0.01, real=0.05 secs] 
2011-03-01T04:00:37.645+0000: 10739.036: [GC 10739.037: [ParNew: 368640K->37826K(368640K), 0.0537180 secs] 2057515K->1740881K(12541952K), 0.0540720 secs] [Times: user=0.40 sys=0.00, real=0.05 secs] 
2011-03-01T04:00:37.710+0000: 10739.101: [GC 10739.101: [ParNew: 58942K->30176K(368640K), 0.0583930 secs] 1761997K->1765789K(12541952K), 0.0587110 secs] [Times: user=0.41 sys=0.00, real=0.06 secs] 
2011-03-01T04:00:38.065+0000: 10739.456: [GC 10739.456: [ParNew: 357856K->40139K(368640K), 0.0379270 secs] 2093469K->1775752K(12541952K), 0.0382890 secs] [Times: user=0.25 sys=0.00, real=0.04 secs] 
2011-03-01T04:00:38.490+0000: 10739.881: [GC 10739.881: [ParNew: 367819K->32766K(368640K), 0.0570020 secs] 2103432K->1784566K(12541952K), 0.0574560 secs] [Times: user=0.41 sys=0.00, real=0.06 secs] 
2011-03-01T04:00:39.014+0000: 10740.405: [GC 10740.405: [ParNew: 360484K->34864K(368640K), 0.0461290 secs] 2112284K->1798238K(12541952K), 0.0498970 secs] [Times: user=0.32 sys=0.01, real=0.05 secs] 
2011-03-01T04:00:39.067+0000: 10740.458: [GC 10740.459: [ParNew: 35048K->12976K(368640K), 0.0477690 secs] 1798422K->1795543K(12541952K), 0.0481700 secs] [Times: user=0.26 sys=0.00, real=0.05 secs] 
2011-03-01T04:00:39.820+0000: 10741.211: [GC 10741.212: [ParNew: 340656K->12598K(368640K), 0.0382150 secs] 2123223K->1795165K(12541952K), 0.0387050 secs] [Times: user=0.25 sys=0.00, real=0.04 secs] 
2011-03-01T04:00:44.200+0000: 10745.591: [GC 10745.591: [ParNew: 340278K->40960K(368640K), 0.0486160 secs] 2122845K->1828261K(12541952K), 0.0490940 secs] [Times: user=0.36 sys=0.00, real=0.05 secs] 
2011-03-01T04:00:49.033+0000: 10750.424: [GC 10750.424: [ParNew: 368640K->40579K(368640K), 0.0676430 secs] 2155941K->1846009K(12541952K), 0.0764340 secs] [Times: user=0.40 sys=0.01, real=0.07 secs] 
2011-03-01T04:00:50.989+0000: 10752.380: [GC 10752.381: [ParNew: 368259K->40500K(368640K), 0.0552460 secs] 2173689K->1860967K(12541952K), 0.0557430 secs] [Times: user=0.35 sys=0.00, real=0.06 secs] 
2011-03-01T04:00:54.554+0000: 10755.946: [GC 10755.946: [ParNew: 368165K->25885K(368640K), 0.0548460 secs] 2188632K->1879213K(12541952K), 0.0553510 secs] [Times: user=0.35 sys=0.00, real=0.06 secs] 
2011-03-01T04:00:55.676+0000: 10757.067: [GC 10757.067: [ParNew: 353519K->40338K(368640K), 0.0302960 secs] 2206848K->1893666K(12541952K), 0.0308160 secs] [Times: user=0.24 sys=0.00, real=0.03 secs] 
2011-03-01T04:00:56.165+0000: 10757.556: [GC 10757.556: [ParNew: 367990K->35973K(368640K), 0.0586350 secs] 2221319K->1971933K(12541952K), 0.0591020 secs] [Times: user=0.41 sys=0.00, real=0.06 secs] 
2011-03-01T04:00:56.727+0000: 10758.118: [GC 10758.119: [ParNew: 363593K->9889K(368640K), 0.0405040 secs] 2299554K->1966882K(12541952K), 0.0409300 secs] [Times: user=0.26 sys=0.00, real=0.04 secs] 
2011-03-01T04:00:57.359+0000: 10758.750: [GC 10758.751: [ParNew: 337569K->9336K(368640K), 0.0306700 secs] 2294562K->1966329K(12541952K), 0.0310270 secs] [Times: user=0.24 sys=0.00, real=0.03 secs] 
2011-03-01T04:00:57.937+0000: 10759.328: [GC 10759.328: [ParNew: 337016K->15601K(368640K), 0.0347280 secs] 2294009K->1972594K(12541952K), 0.0350930 secs] [Times: user=0.24 sys=0.00, real=0.03 secs] 
2011-03-01T04:00:58.470+0000: 10759.861: [GC 10759.861: [ParNew: 343281K->18202K(368640K), 0.0341260 secs] 2300274K->1975195K(12541952K), 0.0344870 secs] [Times: user=0.31 sys=0.00, real=0.04 secs] 
2011-03-01T04:00:59.104+0000: 10760.495: [GC 10760.496: [ParNew: 345845K->20443K(368640K), 0.0504570 secs] 2302838K->1981562K(12541952K), 0.0508210 secs] [Times: user=0.34 sys=0.00, real=0.05 secs] 
2011-03-01T04:00:59.715+0000: 10761.106: [GC 10761.106: [ParNew: 348123K->21666K(368640K), 0.0455640 secs] 2309242K->1985590K(12541952K), 0.0459340 secs] [Times: user=0.32 sys=0.00, real=0.04 secs] 
2011-03-01T04:01:01.451+0000: 10762.843: [GC 10762.843: [ParNew: 349346K->40960K(368640K), 0.0563220 secs] 2313270K->2009217K(12541952K), 0.0566910 secs] [Times: user=0.38 sys=0.00, real=0.06 secs] 
2011-03-01T04:01:05.130+0000: 10766.522: [GC 10766.522: [ParNew: 368640K->25388K(368640K), 0.0951650 secs] 2336897K->2018280K(12541952K), 0.1025370 secs] [Times: user=0.51 sys=0.01, real=0.11 secs] 
2011-03-01T04:01:09.137+0000: 10770.529: [GC 10770.529: [ParNew: 353068K->30010K(368640K), 0.0698400 secs] 2345960K->2040961K(12541952K), 0.0703400 secs] [Times: user=0.37 sys=0.00, real=0.07 secs] 
2011-03-01T04:01:11.637+0000: 10773.028: [GC 10773.028: [ParNew: 357690K->40960K(368640K), 0.0489580 secs] 2368641K->2054383K(12541952K), 0.0494490 secs] [Times: user=0.33 sys=0.00, real=0.05 secs] 
2011-03-01T04:01:13.491+0000: 10774.883: [GC 10774.883: [ParNew: 368640K->32678K(368640K), 0.1068630 secs] 2382063K->2076287K(12541952K), 0.1073400 secs] [Times: user=0.59 sys=0.00, real=0.11 secs] 
2011-03-01T04:01:15.115+0000: 10776.507: [GC 10776.507: [ParNew: 360358K->27021K(368640K), 0.0830700 secs] 2403967K->2094868K(12541952K), 0.0834970 secs] [Times: user=0.46 sys=0.00, real=0.08 secs] 
2011-03-01T04:01:15.832+0000: 10777.224: [GC 10777.224: [ParNew: 354701K->34322K(368640K), 0.0860400 secs] 2422548K->2186974K(12541952K), 0.0863910 secs] [Times: user=0.61 sys=0.00, real=0.08 secs] 
2011-03-01T04:01:16.668+0000: 10778.060: [GC 10778.060: [ParNew: 362002K->15439K(368640K), 0.0557290 secs] 2514654K->2189838K(12541952K), 0.0636700 secs] [Times: user=0.40 sys=0.00, real=0.07 secs] 
2011-03-01T04:01:17.344+0000: 10778.736: [GC 10778.736: [ParNew: 343119K->40960K(368640K), 0.0547010 secs] 2517518K->2215668K(12541952K), 0.0550440 secs] [Times: user=0.41 sys=0.00, real=0.05 secs] 
2011-03-01T04:01:18.080+0000: 10779.471: [GC 10779.471: [ParNew: 368640K->22970K(368640K), 0.0795960 secs] 2543348K->2224900K(12541952K), 0.0799440 secs] [Times: user=0.56 sys=0.01, real=0.08 secs] 
2011-03-01T04:01:18.779+0000: 10780.170: [GC 10780.171: [ParNew: 350650K->34684K(368640K), 0.0478940 secs] 2552580K->2236613K(12541952K), 0.0482420 secs] [Times: user=0.40 sys=0.00, real=0.05 secs] 
2011-03-01T04:01:19.560+0000: 10780.951: [GC 10780.952: [ParNew: 362364K->37116K(368640K), 0.0638690 secs] 2564293K->2250574K(12541952K), 0.0642140 secs] [Times: user=0.49 sys=0.00, real=0.07 secs] 
2011-03-01T04:01:22.134+0000: 10783.525: [GC 10783.525: [ParNew: 364796K->40894K(368640K), 0.0784890 secs] 2578254K->2281611K(12541952K), 0.0790350 secs] [Times: user=0.57 sys=0.01, real=0.08 secs] 
2011-03-01T04:01:24.900+0000: 10786.291: [GC 10786.291: [ParNew: 368574K->38329K(368640K), 0.0821350 secs] 2609291K->2303253K(12541952K), 0.0826150 secs] [Times: user=0.56 sys=0.00, real=0.09 secs] 
2011-03-01T04:01:30.076+0000: 10791.467: [GC 10791.468: [ParNew: 366009K->39035K(368640K), 0.0697240 secs] 2630933K->2330263K(12541952K), 0.0702000 secs] [Times: user=0.49 sys=0.00, real=0.07 secs] 
2011-03-01T04:01:33.128+0000: 10794.519: [GC 10794.519: [ParNew: 366715K->30432K(368640K), 0.0637880 secs] 2657943K->2346875K(12541952K), 0.0642670 secs] [Times: user=0.46 sys=0.00, real=0.06 secs] 
2011-03-01T04:01:35.952+0000: 10797.343: [GC 10797.343: [ParNew: 358112K->35334K(368640K), 0.0556290 secs] 2674555K->2373571K(12541952K), 0.0560800 secs] [Times: user=0.37 sys=0.01, real=0.06 secs] 
2011-03-01T04:01:37.617+0000: 10799.008: [GC 10799.009: [ParNew: 363014K->40306K(368640K), 0.0586660 secs] 2701251K->2402432K(12541952K), 0.0591050 secs] [Times: user=0.40 sys=0.00, real=0.06 secs] 
2011-03-01T04:01:38.329+0000: 10799.720: [GC 10799.720: [ParNew: 367986K->40960K(368640K), 0.0986890 secs] 2730112K->2436380K(12541952K), 0.0991180 secs] [Times: user=0.71 sys=0.00, real=0.10 secs] 
2011-03-01T04:01:39.176+0000: 10800.567: [GC 10800.568: [ParNew: 368640K->40960K(368640K), 0.0724360 secs] 2764060K->2465384K(12541952K), 0.0727670 secs] [Times: user=0.47 sys=0.00, real=0.07 secs] 
2011-03-01T04:01:39.648+0000: 10801.040: [GC 10801.040: [ParNew: 368640K->38853K(368640K), 0.0644740 secs] 2793064K->2488117K(12541952K), 0.0647940 secs] [Times: user=0.47 sys=0.00, real=0.07 secs] 
2011-03-01T04:01:41.805+0000: 10803.196: [GC 10803.196: [ParNew: 366533K->38994K(368640K), 0.0598580 secs] 2815797K->2513138K(12541952K), 0.0601750 secs] [Times: user=0.41 sys=0.00, real=0.06 secs] 
2011-03-01T04:01:44.472+0000: 10805.863: [GC 10805.863: [ParNew: 366674K->31280K(368640K), 0.0581950 secs] 2840818K->2530659K(12541952K), 0.0585120 secs] [Times: user=0.45 sys=0.01, real=0.06 secs] 
2011-03-01T04:01:47.608+0000: 10808.999: [GC 10808.999: [ParNew: 358960K->35692K(368640K), 0.0515790 secs] 2858339K->2552282K(12541952K), 0.0518970 secs] [Times: user=0.39 sys=0.00, real=0.05 secs] 
2011-03-01T04:01:52.586+0000: 10813.977: [GC 10813.978: [ParNew: 363372K->26884K(368640K), 0.0462170 secs] 2879962K->2563157K(12541952K), 0.0465990 secs] [Times: user=0.33 sys=0.00, real=0.05 secs] 
2011-03-01T04:01:54.986+0000: 10816.377: [GC 10816.377: [ParNew: 354564K->37366K(368640K), 0.0310300 secs] 2890837K->2573639K(12541952K), 0.0314840 secs] [Times: user=0.24 sys=0.00, real=0.03 secs] 
2011-03-01T04:01:55.857+0000: 10817.248: [GC 10817.248: [ParNew: 365046K->37873K(368640K), 0.0419880 secs] 2901319K->2588976K(12541952K), 0.0424380 secs] [Times: user=0.32 sys=0.00, real=0.04 secs] 
2011-03-01T04:01:56.869+0000: 10818.260: [GC 10818.261: [ParNew: 365505K->21643K(368640K), 0.0285720 secs] 2916609K->2578146K(12541952K), 0.0290180 secs] [Times: user=0.24 sys=0.00, real=0.03 secs] 
2011-03-01T04:01:57.995+0000: 10819.386: [GC 10819.386: [ParNew: 349261K->28526K(368640K), 0.0272300 secs] 2905764K->2585029K(12541952K), 0.0276800 secs] [Times: user=0.16 sys=0.00, real=0.03 secs] 
2011-03-01T04:01:59.642+0000: 10821.034: [GC 10821.034: [ParNew: 356206K->31320K(368640K), 0.0351720 secs] 2912709K->2593628K(12541952K), 0.0356310 secs] [Times: user=0.29 sys=0.01, real=0.04 secs] 
2011-03-01T04:02:00.203+0000: 10821.594: [GC 10821.594: [ParNew: 359000K->27638K(368640K), 0.0433220 secs] 2921308K->2597187K(12541952K), 0.0437830 secs] [Times: user=0.33 sys=0.01, real=0.04 secs] 
2011-03-01T04:02:00.893+0000: 10822.284: [GC 10822.284: [ParNew: 355318K->25432K(368640K), 0.0402800 secs] 2924867K->2602900K(12541952K), 0.0407150 secs] [Times: user=0.28 sys=0.00, real=0.04 secs] 
2011-03-01T04:02:03.258+0000: 10824.649: [GC 10824.649: [ParNew: 353112K->34108K(368640K), 0.0384840 secs] 2930580K->2618130K(12541952K), 0.0389170 secs] [Times: user=0.31 sys=0.00, real=0.04 secs] 
2011-03-01T04:02:05.367+0000: 10826.758: [GC 10826.758: [ParNew: 361788K->40960K(368640K), 0.0462080 secs] 2945810K->2633779K(12541952K), 0.0466610 secs] [Times: user=0.33 sys=0.00, real=0.05 secs] 
2011-03-01T04:02:07.608+0000: 10828.999: [GC 10828.999: [ParNew: 368056K->28061K(368640K), 0.0506350 secs] 2960876K->2641982K(12541952K), 0.0511430 secs] [Times: user=0.37 sys=0.00, real=0.05 secs] 
2011-03-01T04:02:09.480+0000: 10830.871: [GC 10830.871: [ParNew: 355741K->28882K(368640K), 0.0428770 secs] 2969662K->2652349K(12541952K), 0.0433280 secs] [Times: user=0.33 sys=0.00, real=0.05 secs] 
2011-03-01T04:02:11.146+0000: 10832.537: [GC 10832.537: [ParNew: 356562K->27138K(368640K), 0.0425590 secs] 2980029K->2677843K(12541952K), 0.0430120 secs] [Times: user=0.32 sys=0.00, real=0.04 secs] 
2011-03-01T04:02:13.265+0000: 10834.657: [GC 10834.657: [ParNew: 354818K->23431K(368640K), 0.0346150 secs] 3005523K->2683513K(12541952K), 0.0350670 secs] [Times: user=0.24 sys=0.00, real=0.03 secs] 
2011-03-01T04:02:15.813+0000: 10837.204: [GC 10837.205: [ParNew: 351111K->29418K(368640K), 0.0347150 secs] 3011193K->2698107K(12541952K), 0.0351610 secs] [Times: user=0.27 sys=0.01, real=0.03 secs] 
2011-03-01T04:02:18.195+0000: 10839.586: [GC 10839.586: [ParNew: 357098K->30005K(368640K), 0.0393730 secs] 3025787K->2708215K(12541952K), 0.0398200 secs] [Times: user=0.25 sys=0.00, real=0.04 secs] 
2011-03-01T04:02:19.664+0000: 10841.055: [GC 10841.055: [ParNew: 357685K->25752K(368640K), 0.0382630 secs] 3035895K->2713339K(12541952K), 0.0387320 secs] [Times: user=0.26 sys=0.01, real=0.04 secs] 
2011-03-01T04:02:21.100+0000: 10842.491: [GC 10842.491: [ParNew: 353501K->30141K(368640K), 0.0347710 secs] 3041087K->2726982K(12541952K), 0.0352110 secs] [Times: user=0.26 sys=0.00, real=0.04 secs] 
2011-03-01T04:02:21.138+0000: 10842.530: [GC 10842.530: [ParNew: 30463K->7695K(368640K), 0.0291930 secs] 2727305K->2716075K(12541952K), 0.0295670 secs] [Times: user=0.24 sys=0.00, real=0.03 secs] 
2011-03-01T04:02:22.440+0000: 10843.831: [GC 10843.831: [ParNew: 335375K->22662K(368640K), 0.0288310 secs] 3043755K->2731041K(12541952K), 0.0292720 secs] [Times: user=0.24 sys=0.00, real=0.03 secs] 
2011-03-01T04:02:23.952+0000: 10845.343: [GC 10845.344: [ParNew: 350342K->20755K(368640K), 0.0358110 secs] 3058721K->2738154K(12541952K), 0.0362580 secs] [Times: user=0.29 sys=0.01, real=0.03 secs] 
2011-03-01T04:02:25.312+0000: 10846.703: [GC 10846.703: [ParNew: 348435K->40960K(368640K), 0.0396190 secs] 3065834K->2767366K(12541952K), 0.0400640 secs] [Times: user=0.31 sys=0.00, real=0.04 secs] 
2011-03-01T04:02:26.930+0000: 10848.321: [GC 10848.321: [ParNew: 368640K->21865K(368640K), 0.0355860 secs] 3095046K->2760264K(12541952K), 0.0360310 secs] [Times: user=0.27 sys=0.00, real=0.04 secs] 
2011-03-01T04:02:29.249+0000: 10850.640: [GC 10850.640: [ParNew: 349545K->40960K(368640K), 0.0371280 secs] 3087944K->2780021K(12541952K), 0.0375780 secs] [Times: user=0.29 sys=0.01, real=0.04 secs] 
2011-03-01T04:02:31.032+0000: 10852.424: [GC 10852.424: [ParNew: 368640K->25665K(368640K), 0.0392340 secs] 3107701K->2780272K(12541952K), 0.0396910 secs] [Times: user=0.32 sys=0.00, real=0.04 secs] 
2011-03-01T04:02:32.505+0000: 10853.896: [GC 10853.897: [ParNew: 353345K->29712K(368640K), 0.0343220 secs] 3107952K->2790816K(12541952K), 0.0347660 secs] [Times: user=0.24 sys=0.00, real=0.03 secs] 
2011-03-01T04:02:34.113+0000: 10855.504: [GC 10855.504: [ParNew: 357392K->21882K(368640K), 0.0344770 secs] 3118496K->2791376K(12541952K), 0.0349240 secs] [Times: user=0.28 sys=0.01, real=0.03 secs] 
2011-03-01T04:02:35.194+0000: 10856.586: [GC 10856.586: [ParNew: 349562K->40960K(368640K), 0.0353230 secs] 3119056K->2814387K(12541952K), 0.0357670 secs] [Times: user=0.25 sys=0.00, real=0.03 secs] 
2011-03-01T04:02:35.642+0000: 10857.033: [GC 10857.034: [ParNew: 368640K->20162K(368640K), 0.0475330 secs] 3142067K->2811292K(12541952K), 0.0479970 secs] [Times: user=0.38 sys=0.00, real=0.04 secs] 
2011-03-01T04:02:36.115+0000: 10857.506: [GC 10857.506: [ParNew: 347417K->40960K(368640K), 0.0474850 secs] 3138547K->2844168K(12541952K), 0.0479590 secs] [Times: user=0.31 sys=0.00, real=0.05 secs] 
2011-03-01T04:02:36.483+0000: 10857.874: [GC 10857.875: [ParNew: 368640K->38779K(368640K), 0.0530920 secs] 3171848K->2859669K(12541952K), 0.0535400 secs] [Times: user=0.37 sys=0.00, real=0.05 secs] 
2011-03-01T04:02:36.915+0000: 10858.306: [GC 10858.306: [ParNew: 366459K->38152K(368640K), 0.0403000 secs] 3187349K->2869386K(12541952K), 0.0407540 secs] [Times: user=0.25 sys=0.00, real=0.04 secs] 
2011-03-01T04:02:37.363+0000: 10858.754: [GC 10858.754: [ParNew: 365832K->40960K(368640K), 0.0472380 secs] 3197066K->2886238K(12541952K), 0.0476850 secs] [Times: user=0.35 sys=0.00, real=0.04 secs] 
2011-03-01T04:02:37.683+0000: 10859.075: [GC 10859.075: [ParNew: 368640K->40960K(368640K), 0.0674390 secs] 3213918K->2907584K(12541952K), 0.0679150 secs] [Times: user=0.47 sys=0.00, real=0.06 secs] 
2011-03-01T04:02:37.983+0000: 10859.374: [GC 10859.374: [ParNew: 368640K->40960K(368640K), 0.0600190 secs] 3235264K->2928198K(12541952K), 0.0604720 secs] [Times: user=0.44 sys=0.00, real=0.06 secs] 
2011-03-01T04:02:38.431+0000: 10859.822: [GC 10859.823: [ParNew: 368640K->39208K(368640K), 0.0445560 secs] 3255878K->2940189K(12541952K), 0.0450180 secs] [Times: user=0.34 sys=0.00, real=0.05 secs] 
2011-03-01T04:02:39.224+0000: 10860.615: [GC 10860.615: [ParNew: 366888K->35964K(368640K), 0.0394920 secs] 3267869K->2949646K(12541952K), 0.0399570 secs] [Times: user=0.24 sys=0.00, real=0.04 secs] 
2011-03-01T04:02:40.290+0000: 10861.682: [GC 10861.682: [ParNew: 363643K->21655K(368640K), 0.0370290 secs] 3277325K->2944419K(12541952K), 0.0373650 secs] [Times: user=0.31 sys=0.00, real=0.04 secs] 
2011-03-01T04:02:41.534+0000: 10862.925: [GC 10862.926: [ParNew: 349335K->40960K(368640K), 0.0686490 secs] 3272099K->3011431K(12541952K), 0.0691030 secs] [Times: user=0.49 sys=0.01, real=0.07 secs] 
2011-03-01T04:02:42.965+0000: 10864.356: [GC 10864.356: [ParNew: 368640K->7774K(368640K), 0.0369860 secs] 3339111K->2984545K(12541952K), 0.0374260 secs] [Times: user=0.24 sys=0.00, real=0.04 secs] 
2011-03-01T04:02:44.182+0000: 10865.573: [GC 10865.573: [ParNew: 335454K->39169K(368640K), 0.0340950 secs] 3312225K->3015939K(12541952K), 0.0345470 secs] [Times: user=0.27 sys=0.02, real=0.04 secs] 
2011-03-01T04:02:45.760+0000: 10867.151: [GC 10867.151: [ParNew: 366849K->26330K(368640K), 0.0441720 secs] 3343619K->3016608K(12541952K), 0.0446280 secs] [Times: user=0.33 sys=0.00, real=0.05 secs] 
2011-03-01T04:02:47.157+0000: 10868.549: [GC 10868.549: [ParNew: 354010K->40960K(368640K), 0.0357040 secs] 3344288K->3031237K(12541952K), 0.0361770 secs] [Times: user=0.27 sys=0.00, real=0.04 secs] 
2011-03-01T04:02:48.446+0000: 10869.837: [GC 10869.837: [ParNew: 368640K->11722K(368640K), 0.0425900 secs] 3358917K->3020077K(12541952K), 0.0430470 secs] [Times: user=0.31 sys=0.00, real=0.04 secs] 
2011-03-01T04:02:50.605+0000: 10871.996: [GC 10871.996: [ParNew: 339402K->37765K(368640K), 0.0283780 secs] 3347757K->3046120K(12541952K), 0.0288340 secs] [Times: user=0.18 sys=0.00, real=0.03 secs] 
2011-03-01T04:02:53.114+0000: 10874.505: [GC 10874.505: [ParNew: 365445K->13571K(368640K), 0.0359950 secs] 3373800K->3037249K(12541952K), 0.0363880 secs] [Times: user=0.24 sys=0.00, real=0.03 secs] 
2011-03-01T04:02:54.776+0000: 10876.167: [GC 10876.167: [ParNew: 341251K->25478K(368640K), 0.0251710 secs] 3364929K->3049156K(12541952K), 0.0255200 secs] [Times: user=0.16 sys=0.00, real=0.02 secs] 
2011-03-01T04:02:55.477+0000: 10876.868: [GC 10876.868: [ParNew: 353121K->24484K(368640K), 0.0279770 secs] 3376799K->3052505K(12541952K), 0.0283310 secs] [Times: user=0.20 sys=0.00, real=0.03 secs] 
2011-03-01T04:02:56.035+0000: 10877.426: [GC 10877.427: [ParNew: 352152K->40960K(368640K), 0.0281010 secs] 3380173K->3070085K(12541952K), 0.0284490 secs] [Times: user=0.19 sys=0.00, real=0.03 secs] 
2011-03-01T04:02:56.688+0000: 10878.079: [GC 10878.079: [ParNew: 368636K->22680K(368640K), 0.0407010 secs] 3397762K->3060420K(12541952K), 0.0410530 secs] [Times: user=0.27 sys=0.00, real=0.04 secs] 
2011-03-01T04:02:57.580+0000: 10878.971: [GC 10878.972: [ParNew: 350360K->40153K(368640K), 0.0324040 secs] 3388100K->3077893K(12541952K), 0.0328760 secs] [Times: user=0.24 sys=0.00, real=0.04 secs] 
2011-03-01T04:02:58.465+0000: 10879.856: [GC 10879.856: [ParNew: 367833K->33501K(368640K), 0.0424960 secs] 3405573K->3078849K(12541952K), 0.0429650 secs] [Times: user=0.33 sys=0.00, real=0.04 secs] 
2011-03-01T04:02:59.102+0000: 10880.493: [GC 10880.494: [ParNew: 361181K->29590K(368640K), 0.0377600 secs] 3406529K->3080749K(12541952K), 0.0382310 secs] [Times: user=0.29 sys=0.01, real=0.03 secs] 
2011-03-01T04:02:59.776+0000: 10881.167: [GC 10881.167: [ParNew: 357270K->20032K(368640K), 0.0343150 secs] 3408429K->3078260K(12541952K), 0.0347810 secs] [Times: user=0.24 sys=0.00, real=0.03 secs] 
2011-03-01T04:03:00.372+0000: 10881.763: [GC 10881.763: [ParNew: 347712K->38927K(368640K), 0.0351300 secs] 3405940K->3097154K(12541952K), 0.0355980 secs] [Times: user=0.31 sys=0.00, real=0.04 secs] 
2011-03-01T04:03:00.931+0000: 10882.322: [GC 10882.322: [ParNew: 366607K->14453K(368640K), 0.0445120 secs] 3424834K->3089774K(12541952K), 0.0449800 secs] [Times: user=0.33 sys=0.00, real=0.05 secs] 
2011-03-01T04:03:02.551+0000: 10883.943: [GC 10883.943: [ParNew: 342133K->37296K(368640K), 0.0330630 secs] 3417454K->3112618K(12541952K), 0.0335340 secs] [Times: user=0.29 sys=0.00, real=0.04 secs] 
2011-03-01T04:03:04.501+0000: 10885.893: [GC 10885.893: [ParNew: 364976K->12692K(368640K), 0.0417870 secs] 3440298K->3103056K(12541952K), 0.0422470 secs] [Times: user=0.33 sys=0.00, real=0.05 secs] 
2011-03-01T04:03:06.504+0000: 10887.895: [GC 10887.895: [ParNew: 340372K->33668K(368640K), 0.0328960 secs] 3430736K->3124032K(12541952K), 0.0333820 secs] [Times: user=0.27 sys=0.00, real=0.03 secs] 
2011-03-01T04:03:08.820+0000: 10890.211: [GC 10890.211: [ParNew: 361348K->23385K(368640K), 0.0457010 secs] 3451712K->3127648K(12541952K), 0.0461650 secs] [Times: user=0.34 sys=0.00, real=0.05 secs] 
2011-03-01T04:03:10.608+0000: 10891.999: [GC 10891.999: [ParNew: 351065K->34361K(368640K), 0.0338360 secs] 3455328K->3138623K(12541952K), 0.0342760 secs] [Times: user=0.23 sys=0.00, real=0.04 secs] 
2011-03-01T04:03:12.281+0000: 10893.673: [GC 10893.673: [ParNew: 362041K->40960K(368640K), 0.0415140 secs] 3466303K->3157666K(12541952K), 0.0419050 secs] [Times: user=0.32 sys=0.00, real=0.05 secs] 
2011-03-01T04:03:14.605+0000: 10895.996: [GC 10895.996: [ParNew: 368640K->40960K(368640K), 0.0418650 secs] 3485346K->3164578K(12541952K), 0.0421960 secs] [Times: user=0.32 sys=0.00, real=0.04 secs] 
2011-03-01T04:03:16.887+0000: 10898.278: [GC 10898.278: [ParNew: 368640K->40382K(368640K), 0.0471680 secs] 3492258K->3179520K(12541952K), 0.0475010 secs] [Times: user=0.32 sys=0.00, real=0.05 secs] 
2011-03-01T04:03:18.615+0000: 10900.006: [GC 10900.007: [ParNew: 368062K->9670K(368640K), 0.0385270 secs] 3507200K->3157415K(12541952K), 0.0388590 secs] [Times: user=0.24 sys=0.00, real=0.04 secs] 
2011-03-01T04:03:19.633+0000: 10901.025: [GC 10901.025: [ParNew: 337350K->29238K(368640K), 0.0359320 secs] 3485095K->3176984K(12541952K), 0.0363880 secs] [Times: user=0.27 sys=0.01, real=0.03 secs] 
2011-03-01T04:03:21.189+0000: 10902.580: [GC 10902.580: [ParNew: 356918K->22254K(368640K), 0.0466060 secs] 3504664K->3185416K(12541952K), 0.0470670 secs] [Times: user=0.34 sys=0.00, real=0.05 secs] 
2011-03-01T04:03:22.364+0000: 10903.755: [GC 10903.756: [ParNew: 349934K->40960K(368640K), 0.0349030 secs] 3513096K->3204187K(12541952K), 0.0353720 secs] [Times: user=0.27 sys=0.00, real=0.03 secs] 
2011-03-01T04:03:23.628+0000: 10905.019: [GC 10905.020: [ParNew: 368640K->28568K(368640K), 0.0458690 secs] 3531867K->3208453K(12541952K), 0.0463320 secs] [Times: user=0.33 sys=0.00, real=0.05 secs] 
2011-03-01T04:03:24.913+0000: 10906.304: [GC 10906.305: [ParNew: 358315K->38209K(368640K), 0.0651720 secs] 3554584K->3257933K(12541952K), 0.0656270 secs] [Times: user=0.48 sys=0.00, real=0.06 secs] 
2011-03-01T04:03:26.059+0000: 10907.450: [GC 10907.450: [ParNew: 365889K->28921K(368640K), 0.0396880 secs] 3585613K->3261650K(12541952K), 0.0401720 secs] [Times: user=0.32 sys=0.01, real=0.04 secs] 
2011-03-01T04:03:28.077+0000: 10909.468: [GC 10909.468: [ParNew: 356616K->40960K(368640K), 0.0394760 secs] 3589345K->3287586K(12541952K), 0.0398700 secs] [Times: user=0.31 sys=0.00, real=0.04 secs] 
2011-03-01T04:03:30.414+0000: 10911.805: [GC 10911.805: [ParNew: 368640K->24585K(368640K), 0.0396050 secs] 3615266K->3280220K(12541952K), 0.0399430 secs] [Times: user=0.25 sys=0.01, real=0.04 secs] 
2011-03-01T04:03:31.654+0000: 10913.045: [GC 10913.045: [ParNew: 352265K->26000K(368640K), 0.0305970 secs] 3607900K->3288619K(12541952K), 0.0309310 secs] [Times: user=0.20 sys=0.00, real=0.03 secs] 
2011-03-01T04:03:32.932+0000: 10914.323: [GC 10914.323: [ParNew: 353680K->17186K(368640K), 0.0395620 secs] 3616299K->3288705K(12541952K), 0.0398980 secs] [Times: user=0.26 sys=0.00, real=0.04 secs] 
2011-03-01T04:03:34.211+0000: 10915.602: [GC 10915.603: [ParNew: 344866K->40960K(368640K), 0.0380000 secs] 3616385K->3313190K(12541952K), 0.0383380 secs] [Times: user=0.29 sys=0.01, real=0.04 secs] 
2011-03-01T04:03:35.190+0000: 10916.581: [GC 10916.581: [ParNew: 368640K->40960K(368640K), 0.0514220 secs] 3640870K->3329394K(12541952K), 0.0518400 secs] [Times: user=0.40 sys=0.00, real=0.06 secs] 
2011-03-01T04:03:35.587+0000: 10916.978: [GC 10916.978: [ParNew: 368640K->35908K(368640K), 0.0523520 secs] 3657074K->3340430K(12541952K), 0.0528080 secs] [Times: user=0.37 sys=0.00, real=0.05 secs] 
2011-03-01T04:03:36.069+0000: 10917.460: [GC 10917.461: [ParNew: 363588K->28014K(368640K), 0.0443380 secs] 3668110K->3343383K(12541952K), 0.0447880 secs] [Times: user=0.32 sys=0.00, real=0.05 secs] 
2011-03-01T04:03:36.364+0000: 10917.755: [GC 10917.755: [ParNew: 355694K->35911K(368640K), 0.0427570 secs] 3671063K->3361956K(12541952K), 0.0432190 secs] [Times: user=0.32 sys=0.00, real=0.04 secs] 
2011-03-01T04:03:36.679+0000: 10918.070: [GC 10918.070: [ParNew: 363591K->33438K(368640K), 0.0490370 secs] 3689636K->3370411K(12541952K), 0.0494330 secs] [Times: user=0.35 sys=0.00, real=0.05 secs] 
2011-03-01T04:03:37.075+0000: 10918.466: [GC 10918.466: [ParNew: 361118K->24364K(368640K), 0.0563010 secs] 3698091K->3372662K(12541952K), 0.0566390 secs] [Times: user=0.35 sys=0.01, real=0.05 secs] 
2011-03-01T04:03:37.438+0000: 10918.829: [GC 10918.829: [ParNew: 352044K->40960K(368640K), 0.0775550 secs] 3700342K->3408493K(12541952K), 0.0779380 secs] [Times: user=0.50 sys=0.01, real=0.08 secs] 
2011-03-01T04:03:37.894+0000: 10919.286: [GC 10919.286: [ParNew: 368640K->40960K(368640K), 0.0661640 secs] 3736173K->3428380K(12541952K), 0.0665140 secs] [Times: user=0.47 sys=0.00, real=0.06 secs] 
2011-03-01T04:03:38.184+0000: 10919.575: [GC 10919.576: [ParNew: 368640K->40960K(368640K), 0.0530430 secs] 3756060K->3443919K(12541952K), 0.0533770 secs] [Times: user=0.38 sys=0.01, real=0.05 secs] 
2011-03-01T04:03:38.744+0000: 10920.135: [GC 10920.136: [ParNew: 368640K->40783K(368640K), 0.0424850 secs] 3771643K->3454050K(12541952K), 0.0428240 secs] [Times: user=0.31 sys=0.00, real=0.04 secs] 
2011-03-01T04:03:38.790+0000: 10920.181: [GC 10920.181: [ParNew: 40923K->14487K(368640K), 0.0310940 secs] 3454190K->3443476K(12541952K), 0.0313710 secs] [Times: user=0.24 sys=0.00, real=0.03 secs] 
2011-03-01T04:03:39.586+0000: 10920.978: [GC 10920.978: [ParNew: 342167K->22324K(368640K), 0.0279050 secs] 3771156K->3451313K(12541952K), 0.0282430 secs] [Times: user=0.21 sys=0.00, real=0.03 secs] 
2011-03-01T04:03:40.714+0000: 10922.105: [GC 10922.105: [ParNew: 350004K->40960K(368640K), 0.0422020 secs] 3778993K->3477358K(12541952K), 0.0425410 secs] [Times: user=0.30 sys=0.00, real=0.04 secs] 
2011-03-01T04:03:42.081+0000: 10923.472: [GC 10923.472: [ParNew: 368640K->30212K(368640K), 0.0392860 secs] 3805038K->3478525K(12541952K), 0.0396990 secs] [Times: user=0.31 sys=0.00, real=0.04 secs] 
2011-03-01T04:03:43.299+0000: 10924.690: [GC 10924.690: [ParNew: 357892K->21382K(368640K), 0.0369970 secs] 3806205K->3478653K(12541952K), 0.0373340 secs] [Times: user=0.29 sys=0.00, real=0.04 secs] 
2011-03-01T04:03:44.875+0000: 10926.267: [GC 10926.267: [ParNew: 349062K->40960K(368640K), 0.0397700 secs] 3806333K->3505698K(12541952K), 0.0401130 secs] [Times: user=0.26 sys=0.00, real=0.04 secs] 
2011-03-01T04:03:46.003+0000: 10927.394: [GC 10927.394: [ParNew: 368640K->12520K(368640K), 0.0388290 secs] 3833378K->3491152K(12541952K), 0.0457170 secs] [Times: user=0.33 sys=0.00, real=0.04 secs] 
2011-03-01T04:03:47.472+0000: 10928.864: [GC 10928.864: [ParNew: 340200K->40960K(368640K), 0.0387100 secs] 3818832K->3523691K(12541952K), 0.0391880 secs] [Times: user=0.31 sys=0.00, real=0.03 secs] 
2011-03-01T04:03:48.738+0000: 10930.129: [GC 10930.129: [ParNew: 368640K->11766K(368640K), 0.0380410 secs] 3851371K->3510263K(12541952K), 0.0384970 secs] [Times: user=0.27 sys=0.00, real=0.04 secs] 
2011-03-01T04:03:50.408+0000: 10931.799: [GC 10931.799: [ParNew: 283638K->40958K(368640K), 0.0326270 secs] 3782135K->3539580K(12541952K), 0.0330850 secs] [Times: user=0.24 sys=0.00, real=0.03 secs] 
2011-03-01T04:03:51.157+0000: 10932.548: [GC 10932.549: [ParNew: 368638K->10401K(368640K), 0.0559830 secs] 3867260K->3602577K(12541952K), 0.0604850 secs] [Times: user=0.43 sys=0.00, real=0.06 secs] 
2011-03-01T04:03:51.955+0000: 10933.346: [GC 10933.346: [ParNew: 338081K->9995K(368640K), 0.0401360 secs] 3930257K->3602171K(12541952K), 0.0405890 secs] [Times: user=0.30 sys=0.01, real=0.04 secs] 
2011-03-01T04:03:52.694+0000: 10934.085: [GC 10934.085: [ParNew: 337675K->15876K(368640K), 0.0401820 secs] 3929851K->3608052K(12541952K), 0.0406330 secs] [Times: user=0.30 sys=0.00, real=0.04 secs] 
2011-03-01T04:03:53.418+0000: 10934.809: [GC 10934.809: [ParNew: 343556K->35032K(368640K), 0.0457400 secs] 3935732K->3627209K(12541952K), 0.0460780 secs] [Times: user=0.37 sys=0.00, real=0.05 secs] 
2011-03-01T04:03:54.155+0000: 10935.546: [GC 10935.547: [ParNew: 362712K->36307K(368640K), 0.0546820 secs] 3954889K->3636409K(12541952K), 0.0550210 secs] [Times: user=0.40 sys=0.00, real=0.05 secs] 
2011-03-01T04:03:54.715+0000: 10936.106: [GC 10936.107: [ParNew: 363987K->12424K(368640K), 0.0469390 secs] 3964089K->3622399K(12541952K), 0.0472880 secs] [Times: user=0.32 sys=0.01, real=0.05 secs] 
2011-03-01T04:03:55.637+0000: 10937.028: [GC 10937.028: [ParNew: 340104K->23396K(368640K), 0.0382880 secs] 3950079K->3633371K(12541952K), 0.0386690 secs] [Times: user=0.31 sys=0.00, real=0.04 secs] 
2011-03-01T04:03:56.168+0000: 10937.559: [GC 10937.560: [ParNew: 351076K->34342K(368640K), 0.0407780 secs] 3961051K->3644317K(12541952K), 0.0451960 secs] [Times: user=0.31 sys=0.04, real=0.05 secs] 
2011-03-01T04:03:56.760+0000: 10938.151: [GC 10938.151: [ParNew: 362022K->38387K(368640K), 0.0517220 secs] 3971997K->3670333K(12541952K), 0.0520720 secs] [Times: user=0.40 sys=0.00, real=0.06 secs] 
2011-03-01T04:03:57.322+0000: 10938.713: [GC 10938.713: [ParNew: 366067K->33018K(368640K), 0.0507370 secs] 3998013K->3677720K(12541952K), 0.0510950 secs] [Times: user=0.36 sys=0.00, real=0.06 secs] 
2011-03-01T04:03:58.023+0000: 10939.414: [GC 10939.414: [ParNew: 360698K->26917K(368640K), 0.0350100 secs] 4005400K->3681447K(12541952K), 0.0353650 secs] [Times: user=0.26 sys=0.00, real=0.03 secs] 
2011-03-01T04:03:58.679+0000: 10940.070: [GC 10940.070: [ParNew: 354597K->25992K(368640K), 0.0347980 secs] 4009127K->3686148K(12541952K), 0.0351490 secs] [Times: user=0.24 sys=0.00, real=0.04 secs] 
2011-03-01T04:03:59.424+0000: 10940.815: [GC 10940.815: [ParNew: 353672K->24043K(368640K), 0.0363640 secs] 4013828K->3690199K(12541952K), 0.0367150 secs] [Times: user=0.25 sys=0.00, real=0.03 secs] 
2011-03-01T04:04:00.301+0000: 10941.693: [GC 10941.693: [ParNew: 351723K->40958K(368640K), 0.0407230 secs] 4017879K->3711052K(12541952K), 0.0410760 secs] [Times: user=0.32 sys=0.00, real=0.05 secs] 
2011-03-01T04:04:01.045+0000: 10942.436: [GC 10942.437: [ParNew: 368638K->24213K(368640K), 0.0511380 secs] 4038732K->3717404K(12541952K), 0.0514860 secs] [Times: user=0.33 sys=0.00, real=0.05 secs] 
2011-03-01T04:04:02.824+0000: 10944.216: [GC 10944.216: [ParNew: 351893K->18818K(368640K), 0.0397350 secs] 4045084K->3722960K(12541952K), 0.0400860 secs] [Times: user=0.25 sys=0.00, real=0.04 secs] 
2011-03-01T04:04:03.835+0000: 10945.226: [GC 10945.226: [ParNew: 346467K->23786K(368640K), 0.0292820 secs] 4050609K->3727928K(12541952K), 0.0296420 secs] [Times: user=0.22 sys=0.00, real=0.03 secs] 
2011-03-01T04:04:05.035+0000: 10946.427: [GC 10946.427: [ParNew: 351419K->30827K(368640K), 0.0329920 secs] 4055561K->3734970K(12541952K), 0.0333450 secs] [Times: user=0.24 sys=0.00, real=0.03 secs] 
2011-03-01T04:04:07.228+0000: 10948.620: [GC 10948.620: [ParNew: 358543K->37772K(368640K), 0.0415860 secs] 4062685K->3749590K(12541952K), 0.0549100 secs] [Times: user=0.31 sys=0.00, real=0.06 secs] 
2011-03-01T04:04:07.287+0000: 10948.678: [GC 10948.678: [ParNew: 38280K->13267K(368640K), 0.0403650 secs] 3750098K->3744909K(12541952K), 0.0407620 secs] [Times: user=0.29 sys=0.01, real=0.04 secs] 
2011-03-01T04:04:09.108+0000: 10950.499: [GC 10950.499: [ParNew: 340947K->20616K(368640K), 0.0292410 secs] 4072589K->3752258K(12541952K), 0.0297050 secs] [Times: user=0.24 sys=0.00, real=0.03 secs] 
2011-03-01T04:04:11.477+0000: 10952.869: [GC 10952.869: [ParNew: 348296K->38211K(368640K), 0.0358320 secs] 4079938K->3769853K(12541952K), 0.0362980 secs] [Times: user=0.27 sys=0.00, real=0.04 secs] 
2011-03-01T04:04:13.605+0000: 10954.996: [GC 10954.996: [ParNew: 365891K->40960K(368640K), 0.0468870 secs] 4097533K->3780788K(12541952K), 0.0473560 secs] [Times: user=0.32 sys=0.00, real=0.05 secs] 
2011-03-01T04:04:15.110+0000: 10956.501: [GC 10956.501: [ParNew: 368640K->30054K(368640K), 0.0428140 secs] 4108468K->3780529K(12541952K), 0.0432820 secs] [Times: user=0.33 sys=0.00, real=0.05 secs] 
2011-03-01T04:04:17.036+0000: 10958.427: [GC 10958.427: [ParNew: 357734K->30498K(368640K), 0.0419940 secs] 4108209K->3788866K(12541952K), 0.0424580 secs] [Times: user=0.33 sys=0.00, real=0.04 secs] 
2011-03-01T04:04:18.963+0000: 10960.354: [GC 10960.355: [ParNew: 358178K->40960K(368640K), 0.0499840 secs] 4116546K->3811845K(12541952K), 0.0504330 secs] [Times: user=0.37 sys=0.00, real=0.05 secs] 
2011-03-01T04:04:20.351+0000: 10961.743: [GC 10961.743: [ParNew: 368640K->17816K(368640K), 0.0497750 secs] 4139525K->3806727K(12541952K), 0.0502170 secs] [Times: user=0.40 sys=0.00, real=0.05 secs] 
2011-03-01T04:04:21.557+0000: 10962.948: [GC 10962.948: [ParNew: 345496K->40960K(368640K), 0.0416630 secs] 4134407K->3835452K(12541952K), 0.0421210 secs] [Times: user=0.32 sys=0.00, real=0.04 secs] 
2011-03-01T04:04:23.040+0000: 10964.431: [GC 10964.431: [ParNew: 368640K->21128K(368640K), 0.0458810 secs] 4163132K->3833027K(12541952K), 0.0464010 secs] [Times: user=0.33 sys=0.00, real=0.05 secs] 
2011-03-01T04:04:24.516+0000: 10965.908: [GC 10965.908: [ParNew: 348808K->40960K(368640K), 0.0395210 secs] 4160707K->3854384K(12541952K), 0.0399510 secs] [Times: user=0.32 sys=0.00, real=0.04 secs] 
2011-03-01T04:04:25.696+0000: 10967.087: [GC 10967.087: [ParNew: 368640K->40752K(368640K), 0.0515800 secs] 4182064K->3874335K(12541952K), 0.0520290 secs] [Times: user=0.35 sys=0.00, real=0.05 secs] 
2011-03-01T04:04:26.745+0000: 10968.136: [GC 10968.136: [ParNew: 368432K->29360K(368640K), 0.0514860 secs] 4202015K->3939668K(12541952K), 0.0519420 secs] [Times: user=0.37 sys=0.00, real=0.05 secs] 
2011-03-01T04:04:27.493+0000: 10968.884: [GC 10968.885: [ParNew: 357040K->8827K(368640K), 0.0414590 secs] 4267348K->3937755K(12541952K), 0.0419130 secs] [Times: user=0.28 sys=0.00, real=0.04 secs] 
2011-03-01T04:04:28.321+0000: 10969.712: [GC 10969.713: [ParNew: 336507K->19701K(368640K), 0.0387770 secs] 4265435K->3948629K(12541952K), 0.0392260 secs] [Times: user=0.32 sys=0.00, real=0.04 secs] 
2011-03-01T04:04:29.154+0000: 10970.545: [GC 10970.546: [ParNew: 347381K->31412K(368640K), 0.0452100 secs] 4276309K->3960340K(12541952K), 0.0456660 secs] [Times: user=0.33 sys=0.00, real=0.04 secs] 
2011-03-01T04:04:29.970+0000: 10971.361: [GC 10971.362: [ParNew: 359092K->18270K(368640K), 0.0651990 secs] 4288020K->3958973K(12541952K), 0.0656600 secs] [Times: user=0.49 sys=0.00, real=0.07 secs] 
2011-03-01T04:04:30.747+0000: 10972.138: [GC 10972.138: [ParNew: 345950K->36421K(368640K), 0.0480380 secs] 4286653K->3977124K(12541952K), 0.0484930 secs] [Times: user=0.37 sys=0.00, real=0.05 secs] 
2011-03-01T04:04:32.124+0000: 10973.515: [GC 10973.515: [ParNew: 364101K->40960K(368640K), 0.0608000 secs] 4304804K->3992200K(12541952K), 0.0612580 secs] [Times: user=0.41 sys=0.00, real=0.06 secs] 
2011-03-01T04:04:33.567+0000: 10974.958: [GC 10974.958: [ParNew: 368640K->22917K(368640K), 0.0608870 secs] 4319880K->3996901K(12541952K), 0.0613460 secs] [Times: user=0.41 sys=0.00, real=0.06 secs] 
2011-03-01T04:04:34.998+0000: 10976.389: [GC 10976.389: [ParNew: 350597K->23454K(368640K), 0.0527860 secs] 4324581K->4012172K(12541952K), 0.0532410 secs] [Times: user=0.38 sys=0.01, real=0.05 secs] 
2011-03-01T04:04:35.514+0000: 10976.906: [GC 10976.906: [ParNew: 351134K->29024K(368640K), 0.0500120 secs] 4339852K->4032442K(12541952K), 0.0504690 secs] [Times: user=0.34 sys=0.00, real=0.05 secs] 
2011-03-01T04:04:35.830+0000: 10977.221: [GC 10977.221: [ParNew: 356704K->37247K(368640K), 0.0614090 secs] 4360122K->4120554K(12541952K), 0.0618680 secs] [Times: user=0.47 sys=0.01, real=0.06 secs] 
2011-03-01T04:04:36.192+0000: 10977.583: [GC 10977.583: [ParNew: 364927K->40960K(368640K), 0.0699500 secs] 4448234K->4149444K(12541952K), 0.0704130 secs] [Times: user=0.49 sys=0.02, real=0.08 secs] 
2011-03-01T04:04:36.477+0000: 10977.868: [GC 10977.869: [ParNew: 368640K->40960K(368640K), 0.0541760 secs] 4477124K->4163727K(12541952K), 0.0546360 secs] [Times: user=0.38 sys=0.01, real=0.05 secs] 
2011-03-01T04:04:36.733+0000: 10978.124: [GC 10978.125: [ParNew: 368640K->40960K(368640K), 0.0706910 secs] 4491407K->4197019K(12541952K), 0.0711540 secs] [Times: user=0.51 sys=0.00, real=0.07 secs] 
2011-03-01T04:04:37.054+0000: 10978.445: [GC 10978.445: [ParNew: 368640K->40960K(368640K), 0.0495460 secs] 4524699K->4215400K(12541952K), 0.0500070 secs] [Times: user=0.35 sys=0.01, real=0.05 secs] 
2011-03-01T04:04:37.364+0000: 10978.755: [GC 10978.756: [ParNew: 368640K->40960K(368640K), 0.0594270 secs] 4543080K->4230968K(12541952K), 0.0598930 secs] [Times: user=0.41 sys=0.00, real=0.06 secs] 
2011-03-01T04:04:37.673+0000: 10979.064: [GC 10979.065: [ParNew: 368640K->40960K(368640K), 0.0676370 secs] 4558648K->4257245K(12541952K), 0.0680990 secs] [Times: user=0.49 sys=0.01, real=0.06 secs] 
2011-03-01T04:04:38.103+0000: 10979.494: [GC 10979.494: [ParNew: 368640K->40960K(368640K), 0.0622340 secs] 4584925K->4274717K(12541952K), 0.0626910 secs] [Times: user=0.44 sys=0.00, real=0.06 secs] 
2011-03-01T04:04:38.405+0000: 10979.796: [GC 10979.796: [ParNew: 368640K->40960K(368640K), 0.0711380 secs] 4602397K->4292714K(12541952K), 0.0716030 secs] [Times: user=0.43 sys=0.00, real=0.07 secs] 
2011-03-01T04:04:38.814+0000: 10980.205: [GC 10980.206: [ParNew: 368640K->39262K(368640K), 0.0611890 secs] 4620394K->4307408K(12541952K), 0.0616510 secs] [Times: user=0.43 sys=0.00, real=0.06 secs] 
2011-03-01T04:04:39.247+0000: 10980.638: [GC 10980.638: [ParNew: 366942K->31792K(368640K), 0.0612510 secs] 4635088K->4315835K(12541952K), 0.0617390 secs] [Times: user=0.41 sys=0.00, real=0.06 secs] 
2011-03-01T04:04:39.770+0000: 10981.161: [GC 10981.161: [ParNew: 359472K->24761K(368640K), 0.0537710 secs] 4643515K->4322693K(12541952K), 0.0542310 secs] [Times: user=0.40 sys=0.00, real=0.06 secs] 
2011-03-01T04:04:40.321+0000: 10981.712: [GC 10981.712: [ParNew: 352441K->40960K(368640K), 0.0453660 secs] 4650373K->4338951K(12541952K), 0.0458240 secs] [Times: user=0.40 sys=0.00, real=0.05 secs] 
2011-03-01T04:04:41.046+0000: 10982.437: [GC 10982.438: [ParNew: 368640K->16314K(368640K), 0.0602090 secs] 4666631K->4339297K(12541952K), 0.0606700 secs] [Times: user=0.41 sys=0.00, real=0.06 secs] 
2011-03-01T04:04:42.096+0000: 10983.487: [GC 10983.487: [ParNew: 288652K->37910K(368640K), 0.0350360 secs] 4611635K->4360893K(12541952K), 0.0354950 secs] [Times: user=0.24 sys=0.00, real=0.03 secs] 
2011-03-01T04:04:42.692+0000: 10984.083: [GC 10984.084: [ParNew: 365590K->17430K(368640K), 0.0629770 secs] 4688573K->4439965K(12541952K), 0.0634310 secs] [Times: user=0.45 sys=0.00, real=0.06 secs] 
2011-03-01T04:04:43.404+0000: 10984.795: [GC 10984.796: [ParNew: 345110K->40960K(368640K), 0.0505870 secs] 4767645K->4467955K(12541952K), 0.0510540 secs] [Times: user=0.37 sys=0.00, real=0.05 secs] 
2011-03-01T04:04:44.140+0000: 10985.532: [GC 10985.532: [ParNew: 368640K->21739K(368640K), 0.0403990 secs] 4795691K->4467059K(12541952K), 0.0408600 secs] [Times: user=0.32 sys=0.00, real=0.04 secs] 
2011-03-01T04:04:44.185+0000: 10985.576: [GC 10985.576: [ParNew: 21902K->17467K(368640K), 0.0242520 secs] 4467222K->4462787K(12541952K), 0.0246320 secs] [Times: user=0.16 sys=0.00, real=0.02 secs] 
2011-03-01T04:04:44.877+0000: 10986.268: [GC 10986.269: [ParNew: 345147K->20220K(368640K), 0.0404700 secs] 4790467K->4465541K(12541952K), 0.0409270 secs] [Times: user=0.32 sys=0.00, real=0.04 secs] 
2011-03-01T04:04:45.529+0000: 10986.921: [GC 10986.921: [ParNew: 347900K->30920K(368640K), 0.0413740 secs] 4793221K->4476240K(12541952K), 0.0418280 secs] [Times: user=0.31 sys=0.01, real=0.04 secs] 
2011-03-01T04:04:46.209+0000: 10987.600: [GC 10987.600: [ParNew: 358600K->37378K(368640K), 0.0532780 secs] 4803920K->4489535K(12541952K), 0.0537390 secs] [Times: user=0.39 sys=0.00, real=0.06 secs] 
2011-03-01T04:04:46.949+0000: 10988.340: [GC 10988.340: [ParNew: 365058K->25235K(368640K), 0.0584900 secs] 4817215K->4504639K(12541952K), 0.0589540 secs] [Times: user=0.41 sys=0.00, real=0.06 secs] 
2011-03-01T04:04:47.664+0000: 10989.055: [GC 10989.055: [ParNew: 352915K->24721K(368640K), 0.0377760 secs] 4832319K->4504125K(12541952K), 0.0382410 secs] [Times: user=0.25 sys=0.00, real=0.04 secs] 
2011-03-01T04:04:48.407+0000: 10989.799: [GC 10989.799: [ParNew: 352401K->35609K(368640K), 0.0432020 secs] 4831805K->4515013K(12541952K), 0.0436640 secs] [Times: user=0.32 sys=0.00, real=0.04 secs] 
2011-03-01T04:04:49.293+0000: 10990.684: [GC 10990.684: [ParNew: 363289K->26738K(368640K), 0.0603630 secs] 4842693K->4529743K(12541952K), 0.0608200 secs] [Times: user=0.42 sys=0.01, real=0.06 secs] 
2011-03-01T04:04:50.179+0000: 10991.570: [GC 10991.571: [ParNew: 354418K->37942K(368640K), 0.0373180 secs] 4857423K->4540947K(12541952K), 0.0377750 secs] [Times: user=0.32 sys=0.00, real=0.04 secs] 
2011-03-01T04:04:51.102+0000: 10992.493: [GC 10992.494: [ParNew: 365622K->15998K(368640K), 0.0446820 secs] 4868627K->4528386K(12541952K), 0.0451410 secs] [Times: user=0.37 sys=0.00, real=0.04 secs] 
2011-03-01T04:04:52.107+0000: 10993.499: [GC 10993.499: [ParNew: 343678K->18566K(368640K), 0.0347340 secs] 4856066K->4530954K(12541952K), 0.0351860 secs] [Times: user=0.24 sys=0.00, real=0.04 secs] 
2011-03-01T04:04:53.059+0000: 10994.451: [GC 10994.451: [ParNew: 346246K->37328K(368640K), 0.0447570 secs] 4858634K->4549716K(12541952K), 0.0452160 secs] [Times: user=0.36 sys=0.00, real=0.05 secs] 
2011-03-01T04:04:53.610+0000: 10995.001: [GC 10995.001: [ParNew: 365008K->33410K(368640K), 0.0695040 secs] 4877396K->4625616K(12541952K), 0.0699570 secs] [Times: user=0.52 sys=0.01, real=0.07 secs] 
2011-03-01T04:04:54.444+0000: 10995.835: [GC 10995.835: [ParNew: 361090K->21763K(368640K), 0.0347170 secs] 4953296K->4621479K(12541952K), 0.0351920 secs] [Times: user=0.24 sys=0.00, real=0.03 secs] 
2011-03-01T04:04:54.987+0000: 10996.378: [GC 10996.379: [ParNew: 349443K->33200K(368640K), 0.0331860 secs] 4949159K->4632916K(12541952K), 0.0336560 secs] [Times: user=0.24 sys=0.00, real=0.03 secs] 
2011-03-01T04:04:55.489+0000: 10996.880: [GC 10996.881: [ParNew: 360849K->12182K(368640K), 0.0376310 secs] 4960565K->4624643K(12541952K), 0.0381020 secs] [Times: user=0.31 sys=0.00, real=0.04 secs] 
2011-03-01T04:04:55.929+0000: 10997.320: [GC 10997.321: [ParNew: 339862K->14750K(368640K), 0.0323040 secs] 4952323K->4627211K(12541952K), 0.0327750 secs] [Times: user=0.24 sys=0.00, real=0.04 secs] 
2011-03-01T04:04:56.349+0000: 10997.740: [GC 10997.741: [ParNew: 342370K->15357K(368640K), 0.0360180 secs] 4954831K->4627818K(12541952K), 0.0364930 secs] [Times: user=0.32 sys=0.00, real=0.04 secs] 
2011-03-01T04:04:56.777+0000: 10998.168: [GC 10998.168: [ParNew: 343037K->35555K(368640K), 0.0399660 secs] 4955498K->4649750K(12541952K), 0.0404810 secs] [Times: user=0.32 sys=0.00, real=0.04 secs] 
2011-03-01T04:04:57.313+0000: 10998.704: [GC 10998.705: [ParNew: 363235K->22828K(368640K), 0.0451150 secs] 4977430K->4646869K(12541952K), 0.0455920 secs] [Times: user=0.32 sys=0.00, real=0.04 secs] 
2011-03-01T04:04:57.810+0000: 10999.202: [GC 10999.202: [ParNew: 350508K->34512K(368640K), 0.0343600 secs] 4974549K->4658553K(12541952K), 0.0348330 secs] [Times: user=0.29 sys=0.00, real=0.04 secs] 
2011-03-01T04:04:58.293+0000: 10999.684: [GC 10999.684: [ParNew: 362145K->34210K(368640K), 0.0404640 secs] 4986186K->4664779K(12541952K), 0.0409390 secs] [Times: user=0.27 sys=0.00, real=0.04 secs] 
2011-03-01T04:04:58.811+0000: 11000.203: [GC 11000.203: [ParNew: 361841K->17167K(368640K), 0.0455440 secs] 4992410K->4660045K(12541952K), 0.0458920 secs] [Times: user=0.38 sys=0.00, real=0.05 secs] 
2011-03-01T04:04:59.534+0000: 11000.925: [GC 11000.926: [ParNew: 344847K->36558K(368640K), 0.0444010 secs] 4987725K->4679435K(12541952K), 0.0447530 secs] [Times: user=0.32 sys=0.00, real=0.04 secs] 
2011-03-01T04:05:00.244+0000: 11001.635: [GC 11001.635: [ParNew: 364238K->37635K(368640K), 0.0521210 secs] 5007115K->4689135K(12541952K), 0.0524780 secs] [Times: user=0.36 sys=0.01, real=0.05 secs] 
2011-03-01T04:05:00.792+0000: 11002.183: [GC 11002.183: [ParNew: 365315K->26585K(368640K), 0.0545920 secs] 5016815K->4697273K(12541952K), 0.0549470 secs] [Times: user=0.37 sys=0.03, real=0.06 secs] 
2011-03-01T04:05:02.305+0000: 11003.697: [GC 11003.697: [ParNew: 354374K->30024K(368640K), 0.0480930 secs] 5025061K->4712666K(12541952K), 0.0484410 secs] [Times: user=0.32 sys=0.00, real=0.05 secs] 
2011-03-01T04:05:04.645+0000: 11006.037: [GC 11006.037: [ParNew: 357704K->27153K(368640K), 0.0494480 secs] 5040346K->4723566K(12541952K), 0.0497990 secs] [Times: user=0.33 sys=0.00, real=0.05 secs] 
2011-03-01T04:05:06.727+0000: 11008.118: [GC 11008.118: [ParNew: 354833K->17481K(368640K), 0.0489250 secs] 5051246K->4726346K(12541952K), 0.0492740 secs] [Times: user=0.37 sys=0.00, real=0.05 secs] 
2011-03-01T04:05:08.598+0000: 11009.990: [GC 11009.990: [ParNew: 345161K->40790K(368640K), 0.0402440 secs] 5054026K->4749655K(12541952K), 0.0405910 secs] [Times: user=0.31 sys=0.00, real=0.04 secs] 
2011-03-01T04:05:10.453+0000: 11011.845: [GC 11011.845: [ParNew: 368470K->22866K(368640K), 0.0566130 secs] 5077335K->4753061K(12541952K), 0.0628010 secs] [Times: user=0.41 sys=0.01, real=0.07 secs] 
2011-03-01T04:05:12.556+0000: 11013.947: [GC 11013.947: [ParNew: 350546K->39655K(368640K), 0.0407980 secs] 5080741K->4769850K(12541952K), 0.0412660 secs] [Times: user=0.32 sys=0.00, real=0.04 secs] 
2011-03-01T04:05:14.739+0000: 11016.130: [GC 11016.130: [ParNew: 367335K->40960K(368640K), 0.0763920 secs] 5097530K->4799553K(12541952K), 0.0768540 secs] [Times: user=0.58 sys=0.01, real=0.08 secs] 
2011-03-01T04:05:17.108+0000: 11018.499: [GC 11018.499: [ParNew: 368640K->24732K(368640K), 0.0582870 secs] 5127233K->4808618K(12541952K), 0.0587490 secs] [Times: user=0.41 sys=0.00, real=0.06 secs] 
2011-03-01T04:05:18.994+0000: 11020.385: [GC 11020.385: [ParNew: 352412K->21158K(368640K), 0.0472110 secs] 5136298K->4816523K(12541952K), 0.0476730 secs] [Times: user=0.32 sys=0.00, real=0.04 secs] 
2011-03-01T04:05:20.427+0000: 11021.819: [GC 11021.819: [ParNew: 348838K->23284K(368640K), 0.0497260 secs] 5144203K->4833275K(12541952K), 0.0502180 secs] [Times: user=0.38 sys=0.01, real=0.05 secs] 
2011-03-01T04:05:21.530+0000: 11022.922: [GC 11022.922: [ParNew: 350964K->40960K(368640K), 0.0426950 secs] 5160955K->4850950K(12541952K), 0.0431470 secs] [Times: user=0.36 sys=0.00, real=0.05 secs] 
2011-03-01T04:05:23.007+0000: 11024.398: [GC 11024.398: [ParNew: 368640K->34955K(368640K), 0.0653130 secs] 5178630K->4872801K(12541952K), 0.0658030 secs] [Times: user=0.49 sys=0.00, real=0.07 secs] 
2011-03-01T04:05:24.288+0000: 11025.679: [GC 11025.680: [ParNew: 362635K->38046K(368640K), 0.0496320 secs] 5200481K->4888745K(12541952K), 0.0500940 secs] [Times: user=0.38 sys=0.00, real=0.05 secs] 
2011-03-01T04:05:25.746+0000: 11027.137: [GC 11027.137: [ParNew: 365726K->24689K(368640K), 0.0527570 secs] 5216425K->4891773K(12541952K), 0.0532190 secs] [Times: user=0.41 sys=0.00, real=0.05 secs] 
2011-03-01T04:05:27.517+0000: 11028.908: [GC 11028.908: [ParNew: 352369K->28737K(368640K), 0.0484070 secs] 5219453K->4908740K(12541952K), 0.0488460 secs] [Times: user=0.32 sys=0.01, real=0.05 secs] 
2011-03-01T04:05:30.004+0000: 11031.396: [GC 11031.396: [ParNew: 356417K->17644K(368640K), 0.0439280 secs] 5236420K->4912771K(12541952K), 0.0444560 secs] [Times: user=0.33 sys=0.00, real=0.04 secs] 
2011-03-01T04:05:31.487+0000: 11032.878: [GC 11032.879: [ParNew: 345324K->40960K(368640K), 0.0422160 secs] 5240451K->4938843K(12541952K), 0.0425960 secs] [Times: user=0.31 sys=0.00, real=0.04 secs] 
2011-03-01T04:05:32.949+0000: 11034.340: [GC 11034.340: [ParNew: 368640K->17095K(368640K), 0.0462570 secs] 5266523K->4934937K(12541952K), 0.0465990 secs] [Times: user=0.33 sys=0.00, real=0.05 secs] 
2011-03-01T04:05:34.085+0000: 11035.476: [GC 11035.476: [ParNew: 344775K->37405K(368640K), 0.0330260 secs] 5262617K->4955247K(12541952K), 0.0333660 secs] [Times: user=0.24 sys=0.00, real=0.03 secs] 
2011-03-01T04:05:35.295+0000: 11036.686: [GC 11036.687: [ParNew: 365085K->25954K(368640K), 0.0523250 secs] 5282927K->4965520K(12541952K), 0.0526690 secs] [Times: user=0.34 sys=0.00, real=0.05 secs] 
2011-03-01T04:05:35.724+0000: 11037.115: [GC 11037.115: [ParNew: 353634K->40960K(368640K), 0.0500740 secs] 5293200K->4981542K(12541952K), 0.0504140 secs] [Times: user=0.37 sys=0.00, real=0.05 secs] 
2011-03-01T04:05:36.201+0000: 11037.592: [GC 11037.593: [ParNew: 368640K->34562K(368640K), 0.0650000 secs] 5309222K->5001867K(12541952K), 0.0654140 secs] [Times: user=0.44 sys=0.00, real=0.07 secs] 
2011-03-01T04:05:36.734+0000: 11038.125: [GC 11038.125: [ParNew: 362242K->40960K(368640K), 0.0563780 secs] 5329547K->5020577K(12541952K), 0.0568500 secs] [Times: user=0.39 sys=0.01, real=0.06 secs] 
2011-03-01T04:05:37.038+0000: 11038.429: [GC 11038.430: [ParNew: 368640K->40960K(368640K), 0.0727090 secs] 5348257K->5044654K(12541952K), 0.0731970 secs] [Times: user=0.50 sys=0.01, real=0.07 secs] 
2011-03-01T04:05:37.345+0000: 11038.736: [GC 11038.736: [ParNew: 368640K->40960K(368640K), 0.0453400 secs] 5372334K->5053322K(12541952K), 0.0458220 secs] [Times: user=0.32 sys=0.00, real=0.04 secs] 
2011-03-01T04:05:37.676+0000: 11039.067: [GC 11039.067: [ParNew: 368640K->40960K(368640K), 0.0542340 secs] 5381002K->5070418K(12541952K), 0.0546840 secs] [Times: user=0.40 sys=0.00, real=0.05 secs] 
2011-03-01T04:05:37.960+0000: 11039.351: [GC 11039.351: [ParNew: 368640K->40960K(368640K), 0.0651310 secs] 5398098K->5091017K(12541952K), 0.0655890 secs] [Times: user=0.48 sys=0.01, real=0.07 secs] 
2011-03-01T04:05:38.368+0000: 11039.759: [GC 11039.759: [ParNew: 368640K->40960K(368640K), 0.0511890 secs] 5418697K->5109366K(12541952K), 0.0516520 secs] [Times: user=0.40 sys=0.00, real=0.05 secs] 
2011-03-01T04:05:39.173+0000: 11040.564: [GC 11040.564: [ParNew: 368640K->35110K(368640K), 0.0364890 secs] 5437085K->5116101K(12541952K), 0.0368290 secs] [Times: user=0.29 sys=0.01, real=0.04 secs] 
2011-03-01T04:05:39.212+0000: 11040.603: [GC 11040.604: [ParNew: 35149K->33786K(368640K), 0.0282040 secs] 5116140K->5114777K(12541952K), 0.0284880 secs] [Times: user=0.22 sys=0.00, real=0.02 secs] 
2011-03-01T04:05:39.710+0000: 11041.101: [GC 11041.101: [ParNew: 361466K->40960K(368640K), 0.0429700 secs] 5442457K->5132096K(12541952K), 0.0433320 secs] [Times: user=0.32 sys=0.00, real=0.05 secs] 
2011-03-01T04:05:40.754+0000: 11042.145: [GC 11042.145: [ParNew: 368640K->13867K(368640K), 0.0379790 secs] 5459776K->5118582K(12541952K), 0.0383310 secs] [Times: user=0.26 sys=0.00, real=0.04 secs] 
2011-03-01T04:05:42.115+0000: 11043.506: [GC 11043.507: [ParNew: 341547K->40491K(368640K), 0.0348750 secs] 5446262K->5145207K(12541952K), 0.0352160 secs] [Times: user=0.24 sys=0.00, real=0.03 secs] 
2011-03-01T04:05:43.409+0000: 11044.801: [GC 11044.801: [ParNew: 368171K->40960K(368640K), 0.0814570 secs] 5472887K->5190946K(12541952K), 0.0818000 secs] [Times: user=0.63 sys=0.00, real=0.08 secs] 
2011-03-01T04:05:44.857+0000: 11046.249: [GC 11046.249: [ParNew: 368640K->32768K(368640K), 0.0368340 secs] 5518626K->5186930K(12541952K), 0.0371740 secs] [Times: user=0.26 sys=0.00, real=0.04 secs] 
2011-03-01T04:05:46.049+0000: 11047.440: [GC 11047.441: [ParNew: 360448K->7899K(368640K), 0.0353740 secs] 5514610K->5173354K(12541952K), 0.0357140 secs] [Times: user=0.26 sys=0.00, real=0.04 secs] 
2011-03-01T04:05:47.486+0000: 11048.877: [GC 11048.877: [ParNew: 335579K->40960K(368640K), 0.0293940 secs] 5501034K->5207146K(12541952K), 0.0297350 secs] [Times: user=0.23 sys=0.00, real=0.03 secs] 
2011-03-01T04:05:49.313+0000: 11050.704: [GC 11050.705: [ParNew: 368640K->24368K(368640K), 0.0390080 secs] 5534826K->5209437K(12541952K), 0.0393720 secs] [Times: user=0.27 sys=0.00, real=0.04 secs] 
2011-03-01T04:05:51.541+0000: 11052.932: [GC 11052.932: [ParNew: 352048K->31146K(368640K), 0.0293460 secs] 5537117K->5216215K(12541952K), 0.0298380 secs] [Times: user=0.24 sys=0.00, real=0.03 secs] 
2011-03-01T04:05:53.886+0000: 11055.277: [GC 11055.277: [ParNew: 358826K->30899K(368640K), 0.0354290 secs] 5543895K->5224998K(12541952K), 0.0359560 secs] [Times: user=0.24 sys=0.00, real=0.03 secs] 
2011-03-01T04:05:55.105+0000: 11056.497: [GC 11056.497: [ParNew: 358579K->28235K(368640K), 0.0318090 secs] 5552678K->5228965K(12541952K), 0.0323020 secs] [Times: user=0.24 sys=0.00, real=0.03 secs] 
2011-03-01T04:05:56.052+0000: 11057.443: [GC 11057.443: [ParNew: 355915K->37528K(368640K), 0.0338490 secs] 5556645K->5243409K(12541952K), 0.0343310 secs] [Times: user=0.27 sys=0.00, real=0.04 secs] 
2011-03-01T04:05:56.933+0000: 11058.324: [GC 11058.324: [ParNew: 365180K->18406K(368640K), 0.0317790 secs] 5571062K->5230524K(12541952K), 0.0322600 secs] [Times: user=0.23 sys=0.00, real=0.03 secs] 
2011-03-01T04:05:57.461+0000: 11058.852: [GC 11058.853: [ParNew: 346064K->37681K(368640K), 0.0272080 secs] 5558183K->5249799K(12541952K), 0.0276820 secs] [Times: user=0.22 sys=0.00, real=0.03 secs] 
2011-03-01T04:05:58.098+0000: 11059.489: [GC 11059.489: [ParNew: 365361K->32234K(368640K), 0.0327820 secs] 5577479K->5252849K(12541952K), 0.0331390 secs] [Times: user=0.24 sys=0.00, real=0.03 secs] 
2011-03-01T04:05:58.746+0000: 11060.138: [GC 11060.138: [ParNew: 359914K->20915K(368640K), 0.0285940 secs] 5580529K->5247677K(12541952K), 0.0289460 secs] [Times: user=0.21 sys=0.00, real=0.03 secs] 
2011-03-01T04:05:59.465+0000: 11060.856: [GC 11060.856: [ParNew: 348538K->24682K(368640K), 0.0255940 secs] 5575300K->5251444K(12541952K), 0.0259440 secs] [Times: user=0.16 sys=0.00, real=0.02 secs] 
2011-03-01T04:06:00.155+0000: 11061.546: [GC 11061.547: [ParNew: 352362K->26111K(368640K), 0.0318120 secs] 5579124K->5257375K(12541952K), 0.0321650 secs] [Times: user=0.24 sys=0.00, real=0.03 secs] 
2011-03-01T04:06:00.620+0000: 11062.011: [GC 11062.012: [ParNew: 353791K->31492K(368640K), 0.0289990 secs] 5585055K->5265346K(12541952K), 0.0294820 secs] [Times: user=0.24 sys=0.00, real=0.03 secs] 
2011-03-01T04:06:01.710+0000: 11063.101: [GC 11063.102: [ParNew: 359172K->40007K(368640K), 0.0334200 secs] 5593026K->5283302K(12541952K), 0.0339270 secs] [Times: user=0.25 sys=0.00, real=0.04 secs] 
2011-03-01T04:06:03.481+0000: 11064.872: [GC 11064.872: [ParNew: 367687K->13654K(368640K), 0.0329780 secs] 5610982K->5271008K(12541952K), 0.0334590 secs] [Times: user=0.25 sys=0.00, real=0.04 secs] 
2011-03-01T04:06:05.695+0000: 11067.086: [GC 11067.087: [ParNew: 341334K->38893K(368640K), 0.0310370 secs] 5598688K->5296246K(12541952K), 0.0317890 secs] [Times: user=0.24 sys=0.01, real=0.03 secs] 
2011-03-01T04:06:07.685+0000: 11069.076: [GC 11069.077: [ParNew: 366573K->26439K(368640K), 0.0357140 secs] 5623926K->5299171K(12541952K), 0.0362630 secs] [Times: user=0.24 sys=0.00, real=0.03 secs] 
2011-03-01T04:06:09.802+0000: 11071.193: [GC 11071.193: [ParNew: 354119K->9856K(368640K), 0.0288600 secs] 5626851K->5291300K(12541952K), 0.0293600 secs] [Times: user=0.24 sys=0.00, real=0.03 secs] 
2011-03-01T04:06:11.711+0000: 11073.102: [GC 11073.102: [ParNew: 337536K->26468K(368640K), 0.0260070 secs] 5618980K->5307912K(12541952K), 0.0264850 secs] [Times: user=0.24 sys=0.00, real=0.03 secs] 
2011-03-01T04:06:13.942+0000: 11075.334: [GC 11075.334: [ParNew: 354148K->38941K(368640K), 0.0339720 secs] 5635592K->5324516K(12541952K), 0.0343980 secs] [Times: user=0.29 sys=0.00, real=0.03 secs] 
2011-03-01T04:06:16.114+0000: 11077.505: [GC 11077.505: [ParNew: 366621K->38969K(368640K), 0.0441170 secs] 5652196K->5332791K(12541952K), 0.0444630 secs] [Times: user=0.34 sys=0.01, real=0.04 secs] 
2011-03-01T04:06:18.538+0000: 11079.930: [GC 11079.930: [ParNew: 366649K->37059K(368640K), 0.0409940 secs] 5660471K->5336853K(12541952K), 0.0413320 secs] [Times: user=0.32 sys=0.00, real=0.04 secs] 
2011-03-01T04:06:19.730+0000: 11081.121: [GC 11081.122: [ParNew: 364739K->32167K(368640K), 0.0426920 secs] 5664533K->5338482K(12541952K), 0.0430370 secs] [Times: user=0.32 sys=0.01, real=0.05 secs] 
2011-03-01T04:06:21.051+0000: 11082.443: [GC 11082.443: [ParNew: 359847K->39973K(368640K), 0.0416210 secs] 5666162K->5355252K(12541952K), 0.0419630 secs] [Times: user=0.30 sys=0.02, real=0.05 secs] 
2011-03-01T04:06:22.351+0000: 11083.743: [GC 11083.743: [ParNew: 367653K->15308K(368640K), 0.0437160 secs] 5682932K->5348340K(12541952K), 0.0440620 secs] [Times: user=0.33 sys=0.01, real=0.05 secs] 
2011-03-01T04:06:23.901+0000: 11085.292: [GC 11085.292: [ParNew: 342988K->30604K(368640K), 0.0343470 secs] 5676020K->5363635K(12541952K), 0.0346890 secs] [Times: user=0.32 sys=0.00, real=0.04 secs] 
2011-03-01T04:06:25.406+0000: 11086.797: [GC 11086.797: [ParNew: 358284K->36153K(368640K), 0.0434120 secs] 5691315K->5377871K(12541952K), 0.0437550 secs] [Times: user=0.31 sys=0.00, real=0.04 secs] 
2011-03-01T04:06:26.803+0000: 11088.195: [GC 11088.195: [ParNew: 363833K->11651K(368640K), 0.0439820 secs] 5705551K->5370878K(12541952K), 0.0443260 secs] [Times: user=0.31 sys=0.00, real=0.04 secs] 
2011-03-01T04:06:29.341+0000: 11090.732: [GC 11090.732: [ParNew: 339331K->28277K(368640K), 0.0345950 secs] 5698558K->5387505K(12541952K), 0.0349400 secs] [Times: user=0.31 sys=0.00, real=0.04 secs] 
2011-03-01T04:06:30.803+0000: 11092.194: [GC 11092.194: [ParNew: 355957K->32051K(368640K), 0.0440300 secs] 5715185K->5406564K(12541952K), 0.0443750 secs] [Times: user=0.33 sys=0.00, real=0.04 secs] 
2011-03-01T04:06:32.146+0000: 11093.537: [GC 11093.537: [ParNew: 359731K->26652K(368640K), 0.0496230 secs] 5734244K->5425581K(12541952K), 0.0499660 secs] [Times: user=0.37 sys=0.00, real=0.05 secs] 
2011-03-01T04:06:33.592+0000: 11094.983: [GC 11094.984: [ParNew: 354332K->18225K(368640K), 0.0383270 secs] 5753261K->5425885K(12541952K), 0.0386660 secs] [Times: user=0.28 sys=0.00, real=0.03 secs] 
2011-03-01T04:06:34.794+0000: 11096.186: [GC 11096.186: [ParNew: 345905K->39303K(368640K), 0.0344060 secs] 5753565K->5446964K(12541952K), 0.0347480 secs] [Times: user=0.25 sys=0.00, real=0.03 secs] 
2011-03-01T04:06:35.579+0000: 11096.970: [GC 11096.971: [ParNew: 366983K->20681K(368640K), 0.0484330 secs] 5774644K->5445863K(12541952K), 0.0487790 secs] [Times: user=0.37 sys=0.01, real=0.05 secs] 
2011-03-01T04:06:36.037+0000: 11097.428: [GC 11097.428: [ParNew: 348361K->40960K(368640K), 0.0428920 secs] 5773543K->5466509K(12541952K), 0.0432350 secs] [Times: user=0.30 sys=0.00, real=0.04 secs] 
2011-03-01T04:06:36.489+0000: 11097.880: [GC 11097.881: [ParNew: 368640K->38838K(368640K), 0.0759360 secs] 5794189K->5486652K(12541952K), 0.0764720 secs] [Times: user=0.52 sys=0.02, real=0.08 secs] 
2011-03-01T04:06:36.834+0000: 11098.225: [GC 11098.226: [ParNew: 366518K->40960K(368640K), 0.1108380 secs] 5814332K->5521554K(12541952K), 0.1111780 secs] [Times: user=0.81 sys=0.00, real=0.11 secs] 
2011-03-01T04:06:37.184+0000: 11098.575: [GC 11098.576: [ParNew: 368640K->40960K(368640K), 0.0746160 secs] 5849234K->5538905K(12541952K), 0.0749600 secs] [Times: user=0.54 sys=0.01, real=0.07 secs] 
2011-03-01T04:06:37.504+0000: 11098.895: [GC 11098.895: [ParNew: 368640K->40960K(368640K), 0.0554550 secs] 5866585K->5552310K(12541952K), 0.0558000 secs] [Times: user=0.38 sys=0.00, real=0.05 secs] 
2011-03-01T04:06:37.843+0000: 11099.234: [GC 11099.235: [ParNew: 368640K->31531K(368640K), 0.0479140 secs] 5879990K->5557474K(12541952K), 0.0482990 secs] [Times: user=0.36 sys=0.00, real=0.04 secs] 
2011-03-01T04:06:38.497+0000: 11099.888: [GC 11099.888: [ParNew: 359211K->40960K(368640K), 0.0518430 secs] 5885154K->5578613K(12541952K), 0.0521960 secs] [Times: user=0.40 sys=0.00, real=0.05 secs] 
2011-03-01T04:06:38.919+0000: 11100.311: [GC 11100.311: [ParNew: 368640K->33754K(368640K), 0.0476510 secs] 5906293K->5584904K(12541952K), 0.0479910 secs] [Times: user=0.37 sys=0.01, real=0.05 secs] 
2011-03-01T04:06:39.553+0000: 11100.944: [GC 11100.944: [ParNew: 361434K->13488K(368640K), 0.0412270 secs] 5912584K->5576087K(12541952K), 0.0415650 secs] [Times: user=0.31 sys=0.00, real=0.04 secs] 
2011-03-01T04:06:40.252+0000: 11101.644: [GC 11101.644: [ParNew: 341168K->40960K(368640K), 0.0487100 secs] 5903767K->5680132K(12541952K), 0.0490490 secs] [Times: user=0.34 sys=0.00, real=0.04 secs] 
2011-03-01T04:06:40.850+0000: 11102.241: [GC 11102.241: [ParNew: 368640K->23369K(368640K), 0.0453010 secs] 6007812K->5679594K(12541952K), 0.0456600 secs] [Times: user=0.33 sys=0.01, real=0.05 secs] 
2011-03-01T04:06:41.467+0000: 11102.858: [GC 11102.858: [ParNew: 351049K->25323K(368640K), 0.0405840 secs] 6007274K->5681548K(12541952K), 0.0409190 secs] [Times: user=0.33 sys=0.00, real=0.04 secs] 
2011-03-01T04:06:42.146+0000: 11103.537: [GC 11103.537: [ParNew: 353003K->16314K(368640K), 0.0484170 secs] 6009228K->5680120K(12541952K), 0.0487510 secs] [Times: user=0.33 sys=0.00, real=0.05 secs] 
2011-03-01T04:06:42.794+0000: 11104.185: [GC 11104.185: [ParNew: 343994K->32855K(368640K), 0.0430710 secs] 6007800K->5696660K(12541952K), 0.0434070 secs] [Times: user=0.35 sys=0.00, real=0.04 secs] 
2011-03-01T04:06:43.475+0000: 11104.866: [GC 11104.867: [ParNew: 360535K->39102K(368640K), 0.0576140 secs] 6024340K->5714224K(12541952K), 0.0579550 secs] [Times: user=0.39 sys=0.02, real=0.06 secs] 
2011-03-01T04:06:44.087+0000: 11105.478: [GC 11105.478: [ParNew: 366782K->21376K(368640K), 0.0478650 secs] 6041904K->5703014K(12541952K), 0.0482040 secs] [Times: user=0.35 sys=0.02, real=0.05 secs] 
2011-03-01T04:06:44.746+0000: 11106.137: [GC 11106.137: [ParNew: 349056K->37503K(368640K), 0.0422250 secs] 6030694K->5719140K(12541952K), 0.0425660 secs] [Times: user=0.31 sys=0.00, real=0.04 secs] 
2011-03-01T04:06:45.935+0000: 11107.326: [GC 11107.326: [ParNew: 365183K->40960K(368640K), 0.0433980 secs] 6046820K->5729898K(12541952K), 0.0437450 secs] [Times: user=0.32 sys=0.00, real=0.04 secs] 
2011-03-01T04:06:46.518+0000: 11107.910: [GC 11107.910: [ParNew: 368640K->29673K(368640K), 0.0633660 secs] 6057578K->5806149K(12541952K), 0.0637130 secs] [Times: user=0.48 sys=0.00, real=0.07 secs] 
2011-03-01T04:06:47.307+0000: 11108.698: [GC 11108.698: [ParNew: 357353K->15984K(368640K), 0.0393050 secs] 6133829K->5811156K(12541952K), 0.0396430 secs] [Times: user=0.32 sys=0.01, real=0.04 secs] 
2011-03-01T04:06:47.910+0000: 11109.301: [GC 11109.301: [ParNew: 343664K->35227K(368640K), 0.0258870 secs] 6138836K->5830399K(12541952K), 0.0262290 secs] [Times: user=0.24 sys=0.00, real=0.03 secs] 
2011-03-01T04:06:48.589+0000: 11109.980: [GC 11109.980: [ParNew: 362907K->14184K(368640K), 0.0379560 secs] 6158079K->5821376K(12541952K), 0.0382940 secs] [Times: user=0.32 sys=0.01, real=0.04 secs] 
2011-03-01T04:06:49.408+0000: 11110.799: [GC 11110.799: [ParNew: 341864K->23786K(368640K), 0.0323280 secs] 6149056K->5830978K(12541952K), 0.0326740 secs] [Times: user=0.24 sys=0.00, real=0.03 secs] 
2011-03-01T04:06:50.323+0000: 11111.714: [GC 11111.714: [ParNew: 351466K->10946K(368640K), 0.0349560 secs] 6158658K->5824268K(12541952K), 0.0352970 secs] [Times: user=0.26 sys=0.00, real=0.03 secs] 
2011-03-01T04:06:51.289+0000: 11112.680: [GC 11112.680: [ParNew: 338626K->26026K(368640K), 0.0310520 secs] 6151948K->5839347K(12541952K), 0.0363240 secs] [Times: user=0.25 sys=0.00, real=0.04 secs] 
2011-03-01T04:06:52.297+0000: 11113.688: [GC 11113.688: [ParNew: 353706K->28852K(368640K), 0.0357120 secs] 6167027K->5845332K(12541952K), 0.0360760 secs] [Times: user=0.25 sys=0.00, real=0.04 secs] 
2011-03-01T04:06:53.161+0000: 11114.553: [GC 11114.553: [ParNew: 356532K->26973K(368640K), 0.0383780 secs] 6173012K->5850850K(12541952K), 0.0387200 secs] [Times: user=0.30 sys=0.00, real=0.04 secs] 
2011-03-01T04:06:54.163+0000: 11115.555: [GC 11115.555: [ParNew: 354653K->10854K(368640K), 0.0340680 secs] 6178530K->5841506K(12541952K), 0.0344060 secs] [Times: user=0.24 sys=0.00, real=0.03 secs] 
2011-03-01T04:06:54.679+0000: 11116.070: [GC 11116.070: [ParNew: 338521K->13816K(368640K), 0.0301820 secs] 6169173K->5844468K(12541952K), 0.0305540 secs] [Times: user=0.24 sys=0.00, real=0.03 secs] 
2011-03-01T04:06:55.158+0000: 11116.549: [GC 11116.549: [ParNew: 341496K->16622K(368640K), 0.0313090 secs] 6172148K->5847274K(12541952K), 0.0316590 secs] [Times: user=0.24 sys=0.00, real=0.03 secs] 
2011-03-01T04:06:55.609+0000: 11117.000: [GC 11117.000: [ParNew: 344302K->14767K(368640K), 0.0337420 secs] 6174954K->5848511K(12541952K), 0.0340950 secs] [Times: user=0.23 sys=0.01, real=0.04 secs] 
2011-03-01T04:06:55.994+0000: 11117.386: [GC 11117.386: [ParNew: 342407K->25268K(368640K), 0.0354940 secs] 6176152K->5861637K(12541952K), 0.0358510 secs] [Times: user=0.23 sys=0.00, real=0.03 secs] 
2011-03-01T04:06:56.475+0000: 11117.866: [GC 11117.867: [ParNew: 352948K->40960K(368640K), 0.0375830 secs] 6189317K->5879253K(12541952K), 0.0379330 secs] [Times: user=0.24 sys=0.00, real=0.04 secs] 
2011-03-01T04:06:56.877+0000: 11118.268: [GC 11118.268: [ParNew: 368619K->31386K(368640K), 0.0407170 secs] 6206913K->5877917K(12541952K), 0.0410720 secs] [Times: user=0.32 sys=0.00, real=0.04 secs] 
2011-03-01T04:06:57.425+0000: 11118.816: [GC 11118.816: [ParNew: 359066K->16859K(368640K), 0.0330230 secs] 6205597K->5869744K(12541952K), 0.0333980 secs] [Times: user=0.25 sys=0.00, real=0.03 secs] 
2011-03-01T04:06:57.894+0000: 11119.285: [GC 11119.285: [ParNew: 344539K->27078K(368640K), 0.0298250 secs] 6197424K->5879964K(12541952K), 0.0301820 secs] [Times: user=0.23 sys=0.00, real=0.03 secs] 
2011-03-01T04:06:58.330+0000: 11119.721: [GC 11119.722: [ParNew: 354758K->10163K(368640K), 0.0347440 secs] 6207644K->5868101K(12541952K), 0.0351160 secs] [Times: user=0.30 sys=0.00, real=0.04 secs] 
2011-03-01T04:06:59.010+0000: 11120.401: [GC 11120.402: [ParNew: 337843K->28296K(368640K), 0.0312420 secs] 6195781K->5886234K(12541952K), 0.0315960 secs] [Times: user=0.24 sys=0.00, real=0.03 secs] 
2011-03-01T04:06:59.411+0000: 11120.802: [GC 11120.803: [ParNew: 355976K->29877K(368640K), 0.0393630 secs] 6213914K->5894759K(12541952K), 0.0397250 secs] [Times: user=0.31 sys=0.00, real=0.04 secs] 
2011-03-01T04:06:59.911+0000: 11121.302: [GC 11121.302: [ParNew: 357557K->39546K(368640K), 0.0685680 secs] 6222439K->5929708K(12541952K), 0.0689340 secs] [Times: user=0.56 sys=0.00, real=0.07 secs] 
2011-03-01T04:07:00.284+0000: 11121.675: [GC 11121.675: [ParNew: 367226K->14845K(368640K), 0.0294910 secs] 6257388K->5913036K(12541952K), 0.0298470 secs] [Times: user=0.17 sys=0.00, real=0.03 secs] 
2011-03-01T04:07:00.696+0000: 11122.087: [GC 11122.087: [ParNew: 342525K->31750K(368640K), 0.0275210 secs] 6240716K->5929942K(12541952K), 0.0278740 secs] [Times: user=0.19 sys=0.00, real=0.03 secs] 
2011-03-01T04:07:01.214+0000: 11122.606: [GC 11122.606: [ParNew: 359430K->35231K(368640K), 0.0356560 secs] 6257622K->5939803K(12541952K), 0.0360130 secs] [Times: user=0.24 sys=0.00, real=0.03 secs] 
2011-03-01T04:07:02.136+0000: 11123.527: [GC 11123.528: [ParNew: 362911K->26439K(368640K), 0.0310260 secs] 6267483K->5939179K(12541952K), 0.0313660 secs] [Times: user=0.24 sys=0.00, real=0.03 secs] 
2011-03-01T04:07:03.054+0000: 11124.445: [GC 11124.445: [ParNew: 354116K->11943K(368640K), 0.0301450 secs] 6266856K->5931206K(12541952K), 0.0304940 secs] [Times: user=0.17 sys=0.02, real=0.03 secs] 
2011-03-01T04:07:03.992+0000: 11125.383: [GC 11125.383: [ParNew: 339623K->30995K(368640K), 0.0293880 secs] 6258886K->5950257K(12541952K), 0.0297270 secs] [Times: user=0.22 sys=0.01, real=0.03 secs] 
2011-03-01T04:07:05.034+0000: 11126.425: [GC 11126.425: [ParNew: 358675K->18922K(368640K), 0.0317510 secs] 6277937K->5946364K(12541952K), 0.0321010 secs] [Times: user=0.23 sys=0.00, real=0.04 secs] 
2011-03-01T04:07:05.954+0000: 11127.345: [GC 11127.345: [ParNew: 346602K->25670K(368640K), 0.0255490 secs] 6274044K->5953111K(12541952K), 0.0258930 secs] [Times: user=0.18 sys=0.00, real=0.02 secs] 
2011-03-01T04:07:07.823+0000: 11129.214: [GC 11129.214: [ParNew: 353317K->40006K(368640K), 0.0354760 secs] 6280758K->5972207K(12541952K), 0.0358260 secs] [Times: user=0.28 sys=0.00, real=0.03 secs] 
2011-03-01T04:07:09.548+0000: 11130.939: [GC 11130.939: [ParNew: 367686K->27581K(368640K), 0.0442520 secs] 6299887K->5974953K(12541952K), 0.0446130 secs] [Times: user=0.32 sys=0.00, real=0.04 secs] 
2011-03-01T04:07:11.517+0000: 11132.908: [GC 11132.908: [ParNew: 355261K->29107K(368640K), 0.0283340 secs] 6302633K->5976479K(12541952K), 0.0286810 secs] [Times: user=0.24 sys=0.00, real=0.03 secs] 
2011-03-01T04:07:13.751+0000: 11135.142: [GC 11135.143: [ParNew: 356787K->37115K(368640K), 0.0379240 secs] 6304159K->5994315K(12541952K), 0.0383330 secs] [Times: user=0.32 sys=0.00, real=0.04 secs] 
2011-03-01T04:07:16.030+0000: 11137.421: [GC 11137.422: [ParNew: 364795K->30250K(368640K), 0.0412220 secs] 6321995K->6005776K(12541952K), 0.0416890 secs] [Times: user=0.32 sys=0.00, real=0.04 secs] 
2011-03-01T04:07:18.138+0000: 11139.529: [GC 11139.529: [ParNew: 357930K->18563K(368640K), 0.0326260 secs] 6333456K->6002290K(12541952K), 0.0330930 secs] [Times: user=0.24 sys=0.00, real=0.03 secs] 
2011-03-01T04:07:19.512+0000: 11140.903: [GC 11140.904: [ParNew: 346243K->33735K(368640K), 0.0301550 secs] 6329970K->6017463K(12541952K), 0.0305030 secs] [Times: user=0.21 sys=0.00, real=0.03 secs] 
2011-03-01T04:07:20.501+0000: 11141.892: [GC 11141.892: [ParNew: 361415K->40960K(368640K), 0.0572570 secs] 6345143K->6107980K(12541952K), 0.0576060 secs] [Times: user=0.48 sys=0.00, real=0.06 secs] 
2011-03-01T04:07:21.235+0000: 11142.626: [GC 11142.627: [ParNew: 368640K->36734K(368640K), 0.0469540 secs] 6435660K->6115055K(12541952K), 0.0472960 secs] [Times: user=0.32 sys=0.01, real=0.05 secs] 
2011-03-01T04:07:21.850+0000: 11143.242: [GC 11143.242: [ParNew: 364414K->34049K(368640K), 0.0514330 secs] 6442735K->6123759K(12541952K), 0.0517710 secs] [Times: user=0.39 sys=0.01, real=0.06 secs] 
2011-03-01T04:07:22.423+0000: 11143.814: [GC 11143.814: [ParNew: 361729K->26468K(368640K), 0.0493670 secs] 6451439K->6124518K(12541952K), 0.0498340 secs] [Times: user=0.36 sys=0.00, real=0.05 secs] 
2011-03-01T04:07:23.129+0000: 11144.521: [GC 11144.521: [ParNew: 354148K->40960K(368640K), 0.0422730 secs] 6452198K->6141681K(12541952K), 0.0427670 secs] [Times: user=0.32 sys=0.00, real=0.05 secs] 
2011-03-01T04:07:23.838+0000: 11145.229: [GC 11145.229: [ParNew: 368640K->29021K(368640K), 0.0547960 secs] 6469361K->6144816K(12541952K), 0.0552680 secs] [Times: user=0.40 sys=0.00, real=0.06 secs] 
2011-03-01T04:07:24.532+0000: 11145.924: [GC 11145.924: [ParNew: 356701K->25504K(368640K), 0.0438430 secs] 6472496K->6150395K(12541952K), 0.0443090 secs] [Times: user=0.35 sys=0.00, real=0.04 secs] 
2011-03-01T04:07:26.043+0000: 11147.434: [GC 11147.435: [ParNew: 353184K->23872K(368640K), 0.0432500 secs] 6478075K->6156831K(12541952K), 0.0437140 secs] [Times: user=0.33 sys=0.00, real=0.04 secs] 
2011-03-01T04:07:27.843+0000: 11149.235: [GC 11149.235: [ParNew: 351552K->40960K(368640K), 0.0513090 secs] 6484511K->6181469K(12541952K), 0.0517730 secs] [Times: user=0.36 sys=0.00, real=0.05 secs] 
2011-03-01T04:07:30.218+0000: 11151.609: [GC 11151.609: [ParNew: 368640K->26604K(368640K), 0.0560580 secs] 6509149K->6197572K(12541952K), 0.0565260 secs] [Times: user=0.40 sys=0.01, real=0.06 secs] 
2011-03-01T04:07:30.911+0000: 11152.302: [GC 11152.302: [ParNew: 354284K->39507K(368640K), 0.0506740 secs] 6525252K->6284203K(12541952K), 0.0511330 secs] [Times: user=0.40 sys=0.00, real=0.05 secs] 
2011-03-01T04:07:31.584+0000: 11152.976: [GC 11152.976: [ParNew: 367187K->21362K(368640K), 0.0580690 secs] 6611883K->6289949K(12541952K), 0.0585650 secs] [Times: user=0.39 sys=0.01, real=0.06 secs] 
2011-03-01T04:07:32.275+0000: 11153.666: [GC 11153.667: [ParNew: 349042K->31712K(368640K), 0.0465600 secs] 6617629K->6300299K(12541952K), 0.0470210 secs] [Times: user=0.32 sys=0.00, real=0.05 secs] 
2011-03-01T04:07:32.947+0000: 11154.339: [GC 11154.339: [ParNew: 359392K->26877K(368640K), 0.0571030 secs] 6627979K->6305214K(12541952K), 0.0575640 secs] [Times: user=0.41 sys=0.00, real=0.06 secs] 
2011-03-01T04:07:33.616+0000: 11155.007: [GC 11155.007: [ParNew: 354557K->36445K(368640K), 0.0505830 secs] 6632894K->6314781K(12541952K), 0.0510470 secs] [Times: user=0.40 sys=0.00, real=0.05 secs] 
2011-03-01T04:07:34.241+0000: 11155.632: [GC 11155.632: [ParNew: 364125K->39878K(368640K), 0.0698110 secs] 6642461K->6333819K(12541952K), 0.0702780 secs] [Times: user=0.56 sys=0.00, real=0.07 secs] 
2011-03-01T04:07:35.127+0000: 11156.518: [GC 11156.519: [ParNew: 367677K->28805K(368640K), 0.0566000 secs] 6661619K->6345610K(12541952K), 0.0570650 secs] [Times: user=0.41 sys=0.00, real=0.06 secs] 
2011-03-01T04:07:35.188+0000: 11156.579: [GC 11156.579: [ParNew: 29456K->21278K(368640K), 0.0278480 secs] 6346261K->6338083K(12541952K), 0.0282430 secs] [Times: user=0.24 sys=0.00, real=0.03 secs] 
2011-03-01T04:07:35.603+0000: 11156.994: [GC 11156.995: [ParNew: 348958K->40960K(368640K), 0.0570050 secs] 6665763K->6369275K(12541952K), 0.0574700 secs] [Times: user=0.41 sys=0.00, real=0.05 secs] 
2011-03-01T04:07:36.067+0000: 11157.459: [GC 11157.459: [ParNew: 368640K->35918K(368640K), 0.0637040 secs] 6696955K->6393360K(12541952K), 0.0641770 secs] [Times: user=0.47 sys=0.00, real=0.06 secs] 
2011-03-01T04:07:36.411+0000: 11157.802: [GC 11157.803: [ParNew: 363598K->40960K(368640K), 0.0606650 secs] 6721040K->6413399K(12541952K), 0.0611680 secs] [Times: user=0.45 sys=0.00, real=0.07 secs] 
2011-03-01T04:07:36.715+0000: 11158.106: [GC 11158.107: [ParNew: 368640K->40960K(368640K), 0.0635700 secs] 6741079K->6435973K(12541952K), 0.0640370 secs] [Times: user=0.44 sys=0.00, real=0.06 secs] 
2011-03-01T04:07:37.140+0000: 11158.532: [GC 11158.532: [ParNew: 368640K->40960K(368640K), 0.0572660 secs] 6763700K->6450745K(12541952K), 0.0577290 secs] [Times: user=0.43 sys=0.00, real=0.06 secs] 
2011-03-01T04:07:37.485+0000: 11158.876: [GC 11158.876: [ParNew: 363459K->29220K(368640K), 0.0509480 secs] 6773245K->6458870K(12541952K), 0.0514130 secs] [Times: user=0.33 sys=0.00, real=0.05 secs] 
2011-03-01T04:07:37.883+0000: 11159.274: [GC 11159.274: [ParNew: 356900K->40960K(368640K), 0.0687660 secs] 6786550K->6509371K(12541952K), 0.0692310 secs] [Times: user=0.52 sys=0.00, real=0.07 secs] 
2011-03-01T04:07:38.430+0000: 11159.822: [GC 11159.822: [ParNew: 368640K->40960K(368640K), 0.0658790 secs] 6837051K->6534700K(12541952K), 0.0663470 secs] [Times: user=0.49 sys=0.00, real=0.07 secs] 
2011-03-01T04:07:38.935+0000: 11160.326: [GC 11160.326: [ParNew: 368640K->40960K(368640K), 0.0631170 secs] 6862380K->6549711K(12541952K), 0.0635950 secs] [Times: user=0.41 sys=0.00, real=0.06 secs] 
2011-03-01T04:07:39.780+0000: 11161.172: [GC 11161.172: [ParNew: 368640K->30376K(368640K), 0.0599150 secs] 6877391K->6559915K(12541952K), 0.0603790 secs] [Times: user=0.48 sys=0.00, real=0.06 secs] 
2011-03-01T04:07:41.105+0000: 11162.496: [GC 11162.497: [ParNew: 358056K->40960K(368640K), 0.0568260 secs] 6887595K->6586934K(12541952K), 0.0573080 secs] [Times: user=0.41 sys=0.00, real=0.06 secs] 
2011-03-01T04:07:42.552+0000: 11163.943: [GC 11163.944: [ParNew: 368640K->16939K(368640K), 0.0495260 secs] 6914614K->6578105K(12541952K), 0.0499870 secs] [Times: user=0.37 sys=0.00, real=0.06 secs] 
2011-03-01T04:07:43.960+0000: 11165.352: [GC 11165.352: [ParNew: 344619K->40960K(368640K), 0.0522180 secs] 6905785K->6610552K(12541952K), 0.0537970 secs] [Times: user=0.39 sys=0.01, real=0.06 secs] 
2011-03-01T04:07:45.516+0000: 11166.907: [GC 11166.907: [ParNew: 368640K->21147K(368640K), 0.0563230 secs] 6938232K->6614708K(12541952K), 0.0567750 secs] [Times: user=0.41 sys=0.00, real=0.05 secs] 
2011-03-01T04:07:46.983+0000: 11168.374: [GC 11168.375: [ParNew: 348827K->40960K(368640K), 0.0489900 secs] 6942388K->6637012K(12541952K), 0.0494640 secs] [Times: user=0.37 sys=0.00, real=0.05 secs] 
2011-03-01T04:07:48.253+0000: 11169.644: [GC 11169.645: [ParNew: 368640K->26150K(368640K), 0.0664070 secs] 6964692K->6650246K(12541952K), 0.0669220 secs] [Times: user=0.47 sys=0.00, real=0.06 secs] 
2011-03-01T04:07:50.064+0000: 11171.455: [GC 11171.456: [ParNew: 353830K->40960K(368640K), 0.0444920 secs] 6977926K->6665309K(12541952K), 0.0449530 secs] [Times: user=0.33 sys=0.01, real=0.04 secs] 
2011-03-01T04:07:52.507+0000: 11173.898: [GC 11173.898: [ParNew: 368640K->28045K(368640K), 0.0627870 secs] 6992989K->6678516K(12541952K), 0.0632480 secs] [Times: user=0.44 sys=0.00, real=0.06 secs] 
2011-03-01T04:07:54.418+0000: 11175.810: [GC 11175.810: [ParNew: 355725K->14171K(368640K), 0.0451350 secs] 7006196K->6676310K(12541952K), 0.0456160 secs] [Times: user=0.33 sys=0.00, real=0.05 secs] 
